last executing test programs:

1.658882519s ago: executing program 0 (id=31949):
r0 = syz_open_dev$dri(&(0x7f0000000000), 0xfffffffffffffffc, 0x40000)
r1 = syz_open_dev$dri(&(0x7f0000000000), 0x3fffc0, 0x48000)
ioctl$DRM_IOCTL_MODE_CREATE_DUMB(r1, 0xc02064b2, &(0x7f0000000080)={0x8, 0x4, 0x10000}) (async)
ioctl$DRM_IOCTL_MODE_CREATE_DUMB(r1, 0xc02064b2, &(0x7f0000000080)={0x8, 0x4, 0x10000})
syz_open_dev$dri(&(0x7f0000000000), 0x3fffc0, 0x48000) (async)
r2 = syz_open_dev$dri(&(0x7f0000000000), 0x3fffc0, 0x48000)
ioctl$DRM_IOCTL_MODE_CREATE_DUMB(r2, 0xc02064b2, &(0x7f0000000080)={0x8, 0x4, 0x10000, 0x0, <r3=>0x0})
r4 = syz_open_dev$dri(&(0x7f0000000000), 0xa1, 0x400)
syz_open_dev$dri(&(0x7f0000000000), 0x1, 0x2000) (async)
r5 = syz_open_dev$dri(&(0x7f0000000000), 0x1, 0x2000)
ioctl$DRM_IOCTL_SYNCOBJ_FD_TO_HANDLE_FD(r0, 0xc01864c2, &(0x7f0000000100)={<r6=>0x0})
ioctl$DRM_IOCTL_SYNCOBJ_TIMELINE_WAIT(r4, 0xc03064ca, &(0x7f0000000240)={&(0x7f0000000140)=[r6], &(0x7f0000000180)=[0x6, 0x0, 0x0], 0xe, 0x1, 0x4})
syz_open_dev$dri(&(0x7f0000000000), 0x1, 0x800) (async)
r7 = syz_open_dev$dri(&(0x7f0000000000), 0x1, 0x800)
ioctl$DRM_IOCTL_MODE_GETRESOURCES(r7, 0xc04064a0, &(0x7f0000000340)={0x0, &(0x7f0000000280)=[<r8=>0x0], 0x0, 0x0, 0x0, 0x1})
ioctl$DRM_IOCTL_MODE_GETCRTC(r5, 0xc06864a1, &(0x7f00000001c0)={0x0, 0x0, r8, <r9=>0x0})
ioctl$DRM_IOCTL_MODE_GETFB(r4, 0xc01c64ad, &(0x7f0000000040)={r9})
ioctl$DRM_IOCTL_MODE_CREATE_DUMB(r2, 0xc02064b2, &(0x7f00000001c0)={0x1, 0x1, 0x7})
syz_open_dev$dri(&(0x7f0000000000), 0x3fffc0, 0x48000) (async)
r10 = syz_open_dev$dri(&(0x7f0000000000), 0x3fffc0, 0x48000)
ioctl$DRM_IOCTL_MODE_CREATE_DUMB(r10, 0xc02064b2, &(0x7f0000000080)={0x8, 0x4, 0x10000}) (async)
ioctl$DRM_IOCTL_MODE_CREATE_DUMB(r10, 0xc02064b2, &(0x7f0000000080)={0x8, 0x4, 0x10000, 0x0, <r11=>0x0})
ioctl$DRM_IOCTL_MODE_CREATE_DUMB(r10, 0xc02064b2, &(0x7f00000001c0)={0x1, 0x1, 0x7})
ioctl$DRM_IOCTL_MODE_DESTROY_DUMB(r10, 0xc00464b4, &(0x7f0000000780)={r11})
ioctl$DRM_IOCTL_MODE_DESTROY_DUMB(r2, 0xc00464b4, &(0x7f0000000780)={r3})
ioctl$DRM_IOCTL_MODE_CREATE_LEASE(r0, 0xc01864c6, &(0x7f00000000c0)={0x0, 0x0, 0x800})

1.504202044s ago: executing program 0 (id=31951):
ioctl$DRM_IOCTL_PRIME_HANDLE_TO_FD(0xffffffffffffffff, 0xc00c642d, &(0x7f0000000000)={0x0, 0x80000, <r0=>0xffffffffffffffff})
ioctl$DRM_IOCTL_MODE_GET_LEASE(0xffffffffffffffff, 0xc01064c8, &(0x7f0000000080)={0x5, 0x0, &(0x7f0000000040)=[<r1=>0x0, 0x0, 0x0, <r2=>0x0, <r3=>0x0]})
ioctl$DRM_IOCTL_MODE_GETRESOURCES(0xffffffffffffffff, 0xc04064a0, &(0x7f00000001c0)={&(0x7f00000000c0)=[0x0, 0x0, 0x0, 0x0, 0x0, 0x0, 0x0, <r4=>0x0], &(0x7f0000000100)=[0x0], &(0x7f0000000140)=[0x0, 0x0, 0x0, 0x0, 0x0, 0x0, 0x0, 0x0, 0x0], &(0x7f0000000180)=[<r5=>0x0, 0x0, <r6=>0x0, 0x0, 0x0], 0x8, 0x1, 0x9, 0x5})
ioctl$DRM_IOCTL_MODE_GETPLANE(r0, 0xc02064b6, &(0x7f0000000240)={r3, 0x0, r4, 0x0, 0x0, 0x5, &(0x7f0000000200)=[0x0, 0x0, 0x0, 0x0, 0x0]})
ioctl$DRM_IOCTL_GEM_CLOSE(r0, 0x40086409, &(0x7f0000000280))
ioctl$DRM_IOCTL_WAIT_VBLANK(r0, 0xc018643a, &(0x7f00000002c0)={0x8000000, 0xffff, 0xff})
r7 = openat$drirender128(0xffffffffffffff9c, &(0x7f0000000300), 0x80000, 0x0)
ioctl$DRM_IOCTL_MODE_GETCRTC(r0, 0xc06864a1, &(0x7f0000000380)={&(0x7f0000000340)=[0x0, 0x0, 0x0, 0x0], 0x4, r1, <r8=>0x0})
ioctl$DRM_IOCTL_MODE_GETFB(r7, 0xc01c64ad, &(0x7f0000000400)={r8})
ioctl$DRM_IOCTL_AGP_ALLOC(r0, 0xc0206434, &(0x7f0000000440)={0x4})
ioctl$DRM_IOCTL_SYNCOBJ_FD_TO_HANDLE_FD(r0, 0xc01864c2, &(0x7f0000000480)={<r9=>0x0})
ioctl$DRM_IOCTL_SYNCOBJ_FD_TO_HANDLE_FD(r7, 0xc01864c2, &(0x7f00000004c0)={<r10=>0x0})
ioctl$DRM_IOCTL_SYNCOBJ_FD_TO_HANDLE_FD(r7, 0xc01864c2, &(0x7f0000000500)={<r11=>0x0})
ioctl$DRM_IOCTL_SYNCOBJ_CREATE(r7, 0xc00864bf, &(0x7f0000000540)={<r12=>0x0, 0x1})
ioctl$DRM_IOCTL_SYNCOBJ_CREATE(r7, 0xc00864bf, &(0x7f0000000580)={<r13=>0x0, 0x1})
ioctl$DRM_IOCTL_SYNCOBJ_CREATE(r7, 0xc00864bf, &(0x7f00000005c0)={<r14=>0x0, 0x1})
ioctl$DRM_IOCTL_SYNCOBJ_FD_TO_HANDLE_FD(r0, 0xc01864c2, &(0x7f0000000600)={<r15=>0x0})
ioctl$DRM_IOCTL_SYNCOBJ_FD_TO_HANDLE_SYNC_FILE(r0, 0xc01864c2, &(0x7f0000000640)={<r16=>0x0})
ioctl$DRM_IOCTL_SYNCOBJ_WAIT(r0, 0xc02864c3, &(0x7f00000006c0)={&(0x7f0000000680)=[r9, 0x0, r10, r11, r12, r13, 0x0, r14, r15, r16], 0xd5, 0xa, 0x4})
r17 = syz_open_dev$dri(&(0x7f0000000700), 0x21ebe17, 0x400000)
ioctl$DRM_IOCTL_PRIME_FD_TO_HANDLE(r7, 0xc00c642e, &(0x7f0000000740)={0x0, 0x0, r0})
r18 = syz_open_dev$dri(&(0x7f0000000780), 0x6d, 0x40200)
ioctl$DRM_IOCTL_MODE_SETPLANE(r18, 0xc03064b7, &(0x7f00000007c0)={r2, r1, r4, 0xea, 0x2, 0x4, 0x6, 0x7, 0x2, 0x6, 0x400, 0x6})
ioctl$DRM_IOCTL_GEM_OPEN(r17, 0xc010640b, &(0x7f0000000800))
ioctl$DRM_IOCTL_SYNCOBJ_HANDLE_TO_FD_FD(r17, 0xc01864c1, &(0x7f0000000840))
ioctl$DRM_IOCTL_AGP_ALLOC(r0, 0xc0206434, &(0x7f0000000880)={0x100000001, 0x0, 0x10000})
ioctl$DRM_IOCTL_SYNCOBJ_WAIT(r0, 0xc02864c3, &(0x7f0000000900)={&(0x7f00000008c0)=[r12, r13, r16, r14, r15], 0x1, 0x5, 0x6})
ioctl$DRM_IOCTL_MODE_CREATE_LEASE(r7, 0xc01864c6, &(0x7f0000000980)={&(0x7f0000000940)=[r5, r6], 0x2, 0x400, 0x0, <r19=>0xffffffffffffffff})
ioctl$I2C_RETRIES(r19, 0x701, 0x4)
syz_open_dev$dri(&(0x7f00000009c0), 0x9, 0x103102)

1.344621794s ago: executing program 0 (id=31953):
r0 = syz_open_dev$dri(&(0x7f0000000000), 0x1, 0x101000)
ioctl$DRM_IOCTL_MODE_GETCRTC(0xffffffffffffffff, 0xc06864a1, 0x0)
ioctl$DRM_IOCTL_SYNCOBJ_FD_TO_HANDLE_FD(r0, 0xc01864c2, 0x0)
ioctl$DRM_IOCTL_MODESET_CTL(r0, 0x40086408, 0x0)
ioctl$DRM_IOCTL_MODE_GETRESOURCES(r0, 0xc04064a0, 0x0)
ioctl$DRM_IOCTL_MODE_CREATE_LEASE(r0, 0xc01864c6, &(0x7f0000001f40)={&(0x7f0000001f00)=[0x0, 0x0], 0x2, 0x80000})
r1 = syz_open_dev$dri(&(0x7f0000000000), 0x1, 0x101000)
ioctl$DRM_IOCTL_MODE_GETRESOURCES(r1, 0xc04064a0, &(0x7f0000000d80)={0x0, 0x0, &(0x7f0000000d00)=[<r2=>0x0], 0x0, 0x0, 0x0, 0x1})
ioctl$DRM_IOCTL_MODE_GETCONNECTOR(r1, 0xc05064a7, &(0x7f00000001c0)={0x0, 0x0, 0x0, 0x0, 0x0, 0x0, 0x0, 0x0, r2})
ioctl$DRM_IOCTL_MODE_GETCONNECTOR(r1, 0xc05064a7, &(0x7f0000000240)={&(0x7f0000000040)=[0x0, 0x0], &(0x7f0000000080)=[{}, {}], &(0x7f0000000140)=[0x0, 0x0, 0x0, 0x0], &(0x7f0000000180)=[0x0, 0x0], 0x2, 0x4, 0x2, <r3=>0x0, r2})
ioctl$DRM_IOCTL_MODE_GETRESOURCES(0xffffffffffffffff, 0xc04064a0, &(0x7f0000000600)={0x0, 0x0, &(0x7f0000000580)=[<r4=>0x0], 0x0, 0x0, 0x0, 0x1})
ioctl$DRM_IOCTL_MODE_OBJ_GETPROPERTIES(0xffffffffffffffff, 0xc02064b9, &(0x7f0000000500)={0x0, 0x0, 0x0, r4, 0xc0c0c0c0})
r5 = syz_open_dev$dri(&(0x7f0000000000), 0x2, 0x20001)
ioctl$DRM_IOCTL_MODE_MAP_DUMB(r5, 0xc01064d2, &(0x7f0000000140)={0x0, 0x3f00})
ioctl$DRM_IOCTL_MODE_DESTROY_DUMB(r5, 0xc00464b4, &(0x7f0000000080))
syz_open_dev$dri(&(0x7f0000000840), 0x2, 0x80900)
ioctl$DRM_IOCTL_MODE_GETENCODER(r1, 0xc01464a6, &(0x7f00000002c0)={r3})

1.221725478s ago: executing program 0 (id=31956):
r0 = syz_open_dev$dri(&(0x7f0000000000), 0xfffffffffffffffc, 0x0)
r1 = syz_open_dev$dri(&(0x7f0000000000), 0x1, 0x101000)
r2 = syz_open_dev$dri(&(0x7f0000000000), 0x1, 0x2000)
r3 = syz_open_dev$dri(&(0x7f0000000000), 0x1, 0x101000)
ioctl$DRM_IOCTL_MODE_GETRESOURCES(r3, 0xc04064a0, &(0x7f0000000d80)={0x0, 0x0, &(0x7f0000000d00)=[<r4=>0x0], 0x0, 0x0, 0x0, 0x1})
ioctl$DRM_IOCTL_MODE_GETCONNECTOR(r2, 0xc05064a7, &(0x7f00000002c0)={0x0, 0x0, &(0x7f0000000140)=[<r5=>0x0], &(0x7f0000000200), 0x0, 0x1, 0x0, 0x0, r4})
ioctl$DRM_IOCTL_MODE_GETPROPERTY(r3, 0xc04064aa, &(0x7f0000000240)={0x0, 0x0, r5, 0x0, '\x00', 0x0, 0x3c})
r6 = syz_open_dev$dri(&(0x7f0000000180), 0x0, 0x1)
ioctl$DRM_IOCTL_MODE_CREATE_DUMB(r6, 0xc02064b2, &(0x7f0000000000)={0x9, 0x8000, 0x7, 0x0, <r7=>0x0})
ioctl$DRM_IOCTL_MODE_DESTROY_DUMB(r6, 0xc00464b4, &(0x7f0000000780)={r7})
ioctl$DRM_IOCTL_SET_CLIENT_CAP(r1, 0x4010640d, &(0x7f0000000040)={0x12})
ioctl$DRM_IOCTL_MODE_CREATEPROPBLOB(r0, 0xc01064bd, &(0x7f0000000180)={&(0x7f0000000080)="7c2772857a834be7ae4d44d445cf9005999d5e56438892322b2223a8aaaf9e9f14a4b2fd8f003c5fc63d45c1284d4415120f0f47da6951fb126bf521dc909d6e7ec264529cc196ac9ee1382d36f63eda11484bd7668d5ccf64cf963a2818cfc4fa70eac3ef17b361938f4e7f0057adae5fcf13357a6af880bf70e132cc8655cfc24841ec657da1d381584e00fe0891949c717f9fc004f503131ab7f85d821ba515686ef591c936b831c077a03a13cd7894151eef069b62a937663176b4a373018f", 0x2000000})
r8 = syz_open_dev$I2C(&(0x7f0000000000), 0x0, 0x80)
ioctl$I2C_TENBIT(r8, 0x40086602, 0x200000f7ffff)
syz_open_dev$dri(&(0x7f0000000280), 0x4, 0x8000)
r9 = syz_open_dev$I2C(&(0x7f0000000200), 0x4, 0x2200)
r10 = syz_open_dev$dri(&(0x7f0000000800), 0x2, 0x20242)
ioctl$DRM_IOCTL_MODE_GETPROPERTY(r10, 0xc04064aa, &(0x7f0000000a00)={0x0, 0x0})
r11 = syz_open_dev$dri(&(0x7f0000000000), 0xa, 0x1)
ioctl$DRM_IOCTL_SET_SAREA_CTX(r11, 0x4010641c, 0x0)
openat$drirender128(0xffffffffffffff9c, &(0x7f00000001c0), 0x101000, 0x0)
ioctl$I2C_TENBIT(r9, 0x704, 0x0)

1.09416507s ago: executing program 1 (id=31961):
ioctl$DRM_IOCTL_SYNCOBJ_SIGNAL(0xffffffffffffffff, 0xc01064c5, &(0x7f0000000500)={0x0}) (async)
r0 = syz_open_dev$dri(&(0x7f0000000000), 0xfffffffffffffffc, 0x40000)
r1 = syz_open_dev$I2C(&(0x7f0000000000), 0x0, 0x80)
ioctl$I2C_TENBIT(r1, 0x704, 0x1)
r2 = syz_open_dev$I2C(&(0x7f0000000000), 0xb1c6, 0x8200) (async)
r3 = syz_open_dev$dri(&(0x7f0000000f40), 0x0, 0xa0a03)
ioctl$DRM_IOCTL_MODE_CREATE_DUMB(r3, 0xc02064b2, &(0x7f0000001200)={0x365d, 0x4c, 0xffffff6f})
ioctl$I2C_SMBUS(r2, 0x720, &(0x7f0000000200)={0x1, 0x4, 0x6, &(0x7f00000001c0)={0x22, "c1c5ada2772dec7ffb9d0bba1cf1ae0b8aee053dc3c2e57b93b870fef7fa149c86"}})
ioctl$DRM_IOCTL_MODE_CREATE_LEASE(r0, 0xc01864c6, &(0x7f00000000c0)={0x0}) (async, rerun: 32)
ioctl$DRM_IOCTL_PRIME_HANDLE_TO_FD(0xffffffffffffffff, 0xc00c642d, 0x0) (rerun: 32)
r4 = syz_open_dev$dri(&(0x7f0000000000), 0xfffffffffffffffc, 0x40000) (async)
ioctl$DRM_IOCTL_SYNCOBJ_HANDLE_TO_FD_FD(0xffffffffffffffff, 0xc01864c1, 0x0)
ioctl$DRM_IOCTL_SYNCOBJ_FD_TO_HANDLE_FD(r4, 0xc01864c2, &(0x7f0000000200)) (async)
r5 = openat$drirender128(0xffffffffffffff9c, 0x0, 0x800, 0x0)
ioctl$DRM_IOCTL_MODE_DESTROY_DUMB(0xffffffffffffffff, 0xc00464b4, &(0x7f0000000780)) (async)
syz_open_dev$dri(0x0, 0x2b2c, 0x80002)
r6 = syz_open_dev$dri(&(0x7f0000000040), 0x50dd, 0x44000)
ioctl$DRM_IOCTL_MODE_GETFB2(r6, 0xc06864ce, 0x0)
ioctl$DRM_IOCTL_PRIME_FD_TO_HANDLE(0xffffffffffffffff, 0xc00c642e, &(0x7f00000002c0)={<r7=>0x0, 0x0, r5})
ioctl$DRM_IOCTL_MODE_ADDFB2(r6, 0xc06864b8, &(0x7f0000000380)={0x0, 0x6e, 0x8, 0x3, 0x1, [0x0, 0x0, r7], [0x8, 0x4, 0x84, 0x11], [0x101, 0x5, 0x800, 0xb], [0x0, 0x9, 0x7, 0x3]})
ioctl$DRM_IOCTL_WAIT_VBLANK(r6, 0xc018643a, &(0x7f0000000cc0)={0x10000000, 0x100ae1, 0x6})

981.249109ms ago: executing program 2 (id=31963):
r0 = syz_open_dev$dri(&(0x7f0000000000), 0xa, 0x1)
ioctl$DRM_IOCTL_AGP_ALLOC(0xffffffffffffffff, 0xc0206434, &(0x7f0000001100)={0x5, <r1=>0x0, 0x1})
ioctl$DRM_IOCTL_AGP_FREE(r0, 0x40206435, &(0x7f0000001140)={0x0, r1})
r2 = syz_open_dev$I2C(&(0x7f0000000000), 0x875a, 0x20801)
ioctl$I2C_RDWR(r2, 0x707, &(0x7f0000001080)={&(0x7f0000001040)=[{0x8, 0x0, 0x1000, &(0x7f0000000040)="aca446ee7ea1d2a8300be43bafd494cacdfa8308644b2eda3e5607b8eb7bf5d1ccfac13fbe3482b102085c8ed2931f3fc0933a3765d206bf980b43b51334f8fd409af923ef68e30964d8e404e4352fc16818bcb1e62aed2e53d51b7ed7608099f57a6ae8d5a3450922ee4ff0333dceafae3d04ce38f369eba0b48bcd0bb24444cf82b86fc32ef577a1729c1473208a704beabaf1431dfd2da75f640600e1286e57dfde6d65da9ef80e6ce797435522fb8378c8a60a1b5ff79226d0f680cdd3b5acc951d1b57fd44bba4cab35911c63247236fcd7d915e4f22bf5cb46fca822223b948bcc1bde3c73ea54ac1e0c07118afd5bc986a5e66079a4c729149a7abf5f4fb435672c7050a23e52404f0cc4881999edcd15bd6da56f3e1b8e06306be95c0bd4b5e6138735e103b365cef6092541f9eaf8f240358558115b8dafb79ab057320f69e7e4caced4c9a735095d554b94c4eb0999c4b13792b98098d3e24267f10bdd995faa8caa18d7e40a5d1fcb75fd723f17804c25b5696a3f88949aba124c1d6d3fb09151ef25c3fa0b301f9f9cb8437aedab63e18880da18be9fed98f488b8586350e62f582a73adefd79be1e11ebbd91c8b028b4602fd136a63bbb5fa5748d8aeef2d2ebd2166894730afcc8e6eaf8230f98576e8454cff87150f1936a848cbabc1a6c25dbd84072bae7c49baa100db316aadaf9e8bf4b49a0a050b1a993b35b77c07f070ff999eb6c07b14f9110f2613539bb5f41392a48c90241bd24457ceac08652e30d7206b7d3a25245d637fad8db98aadf6bd8875a07a5f1fb1c7326b8a7aabb0fb945307a1cff364606c9da231420369981ee50679dfabbbccf7390ad9883b975a679d9dbb47a7760c34ec8ee6fdaad867e86ede9cf5d8149d42f8337fd5b5cfd7b771c7ce5b27b9f9d2e057a4a5839811883107af1e65189ddd523d9ddc1447eaec59bf1ca3d51c5a5ca174094a7bd35dacff8e2bc7381b7ad79926c1f22f479469f14c049ea08a64a8944da7e7e3961a5dd5f15652e2f4115df168f2f3287bee89b7e813fb359a89819202bcefdea3ef051ce80e2b8fa4b81281de4996444ba7adf8dc4bde6027069e1104dcc19866e803266995368d4ec9a5da61f8c9d27000ae603eda1ead8740447a54a6851e4a215ccdecb27ae3474798f80a7aa997c620e1113493ad8270aaae23fbf22f600c299f5c7d1c3b49b3c4af20d20a5eb3540bd771265585a434d465e4071f97f6e10698822ca4ebb291d31809a175fa85dfba6a9bd3ad92fefd56962cf026bf0b3b28e813ff7785f5d8102be2493e896f526cda2f66110c74b1ad61c85cd6628e4bdaa46df193ffe53c0d663a3ad3b4d625eb34900aeb4b93ae19ec16b0a60e17e4b0ffa87ae09e58b3d78116d4fe3838d3bcdd57e02276f17eac55d7de1456d5b0fcc9a2768800942a2341daf653a31e36cd63b20cc0aa0d71c374ec9e6a4b228a4ea4c1634007945b7f4f77c0f40af056884e8c6d9945031bbd78280b5a7e40bab54daee853ea38e330890f26154d487c07a563f99a2ec49ee948742975275836521595ab3f98b99d0ae5e4da78fa20d10cc23e123d974f43c4d3d63426a513a8679d7bfdb77aa176792c33901085c626b826040067c91010f452c5965affa77b9d42df3c4e0db2b0c58902b66ad17006cf7bf0b4ce6aea5544aece148c42f2087052e0a946bcc740a8e66ba2e411f9e8b3774128393b75f270f9f521387e8d3d0d5a132dffc36030f0112096865cdeee9c22c676d507585185b7d9bb7982d1495ceee507ff888e8f5bff9275bb289ec09d5588be195d1def87c4b6e440ce767ce2cdf1ded3f8c588485c9aad909993b6f43ff0c501e192f904149d1ea8d7a10ab35e40e3bf7c391479aee11aff82f92e446d35c1e48984c165c28bcc16f3f03882248e72242ad27db16b26bdc0b973ffe44af2e18a9fc0bf3b1beac19c116009d5322cd349cbe618e89f34cefdf8161356c8db561c6501e2baf380da162ecfe7828512b67a4b1158a9ec5d403ff2c5c85cae7772ead17d5d5fe984f4e6cbdd99a62bf80cf0181dae046580d8724096fedfe179362eeaf19ca58ded8b39dbf2ff8136a4e614eccc480a7a9b6a1bbd5e47a8a92dc1c0fdc1b7c71c014655929706d7af213dfccadf697d68011844e9d43d248c55f61374393cf0245c68d7497378640a461bbdff9a2b55c1ff8a9817f362b173d7dd2a67a6df755f0d40bba87e44b59cb9d1645994697a1ae99b57e0ab5ee80a3f6259b1fae669508df571d433f5f7e6e3bec178b3a8033fb9de6f342abe9b34304e1c329c95f19d099109e244c1a4a5ad32e81efb400fb2dcdecb8c67e857629fc6194ce7a49111aa8f4d3eb3cc6004b12f405549316bc91a96275eabd68ce67eade43fe9fba01d16d267982817def25ab60ba36e874343c3fdee069ce95ce43d36a43f5be282db99a67e85e8fe9c5bdf31b0d0616ac9d91dfd10ff01aa2685360baf24fcc19bd010f569c339fb8a88e67cce72ae8740c9d26c18c5996681c764efa8e62024174b7c8e5a37f1448f04359cb3dbb4e2225cc64179d13227efa633805733f10b254ae23708255501bcc5a0d7a18a9897f095f5949d99971a667b138fd8bdab192154d5621d282a074ccd113febe84056e5fbc5481d0f95d04b80a5fd1cdf683a6cba23faace6b10d8c8d130447e2bae4f28b4b9a2b9c993900946aae147b17ff54acd184b66c961a4798455f4252616052732ca911466cf83a96c695b8c517aef4f796308a18962dfa1a58a3d8b7bc9b66c6dbd78cda980c61d1d3e456cc63aaa32d055f0e4f0f721c89b886028a584481b6a9979f95993fc778b2fc96b2b31b5e4ab3332ce0e78430393cb156c17ca5aef91050e72f8b96a901fbd04e4cd00d70c5bdb837f55f3f917ad45408c59424899823eecef136d126083b6487a478596f10e7001c6bd0b35d938c476c237cfc85c0b4fef5676cfeaaea8660d562415fb3f2dc4a2734a06eca87b90f59b8262982226c194cf1664f93a2c325b32424317b41649d919187f9db929c63fcb60abdfc6b44bc11a0496281646a3d6bedc12f4300cc0742a9e04ed5ba66cf08a8e592193e48296561cb7f2586fb9f113d38cab1e0689d7e453c64de1e55880e6c6d1beeadd60565b5d732622b6974d6744dae397058e4b9d19c3cb20e04bc03510c735c800cd1ec753867d4bb50d1d3e92eea552c46f7d55261fa4478a7f252dfe31ee578e0da92d7b6736aafe721f140bc1dc2c4cc78e910476a8903b70774bcd4135133c2acbfd4dfbc24cfb1789463a716ff233fa174b7f0d32d0639eb34e80e41328d0ef8001d16f739949f3c6b68e517cc96b51ec12f62f686916755d383e98228865ff410c09a21362e7761f579dd3e74feb0c7513e36f553c83e76006707478d4182dd6ec4b977a00e12f397edc22f08dea34de167a10528213c0bc80484b2c5389569a0d9c447cae8493f8cb4c206e7eea065529069184c37c5e68752941ec6762886ac131687e5841b716776a6dad512a883eb16c264bf752fb05690583f3a840a8381520a9cd11cbd18371b5061202d05c33e83907fff191b9323344a815d81d6583d424a9c910a0d60b8698ed8167ba96af32905b18ec253bfd8aedb22e49e9b5853811da93b5ce80dd3d76777405693d1fbce46fb45dc56b302eca729cda9bade360df6b74bdf03d09de8036d8be6c13bd8e7a247307646f5fde80e9310dce69d4d4dc60cf88162b5a1a3905a47e63f96ea6f002c9c0a8380278a9e67d698ed7fb987105dfe8e2cc51b79c0765775429f493f77170b2d557e1713ea47efbddc99b44e654cf0ae82116e0a6338a4a183bc9d40478ecf84f8a3f7b3dd44295308ed57b8dffcba105c780bac830f602a14ba18330df11a81e817287134a24519ceb923357943c829b39b9e18c09c40068b4c2d62a1e05737ecc5c01cad699f68576a250902b505fab82dd05cfffb61c61e549d7aa729bae6921ccc26847c85ec800e20ca5b67ddf8362934255c14933c82552aefbdcfb83f18eb5fdf4ac3f84d27804633361bb796ad299d31d7fd5613a0903198073b2ff3d255af8106e8e56cc153128f5b0cf617973835ba05d158dd55cfad95b74f10af89d67275b7e18d0a92fe6bc92c24fc4d8217e4cfa09e8b153a6136a95a3d63377a61ad29baf303666d42bd6036b1acaa6ac1e7fc2bb6dda4dc9ec81645ebde58045694588c8cbe0496937d38627ebd47e5ed1dd5f15143da1b592b8dad33c5f8865ddf12f31051e308827ed1abad002c757f05eaa03d81e866af20c53aa16505357c9f23ca85d5d6702c25f1a96cc9a076787a8323945840cda9fb8e214eeccae1407f657ac5718a4ccb68b3028caed557fa927200598e2d6f6c25e22e1add0ca88db98d6596999dbf04a8358c8fec75585006af416af1fd106503d6b33634d329d15ee7b2347e2c6bded27c3499453d538bbe3e591d638fd6b47c1841eace49d76fe611dde96ff336a850ca3ef3acf8bd5caed9edf83821db8dcdb2c57200530185038cf96e4846f4706e2d60a61c6708184ab19745d9c4a146295fa76727f39f67aaf58f3c93c44129eb8f233d6d400ea5fa25b2d472fe9b80037d65ff8840c70c78bb3dc8ea3059d4e13cebacc2f2bea1d6a0894b86938252c2f6e8b6db56aa8c92ef328ffa5e821afe85112b50e716a386035b6f2758920e6d6d7f78f0c1446e2c57c74ce8612d2561da8adb5e4942edec0374dbf0864564ff75a41c0e96ec806bc71546735ce793a19f26f74390a847a57a29a59d24e9ec664916e3c6d83b186db419e0d34868356e058cb831ed00fa2d5de214fb9d81095979a6ee7fd85920b142badf09e49ef67fd77f1ee205730b9442257026f14960970e99f633c5e41c3cf89de5455fa122c104cd7c08ae7c9eb7db894f82e9d6250976688f9aefbcb79a51997db19b18b4d5846b9e7fbe2bd522b0c6e719e894efbfa3df33edf616801ab10740de04fd064a2fa2624c0b57abdc185ac8dd2491907d3c794ee43c546ccb91938db1f3d53fb2f9a8946045189188bea61034d6fc4b314371f084543eabfb138f1a73bdeb1047d0eb3cbfd5af61441da90a2703bb59b20f0e4fd4e5a722ffdf14c5bef809c436aa23a5498316f26a0b04972fd90c0858dc418cfc780d486a70fffe7b0d510fdd0fb5df843d51b59c91497220a0f163c490547983122e805fa823549e4768eabc5b0654c4d7d3ec93b29c490d7950c3d9adf15c2b8b932d98f9d9bf0de5f5f196249d866c8b15ebcc7d638ee356c5a4f9743a024f327fdb856910087ceec8a8a23e0faecced7a7bf5f36efc0c884f94cc176f3ae8562d11e6ff9a35db4f91e5b9fd978b2bab53c55a08a93f61ba92cab80fa2a3b54d915b37d587a20ed295ffbedee296b5ec559e1d62d66d525339ff9f5a60cf8700adc28718fa3ad47600e8da5481df3092fa38d1ade702190e3def8eaccf747c86e2271d81e5933b80d79c959dbbd04193877ec2892b9a59414acbba1f60fffbf30fa9e19d9bfff6b1f40a8e6a089173131c934bc5df26560e1bbe7c5d88a6a1c8ab7d0d64dd31d34ec6523e4e6bb3c2c5ff1a83d48413dae4ac685f617814ebb0573eb3a8f80fa6f50cf26200a535edd3d239a7c29f76e3f6d25c3bad07645ea7a483a0e55d36d74b8c34aa852d6bef502cad38677e0ba6fef72122482d8f87260e2cbeb0d377e1aa7fce6b4b35513f5b61c2540c6fc02724b029f353f3ca5110c88fbdf7edee9f03"}], 0x1})
syz_open_dev$dri(&(0x7f00000010c0), 0x3, 0x80400)
ioctl$I2C_TENBIT(r2, 0x80111500, 0x7ffffffff000)
ioctl$DRM_IOCTL_SET_SAREA_CTX(r0, 0x4010641c, 0x0)

852.305961ms ago: executing program 3 (id=31964):
syz_open_dev$dri(&(0x7f0000000040), 0x70, 0x82100)
r0 = syz_open_dev$dri(&(0x7f0000000000), 0x6, 0x8000)
r1 = syz_open_dev$I2C(&(0x7f0000000000), 0x0, 0x84880)
ioctl$I2C_TENBIT(r1, 0x40086602, 0x200000ffffff)
ioctl$DRM_IOCTL_SYNCOBJ_CREATE(0xffffffffffffffff, 0x5450, 0x0)
r2 = syz_open_dev$dri(&(0x7f0000000000), 0x1, 0x2000)
r3 = syz_open_dev$dri(&(0x7f0000000000), 0x1, 0x2000)
ioctl$DRM_IOCTL_MODE_GETRESOURCES(r3, 0xc04064a0, &(0x7f0000000340)={0x0, &(0x7f0000000280)=[0x0], 0x0, 0x0, 0x0, 0x1})
r4 = syz_open_dev$dri(&(0x7f0000000000), 0xa1, 0x400)
ioctl$DRM_IOCTL_MODE_GET_LEASE(r4, 0xc01064c8, &(0x7f0000000080)={0x1, 0x0, &(0x7f0000000040)=[0x0]})
ioctl$DRM_IOCTL_MODE_CREATE_LEASE(0xffffffffffffffff, 0xc01864c6, &(0x7f0000000280)={&(0x7f0000000240)=[0x0, 0x0, 0x0], 0x3, 0x800, 0x0, <r5=>0xffffffffffffffff})
r6 = syz_open_dev$dri(&(0x7f0000000000), 0x1, 0x2000)
ioctl$DRM_IOCTL_MODE_GETENCODER(r6, 0xc01464a6, &(0x7f00000000c0))
ioctl$DRM_IOCTL_MODE_GETRESOURCES(r0, 0xc04064a0, &(0x7f0000000380)={&(0x7f00000001c0)=[<r7=>0x0, 0x0], &(0x7f0000000200)=[0x0, 0x0, 0x0, 0x0, 0x0], &(0x7f00000002c0)=[0x0, 0x0, 0x0, 0x0, 0x0], &(0x7f0000000300), 0x2, 0x5, 0x5})
ioctl$DRM_IOCTL_PRIME_FD_TO_HANDLE(r4, 0xc00c642e, &(0x7f00000003c0)={<r8=>0x0, 0x0, r0})
ioctl$DRM_IOCTL_PRIME_FD_TO_HANDLE(0xffffffffffffffff, 0xc00c642e, &(0x7f0000000400)={<r9=>0x0, 0x0, r3})
r10 = syz_open_dev$dri(&(0x7f0000000000), 0x1, 0x22000)
ioctl$DRM_IOCTL_MODE_SETPLANE(r10, 0xc03064b7, &(0x7f0000000140)={0x0, 0x0, 0x0, 0x7ff, 0x7c8, 0xfffffff9, 0x3, 0x4d, 0xfffffffa, 0x971, 0x3, 0x8})
ioctl$DRM_IOCTL_PRIME_FD_TO_HANDLE(0xffffffffffffffff, 0xc00c642e, &(0x7f0000000440)={<r11=>0x0})
r12 = openat$drirender128(0xffffffffffffff9c, 0x0, 0x800, 0x0)
r13 = syz_open_dev$dri(&(0x7f0000000000), 0x50dd, 0x0)
ioctl$DRM_IOCTL_WAIT_VBLANK(r13, 0xc018643a, &(0x7f0000000cc0)={0x1, 0x0, 0x401})
r14 = syz_open_dev$dri(&(0x7f0000000540), 0x100000001, 0x111000)
ioctl$DRM_IOCTL_MODE_GETFB2(r14, 0xc06864ce, 0x0)
ioctl$DRM_IOCTL_GEM_OPEN(r5, 0xc010640b, &(0x7f0000000300)={0x0, <r15=>0x0})
ioctl$DRM_IOCTL_GEM_CLOSE(r0, 0x40086409, &(0x7f0000000500)={r15})
ioctl$DRM_IOCTL_PRIME_FD_TO_HANDLE(0xffffffffffffffff, 0xc00c642e, &(0x7f00000002c0)={<r16=>0x0, 0x0, r12})
ioctl$DRM_IOCTL_MODE_ADDFB2(r14, 0xc06864b8, &(0x7f0000000380)={0x0, 0x6e, 0x8, 0x3, 0x1, [0x0, 0x0, r16], [0x48, 0x4, 0xffff14a0, 0x101], [0x101, 0x5, 0x5493, 0x4], [0x0, 0x9, 0x7, 0x3]})
ioctl$DRM_IOCTL_MODE_ADDFB2(r2, 0xc06864b8, &(0x7f0000000480)={r7, 0xff, 0x6, 0x9, 0x1, [r8, r9, r11, r16], [0x8, 0x0, 0x7, 0x3], [0x2fd3, 0x1, 0xd, 0x3], [0x8, 0x5, 0x0, 0x5]})
syz_open_dev$dri(&(0x7f0000000000), 0xfffffffffffffffc, 0x0)

851.59798ms ago: executing program 2 (id=31965):
r0 = syz_open_dev$dri(&(0x7f0000000000), 0x1, 0x101000)
ioctl$DRM_IOCTL_MODE_RMFB(r0, 0xc00464af, &(0x7f0000000700))
r1 = syz_open_dev$dri(&(0x7f0000000f40), 0x0, 0xa0a03)
ioctl$DRM_IOCTL_MODE_CREATE_DUMB(r1, 0xc02064b2, &(0x7f0000001200)={0x365d, 0x4c, 0xffffff6f})
ioctl$DRM_IOCTL_SYNCOBJ_FD_TO_HANDLE_FD(r1, 0xc01864c2, &(0x7f0000000000))
syz_open_dev$dri(&(0x7f0000000000), 0x1, 0x101000) (async)
ioctl$DRM_IOCTL_MODE_RMFB(r0, 0xc00464af, &(0x7f0000000700)) (async)
syz_open_dev$dri(&(0x7f0000000f40), 0x0, 0xa0a03) (async)
ioctl$DRM_IOCTL_MODE_CREATE_DUMB(r1, 0xc02064b2, &(0x7f0000001200)={0x365d, 0x4c, 0xffffff6f}) (async)
ioctl$DRM_IOCTL_SYNCOBJ_FD_TO_HANDLE_FD(r1, 0xc01864c2, &(0x7f0000000000)) (async)

851.335988ms ago: executing program 1 (id=31966):
r0 = syz_open_dev$dri(&(0x7f0000000000), 0x1, 0x2000)
r1 = syz_open_dev$dri(&(0x7f0000000000), 0x1, 0x2000)
ioctl$DRM_IOCTL_MODE_GETRESOURCES(r1, 0xc04064a0, &(0x7f0000000340)={0x0, &(0x7f0000000280)=[<r2=>0x0], 0x0, 0x0, 0x0, 0x1})
syz_open_dev$dri(&(0x7f0000000040), 0x6d, 0x400000)
syz_open_dev$dri(&(0x7f0000000180), 0x0, 0x1)
r3 = syz_open_dev$I2C(&(0x7f0000000700), 0x0, 0x840000)
ioctl$I2C_SMBUS(r3, 0x401c5820, &(0x7f0000000180)={0x61, 0xff, 0x6, 0x0})
ioctl$DRM_IOCTL_MODE_GETCRTC(r0, 0xc06864a1, &(0x7f0000000440)={0x0, 0x0, r2, <r4=>0x0})
ioctl$DRM_IOCTL_MODE_DIRTYFB(r0, 0xc01864b1, &(0x7f0000000140)={r4, 0x1, 0xecbb, 0x2, &(0x7f0000000100)=[{0x6, 0xfc01, 0x9, 0x1aa}, {0x0, 0x9, 0x5, 0x6}]})

727.949706ms ago: executing program 3 (id=31967):
r0 = syz_open_dev$dri(&(0x7f0000000000), 0x0, 0xa0a03)
r1 = syz_open_dev$dri(&(0x7f0000000340), 0xfaa, 0x800)
r2 = syz_open_dev$dri(&(0x7f0000000000), 0x3fffc0, 0x48000)
ioctl$DRM_IOCTL_MODE_CREATE_DUMB(r2, 0xc02064b2, &(0x7f0000000080)={0x8, 0x4, 0x10000, 0x0, <r3=>0x0})
ioctl$DRM_IOCTL_MODE_CREATE_DUMB(r2, 0xc02064b2, &(0x7f00000001c0)={0x1, 0x1, 0x7})
ioctl$DRM_IOCTL_MODE_DESTROY_DUMB(r2, 0xc00464b4, &(0x7f0000000780)={r3})
ioctl$DRM_IOCTL_MODE_MAP_DUMB(r1, 0xc01064b3, &(0x7f0000000080)={r3})
ioctl$DRM_IOCTL_SET_VERSION(r1, 0xc0106407, &(0x7f0000000100)={0xffffffff, 0xa, 0x1, 0x8})
ioctl$DRM_IOCTL_MODE_CREATE_DUMB(r0, 0xc02064d2, &(0x7f0000000040)={0x10000d54, 0x1, 0xffffff6f})

726.464664ms ago: executing program 1 (id=31968):
r0 = openat$drirender128(0xffffffffffffff9c, &(0x7f0000001a00), 0xac800, 0x0)
r1 = syz_open_dev$dri(&(0x7f0000000700), 0x2, 0x101800)
ioctl$DRM_IOCTL_MODE_CREATE_DUMB(r1, 0xc02064b2, &(0x7f0000000180)={0x400, 0x38, 0x967})
ioctl$DRM_IOCTL_PRIME_HANDLE_TO_FD(r0, 0xc00c642d, &(0x7f0000000080)={0x0, 0x80000, <r2=>0xffffffffffffffff})
r3 = syz_open_dev$dri(&(0x7f0000000000), 0x1, 0x101000)
ioctl$DRM_IOCTL_SYNCOBJ_HANDLE_TO_FD_SYNC_FILE(0xffffffffffffffff, 0xc01864c1, &(0x7f0000000040)={0x0, 0x1, <r4=>0xffffffffffffffff})
ioctl$DRM_IOCTL_SYNCOBJ_FD_TO_HANDLE_SYNC_FILE(r3, 0xc01864c2, &(0x7f0000000080)={<r5=>0x0, 0x1, r4})
ioctl$DRM_IOCTL_ADD_CTX(r3, 0xc0086420, &(0x7f00000000c0))
ioctl$DRM_IOCTL_RES_CTX(r0, 0xc0106426, &(0x7f0000000680)={0x3, &(0x7f0000000340)=[{<r6=>0x0}, {}, {}]})
ioctl$DRM_IOCTL_SET_SAREA_CTX(r3, 0x4010641c, &(0x7f0000000140)={r6, &(0x7f0000000880)=""/195})
ioctl$DRM_IOCTL_MODE_GETPLANE(r3, 0xc02064b6, &(0x7f0000000280)={0x0, <r7=>0x0, <r8=>0x0, 0x0, 0x0, 0x4, &(0x7f0000000240)=[0x0, 0x0, 0x0, 0x0]})
r9 = syz_open_dev$dri(&(0x7f0000000000), 0x3fffc0, 0x48000)
ioctl$DRM_IOCTL_MODE_CREATE_DUMB(r9, 0xc02064b2, &(0x7f0000000080)={0x8, 0x4, 0x10000})
r10 = syz_open_dev$dri(&(0x7f0000000000), 0x1, 0x2000)
r11 = syz_open_dev$dri(&(0x7f0000000000), 0x1, 0x2000)
ioctl$DRM_IOCTL_MODE_GETRESOURCES(r11, 0xc04064a0, &(0x7f0000000340)={0x0, &(0x7f0000000280)=[<r12=>0x0], 0x0, 0x0, 0x0, 0x1})
ioctl$DRM_IOCTL_MODE_GETCRTC(r10, 0xc06864a1, &(0x7f00000001c0)={0x0, 0x0, r12, <r13=>0x0})
ioctl$DRM_IOCTL_MODE_GETFB2(r10, 0xc06864ce, &(0x7f0000000040)={r13, 0x7, 0x5, 0xfffffff8, 0x3, [<r14=>0x0], [0x2, 0xbc01, 0xf, 0x8001], [0x7fff, 0x5, 0x4, 0x8], [0x9, 0x30, 0xfffffffffffffff9]})
ioctl$DRM_IOCTL_PRIME_HANDLE_TO_FD(r9, 0xc00c642d, &(0x7f00000000c0)={r14})
ioctl$DRM_IOCTL_MODE_DIRTYFB(r3, 0xc01864b1, &(0x7f0000000300)={r8, 0x2, 0x6, 0x1, &(0x7f00000002c0)=[{0x9, 0x9, 0x9, 0x5}]})
ioctl$DRM_IOCTL_SYNCOBJ_FD_TO_HANDLE_SYNC_FILE(r3, 0xc01864c2, 0x0)
ioctl$DRM_IOCTL_SYNCOBJ_FD_TO_HANDLE_SYNC_FILE(r3, 0xc01864c2, &(0x7f0000000380)={<r15=>0x0, 0x1, r4})
ioctl$DRM_IOCTL_SYNCOBJ_TIMELINE_WAIT(r3, 0xc03064ca, &(0x7f0000000440)={&(0x7f00000003c0)=[r5, 0x0, r5, r5, r5, r5, r15], &(0x7f0000000400)=[0x7, 0x3ff, 0xa], 0xa, 0x7, 0x1})
ioctl$DRM_IOCTL_MODE_CURSOR(r3, 0xc01c64a3, &(0x7f0000000480)={0x2, r7, 0x9, 0x3, 0x6, 0x400, 0x2a6c0000})
ioctl$DRM_IOCTL_MODE_GETCRTC(r3, 0xc06864a1, &(0x7f0000000500)={&(0x7f00000004c0)=[0x0, 0x0, 0x0, 0x0, 0x0], 0x5, r7, <r16=>0x0})
ioctl$DRM_IOCTL_SYNCOBJ_TIMELINE_WAIT(r3, 0xc03064ca, &(0x7f0000000600)={&(0x7f0000000580)=[r5, r5, 0x0], &(0x7f00000005c0)=[0x5, 0x8], 0x5, 0x3, 0x6})
ioctl$DRM_IOCTL_SYNCOBJ_HANDLE_TO_FD_FD(r3, 0xc01864c1, &(0x7f0000000640))
ioctl$DRM_IOCTL_RES_CTX(r3, 0xc0106426, &(0x7f00000006c0)={0x0, &(0x7f0000000680)})
ioctl$DRM_IOCTL_MODE_RMFB(r3, 0xc00464af, &(0x7f0000000700)=r16)
ioctl$DRM_IOCTL_MODE_GETFB2(r2, 0xc06864ce, &(0x7f00000000c0)={r16, 0x3, 0x5, 0x9, 0x1, [], [0x0, 0x6, 0xfffffff7, 0x9], [0x2, 0x5d6, 0x5, 0x60000], [0x7, 0xbfcc, 0x4, 0xb]})

666.659919ms ago: executing program 2 (id=31969):
r0 = syz_open_dev$dri(&(0x7f0000000180), 0x0, 0x1)
syz_open_dev$dri(&(0x7f00000000c0), 0x0, 0x8000) (async)
r1 = syz_open_dev$dri(&(0x7f00000000c0), 0x0, 0x8000)
ioctl$DRM_IOCTL_SYNCOBJ_QUERY(r1, 0xc01864cb, &(0x7f0000000180)={0x0, 0x0})
r2 = syz_open_dev$dri(&(0x7f0000000000), 0x3fffc0, 0x48000)
ioctl$DRM_IOCTL_MODE_CREATE_DUMB(r1, 0xc02064b2, &(0x7f0000000080)={0x3, 0xff, 0x2, 0x0, <r3=>0x0})
ioctl$DRM_IOCTL_MODE_CREATE_DUMB(r2, 0xc02064b2, &(0x7f00000001c0)={0x1, 0x1, 0x7})
ioctl$DRM_IOCTL_MODE_DESTROY_DUMB(r2, 0xc00464b4, &(0x7f0000000780)={r3})
syz_open_dev$dri(&(0x7f0000000000), 0x0, 0x100) (async)
r4 = syz_open_dev$dri(&(0x7f0000000000), 0x0, 0x100)
ioctl$DRM_IOCTL_MODE_CREATE_DUMB(r4, 0xc02064b2, &(0x7f0000000080)={0x8, 0x2, 0x7}) (async)
ioctl$DRM_IOCTL_MODE_CREATE_DUMB(r4, 0xc02064b2, &(0x7f0000000080)={0x8, 0x2, 0x7})
ioctl$DRM_IOCTL_MODE_CREATE_DUMB(r0, 0xc02064b2, &(0x7f0000000000)={0x9, 0x8000, 0x7, 0x0, <r5=>0x0})
r6 = syz_open_dev$dri(&(0x7f0000000000), 0x3fffc0, 0x48000)
ioctl$DRM_IOCTL_MODE_CREATE_DUMB(r6, 0xc02064b2, &(0x7f0000000080)={0x5, 0x4, 0x10000})
ioctl$DRM_IOCTL_MODE_DESTROY_DUMB(r0, 0xc00464b4, &(0x7f0000000780)={r5}) (async)
ioctl$DRM_IOCTL_MODE_DESTROY_DUMB(r0, 0xc00464b4, &(0x7f0000000780)={r5})
syz_open_dev$dri(&(0x7f0000000000), 0x0, 0x103000)

566.31957ms ago: executing program 2 (id=31970):
r0 = syz_open_dev$dri(&(0x7f0000000000), 0x1, 0x101000) (async, rerun: 64)
r1 = syz_open_dev$dri(&(0x7f0000000000), 0xfffffffffffffffc, 0x10d000) (rerun: 64)
r2 = syz_open_dev$dri(&(0x7f0000000000), 0x1, 0x2000) (async)
r3 = syz_open_dev$dri(&(0x7f0000000000), 0x1, 0x2000)
ioctl$DRM_IOCTL_MODE_GETRESOURCES(r3, 0xc04064a0, &(0x7f0000000340)={0x0, &(0x7f0000000280)=[<r4=>0x0], 0x0, 0x0, 0x0, 0x1})
ioctl$DRM_IOCTL_MODE_GETCRTC(r2, 0xc06864a1, &(0x7f0000000440)={0x0, 0x0, r4, <r5=>0x0})
ioctl$DRM_IOCTL_MODE_GETFB2(r2, 0xc06864ce, &(0x7f0000000040)={r5, 0x7, 0x5, 0xfffffff8, 0x3, [], [0x2, 0xbc01, 0xf, 0x8001], [0x7fff, 0x5, 0x4, 0x8], [0x9, 0x30, 0xfffffffffffffff9]}) (async)
ioctl$DRM_IOCTL_MODE_ADDFB(r1, 0xc01c64ae, &(0x7f0000000080)={r5, 0x584, 0x6, 0x4, 0x4c, 0xfffffff0}) (async)
ioctl$DRM_IOCTL_SYNCOBJ_CREATE(r0, 0x5450, 0x0) (async)
syz_open_dev$dri(&(0x7f0000000040), 0x1, 0x10d840)

565.195372ms ago: executing program 3 (id=31971):
r0 = syz_open_dev$dri(&(0x7f0000000300), 0x9, 0x10f500) (async)
syz_open_dev$I2C(&(0x7f0000000040), 0x0, 0x80)
r1 = syz_open_dev$I2C(&(0x7f0000000000), 0x0, 0x848800)
ioctl$I2C_SMBUS(r1, 0x40086602, &(0x7f0000000040)={0xfe, 0x2, 0x80000e, 0x0})
r2 = syz_open_dev$I2C(&(0x7f0000000000), 0x0, 0x80)
r3 = syz_open_dev$dri(&(0x7f0000000000), 0xfffffffffffffffc, 0x0)
ioctl$DRM_IOCTL_MODE_GETRESOURCES(r3, 0xc04064a0, &(0x7f0000000600)={0x0, 0x0, &(0x7f0000000580)=[<r4=>0x0], 0x0, 0x0, 0x0, 0x1})
ioctl$DRM_IOCTL_MODE_GETCONNECTOR(r3, 0xc05064a7, &(0x7f0000000340)={0x0, 0x0, 0x0, 0x0, 0x0, 0x0, 0x0, <r5=>0x0, r4})
ioctl$DRM_IOCTL_MODE_OBJ_GETPROPERTIES(r3, 0xc02064b9, &(0x7f0000000180)={0x0, 0x0, 0x0, r5}) (async)
ioctl$I2C_TENBIT(r2, 0x704, 0x1) (async)
ioctl$DRM_IOCTL_SYNCOBJ_WAIT(r0, 0xc02864c3, &(0x7f0000000340)={0x0, 0x3, 0x0, 0x7})

562.723753ms ago: executing program 1 (id=31972):
r0 = syz_open_dev$dri(&(0x7f0000000000), 0x3fffc0, 0x48000)
ioctl$DRM_IOCTL_MODE_CREATE_DUMB(r0, 0xc02064b2, &(0x7f0000000080)={0x8, 0x4, 0x10000})
ioctl$DRM_IOCTL_MODE_CREATE_DUMB(r0, 0xc02064b2, &(0x7f00000001c0)={0x1, 0x1, 0x7, 0x0, <r1=>0x0})
r2 = syz_open_dev$dri(&(0x7f0000000000), 0x3fffc0, 0x2a500)
r3 = syz_open_dev$dri(&(0x7f0000000000), 0x3fffc0, 0x48000)
ioctl$DRM_IOCTL_MODE_CREATE_DUMB(r3, 0xc02064b2, &(0x7f0000000080)={0x8, 0x4, 0x10000})
ioctl$DRM_IOCTL_MODE_CREATE_DUMB(r3, 0xc02064b2, &(0x7f00000001c0)={0x1, 0x1, 0x7})
r4 = syz_open_dev$dri(&(0x7f0000000000), 0x3fffc0, 0x2a500)
ioctl$DRM_IOCTL_MODE_CREATE_DUMB(r4, 0xc02064b2, &(0x7f0000000080)={0x8, 0x4, 0x10000, 0x0, <r5=>0x0})
ioctl$DRM_IOCTL_MODE_CREATE_DUMB(r4, 0xc02064b2, &(0x7f0000000380)={0x1, 0x1, 0x7, 0x0, <r6=>0x0})
ioctl$DRM_IOCTL_MODE_DESTROY_DUMB(r4, 0xc00464b4, &(0x7f0000000780)={r5})
ioctl$DRM_IOCTL_MODE_CREATE_DUMB(r4, 0xc02064b2, &(0x7f0000000080)={0x8, 0x1, 0x10000})
ioctl$DRM_IOCTL_MODE_DESTROY_DUMB(r4, 0xc00464b4, &(0x7f0000000040)={r6})
ioctl$DRM_IOCTL_MODE_CREATE_DUMB(r2, 0xc02064b2, &(0x7f0000000080)={0x8, 0x4, 0x10000, 0x0, <r7=>0x0})
ioctl$DRM_IOCTL_MODE_CREATE_DUMB(r2, 0xc02064b2, &(0x7f0000000380)={0x1, 0x1, 0x7})
r8 = syz_open_dev$dri(&(0x7f0000000000), 0x1, 0x2000)
ioctl$DRM_IOCTL_MODE_GETRESOURCES(0xffffffffffffffff, 0xc04064a0, &(0x7f0000000340)={0x0, &(0x7f00000000c0)=[0x0, 0x0, 0x0, 0x0, 0x0, 0x0, 0x0, 0x0], 0x0, 0x0, 0x0, 0xe, 0x25})
ioctl$DRM_IOCTL_MODE_GETCRTC(r8, 0xc06864a1, &(0x7f0000000440)={0x0, 0x0, 0x0, <r9=>0x0})
ioctl$DRM_IOCTL_MODE_DIRTYFB(r8, 0xc01864b1, &(0x7f0000000140)={r9, 0x1, 0xecbb, 0x0, &(0x7f0000000100)})
ioctl$DRM_IOCTL_MODE_DESTROY_DUMB(r2, 0xc00464b4, &(0x7f0000000780)={r7})
ioctl$DRM_IOCTL_MODE_DESTROY_DUMB(r2, 0xc00464b4, &(0x7f0000000040)={r1})
r10 = syz_open_dev$I2C(&(0x7f0000000000), 0xb1c6, 0x8200)
r11 = syz_open_dev$dri(&(0x7f0000000000), 0x2, 0x1)
ioctl$DRM_IOCTL_MODE_ADDFB(r11, 0xc01c64ae, &(0x7f0000000080)={0x0, 0xffffffff, 0x5, 0x5, 0x4, 0x2c, 0x9})
ioctl$I2C_SMBUS(r10, 0x720, &(0x7f0000000200)={0x1, 0x4, 0x6, &(0x7f00000001c0)={0x22, "c1c5ada2772dec7ffb9d0bba1cf1ae0b8aee053dc3c2e57b93b870fef7fa149c86"}})

405.777732ms ago: executing program 3 (id=31973):
r0 = syz_open_dev$dri(&(0x7f0000000000), 0x3fffc0, 0x48000)
ioctl$DRM_IOCTL_MODE_CREATE_DUMB(r0, 0xc02064b2, &(0x7f0000000080)={0x8, 0x4, 0x10000}) (async, rerun: 64)
r1 = syz_open_dev$dri(&(0x7f0000000000), 0x3fffc0, 0x48000) (rerun: 64)
ioctl$DRM_IOCTL_MODE_ADDFB2(r1, 0xc06864b8, &(0x7f0000000300)={0x0, 0x2, 0x400, 0x5, 0x2, [], [0x3ff, 0x89d, 0x8000, 0x9], [0xd, 0x8, 0x6, 0x89], [0x7fff, 0xe5, 0x9, 0x9]}) (async)
ioctl$DRM_IOCTL_MODE_CREATE_DUMB(r0, 0xc02064b2, &(0x7f00000001c0)={0x1, 0x1, 0x7}) (async)
r2 = syz_open_dev$dri(&(0x7f0000000000), 0x3fffc0, 0x2a500)
ioctl$DRM_IOCTL_MODE_CREATE_DUMB(r2, 0xc02064b2, &(0x7f0000000080)={0x8, 0x4, 0x10000, 0x0, <r3=>0x0})
ioctl$DRM_IOCTL_MODE_CREATE_DUMB(r2, 0xc02064b2, &(0x7f0000000380)={0x1, 0x1, 0x7, 0x0, <r4=>0x0}) (async)
r5 = syz_open_dev$dri(&(0x7f0000000000), 0x1, 0x22000)
ioctl$DRM_IOCTL_MODE_SETPLANE(r5, 0xc03064b7, &(0x7f0000000140)={0x0, 0x0, 0x0, 0x7ff, 0x7c8, 0xfffffff9, 0x3, 0x4d, 0xfffffffa, 0x971, 0x3, 0x8}) (async, rerun: 64)
ioctl$DRM_IOCTL_MODE_DESTROY_DUMB(r2, 0xc00464b4, &(0x7f0000000780)={r3}) (async, rerun: 64)
ioctl$DRM_IOCTL_MODE_CREATE_DUMB(r2, 0xc02064b2, &(0x7f0000000080)={0x8, 0x1, 0x10000})
ioctl$DRM_IOCTL_MODE_DESTROY_DUMB(r2, 0xc00464b4, &(0x7f0000000040)={r4})

280.011617ms ago: executing program 1 (id=31974):
r0 = syz_open_dev$dri(&(0x7f0000000340), 0xfaa, 0x800)
ioctl$DRM_IOCTL_MODE_CREATE_DUMB(r0, 0xc02064b2, &(0x7f0000000040)={0x0, 0x800, 0x209})
r1 = syz_open_dev$dri(&(0x7f0000000040), 0x1, 0x10d840)
ioctl$DRM_IOCTL_MODE_GETCRTC(0xffffffffffffffff, 0xc06864a1, &(0x7f0000000380)={&(0x7f0000000100)=[0x0, 0x0], 0x2, 0x0, <r2=>0x0})
ioctl$DRM_IOCTL_MODE_GETFB2(r1, 0xc06864ce, &(0x7f0000000080)={r2, 0x7, 0x3ff, 0x9, 0x1, [<r3=>0x0], [0xfff, 0x4, 0x4], [0x3, 0x800000, 0x4, 0x5], [0x4, 0x9b, 0x273c, 0x9]})
ioctl$DRM_IOCTL_PRIME_HANDLE_TO_FD(r1, 0xc00c642d, &(0x7f0000000000)={r3, 0x80000, <r4=>0xffffffffffffffff})
ioctl$DRM_IOCTL_RES_CTX(r4, 0xc0106426, &(0x7f0000000180)={0x0, &(0x7f0000000380)})
ioctl$DRM_IOCTL_DMA(r1, 0xc0406429, &(0x7f00000002c0)={0x0, 0x4, &(0x7f00000001c0)=[0x4, 0x6, 0x1f, 0x7ff], &(0x7f0000000200)=[0xe, 0x1, 0xd], 0x2, 0x9, 0xfffffeff, &(0x7f0000000240)=[0x2, 0x800, 0x4, 0x5, 0x400, 0x5, 0x2, 0xfffffffc, 0x6], &(0x7f0000000280)=[0x582, 0x1, 0x4, 0x1b3]})

279.767227ms ago: executing program 0 (id=31975):
r0 = syz_open_dev$dri(&(0x7f00000001c0), 0xa90, 0x0)
ioctl$DRM_IOCTL_SET_MASTER(r0, 0x641e)

272.914585ms ago: executing program 2 (id=31976):
r0 = syz_open_dev$dri(&(0x7f0000000340), 0xfaa, 0x800)
r1 = syz_open_dev$dri(&(0x7f0000000000), 0x1, 0x101000)
ioctl$DRM_IOCTL_MODE_GETRESOURCES(r1, 0xc04064a0, &(0x7f0000000d80)={0x0, 0x0, &(0x7f0000000d00)=[<r2=>0x0], 0x0, 0x0, 0x0, 0x1})
ioctl$DRM_IOCTL_MODE_GETCONNECTOR(r1, 0xc05064a7, &(0x7f00000001c0)={&(0x7f0000000040)=[0x0], 0x0, &(0x7f0000000140)=[0x0, 0x0], &(0x7f0000000180), 0x0, 0x2, 0x1, 0x0, r2})
ioctl$DRM_IOCTL_GET_CAP(r0, 0xc010640c, &(0x7f00000000c0)={0x13})
ioctl$DRM_IOCTL_SYNCOBJ_HANDLE_TO_FD_FD(r1, 0xc01864c1, &(0x7f0000000080)={0x0, 0x0, <r3=>0xffffffffffffffff})
ioctl$DRM_IOCTL_SYNCOBJ_FD_TO_HANDLE_FD(r0, 0xc01864c2, &(0x7f0000000100)={0x0, 0x0, r3})
syz_open_dev$dri(&(0x7f0000000340), 0xfaa, 0x800) (async)
syz_open_dev$dri(&(0x7f0000000000), 0x1, 0x101000) (async)
ioctl$DRM_IOCTL_MODE_GETRESOURCES(r1, 0xc04064a0, &(0x7f0000000d80)={0x0, 0x0, &(0x7f0000000d00)=[0x0], 0x0, 0x0, 0x0, 0x1}) (async)
ioctl$DRM_IOCTL_MODE_GETCONNECTOR(r1, 0xc05064a7, &(0x7f00000001c0)={&(0x7f0000000040)=[0x0], 0x0, &(0x7f0000000140)=[0x0, 0x0], &(0x7f0000000180), 0x0, 0x2, 0x1, 0x0, r2}) (async)
ioctl$DRM_IOCTL_GET_CAP(r0, 0xc010640c, &(0x7f00000000c0)={0x13}) (async)
ioctl$DRM_IOCTL_SYNCOBJ_HANDLE_TO_FD_FD(r1, 0xc01864c1, &(0x7f0000000080)) (async)
ioctl$DRM_IOCTL_SYNCOBJ_FD_TO_HANDLE_FD(r0, 0xc01864c2, &(0x7f0000000100)={0x0, 0x0, r3}) (async)

159.509649ms ago: executing program 3 (id=31977):
openat$drirender128(0xffffffffffffff9c, &(0x7f0000001a00), 0xd0bd51acb394d14, 0x0)

159.259714ms ago: executing program 1 (id=31978):
r0 = syz_open_dev$dri(&(0x7f0000000380), 0xfaa, 0x800)
ioctl$DRM_IOCTL_SET_VERSION(r0, 0xc0106407, &(0x7f0000000100)={0x1, 0x2, 0x5, 0x8}) (async)
ioctl$DRM_IOCTL_MODE_GETRESOURCES(0xffffffffffffffff, 0xc04064a0, 0x0) (async)
r1 = syz_open_dev$dri(&(0x7f0000000000), 0xa, 0x1)
ioctl$DRM_IOCTL_GET_UNIQUE(r1, 0xc0106401, &(0x7f0000000740)={0x0, 0x0}) (async)
r2 = syz_open_dev$dri(&(0x7f0000000000), 0x2, 0x20001)
ioctl$DRM_IOCTL_MODE_CREATE_DUMB(r2, 0xc02064b2, &(0x7f0000000180)={0x2, 0x8, 0x9, 0x0, <r3=>0x0})
ioctl$DRM_IOCTL_MODE_MAP_DUMB(r2, 0xc01064d2, &(0x7f0000000140)={r3, 0x3f00}) (async)
ioctl$DRM_IOCTL_MODE_DESTROY_DUMB(r2, 0xc00464b4, &(0x7f0000000080)={r3})

158.920886ms ago: executing program 0 (id=31979):
syz_open_dev$dri(0x0, 0xfffffffffffffffa, 0x40800)
r0 = syz_open_dev$dri(&(0x7f0000000000), 0xfffffffffffffffc, 0x0)
syz_open_dev$dri(0x0, 0x0, 0x141000)
r1 = syz_open_dev$dri(&(0x7f0000000000), 0xfffffffffffffffc, 0x0)
r2 = syz_open_dev$I2C(&(0x7f0000000140), 0x0, 0xa400)
ioctl$I2C_PEC(r2, 0x708, 0x1c0000000000000)
ioctl$I2C_SMBUS(r2, 0x720, &(0x7f0000000040)={0x1, 0x5, 0x4, &(0x7f0000000000)={0xe, "6b3ca867ef0c33fdf48430956b30d3a3beeb938607da14ebfb2327362d0bbd34a3"}})
ioctl$DRM_IOCTL_MODE_CREATEPROPBLOB(r1, 0xc01064bd, &(0x7f0000000180)={&(0x7f0000000080)="7c2772857a834be7ae4d44d445cf9005999d5e56438892322b2223a8aaaf9e9f14a4b2fd8f003c5fc63d45c1284d4415120f0f47da6951fb126bf521dc909d6e7ec264529cc196ac9ee1382d36f63eda11484bd7668d5ccf64cf963a2818cfc4fa70eac3ef17b361938f4e7f0057adae5fcf13357a6af880bf70e132cc8655cfc24841ec657da1d381584e00fe0891949c717f9fc004f503131ab7f85d821ba515686ef591c936b831c077a03a13cd7894151eef069b62a937663176b4a373018f", 0x2000000})
ioctl$DRM_IOCTL_MODE_CREATEPROPBLOB(r0, 0xc01064bd, &(0x7f0000000180)={&(0x7f0000000080)="7c2772857a834be7ae4d44d445cf9005999d5e56438892322b2223a8aaaf9e9f14a4b2fd8f003c5fc63d45c1284d4415120f0f47da6951fb126bf521dc909d6e7ec264529cc196ac9ee1382d36f63eda11484bd7668d5ccf64cf963a2818cfc4fa70eac3ef17b361938f4e7f0057adae5fcf13357a6af880bf70e132cc8655cfc24841ec657da1d381584e00fe0891949c717f9fc004f503131ab7f85d821ba515686ef591c936b831c077a03a13cd7894151eef069b62a937663176b4a373018f", 0x2000000})

99.063768ms ago: executing program 2 (id=31980):
r0 = syz_open_dev$dri(&(0x7f0000000000), 0x1, 0x2000)
r1 = syz_open_dev$dri(&(0x7f0000000000), 0x1, 0x2000)
r2 = syz_open_dev$dri(&(0x7f0000000000), 0xfffffffffffffffc, 0x0)
ioctl$DRM_IOCTL_MODE_GETRESOURCES(r2, 0xc04064a0, &(0x7f0000000600)={0x0, 0x0, &(0x7f0000000580)=[<r3=>0x0], 0x0, 0x0, 0x0, 0x1})
ioctl$DRM_IOCTL_MODE_GETCONNECTOR(r2, 0xc05064a7, &(0x7f0000000340)={0x0, 0x0, 0x0, 0x0, 0x0, 0x0, 0x0, <r4=>0x0, r3})
ioctl$DRM_IOCTL_MODE_OBJ_GETPROPERTIES(r2, 0xc02064b9, &(0x7f0000000180)={0x0, 0x0, 0x0, r4})
ioctl$DRM_IOCTL_MODE_GETRESOURCES(r1, 0xc04064a0, &(0x7f0000000340)={0x0, &(0x7f0000000280)=[<r5=>0x0], 0x0, 0x0, 0x0, 0x1})
ioctl$DRM_IOCTL_MODE_GETCRTC(r0, 0xc06864a1, &(0x7f0000000440)={0x0, 0x0, r5, <r6=>0x0})
r7 = syz_open_dev$dri(&(0x7f0000000180), 0x0, 0x1)
r8 = syz_open_dev$dri(&(0x7f0000000000), 0x3fffc0, 0x48000)
r9 = syz_open_dev$dri(&(0x7f0000000000), 0x3fffc0, 0x20000)
ioctl$DRM_IOCTL_SYNCOBJ_TIMELINE_SIGNAL(r9, 0xc01864cd, &(0x7f0000000200)={0x0, 0x0, 0x0, 0x1})
ioctl$DRM_IOCTL_MODE_CREATE_DUMB(r8, 0xc02064b2, &(0x7f0000000080)={0x8, 0x4, 0x10000, 0x0, <r10=>0x0})
ioctl$DRM_IOCTL_MODE_CREATE_DUMB(r8, 0xc02064b2, &(0x7f00000001c0)={0x1, 0x1, 0x7})
r11 = syz_open_dev$dri(&(0x7f0000000000), 0x2, 0x20001)
ioctl$DRM_IOCTL_MODE_ADDFB2(r11, 0xc06864b8, &(0x7f00000001c0)={0x0, 0x3, 0x8ea, 0x516daa83, 0x4, [], [0x1, 0x7ff, 0x40c], [0x6, 0x1, 0x2], [0x4, 0x83, 0x7, 0x4]})
ioctl$DRM_IOCTL_MODE_DESTROY_DUMB(r8, 0xc00464b4, &(0x7f0000000780)={r10})
r12 = syz_open_dev$dri(&(0x7f0000000000), 0x0, 0x100)
ioctl$DRM_IOCTL_MODE_CREATE_DUMB(r12, 0xc02064b2, &(0x7f0000000080)={0x8, 0x2, 0x7})
r13 = syz_open_dev$dri(&(0x7f0000000040), 0x70, 0x82100)
r14 = syz_open_dev$dri(&(0x7f0000000040), 0x2, 0xe8242)
ioctl$DRM_IOCTL_MODE_GETRESOURCES(r14, 0xc04064a0, &(0x7f0000000140)={0x0, &(0x7f0000000080)=[<r15=>0x0], 0x0, 0x0, 0x0, 0x1})
syz_open_dev$dri(0x0, 0x1, 0x2000)
ioctl$DRM_IOCTL_SYNCOBJ_FD_TO_HANDLE_FD(0xffffffffffffffff, 0xc01864c2, 0x0)
ioctl$DRM_IOCTL_MODE_CURSOR(r13, 0xc01c64a3, &(0x7f00000003c0)={0x1, r15, 0x0, 0xfffffffe, 0x8, 0x9c, 0x41dc})
ioctl$DRM_IOCTL_MODE_CREATE_DUMB(r7, 0xc02064b2, &(0x7f0000000000)={0x9, 0x8000, 0x7, 0x0, <r16=>0x0})
r17 = syz_open_dev$dri(&(0x7f0000000000), 0x3fffc0, 0x48000)
ioctl$DRM_IOCTL_MODE_CREATE_DUMB(r17, 0xc02064b2, &(0x7f0000000080)={0x5, 0x4, 0x10000})
ioctl$DRM_IOCTL_MODE_DESTROY_DUMB(r7, 0xc00464b4, &(0x7f0000000780)={r16})
ioctl$DRM_IOCTL_MODE_DIRTYFB(r0, 0xc01864b1, &(0x7f00000000c0)={r6, 0x1, 0xecbb, 0x2, &(0x7f0000000100)=[{0x9c1b, 0xfc01, 0x9, 0x1aa}, {0x0, 0x9, 0x5, 0x6}]})

0s ago: executing program 3 (id=31981):
r0 = syz_open_dev$dri(&(0x7f0000000000), 0x1, 0x101000)
syz_open_dev$dri(&(0x7f0000000180), 0x0, 0x1)
r1 = syz_open_dev$I2C(&(0x7f0000000700), 0x0, 0x840000)
ioctl$I2C_SMBUS(r1, 0x401c5820, &(0x7f0000000180)={0x61, 0xff, 0x6, 0x0})
openat$drirender128(0xffffffffffffff9c, &(0x7f00000004c0), 0x103040, 0x0)
r2 = syz_open_dev$dri(&(0x7f0000000000), 0x1, 0x2000)
r3 = syz_open_dev$dri(&(0x7f0000000000), 0x3fffc0, 0x20000)
ioctl$DRM_IOCTL_MODE_CREATE_DUMB(r3, 0xc02064b2, &(0x7f0000000080)={0x8, 0x4, 0x10000})
r4 = syz_open_dev$dri(&(0x7f0000000840), 0x495c, 0x400)
r5 = syz_open_dev$dri(&(0x7f0000000040), 0x2, 0xe8242)
ioctl$DRM_IOCTL_MODE_GETRESOURCES(r5, 0xc04064a0, &(0x7f0000000140)={0x0, &(0x7f0000000080)=[<r6=>0x0], 0x0, 0x0, 0x0, 0x1})
r7 = syz_open_dev$dri(&(0x7f0000000000), 0x1, 0x2000)
ioctl$DRM_IOCTL_MODE_CREATE_LEASE(r7, 0xc01864c6, &(0x7f0000000180)={&(0x7f0000000100)=[r6], 0x1, 0x80000})
ioctl$DRM_IOCTL_MODE_GETFB(r4, 0xc01c64ad, &(0x7f0000000880))
ioctl$DRM_IOCTL_MODE_GET_LEASE(r3, 0xc01064c8, &(0x7f00000000c0)={0x1, 0x0, &(0x7f0000000040)=[<r8=>0x0]})
ioctl$DRM_IOCTL_MODE_GETPROPBLOB(r4, 0xc01064ac, &(0x7f0000000200)={r8, 0x8d, &(0x7f0000000100)=""/141})
ioctl$DRM_IOCTL_MODE_ADDFB(r0, 0xc01c64ae, &(0x7f0000000200)={r8, 0x3, 0xc436, 0x19, 0x7, 0xe181, 0x2})
ioctl$DRM_IOCTL_MODE_CREATEPROPBLOB(r0, 0xc01064bd, &(0x7f0000000080)={&(0x7f0000000040)="d14af646c7bd9bb33711e93484ed6032a27c5c3ad1bf1e2d5449295825977f457b93d4f6716ee4822e4f082e", 0x2c, <r9=>0x0})
ioctl$DRM_IOCTL_MODE_GETPROPBLOB(r0, 0xc01064ac, &(0x7f00000001c0)={r9, 0x79, &(0x7f0000000140)=""/121})
r10 = syz_open_dev$dri(&(0x7f0000000000), 0xfffffffffffffffc, 0x40000)
ioctl$DRM_IOCTL_MODE_CREATE_LEASE(r10, 0xc01864c6, &(0x7f00000000c0)={0x0})
ioctl$DRM_IOCTL_MODE_LIST_LESSEES(r2, 0xc01064c7, &(0x7f00000000c0)={0x0, 0x0, &(0x7f0000000080)})
ioctl$DRM_IOCTL_SET_CLIENT_CAP(r0, 0x4010640d, &(0x7f0000000100)={0x3})

kernel console output (not intermixed with test programs):

.922041][T100005]  do_syscall_64+0xcb/0xfa0
[ 1991.922069][T100005]  entry_SYSCALL_64_after_hwframe+0x77/0x7f
[ 1991.922087][T100005] RIP: 0033:0x7f36ecfb059d
[ 1991.922102][T100005] Code: 02 b8 ff ff ff ff c3 66 0f 1f 44 00 00 f3 0f 1e fa 48 89 f8 48 89 f7 48 89 d6 48 89 ca 4d 89 c2 4d 89 c8 4c 8b 4c 24 08 0f 05 <48> 3d 01 f0 ff ff 73 01 c3 48 c7 c1 a8 ff ff ff f7 d8 64 89 01 48
[ 1991.922125][T100005] RSP: 002b:00007f36eb1f5f98 EFLAGS: 00000246 ORIG_RAX: 0000000000000010
[ 1991.922143][T100005] RAX: ffffffffffffffda RBX: 00007f36ed225fa0 RCX: 00007f36ecfb059d
[ 1991.922154][T100005] RDX: 0000200000000540 RSI: 0000000000000720 RDI: 0000000000000003
[ 1991.922164][T100005] RBP: 00007f36eb1f6010 R08: 0000000000000000 R09: 0000000000000000
[ 1991.922174][T100005] R10: 0000000000000000 R11: 0000000000000246 R12: 0000000000000001
[ 1991.922184][T100005] R13: 00007f36ed226038 R14: 00007f36ed225fa0 R15: 00007f36eb1d6000
[ 1991.922208][T100005]  </TASK>
[ 1991.922216][T100005] ERROR: Out of memory at tomoyo_realpath_from_path.
[ 1992.096063][    C3] vkms_vblank_simulate: vblank timer overrun
[ 1992.216754][    C3] vkms_vblank_simulate: vblank timer overrun
[ 1992.271185][    C3] vkms_vblank_simulate: vblank timer overrun
[ 1992.532944][    C3] vkms_vblank_simulate: vblank timer overrun
[ 1992.923739][T100036] FAULT_INJECTION: forcing a failure.
[ 1992.923739][T100036] name failslab, interval 1, probability 0, space 0, times 0
[ 1992.940729][T100036] CPU: 3 UID: 0 PID: 100036 Comm: syz.1.29165 Not tainted 6.18.0 #1 PREEMPT(full) 
[ 1992.940758][T100036] Hardware name: QEMU Standard PC (i440FX + PIIX, 1996), BIOS rel-1.16.3-0-ga6ed6b701f0a-prebuilt.qemu.org 04/01/2014
[ 1992.940770][T100036] Call Trace:
[ 1992.940778][T100036]  <TASK>
[ 1992.940786][T100036]  dump_stack_lvl+0x180/0x1b0
[ 1992.940863][T100036]  should_fail_ex+0x520/0x650
[ 1992.940889][T100036]  ? tomoyo_encode2.part.0+0xe9/0x3a0
[ 1992.940949][T100036]  should_failslab+0xc2/0x120
[ 1992.940978][T100036]  __kmalloc_noprof+0xdc/0x8c0
[ 1992.941001][T100036]  ? d_absolute_path+0x12a/0x1a0
[ 1992.941034][T100036]  ? tomoyo_encode2.part.0+0xe9/0x3a0
[ 1992.941056][T100036]  tomoyo_encode2.part.0+0xe9/0x3a0
[ 1992.941091][T100036]  tomoyo_encode+0x2b/0x60
[ 1992.941117][T100036]  tomoyo_realpath_from_path+0x188/0x600
[ 1992.941148][T100036]  tomoyo_path_number_perm+0x221/0x550
[ 1992.941168][T100036]  ? tomoyo_path_number_perm+0x213/0x550
[ 1992.941190][T100036]  ? __pfx_tomoyo_path_number_perm+0x10/0x10
[ 1992.941211][T100036]  ? proc_fail_nth_write+0x97/0x220
[ 1992.941260][T100036]  ? hook_file_ioctl_common+0x146/0x3f0
[ 1992.941282][T100036]  ? __fget_files+0x1f1/0x3b0
[ 1992.941322][T100036]  ? __fget_files+0x1fb/0x3b0
[ 1992.941347][T100036]  security_file_ioctl+0x9f/0x260
[ 1992.941370][T100036]  __x64_sys_ioctl+0xb7/0x210
[ 1992.941391][T100036]  do_syscall_64+0xcb/0xfa0
[ 1992.941419][T100036]  entry_SYSCALL_64_after_hwframe+0x77/0x7f
[ 1992.941438][T100036] RIP: 0033:0x7f095b3b059d
[ 1992.941454][T100036] Code: 02 b8 ff ff ff ff c3 66 0f 1f 44 00 00 f3 0f 1e fa 48 89 f8 48 89 f7 48 89 d6 48 89 ca 4d 89 c2 4d 89 c8 4c 8b 4c 24 08 0f 05 <48> 3d 01 f0 ff ff 73 01 c3 48 c7 c1 a8 ff ff ff f7 d8 64 89 01 48
[ 1992.941471][T100036] RSP: 002b:00007f095c256f98 EFLAGS: 00000246 ORIG_RAX: 0000000000000010
[ 1992.941490][T100036] RAX: ffffffffffffffda RBX: 00007f095b625fa0 RCX: 00007f095b3b059d
[ 1992.941502][T100036] RDX: 0000200000000540 RSI: 0000000000000720 RDI: 0000000000000003
[ 1992.941513][T100036] RBP: 00007f095c257010 R08: 0000000000000000 R09: 0000000000000000
[ 1992.941523][T100036] R10: 0000000000000000 R11: 0000000000000246 R12: 0000000000000001
[ 1992.941534][T100036] R13: 00007f095b626038 R14: 00007f095b625fa0 R15: 00007f095c237000
[ 1992.941561][T100036]  </TASK>
[ 1992.941581][T100036] ERROR: Out of memory at tomoyo_realpath_from_path.
[ 1993.004252][T100042] i2c i2c-0: Invalid block write size 34
[ 1993.072550][    C3] vkms_vblank_simulate: vblank timer overrun
[ 1993.195518][    C3] vkms_vblank_simulate: vblank timer overrun
[ 1994.366874][T100122] FAULT_INJECTION: forcing a failure.
[ 1994.366874][T100122] name failslab, interval 1, probability 0, space 0, times 0
[ 1994.379922][T100122] CPU: 1 UID: 0 PID: 100122 Comm: syz.2.29200 Not tainted 6.18.0 #1 PREEMPT(full) 
[ 1994.379946][T100122] Hardware name: QEMU Standard PC (i440FX + PIIX, 1996), BIOS rel-1.16.3-0-ga6ed6b701f0a-prebuilt.qemu.org 04/01/2014
[ 1994.379959][T100122] Call Trace:
[ 1994.379966][T100122]  <TASK>
[ 1994.379973][T100122]  dump_stack_lvl+0x180/0x1b0
[ 1994.380007][T100122]  should_fail_ex+0x520/0x650
[ 1994.380031][T100122]  ? i2c_smbus_try_get_dmabuf+0x5d/0x130
[ 1994.380053][T100122]  should_failslab+0xc2/0x120
[ 1994.380079][T100122]  __kmalloc_noprof+0xdc/0x8c0
[ 1994.380105][T100122]  ? i2c_smbus_try_get_dmabuf+0x5d/0x130
[ 1994.380126][T100122]  i2c_smbus_try_get_dmabuf+0x5d/0x130
[ 1994.380150][T100122]  i2c_smbus_xfer_emulated+0xe64/0x11b0
[ 1994.380176][T100122]  ? __pfx_i2c_smbus_xfer_emulated+0x10/0x10
[ 1994.380201][T100122]  ? __lock_acquire+0xb62/0x1be0
[ 1994.380229][T100122]  ? __lock_acquire+0xb62/0x1be0
[ 1994.380261][T100122]  ? find_held_lock+0x2b/0x80
[ 1994.380282][T100122]  __i2c_smbus_xfer+0x703/0xfa0
[ 1994.380316][T100122]  ? _raw_spin_unlock_irqrestore+0x41/0x70
[ 1994.380346][T100122]  i2c_smbus_xfer+0x203/0x3d0
[ 1994.380368][T100122]  i2cdev_ioctl_smbus+0x277/0x870
[ 1994.380395][T100122]  ? __pfx_i2cdev_ioctl_smbus+0x10/0x10
[ 1994.380450][T100122]  ? __might_fault+0x138/0x190
[ 1994.380469][T100122]  ? perf_trace_mmap_lock+0x570/0x820
[ 1994.380492][T100122]  i2cdev_ioctl+0x3bc/0x820
[ 1994.380506][T100122]  ? __pfx_i2cdev_ioctl+0x10/0x10
[ 1994.380521][T100122]  ? __fget_files+0x1fb/0x3b0
[ 1994.380542][T100122]  ? __pfx_i2cdev_ioctl+0x10/0x10
[ 1994.380557][T100122]  __x64_sys_ioctl+0x18f/0x210
[ 1994.380576][T100122]  do_syscall_64+0xcb/0xfa0
[ 1994.380603][T100122]  entry_SYSCALL_64_after_hwframe+0x77/0x7f
[ 1994.380620][T100122] RIP: 0033:0x7f36ecfb059d
[ 1994.380636][T100122] Code: 02 b8 ff ff ff ff c3 66 0f 1f 44 00 00 f3 0f 1e fa 48 89 f8 48 89 f7 48 89 d6 48 89 ca 4d 89 c2 4d 89 c8 4c 8b 4c 24 08 0f 05 <48> 3d 01 f0 ff ff 73 01 c3 48 c7 c1 a8 ff ff ff f7 d8 64 89 01 48
[ 1994.380653][T100122] RSP: 002b:00007f36eb1f5f98 EFLAGS: 00000246 ORIG_RAX: 0000000000000010
[ 1994.380671][T100122] RAX: ffffffffffffffda RBX: 00007f36ed225fa0 RCX: 00007f36ecfb059d
[ 1994.380682][T100122] RDX: 0000200000000540 RSI: 0000000000000720 RDI: 0000000000000003
[ 1994.380693][T100122] RBP: 00007f36eb1f6010 R08: 0000000000000000 R09: 0000000000000000
[ 1994.380703][T100122] R10: 0000000000000000 R11: 0000000000000246 R12: 0000000000000001
[ 1994.380712][T100122] R13: 00007f36ed226038 R14: 00007f36ed225fa0 R15: 00007f36eb1d6000
[ 1994.380734][T100122]  </TASK>
[ 1996.326516][T100222] i2c i2c-0: Invalid block write size 137
[ 1997.255224][ T1358] ieee802154 phy0 wpan0: encryption failed: -22
[ 1997.262593][ T1358] ieee802154 phy1 wpan1: encryption failed: -22
[ 1998.481186][T100307] i2c i2c-0: Invalid block write size 34
[ 1999.036009][    C3] vkms_vblank_simulate: vblank timer overrun
[ 2000.380633][T100374] warn_alloc: 7 callbacks suppressed
[ 2000.380682][T100374] syz.0.29299: vmalloc error: size 35651584, failed to allocated page array size 69632, mode:0xdc2(GFP_KERNEL|__GFP_HIGHMEM|__GFP_ZERO), nodemask=(null),cpuset=/,mems_allowed=0-1
[ 2000.424988][T100374] CPU: 1 UID: 0 PID: 100374 Comm: syz.0.29299 Not tainted 6.18.0 #1 PREEMPT(full) 
[ 2000.425028][T100374] Hardware name: QEMU Standard PC (i440FX + PIIX, 1996), BIOS rel-1.16.3-0-ga6ed6b701f0a-prebuilt.qemu.org 04/01/2014
[ 2000.425067][T100374] Call Trace:
[ 2000.425125][T100374]  <TASK>
[ 2000.425154][T100374]  dump_stack_lvl+0x180/0x1b0
[ 2000.425601][T100374]  warn_alloc+0x211/0x360
[ 2000.427199][T100374]  ? __pfx_warn_alloc+0x10/0x10
[ 2000.427216][T100374]  ? __pfx_alloc_vmap_area+0x10/0x10
[ 2000.427274][T100374]  ? __get_vm_area_node+0x10c/0x340
[ 2000.427398][T100374]  ? drm_property_create_blob.part.0+0x34/0x320
[ 2000.427533][T100374]  ? __vmalloc_node_noprof+0xac/0xf0
[ 2000.427560][T100374]  __vmalloc_node_range_noprof+0xfaa/0x13b0
[ 2000.427591][T100374]  ? drm_property_create_blob.part.0+0x34/0x320
[ 2000.427619][T100374]  ? __pfx___vmalloc_node_range_noprof+0x10/0x10
[ 2000.427651][T100374]  __kvmalloc_node_noprof+0x41f/0x9d0
[ 2000.427681][T100374]  ? drm_property_create_blob.part.0+0x34/0x320
[ 2000.427704][T100374]  ? drm_property_create_blob.part.0+0x34/0x320
[ 2000.427729][T100374]  ? drm_property_create_blob.part.0+0x34/0x320
[ 2000.427750][T100374]  drm_property_create_blob.part.0+0x34/0x320
[ 2000.427775][T100374]  drm_mode_createblob_ioctl+0x139/0x490
[ 2000.427801][T100374]  drm_ioctl_kernel+0x1ed/0x3e0
[ 2000.427856][T100374]  ? __pfx_drm_mode_createblob_ioctl+0x10/0x10
[ 2000.427879][T100374]  ? __pfx_drm_ioctl_kernel+0x10/0x10
[ 2000.427900][T100374]  drm_ioctl+0x574/0xb90
[ 2000.427917][T100374]  ? __pfx_drm_mode_createblob_ioctl+0x10/0x10
[ 2000.427942][T100374]  ? __pfx_drm_ioctl+0x10/0x10
[ 2000.427959][T100374]  ? hook_file_ioctl_common+0x146/0x3f0
[ 2000.428108][T100374]  ? __fget_files+0x1fb/0x3b0
[ 2000.428183][T100374]  ? __pfx_drm_ioctl+0x10/0x10
[ 2000.428200][T100374]  __x64_sys_ioctl+0x18f/0x210
[ 2000.428231][T100374]  do_syscall_64+0xcb/0xfa0
[ 2000.428300][T100374]  entry_SYSCALL_64_after_hwframe+0x77/0x7f
[ 2000.428408][T100374] RIP: 0033:0x7f7ff7db059d
[ 2000.428446][T100374] Code: 02 b8 ff ff ff ff c3 66 0f 1f 44 00 00 f3 0f 1e fa 48 89 f8 48 89 f7 48 89 d6 48 89 ca 4d 89 c2 4d 89 c8 4c 8b 4c 24 08 0f 05 <48> 3d 01 f0 ff ff 73 01 c3 48 c7 c1 a8 ff ff ff f7 d8 64 89 01 48
[ 2000.428479][T100374] RSP: 002b:00007f7ff8ba5f98 EFLAGS: 00000246 ORIG_RAX: 0000000000000010
[ 2000.428539][T100374] RAX: ffffffffffffffda RBX: 00007f7ff8025fa0 RCX: 00007f7ff7db059d
[ 2000.428550][T100374] RDX: 0000200000000180 RSI: 00000000c01064bd RDI: 000000000000000b
[ 2000.428561][T100374] RBP: 00007f7ff7e4e078 R08: 0000000000000000 R09: 0000000000000000
[ 2000.428571][T100374] R10: 0000000000000000 R11: 0000000000000246 R12: 0000000000000000
[ 2000.428582][T100374] R13: 00007f7ff8026038 R14: 00007f7ff8025fa0 R15: 00007f7ff8b86000
[ 2000.428606][T100374]  </TASK>
[ 2000.772466][T100374] Mem-Info:
[ 2000.776713][T100374] active_anon:7155 inactive_anon:0 isolated_anon:1
[ 2000.776713][T100374]  active_file:7527 inactive_file:54802 isolated_file:0
[ 2000.776713][T100374]  unevictable:1768 dirty:2506 writeback:0
[ 2000.776713][T100374]  slab_reclaimable:13905 slab_unreclaimable:66100
[ 2000.776713][T100374]  mapped:30099 shmem:2800 pagetables:1312
[ 2000.776713][T100374]  sec_pagetables:0 bounce:0
[ 2000.776713][T100374]  kernel_misc_reclaimable:0
[ 2000.776713][T100374]  free:474790 free_pcp:9205 free_cma:0
[ 2000.823545][T100374] Node 0 active_anon:13352kB inactive_anon:0kB active_file:17244kB inactive_file:189756kB unevictable:3536kB isolated(anon):4kB isolated(file):0kB mapped:70540kB dirty:5944kB writeback:0kB shmem:5448kB shmem_thp:0kB shmem_pmdmapped:0kB anon_thp:0kB kernel_stack:6308kB pagetables:2312kB sec_pagetables:0kB all_unreclaimable? no Balloon:0kB
[ 2000.901540][T100374] Node 1 active_anon:15268kB inactive_anon:0kB active_file:12864kB inactive_file:29452kB unevictable:3536kB isolated(anon):0kB isolated(file):0kB mapped:49856kB dirty:4592kB writeback:0kB shmem:5752kB shmem_thp:0kB shmem_pmdmapped:0kB anon_thp:0kB kernel_stack:6044kB pagetables:2936kB sec_pagetables:0kB all_unreclaimable? no Balloon:0kB
[ 2000.977158][T100374] Node 0 DMA free:15112kB boost:0kB min:452kB low:564kB high:676kB reserved_highatomic:0KB free_highatomic:0KB active_anon:0kB inactive_anon:0kB active_file:0kB inactive_file:0kB unevictable:0kB writepending:0kB zspages:0kB present:15992kB managed:15360kB mlocked:0kB bounce:0kB free_pcp:244kB local_pcp:48kB free_cma:0kB
[ 2001.044653][T100374] lowmem_reserve[]: 0 1176 1176 1176 1176
[ 2001.060810][T100374] Node 0 DMA32 free:537492kB boost:0kB min:34836kB low:43544kB high:52252kB reserved_highatomic:0KB free_highatomic:0KB active_anon:13352kB inactive_anon:0kB active_file:17244kB inactive_file:189756kB unevictable:3040kB writepending:5944kB zspages:0kB present:2080772kB managed:1204832kB mlocked:0kB bounce:0kB free_pcp:3920kB local_pcp:1668kB free_cma:0kB
[ 2001.161333][T100374] lowmem_reserve[]: 0 0 0 0 0
[ 2001.179689][T100374] Node 1 DMA32 free:950764kB boost:0kB min:29136kB low:36420kB high:43704kB reserved_highatomic:0KB free_highatomic:0KB active_anon:0kB inactive_anon:0kB active_file:2984kB inactive_file:20kB unevictable:0kB writepending:2944kB zspages:0kB present:1048444kB managed:982908kB mlocked:0kB bounce:0kB free_pcp:29012kB local_pcp:9104kB free_cma:0kB
[ 2001.213915][T100374] lowmem_reserve[]: 0 0 846 846 846
[ 2001.227059][T100374] Node 1 Normal free:394940kB boost:0kB min:25680kB low:32100kB high:38520kB reserved_highatomic:0KB free_highatomic:0KB active_anon:15268kB inactive_anon:0kB active_file:9880kB inactive_file:29432kB unevictable:3536kB writepending:1648kB zspages:0kB present:1048576kB managed:866440kB mlocked:0kB bounce:0kB free_pcp:4344kB local_pcp:436kB free_cma:0kB
[ 2001.256536][T100374] lowmem_reserve[]: 0 0 0 0 0
[ 2001.262273][T100374] Node 0 DMA: 1*4kB (U) 1*8kB (U) 2*16kB (U) 1*32kB (U) 3*64kB (U) 4*128kB (U) 4*256kB (U) 4*512kB (U) 5*1024kB (U) 1*2048kB (U) 1*4096kB (U) = 15116kB
[ 2001.283174][T100374] Node 0 DMA32: 616*4kB (UME) 263*8kB (UME) 326*16kB (UME) 635*32kB (UME) 456*64kB (UME) 443*128kB (UME) 354*256kB (UM) 258*512kB (UME) 194*1024kB (UM) 0*2048kB 0*4096kB = 537368kB
[ 2001.324929][T100374] Node 1 DMA32: 7*4kB (UM) 9*8kB (UME) 9*16kB (UM) 10*32kB (UM) 9*64kB (UM) 9*128kB (UM) 11*256kB (UME) 9*512kB (UME) 3*1024kB (UE) 8*2048kB (UME) 225*4096kB (UM) = 950772kB
[ 2001.333347][T100374] Node 1 Normal: 98*4kB (UME) 976*8kB (UM) 688*16kB (UM) 70*32kB (UME) 616*64kB (UM) 484*128kB (U) 261*256kB (U) 141*512kB (U) 130*1024kB (U) 0*2048kB 0*4096kB = 394952kB
[ 2001.342863][T100374] Node 0 hugepages_total=2 hugepages_free=2 hugepages_surp=0 hugepages_size=2048kB
[ 2001.347964][T100374] Node 1 hugepages_total=2 hugepages_free=2 hugepages_surp=0 hugepages_size=2048kB
[ 2001.362685][T100374] 65132 total pagecache pages
[ 2001.369224][T100374] 0 pages in swap cache
[ 2001.372631][T100374] Free swap  = 124996kB
[ 2001.375156][T100374] Total swap = 124996kB
[ 2001.378298][T100374] 1048446 pages RAM
[ 2001.380630][T100374] 0 pages HighMem/MovableOnly
[ 2001.384747][T100374] 281061 pages reserved
[ 2001.389513][T100374] 0 pages cma reserved
[ 2002.842962][    C3] vkms_vblank_simulate: vblank timer overrun
[ 2005.472583][T100576] i2c i2c-0: Invalid block write size 137
[ 2006.483758][    C3] vkms_vblank_simulate: vblank timer overrun
[ 2006.912485][T100621] i2c i2c-0: Invalid block write size 137
[ 2006.930791][    C3] vkms_vblank_simulate: vblank timer overrun
[ 2007.647056][    C3] vkms_vblank_simulate: vblank timer overrun
[ 2008.131728][    C3] vkms_vblank_simulate: vblank timer overrun
[ 2008.404259][    C3] vkms_vblank_simulate: vblank timer overrun
[ 2009.119533][    C3] vkms_vblank_simulate: vblank timer overrun
[ 2009.607580][    C3] vkms_vblank_simulate: vblank timer overrun
[ 2009.679950][T100779] i2c i2c-0: Invalid block write size 34
[ 2009.818816][    C3] vkms_vblank_simulate: vblank timer overrun
[ 2010.050746][T100797] i2c i2c-0: Invalid block write size 137
[ 2010.281655][T100813] i2c i2c-0: Invalid block write size 137
[ 2010.789529][    C3] vkms_vblank_simulate: vblank timer overrun
[ 2010.818346][    C3] vkms_vblank_simulate: vblank timer overrun
[ 2010.927185][    C3] vkms_vblank_simulate: vblank timer overrun
[ 2011.382177][    C3] vkms_vblank_simulate: vblank timer overrun
[ 2011.606279][T100878] i2c i2c-0: Invalid block write size 137
[ 2012.320295][    C3] vkms_vblank_simulate: vblank timer overrun
[ 2012.408128][    C3] vkms_vblank_simulate: vblank timer overrun
[ 2012.629198][    C3] vkms_vblank_simulate: vblank timer overrun
[ 2014.126011][    C3] vkms_vblank_simulate: vblank timer overrun
[ 2014.522029][    C3] vkms_vblank_simulate: vblank timer overrun
[ 2014.631384][T10664] Bluetooth: hci2: command 0x0406 tx timeout
[ 2014.975023][T101084] i2c i2c-0: Invalid block write size 137
[ 2016.393267][T101140] i2c i2c-0: Invalid block write size 137
[ 2016.534075][    C3] vkms_vblank_simulate: vblank timer overrun
[ 2017.596134][    C3] vkms_vblank_simulate: vblank timer overrun
[ 2017.995423][    C3] vkms_vblank_simulate: vblank timer overrun
[ 2018.224955][T101229] i2c i2c-0: Invalid block write size 137
[ 2018.482156][    C3] vkms_vblank_simulate: vblank timer overrun
[ 2019.139449][T101294] i2c i2c-0: Invalid block write size 137
[ 2019.867176][    C3] vkms_vblank_simulate: vblank timer overrun
[ 2019.923152][T101341] i2c i2c-0: Invalid block write size 137
[ 2021.420389][T101429] i2c i2c-0: Invalid block write size 137
[ 2021.946449][    C3] vkms_vblank_simulate: vblank timer overrun
[ 2022.932156][T101517] i2c i2c-0: Invalid block write size 135
[ 2023.626372][T101546] i2c i2c-0: Invalid block write size 137
[ 2024.730365][T101595] i2c i2c-0: Invalid block write size 137
[ 2024.948472][T101584] warn_alloc: 1 callbacks suppressed
[ 2024.948490][T101584] syz.0.29765: vmalloc error: size 33558528, failed to allocated page array size 65544, mode:0xdc2(GFP_KERNEL|__GFP_HIGHMEM|__GFP_ZERO), nodemask=(null),cpuset=/,mems_allowed=0-1
[ 2025.014147][T101584] CPU: 2 UID: 0 PID: 101584 Comm: syz.0.29765 Not tainted 6.18.0 #1 PREEMPT(full) 
[ 2025.014176][T101584] Hardware name: QEMU Standard PC (i440FX + PIIX, 1996), BIOS rel-1.16.3-0-ga6ed6b701f0a-prebuilt.qemu.org 04/01/2014
[ 2025.014189][T101584] Call Trace:
[ 2025.014196][T101584]  <TASK>
[ 2025.014204][T101584]  dump_stack_lvl+0x180/0x1b0
[ 2025.014238][T101584]  warn_alloc+0x211/0x360
[ 2025.014262][T101584]  ? __pfx_warn_alloc+0x10/0x10
[ 2025.014282][T101584]  ? __pfx_alloc_vmap_area+0x10/0x10
[ 2025.014307][T101584]  ? __get_vm_area_node+0x10c/0x340
[ 2025.014339][T101584]  ? drm_property_create_blob.part.0+0x34/0x320
[ 2025.014366][T101584]  ? __vmalloc_node_noprof+0xac/0xf0
[ 2025.014398][T101584]  __vmalloc_node_range_noprof+0xfaa/0x13b0
[ 2025.014435][T101584]  ? drm_property_create_blob.part.0+0x34/0x320
[ 2025.014469][T101584]  ? __pfx___vmalloc_node_range_noprof+0x10/0x10
[ 2025.014508][T101584]  __kvmalloc_node_noprof+0x41f/0x9d0
[ 2025.014533][T101584]  ? drm_property_create_blob.part.0+0x34/0x320
[ 2025.014561][T101584]  ? drm_property_create_blob.part.0+0x34/0x320
[ 2025.014593][T101584]  ? drm_property_create_blob.part.0+0x34/0x320
[ 2025.021970][T101584]  drm_property_create_blob.part.0+0x34/0x320
[ 2025.022011][T101584]  drm_mode_createblob_ioctl+0x139/0x490
[ 2025.022042][T101584]  drm_ioctl_kernel+0x1ed/0x3e0
[ 2025.022059][T101584]  ? __pfx_drm_mode_createblob_ioctl+0x10/0x10
[ 2025.022134][T101584]  ? __pfx_drm_ioctl_kernel+0x10/0x10
[ 2025.022163][T101584]  drm_ioctl+0x574/0xb90
[ 2025.022183][T101584]  ? __pfx_drm_mode_createblob_ioctl+0x10/0x10
[ 2025.022210][T101584]  ? __pfx_drm_ioctl+0x10/0x10
[ 2025.022230][T101584]  ? hook_file_ioctl_common+0x146/0x3f0
[ 2025.022258][T101584]  ? __fget_files+0x1fb/0x3b0
[ 2025.022284][T101584]  ? __pfx_drm_ioctl+0x10/0x10
[ 2025.022302][T101584]  __x64_sys_ioctl+0x18f/0x210
[ 2025.022322][T101584]  do_syscall_64+0xcb/0xfa0
[ 2025.022372][T101584]  entry_SYSCALL_64_after_hwframe+0x77/0x7f
[ 2025.022392][T101584] RIP: 0033:0x7f7ff7db059d
[ 2025.022408][T101584] Code: 02 b8 ff ff ff ff c3 66 0f 1f 44 00 00 f3 0f 1e fa 48 89 f8 48 89 f7 48 89 d6 48 89 ca 4d 89 c2 4d 89 c8 4c 8b 4c 24 08 0f 05 <48> 3d 01 f0 ff ff 73 01 c3 48 c7 c1 a8 ff ff ff f7 d8 64 89 01 48
[ 2025.022425][T101584] RSP: 002b:00007f7ff8ba5f98 EFLAGS: 00000246 ORIG_RAX: 0000000000000010
[ 2025.022443][T101584] RAX: ffffffffffffffda RBX: 00007f7ff8025fa0 RCX: 00007f7ff7db059d
[ 2025.022455][T101584] RDX: 0000200000000180 RSI: 00000000c01064bd RDI: 0000000000000008
[ 2025.022489][T101584] RBP: 00007f7ff7e4e078 R08: 0000000000000000 R09: 0000000000000000
[ 2025.022499][T101584] R10: 0000000000000000 R11: 0000000000000246 R12: 0000000000000000
[ 2025.022525][T101584] R13: 00007f7ff8026038 R14: 00007f7ff8025fa0 R15: 00007f7ff8b86000
[ 2025.022554][T101584]  </TASK>
[ 2025.303290][T101584] Mem-Info:
[ 2025.305587][T101584] active_anon:7087 inactive_anon:0 isolated_anon:0
[ 2025.305587][T101584]  active_file:7527 inactive_file:54823 isolated_file:0
[ 2025.305587][T101584]  unevictable:1768 dirty:2389 writeback:0
[ 2025.305587][T101584]  slab_reclaimable:13850 slab_unreclaimable:65680
[ 2025.305587][T101584]  mapped:30056 shmem:2799 pagetables:1308
[ 2025.305587][T101584]  sec_pagetables:0 bounce:0
[ 2025.305587][T101584]  kernel_misc_reclaimable:0
[ 2025.305587][T101584]  free:469614 free_pcp:10850 free_cma:0
[ 2025.346790][T101584] Node 0 active_anon:13368kB inactive_anon:0kB active_file:17372kB inactive_file:189808kB unevictable:3536kB isolated(anon):0kB isolated(file):0kB mapped:70636kB dirty:5520kB writeback:0kB shmem:5448kB shmem_thp:0kB shmem_pmdmapped:0kB anon_thp:0kB kernel_stack:6276kB pagetables:2340kB sec_pagetables:0kB all_unreclaimable? no Balloon:0kB
[ 2025.391051][T101584] Node 1 active_anon:14980kB inactive_anon:0kB active_file:12736kB inactive_file:29484kB unevictable:3536kB isolated(anon):0kB isolated(file):0kB mapped:49588kB dirty:4036kB writeback:0kB shmem:5748kB shmem_thp:0kB shmem_pmdmapped:0kB anon_thp:0kB kernel_stack:6084kB pagetables:2592kB sec_pagetables:0kB all_unreclaimable? no Balloon:0kB
[ 2025.422543][T101584] Node 0 DMA free:15132kB boost:0kB min:452kB low:564kB high:676kB reserved_highatomic:0KB free_highatomic:0KB active_anon:0kB inactive_anon:0kB active_file:0kB inactive_file:0kB unevictable:0kB writepending:0kB zspages:0kB present:15992kB managed:15360kB mlocked:0kB bounce:0kB free_pcp:200kB local_pcp:28kB free_cma:0kB
[ 2025.458051][T101584] lowmem_reserve[]: 0 1176 1176 1176 1176
[ 2025.469070][T101584] Node 0 DMA32 free:537416kB boost:0kB min:34836kB low:43544kB high:52252kB reserved_highatomic:0KB free_highatomic:0KB active_anon:13368kB inactive_anon:0kB active_file:17372kB inactive_file:189808kB unevictable:3536kB writepending:5688kB zspages:0kB present:2080772kB managed:1204832kB mlocked:0kB bounce:0kB free_pcp:8056kB local_pcp:72kB free_cma:0kB
[ 2025.495920][    C3] vkms_vblank_simulate: vblank timer overrun
[ 2025.507041][T101584] lowmem_reserve[]: 0 0 0 0 0
[ 2025.517271][T101584] Node 1 DMA32 free:936136kB boost:0kB min:29136kB low:36420kB high:43704kB reserved_highatomic:0KB free_highatomic:0KB active_anon:0kB inactive_anon:0kB active_file:2984kB inactive_file:20kB unevictable:0kB writepending:2240kB zspages:0kB present:1048444kB managed:982908kB mlocked:0kB bounce:0kB free_pcp:34416kB local_pcp:11760kB free_cma:0kB
[ 2025.557186][    C3] vkms_vblank_simulate: vblank timer overrun
[ 2025.569264][T101584] lowmem_reserve[]: 0 0 846 846 846
[ 2025.575161][T101615] i2c i2c-0: Invalid block write size 34
[ 2025.577336][T101584] Node 1 Normal free:397540kB boost:0kB min:25680kB low:32100kB high:38520kB reserved_highatomic:0KB free_highatomic:0KB active_anon:15080kB inactive_anon:0kB active_file:9744kB inactive_file:29464kB unevictable:3536kB writepending:1856kB zspages:0kB present:1048576kB managed:866440kB mlocked:0kB bounce:0kB free_pcp:9012kB local_pcp:168kB free_cma:0kB
[ 2025.577396][T101584] lowmem_reserve[]: 0 0 0 0 0
[ 2025.577431][T101584] Node 0 DMA: 2*4kB (U) 0*8kB 1*16kB (U) 3*32kB (U) 3*64kB (U) 4*128kB (U) 4*256kB (U) 4*512kB (U) 3*1024kB (U) 2*2048kB (U) 1*4096kB (U) = 15160kB
[ 2025.577660][T101584] Node 0 DMA32: 238*4kB (UME) 322*8kB (UME) 558*16kB (UME) 538*32kB (UME) 460*64kB (UME) 447*128kB (UME) 354*256kB (UM) 258*512kB (UME) 194*1024kB (UM) 0*2048kB 0*4096kB = 537704kB
[ 2025.577858][T101584] Node 1 DMA32: 8*4kB (UM) 7*8kB (UME) 12*16kB (UME) 13*32kB (UME) 13*64kB (UME) 9*128kB (UME) 8*256kB (UM) 8*512kB (UM) 3*1024kB (UE) 6*2048kB (UME) 224*4096kB (UM) = 941688kB
[ 2025.578074][T101584] Node 1 Normal: 539*4kB (UME) 721*8kB (UME) 735*16kB (UM) 131*32kB (UME) 617*64kB (UM) 484*128kB (U) 261*256kB (U) 141*512kB (U) 130*1024kB (U) 0*2048kB 0*4096kB = 397444kB
[ 2025.578207][T101584] Node 0 hugepages_total=2 hugepages_free=2 hugepages_surp=0 hugepages_size=2048kB
[ 2025.578220][T101584] Node 1 hugepages_total=2 hugepages_free=2 hugepages_surp=0 hugepages_size=2048kB
[ 2025.578232][T101584] 65149 total pagecache pages
[ 2025.578239][T101584] 0 pages in swap cache
[ 2025.578269][T101584] Free swap  = 124996kB
[ 2025.578276][T101584] Total swap = 124996kB
[ 2025.578282][T101584] 1048446 pages RAM
[ 2025.578289][T101584] 0 pages HighMem/MovableOnly
[ 2025.578295][T101584] 281061 pages reserved
[ 2025.578300][T101584] 0 pages cma reserved
[ 2025.614323][    C3] vkms_vblank_simulate: vblank timer overrun
[ 2029.269208][T101792] i2c i2c-0: Invalid block write size 34
[ 2029.991771][T10664] Bluetooth: hci0: command 0x0406 tx timeout
[ 2030.407775][    C3] vkms_vblank_simulate: vblank timer overrun
[ 2031.703575][T101872] i2c i2c-0: Invalid block write size 137
[ 2031.797967][    C3] vkms_vblank_simulate: vblank timer overrun
[ 2032.987895][    C3] vkms_vblank_simulate: vblank timer overrun
[ 2033.425393][T101958] i2c i2c-0: Invalid block write size 137
[ 2035.119801][T102056] i2c i2c-0: Invalid block write size 137
[ 2036.369806][    C3] vkms_vblank_simulate: vblank timer overrun
[ 2036.978937][    C3] vkms_vblank_simulate: vblank timer overrun
[ 2037.328619][    C3] vkms_vblank_simulate: vblank timer overrun
[ 2037.457562][T10664] Bluetooth: hci2: unexpected cc 0x0c03 length: 249 > 1
[ 2037.498688][T10664] Bluetooth: hci2: unexpected cc 0x1003 length: 249 > 9
[ 2037.519820][T10664] Bluetooth: hci2: unexpected cc 0x1001 length: 249 > 9
[ 2037.531772][T10664] Bluetooth: hci2: unexpected cc 0x0c23 length: 249 > 4
[ 2037.549127][T10664] Bluetooth: hci2: unexpected cc 0x0c38 length: 249 > 2
[ 2037.674211][T11144] netdevsim netdevsim1 netdevsim3 (unregistering): unset [1, 0] type 2 family 0 port 6081 - 0
[ 2037.895075][T11144] netdevsim netdevsim1 netdevsim2 (unregistering): unset [1, 0] type 2 family 0 port 6081 - 0
[ 2038.149315][T11144] netdevsim netdevsim1 netdevsim1 (unregistering): unset [1, 0] type 2 family 0 port 6081 - 0
[ 2038.379456][T11144] netdevsim netdevsim1 netdevsim0 (unregistering): unset [1, 0] type 2 family 0 port 6081 - 0
[ 2038.651965][    C3] vkms_vblank_simulate: vblank timer overrun
[ 2038.823851][    C3] vkms_vblank_simulate: vblank timer overrun
[ 2039.053144][T11144] bridge_slave_1: left allmulticast mode
[ 2039.062965][T11144] bridge_slave_1: left promiscuous mode
[ 2039.070604][T11144] bridge0: port 2(bridge_slave_1) entered disabled state
[ 2039.113751][T11144] bridge_slave_0: left allmulticast mode
[ 2039.120896][T11144] bridge_slave_0: left promiscuous mode
[ 2039.125753][T11144] bridge0: port 1(bridge_slave_0) entered disabled state
[ 2039.223862][    C3] vkms_vblank_simulate: vblank timer overrun
[ 2039.281532][    C3] vkms_vblank_simulate: vblank timer overrun
[ 2039.587444][T10664] Bluetooth: hci2: command tx timeout
[ 2039.904753][T102305] i2c i2c-0: Invalid block write size 137
[ 2040.115885][T11144] bond0 (unregistering): (slave bond_slave_0): Releasing backup interface
[ 2040.131846][T11144] bond0 (unregistering): (slave bond_slave_1): Releasing backup interface
[ 2040.155926][T11144] bond0 (unregistering): Released all slaves
[ 2040.185614][T102161] chnl_net:caif_netlink_parms(): no params data found
[ 2040.956382][    C3] vkms_vblank_simulate: vblank timer overrun
[ 2041.077543][    C3] vkms_vblank_simulate: vblank timer overrun
[ 2041.264482][T102161] bridge0: port 1(bridge_slave_0) entered blocking state
[ 2041.269719][T102161] bridge0: port 1(bridge_slave_0) entered disabled state
[ 2041.284805][T102161] bridge_slave_0: entered allmulticast mode
[ 2041.306352][T102161] bridge_slave_0: entered promiscuous mode
[ 2041.315187][T102161] bridge0: port 2(bridge_slave_1) entered blocking state
[ 2041.320727][T102161] bridge0: port 2(bridge_slave_1) entered disabled state
[ 2041.326489][T102161] bridge_slave_1: entered allmulticast mode
[ 2041.344786][T102161] bridge_slave_1: entered promiscuous mode
[ 2041.440263][T11144] hsr_slave_0: left promiscuous mode
[ 2041.444978][T11144] hsr_slave_1: left promiscuous mode
[ 2041.451024][T11144] batman_adv: batadv0: Interface deactivated: batadv_slave_0
[ 2041.455217][T11144] batman_adv: batadv0: Removing interface: batadv_slave_0
[ 2041.475432][T11144] batman_adv: batadv0: Interface deactivated: batadv_slave_1
[ 2041.482519][T11144] batman_adv: batadv0: Removing interface: batadv_slave_1
[ 2041.556390][T11144] veth1_macvtap: left promiscuous mode
[ 2041.563462][T11144] veth0_macvtap: left promiscuous mode
[ 2041.568459][T11144] veth1_vlan: left promiscuous mode
[ 2041.573075][T11144] veth0_vlan: left promiscuous mode
[ 2041.668128][T10664] Bluetooth: hci2: command tx timeout
[ 2042.132305][T102445] i2c i2c-0: Invalid block write size 137
[ 2042.278035][    C3] vkms_vblank_simulate: vblank timer overrun
[ 2042.873424][T11144] team0 (unregistering): Port device team_slave_1 removed
[ 2043.007794][T11144] team0 (unregistering): Port device team_slave_0 removed
[ 2043.145732][T102488] i2c i2c-0: Invalid block write size 137
[ 2043.757302][T10664] Bluetooth: hci2: command tx timeout
[ 2044.524884][T102161] bond0: (slave bond_slave_0): Enslaving as an active interface with an up link
[ 2044.612902][T102161] bond0: (slave bond_slave_1): Enslaving as an active interface with an up link
[ 2044.744549][T102161] team0: Port device team_slave_0 added
[ 2044.842188][T102161] team0: Port device team_slave_1 added
[ 2045.243243][T102161] batman_adv: batadv0: Adding interface: batadv_slave_0
[ 2045.317384][T102161] batman_adv: batadv0: The MTU of interface batadv_slave_0 is too small (1500) to handle the transport of batman-adv packets. Packets going over this interface will be fragmented on layer2 which could impact the performance. Setting the MTU to 1532 would solve the problem.
[ 2045.394762][T102601] i2c i2c-0: Invalid block write size 137
[ 2045.422445][T102161] batman_adv: batadv0: Not using interface batadv_slave_0 (retrying later): interface not active
[ 2045.555404][T102161] batman_adv: batadv0: Adding interface: batadv_slave_1
[ 2045.572883][T102161] batman_adv: batadv0: The MTU of interface batadv_slave_1 is too small (1500) to handle the transport of batman-adv packets. Packets going over this interface will be fragmented on layer2 which could impact the performance. Setting the MTU to 1532 would solve the problem.
[ 2045.600242][    C3] vkms_vblank_simulate: vblank timer overrun
[ 2045.636755][T102161] batman_adv: batadv0: Not using interface batadv_slave_1 (retrying later): interface not active
[ 2045.831804][T10664] Bluetooth: hci2: command tx timeout
[ 2045.966078][T102161] hsr_slave_0: entered promiscuous mode
[ 2045.976571][T102161] hsr_slave_1: entered promiscuous mode
[ 2047.544542][T102161] netdevsim netdevsim1 netdevsim0: renamed from eth0
[ 2047.591782][T102161] netdevsim netdevsim1 netdevsim1: renamed from eth1
[ 2047.620236][T102161] netdevsim netdevsim1 netdevsim2: renamed from eth2
[ 2047.653491][T102161] netdevsim netdevsim1 netdevsim3: renamed from eth3
[ 2047.903781][T102161] 8021q: adding VLAN 0 to HW filter on device bond0
[ 2047.930771][T102161] 8021q: adding VLAN 0 to HW filter on device team0
[ 2047.951251][ T3038] bridge0: port 1(bridge_slave_0) entered blocking state
[ 2047.958748][ T3038] bridge0: port 1(bridge_slave_0) entered forwarding state
[ 2047.990648][ T3038] bridge0: port 2(bridge_slave_1) entered blocking state
[ 2047.999141][ T3038] bridge0: port 2(bridge_slave_1) entered forwarding state
[ 2048.639021][T102161] 8021q: adding VLAN 0 to HW filter on device batadv0
[ 2048.755561][T102161] veth0_vlan: entered promiscuous mode
[ 2048.799017][T102161] veth1_vlan: entered promiscuous mode
[ 2048.904366][T102161] veth0_macvtap: entered promiscuous mode
[ 2048.938312][T102161] veth1_macvtap: entered promiscuous mode
[ 2049.015454][T102161] batman_adv: batadv0: Interface activated: batadv_slave_0
[ 2049.046851][T102161] batman_adv: batadv0: Interface activated: batadv_slave_1
[ 2049.132982][T11144] netdevsim netdevsim1 netdevsim0: set [1, 0] type 2 family 0 port 6081 - 0
[ 2049.145336][T11144] netdevsim netdevsim1 netdevsim1: set [1, 0] type 2 family 0 port 6081 - 0
[ 2049.180356][T11144] netdevsim netdevsim1 netdevsim2: set [1, 0] type 2 family 0 port 6081 - 0
[ 2049.194402][T11144] netdevsim netdevsim1 netdevsim3: set [1, 0] type 2 family 0 port 6081 - 0
[ 2049.401560][T85410] wlan0: Created IBSS using preconfigured BSSID 50:50:50:50:50:50
[ 2049.415178][T85410] wlan0: Creating new IBSS network, BSSID 50:50:50:50:50:50
[ 2049.530438][ T1119] wlan1: Created IBSS using preconfigured BSSID 50:50:50:50:50:50
[ 2049.541456][ T1119] wlan1: Creating new IBSS network, BSSID 50:50:50:50:50:50
[ 2050.467262][T94320] Bluetooth: hci3: command 0x0406 tx timeout
[ 2050.560065][T102950] i2c i2c-0: Invalid block write size 137
[ 2050.565110][    C3] vkms_vblank_simulate: vblank timer overrun
[ 2050.760334][    C3] vkms_vblank_simulate: vblank timer overrun
[ 2052.092727][T103012] i2c i2c-0: Invalid block write size 34
[ 2052.457751][T103022] i2c i2c-0: Invalid block write size 34
[ 2056.443109][    C3] vkms_vblank_simulate: vblank timer overrun
[ 2057.066633][    C3] vkms_vblank_simulate: vblank timer overrun
[ 2057.414853][T94320] Bluetooth: hci0: unexpected cc 0x0c03 length: 249 > 1
[ 2057.455819][T94320] Bluetooth: hci0: unexpected cc 0x1003 length: 249 > 9
[ 2057.497988][T94320] Bluetooth: hci0: unexpected cc 0x1001 length: 249 > 9
[ 2057.524159][T94320] Bluetooth: hci0: unexpected cc 0x0c23 length: 249 > 4
[ 2057.539340][T94320] Bluetooth: hci0: unexpected cc 0x0c38 length: 249 > 2
[ 2057.994424][T63074] netdevsim netdevsim3 netdevsim3 (unregistering): unset [1, 0] type 2 family 0 port 6081 - 0
[ 2058.231692][T63074] netdevsim netdevsim3 netdevsim2 (unregistering): unset [1, 0] type 2 family 0 port 6081 - 0
[ 2058.393819][T63074] netdevsim netdevsim3 netdevsim1 (unregistering): unset [1, 0] type 2 family 0 port 6081 - 0
[ 2058.503740][T103249] chnl_net:caif_netlink_parms(): no params data found
[ 2058.579834][T63074] netdevsim netdevsim3 netdevsim0 (unregistering): unset [1, 0] type 2 family 0 port 6081 - 0
[ 2058.626299][T103362] i2c i2c-0: Invalid block write size 47
[ 2058.639317][ T1358] ieee802154 phy0 wpan0: encryption failed: -22
[ 2058.639369][ T1358] ieee802154 phy1 wpan1: encryption failed: -22
[ 2058.670767][T103362] i2c i2c-0: Invalid block write size 47
[ 2058.674127][T103362] i2c i2c-0: Invalid block write size 47
[ 2058.682521][T103362] i2c i2c-0: Invalid block write size 47
[ 2058.705795][T103362] i2c i2c-0: Invalid block write size 47
[ 2058.708325][T103362] i2c i2c-0: Invalid block write size 47
[ 2058.717922][T103362] i2c i2c-0: Invalid block write size 47
[ 2058.722701][T103362] i2c i2c-0: Invalid block write size 47
[ 2058.739997][T103362] i2c i2c-0: Invalid block write size 47
[ 2058.744772][T103362] i2c i2c-0: Invalid block write size 47
[ 2058.748681][T103362] i2c i2c-0: Invalid block write size 47
[ 2058.753112][T103362] i2c i2c-0: Invalid block write size 47
[ 2058.756846][T103362] i2c i2c-0: Invalid block write size 47
[ 2058.763356][T103362] i2c i2c-0: Invalid block write size 47
[ 2058.769232][T103362] i2c i2c-0: Invalid block write size 47
[ 2058.774902][T103362] i2c i2c-0: Invalid block write size 47
[ 2058.779029][T103362] i2c i2c-0: Invalid block write size 47
[ 2058.782477][T103362] i2c i2c-0: Invalid block write size 47
[ 2058.785928][T103362] i2c i2c-0: Invalid block write size 47
[ 2058.790747][T103362] i2c i2c-0: Invalid block write size 47
[ 2058.795408][T103362] i2c i2c-0: Invalid block write size 47
[ 2058.803890][T103362] i2c i2c-0: Invalid block write size 47
[ 2058.808116][T103362] i2c i2c-0: Invalid block write size 47
[ 2058.811460][T103362] i2c i2c-0: Invalid block write size 47
[ 2058.815245][T103362] i2c i2c-0: Invalid block write size 47
[ 2058.819831][T103362] i2c i2c-0: Invalid block write size 47
[ 2058.823365][T103362] i2c i2c-0: Invalid block write size 47
[ 2058.826890][T103362] i2c i2c-0: Invalid block write size 47
[ 2058.830699][T103362] i2c i2c-0: Invalid block write size 47
[ 2058.834540][T103362] i2c i2c-0: Invalid block write size 47
[ 2058.838562][T103362] i2c i2c-0: Invalid block write size 47
[ 2058.842021][T103362] i2c i2c-0: Invalid block write size 47
[ 2058.845569][T103362] i2c i2c-0: Invalid block write size 47
[ 2058.861845][T103249] bridge0: port 1(bridge_slave_0) entered blocking state
[ 2058.866441][T103249] bridge0: port 1(bridge_slave_0) entered disabled state
[ 2058.871212][T103249] bridge_slave_0: entered allmulticast mode
[ 2058.887082][T103249] bridge_slave_0: entered promiscuous mode
[ 2058.912472][T103249] bridge0: port 2(bridge_slave_1) entered blocking state
[ 2058.960662][T103249] bridge0: port 2(bridge_slave_1) entered disabled state
[ 2058.975774][T103249] bridge_slave_1: entered allmulticast mode
[ 2058.988576][T103249] bridge_slave_1: entered promiscuous mode
[ 2059.044021][T103423] i2c i2c-0: Invalid block write size 137
[ 2059.186819][T103249] bond0: (slave bond_slave_0): Enslaving as an active interface with an up link
[ 2059.190613][T103451] i2c i2c-0: Invalid block write size 34
[ 2059.208899][T103249] bond0: (slave bond_slave_1): Enslaving as an active interface with an up link
[ 2059.393732][T103249] team0: Port device team_slave_0 added
[ 2059.422221][T103249] team0: Port device team_slave_1 added
[ 2059.443117][T63074] bridge_slave_1: left allmulticast mode
[ 2059.454064][T63074] bridge_slave_1: left promiscuous mode
[ 2059.472450][T63074] bridge0: port 2(bridge_slave_1) entered disabled state
[ 2059.498148][T63074] bridge_slave_0: left allmulticast mode
[ 2059.509855][T63074] bridge_slave_0: left promiscuous mode
[ 2059.512277][T63074] bridge0: port 1(bridge_slave_0) entered disabled state
[ 2059.681672][T94320] Bluetooth: hci0: command tx timeout
[ 2060.171104][    C3] vkms_vblank_simulate: vblank timer overrun
[ 2060.205764][    C3] vkms_vblank_simulate: vblank timer overrun
[ 2060.464345][T63074] bond0 (unregistering): (slave bond_slave_0): Releasing backup interface
[ 2060.509124][T63074] bond0 (unregistering): (slave bond_slave_1): Releasing backup interface
[ 2060.532872][T63074] bond0 (unregistering): Released all slaves
[ 2060.761500][    C3] vkms_vblank_simulate: vblank timer overrun
[ 2060.779652][T103249] batman_adv: batadv0: Adding interface: batadv_slave_0
[ 2060.786758][T103249] batman_adv: batadv0: The MTU of interface batadv_slave_0 is too small (1500) to handle the transport of batman-adv packets. Packets going over this interface will be fragmented on layer2 which could impact the performance. Setting the MTU to 1532 would solve the problem.
[ 2060.825217][    C3] vkms_vblank_simulate: vblank timer overrun
[ 2060.836385][T103249] batman_adv: batadv0: Not using interface batadv_slave_0 (retrying later): interface not active
[ 2060.876476][T103249] batman_adv: batadv0: Adding interface: batadv_slave_1
[ 2060.898859][T103249] batman_adv: batadv0: The MTU of interface batadv_slave_1 is too small (1500) to handle the transport of batman-adv packets. Packets going over this interface will be fragmented on layer2 which could impact the performance. Setting the MTU to 1532 would solve the problem.
[ 2060.949802][T103249] batman_adv: batadv0: Not using interface batadv_slave_1 (retrying later): interface not active
[ 2061.413445][T103249] hsr_slave_0: entered promiscuous mode
[ 2061.414701][    C3] vkms_vblank_simulate: vblank timer overrun
[ 2061.420579][T103249] hsr_slave_1: entered promiscuous mode
[ 2061.435010][T103249] debugfs: 'hsr0' already exists in 'hsr'
[ 2061.441824][T103249] Cannot create hsr debugfs directory
[ 2061.567894][    C3] vkms_vblank_simulate: vblank timer overrun
[ 2061.755750][T94320] Bluetooth: hci0: command tx timeout
[ 2062.191132][T103672] i2c i2c-0: Invalid block write size 138
[ 2062.362792][    C3] vkms_vblank_simulate: vblank timer overrun
[ 2062.426828][T63074] hsr_slave_0: left promiscuous mode
[ 2062.461789][T63074] hsr_slave_1: left promiscuous mode
[ 2062.528576][T63074] batman_adv: batadv0: Interface deactivated: batadv_slave_0
[ 2062.539723][T63074] batman_adv: batadv0: Removing interface: batadv_slave_0
[ 2062.587023][T63074] batman_adv: batadv0: Interface deactivated: batadv_slave_1
[ 2062.617282][T63074] batman_adv: batadv0: Removing interface: batadv_slave_1
[ 2062.672381][T63074] veth1_macvtap: left promiscuous mode
[ 2062.675568][T63074] veth0_macvtap: left promiscuous mode
[ 2062.680981][T63074] veth1_vlan: left promiscuous mode
[ 2062.685191][T63074] veth0_vlan: left promiscuous mode
[ 2062.878612][    C3] vkms_vblank_simulate: vblank timer overrun
[ 2063.498688][T103731] i2c i2c-0: Invalid block write size 138
[ 2063.753731][    C3] vkms_vblank_simulate: vblank timer overrun
[ 2063.827780][    C3] vkms_vblank_simulate: vblank timer overrun
[ 2063.829923][T94320] Bluetooth: hci0: command tx timeout
[ 2064.043724][    C3] vkms_vblank_simulate: vblank timer overrun
[ 2064.335055][    C3] vkms_vblank_simulate: vblank timer overrun
[ 2064.460277][T63074] team0 (unregistering): Port device team_slave_1 removed
[ 2064.536709][T63074] team0 (unregistering): Port device team_slave_0 removed
[ 2065.392559][    C3] vkms_vblank_simulate: vblank timer overrun
[ 2065.911068][T94320] Bluetooth: hci0: command tx timeout
[ 2066.247867][    C3] vkms_vblank_simulate: vblank timer overrun
[ 2066.596739][    C3] vkms_vblank_simulate: vblank timer overrun
[ 2067.232551][T103249] netdevsim netdevsim3 netdevsim0: renamed from eth0
[ 2067.269387][T103249] netdevsim netdevsim3 netdevsim1: renamed from eth1
[ 2067.301218][T103249] netdevsim netdevsim3 netdevsim2: renamed from eth2
[ 2067.334518][T103249] netdevsim netdevsim3 netdevsim3: renamed from eth3
[ 2067.648898][T103249] 8021q: adding VLAN 0 to HW filter on device bond0
[ 2067.676618][T103249] 8021q: adding VLAN 0 to HW filter on device team0
[ 2067.724111][T96705] bridge0: port 1(bridge_slave_0) entered blocking state
[ 2067.737344][T96705] bridge0: port 1(bridge_slave_0) entered forwarding state
[ 2067.778309][T96705] bridge0: port 2(bridge_slave_1) entered blocking state
[ 2067.789491][T96705] bridge0: port 2(bridge_slave_1) entered forwarding state
[ 2068.264600][T103249] 8021q: adding VLAN 0 to HW filter on device batadv0
[ 2068.382569][T103249] veth0_vlan: entered promiscuous mode
[ 2068.402684][T103249] veth1_vlan: entered promiscuous mode
[ 2068.467741][T103249] veth0_macvtap: entered promiscuous mode
[ 2068.474311][T103249] veth1_macvtap: entered promiscuous mode
[ 2068.537017][T103249] batman_adv: batadv0: Interface activated: batadv_slave_0
[ 2068.561900][T103249] batman_adv: batadv0: Interface activated: batadv_slave_1
[ 2068.596485][T11144] netdevsim netdevsim3 netdevsim0: set [1, 0] type 2 family 0 port 6081 - 0
[ 2068.624717][T11144] netdevsim netdevsim3 netdevsim1: set [1, 0] type 2 family 0 port 6081 - 0
[ 2068.648871][T11144] netdevsim netdevsim3 netdevsim2: set [1, 0] type 2 family 0 port 6081 - 0
[ 2068.764477][T11144] netdevsim netdevsim3 netdevsim3: set [1, 0] type 2 family 0 port 6081 - 0
[ 2068.995522][ T4587] wlan0: Created IBSS using preconfigured BSSID 50:50:50:50:50:50
[ 2069.014932][ T4587] wlan0: Creating new IBSS network, BSSID 50:50:50:50:50:50
[ 2069.146388][ T1126] wlan1: Created IBSS using preconfigured BSSID 50:50:50:50:50:50
[ 2069.174046][ T1126] wlan1: Creating new IBSS network, BSSID 50:50:50:50:50:50
[ 2070.304396][T10664] Bluetooth: hci3: unexpected cc 0x0c03 length: 249 > 1
[ 2070.316817][T10664] Bluetooth: hci3: unexpected cc 0x1003 length: 249 > 9
[ 2070.330538][T10664] Bluetooth: hci3: unexpected cc 0x1001 length: 249 > 9
[ 2070.369528][T10664] Bluetooth: hci3: unexpected cc 0x0c23 length: 249 > 4
[ 2070.394219][T10664] Bluetooth: hci3: unexpected cc 0x0c38 length: 249 > 2
[ 2070.692173][ T9385] netdevsim netdevsim0 netdevsim3 (unregistering): unset [1, 0] type 2 family 0 port 6081 - 0
[ 2070.921226][ T9385] netdevsim netdevsim0 netdevsim2 (unregistering): unset [1, 0] type 2 family 0 port 6081 - 0
[ 2071.162492][ T9385] netdevsim netdevsim0 netdevsim1 (unregistering): unset [1, 0] type 2 family 0 port 6081 - 0
[ 2071.380455][T104088] chnl_net:caif_netlink_parms(): no params data found
[ 2071.481748][T104194] i2c i2c-0: Invalid block write size 137
[ 2071.620692][ T9385] netdevsim netdevsim0 netdevsim0 (unregistering): unset [1, 0] type 2 family 0 port 6081 - 0
[ 2071.894119][T104088] bridge0: port 1(bridge_slave_0) entered blocking state
[ 2071.913548][T104088] bridge0: port 1(bridge_slave_0) entered disabled state
[ 2071.925950][T104088] bridge_slave_0: entered allmulticast mode
[ 2071.951479][T104088] bridge_slave_0: entered promiscuous mode
[ 2071.956910][T104088] bridge0: port 2(bridge_slave_1) entered blocking state
[ 2071.960456][T104088] bridge0: port 2(bridge_slave_1) entered disabled state
[ 2071.980166][T104088] bridge_slave_1: entered allmulticast mode
[ 2072.002069][T104088] bridge_slave_1: entered promiscuous mode
[ 2072.136555][T104088] bond0: (slave bond_slave_0): Enslaving as an active interface with an up link
[ 2072.186578][T104088] bond0: (slave bond_slave_1): Enslaving as an active interface with an up link
[ 2072.364028][T104088] team0: Port device team_slave_0 added
[ 2072.380886][T104088] team0: Port device team_slave_1 added
[ 2072.428984][    C3] vkms_vblank_simulate: vblank timer overrun
[ 2072.468646][T10664] Bluetooth: hci3: command tx timeout
[ 2072.507708][ T9385] bridge_slave_1: left allmulticast mode
[ 2072.519136][ T9385] bridge_slave_1: left promiscuous mode
[ 2072.525886][ T9385] bridge0: port 2(bridge_slave_1) entered disabled state
[ 2072.663238][ T9385] bridge_slave_0: left allmulticast mode
[ 2072.689509][ T9385] bridge_slave_0: left promiscuous mode
[ 2072.700793][ T9385] bridge0: port 1(bridge_slave_0) entered disabled state
[ 2073.566553][ T9385] bond0 (unregistering): (slave bond_slave_0): Releasing backup interface
[ 2073.582036][ T9385] bond0 (unregistering): (slave bond_slave_1): Releasing backup interface
[ 2073.599705][ T9385] bond0 (unregistering): Released all slaves
[ 2073.969018][T104088] batman_adv: batadv0: Adding interface: batadv_slave_0
[ 2073.988029][T104088] batman_adv: batadv0: The MTU of interface batadv_slave_0 is too small (1500) to handle the transport of batman-adv packets. Packets going over this interface will be fragmented on layer2 which could impact the performance. Setting the MTU to 1532 would solve the problem.
[ 2074.042564][    C3] vkms_vblank_simulate: vblank timer overrun
[ 2074.065701][T104088] batman_adv: batadv0: Not using interface batadv_slave_0 (retrying later): interface not active
[ 2074.119506][T104088] batman_adv: batadv0: Adding interface: batadv_slave_1
[ 2074.126742][T104088] batman_adv: batadv0: The MTU of interface batadv_slave_1 is too small (1500) to handle the transport of batman-adv packets. Packets going over this interface will be fragmented on layer2 which could impact the performance. Setting the MTU to 1532 would solve the problem.
[ 2074.165160][    C3] vkms_vblank_simulate: vblank timer overrun
[ 2074.173291][T104088] batman_adv: batadv0: Not using interface batadv_slave_1 (retrying later): interface not active
[ 2074.547780][T10664] Bluetooth: hci3: command tx timeout
[ 2075.201598][T104088] hsr_slave_0: entered promiscuous mode
[ 2075.212791][T104088] hsr_slave_1: entered promiscuous mode
[ 2075.239818][T104088] debugfs: 'hsr0' already exists in 'hsr'
[ 2075.242751][T104088] Cannot create hsr debugfs directory
[ 2075.402340][ T9385] hsr_slave_0: left promiscuous mode
[ 2075.428853][    C3] vkms_vblank_simulate: vblank timer overrun
[ 2075.434652][ T9385] hsr_slave_1: left promiscuous mode
[ 2075.442429][ T9385] batman_adv: batadv0: Interface deactivated: batadv_slave_0
[ 2075.446130][ T9385] batman_adv: batadv0: Removing interface: batadv_slave_0
[ 2075.475091][ T9385] batman_adv: batadv0: Interface deactivated: batadv_slave_1
[ 2075.491495][ T9385] batman_adv: batadv0: Removing interface: batadv_slave_1
[ 2075.531984][ T9385] veth1_macvtap: left promiscuous mode
[ 2075.542601][ T9385] veth0_macvtap: left promiscuous mode
[ 2075.550919][ T9385] veth1_vlan: left promiscuous mode
[ 2075.557161][ T9385] veth0_vlan: left promiscuous mode
[ 2075.792346][    C3] vkms_vblank_simulate: vblank timer overrun
[ 2076.615473][    C3] vkms_vblank_simulate: vblank timer overrun
[ 2076.629647][T10664] Bluetooth: hci3: command tx timeout
[ 2076.881816][    C3] vkms_vblank_simulate: vblank timer overrun
[ 2077.125451][ T9385] team0 (unregistering): Port device team_slave_1 removed
[ 2077.235071][ T9385] team0 (unregistering): Port device team_slave_0 removed
[ 2077.682498][    C3] vkms_vblank_simulate: vblank timer overrun
[ 2077.946174][T104643] i2c i2c-0: Invalid block write size 137
[ 2078.243688][    C3] vkms_vblank_simulate: vblank timer overrun
[ 2078.344735][    C3] vkms_vblank_simulate: vblank timer overrun
[ 2078.707900][T10664] Bluetooth: hci3: command tx timeout
[ 2079.010463][T104743] i2c i2c-0: Invalid block write size 137
[ 2079.907876][T104783] warn_alloc: 2 callbacks suppressed
[ 2079.907893][T104783] syz.2.30598: vmalloc error: size 35651584, failed to allocated page array size 69632, mode:0xdc2(GFP_KERNEL|__GFP_HIGHMEM|__GFP_ZERO), nodemask=(null),cpuset=/,mems_allowed=0-1
[ 2079.957301][T104783] CPU: 3 UID: 0 PID: 104783 Comm: syz.2.30598 Not tainted 6.18.0 #1 PREEMPT(full) 
[ 2079.957327][T104783] Hardware name: QEMU Standard PC (i440FX + PIIX, 1996), BIOS rel-1.16.3-0-ga6ed6b701f0a-prebuilt.qemu.org 04/01/2014
[ 2079.957385][T104783] Call Trace:
[ 2079.957393][T104783]  <TASK>
[ 2079.957401][T104783]  dump_stack_lvl+0x180/0x1b0
[ 2079.957444][T104783]  warn_alloc+0x211/0x360
[ 2079.957466][T104783]  ? __pfx_warn_alloc+0x10/0x10
[ 2079.957486][T104783]  ? __pfx_alloc_vmap_area+0x10/0x10
[ 2079.957510][T104783]  ? __get_vm_area_node+0x10c/0x340
[ 2079.957541][T104783]  ? drm_property_create_blob.part.0+0x34/0x320
[ 2079.957568][T104783]  ? __vmalloc_node_noprof+0xac/0xf0
[ 2079.957598][T104783]  __vmalloc_node_range_noprof+0xfaa/0x13b0
[ 2079.957634][T104783]  ? drm_property_create_blob.part.0+0x34/0x320
[ 2079.957667][T104783]  ? __pfx___vmalloc_node_range_noprof+0x10/0x10
[ 2079.957704][T104783]  __kvmalloc_node_noprof+0x41f/0x9d0
[ 2079.957727][T104783]  ? drm_property_create_blob.part.0+0x34/0x320
[ 2079.957754][T104783]  ? drm_property_create_blob.part.0+0x34/0x320
[ 2079.957784][T104783]  ? drm_property_create_blob.part.0+0x34/0x320
[ 2079.957870][T104783]  drm_property_create_blob.part.0+0x34/0x320
[ 2079.957901][T104783]  drm_mode_createblob_ioctl+0x139/0x490
[ 2079.957929][T104783]  drm_ioctl_kernel+0x1ed/0x3e0
[ 2079.957963][T104783]  ? __pfx_drm_mode_createblob_ioctl+0x10/0x10
[ 2079.957989][T104783]  ? __pfx_drm_ioctl_kernel+0x10/0x10
[ 2079.958013][T104783]  drm_ioctl+0x574/0xb90
[ 2079.958032][T104783]  ? __pfx_drm_mode_createblob_ioctl+0x10/0x10
[ 2079.958059][T104783]  ? __pfx_drm_ioctl+0x10/0x10
[ 2079.958078][T104783]  ? hook_file_ioctl_common+0x146/0x3f0
[ 2079.958107][T104783]  ? __fget_files+0x1fb/0x3b0
[ 2079.958131][T104783]  ? __pfx_drm_ioctl+0x10/0x10
[ 2079.958148][T104783]  __x64_sys_ioctl+0x18f/0x210
[ 2079.958167][T104783]  do_syscall_64+0xcb/0xfa0
[ 2079.958196][T104783]  entry_SYSCALL_64_after_hwframe+0x77/0x7f
[ 2079.958214][T104783] RIP: 0033:0x7f36ecfb059d
[ 2079.958230][T104783] Code: 02 b8 ff ff ff ff c3 66 0f 1f 44 00 00 f3 0f 1e fa 48 89 f8 48 89 f7 48 89 d6 48 89 ca 4d 89 c2 4d 89 c8 4c 8b 4c 24 08 0f 05 <48> 3d 01 f0 ff ff 73 01 c3 48 c7 c1 a8 ff ff ff f7 d8 64 89 01 48
[ 2079.958247][T104783] RSP: 002b:00007f36eb1f5f98 EFLAGS: 00000246 ORIG_RAX: 0000000000000010
[ 2079.958263][T104783] RAX: ffffffffffffffda RBX: 00007f36ed225fa0 RCX: 00007f36ecfb059d
[ 2079.958274][T104783] RDX: 0000200000000180 RSI: 00000000c01064bd RDI: 0000000000000005
[ 2079.958286][T104783] RBP: 00007f36ed04e078 R08: 0000000000000000 R09: 0000000000000000
[ 2079.958296][T104783] R10: 0000000000000000 R11: 0000000000000246 R12: 0000000000000000
[ 2079.958305][T104783] R13: 00007f36ed226038 R14: 00007f36ed225fa0 R15: 00007f36eb1d6000
[ 2079.958331][T104783]  </TASK>
[ 2080.035133][T104088] netdevsim netdevsim0 netdevsim0: renamed from eth0
[ 2080.051529][    C3] vkms_vblank_simulate: vblank timer overrun
[ 2080.355508][    C3] vkms_vblank_simulate: vblank timer overrun
[ 2080.465427][    C3] vkms_vblank_simulate: vblank timer overrun
[ 2080.506653][T104783] Mem-Info:
[ 2080.509076][T104783] active_anon:7813 inactive_anon:0 isolated_anon:0
[ 2080.509076][T104783]  active_file:7583 inactive_file:54893 isolated_file:0
[ 2080.509076][T104783]  unevictable:1768 dirty:2676 writeback:0
[ 2080.509076][T104783]  slab_reclaimable:13786 slab_unreclaimable:64626
[ 2080.509076][T104783]  mapped:30397 shmem:2800 pagetables:1326
[ 2080.509076][T104783]  sec_pagetables:0 bounce:0
[ 2080.509076][T104783]  kernel_misc_reclaimable:0
[ 2080.509076][T104783]  free:470961 free_pcp:11869 free_cma:0
[ 2080.534292][T104783] Node 0 active_anon:13288kB inactive_anon:0kB active_file:17824kB inactive_file:189956kB unevictable:3536kB isolated(anon):0kB isolated(file):0kB mapped:64700kB dirty:6508kB writeback:0kB shmem:5460kB shmem_thp:0kB shmem_pmdmapped:0kB anon_thp:0kB kernel_stack:5880kB pagetables:2356kB sec_pagetables:0kB all_unreclaimable? no Balloon:0kB
[ 2080.552668][T104783] Node 1 active_anon:17964kB inactive_anon:0kB active_file:12508kB inactive_file:29616kB unevictable:3536kB isolated(anon):0kB isolated(file):0kB mapped:56888kB dirty:4196kB writeback:0kB shmem:5740kB shmem_thp:0kB shmem_pmdmapped:0kB anon_thp:0kB kernel_stack:6428kB pagetables:2948kB sec_pagetables:0kB all_unreclaimable? no Balloon:0kB
[ 2080.587276][    C3] vkms_vblank_simulate: vblank timer overrun
[ 2080.604409][T104088] netdevsim netdevsim0 netdevsim1: renamed from eth1
[ 2080.623929][T104783] Node 0 DMA free:15056kB boost:0kB min:452kB low:564kB high:676kB reserved_highatomic:0KB free_highatomic:0KB active_anon:0kB inactive_anon:0kB active_file:0kB inactive_file:0kB unevictable:0kB writepending:0kB zspages:0kB present:15992kB managed:15360kB mlocked:0kB bounce:0kB free_pcp:292kB local_pcp:52kB free_cma:0kB
[ 2080.663528][    C3] vkms_vblank_simulate: vblank timer overrun
[ 2080.681314][T104783] lowmem_reserve[]: 0 1176 1176 1176 1176
[ 2080.691945][T104783] Node 0 DMA32 free:539132kB boost:0kB min:34836kB low:43544kB high:52252kB reserved_highatomic:0KB free_highatomic:0KB active_anon:12660kB inactive_anon:0kB active_file:17808kB inactive_file:189956kB unevictable:3536kB writepending:6504kB zspages:0kB present:2080772kB managed:1204832kB mlocked:0kB bounce:0kB free_pcp:13512kB local_pcp:244kB free_cma:0kB
[ 2080.744936][    C3] vkms_vblank_simulate: vblank timer overrun
[ 2080.759611][T104783] lowmem_reserve[]: 0 0 0 0 0
[ 2080.764710][T104783] Node 1 DMA32 free:954656kB boost:0kB min:29136kB low:36420kB high:43704kB reserved_highatomic:0KB free_highatomic:0KB active_anon:224kB inactive_anon:0kB active_file:2364kB inactive_file:20kB unevictable:0kB writepending:2016kB zspages:0kB present:1048444kB managed:982908kB mlocked:0kB bounce:0kB free_pcp:22504kB local_pcp:5248kB free_cma:0kB
[ 2080.766492][T104088] netdevsim netdevsim0 netdevsim2: renamed from eth2
[ 2080.799402][    C3] vkms_vblank_simulate: vblank timer overrun
[ 2080.811728][T104783] lowmem_reserve[]: 0 0 846 846 846
[ 2080.822137][T104783] Node 1 Normal free:391836kB boost:0kB min:25680kB low:32100kB high:38520kB reserved_highatomic:0KB free_highatomic:0KB active_anon:17840kB inactive_anon:0kB active_file:10184kB inactive_file:29608kB unevictable:3536kB writepending:2212kB zspages:0kB present:1048576kB managed:866440kB mlocked:0kB bounce:0kB free_pcp:9024kB local_pcp:2296kB free_cma:0kB
[ 2080.853921][    C3] vkms_vblank_simulate: vblank timer overrun
[ 2080.864000][T104783] lowmem_reserve[]: 0 0 0 0 0
