last executing test programs:

7.336463148s ago: executing program 2 (id=3961):
openat$sndtimer(0xffffffffffffff9c, 0x0, 0x800100)
openat$sndseq(0xffffffffffffff9c, &(0x7f0000000080), 0x100)
syz_open_dev$dri(&(0x7f0000000180), 0x8000000000000001, 0x12180)
mmap$snddsp_control(&(0x7f0000ffa000/0x4000)=nil, 0xc00000, 0x200000f, 0x9e831, 0xffffffffffffffff, 0x83000000)
mmap$snddsp_status(&(0x7f0000ffc000/0x3000)=nil, 0x1000, 0x5, 0x82012, 0xffffffffffffffff, 0x82000000)
mmap$snddsp(&(0x7f0000ffb000/0x3000)=nil, 0x3000, 0x0, 0x20031, 0xffffffffffffffff, 0xb000)
syz_open_dev$sndpcmp(&(0x7f0000000000), 0x0, 0x8000)
mmap$snddsp_control(&(0x7f0000ffb000/0x3000)=nil, 0xc00000, 0x200000f, 0x9e832, 0xffffffffffffffff, 0x83000000)
mmap$snddsp(&(0x7f0000ffd000/0x3000)=nil, 0x3000, 0x1, 0x12, 0xffffffffffffffff, 0x3000)
r0 = syz_open_dev$sndpcmp(&(0x7f0000000080), 0x95a7, 0x1a1000)
mmap$snddsp_control(&(0x7f00007cd000/0x4000)=nil, 0xc00000, 0x0, 0x96012, r0, 0x83000000)

6.211868498s ago: executing program 0 (id=3966):
r0 = openat$sndseq(0xffffffffffffff9c, &(0x7f0000000000), 0x40402)
syz_open_dev$sndpcmp(0x0, 0x0, 0x402000)
openat$sndseq(0xffffffffffffff9c, 0x0, 0x400)
ioctl$SNDRV_CTL_IOCTL_PCM_PREFER_SUBDEVICE(0xffffffffffffffff, 0x5451, 0x0)
ioctl$SNDRV_TIMER_IOCTL_PARAMS(0xffffffffffffffff, 0x40505412, 0x0)
ioctl$SNDRV_TIMER_IOCTL_START(0xffffffffffffffff, 0x54a0)
mmap$snddsp(&(0x7f0000ff9000/0x4000)=nil, 0x4000, 0x7, 0x12, 0xffffffffffffffff, 0x10000)
ioctl$SNDRV_TIMER_IOCTL_CONTINUE(0xffffffffffffffff, 0x54a2)
r1 = openat$sndtimer(0xffffffffffffff9c, 0x0, 0x101240)
ioctl$SNDRV_TIMER_IOCTL_STATUS32(r1, 0x80585414, 0x0)
mmap$snddsp_control(&(0x7f0000000000/0x4000)=nil, 0x1000, 0x1, 0x32, 0xffffffffffffffff, 0x83000000)
ioctl$SNDRV_SEQ_IOCTL_CREATE_QUEUE(r0, 0xc08c5332, &(0x7f0000000100)={0x9, 0x9, 0x0, 'queue0\x00', 0x73fa})
mmap$snddsp_control(&(0x7f0000ffb000/0x3000)=nil, 0xc00000, 0xf, 0x9e832, 0xffffffffffffffff, 0x83000000)
mmap$snddsp_control(&(0x7f0000ffb000/0x3000)=nil, 0xc00000, 0xf, 0x9e832, 0xffffffffffffffff, 0x83000000)
ioctl$SNDRV_SEQ_IOCTL_SET_QUEUE_CLIENT(r0, 0x404c534a, &(0x7f00000001c0)={0xa86, 0xfffffffe, 0xf9a})
syz_open_dev$dri(0x0, 0xfffffffffffffffc, 0x40000)

5.928993675s ago: executing program 2 (id=3970):
r0 = syz_open_dev$sndctrl(&(0x7f0000000000), 0xa46, 0x1)
ioctl$SNDRV_CTL_IOCTL_PCM_PREFER_SUBDEVICE(r0, 0xc0189436, &(0x7f0000000280))
mmap$snddsp_control(&(0x7f0000ffb000/0x3000)=nil, 0xc00000, 0x200000f, 0x9e831, 0xffffffffffffffff, 0x83000000)
openat$sndtimer(0xffffffffffffff9c, 0x0, 0x2000)
syz_open_dev$dri(&(0x7f0000000000), 0xfffffffffffffffc, 0x0)
ioctl$DRM_IOCTL_MODE_CREATE_DUMB(0xffffffffffffffff, 0xc02064b2, &(0x7f0000000080)={0x8, 0x4, 0x10000})
ioctl$DRM_IOCTL_MODE_CREATE_DUMB(0xffffffffffffffff, 0xc02064b2, &(0x7f00000001c0)={0x1, 0x1, 0x7})
ioctl$SNDRV_PCM_IOCTL_DRAIN(0xffffffffffffffff, 0x4144, 0x0)
ioctl$SNDRV_PCM_IOCTL_HW_REFINE_OLD(0xffffffffffffffff, 0xc1004110, &(0x7f0000000240)={0xa, [0x1, 0x8, 0x6], [{0x200, 0x201, 0x0, 0x1}, {0x7a8, 0x3, 0x0, 0x1}, {0x4, 0x4, 0x1, 0x0, 0x1}, {0x7, 0x4, 0x1, 0x1, 0x1}, {0x5, 0x80000000, 0x0, 0x1, 0x1}, {0x9, 0x4, 0x1, 0x1}, {0x2f8, 0x7, 0x1}, {0x0, 0x0, 0x1, 0x0, 0x1}, {0x97, 0x7, 0x1}, {0xfffffff7, 0x5a28, 0x1, 0x1, 0x1}, {0x3, 0xc, 0x1, 0x1, 0x1}, {0x2}], 0x8})
mmap$snddsp_control(&(0x7f0000ffb000/0x3000)=nil, 0xc00000, 0x200000f, 0x9e832, 0xffffffffffffffff, 0x83000000)
mmap$snddsp_control(&(0x7f0000ffb000/0x3000)=nil, 0xc00000, 0x200000f, 0x9e832, 0xffffffffffffffff, 0x83000000)
r1 = syz_open_dev$sndpcmp(&(0x7f0000000080), 0x95a7, 0x1a1000)
mmap$snddsp_control(&(0x7f00007cd000/0x4000)=nil, 0xc00000, 0x0, 0x96012, r1, 0x83000000)
mmap$snddsp(&(0x7f0000ffb000/0x3000)=nil, 0x3000, 0x0, 0x20031, 0xffffffffffffffff, 0xb000)
r2 = syz_open_dev$sndpcmp(0x0, 0x95a7, 0x1a1000)
mmap$snddsp_control(&(0x7f00007cd000/0x2000)=nil, 0x1000, 0x2f, 0x2812, r2, 0x83000000)

5.063454648s ago: executing program 1 (id=3971):
r0 = syz_open_dev$sndpcmp(&(0x7f00000008c0), 0x95a7, 0x183000)
mmap$snddsp_control(&(0x7f0000902000/0x4000)=nil, 0x1000, 0x3000021, 0x2812, r0, 0x83000000)
r1 = syz_open_dev$sndpcmp(&(0x7f00000008c0), 0x95a7, 0x183000)
r2 = syz_open_dev$sndctrl(&(0x7f0000000000), 0xa, 0x8241)
ioctl$SNDRV_CTL_IOCTL_RAWMIDI_PREFER_SUBDEVICE(r2, 0xc0b45545, 0x0)
mmap$snddsp(&(0x7f0000ffb000/0x3000)=nil, 0x3000, 0x0, 0x20031, 0xffffffffffffffff, 0xb000)
ioctl$SNDRV_CTL_IOCTL_PCM_PREFER_SUBDEVICE(0xffffffffffffffff, 0x5452, &(0x7f0000000040)=0x2)
r3 = syz_open_dev$sndpcmp(&(0x7f0000000080), 0x95a7, 0x1a1000)
r4 = syz_open_dev$sndpcmp(&(0x7f00000008c0), 0x95a7, 0x183000)
mmap$snddsp_status(&(0x7f0000ffa000/0x4000)=nil, 0x1000, 0x4, 0x11, r4, 0x82000000)
r5 = syz_open_dev$sndpcmp(&(0x7f0000000000), 0x0, 0x2000)
mmap$snddsp_control(&(0x7f0000ffc000/0x1000)=nil, 0x1021, 0x3000005, 0x12, r5, 0x83000000)
mmap$snddsp(&(0x7f0000ffe000/0x2000)=nil, 0x2000, 0x7, 0x12, r5, 0x10000)
mmap$snddsp_control(&(0x7f0000ffd000/0x1000)=nil, 0x1000, 0x1000007, 0x32, 0xffffffffffffffff, 0x83000000)
mmap$snddsp_control(&(0x7f0000902000/0x4000)=nil, 0x1000, 0x3000021, 0x2812, r3, 0x83000000)
mmap$snddsp_control(&(0x7f00007cd000/0x4000)=nil, 0xc00000, 0x0, 0x96012, r3, 0x83000000)
mmap$snddsp_status(&(0x7f0000ffa000/0x4000)=nil, 0x1000, 0x4, 0x11, r1, 0x82000000)
mmap$snddsp_control(&(0x7f0000ffc000/0x1000)=nil, 0x1000, 0x1000007, 0x32, 0xffffffffffffffff, 0x83000000)
ioctl$SNDRV_SEQ_IOCTL_SET_QUEUE_INFO(0xffffffffffffffff, 0xc08c5335, 0x0)
mmap$snddsp(&(0x7f0000ffd000/0x3000)=nil, 0x3000, 0x1, 0x12, 0xffffffffffffffff, 0xb000)
r6 = openat$sndseq(0xffffffffffffff9c, &(0x7f0000001200), 0x80000)
ioctl$SNDRV_SEQ_IOCTL_QUERY_NEXT_PORT(r6, 0xc0a85352, &(0x7f0000001240)={{}, 'port0\x00', 0x0, 0x10804, 0x401, 0x8, 0x6, 0x100, 0xbd, 0x0, 0x4, 0x4})
syz_open_dev$dri(&(0x7f0000000000), 0x9e5, 0x1c880)
r7 = openat$sndtimer(0xffffffffffffff9c, &(0x7f0000000000), 0x101240)
ioctl$SNDRV_TIMER_IOCTL_SELECT(r7, 0x40345410, &(0x7f00000000c0)={{0x1, 0x1, 0x8000, 0x0, 0x8000000}})
ioctl$SNDRV_TIMER_IOCTL_PARAMS(r7, 0x40505412, &(0x7f0000000140)={0x4, 0x4262a359, 0xb6, 0x0, 0xe})
r8 = openat$sndtimer(0xffffffffffffff9c, &(0x7f0000000000), 0x101240)
ioctl$SNDRV_TIMER_IOCTL_SELECT(r8, 0x40345410, &(0x7f0000000100)={{0x1, 0x2, 0x8000, 0x3}})
ioctl$SNDRV_TIMER_IOCTL_PARAMS(r8, 0x40505412, &(0x7f0000000140)={0x4, 0x4262a359, 0xb6, 0x0, 0xe})

5.051896365s ago: executing program 0 (id=3972):
r0 = syz_open_dev$dri(&(0x7f0000000000), 0x3fffc0, 0x20000)
ioctl$DRM_IOCTL_MODE_CREATE_DUMB(r0, 0xc02064b2, &(0x7f0000000080)={0x8, 0x4, 0x10000, 0x0, <r1=>0x0})
r2 = syz_open_dev$dri(&(0x7f0000000840), 0x495c, 0x400)
ioctl$DRM_IOCTL_MODE_GETFB(r2, 0xc01c64ad, &(0x7f0000000880))
ioctl$DRM_IOCTL_MODE_GETPROPBLOB(r2, 0xc01064ac, &(0x7f0000000200)={0x0, 0x8d, &(0x7f0000000100)=""/141})
ioctl$DRM_IOCTL_MODE_CREATE_DUMB(r0, 0xc02064b2, &(0x7f00000001c0)={0x1, 0x1, 0x7})
ioctl$SNDRV_PCM_IOCTL_DRAIN(0xffffffffffffffff, 0x4144, 0x0)
ioctl$SNDRV_PCM_IOCTL_HW_REFINE_OLD(0xffffffffffffffff, 0xc1004110, &(0x7f0000000240)={0xa, [0x1, 0x8, 0x6], [{0x200, 0x201, 0x0, 0x1}, {0x7a8, 0x3, 0x0, 0x1}, {0x4, 0x4, 0x1, 0x0, 0x1}, {0x7, 0x4, 0x1, 0x1, 0x1}, {0x5, 0x80000000, 0x0, 0x1, 0x1}, {0x9, 0x4, 0x1, 0x1}, {0x2f8, 0x7, 0x1}, {0x0, 0x0, 0x1, 0x0, 0x1}, {0x97, 0x7, 0x1}, {0xfffffff7, 0x5a28, 0x1, 0x1, 0x1}, {0x3, 0xc, 0x1, 0x1, 0x1}, {0x2}], 0x8})
mmap$snddsp_control(&(0x7f0000ffb000/0x3000)=nil, 0xc00000, 0x200000f, 0x9e832, 0xffffffffffffffff, 0x83000000)
r3 = syz_open_dev$sndpcmp(&(0x7f0000000080), 0x95a7, 0x1a1000)
mmap$snddsp_control(&(0x7f00007cd000/0x4000)=nil, 0xc00000, 0x0, 0x96012, r3, 0x83000000)
mmap$snddsp_control(&(0x7f00007d0000/0x2000)=nil, 0x1000, 0x3000021, 0x2812, r3, 0x83000000)
mmap$snddsp_control(&(0x7f0000ffb000/0x3000)=nil, 0xc00000, 0x200000f, 0x9e832, 0xffffffffffffffff, 0x83000000)
r4 = syz_open_dev$sndpcmp(&(0x7f0000000080), 0x2, 0x1a1000)
mmap$snddsp_control(&(0x7f00007cd000/0x4000)=nil, 0xc00000, 0x0, 0x96012, r4, 0x83000000)
ioctl$DRM_IOCTL_MODE_DESTROY_DUMB(r0, 0xc00464b4, &(0x7f0000000780)={r1})
r5 = syz_open_dev$dri(&(0x7f0000000000), 0x0, 0x100)
ioctl$DRM_IOCTL_MODE_CREATE_DUMB(r5, 0xc02064b2, &(0x7f0000000080)={0x8, 0x2, 0x7})
r6 = syz_open_dev$sndpcmp(&(0x7f0000000080), 0x95a7, 0x1a1000)
mmap$snddsp_control(&(0x7f00007cd000/0x4000)=nil, 0xc00000, 0x0, 0x96012, r6, 0x83000000)
r7 = syz_open_dev$sndpcmp(&(0x7f0000000080), 0x95a7, 0x1a1000)
mmap$snddsp_control(&(0x7f00007cd000/0x2000)=nil, 0x1000, 0x2f, 0x2812, r7, 0x83000000)

4.49789903s ago: executing program 3 (id=3973):
r0 = syz_open_dev$dri(&(0x7f0000000000), 0x3fffc0, 0x20000)
ioctl$DRM_IOCTL_MODE_CREATE_DUMB(r0, 0xc02064b2, &(0x7f0000000080)={0x8, 0x4, 0x10000, 0x0, <r1=>0x0})
r2 = syz_open_dev$dri(&(0x7f0000000840), 0x495c, 0x400)
ioctl$DRM_IOCTL_MODE_GETFB(r2, 0xc01c64ad, &(0x7f0000000880))
ioctl$DRM_IOCTL_MODE_GETPROPBLOB(r2, 0xc01064ac, &(0x7f0000000200)={0x0, 0x8d, &(0x7f0000000100)=""/141})
ioctl$DRM_IOCTL_MODE_CREATE_DUMB(r0, 0xc02064b2, &(0x7f00000001c0)={0x1, 0x1, 0x7})
ioctl$SNDRV_PCM_IOCTL_DRAIN(0xffffffffffffffff, 0x4144, 0x0)
ioctl$SNDRV_PCM_IOCTL_HW_REFINE_OLD(0xffffffffffffffff, 0xc1004110, &(0x7f0000000240)={0xa, [0x1, 0x8, 0x6], [{0x200, 0x201, 0x0, 0x1}, {0x7a8, 0x3, 0x0, 0x1}, {0x4, 0x4, 0x1, 0x0, 0x1}, {0x7, 0x4, 0x1, 0x1, 0x1}, {0x5, 0x80000000, 0x0, 0x1, 0x1}, {0x9, 0x4, 0x1, 0x1}, {0x2f8, 0x7, 0x1}, {0x0, 0x0, 0x1, 0x0, 0x1}, {0x97, 0x7, 0x1}, {0xfffffff7, 0x5a28, 0x1, 0x1, 0x1}, {0x3, 0xc, 0x1, 0x1, 0x1}, {0x2}], 0x8})
mmap$snddsp_control(&(0x7f0000ffb000/0x3000)=nil, 0xc00000, 0x200000f, 0x9e832, 0xffffffffffffffff, 0x83000000)
r3 = syz_open_dev$sndpcmp(&(0x7f0000000080), 0x95a7, 0x1a1000)
mmap$snddsp_control(&(0x7f00007cd000/0x4000)=nil, 0xc00000, 0x0, 0x96012, r3, 0x83000000)
mmap$snddsp_control(&(0x7f00007d0000/0x2000)=nil, 0x1000, 0x3000021, 0x2812, r3, 0x83000000)
mmap$snddsp_control(&(0x7f0000ffb000/0x3000)=nil, 0xc00000, 0x200000f, 0x9e832, 0xffffffffffffffff, 0x83000000)
r4 = syz_open_dev$sndpcmp(&(0x7f0000000080), 0x2, 0x1a1000)
mmap$snddsp_control(&(0x7f00007cd000/0x4000)=nil, 0xc00000, 0x0, 0x96012, r4, 0x83000000)
ioctl$DRM_IOCTL_MODE_DESTROY_DUMB(r0, 0xc00464b4, &(0x7f0000000780)={r1})
r5 = syz_open_dev$dri(&(0x7f0000000000), 0x0, 0x100)
ioctl$DRM_IOCTL_MODE_CREATE_DUMB(r5, 0xc02064b2, &(0x7f0000000080)={0x8, 0x2, 0x7})
r6 = syz_open_dev$sndpcmp(&(0x7f0000000080), 0x95a7, 0x1a1000)
mmap$snddsp_control(&(0x7f00007cd000/0x4000)=nil, 0xc00000, 0x0, 0x96012, r6, 0x83000000)
mmap$snddsp(&(0x7f0000ffb000/0x3000)=nil, 0x3000, 0x0, 0x20031, 0xffffffffffffffff, 0xb000)
mmap$snddsp_control(&(0x7f00007cd000/0x2000)=nil, 0x1000, 0x2f, 0x2812, 0xffffffffffffffff, 0x83000000)

4.497454536s ago: executing program 1 (id=3974):
r0 = syz_open_dev$sndpcmp(&(0x7f00000008c0), 0x95a7, 0x183000)
mmap$snddsp_control(&(0x7f0000902000/0x4000)=nil, 0x1000, 0x3000021, 0x2812, r0, 0x83000000)
r1 = syz_open_dev$sndpcmp(&(0x7f00000008c0), 0x95a7, 0x183000)
r2 = syz_open_dev$sndctrl(&(0x7f0000000000), 0xa, 0x8241)
ioctl$SNDRV_CTL_IOCTL_RAWMIDI_PREFER_SUBDEVICE(r2, 0xc0b45545, 0x0)
mmap$snddsp(&(0x7f0000ffb000/0x3000)=nil, 0x3000, 0x0, 0x20031, 0xffffffffffffffff, 0xb000)
ioctl$SNDRV_CTL_IOCTL_PCM_PREFER_SUBDEVICE(0xffffffffffffffff, 0x5452, &(0x7f0000000040)=0x2)
r3 = syz_open_dev$sndpcmp(&(0x7f0000000080), 0x95a7, 0x1a1000)
r4 = syz_open_dev$sndpcmp(&(0x7f00000008c0), 0x95a7, 0x183000)
mmap$snddsp_status(&(0x7f0000ffa000/0x4000)=nil, 0x1000, 0x4, 0x11, r4, 0x82000000)
r5 = syz_open_dev$sndpcmp(&(0x7f0000000000), 0x0, 0x2000)
mmap$snddsp_control(&(0x7f0000ffc000/0x1000)=nil, 0x1021, 0x3000005, 0x12, r5, 0x83000000)
mmap$snddsp(&(0x7f0000ffe000/0x2000)=nil, 0x2000, 0x7, 0x12, r5, 0x10000)
mmap$snddsp_control(&(0x7f0000ffd000/0x1000)=nil, 0x1000, 0x1000007, 0x32, 0xffffffffffffffff, 0x83000000)
mmap$snddsp_control(&(0x7f0000902000/0x4000)=nil, 0x1000, 0x3000021, 0x2812, r3, 0x83000000)
mmap$snddsp_control(&(0x7f00007cd000/0x4000)=nil, 0xc00000, 0x0, 0x96012, r3, 0x83000000)
mmap$snddsp_status(&(0x7f0000ffa000/0x4000)=nil, 0x1000, 0x4, 0x11, r1, 0x82000000)
mmap$snddsp_control(&(0x7f0000ffc000/0x1000)=nil, 0x1000, 0x1000007, 0x32, 0xffffffffffffffff, 0x83000000)
ioctl$SNDRV_SEQ_IOCTL_SET_QUEUE_INFO(0xffffffffffffffff, 0xc08c5335, 0x0)
mmap$snddsp(&(0x7f0000ffd000/0x3000)=nil, 0x3000, 0x1, 0x12, 0xffffffffffffffff, 0xb000)
r6 = openat$sndseq(0xffffffffffffff9c, &(0x7f0000001200), 0x80000)
ioctl$SNDRV_SEQ_IOCTL_QUERY_NEXT_PORT(r6, 0xc0a85352, &(0x7f0000001240)={{}, 'port0\x00', 0x0, 0x10804, 0x401, 0x8, 0x6, 0x100, 0xbd, 0x0, 0x4, 0x4})
syz_open_dev$dri(&(0x7f0000000000), 0x9e5, 0x1c880)
r7 = openat$sndtimer(0xffffffffffffff9c, &(0x7f0000000000), 0x101240)
ioctl$SNDRV_TIMER_IOCTL_SELECT(r7, 0x40345410, &(0x7f00000000c0)={{0x1, 0x1, 0x8000, 0x0, 0x8000000}})
ioctl$SNDRV_TIMER_IOCTL_PARAMS(r7, 0x40505412, &(0x7f0000000140)={0x4, 0x4262a359, 0xb6, 0x0, 0xe})
r8 = openat$sndtimer(0xffffffffffffff9c, &(0x7f0000000000), 0x101240)
ioctl$SNDRV_TIMER_IOCTL_SELECT(r8, 0x40345410, &(0x7f0000000100)={{0x1, 0x2, 0x8000, 0x3}})
ioctl$SNDRV_TIMER_IOCTL_PARAMS(r8, 0x40505412, &(0x7f0000000140)={0x4, 0x4262a359, 0xb6, 0x0, 0xe})

4.301834062s ago: executing program 2 (id=3975):
r0 = syz_open_dev$dri(&(0x7f0000000000), 0x3fffc0, 0x20000)
ioctl$DRM_IOCTL_MODE_CREATE_DUMB(r0, 0xc02064b2, &(0x7f0000000080)={0x8, 0x4, 0x10000, 0x0, <r1=>0x0})
r2 = syz_open_dev$dri(&(0x7f0000000840), 0x495c, 0x400)
ioctl$DRM_IOCTL_MODE_GETFB(r2, 0xc01c64ad, &(0x7f0000000880))
ioctl$DRM_IOCTL_MODE_GETPROPBLOB(r2, 0xc01064ac, &(0x7f0000000200)={0x0, 0x8d, &(0x7f0000000100)=""/141})
ioctl$DRM_IOCTL_MODE_CREATE_DUMB(r0, 0xc02064b2, &(0x7f00000001c0)={0x1, 0x1, 0x7})
ioctl$SNDRV_PCM_IOCTL_DRAIN(0xffffffffffffffff, 0x4144, 0x0)
ioctl$SNDRV_PCM_IOCTL_HW_REFINE_OLD(0xffffffffffffffff, 0xc1004110, &(0x7f0000000240)={0xa, [0x1, 0x8, 0x6], [{0x200, 0x201, 0x0, 0x1}, {0x7a8, 0x3, 0x0, 0x1}, {0x4, 0x4, 0x1, 0x0, 0x1}, {0x7, 0x4, 0x1, 0x1, 0x1}, {0x5, 0x80000000, 0x0, 0x1, 0x1}, {0x9, 0x4, 0x1, 0x1}, {0x2f8, 0x7, 0x1}, {0x0, 0x0, 0x1, 0x0, 0x1}, {0x97, 0x7, 0x1}, {0xfffffff7, 0x5a28, 0x1, 0x1, 0x1}, {0x3, 0xc, 0x1, 0x1, 0x1}, {0x2}], 0x8})
mmap$snddsp_control(&(0x7f0000ffb000/0x3000)=nil, 0xc00000, 0x200000f, 0x9e832, 0xffffffffffffffff, 0x83000000)
r3 = syz_open_dev$sndpcmp(&(0x7f0000000080), 0x95a7, 0x1a1000)
mmap$snddsp_control(&(0x7f00007cd000/0x4000)=nil, 0xc00000, 0x0, 0x96012, r3, 0x83000000)
mmap$snddsp_control(&(0x7f00007d0000/0x2000)=nil, 0x1000, 0x3000021, 0x2812, r3, 0x83000000)
mmap$snddsp_control(&(0x7f0000ffb000/0x3000)=nil, 0xc00000, 0x200000f, 0x9e832, 0xffffffffffffffff, 0x83000000)
r4 = syz_open_dev$sndpcmp(&(0x7f0000000080), 0x2, 0x1a1000)
mmap$snddsp_control(&(0x7f00007cd000/0x4000)=nil, 0xc00000, 0x0, 0x96012, r4, 0x83000000)
ioctl$DRM_IOCTL_MODE_DESTROY_DUMB(r0, 0xc00464b4, &(0x7f0000000780)={r1})
r5 = syz_open_dev$dri(&(0x7f0000000000), 0x0, 0x100)
ioctl$DRM_IOCTL_MODE_CREATE_DUMB(r5, 0xc02064b2, &(0x7f0000000080)={0x8, 0x2, 0x7})
r6 = syz_open_dev$sndpcmp(&(0x7f0000000080), 0x95a7, 0x1a1000)
mmap$snddsp_control(&(0x7f00007cd000/0x4000)=nil, 0xc00000, 0x0, 0x96012, r6, 0x83000000)
r7 = syz_open_dev$sndpcmp(&(0x7f0000000080), 0x95a7, 0x1a1000)
mmap$snddsp_control(&(0x7f00007cd000/0x2000)=nil, 0x1000, 0x2f, 0x2812, r7, 0x83000000)

4.204692921s ago: executing program 1 (id=3976):
openat$sndtimer(0xffffffffffffff9c, 0x0, 0x800100)
openat$sndseq(0xffffffffffffff9c, &(0x7f0000000080), 0x100)
syz_open_dev$dri(&(0x7f0000000180), 0x8000000000000001, 0x12180)
mmap$snddsp_control(&(0x7f0000ffa000/0x4000)=nil, 0xc00000, 0x200000f, 0x9e831, 0xffffffffffffffff, 0x83000000)
mmap$snddsp_status(&(0x7f0000ffc000/0x3000)=nil, 0x1000, 0x5, 0x82012, 0xffffffffffffffff, 0x82000000)
mmap$snddsp(&(0x7f0000ffb000/0x3000)=nil, 0x3000, 0x0, 0x20031, 0xffffffffffffffff, 0xb000)
syz_open_dev$sndpcmp(&(0x7f0000000000), 0x0, 0x8000)
mmap$snddsp_control(&(0x7f0000ffb000/0x3000)=nil, 0xc00000, 0x200000f, 0x9e832, 0xffffffffffffffff, 0x83000000)
mmap$snddsp(&(0x7f0000ffd000/0x3000)=nil, 0x3000, 0x1, 0x12, 0xffffffffffffffff, 0x3000)
r0 = syz_open_dev$sndpcmp(&(0x7f0000000080), 0x95a7, 0x1a1000)
mmap$snddsp_control(&(0x7f00007cd000/0x4000)=nil, 0xc00000, 0x0, 0x96012, r0, 0x83000000)

3.656379489s ago: executing program 0 (id=3978):
r0 = syz_open_dev$dri(&(0x7f0000000000), 0x3fffc0, 0x20000)
ioctl$DRM_IOCTL_MODE_CREATE_DUMB(r0, 0xc02064b2, &(0x7f0000000080)={0x8, 0x4, 0x10000, 0x0, <r1=>0x0})
r2 = syz_open_dev$dri(&(0x7f0000000840), 0x495c, 0x400)
ioctl$DRM_IOCTL_MODE_GETFB(r2, 0xc01c64ad, &(0x7f0000000880))
ioctl$DRM_IOCTL_MODE_GETPROPBLOB(r2, 0xc01064ac, &(0x7f0000000200)={0x0, 0x8d, &(0x7f0000000100)=""/141})
ioctl$DRM_IOCTL_MODE_CREATE_DUMB(r0, 0xc02064b2, &(0x7f00000001c0)={0x1, 0x1, 0x7})
ioctl$SNDRV_PCM_IOCTL_DRAIN(0xffffffffffffffff, 0x4144, 0x0)
ioctl$SNDRV_PCM_IOCTL_HW_REFINE_OLD(0xffffffffffffffff, 0xc1004110, &(0x7f0000000240)={0xa, [0x1, 0x8, 0x6], [{0x200, 0x201, 0x0, 0x1}, {0x7a8, 0x3, 0x0, 0x1}, {0x4, 0x4, 0x1, 0x0, 0x1}, {0x7, 0x4, 0x1, 0x1, 0x1}, {0x5, 0x80000000, 0x0, 0x1, 0x1}, {0x9, 0x4, 0x1, 0x1}, {0x2f8, 0x7, 0x1}, {0x0, 0x0, 0x1, 0x0, 0x1}, {0x97, 0x7, 0x1}, {0xfffffff7, 0x5a28, 0x1, 0x1, 0x1}, {0x3, 0xc, 0x1, 0x1, 0x1}, {0x2}], 0x8})
mmap$snddsp_control(&(0x7f0000ffb000/0x3000)=nil, 0xc00000, 0x200000f, 0x9e832, 0xffffffffffffffff, 0x83000000)
r3 = syz_open_dev$sndpcmp(&(0x7f0000000080), 0x95a7, 0x1a1000)
mmap$snddsp_control(&(0x7f00007cd000/0x4000)=nil, 0xc00000, 0x0, 0x96012, r3, 0x83000000)
mmap$snddsp_control(&(0x7f00007d0000/0x2000)=nil, 0x1000, 0x3000021, 0x2812, r3, 0x83000000)
mmap$snddsp_control(&(0x7f0000ffb000/0x3000)=nil, 0xc00000, 0x200000f, 0x9e832, 0xffffffffffffffff, 0x83000000)
r4 = syz_open_dev$sndpcmp(&(0x7f0000000080), 0x2, 0x1a1000)
mmap$snddsp_control(&(0x7f00007cd000/0x4000)=nil, 0xc00000, 0x0, 0x96012, r4, 0x83000000)
ioctl$DRM_IOCTL_MODE_DESTROY_DUMB(r0, 0xc00464b4, &(0x7f0000000780)={r1})
r5 = syz_open_dev$dri(&(0x7f0000000000), 0x0, 0x100)
ioctl$DRM_IOCTL_MODE_CREATE_DUMB(r5, 0xc02064b2, &(0x7f0000000080)={0x8, 0x2, 0x7})
r6 = syz_open_dev$sndpcmp(&(0x7f0000000080), 0x95a7, 0x1a1000)
mmap$snddsp_control(&(0x7f00007cd000/0x4000)=nil, 0xc00000, 0x0, 0x96012, r6, 0x83000000)
r7 = syz_open_dev$sndpcmp(&(0x7f0000000080), 0x95a7, 0x1a1000)
mmap$snddsp_control(&(0x7f00007cd000/0x2000)=nil, 0x1000, 0x2f, 0x2812, r7, 0x83000000)

3.308438513s ago: executing program 3 (id=3979):
r0 = syz_open_dev$dri(&(0x7f0000000000), 0x3fffc0, 0x20000)
ioctl$DRM_IOCTL_MODE_CREATE_DUMB(r0, 0xc02064b2, &(0x7f0000000080)={0x8, 0x4, 0x10000, 0x0, <r1=>0x0})
r2 = syz_open_dev$dri(&(0x7f0000000840), 0x495c, 0x400)
ioctl$DRM_IOCTL_MODE_GETFB(r2, 0xc01c64ad, &(0x7f0000000880))
ioctl$DRM_IOCTL_MODE_GETPROPBLOB(r2, 0xc01064ac, &(0x7f0000000200)={0x0, 0x8d, &(0x7f0000000100)=""/141})
ioctl$DRM_IOCTL_MODE_CREATE_DUMB(r0, 0xc02064b2, &(0x7f00000001c0)={0x1, 0x1, 0x7})
ioctl$SNDRV_PCM_IOCTL_DRAIN(0xffffffffffffffff, 0x4144, 0x0)
ioctl$SNDRV_PCM_IOCTL_HW_REFINE_OLD(0xffffffffffffffff, 0xc1004110, &(0x7f0000000240)={0xa, [0x1, 0x8, 0x6], [{0x200, 0x201, 0x0, 0x1}, {0x7a8, 0x3, 0x0, 0x1}, {0x4, 0x4, 0x1, 0x0, 0x1}, {0x7, 0x4, 0x1, 0x1, 0x1}, {0x5, 0x80000000, 0x0, 0x1, 0x1}, {0x9, 0x4, 0x1, 0x1}, {0x2f8, 0x7, 0x1}, {0x0, 0x0, 0x1, 0x0, 0x1}, {0x97, 0x7, 0x1}, {0xfffffff7, 0x5a28, 0x1, 0x1, 0x1}, {0x3, 0xc, 0x1, 0x1, 0x1}, {0x2}], 0x8})
mmap$snddsp_control(&(0x7f0000ffb000/0x3000)=nil, 0xc00000, 0x200000f, 0x9e832, 0xffffffffffffffff, 0x83000000)
r3 = syz_open_dev$sndpcmp(&(0x7f0000000080), 0x95a7, 0x1a1000)
mmap$snddsp_control(&(0x7f00007cd000/0x4000)=nil, 0xc00000, 0x0, 0x96012, r3, 0x83000000)
mmap$snddsp_control(&(0x7f00007d0000/0x2000)=nil, 0x1000, 0x3000021, 0x2812, r3, 0x83000000)
mmap$snddsp_control(&(0x7f0000ffb000/0x3000)=nil, 0xc00000, 0x200000f, 0x9e832, 0xffffffffffffffff, 0x83000000)
r4 = syz_open_dev$sndpcmp(&(0x7f0000000080), 0x2, 0x1a1000)
mmap$snddsp_control(&(0x7f00007cd000/0x4000)=nil, 0xc00000, 0x0, 0x96012, r4, 0x83000000)
ioctl$DRM_IOCTL_MODE_DESTROY_DUMB(r0, 0xc00464b4, &(0x7f0000000780)={r1})
r5 = syz_open_dev$dri(&(0x7f0000000000), 0x0, 0x100)
ioctl$DRM_IOCTL_MODE_CREATE_DUMB(r5, 0xc02064b2, &(0x7f0000000080)={0x8, 0x2, 0x7})
r6 = syz_open_dev$sndpcmp(&(0x7f0000000080), 0x95a7, 0x1a1000)
mmap$snddsp_control(&(0x7f00007cd000/0x4000)=nil, 0xc00000, 0x0, 0x96012, r6, 0x83000000)
r7 = syz_open_dev$sndpcmp(&(0x7f0000000080), 0x95a7, 0x1a1000)
mmap$snddsp_control(&(0x7f00007cd000/0x2000)=nil, 0x1000, 0x2f, 0x2812, r7, 0x83000000)

3.021527559s ago: executing program 2 (id=3980):
r0 = syz_open_dev$sndpcmp(&(0x7f00000008c0), 0x95a7, 0x183000)
mmap$snddsp_control(&(0x7f0000902000/0x4000)=nil, 0x1000, 0x3000021, 0x2812, r0, 0x83000000)
r1 = syz_open_dev$sndpcmp(&(0x7f00000008c0), 0x95a7, 0x183000)
r2 = syz_open_dev$sndctrl(&(0x7f0000000000), 0xa, 0x8241)
ioctl$SNDRV_CTL_IOCTL_RAWMIDI_PREFER_SUBDEVICE(r2, 0xc0b45545, 0x0)
mmap$snddsp(&(0x7f0000ffb000/0x3000)=nil, 0x3000, 0x0, 0x20031, 0xffffffffffffffff, 0xb000)
ioctl$SNDRV_CTL_IOCTL_PCM_PREFER_SUBDEVICE(0xffffffffffffffff, 0x5452, &(0x7f0000000040)=0x2)
r3 = syz_open_dev$sndpcmp(&(0x7f0000000080), 0x95a7, 0x1a1000)
r4 = syz_open_dev$sndpcmp(&(0x7f00000008c0), 0x95a7, 0x183000)
mmap$snddsp_status(&(0x7f0000ffa000/0x4000)=nil, 0x1000, 0x4, 0x11, r4, 0x82000000)
r5 = syz_open_dev$sndpcmp(&(0x7f0000000000), 0x0, 0x2000)
mmap$snddsp_control(&(0x7f0000ffc000/0x1000)=nil, 0x1021, 0x3000005, 0x12, r5, 0x83000000)
mmap$snddsp(&(0x7f0000ffe000/0x2000)=nil, 0x2000, 0x7, 0x12, r5, 0x10000)
mmap$snddsp_control(&(0x7f0000ffd000/0x1000)=nil, 0x1000, 0x1000007, 0x32, 0xffffffffffffffff, 0x83000000)
mmap$snddsp_control(&(0x7f0000902000/0x4000)=nil, 0x1000, 0x3000021, 0x2812, r3, 0x83000000)
mmap$snddsp_control(&(0x7f00007cd000/0x4000)=nil, 0xc00000, 0x0, 0x96012, r3, 0x83000000)
mmap$snddsp_status(&(0x7f0000ffa000/0x4000)=nil, 0x1000, 0x4, 0x11, r1, 0x82000000)
mmap$snddsp_control(&(0x7f0000ffc000/0x1000)=nil, 0x1000, 0x1000007, 0x32, 0xffffffffffffffff, 0x83000000)
ioctl$SNDRV_SEQ_IOCTL_SET_QUEUE_INFO(0xffffffffffffffff, 0xc08c5335, 0x0)
mmap$snddsp(&(0x7f0000ffd000/0x3000)=nil, 0x3000, 0x1, 0x12, 0xffffffffffffffff, 0xb000)
r6 = openat$sndseq(0xffffffffffffff9c, &(0x7f0000001200), 0x80000)
ioctl$SNDRV_SEQ_IOCTL_QUERY_NEXT_PORT(r6, 0xc0a85352, &(0x7f0000001240)={{}, 'port0\x00', 0x0, 0x10804, 0x401, 0x8, 0x6, 0x100, 0xbd, 0x0, 0x4, 0x4})
syz_open_dev$dri(&(0x7f0000000000), 0x9e5, 0x1c880)
r7 = openat$sndtimer(0xffffffffffffff9c, &(0x7f0000000000), 0x101240)
ioctl$SNDRV_TIMER_IOCTL_SELECT(r7, 0x40345410, &(0x7f00000000c0)={{0x1, 0x1, 0x8000, 0x0, 0x8000000}})
ioctl$SNDRV_TIMER_IOCTL_CONTINUE(r7, 0x54a2)
r8 = openat$sndtimer(0xffffffffffffff9c, &(0x7f0000000000), 0x101240)
ioctl$SNDRV_TIMER_IOCTL_SELECT(r8, 0x40345410, &(0x7f0000000100)={{0x1, 0x2, 0x8000, 0x3}})
ioctl$SNDRV_TIMER_IOCTL_PARAMS(r8, 0x40505412, &(0x7f0000000140)={0x4, 0x4262a359, 0xb6, 0x0, 0xe})

2.639281864s ago: executing program 2 (id=3981):
r0 = openat$sndtimer(0xffffffffffffff9c, 0x0, 0x800100)
openat$sndseq(0xffffffffffffff9c, &(0x7f0000000080), 0x100)
r1 = syz_open_dev$dri(&(0x7f0000000180), 0x8000000000000001, 0x12180)
mmap$snddsp_control(&(0x7f0000ffa000/0x4000)=nil, 0xc00000, 0x200000f, 0x9e831, 0xffffffffffffffff, 0x83000000)
mmap$snddsp_status(&(0x7f0000ffc000/0x3000)=nil, 0x1000, 0x5, 0x82012, 0xffffffffffffffff, 0x82000000)
mmap$snddsp(&(0x7f0000ffb000/0x3000)=nil, 0x3000, 0x0, 0x20031, 0xffffffffffffffff, 0xb000)
syz_open_dev$sndpcmp(&(0x7f0000000000), 0x0, 0x8000)
mmap$snddsp_control(&(0x7f0000ffb000/0x3000)=nil, 0xc00000, 0x200000f, 0x9e832, 0xffffffffffffffff, 0x83000000)
mmap$snddsp(&(0x7f0000ffd000/0x3000)=nil, 0x3000, 0x1, 0x12, 0xffffffffffffffff, 0x3000)
r2 = syz_open_dev$sndpcmp(&(0x7f0000000080), 0x95a7, 0x1a1000)
mmap$snddsp_control(&(0x7f00007cd000/0x4000)=nil, 0xc00000, 0x0, 0x96012, r2, 0x83000000)
ioctl$DRM_IOCTL_SYNCOBJ_FD_TO_HANDLE_SYNC_FILE(r1, 0xc01864c2, 0x0)
syz_open_dev$dri(&(0x7f00000001c0), 0xa8c, 0x0)
ioctl$SNDRV_TIMER_IOCTL_NEXT_DEVICE(r0, 0xc0145401, &(0x7f0000000140)={0xffffffffffffffff, 0x3, 0x15c0, 0x0, 0x2})
openat$sndtimer(0xffffffffffffff9c, &(0x7f0000000040), 0x4802)

2.574734371s ago: executing program 1 (id=3989):
r0 = syz_open_dev$dri(&(0x7f0000000000), 0x3fffc0, 0x20000)
ioctl$DRM_IOCTL_MODE_CREATE_DUMB(r0, 0xc02064b2, &(0x7f0000000080)={0x8, 0x4, 0x10000, 0x0, <r1=>0x0})
r2 = syz_open_dev$dri(&(0x7f0000000840), 0x495c, 0x400)
ioctl$DRM_IOCTL_MODE_GETFB(r2, 0xc01c64ad, &(0x7f0000000880))
ioctl$DRM_IOCTL_MODE_GETPROPBLOB(r2, 0xc01064ac, &(0x7f0000000200)={0x0, 0x8d, &(0x7f0000000100)=""/141})
ioctl$DRM_IOCTL_MODE_CREATE_DUMB(r0, 0xc02064b2, &(0x7f00000001c0)={0x1, 0x1, 0x7})
ioctl$SNDRV_PCM_IOCTL_DRAIN(0xffffffffffffffff, 0x4144, 0x0)
ioctl$SNDRV_PCM_IOCTL_HW_REFINE_OLD(0xffffffffffffffff, 0xc1004110, &(0x7f0000000240)={0xa, [0x1, 0x8, 0x6], [{0x200, 0x201, 0x0, 0x1}, {0x7a8, 0x3, 0x0, 0x1}, {0x4, 0x4, 0x1, 0x0, 0x1}, {0x7, 0x4, 0x1, 0x1, 0x1}, {0x5, 0x80000000, 0x0, 0x1, 0x1}, {0x9, 0x4, 0x1, 0x1}, {0x2f8, 0x7, 0x1}, {0x0, 0x0, 0x1, 0x0, 0x1}, {0x97, 0x7, 0x1}, {0xfffffff7, 0x5a28, 0x1, 0x1, 0x1}, {0x3, 0xc, 0x1, 0x1, 0x1}, {0x2}], 0x8})
mmap$snddsp_control(&(0x7f0000ffb000/0x3000)=nil, 0xc00000, 0x200000f, 0x9e832, 0xffffffffffffffff, 0x83000000)
r3 = syz_open_dev$sndpcmp(&(0x7f0000000080), 0x95a7, 0x1a1000)
mmap$snddsp_control(&(0x7f00007cd000/0x4000)=nil, 0xc00000, 0x0, 0x96012, r3, 0x83000000)
mmap$snddsp_control(&(0x7f00007d0000/0x2000)=nil, 0x1000, 0x3000021, 0x2812, r3, 0x83000000)
mmap$snddsp_control(&(0x7f0000ffb000/0x3000)=nil, 0xc00000, 0x200000f, 0x9e832, 0xffffffffffffffff, 0x83000000)
r4 = syz_open_dev$sndpcmp(&(0x7f0000000080), 0x2, 0x1a1000)
mmap$snddsp_control(&(0x7f00007cd000/0x4000)=nil, 0xc00000, 0x0, 0x96012, r4, 0x83000000)
ioctl$DRM_IOCTL_MODE_DESTROY_DUMB(r0, 0xc00464b4, &(0x7f0000000780)={r1})
r5 = syz_open_dev$dri(&(0x7f0000000000), 0x0, 0x100)
ioctl$DRM_IOCTL_MODE_CREATE_DUMB(r5, 0xc02064b2, &(0x7f0000000080)={0x8, 0x2, 0x7})
r6 = syz_open_dev$sndpcmp(&(0x7f0000000080), 0x95a7, 0x1a1000)
mmap$snddsp_control(&(0x7f00007cd000/0x4000)=nil, 0xc00000, 0x0, 0x96012, r6, 0x83000000)
r7 = syz_open_dev$sndpcmp(&(0x7f0000000080), 0x95a7, 0x1a1000)
mmap$snddsp_control(&(0x7f00007cd000/0x2000)=nil, 0x1000, 0x2f, 0x2812, r7, 0x83000000)

2.171943136s ago: executing program 3 (id=3982):
r0 = syz_open_dev$dri(&(0x7f0000000000), 0x3fffc0, 0x20000)
ioctl$DRM_IOCTL_MODE_CREATE_DUMB(r0, 0xc02064b2, &(0x7f0000000080)={0x8, 0x4, 0x10000, 0x0, <r1=>0x0})
r2 = syz_open_dev$dri(&(0x7f0000000840), 0x495c, 0x400)
ioctl$DRM_IOCTL_MODE_GETFB(r2, 0xc01c64ad, &(0x7f0000000880))
ioctl$DRM_IOCTL_MODE_GETPROPBLOB(r2, 0xc01064ac, &(0x7f0000000200)={0x0, 0x8d, &(0x7f0000000100)=""/141})
ioctl$DRM_IOCTL_MODE_CREATE_DUMB(r0, 0xc02064b2, &(0x7f00000001c0)={0x1, 0x1, 0x7})
ioctl$SNDRV_PCM_IOCTL_DRAIN(0xffffffffffffffff, 0x4144, 0x0)
ioctl$SNDRV_PCM_IOCTL_HW_REFINE_OLD(0xffffffffffffffff, 0xc1004110, &(0x7f0000000240)={0xa, [0x1, 0x8, 0x6], [{0x200, 0x201, 0x0, 0x1}, {0x7a8, 0x3, 0x0, 0x1}, {0x4, 0x4, 0x1, 0x0, 0x1}, {0x7, 0x4, 0x1, 0x1, 0x1}, {0x5, 0x80000000, 0x0, 0x1, 0x1}, {0x9, 0x4, 0x1, 0x1}, {0x2f8, 0x7, 0x1}, {0x0, 0x0, 0x1, 0x0, 0x1}, {0x97, 0x7, 0x1}, {0xfffffff7, 0x5a28, 0x1, 0x1, 0x1}, {0x3, 0xc, 0x1, 0x1, 0x1}, {0x2}], 0x8})
mmap$snddsp_control(&(0x7f0000ffb000/0x3000)=nil, 0xc00000, 0x200000f, 0x9e832, 0xffffffffffffffff, 0x83000000)
r3 = syz_open_dev$sndpcmp(&(0x7f0000000080), 0x95a7, 0x1a1000)
mmap$snddsp_control(&(0x7f00007cd000/0x4000)=nil, 0xc00000, 0x0, 0x96012, r3, 0x83000000)
mmap$snddsp_control(&(0x7f00007d0000/0x2000)=nil, 0x1000, 0x3000021, 0x2812, r3, 0x83000000)
mmap$snddsp_control(&(0x7f0000ffb000/0x3000)=nil, 0xc00000, 0x200000f, 0x9e832, 0xffffffffffffffff, 0x83000000)
r4 = syz_open_dev$sndpcmp(&(0x7f0000000080), 0x2, 0x1a1000)
mmap$snddsp_control(&(0x7f00007cd000/0x4000)=nil, 0xc00000, 0x0, 0x96012, r4, 0x83000000)
ioctl$DRM_IOCTL_MODE_DESTROY_DUMB(r0, 0xc00464b4, &(0x7f0000000780)={r1})
r5 = syz_open_dev$dri(&(0x7f0000000000), 0x0, 0x100)
ioctl$DRM_IOCTL_MODE_CREATE_DUMB(r5, 0xc02064b2, &(0x7f0000000080)={0x8, 0x2, 0x7})
r6 = syz_open_dev$sndpcmp(&(0x7f0000000080), 0x95a7, 0x1a1000)
mmap$snddsp_control(&(0x7f00007cd000/0x4000)=nil, 0xc00000, 0x0, 0x96012, r6, 0x83000000)
mmap$snddsp(&(0x7f0000ffb000/0x3000)=nil, 0x3000, 0x0, 0x20031, 0xffffffffffffffff, 0xb000)
mmap$snddsp_control(&(0x7f00007cd000/0x2000)=nil, 0x1000, 0x2f, 0x2812, 0xffffffffffffffff, 0x83000000)

1.971791822s ago: executing program 0 (id=3983):
r0 = syz_open_dev$sndpcmp(&(0x7f00000008c0), 0x95a7, 0x183000)
mmap$snddsp_control(&(0x7f0000902000/0x4000)=nil, 0x1000, 0x3000021, 0x2812, r0, 0x83000000)
r1 = syz_open_dev$sndpcmp(&(0x7f00000008c0), 0x95a7, 0x183000)
r2 = syz_open_dev$sndctrl(&(0x7f0000000000), 0xa, 0x8241)
ioctl$SNDRV_CTL_IOCTL_RAWMIDI_PREFER_SUBDEVICE(r2, 0xc0b45545, 0x0)
mmap$snddsp(&(0x7f0000ffb000/0x3000)=nil, 0x3000, 0x0, 0x20031, 0xffffffffffffffff, 0xb000)
ioctl$SNDRV_CTL_IOCTL_PCM_PREFER_SUBDEVICE(0xffffffffffffffff, 0x5452, &(0x7f0000000040)=0x2)
r3 = syz_open_dev$sndpcmp(&(0x7f0000000080), 0x95a7, 0x1a1000)
r4 = syz_open_dev$sndpcmp(&(0x7f00000008c0), 0x95a7, 0x183000)
mmap$snddsp_status(&(0x7f0000ffa000/0x4000)=nil, 0x1000, 0x4, 0x11, r4, 0x82000000)
r5 = syz_open_dev$sndpcmp(&(0x7f0000000000), 0x0, 0x2000)
mmap$snddsp_control(&(0x7f0000ffc000/0x1000)=nil, 0x1021, 0x3000005, 0x12, r5, 0x83000000)
mmap$snddsp(&(0x7f0000ffe000/0x2000)=nil, 0x2000, 0x7, 0x12, r5, 0x10000)
mmap$snddsp_control(&(0x7f0000ffd000/0x1000)=nil, 0x1000, 0x1000007, 0x32, 0xffffffffffffffff, 0x83000000)
mmap$snddsp_control(&(0x7f0000902000/0x4000)=nil, 0x1000, 0x3000021, 0x2812, r3, 0x83000000)
mmap$snddsp_control(&(0x7f00007cd000/0x4000)=nil, 0xc00000, 0x0, 0x96012, r3, 0x83000000)
mmap$snddsp_status(&(0x7f0000ffa000/0x4000)=nil, 0x1000, 0x4, 0x11, r1, 0x82000000)
mmap$snddsp_control(&(0x7f0000ffc000/0x1000)=nil, 0x1000, 0x1000007, 0x32, 0xffffffffffffffff, 0x83000000)
ioctl$SNDRV_SEQ_IOCTL_SET_QUEUE_INFO(0xffffffffffffffff, 0xc08c5335, 0x0)
mmap$snddsp(&(0x7f0000ffd000/0x3000)=nil, 0x3000, 0x1, 0x12, 0xffffffffffffffff, 0xb000)
r6 = openat$sndseq(0xffffffffffffff9c, &(0x7f0000001200), 0x80000)
ioctl$SNDRV_SEQ_IOCTL_QUERY_NEXT_PORT(r6, 0xc0a85352, &(0x7f0000001240)={{}, 'port0\x00', 0x0, 0x10804, 0x401, 0x8, 0x6, 0x100, 0xbd, 0x0, 0x4, 0x4})
syz_open_dev$dri(&(0x7f0000000000), 0x9e5, 0x1c880)
r7 = openat$sndtimer(0xffffffffffffff9c, &(0x7f0000000000), 0x101240)
ioctl$SNDRV_TIMER_IOCTL_SELECT(r7, 0x40345410, &(0x7f00000000c0)={{0x1, 0x1, 0x8000, 0x0, 0x8000000}})
ioctl$SNDRV_TIMER_IOCTL_PARAMS(r7, 0x40505412, &(0x7f0000000140)={0x4, 0x4262a359, 0xb6, 0x0, 0xe})
r8 = openat$sndtimer(0xffffffffffffff9c, &(0x7f0000000000), 0x101240)
ioctl$SNDRV_TIMER_IOCTL_SELECT(r8, 0x40345410, &(0x7f0000000100)={{0x1, 0x2, 0x8000, 0x3}})
ioctl$SNDRV_TIMER_IOCTL_PARAMS(r8, 0x40505412, &(0x7f0000000140)={0x4, 0x4262a359, 0xb6, 0x0, 0xe})

1.63623825s ago: executing program 0 (id=3984):
openat$sndtimer(0xffffffffffffff9c, 0x0, 0x800100)
openat$sndseq(0xffffffffffffff9c, &(0x7f0000000080), 0x100)
syz_open_dev$dri(&(0x7f0000000180), 0x8000000000000001, 0x12180)
mmap$snddsp_control(&(0x7f0000ffa000/0x4000)=nil, 0xc00000, 0x200000f, 0x9e831, 0xffffffffffffffff, 0x83000000)
mmap$snddsp_status(&(0x7f0000ffc000/0x3000)=nil, 0x1000, 0x5, 0x82012, 0xffffffffffffffff, 0x82000000)
mmap$snddsp(&(0x7f0000ffb000/0x3000)=nil, 0x3000, 0x0, 0x20031, 0xffffffffffffffff, 0xb000)

1.301063152s ago: executing program 2 (id=3985):
r0 = syz_open_dev$sndctrl(&(0x7f0000000000), 0xa46, 0x1)
ioctl$SNDRV_CTL_IOCTL_PCM_PREFER_SUBDEVICE(r0, 0xc0189436, &(0x7f0000000280))
mmap$snddsp_control(&(0x7f0000ffb000/0x3000)=nil, 0xc00000, 0x200000f, 0x9e831, 0xffffffffffffffff, 0x83000000)
openat$sndtimer(0xffffffffffffff9c, 0x0, 0x2000)
syz_open_dev$dri(&(0x7f0000000000), 0xfffffffffffffffc, 0x0)
ioctl$DRM_IOCTL_MODE_CREATE_DUMB(0xffffffffffffffff, 0xc02064b2, &(0x7f0000000080)={0x8, 0x4, 0x10000})
ioctl$DRM_IOCTL_MODE_CREATE_DUMB(0xffffffffffffffff, 0xc02064b2, &(0x7f00000001c0)={0x1, 0x1, 0x7})
ioctl$SNDRV_PCM_IOCTL_DRAIN(0xffffffffffffffff, 0x4144, 0x0)
ioctl$SNDRV_PCM_IOCTL_HW_REFINE_OLD(0xffffffffffffffff, 0xc1004110, &(0x7f0000000240)={0xa, [0x1, 0x8, 0x6], [{0x200, 0x201, 0x0, 0x1}, {0x7a8, 0x3, 0x0, 0x1}, {0x4, 0x4, 0x1, 0x0, 0x1}, {0x7, 0x4, 0x1, 0x1, 0x1}, {0x5, 0x80000000, 0x0, 0x1, 0x1}, {0x9, 0x4, 0x1, 0x1}, {0x2f8, 0x7, 0x1}, {0x0, 0x0, 0x1, 0x0, 0x1}, {0x97, 0x7, 0x1}, {0xfffffff7, 0x5a28, 0x1, 0x1, 0x1}, {0x3, 0xc, 0x1, 0x1, 0x1}, {0x2}], 0x8})
mmap$snddsp_control(&(0x7f0000ffb000/0x3000)=nil, 0xc00000, 0x200000f, 0x9e832, 0xffffffffffffffff, 0x83000000)
mmap$snddsp_control(&(0x7f0000ffb000/0x3000)=nil, 0xc00000, 0x200000f, 0x9e832, 0xffffffffffffffff, 0x83000000)
r1 = syz_open_dev$sndpcmp(&(0x7f0000000080), 0x95a7, 0x1a1000)
mmap$snddsp_control(&(0x7f00007cd000/0x4000)=nil, 0xc00000, 0x0, 0x96012, r1, 0x83000000)
mmap$snddsp(&(0x7f0000ffb000/0x3000)=nil, 0x3000, 0x0, 0x20031, 0xffffffffffffffff, 0xb000)
r2 = syz_open_dev$sndpcmp(0x0, 0x95a7, 0x1a1000)
mmap$snddsp_control(&(0x7f00007cd000/0x2000)=nil, 0x1000, 0x2f, 0x2812, r2, 0x83000000)

854.50193ms ago: executing program 3 (id=3986):
r0 = syz_open_dev$sndpcmp(&(0x7f00000008c0), 0x95a7, 0x183000)
mmap$snddsp_control(&(0x7f0000902000/0x4000)=nil, 0x1000, 0x3000021, 0x2812, r0, 0x83000000)
r1 = syz_open_dev$sndpcmp(&(0x7f00000008c0), 0x95a7, 0x183000)
r2 = syz_open_dev$sndctrl(&(0x7f0000000000), 0xa, 0x8241)
ioctl$SNDRV_CTL_IOCTL_RAWMIDI_PREFER_SUBDEVICE(r2, 0xc0b45545, 0x0)
mmap$snddsp(&(0x7f0000ffb000/0x3000)=nil, 0x3000, 0x0, 0x20031, 0xffffffffffffffff, 0xb000)
ioctl$SNDRV_CTL_IOCTL_PCM_PREFER_SUBDEVICE(0xffffffffffffffff, 0x5452, &(0x7f0000000040)=0x2)
r3 = syz_open_dev$sndpcmp(&(0x7f0000000080), 0x95a7, 0x1a1000)
r4 = syz_open_dev$sndpcmp(&(0x7f00000008c0), 0x95a7, 0x183000)
mmap$snddsp_status(&(0x7f0000ffa000/0x4000)=nil, 0x1000, 0x4, 0x11, r4, 0x82000000)
r5 = syz_open_dev$sndpcmp(&(0x7f0000000000), 0x0, 0x2000)
mmap$snddsp_control(&(0x7f0000ffc000/0x1000)=nil, 0x1021, 0x3000005, 0x12, r5, 0x83000000)
mmap$snddsp(&(0x7f0000ffe000/0x2000)=nil, 0x2000, 0x7, 0x12, r5, 0x10000)
mmap$snddsp_control(&(0x7f0000ffd000/0x1000)=nil, 0x1000, 0x1000007, 0x32, 0xffffffffffffffff, 0x83000000)
mmap$snddsp_control(&(0x7f0000902000/0x4000)=nil, 0x1000, 0x3000021, 0x2812, r3, 0x83000000)
mmap$snddsp_control(&(0x7f00007cd000/0x4000)=nil, 0xc00000, 0x0, 0x96012, r3, 0x83000000)
mmap$snddsp_status(&(0x7f0000ffa000/0x4000)=nil, 0x1000, 0x4, 0x11, r1, 0x82000000)
mmap$snddsp_control(&(0x7f0000ffc000/0x1000)=nil, 0x1000, 0x1000007, 0x32, 0xffffffffffffffff, 0x83000000)
ioctl$SNDRV_SEQ_IOCTL_SET_QUEUE_INFO(0xffffffffffffffff, 0xc08c5335, 0x0)
mmap$snddsp(&(0x7f0000ffd000/0x3000)=nil, 0x3000, 0x1, 0x12, 0xffffffffffffffff, 0xb000)
r6 = openat$sndseq(0xffffffffffffff9c, &(0x7f0000001200), 0x80000)
ioctl$SNDRV_SEQ_IOCTL_QUERY_NEXT_PORT(r6, 0xc0a85352, &(0x7f0000001240)={{}, 'port0\x00', 0x0, 0x10804, 0x401, 0x8, 0x6, 0x100, 0xbd, 0x0, 0x4, 0x4})
syz_open_dev$dri(&(0x7f0000000000), 0x9e5, 0x1c880)
r7 = openat$sndtimer(0xffffffffffffff9c, &(0x7f0000000000), 0x101240)
ioctl$SNDRV_TIMER_IOCTL_SELECT(r7, 0x40345410, &(0x7f00000000c0)={{0x1, 0x1, 0x8000, 0x0, 0x8000000}})
ioctl$SNDRV_TIMER_IOCTL_PARAMS(r7, 0x40505412, &(0x7f0000000140)={0x4, 0x4262a359, 0xb6, 0x0, 0xe})
r8 = openat$sndtimer(0xffffffffffffff9c, &(0x7f0000000000), 0x101240)
ioctl$SNDRV_TIMER_IOCTL_SELECT(r8, 0x40345410, &(0x7f0000000100)={{0x1, 0x2, 0x8000, 0x3}})
ioctl$SNDRV_TIMER_IOCTL_PARAMS(r8, 0x40505412, &(0x7f0000000140)={0x4, 0x4262a359, 0xb6, 0x0, 0xe})

845.908605ms ago: executing program 1 (id=3995):
r0 = openat$sndseq(0xffffffffffffff9c, &(0x7f0000000000), 0x40402)
syz_open_dev$sndpcmp(0x0, 0x0, 0x402000)
openat$sndseq(0xffffffffffffff9c, 0x0, 0x400)
ioctl$SNDRV_CTL_IOCTL_PCM_PREFER_SUBDEVICE(0xffffffffffffffff, 0x5451, 0x0)
ioctl$SNDRV_TIMER_IOCTL_PARAMS(0xffffffffffffffff, 0x40505412, 0x0)
ioctl$SNDRV_TIMER_IOCTL_START(0xffffffffffffffff, 0x54a0)
mmap$snddsp(&(0x7f0000ff9000/0x4000)=nil, 0x4000, 0x7, 0x12, 0xffffffffffffffff, 0x10000)
ioctl$SNDRV_TIMER_IOCTL_CONTINUE(0xffffffffffffffff, 0x54a2)
r1 = openat$sndtimer(0xffffffffffffff9c, 0x0, 0x101240)
ioctl$SNDRV_TIMER_IOCTL_STATUS32(r1, 0x80585414, 0x0)
mmap$snddsp_control(&(0x7f0000000000/0x4000)=nil, 0x1000, 0x1, 0x32, 0xffffffffffffffff, 0x83000000)
ioctl$SNDRV_SEQ_IOCTL_CREATE_QUEUE(r0, 0xc08c5332, &(0x7f0000000100)={0x9, 0x9, 0x0, 'queue0\x00', 0x73fa})
mmap$snddsp_control(&(0x7f0000ffc000/0x1000)=nil, 0xc00000, 0x200000f, 0x96012, 0xffffffffffffffff, 0x83000000)
mmap$snddsp_control(&(0x7f0000ffb000/0x3000)=nil, 0xc00000, 0xf, 0x9e832, 0xffffffffffffffff, 0x83000000)
ioctl$SNDRV_SEQ_IOCTL_SET_QUEUE_CLIENT(r0, 0x404c534a, &(0x7f00000001c0)={0xa86, 0xfffffffe, 0xf9a})
openat$sndtimer(0xffffffffffffff9c, 0x0, 0x0)
syz_open_dev$dri(0x0, 0xfffffffffffffffc, 0x40000)

679.90761ms ago: executing program 0 (id=3987):
openat$sndtimer(0xffffffffffffff9c, 0x0, 0x800100)
openat$sndseq(0xffffffffffffff9c, &(0x7f0000000080), 0x100)
r0 = syz_open_dev$dri(&(0x7f0000000180), 0x8000000000000001, 0x12180)
mmap$snddsp_control(&(0x7f0000ffa000/0x4000)=nil, 0xc00000, 0x200000f, 0x9e831, 0xffffffffffffffff, 0x83000000)
mmap$snddsp_status(&(0x7f0000ffc000/0x3000)=nil, 0x1000, 0x5, 0x82012, 0xffffffffffffffff, 0x82000000)
mmap$snddsp(&(0x7f0000ffb000/0x3000)=nil, 0x3000, 0x0, 0x20031, 0xffffffffffffffff, 0xb000)
syz_open_dev$sndpcmp(&(0x7f0000000000), 0x0, 0x8000)
mmap$snddsp_control(&(0x7f0000ffb000/0x3000)=nil, 0xc00000, 0x200000f, 0x9e832, 0xffffffffffffffff, 0x83000000)
mmap$snddsp(&(0x7f0000ffd000/0x3000)=nil, 0x3000, 0x1, 0x12, 0xffffffffffffffff, 0x3000)
r1 = syz_open_dev$sndpcmp(&(0x7f0000000080), 0x95a7, 0x1a1000)
mmap$snddsp_control(&(0x7f00007cd000/0x4000)=nil, 0xc00000, 0x0, 0x96012, r1, 0x83000000)
ioctl$DRM_IOCTL_SYNCOBJ_FD_TO_HANDLE_SYNC_FILE(r0, 0xc01864c2, 0x0)
syz_open_dev$dri(&(0x7f00000001c0), 0xa8c, 0x0)
openat$sndtimer(0xffffffffffffff9c, &(0x7f0000000040), 0x4802)
ioctl$SNDRV_TIMER_IOCTL_GSTATUS(0xffffffffffffffff, 0xc0505405, 0x0)

524.098503ms ago: executing program 3 (id=3988):
mmap$snddsp_control(&(0x7f0000ffb000/0x3000)=nil, 0xc00000, 0x200000f, 0x9e832, 0xffffffffffffffff, 0x83000000)

16.102697ms ago: executing program 3 (id=3990):
r0 = syz_open_dev$sndpcmp(&(0x7f00000008c0), 0x95a7, 0x183000)
mmap$snddsp_control(&(0x7f0000902000/0x4000)=nil, 0x1000, 0x3000021, 0x2812, r0, 0x83000000)
r1 = syz_open_dev$sndpcmp(&(0x7f00000008c0), 0x95a7, 0x183000)
r2 = syz_open_dev$sndctrl(&(0x7f0000000000), 0xa, 0x8241)
ioctl$SNDRV_CTL_IOCTL_RAWMIDI_PREFER_SUBDEVICE(r2, 0xc0b45545, 0x0)
mmap$snddsp(&(0x7f0000ffb000/0x3000)=nil, 0x3000, 0x0, 0x20031, 0xffffffffffffffff, 0xb000)
ioctl$SNDRV_CTL_IOCTL_PCM_PREFER_SUBDEVICE(0xffffffffffffffff, 0x5452, &(0x7f0000000040)=0x2)
r3 = syz_open_dev$sndpcmp(&(0x7f0000000080), 0x95a7, 0x1a1000)
r4 = syz_open_dev$sndpcmp(&(0x7f00000008c0), 0x95a7, 0x183000)
mmap$snddsp_status(&(0x7f0000ffa000/0x4000)=nil, 0x1000, 0x4, 0x11, r4, 0x82000000)
r5 = syz_open_dev$sndpcmp(&(0x7f0000000000), 0x0, 0x2000)
mmap$snddsp_control(&(0x7f0000ffc000/0x1000)=nil, 0x1021, 0x3000005, 0x12, r5, 0x83000000)
mmap$snddsp(&(0x7f0000ffe000/0x2000)=nil, 0x2000, 0x7, 0x12, r5, 0x10000)
mmap$snddsp_control(&(0x7f0000ffd000/0x1000)=nil, 0x1000, 0x1000007, 0x32, 0xffffffffffffffff, 0x83000000)
mmap$snddsp_control(&(0x7f0000902000/0x4000)=nil, 0x1000, 0x3000021, 0x2812, r3, 0x83000000)
mmap$snddsp_control(&(0x7f00007cd000/0x4000)=nil, 0xc00000, 0x0, 0x96012, r3, 0x83000000)
mmap$snddsp_status(&(0x7f0000ffa000/0x4000)=nil, 0x1000, 0x4, 0x11, r1, 0x82000000)
mmap$snddsp_control(&(0x7f0000ffc000/0x1000)=nil, 0x1000, 0x1000007, 0x32, 0xffffffffffffffff, 0x83000000)
ioctl$SNDRV_SEQ_IOCTL_SET_QUEUE_INFO(0xffffffffffffffff, 0xc08c5335, 0x0)
mmap$snddsp(&(0x7f0000ffd000/0x3000)=nil, 0x3000, 0x1, 0x12, 0xffffffffffffffff, 0xb000)
r6 = openat$sndseq(0xffffffffffffff9c, &(0x7f0000001200), 0x80000)
ioctl$SNDRV_SEQ_IOCTL_QUERY_NEXT_PORT(r6, 0xc0a85352, &(0x7f0000001240)={{}, 'port0\x00', 0x0, 0x10804, 0x401, 0x8, 0x6, 0x100, 0xbd, 0x0, 0x4, 0x4})
syz_open_dev$dri(&(0x7f0000000000), 0x9e5, 0x1c880)
ioctl$SNDRV_TIMER_IOCTL_SELECT(0xffffffffffffffff, 0x40345410, &(0x7f00000000c0)={{0x1, 0x1, 0x8000, 0x0, 0x8000000}})
ioctl$SNDRV_TIMER_IOCTL_CONTINUE(0xffffffffffffffff, 0x54a2)
r7 = openat$sndtimer(0xffffffffffffff9c, &(0x7f0000000000), 0x101240)
ioctl$SNDRV_TIMER_IOCTL_PARAMS(r7, 0x40505412, &(0x7f0000000140)={0x4, 0x4262a359, 0xb6, 0x0, 0xe})

0s ago: executing program 1 (id=3991):
openat$sndtimer(0xffffffffffffff9c, 0x0, 0x800100)
openat$sndseq(0xffffffffffffff9c, &(0x7f0000000080), 0x100)
r0 = syz_open_dev$dri(&(0x7f0000000180), 0x8000000000000001, 0x12180)
mmap$snddsp_control(&(0x7f0000ffa000/0x4000)=nil, 0xc00000, 0x200000f, 0x9e831, 0xffffffffffffffff, 0x83000000)
mmap$snddsp_status(&(0x7f0000ffc000/0x3000)=nil, 0x1000, 0x5, 0x82012, 0xffffffffffffffff, 0x82000000)
mmap$snddsp(&(0x7f0000ffb000/0x3000)=nil, 0x3000, 0x0, 0x20031, 0xffffffffffffffff, 0xb000)
syz_open_dev$sndpcmp(&(0x7f0000000000), 0x0, 0x8000)
mmap$snddsp_control(&(0x7f0000ffb000/0x3000)=nil, 0xc00000, 0x200000f, 0x9e832, 0xffffffffffffffff, 0x83000000)
mmap$snddsp(&(0x7f0000ffd000/0x3000)=nil, 0x3000, 0x1, 0x12, 0xffffffffffffffff, 0x3000)
r1 = syz_open_dev$sndpcmp(&(0x7f0000000080), 0x95a7, 0x1a1000)
mmap$snddsp_control(&(0x7f00007cd000/0x4000)=nil, 0xc00000, 0x0, 0x96012, r1, 0x83000000)
ioctl$DRM_IOCTL_SYNCOBJ_FD_TO_HANDLE_SYNC_FILE(r0, 0xc01864c2, 0x0)
syz_open_dev$dri(&(0x7f00000001c0), 0xa8c, 0x0)
openat$sndtimer(0xffffffffffffff9c, &(0x7f0000000040), 0x4802)
ioctl$SNDRV_TIMER_IOCTL_GSTATUS(0xffffffffffffffff, 0xc0505405, 0x0)

kernel console output (not intermixed with test programs):

Warning: Permanently added '[localhost]:3404' (ED25519) to the list of known hosts.
syzkaller login: [  112.610255][ T9848] cgroup: Unknown subsys name 'net'
[  112.802678][ T9848] cgroup: Unknown subsys name 'cpuset'
[  112.808619][ T9848] cgroup: Unknown subsys name 'rlimit'
Setting up swapspace version 1, size = 122.1 MiB (127995904 bytes)
no label, UUID=a4816e38-a0b6-4f6b-88d1-08287dd9f0c1
[  116.690645][ T9848] Adding 124996k swap on ./swap-file.  Priority:0 extents:1 across:124996k 
[  125.482753][T10147] Bluetooth: hci0: unexpected cc 0x0c03 length: 249 > 1
[  125.487583][T10147] Bluetooth: hci0: unexpected cc 0x1003 length: 249 > 9
[  125.491707][T10147] Bluetooth: hci0: unexpected cc 0x1001 length: 249 > 9
[  125.495632][T10147] Bluetooth: hci0: unexpected cc 0x0c23 length: 249 > 4
[  125.519533][T10147] Bluetooth: hci0: unexpected cc 0x0c38 length: 249 > 2
[  126.682310][    C3] vkms_vblank_simulate: vblank timer overrun
[  128.762459][    C3] vkms_vblank_simulate: vblank timer overrun
[  129.370926][ T5200] Bluetooth: hci0: unexpected cc 0x0c03 length: 249 > 1
[  129.376167][ T5200] Bluetooth: hci0: unexpected cc 0x1003 length: 249 > 9
[  129.385659][ T5200] Bluetooth: hci0: unexpected cc 0x1001 length: 249 > 9
[  129.405292][   T68] Bluetooth: hci1: unexpected cc 0x0c03 length: 249 > 1
[  129.429992][   T68] Bluetooth: hci2: unexpected cc 0x0c03 length: 249 > 1
[  129.501909][ T5200] Bluetooth: hci0: unexpected cc 0x0c23 length: 249 > 4
[  129.510569][   T68] Bluetooth: hci2: unexpected cc 0x1003 length: 249 > 9
[  129.527843][T10341] Bluetooth: hci1: unexpected cc 0x1003 length: 249 > 9
[  129.537200][   T68] Bluetooth: hci2: unexpected cc 0x1001 length: 249 > 9
[  129.540332][T10341] Bluetooth: hci1: unexpected cc 0x1001 length: 249 > 9
[  129.541121][   T68] Bluetooth: hci0: unexpected cc 0x0c38 length: 249 > 2
[  129.553557][ T5200] Bluetooth: hci1: unexpected cc 0x0c23 length: 249 > 4
[  129.563262][T10147] Bluetooth: hci1: unexpected cc 0x0c38 length: 249 > 2
[  129.570906][   T68] Bluetooth: hci2: unexpected cc 0x0c23 length: 249 > 4
[  129.575581][   T68] Bluetooth: hci2: unexpected cc 0x0c38 length: 249 > 2
[  129.665455][T10336] Bluetooth: hci3: unexpected cc 0x0c03 length: 249 > 1
[  129.677360][T10336] Bluetooth: hci3: unexpected cc 0x1003 length: 249 > 9
[  129.694527][T10336] Bluetooth: hci3: unexpected cc 0x1001 length: 249 > 9
[  129.705042][T10336] Bluetooth: hci3: unexpected cc 0x0c23 length: 249 > 4
[  129.725768][T10336] Bluetooth: hci3: unexpected cc 0x0c38 length: 249 > 2
[  130.401796][T10335] chnl_net:caif_netlink_parms(): no params data found
[  130.417100][T10331] chnl_net:caif_netlink_parms(): no params data found
[  130.497831][T10349] chnl_net:caif_netlink_parms(): no params data found
[  130.541720][T10327] chnl_net:caif_netlink_parms(): no params data found
[  130.806503][T10331] bridge0: port 1(bridge_slave_0) entered blocking state
[  130.811201][T10331] bridge0: port 1(bridge_slave_0) entered disabled state
[  130.815949][T10331] bridge_slave_0: entered allmulticast mode
[  130.822285][T10331] bridge_slave_0: entered promiscuous mode
[  130.853006][T10335] bridge0: port 1(bridge_slave_0) entered blocking state
[  130.860060][T10335] bridge0: port 1(bridge_slave_0) entered disabled state
[  130.866203][T10335] bridge_slave_0: entered allmulticast mode
[  130.872608][T10335] bridge_slave_0: entered promiscuous mode
[  130.884171][T10335] bridge0: port 2(bridge_slave_1) entered blocking state
[  130.887650][T10335] bridge0: port 2(bridge_slave_1) entered disabled state
[  130.892712][T10335] bridge_slave_1: entered allmulticast mode
[  130.898309][T10335] bridge_slave_1: entered promiscuous mode
[  130.906499][T10331] bridge0: port 2(bridge_slave_1) entered blocking state
[  130.909605][T10331] bridge0: port 2(bridge_slave_1) entered disabled state
[  130.915388][T10331] bridge_slave_1: entered allmulticast mode
[  130.923467][T10331] bridge_slave_1: entered promiscuous mode
[  130.961788][T10327] bridge0: port 1(bridge_slave_0) entered blocking state
[  130.965552][T10327] bridge0: port 1(bridge_slave_0) entered disabled state
[  130.969593][T10327] bridge_slave_0: entered allmulticast mode
[  130.976252][T10327] bridge_slave_0: entered promiscuous mode
[  131.047872][T10327] bridge0: port 2(bridge_slave_1) entered blocking state
[  131.053824][T10327] bridge0: port 2(bridge_slave_1) entered disabled state
[  131.060075][T10327] bridge_slave_1: entered allmulticast mode
[  131.065433][T10327] bridge_slave_1: entered promiscuous mode
[  131.101322][T10331] bond0: (slave bond_slave_0): Enslaving as an active interface with an up link
[  131.106276][T10349] bridge0: port 1(bridge_slave_0) entered blocking state
[  131.113092][T10349] bridge0: port 1(bridge_slave_0) entered disabled state
[  131.116773][T10349] bridge_slave_0: entered allmulticast mode
[  131.121725][T10349] bridge_slave_0: entered promiscuous mode
[  131.147202][T10327] bond0: (slave bond_slave_0): Enslaving as an active interface with an up link
[  131.154182][T10335] bond0: (slave bond_slave_0): Enslaving as an active interface with an up link
[  131.168234][T10327] bond0: (slave bond_slave_1): Enslaving as an active interface with an up link
[  131.176760][T10331] bond0: (slave bond_slave_1): Enslaving as an active interface with an up link
[  131.207433][T10349] bridge0: port 2(bridge_slave_1) entered blocking state
[  131.210887][T10349] bridge0: port 2(bridge_slave_1) entered disabled state
[  131.213658][T10349] bridge_slave_1: entered allmulticast mode
[  131.217588][T10349] bridge_slave_1: entered promiscuous mode
[  131.224477][T10335] bond0: (slave bond_slave_1): Enslaving as an active interface with an up link
[  131.262394][T10331] team0: Port device team_slave_0 added
[  131.269054][T10327] team0: Port device team_slave_0 added
[  131.336310][T10327] team0: Port device team_slave_1 added
[  131.343036][T10331] team0: Port device team_slave_1 added
[  131.398102][T10349] bond0: (slave bond_slave_0): Enslaving as an active interface with an up link
[  131.406104][T10349] bond0: (slave bond_slave_1): Enslaving as an active interface with an up link
[  131.416347][T10335] team0: Port device team_slave_0 added
[  131.473606][T10335] team0: Port device team_slave_1 added
[  131.490727][T10327] batman_adv: batadv0: Adding interface: batadv_slave_0
[  131.494588][T10327] batman_adv: batadv0: The MTU of interface batadv_slave_0 is too small (1500) to handle the transport of batman-adv packets. Packets going over this interface will be fragmented on layer2 which could impact the performance. Setting the MTU to 1532 would solve the problem.
[  131.510312][T10327] batman_adv: batadv0: Not using interface batadv_slave_0 (retrying later): interface not active
[  131.519345][T10331] batman_adv: batadv0: Adding interface: batadv_slave_0
[  131.527182][T10331] batman_adv: batadv0: The MTU of interface batadv_slave_0 is too small (1500) to handle the transport of batman-adv packets. Packets going over this interface will be fragmented on layer2 which could impact the performance. Setting the MTU to 1532 would solve the problem.
[  131.545296][T10331] batman_adv: batadv0: Not using interface batadv_slave_0 (retrying later): interface not active
[  131.563034][T10331] batman_adv: batadv0: Adding interface: batadv_slave_1
[  131.565817][T10331] batman_adv: batadv0: The MTU of interface batadv_slave_1 is too small (1500) to handle the transport of batman-adv packets. Packets going over this interface will be fragmented on layer2 which could impact the performance. Setting the MTU to 1532 would solve the problem.
[  131.576567][T10331] batman_adv: batadv0: Not using interface batadv_slave_1 (retrying later): interface not active
[  131.590785][T10336] Bluetooth: hci0: command tx timeout
[  131.598838][T10335] batman_adv: batadv0: Adding interface: batadv_slave_0
[  131.602362][T10335] batman_adv: batadv0: The MTU of interface batadv_slave_0 is too small (1500) to handle the transport of batman-adv packets. Packets going over this interface will be fragmented on layer2 which could impact the performance. Setting the MTU to 1532 would solve the problem.
[  131.615104][T10335] batman_adv: batadv0: Not using interface batadv_slave_0 (retrying later): interface not active
[  131.621574][T10327] batman_adv: batadv0: Adding interface: batadv_slave_1
[  131.624699][T10327] batman_adv: batadv0: The MTU of interface batadv_slave_1 is too small (1500) to handle the transport of batman-adv packets. Packets going over this interface will be fragmented on layer2 which could impact the performance. Setting the MTU to 1532 would solve the problem.
[  131.638075][T10327] batman_adv: batadv0: Not using interface batadv_slave_1 (retrying later): interface not active
[  131.653720][T10349] team0: Port device team_slave_0 added
[  131.659583][T10349] team0: Port device team_slave_1 added
[  131.670714][T10335] batman_adv: batadv0: Adding interface: batadv_slave_1
[  131.674318][T10335] batman_adv: batadv0: The MTU of interface batadv_slave_1 is too small (1500) to handle the transport of batman-adv packets. Packets going over this interface will be fragmented on layer2 which could impact the performance. Setting the MTU to 1532 would solve the problem.
[  131.690953][T10335] batman_adv: batadv0: Not using interface batadv_slave_1 (retrying later): interface not active
[  131.691021][T10336] Bluetooth: hci1: command tx timeout
[  131.691819][   T68] Bluetooth: hci2: command tx timeout
[  131.775771][T10349] batman_adv: batadv0: Adding interface: batadv_slave_0
[  131.781216][T10349] batman_adv: batadv0: The MTU of interface batadv_slave_0 is too small (1500) to handle the transport of batman-adv packets. Packets going over this interface will be fragmented on layer2 which could impact the performance. Setting the MTU to 1532 would solve the problem.
[  131.795679][T10349] batman_adv: batadv0: Not using interface batadv_slave_0 (retrying later): interface not active
[  131.840987][T10336] Bluetooth: hci3: command tx timeout
[  131.857611][T10335] hsr_slave_0: entered promiscuous mode
[  131.863908][T10335] hsr_slave_1: entered promiscuous mode
[  131.868653][T10349] batman_adv: batadv0: Adding interface: batadv_slave_1
[  131.873580][T10349] batman_adv: batadv0: The MTU of interface batadv_slave_1 is too small (1500) to handle the transport of batman-adv packets. Packets going over this interface will be fragmented on layer2 which could impact the performance. Setting the MTU to 1532 would solve the problem.
[  131.887224][T10349] batman_adv: batadv0: Not using interface batadv_slave_1 (retrying later): interface not active
[  131.912828][T10327] hsr_slave_0: entered promiscuous mode
[  131.917292][T10327] hsr_slave_1: entered promiscuous mode
[  131.922110][T10327] debugfs: 'hsr0' already exists in 'hsr'
[  131.924787][T10327] Cannot create hsr debugfs directory
[  131.956240][T10331] hsr_slave_0: entered promiscuous mode
[  131.967107][T10331] hsr_slave_1: entered promiscuous mode
[  131.971443][T10331] debugfs: 'hsr0' already exists in 'hsr'
[  131.975844][T10331] Cannot create hsr debugfs directory
[  132.261800][T10349] hsr_slave_0: entered promiscuous mode
[  132.266534][T10349] hsr_slave_1: entered promiscuous mode
[  132.271175][T10349] debugfs: 'hsr0' already exists in 'hsr'
[  132.274152][T10349] Cannot create hsr debugfs directory
[  132.834691][T10335] netdevsim netdevsim1 netdevsim0: renamed from eth0
[  132.849801][T10335] netdevsim netdevsim1 netdevsim1: renamed from eth1
[  132.856968][T10335] netdevsim netdevsim1 netdevsim2: renamed from eth2
[  132.875278][T10335] netdevsim netdevsim1 netdevsim3: renamed from eth3
[  132.966399][T10331] netdevsim netdevsim2 netdevsim0: renamed from eth0
[  132.978855][T10331] netdevsim netdevsim2 netdevsim1: renamed from eth1
[  132.985523][T10331] netdevsim netdevsim2 netdevsim2: renamed from eth2
[  133.007522][T10331] netdevsim netdevsim2 netdevsim3: renamed from eth3
[  133.088249][T10327] netdevsim netdevsim0 netdevsim0: renamed from eth0
[  133.097697][T10327] netdevsim netdevsim0 netdevsim1: renamed from eth1
[  133.118992][T10327] netdevsim netdevsim0 netdevsim2: renamed from eth2
[  133.127024][T10327] netdevsim netdevsim0 netdevsim3: renamed from eth3
[  133.253833][T10349] netdevsim netdevsim3 netdevsim0: renamed from eth0
[  133.264589][T10349] netdevsim netdevsim3 netdevsim1: renamed from eth1
[  133.276916][T10349] netdevsim netdevsim3 netdevsim2: renamed from eth2
[  133.297519][T10349] netdevsim netdevsim3 netdevsim3: renamed from eth3
[  133.357361][T10335] 8021q: adding VLAN 0 to HW filter on device bond0
[  133.419840][T10335] 8021q: adding VLAN 0 to HW filter on device team0
[  133.467583][ T1375] bridge0: port 1(bridge_slave_0) entered blocking state
[  133.472236][ T1375] bridge0: port 1(bridge_slave_0) entered forwarding state
[  133.521469][ T1375] bridge0: port 2(bridge_slave_1) entered blocking state
[  133.525922][ T1375] bridge0: port 2(bridge_slave_1) entered forwarding state
[  133.563925][T10331] 8021q: adding VLAN 0 to HW filter on device bond0
[  133.659661][T10331] 8021q: adding VLAN 0 to HW filter on device team0
[  133.682010][T10336] Bluetooth: hci0: command tx timeout
[  133.704142][ T1090] bridge0: port 1(bridge_slave_0) entered blocking state
[  133.709794][ T1090] bridge0: port 1(bridge_slave_0) entered forwarding state
[  133.744506][ T1090] bridge0: port 2(bridge_slave_1) entered blocking state
[  133.751308][ T1090] bridge0: port 2(bridge_slave_1) entered forwarding state
[  133.756239][T10336] Bluetooth: hci2: command tx timeout
[  133.756366][   T68] Bluetooth: hci1: command tx timeout
[  133.814549][T10335] hsr0: Slave A (hsr_slave_0) is not up; please bring it up to get a fully working HSR network
[  133.822650][T10335] hsr0: Slave B (hsr_slave_1) is not up; please bring it up to get a fully working HSR network
[  133.887288][T10327] 8021q: adding VLAN 0 to HW filter on device bond0
[  133.920318][T10336] Bluetooth: hci3: command tx timeout
[  133.943555][T10327] 8021q: adding VLAN 0 to HW filter on device team0
[  133.952590][T10349] 8021q: adding VLAN 0 to HW filter on device bond0
[  133.971050][ T1090] bridge0: port 1(bridge_slave_0) entered blocking state
[  133.975264][ T1090] bridge0: port 1(bridge_slave_0) entered forwarding state
[  134.004847][T10349] 8021q: adding VLAN 0 to HW filter on device team0
[  134.025570][ T1090] bridge0: port 2(bridge_slave_1) entered blocking state
[  134.030251][ T1090] bridge0: port 2(bridge_slave_1) entered forwarding state
[  134.035463][ T1090] bridge0: port 1(bridge_slave_0) entered blocking state
[  134.039360][ T1090] bridge0: port 1(bridge_slave_0) entered forwarding state
[  134.045853][ T1090] bridge0: port 2(bridge_slave_1) entered blocking state
[  134.049227][ T1090] bridge0: port 2(bridge_slave_1) entered forwarding state
[  134.188464][T10335] 8021q: adding VLAN 0 to HW filter on device batadv0
[  134.259675][T10331] 8021q: adding VLAN 0 to HW filter on device batadv0
[  134.326956][T10335] veth0_vlan: entered promiscuous mode
[  134.387541][T10335] veth1_vlan: entered promiscuous mode
[  134.395824][T10331] veth0_vlan: entered promiscuous mode
[  134.434566][T10331] veth1_vlan: entered promiscuous mode
[  134.474893][T10349] 8021q: adding VLAN 0 to HW filter on device batadv0
[  134.502789][T10335] veth0_macvtap: entered promiscuous mode
[  134.514356][T10327] 8021q: adding VLAN 0 to HW filter on device batadv0
[  134.525298][T10335] veth1_macvtap: entered promiscuous mode
[  134.546390][T10331] veth0_macvtap: entered promiscuous mode
[  134.561294][T10331] veth1_macvtap: entered promiscuous mode
[  134.615464][T10335] batman_adv: batadv0: Interface activated: batadv_slave_0
[  134.672069][T10331] batman_adv: batadv0: Interface activated: batadv_slave_0
[  134.727373][T10331] batman_adv: batadv0: Interface activated: batadv_slave_1
[  134.741255][T10349] veth0_vlan: entered promiscuous mode
[  134.747308][T10335] batman_adv: batadv0: Interface activated: batadv_slave_1
[  134.843692][T10349] veth1_vlan: entered promiscuous mode
[  134.856347][T10327] veth0_vlan: entered promiscuous mode
[  134.868672][T10981] netdevsim netdevsim2 netdevsim0: set [1, 0] type 2 family 0 port 6081 - 0
[  134.877432][T10981] netdevsim netdevsim2 netdevsim1: set [1, 0] type 2 family 0 port 6081 - 0
[  134.916890][T10981] netdevsim netdevsim2 netdevsim2: set [1, 0] type 2 family 0 port 6081 - 0
[  134.927942][T10981] netdevsim netdevsim2 netdevsim3: set [1, 0] type 2 family 0 port 6081 - 0
[  134.985977][T10981] netdevsim netdevsim1 netdevsim0: set [1, 0] type 2 family 0 port 6081 - 0
[  134.991553][T10981] netdevsim netdevsim1 netdevsim1: set [1, 0] type 2 family 0 port 6081 - 0
[  135.014099][T10327] veth1_vlan: entered promiscuous mode
[  135.032297][T10981] netdevsim netdevsim1 netdevsim2: set [1, 0] type 2 family 0 port 6081 - 0
[  135.036918][T10981] netdevsim netdevsim1 netdevsim3: set [1, 0] type 2 family 0 port 6081 - 0
[  135.064570][T10349] veth0_macvtap: entered promiscuous mode
[  135.157137][T10349] veth1_macvtap: entered promiscuous mode
[  135.262804][T10327] veth0_macvtap: entered promiscuous mode
[  135.335836][T10349] batman_adv: batadv0: Interface activated: batadv_slave_0
[  135.352716][T10327] veth1_macvtap: entered promiscuous mode
[  135.479362][ T1090] wlan0: Created IBSS using preconfigured BSSID 50:50:50:50:50:50
[  135.488647][T10349] batman_adv: batadv0: Interface activated: batadv_slave_1
[  135.492637][ T1090] wlan0: Creating new IBSS network, BSSID 50:50:50:50:50:50
[  135.551989][ T4968] wlan0: Created IBSS using preconfigured BSSID 50:50:50:50:50:50
[  135.557987][ T4968] wlan0: Creating new IBSS network, BSSID 50:50:50:50:50:50
[  135.603656][T10327] batman_adv: batadv0: Interface activated: batadv_slave_0
[  135.617459][T10981] netdevsim netdevsim3 netdevsim0: set [1, 0] type 2 family 0 port 6081 - 0
[  135.622282][T10981] netdevsim netdevsim3 netdevsim1: set [1, 0] type 2 family 0 port 6081 - 0
[  135.650149][T10981] netdevsim netdevsim3 netdevsim2: set [1, 0] type 2 family 0 port 6081 - 0
[  135.657575][T10327] batman_adv: batadv0: Interface activated: batadv_slave_1
[  135.695879][   T66] wlan1: Created IBSS using preconfigured BSSID 50:50:50:50:50:50
[  135.699016][   T66] wlan1: Creating new IBSS network, BSSID 50:50:50:50:50:50
[  135.739363][T10981] netdevsim netdevsim3 netdevsim3: set [1, 0] type 2 family 0 port 6081 - 0
[  135.751523][T10336] Bluetooth: hci0: command tx timeout
[  135.844314][T10336] Bluetooth: hci1: command tx timeout
[  135.846802][T10336] Bluetooth: hci2: command tx timeout
[  135.865600][   T66] wlan1: Created IBSS using preconfigured BSSID 50:50:50:50:50:50
[  135.886313][   T66] wlan1: Creating new IBSS network, BSSID 50:50:50:50:50:50
[  135.892592][T10981] netdevsim netdevsim0 netdevsim0: set [1, 0] type 2 family 0 port 6081 - 0
[  135.910813][T10981] netdevsim netdevsim0 netdevsim1: set [1, 0] type 2 family 0 port 6081 - 0
[  135.916667][T10981] netdevsim netdevsim0 netdevsim2: set [1, 0] type 2 family 0 port 6081 - 0
[  135.922213][T10981] netdevsim netdevsim0 netdevsim3: set [1, 0] type 2 family 0 port 6081 - 0
[  135.959114][ T4968] wlan0: Created IBSS using preconfigured BSSID 50:50:50:50:50:50
[  135.964620][ T4968] wlan0: Creating new IBSS network, BSSID 50:50:50:50:50:50
[  135.991316][T10336] Bluetooth: hci3: command tx timeout
[  136.078442][ T4968] wlan1: Created IBSS using preconfigured BSSID 50:50:50:50:50:50
[  136.087815][ T4968] wlan1: Creating new IBSS network, BSSID 50:50:50:50:50:50
[  136.412245][ T1375] wlan0: Created IBSS using preconfigured BSSID 50:50:50:50:50:50
[  136.416317][ T1375] wlan0: Creating new IBSS network, BSSID 50:50:50:50:50:50
[  136.525444][  T166] wlan1: Created IBSS using preconfigured BSSID 50:50:50:50:50:50
[  136.531171][  T166] wlan1: Creating new IBSS network, BSSID 50:50:50:50:50:50
[  137.842963][T10336] Bluetooth: hci0: command tx timeout
[  137.913201][T10336] Bluetooth: hci2: command tx timeout
[  137.928857][T10336] Bluetooth: hci1: command tx timeout
[  138.080852][T10336] Bluetooth: hci3: command tx timeout
[  139.192091][    C1] vkms_vblank_simulate: vblank timer overrun
[  139.398438][    C1] vkms_vblank_simulate: vblank timer overrun
[  142.505095][    C1] vkms_vblank_simulate: vblank timer overrun
[  143.389438][    C1] vkms_vblank_simulate: vblank timer overrun
[  144.657443][    C1] vkms_vblank_simulate: vblank timer overrun
[  146.492313][    C1] vkms_vblank_simulate: vblank timer overrun
[  147.322299][    C1] vkms_vblank_simulate: vblank timer overrun
[  147.722469][    C1] vkms_vblank_simulate: vblank timer overrun
[  152.159109][ T1356] ieee802154 phy0 wpan0: encryption failed: -22
[  152.184360][ T1356] ieee802154 phy1 wpan1: encryption failed: -22
[  156.961985][    C1] vkms_vblank_simulate: vblank timer overrun
[  157.056053][    C1] vkms_vblank_simulate: vblank timer overrun
[  157.480000][    C1] vkms_vblank_simulate: vblank timer overrun
[  157.613658][    C1] vkms_vblank_simulate: vblank timer overrun
[  175.563162][    C2] vkms_vblank_simulate: vblank timer overrun
[  179.670852][    C2] vkms_vblank_simulate: vblank timer overrun
[  180.026646][    C2] vkms_vblank_simulate: vblank timer overrun
[  180.403161][    C2] vkms_vblank_simulate: vblank timer overrun
[  181.022623][    C2] vkms_vblank_simulate: vblank timer overrun
[  181.182732][    C2] vkms_vblank_simulate: vblank timer overrun
[  183.208879][    C2] vkms_vblank_simulate: vblank timer overrun
[  185.055125][    C2] vkms_vblank_simulate: vblank timer overrun
[  185.698655][    C2] vkms_vblank_simulate: vblank timer overrun
[  186.564186][    C2] vkms_vblank_simulate: vblank timer overrun
[  187.402542][T13848] syz.2.990: vmalloc error: size 261324800, failed to allocated page array size 510400, mode:0xdc2(GFP_KERNEL|__GFP_HIGHMEM|__GFP_ZERO), nodemask=(null),cpuset=/,mems_allowed=0-1
[  187.413087][T13848] CPU: 0 UID: 0 PID: 13848 Comm: syz.2.990 Not tainted 6.18.0 #1 PREEMPT(full) 
[  187.413114][T13848] Hardware name: QEMU Standard PC (i440FX + PIIX, 1996), BIOS rel-1.16.3-0-ga6ed6b701f0a-prebuilt.qemu.org 04/01/2014
[  187.413180][T13848] Call Trace:
[  187.413231][T13848]  <TASK>
[  187.413283][T13848]  dump_stack_lvl+0x180/0x1b0
[  187.413364][T13848]  warn_alloc+0x211/0x360
[  187.413388][T13848]  ? __pfx_warn_alloc+0x10/0x10
[  187.413409][T13848]  ? __pfx_alloc_vmap_area+0x10/0x10
[  187.413434][T13848]  ? __get_vm_area_node+0x10c/0x340
[  187.413478][T13848]  ? drm_property_create_blob.part.0+0x34/0x320
[  187.413506][T13848]  ? __vmalloc_node_noprof+0xac/0xf0
[  187.413583][T13848]  __vmalloc_node_range_noprof+0xfaa/0x13b0
[  187.413620][T13848]  ? drm_property_create_blob.part.0+0x34/0x320
[  187.413655][T13848]  ? __pfx___vmalloc_node_range_noprof+0x10/0x10
[  187.413694][T13848]  __kvmalloc_node_noprof+0x41f/0x9d0
[  187.413718][T13848]  ? drm_property_create_blob.part.0+0x34/0x320
[  187.413746][T13848]  ? drm_property_create_blob.part.0+0x34/0x320
[  187.413777][T13848]  ? drm_property_create_blob.part.0+0x34/0x320
[  187.413802][T13848]  drm_property_create_blob.part.0+0x34/0x320
[  187.413832][T13848]  drm_mode_createblob_ioctl+0x139/0x490
[  187.413863][T13848]  drm_ioctl_kernel+0x1ed/0x3e0
[  187.413880][T13848]  ? __pfx_drm_mode_createblob_ioctl+0x10/0x10
[  187.413906][T13848]  ? __pfx_drm_ioctl_kernel+0x10/0x10
[  187.413932][T13848]  drm_ioctl+0x574/0xb90
[  187.413953][T13848]  ? __pfx_drm_mode_createblob_ioctl+0x10/0x10
[  187.414014][T13848]  ? __pfx_drm_ioctl+0x10/0x10
[  187.414034][T13848]  ? hook_file_ioctl_common+0x146/0x3f0
[  187.414065][T13848]  ? __fget_files+0x1fb/0x3b0
[  187.414090][T13848]  ? __pfx_drm_ioctl+0x10/0x10
[  187.414149][T13848]  __x64_sys_ioctl+0x18f/0x210
[  187.414171][T13848]  do_syscall_64+0xcb/0xfa0
[  187.414200][T13848]  entry_SYSCALL_64_after_hwframe+0x77/0x7f
[  187.414221][T13848] RIP: 0033:0x7f35415b059d
[  187.414238][T13848] Code: 02 b8 ff ff ff ff c3 66 0f 1f 44 00 00 f3 0f 1e fa 48 89 f8 48 89 f7 48 89 d6 48 89 ca 4d 89 c2 4d 89 c8 4c 8b 4c 24 08 0f 05 <48> 3d 01 f0 ff ff 73 01 c3 48 c7 c1 a8 ff ff ff f7 d8 64 89 01 48
[  187.414255][T13848] RSP: 002b:00007f354248ff98 EFLAGS: 00000246 ORIG_RAX: 0000000000000010
[  187.414299][T13848] RAX: ffffffffffffffda RBX: 00007f3541825fa0 RCX: 00007f35415b059d
[  187.414311][T13848] RDX: 0000200000000100 RSI: 00000000c01064bd RDI: 0000000000000003
[  187.414322][T13848] RBP: 00007f354164e078 R08: 0000000000000000 R09: 0000000000000000
[  187.414333][T13848] R10: 0000000000000000 R11: 0000000000000246 R12: 0000000000000000
[  187.414343][T13848] R13: 00007f3541826038 R14: 00007f3541825fa0 R15: 00007f3542470000
[  187.414371][T13848]  </TASK>
[  187.414394][T13848] Mem-Info:
[  187.590094][    C2] vkms_vblank_simulate: vblank timer overrun
[  187.767748][T13848] active_anon:7842 inactive_anon:0 isolated_anon:0
[  187.767748][T13848]  active_file:2504 inactive_file:52476 isolated_file:0
[  187.767748][T13848]  unevictable:1790 dirty:1568 writeback:216
[  187.767748][T13848]  slab_reclaimable:12425 slab_unreclaimable:66263
[  187.767748][T13848]  mapped:27604 shmem:2822 pagetables:1340
[  187.767748][T13848]  sec_pagetables:0 bounce:0
[  187.767748][T13848]  kernel_misc_reclaimable:0
[  187.767748][T13848]  free:474030 free_pcp:13613 free_cma:0
[  187.841193][T13848] Node 0 active_anon:17484kB inactive_anon:0kB active_file:4636kB inactive_file:81204kB unevictable:3536kB isolated(anon):0kB isolated(file):0kB mapped:60144kB dirty:1196kB writeback:4448kB shmem:5572kB shmem_thp:0kB shmem_pmdmapped:0kB anon_thp:0kB kernel_stack:4720kB pagetables:2204kB sec_pagetables:0kB all_unreclaimable? no Balloon:0kB
[  187.922184][T13848] Node 1 active_anon:13704kB inactive_anon:0kB active_file:5380kB inactive_file:128700kB unevictable:3536kB isolated(anon):0kB isolated(file):0kB mapped:50244kB dirty:2472kB writeback:64kB shmem:5628kB shmem_thp:0kB shmem_pmdmapped:0kB anon_thp:0kB kernel_stack:7916kB pagetables:2804kB sec_pagetables:0kB all_unreclaimable? no Balloon:0kB
[  187.983682][T13848] Node 0 DMA free:15360kB boost:0kB min:452kB low:564kB high:676kB reserved_highatomic:0KB free_highatomic:0KB active_anon:0kB inactive_anon:0kB active_file:0kB inactive_file:0kB unevictable:0kB writepending:0kB zspages:0kB present:15992kB managed:15360kB mlocked:0kB bounce:0kB free_pcp:0kB local_pcp:0kB free_cma:0kB
[  188.017832][    C2] vkms_vblank_simulate: vblank timer overrun
[  188.038562][T13848] lowmem_reserve[]: 0 1176 1176 1176 1176
[  188.044689][T13848] Node 0 DMA32 free:640988kB boost:0kB min:34836kB low:43544kB high:52252kB reserved_highatomic:0KB free_highatomic:0KB active_anon:17484kB inactive_anon:0kB active_file:4636kB inactive_file:81204kB unevictable:3536kB writepending:2476kB zspages:0kB present:2080772kB managed:1204832kB mlocked:0kB bounce:0kB free_pcp:25944kB local_pcp:15824kB free_cma:0kB
[  188.127563][    C2] vkms_vblank_simulate: vblank timer overrun
[  188.158715][T13848] lowmem_reserve[]: 0 0 0 0 0
[  188.162204][T13848] Node 1 DMA32 free:982656kB boost:0kB min:29136kB low:36420kB high:43704kB reserved_highatomic:0KB free_highatomic:0KB active_anon:0kB inactive_anon:0kB active_file:0kB inactive_file:0kB unevictable:0kB writepending:0kB zspages:0kB present:1048444kB managed:982908kB mlocked:0kB bounce:0kB free_pcp:244kB local_pcp:0kB free_cma:0kB
[  188.212791][    C2] vkms_vblank_simulate: vblank timer overrun
[  188.221620][T13848] lowmem_reserve[]: 0 0 846 846 846
[  188.228093][T13848] Node 1 Normal free:257080kB boost:0kB min:25680kB low:32100kB high:38520kB reserved_highatomic:0KB free_highatomic:0KB active_anon:13704kB inactive_anon:0kB active_file:5380kB inactive_file:128700kB unevictable:3536kB writepending:1960kB zspages:0kB present:1048576kB managed:866440kB mlocked:0kB bounce:0kB free_pcp:29892kB local_pcp:128kB free_cma:0kB
[  188.260814][    C2] vkms_vblank_simulate: vblank timer overrun
[  188.269609][T13848] lowmem_reserve[]: 0 0 0 0 0
[  188.276374][T13848] Node 0 DMA: 0*4kB 0*8kB 0*16kB 0*32kB 0*64kB 0*128kB 0*256kB 0*512kB 1*1024kB (U) 1*2048kB (M) 3*4096kB (M) = 15360kB
[  188.289267][T13848] Node 0 DMA32: 40*4kB (UME) 22*8kB (UME) 12*16kB (UME) 27*32kB (UME) 8*64kB (UME) 3*128kB (ME) 5*256kB (UME) 13*512kB (ME) 5*1024kB (ME) 2*2048kB (UM) 152*4096kB (M) = 642032kB
[  188.305922][T13848] Node 1 DMA32: 2*4kB (UM) 1*8kB (M) 1*16kB (M) 1*32kB (M) 1*64kB (M) 2*128kB (M) 3*256kB (UM) 3*512kB (UM) 3*1024kB (UM) 3*2048kB (UM) 237*4096kB (M) = 982656kB
[  188.326687][T13848] Node 1 Normal: 389*4kB (UME) 127*8kB (UME) 72*16kB (UME) 174*32kB (UME) 18*64kB (UM) 39*128kB (UME) 13*256kB (UME) 2*512kB (UM) 0*1024kB 4*2048kB (UME) 56*4096kB (UM) = 257356kB
[  188.350351][T13848] Node 0 hugepages_total=2 hugepages_free=2 hugepages_surp=0 hugepages_size=2048kB
[  188.363786][T13848] Node 1 hugepages_total=2 hugepages_free=2 hugepages_surp=0 hugepages_size=2048kB
[  188.381828][T13848] 57780 total pagecache pages
[  188.388519][T13848] 0 pages in swap cache
[  188.401201][T13848] Free swap  = 124996kB
[  188.403604][T13848] Total swap = 124996kB
[  188.407800][T13848] 1048446 pages RAM
[  188.444162][T13848] 0 pages HighMem/MovableOnly
[  188.446541][T13848] 281061 pages reserved
[  188.460096][T13848] 0 pages cma reserved
[  188.970266][    C2] vkms_vblank_simulate: vblank timer overrun
[  189.094528][    C2] vkms_vblank_simulate: vblank timer overrun
[  189.205713][    C2] vkms_vblank_simulate: vblank timer overrun
[  189.770517][    C2] vkms_vblank_simulate: vblank timer overrun
[  192.234253][    C2] vkms_vblank_simulate: vblank timer overrun
[  192.371193][    C2] vkms_vblank_simulate: vblank timer overrun
[  194.524233][    C2] vkms_vblank_simulate: vblank timer overrun
[  195.137207][    C2] vkms_vblank_simulate: vblank timer overrun
[  196.409346][    C1] vkms_vblank_simulate: vblank timer overrun
[  196.506142][    C1] vkms_vblank_simulate: vblank timer overrun
[  196.575502][    C1] vkms_vblank_simulate: vblank timer overrun
[  196.727821][    C1] vkms_vblank_simulate: vblank timer overrun
[  196.790159][    C1] vkms_vblank_simulate: vblank timer overrun
[  196.826389][    C1] vkms_vblank_simulate: vblank timer overrun
[  199.960482][    C1] vkms_vblank_simulate: vblank timer overrun
[  200.235126][    C1] vkms_vblank_simulate: vblank timer overrun
[  201.190120][    C1] vkms_vblank_simulate: vblank timer overrun
[  201.301585][    C1] vkms_vblank_simulate: vblank timer overrun
[  201.495882][    C1] vkms_vblank_simulate: vblank timer overrun
[  202.539942][T14412] warn_alloc: 1 callbacks suppressed
[  202.539965][T14412] syz.1.1211: vmalloc error: size 261324800, failed to allocated page array size 510400, mode:0xdc2(GFP_KERNEL|__GFP_HIGHMEM|__GFP_ZERO), nodemask=(null),cpuset=/,mems_allowed=0-1
[  202.581639][T14412] CPU: 3 UID: 0 PID: 14412 Comm: syz.1.1211 Not tainted 6.18.0 #1 PREEMPT(full) 
[  202.581712][T14412] Hardware name: QEMU Standard PC (i440FX + PIIX, 1996), BIOS rel-1.16.3-0-ga6ed6b701f0a-prebuilt.qemu.org 04/01/2014
[  202.581725][T14412] Call Trace:
[  202.581737][T14412]  <TASK>
[  202.581748][T14412]  dump_stack_lvl+0x180/0x1b0
[  202.581789][T14412]  warn_alloc+0x211/0x360
[  202.581815][T14412]  ? __pfx_warn_alloc+0x10/0x10
[  202.581837][T14412]  ? __pfx_alloc_vmap_area+0x10/0x10
[  202.581865][T14412]  ? __get_vm_area_node+0x10c/0x340
[  202.581900][T14412]  ? drm_property_create_blob.part.0+0x34/0x320
[  202.581930][T14412]  ? __vmalloc_node_noprof+0xac/0xf0
[  202.582014][T14412]  __vmalloc_node_range_noprof+0xfaa/0x13b0
[  202.582053][T14412]  ? drm_property_create_blob.part.0+0x34/0x320
[  202.582090][T14412]  ? __pfx___vmalloc_node_range_noprof+0x10/0x10
[  202.582129][T14412]  __kvmalloc_node_noprof+0x41f/0x9d0
[  202.582156][T14412]  ? drm_property_create_blob.part.0+0x34/0x320
[  202.582203][T14412]  ? drm_property_create_blob.part.0+0x34/0x320
[  202.582238][T14412]  ? drm_property_create_blob.part.0+0x34/0x320
[  202.582265][T14412]  drm_property_create_blob.part.0+0x34/0x320
[  202.582297][T14412]  drm_mode_createblob_ioctl+0x139/0x490
[  202.582330][T14412]  drm_ioctl_kernel+0x1ed/0x3e0
[  202.582349][T14412]  ? __pfx_drm_mode_createblob_ioctl+0x10/0x10
[  202.582377][T14412]  ? __pfx_drm_ioctl_kernel+0x10/0x10
[  202.582404][T14412]  drm_ioctl+0x574/0xb90
[  202.582425][T14412]  ? __pfx_drm_mode_createblob_ioctl+0x10/0x10
[  202.582455][T14412]  ? __pfx_drm_ioctl+0x10/0x10
[  202.582475][T14412]  ? hook_file_ioctl_common+0x146/0x3f0
[  202.582508][T14412]  ? __fget_files+0x1fb/0x3b0
[  202.582536][T14412]  ? __pfx_drm_ioctl+0x10/0x10
[  202.582557][T14412]  __x64_sys_ioctl+0x18f/0x210
[  202.582580][T14412]  do_syscall_64+0xcb/0xfa0
[  202.582612][T14412]  entry_SYSCALL_64_after_hwframe+0x77/0x7f
[  202.582632][T14412] RIP: 0033:0x7f7ea81b059d
[  202.582652][T14412] Code: 02 b8 ff ff ff ff c3 66 0f 1f 44 00 00 f3 0f 1e fa 48 89 f8 48 89 f7 48 89 d6 48 89 ca 4d 89 c2 4d 89 c8 4c 8b 4c 24 08 0f 05 <48> 3d 01 f0 ff ff 73 01 c3 48 c7 c1 a8 ff ff ff f7 d8 64 89 01 48
[  202.582741][T14412] RSP: 002b:00007f7ea914cf98 EFLAGS: 00000246 ORIG_RAX: 0000000000000010
[  202.582771][T14412] RAX: ffffffffffffffda RBX: 00007f7ea8425fa0 RCX: 00007f7ea81b059d
[  202.582784][T14412] RDX: 0000200000000100 RSI: 00000000c01064bd RDI: 0000000000000003
[  202.582796][T14412] RBP: 00007f7ea824e078 R08: 0000000000000000 R09: 0000000000000000
[  202.582807][T14412] R10: 0000000000000000 R11: 0000000000000246 R12: 0000000000000000
[  202.582818][T14412] R13: 00007f7ea8426038 R14: 00007f7ea8425fa0 R15: 00007f7ea912d000
[  202.582846][T14412]  </TASK>
[  202.582855][T14412] Mem-Info:
[  202.773019][T14412] active_anon:7761 inactive_anon:0 isolated_anon:0
[  202.773019][T14412]  active_file:2504 inactive_file:52488 isolated_file:0
[  202.773019][T14412]  unevictable:1768 dirty:1756 writeback:0
[  202.773019][T14412]  slab_reclaimable:12427 slab_unreclaimable:67032
[  202.773019][T14412]  mapped:27548 shmem:2800 pagetables:972
[  202.773019][T14412]  sec_pagetables:0 bounce:0
[  202.773019][T14412]  kernel_misc_reclaimable:0
[  202.773019][T14412]  free:472992 free_pcp:14430 free_cma:0
[  202.820132][T14412] Node 0 active_anon:17276kB inactive_anon:0kB active_file:4636kB inactive_file:81212kB unevictable:3536kB isolated(anon):0kB isolated(file):0kB mapped:60096kB dirty:4700kB writeback:0kB shmem:5576kB shmem_thp:0kB shmem_pmdmapped:0kB anon_thp:0kB kernel_stack:4720kB pagetables:1880kB sec_pagetables:0kB all_unreclaimable? no Balloon:0kB
[  202.859367][T14412] Node 1 active_anon:13768kB inactive_anon:0kB active_file:5380kB inactive_file:128740kB unevictable:3536kB isolated(anon):0kB isolated(file):0kB mapped:50096kB dirty:2324kB writeback:0kB shmem:5624kB shmem_thp:0kB shmem_pmdmapped:0kB anon_thp:0kB kernel_stack:7888kB pagetables:2008kB sec_pagetables:0kB all_unreclaimable? no Balloon:0kB
[  202.896882][T14412] Node 0 DMA free:15360kB boost:0kB min:452kB low:564kB high:676kB reserved_highatomic:0KB free_highatomic:0KB active_anon:0kB inactive_anon:0kB active_file:0kB inactive_file:0kB unevictable:0kB writepending:0kB zspages:0kB present:15992kB managed:15360kB mlocked:0kB bounce:0kB free_pcp:0kB local_pcp:0kB free_cma:0kB
[  202.914879][T14412] lowmem_reserve[]: 0 1176 1176 1176 1176
[  202.919031][T14412] Node 0 DMA32 free:676580kB boost:0kB min:34836kB low:43544kB high:52252kB reserved_highatomic:0KB free_highatomic:0KB active_anon:17276kB inactive_anon:0kB active_file:4636kB inactive_file:81212kB unevictable:3536kB writepending:4712kB zspages:0kB present:2080772kB managed:1204832kB mlocked:0kB bounce:0kB free_pcp:19704kB local_pcp:72kB free_cma:0kB
[  202.946263][T14412] lowmem_reserve[]: 0 0 0 0 0
[  202.949524][T14412] Node 1 DMA32 free:982656kB boost:0kB min:29136kB low:36420kB high:43704kB reserved_highatomic:0KB free_highatomic:0KB active_anon:0kB inactive_anon:0kB active_file:0kB inactive_file:0kB unevictable:0kB writepending:0kB zspages:0kB present:1048444kB managed:982908kB mlocked:0kB bounce:0kB free_pcp:244kB local_pcp:0kB free_cma:0kB
[  202.977411][T14412] lowmem_reserve[]: 0 0 846 846 846
[  202.982922][T14412] Node 1 Normal free:219140kB boost:0kB min:25680kB low:32100kB high:38520kB reserved_highatomic:0KB free_highatomic:0KB active_anon:13768kB inactive_anon:0kB active_file:5380kB inactive_file:128740kB unevictable:3536kB writepending:2380kB zspages:0kB present:1048576kB managed:866440kB mlocked:0kB bounce:0kB free_pcp:35884kB local_pcp:22512kB free_cma:0kB
[  203.047295][T14412] lowmem_reserve[]: 0 0 0 0 0
[  203.052283][T14412] Node 0 DMA: 0*4kB 0*8kB 0*16kB 0*32kB 0*64kB 0*128kB 0*256kB 0*512kB 1*1024kB (U) 1*2048kB (M) 3*4096kB (M) = 15360kB
[  203.058471][T14412] Node 0 DMA32: 387*4kB (UME) 721*8kB (UME) 377*16kB (UME) 56*32kB (ME) 44*64kB (UME) 36*128kB (UME) 25*256kB (UME) 22*512kB (UME) 9*1024kB (UME) 8*2048kB (UM) 149*4096kB (UM) = 676132kB
[  203.068383][T14412] Node 1 DMA32: 2*4kB (UM) 1*8kB (M) 1*16kB (M) 1*32kB (M) 1*64kB (M) 2*128kB (M) 3*256kB (UM) 3*512kB (UM) 3*1024kB (UM) 3*2048kB (UM) 237*4096kB (M) = 982656kB
[  203.079621][T14412] Node 1 Normal: 67*4kB (UME) 13*8kB (ME) 5*16kB (UME) 11*32kB (ME) 6*64kB (M) 9*128kB (UME) 14*256kB (UME) 6*512kB (M) 1*1024kB (U) 8*2048kB (UME) 47*4096kB (UM) = 218916kB
[  203.089967][T14412] Node 0 hugepages_total=2 hugepages_free=2 hugepages_surp=0 hugepages_size=2048kB
[  203.095843][T14412] Node 1 hugepages_total=2 hugepages_free=2 hugepages_surp=0 hugepages_size=2048kB
[  203.103226][T14412] 57798 total pagecache pages
[  203.106362][T14412] 0 pages in swap cache
[  203.108085][T14412] Free swap  = 124996kB
[  203.112339][T14412] Total swap = 124996kB
[  203.115829][T14412] 1048446 pages RAM
[  203.118384][T14412] 0 pages HighMem/MovableOnly
[  203.121988][T14412] 281061 pages reserved
[  203.123833][T14412] 0 pages cma reserved
[  203.279939][    C0] vkms_vblank_simulate: vblank timer overrun
[  206.971797][    C0] vkms_vblank_simulate: vblank timer overrun
[  208.224201][    C0] vkms_vblank_simulate: vblank timer overrun
[  212.212900][    C0] vkms_vblank_simulate: vblank timer overrun
[  213.604223][ T1356] ieee802154 phy0 wpan0: encryption failed: -22
[  213.609958][ T1356] ieee802154 phy1 wpan1: encryption failed: -22
[  214.957021][T14932] syz.3.1412: vmalloc error: size 261324800, failed to allocated page array size 510400, mode:0xdc2(GFP_KERNEL|__GFP_HIGHMEM|__GFP_ZERO), nodemask=(null),cpuset=/,mems_allowed=0-1
[  214.968399][T14932] CPU: 1 UID: 0 PID: 14932 Comm: syz.3.1412 Not tainted 6.18.0 #1 PREEMPT(full) 
[  214.968426][T14932] Hardware name: QEMU Standard PC (i440FX + PIIX, 1996), BIOS rel-1.16.3-0-ga6ed6b701f0a-prebuilt.qemu.org 04/01/2014
[  214.968438][T14932] Call Trace:
[  214.968445][T14932]  <TASK>
[  214.968453][T14932]  dump_stack_lvl+0x180/0x1b0
[  214.968488][T14932]  warn_alloc+0x211/0x360
[  214.968513][T14932]  ? __pfx_warn_alloc+0x10/0x10
[  214.968534][T14932]  ? __pfx_alloc_vmap_area+0x10/0x10
[  214.968560][T14932]  ? __get_vm_area_node+0x10c/0x340
[  214.969058][T14932]  ? drm_property_create_blob.part.0+0x34/0x320
[  214.969088][T14932]  ? __vmalloc_node_noprof+0xac/0xf0
[  214.969175][T14932]  __vmalloc_node_range_noprof+0xfaa/0x13b0
[  214.969211][T14932]  ? drm_property_create_blob.part.0+0x34/0x320
[  214.969242][T14932]  ? __pfx___vmalloc_node_range_noprof+0x10/0x10
[  214.969277][T14932]  __kvmalloc_node_noprof+0x41f/0x9d0
[  214.969299][T14932]  ? drm_property_create_blob.part.0+0x34/0x320
[  214.969324][T14932]  ? drm_property_create_blob.part.0+0x34/0x320
[  214.969352][T14932]  ? drm_property_create_blob.part.0+0x34/0x320
[  214.969376][T14932]  drm_property_create_blob.part.0+0x34/0x320
[  214.969404][T14932]  drm_mode_createblob_ioctl+0x139/0x490
[  214.969433][T14932]  drm_ioctl_kernel+0x1ed/0x3e0
[  214.969449][T14932]  ? __pfx_drm_mode_createblob_ioctl+0x10/0x10
[  214.969474][T14932]  ? __pfx_drm_ioctl_kernel+0x10/0x10
[  214.969498][T14932]  drm_ioctl+0x574/0xb90
[  214.969518][T14932]  ? __pfx_drm_mode_createblob_ioctl+0x10/0x10
[  214.969546][T14932]  ? __pfx_drm_ioctl+0x10/0x10
[  214.969566][T14932]  ? hook_file_ioctl_common+0x146/0x3f0
[  214.969598][T14932]  ? __fget_files+0x1fb/0x3b0
[  214.969624][T14932]  ? __pfx_drm_ioctl+0x10/0x10
[  214.969811][T14932]  __x64_sys_ioctl+0x18f/0x210
[  214.969907][T14932]  do_syscall_64+0xcb/0xfa0
[  214.969941][T14932]  entry_SYSCALL_64_after_hwframe+0x77/0x7f
[  214.969961][T14932] RIP: 0033:0x7fd607bb059d
[  214.969980][T14932] Code: 02 b8 ff ff ff ff c3 66 0f 1f 44 00 00 f3 0f 1e fa 48 89 f8 48 89 f7 48 89 d6 48 89 ca 4d 89 c2 4d 89 c8 4c 8b 4c 24 08 0f 05 <48> 3d 01 f0 ff ff 73 01 c3 48 c7 c1 a8 ff ff ff f7 d8 64 89 01 48
[  214.969997][T14932] RSP: 002b:00007fd608b06f98 EFLAGS: 00000246 ORIG_RAX: 0000000000000010
[  214.970017][T14932] RAX: ffffffffffffffda RBX: 00007fd607e25fa0 RCX: 00007fd607bb059d
[  214.970029][T14932] RDX: 0000200000000100 RSI: 00000000c01064bd RDI: 0000000000000003
[  214.970041][T14932] RBP: 00007fd607c4e078 R08: 0000000000000000 R09: 0000000000000000
[  214.970052][T14932] R10: 0000000000000000 R11: 0000000000000246 R12: 0000000000000000
[  214.970063][T14932] R13: 00007fd607e26038 R14: 00007fd607e25fa0 R15: 00007fd608ae7000
[  214.970092][T14932]  </TASK>
[  215.127912][T14932] Mem-Info:
[  215.129545][T14932] active_anon:9129 inactive_anon:0 isolated_anon:0
[  215.129545][T14932]  active_file:2504 inactive_file:52500 isolated_file:0
[  215.129545][T14932]  unevictable:3485 dirty:1773 writeback:0
[  215.129545][T14932]  slab_reclaimable:12428 slab_unreclaimable:66276
[  215.129545][T14932]  mapped:29282 shmem:5868 pagetables:1036
[  215.129545][T14932]  sec_pagetables:0 bounce:0
[  215.129545][T14932]  kernel_misc_reclaimable:0
[  215.129545][T14932]  free:474302 free_pcp:10353 free_cma:0
[  215.155479][T14932] Node 0 active_anon:17332kB inactive_anon:0kB active_file:4632kB inactive_file:81236kB unevictable:3536kB isolated(anon):0kB isolated(file):0kB mapped:60100kB dirty:4676kB writeback:0kB shmem:5580kB shmem_thp:0kB shmem_pmdmapped:0kB anon_thp:0kB kernel_stack:4688kB pagetables:1952kB sec_pagetables:0kB all_unreclaimable? no Balloon:0kB
[  215.177022][T14932] Node 1 active_anon:19984kB inactive_anon:0kB active_file:5384kB inactive_file:128764kB unevictable:9604kB isolated(anon):0kB isolated(file):0kB mapped:56128kB dirty:2416kB writeback:0kB shmem:17892kB shmem_thp:0kB shmem_pmdmapped:0kB anon_thp:0kB kernel_stack:7948kB pagetables:2192kB sec_pagetables:0kB all_unreclaimable? no Balloon:0kB
[  215.196781][T14932] Node 0 DMA free:15360kB boost:0kB min:452kB low:564kB high:676kB reserved_highatomic:0KB free_highatomic:0KB active_anon:0kB inactive_anon:0kB active_file:0kB inactive_file:0kB unevictable:0kB writepending:0kB zspages:0kB present:15992kB managed:15360kB mlocked:0kB bounce:0kB free_pcp:0kB local_pcp:0kB free_cma:0kB
[  215.215402][T14932] lowmem_reserve[]: 0 1176 1176 1176 1176
[  215.223783][T14932] Node 0 DMA32 free:670424kB boost:0kB min:34836kB low:43544kB high:52252kB reserved_highatomic:0KB free_highatomic:0KB active_anon:17332kB inactive_anon:0kB active_file:4632kB inactive_file:80724kB unevictable:3536kB writepending:4676kB zspages:0kB present:2080772kB managed:1204832kB mlocked:0kB bounce:0kB free_pcp:29100kB local_pcp:5732kB free_cma:0kB
[  215.251559][T14932] lowmem_reserve[]: 0 0 0 0 0
[  215.255194][T14932] Node 1 DMA32 free:982656kB boost:0kB min:29136kB low:36420kB high:43704kB reserved_highatomic:0KB free_highatomic:0KB active_anon:0kB inactive_anon:0kB active_file:0kB inactive_file:0kB unevictable:0kB writepending:0kB zspages:0kB present:1048444kB managed:982908kB mlocked:0kB bounce:0kB free_pcp:244kB local_pcp:244kB free_cma:0kB
[  215.277035][T14932] lowmem_reserve[]: 0 0 846 846 846
[  215.280096][T14932] Node 1 Normal free:228824kB boost:0kB min:25680kB low:32100kB high:38520kB reserved_highatomic:0KB free_highatomic:0KB active_anon:24884kB inactive_anon:0kB active_file:5896kB inactive_file:128764kB unevictable:3604kB writepending:2956kB zspages:0kB present:1048576kB managed:866440kB mlocked:68kB bounce:0kB free_pcp:13312kB local_pcp:1000kB free_cma:0kB
[  215.312058][T14932] lowmem_reserve[]: 0 0 0 0 0
[  215.315607][T14932] Node 0 DMA: 0*4kB 0*8kB 0*16kB 0*32kB 0*64kB 0*128kB 0*256kB 0*512kB 1*1024kB (U) 1*2048kB (M) 3*4096kB (M) = 15360kB
[  215.327157][T14932] Node 0 DMA32: 450*4kB (UME) 608*8kB (UME) 419*16kB (UME) 175*32kB (UME) 75*64kB (UME) 44*128kB (UME) 29*256kB (UME) 23*512kB (UME) 10*1024kB (UME) 10*2048kB (UM) 144*4096kB (UM) = 669144kB
[  215.341066][T14932] Node 1 DMA32: 2*4kB (UM) 1*8kB (M) 1*16kB (M) 1*32kB (M) 1*64kB (M) 2*128kB (M) 3*256kB (UM) 3*512kB (UM) 3*1024kB (UM) 3*2048kB (UM) 237*4096kB (M) = 982656kB
[  215.354189][T14932] Node 1 Normal: 40*4kB (UME) 15*8kB (UE) 4*16kB (UE) 70*32kB (UME) 46*64kB (UME) 31*128kB (UME) 35*256kB (UM) 19*512kB (UME) 13*1024kB (U) 16*2048kB (UME) 38*4096kB (UM) = 229912kB
[  215.370098][T14932] Node 0 hugepages_total=2 hugepages_free=2 hugepages_surp=0 hugepages_size=2048kB
[  215.375642][T14932] Node 1 hugepages_total=2 hugepages_free=2 hugepages_surp=0 hugepages_size=2048kB
[  215.381463][T14932] 59557 total pagecache pages
[  215.386686][T14932] 0 pages in swap cache
[  215.388893][T14932] Free swap  = 124996kB
[  215.392087][T14932] Total swap = 124996kB
[  215.395267][T14932] 1048446 pages RAM
[  215.398035][T14932] 0 pages HighMem/MovableOnly
[  215.401908][T14932] 281061 pages reserved
[  215.404674][T14932] 0 pages cma reserved
[  216.292352][    C0] vkms_vblank_simulate: vblank timer overrun
[  221.176180][    C0] vkms_vblank_simulate: vblank timer overrun
[  221.957096][    C0] vkms_vblank_simulate: vblank timer overrun
[  223.363002][    C0] vkms_vblank_simulate: vblank timer overrun
[  223.668632][    C0] vkms_vblank_simulate: vblank timer overrun
[  223.985710][    C0] vkms_vblank_simulate: vblank timer overrun
[  228.017495][    C0] vkms_vblank_simulate: vblank timer overrun
[  228.223552][    C0] vkms_vblank_simulate: vblank timer overrun
[  228.371983][T15434] warn_alloc: 1 callbacks suppressed
[  228.372006][T15434] syz.0.1614: vmalloc error: size 261324800, failed to allocated page array size 510400, mode:0xdc2(GFP_KERNEL|__GFP_HIGHMEM|__GFP_ZERO), nodemask=(null),cpuset=/,mems_allowed=0-1
[  228.409072][    C0] vkms_vblank_simulate: vblank timer overrun
[  228.428281][T15434] CPU: 0 UID: 0 PID: 15434 Comm: syz.0.1614 Not tainted 6.18.0 #1 PREEMPT(full) 
[  228.428309][T15434] Hardware name: QEMU Standard PC (i440FX + PIIX, 1996), BIOS rel-1.16.3-0-ga6ed6b701f0a-prebuilt.qemu.org 04/01/2014
[  228.428321][T15434] Call Trace:
[  228.428328][T15434]  <TASK>
[  228.428337][T15434]  dump_stack_lvl+0x180/0x1b0
[  228.428372][T15434]  warn_alloc+0x211/0x360
[  228.428398][T15434]  ? __pfx_warn_alloc+0x10/0x10
[  228.428419][T15434]  ? __pfx_alloc_vmap_area+0x10/0x10
[  228.428445][T15434]  ? __get_vm_area_node+0x10c/0x340
[  228.431104][T15434]  ? drm_property_create_blob.part.0+0x34/0x320
[  228.431137][T15434]  ? __vmalloc_node_noprof+0xac/0xf0
[  228.431167][T15434]  __vmalloc_node_range_noprof+0xfaa/0x13b0
[  228.431218][T15434]  ? drm_property_create_blob.part.0+0x34/0x320
[  228.431254][T15434]  ? __pfx___vmalloc_node_range_noprof+0x10/0x10
[  228.431289][T15434]  __kvmalloc_node_noprof+0x41f/0x9d0
[  228.431311][T15434]  ? drm_property_create_blob.part.0+0x34/0x320
[  228.431337][T15434]  ? drm_property_create_blob.part.0+0x34/0x320
[  228.431366][T15434]  ? drm_property_create_blob.part.0+0x34/0x320
[  228.431389][T15434]  drm_property_create_blob.part.0+0x34/0x320
[  228.431416][T15434]  drm_mode_createblob_ioctl+0x139/0x490
[  228.431445][T15434]  drm_ioctl_kernel+0x1ed/0x3e0
[  228.431462][T15434]  ? __pfx_drm_mode_createblob_ioctl+0x10/0x10
[  228.431487][T15434]  ? __pfx_drm_ioctl_kernel+0x10/0x10
[  228.431513][T15434]  drm_ioctl+0x574/0xb90
[  228.431533][T15434]  ? __pfx_drm_mode_createblob_ioctl+0x10/0x10
[  228.431562][T15434]  ? __pfx_drm_ioctl+0x10/0x10
[  228.431583][T15434]  ? hook_file_ioctl_common+0x146/0x3f0
[  228.431617][T15434]  ? __fget_files+0x1fb/0x3b0
[  228.431644][T15434]  ? __pfx_drm_ioctl+0x10/0x10
[  228.431664][T15434]  __x64_sys_ioctl+0x18f/0x210
[  228.431731][T15434]  do_syscall_64+0xcb/0xfa0
[  228.431766][T15434]  entry_SYSCALL_64_after_hwframe+0x77/0x7f
[  228.431787][T15434] RIP: 0033:0x7f45df5b059d
[  228.431806][T15434] Code: 02 b8 ff ff ff ff c3 66 0f 1f 44 00 00 f3 0f 1e fa 48 89 f8 48 89 f7 48 89 d6 48 89 ca 4d 89 c2 4d 89 c8 4c 8b 4c 24 08 0f 05 <48> 3d 01 f0 ff ff 73 01 c3 48 c7 c1 a8 ff ff ff f7 d8 64 89 01 48
[  228.431825][T15434] RSP: 002b:00007f45dd7f5f98 EFLAGS: 00000246 ORIG_RAX: 0000000000000010
[  228.431846][T15434] RAX: ffffffffffffffda RBX: 00007f45df825fa0 RCX: 00007f45df5b059d
[  228.431858][T15434] RDX: 0000200000000100 RSI: 00000000c01064bd RDI: 0000000000000003
[  228.431871][T15434] RBP: 00007f45df64e078 R08: 0000000000000000 R09: 0000000000000000
[  228.431882][T15434] R10: 0000000000000000 R11: 0000000000000246 R12: 0000000000000000
[  228.431893][T15434] R13: 00007f45df826038 R14: 00007f45df825fa0 R15: 00007f45dd7d6000
[  228.431920][T15434]  </TASK>
[  228.770517][    C0] vkms_vblank_simulate: vblank timer overrun
[  228.782872][T15434] Mem-Info:
[  228.791696][T15434] active_anon:7787 inactive_anon:0 isolated_anon:0
[  228.791696][T15434]  active_file:2649 inactive_file:52368 isolated_file:0
[  228.791696][T15434]  unevictable:1768 dirty:1413 writeback:0
[  228.791696][T15434]  slab_reclaimable:12429 slab_unreclaimable:65665
[  228.791696][T15434]  mapped:27551 shmem:2800 pagetables:1244
[  228.791696][T15434]  sec_pagetables:0 bounce:0
[  228.791696][T15434]  kernel_misc_reclaimable:0
[  228.791696][T15434]  free:471367 free_pcp:16679 free_cma:0
[  229.048660][    C0] vkms_vblank_simulate: vblank timer overrun
[  229.080196][T15434] Node 0 active_anon:17316kB inactive_anon:0kB active_file:4708kB inactive_file:80724kB unevictable:3536kB isolated(anon):0kB isolated(file):0kB mapped:59664kB dirty:4120kB writeback:0kB shmem:5568kB shmem_thp:0kB shmem_pmdmapped:0kB anon_thp:0kB kernel_stack:4752kB pagetables:2064kB sec_pagetables:0kB all_unreclaimable? no Balloon:0kB
[  229.120021][    C0] vkms_vblank_simulate: vblank timer overrun
[  229.220318][T15434] Node 1 active_anon:13988kB inactive_anon:0kB active_file:5888kB inactive_file:128748kB unevictable:3536kB isolated(anon):0kB isolated(file):0kB mapped:50796kB dirty:2056kB writeback:0kB shmem:5632kB shmem_thp:0kB shmem_pmdmapped:0kB anon_thp:0kB kernel_stack:7984kB pagetables:2552kB sec_pagetables:0kB all_unreclaimable? no Balloon:0kB
[  229.325420][T15434] Node 0 DMA free:15360kB boost:0kB min:452kB low:564kB high:676kB reserved_highatomic:0KB free_highatomic:0KB active_anon:0kB inactive_anon:0kB active_file:0kB inactive_file:0kB unevictable:0kB writepending:0kB zspages:0kB present:15992kB managed:15360kB mlocked:0kB bounce:0kB free_pcp:0kB local_pcp:0kB free_cma:0kB
[  229.373836][    C0] vkms_vblank_simulate: vblank timer overrun
[  229.396287][T15434] lowmem_reserve[]: 0 1176 1176 1176 1176
[  229.399921][T15434] Node 0 DMA32 free:638612kB boost:0kB min:34836kB low:43544kB high:52252kB reserved_highatomic:0KB free_highatomic:0KB active_anon:17316kB inactive_anon:0kB active_file:4708kB inactive_file:80724kB unevictable:3536kB writepending:4120kB zspages:0kB present:2080772kB managed:1204832kB mlocked:0kB bounce:0kB free_pcp:29168kB local_pcp:17232kB free_cma:0kB
[  229.440369][T15434] lowmem_reserve[]: 0 0 0 0 0
[  229.447911][T15434] Node 1 DMA32 free:966144kB boost:0kB min:29136kB low:36420kB high:43704kB reserved_highatomic:0KB free_highatomic:0KB active_anon:0kB inactive_anon:0kB active_file:0kB inactive_file:0kB unevictable:0kB writepending:0kB zspages:0kB present:1048444kB managed:982908kB mlocked:0kB bounce:0kB free_pcp:16756kB local_pcp:5140kB free_cma:0kB
[  229.482511][T15434] lowmem_reserve[]: 0 0 846 846 846
[  229.492618][T15434] Node 1 Normal free:265776kB boost:0kB min:25680kB low:32100kB high:38520kB reserved_highatomic:0KB free_highatomic:0KB active_anon:13988kB inactive_anon:0kB active_file:5888kB inactive_file:128748kB unevictable:3536kB writepending:2056kB zspages:0kB present:1048576kB managed:866440kB mlocked:0kB bounce:0kB free_pcp:21980kB local_pcp:188kB free_cma:0kB
[  229.558535][T15434] lowmem_reserve[]: 0 0 0 0 0
[  229.561535][T15434] Node 0 DMA: 0*4kB 0*8kB 0*16kB 0*32kB 0*64kB 0*128kB 0*256kB 0*512kB 1*1024kB (U) 1*2048kB (M) 3*4096kB (M) = 15360kB
[  229.567891][T15434] Node 0 DMA32: 121*4kB (UME) 50*8kB (UME) 16*16kB (UME) 85*32kB (UME) 11*64kB (ME) 5*128kB (ME) 6*256kB (UME) 10*512kB (ME) 4*1024kB (UME) 8*2048kB (UM) 148*4096kB (UM) = 638548kB
[  229.588782][T15434] Node 1 DMA32: 4*4kB (UM) 2*8kB (UM) 2*16kB (UM) 4*32kB (UM) 3*64kB (UM) 5*128kB (UM) 4*256kB (UM) 5*512kB (UM) 3*1024kB (UM) 6*2048kB (UM) 231*4096kB (M) = 966144kB
[  229.614728][T15434] Node 1 Normal: 844*4kB (UME) 540*8kB (UME) 400*16kB (UME) 355*32kB (UME) 194*64kB (UME) 98*128kB (UME) 52*256kB (UM) 28*512kB (UME) 21*1024kB (U) 23*2048kB (U) 29*4096kB (U) = 265456kB
[  229.637235][T15434] Node 0 hugepages_total=2 hugepages_free=2 hugepages_surp=0 hugepages_size=2048kB
[  229.668927][T15434] Node 1 hugepages_total=2 hugepages_free=2 hugepages_surp=0 hugepages_size=2048kB
[  229.681868][T15434] 57817 total pagecache pages
[  229.688560][T15434] 0 pages in swap cache
[  229.694032][T15434] Free swap  = 124996kB
[  229.697441][T15434] Total swap = 124996kB
[  229.701282][T15434] 1048446 pages RAM
[  229.704415][T15434] 0 pages HighMem/MovableOnly
[  229.707957][T15434] 281061 pages reserved
[  229.716886][T15434] 0 pages cma reserved
[  231.955661][    C0] vkms_vblank_simulate: vblank timer overrun
[  231.977627][    C0] vkms_vblank_simulate: vblank timer overrun
[  232.618318][    C0] vkms_vblank_simulate: vblank timer overrun
[  233.628378][    C0] vkms_vblank_simulate: vblank timer overrun
[  233.644879][    C0] vkms_vblank_simulate: vblank timer overrun
[  241.860660][    C3] vkms_vblank_simulate: vblank timer overrun
[  246.753500][    C3] vkms_vblank_simulate: vblank timer overrun
[  248.271622][    C3] vkms_vblank_simulate: vblank timer overrun
[  248.391745][    C3] vkms_vblank_simulate: vblank timer overrun
[  248.531987][    C3] vkms_vblank_simulate: vblank timer overrun
[  248.995313][    C3] vkms_vblank_simulate: vblank timer overrun
[  249.859243][    C3] vkms_vblank_simulate: vblank timer overrun
[  250.033150][    C3] vkms_vblank_simulate: vblank timer overrun
[  251.075423][    C3] vkms_vblank_simulate: vblank timer overrun
[  251.225664][    C3] vkms_vblank_simulate: vblank timer overrun
[  252.338043][    C3] vkms_vblank_simulate: vblank timer overrun
[  252.625925][    C3] vkms_vblank_simulate: vblank timer overrun
[  252.753282][    C3] vkms_vblank_simulate: vblank timer overrun
[  254.605961][    C3] vkms_vblank_simulate: vblank timer overrun
[  254.761098][    C3] vkms_vblank_simulate: vblank timer overrun
[  255.478996][    C3] vkms_vblank_simulate: vblank timer overrun
[  256.207696][    C3] vkms_vblank_simulate: vblank timer overrun
[  256.628550][    C3] vkms_vblank_simulate: vblank timer overrun
[  256.712391][T10340] Bluetooth: hci3: command 0x0406 tx timeout
[  256.725213][T16400] Bluetooth: hci2: command 0x0406 tx timeout
[  256.729772][ T5200] Bluetooth: hci1: command 0x0406 tx timeout
[  256.735839][T10340] Bluetooth: hci0: command 0x0406 tx timeout
[  257.486249][    C3] vkms_vblank_simulate: vblank timer overrun
[  259.913496][    C3] vkms_vblank_simulate: vblank timer overrun
[  262.579002][    C3] vkms_vblank_simulate: vblank timer overrun
[  263.941515][T16657] ALSA: seq fatal error: cannot create timer (-16)
[  264.274097][    C3] vkms_vblank_simulate: vblank timer overrun
[  264.324879][    C3] vkms_vblank_simulate: vblank timer overrun
[  264.719755][T16687] ALSA: seq fatal error: cannot create timer (-16)
[  270.667354][    C3] vkms_vblank_simulate: vblank timer overrun
[  270.742433][    C3] vkms_vblank_simulate: vblank timer overrun
[  270.907169][    C3] vkms_vblank_simulate: vblank timer overrun
[  271.057413][    C3] vkms_vblank_simulate: vblank timer overrun
[  271.105800][    C3] vkms_vblank_simulate: vblank timer overrun
[  271.390749][    C3] vkms_vblank_simulate: vblank timer overrun
[  271.520687][    C3] vkms_vblank_simulate: vblank timer overrun
[  271.600653][    C3] vkms_vblank_simulate: vblank timer overrun
[  271.656720][    C3] vkms_vblank_simulate: vblank timer overrun
[  271.779738][    C3] vkms_vblank_simulate: vblank timer overrun
[  275.050875][ T1356] ieee802154 phy0 wpan0: encryption failed: -22
[  275.063197][ T1356] ieee802154 phy1 wpan1: encryption failed: -22
[  281.237826][    C3] vkms_vblank_simulate: vblank timer overrun
[  283.291836][    C3] vkms_vblank_simulate: vblank timer overrun
[  284.039870][    C3] vkms_vblank_simulate: vblank timer overrun
[  284.125839][    C3] vkms_vblank_simulate: vblank timer overrun
[  284.873893][    C3] vkms_vblank_simulate: vblank timer overrun
[  285.529283][T17056] syz.2.2251: vmalloc error: size 261324800, failed to allocated page array size 510400, mode:0xdc2(GFP_KERNEL|__GFP_HIGHMEM|__GFP_ZERO), nodemask=(null),cpuset=/,mems_allowed=0-1
[  285.553428][T17056] CPU: 1 UID: 0 PID: 17056 Comm: syz.2.2251 Not tainted 6.18.0 #1 PREEMPT(full) 
[  285.553458][T17056] Hardware name: QEMU Standard PC (i440FX + PIIX, 1996), BIOS rel-1.16.3-0-ga6ed6b701f0a-prebuilt.qemu.org 04/01/2014
[  285.553546][T17056] Call Trace:
[  285.553591][T17056]  <TASK>
[  285.553648][T17056]  dump_stack_lvl+0x180/0x1b0
[  285.554304][T17056]  warn_alloc+0x211/0x360
[  285.554549][T17056]  ? __pfx_warn_alloc+0x10/0x10
[  285.554571][T17056]  ? __pfx_alloc_vmap_area+0x10/0x10
[  285.554648][T17056]  ? __get_vm_area_node+0x10c/0x340
[  285.559733][T17056]  ? drm_property_create_blob.part.0+0x34/0x320
[  285.559950][T17056]  ? __vmalloc_node_noprof+0xac/0xf0
[  285.559989][T17056]  __vmalloc_node_range_noprof+0xfaa/0x13b0
[  285.560031][T17056]  ? drm_property_create_blob.part.0+0x34/0x320
