failed to run ["ssh" "-p" "29916" "-F" "/dev/null" "-o" "UserKnownHostsFile=/dev/null" "-o" "IdentitiesOnly=yes" "-o" "BatchMode=yes" "-o" "StrictHostKeyChecking=no" "-o" "ConnectTimeout=10" "-i" "/home/wmy/Fuzzer/third_tool/Image-fuzz-6.18/bullseye.id_rsa" "root@localhost" "pwd"]: exit status 255[    0.000000] Linux version 6.18.0 (wmy@wmy) (gcc (Ubuntu 11.4.0-1ubuntu1~22.04.2) 11.4.0, GNU ld (GNU Binutils for Ubuntu) 2.38) #3 SMP PREEMPT_DYNAMIC Sat Dec 20 12:08:22 CST 2025
[    0.000000] Command line: root=/dev/sda console=ttyS0 
[    0.000000] x86/CPU: Model not found in latest microcode list
[    0.000000] BIOS-provided physical RAM map:
[    0.000000] BIOS-e820: [mem 0x0000000000000000-0x000000000009fbff] usable
[    0.000000] BIOS-e820: [mem 0x000000000009fc00-0x000000000009ffff] reserved
[    0.000000] BIOS-e820: [mem 0x00000000000f0000-0x00000000000fffff] reserved
[    0.000000] BIOS-e820: [mem 0x0000000000100000-0x00000000bffdffff] usable
[    0.000000] BIOS-e820: [mem 0x00000000bffe0000-0x00000000bfffffff] reserved
[    0.000000] BIOS-e820: [mem 0x00000000feffc000-0x00000000feffffff] reserved
[    0.000000] BIOS-e820: [mem 0x00000000fffc0000-0x00000000ffffffff] reserved
[    0.000000] BIOS-e820: [mem 0x0000000100000000-0x000000013fffffff] usable
[    0.000000] printk: legacy bootconsole [earlyser0] enabled
[    0.000000] ERROR: earlyprintk= earlyser already used
[    0.000000] ERROR: earlyprintk= earlyser already used
[    0.000000] Hash pointers mode set to never.
[    0.000000] Malformed early option 'vsyscall'
[    0.000000] Malformed early option 'numa'
[    0.000000] NX (Execute Disable) protection: active
[    0.000000] APIC: Static calls initialized
[    0.000000] SMBIOS 3.0.0 present.
[    0.000000] DMI: QEMU Standard PC (i440FX + PIIX, 1996), BIOS rel-1.16.3-0-ga6ed6b701f0a-prebuilt.qemu.org 04/01/2014
[    0.000000] DMI: Memory slots populated: 1/1
[    0.000000] Hypervisor detected: KVM
[    0.000000] last_pfn = 0xbffe0 max_arch_pfn = 0x400000000
[    0.000000] kvm-clock: Using msrs 4b564d01 and 4b564d00
[    0.000009] kvm-clock: using sched offset of 2085180109 cycles
[    0.003218] clocksource: kvm-clock: mask: 0xffffffffffffffff max_cycles: 0x1cd42e4dffb, max_idle_ns: 881590591483 ns
[    0.034064] tsc: Detected 2803.204 MHz processor
[    0.048634] last_pfn = 0x140000 max_arch_pfn = 0x400000000
[    0.053378] MTRR map: 4 entries (3 fixed + 1 variable; max 19), built from 8 variable MTRRs
[    0.062846] x86/PAT: Configuration [0-7]: WB  WC  UC- UC  WB  WP  UC- WT  
[    0.077525] last_pfn = 0xbffe0 max_arch_pfn = 0x400000000
[    0.092374] found SMP MP-table at [mem 0x000f5460-0x000f546f]
[    0.100772] ACPI: Early table checksum verification disabled
[    0.108222] ACPI: RSDP 0x00000000000F5250 000014 (v00 BOCHS )
[    0.111816] ACPI: RSDT 0x00000000BFFE1D7B 000034 (v01 BOCHS  BXPC     00000001 BXPC 00000001)
[    0.122119] ACPI: FACP 0x00000000BFFE1C17 000074 (v01 BOCHS  BXPC     00000001 BXPC 00000001)
[    0.132587] ACPI: DSDT 0x00000000BFFE0040 001BD7 (v01 BOCHS  BXPC     00000001 BXPC 00000001)
[    0.144544] ACPI: FACS 0x00000000BFFE0000 000040
[    0.147865] ACPI: APIC 0x00000000BFFE1C8B 000090 (v03 BOCHS  BXPC     00000001 BXPC 00000001)
[    0.159299] ACPI: HPET 0x00000000BFFE1D1B 000038 (v01 BOCHS  BXPC     00000001 BXPC 00000001)
[    0.167801] ACPI: WAET 0x00000000BFFE1D53 000028 (v01 BOCHS  BXPC     00000001 BXPC 00000001)
[    0.177506] ACPI: Reserving FACP table memory at [mem 0xbffe1c17-0xbffe1c8a]
[    0.193813] ACPI: Reserving DSDT table memory at [mem 0xbffe0040-0xbffe1c16]
[    0.207639] ACPI: Reserving FACS table memory at [mem 0xbffe0000-0xbffe003f]
[    0.212098] ACPI: Reserving APIC table memory at [mem 0xbffe1c8b-0xbffe1d1a]
[    0.221288] ACPI: Reserving HPET table memory at [mem 0xbffe1d1b-0xbffe1d52]
[    0.226431] ACPI: Reserving WAET table memory at [mem 0xbffe1d53-0xbffe1d7a]
[    0.235578] No NUMA configuration found
[    0.238344] Faking a node at [mem 0x0000000000000000-0x000000013fffffff]
[    0.243756] NODE_DATA(0) allocated [mem 0x13fff9300-0x13fffccbf]
[    0.607652] Zone ranges:
[    0.612956]   DMA      [mem 0x0000000000001000-0x0000000000ffffff]
[    0.624139]   DMA32    [mem 0x0000000001000000-0x00000000ffffffff]
[    0.636117]   Normal   [mem 0x0000000100000000-0x000000013fffffff]
[    0.647873] Movable zone start for each node
[    0.662075] Early memory node ranges
[    0.664519]   node   0: [mem 0x0000000000001000-0x000000000009efff]
[    0.676695]   node   0: [mem 0x0000000000100000-0x00000000bffdffff]
[    0.690267]   node   0: [mem 0x0000000100000000-0x000000013fffffff]
[    0.697321] Initmem setup node 0 [mem 0x0000000000001000-0x000000013fffffff]
[    0.705443] On node 0, zone DMA: 1 pages in unavailable ranges
[    0.736434] On node 0, zone DMA: 97 pages in unavailable ranges
[    0.808201] On node 0, zone Normal: 32 pages in unavailable ranges
[    3.659830] KernelAddressSanitizer initialized (generic)
[    3.689037] ACPI: PM-Timer IO Port: 0x608
[    3.691643] ACPI: LAPIC_NMI (acpi_id[0xff] dfl dfl lint[0x1])
[    3.696132] IOAPIC[0]: apic_id 0, version 17, address 0xfec00000, GSI 0-23
[    3.700511] ACPI: INT_SRC_OVR (bus 0 bus_irq 0 global_irq 2 dfl dfl)
[    3.704471] ACPI: INT_SRC_OVR (bus 0 bus_irq 5 global_irq 5 high level)
[    3.708250] ACPI: INT_SRC_OVR (bus 0 bus_irq 9 global_irq 9 high level)
[    3.711547] ACPI: INT_SRC_OVR (bus 0 bus_irq 10 global_irq 10 high level)
[    3.714933] ACPI: INT_SRC_OVR (bus 0 bus_irq 11 global_irq 11 high level)
[    3.719196] ACPI: Using ACPI (MADT) for SMP configuration information
[    3.723600] ACPI: HPET id: 0x8086a201 base: 0xfed00000
[    3.727040] CPU topo: Max. logical packages:   1
[    3.729937] CPU topo: Max. logical dies:       1
[    3.733552] CPU topo: Max. dies per package:   1
[    3.736615] CPU topo: Max. threads per core:   1
[    3.739749] CPU topo: Num. cores per package:     4
[    3.743032] CPU topo: Num. threads per package:   4
[    3.746104] CPU topo: Allowing 4 present CPUs plus 0 hotplug CPUs
[    3.753478] kvm-guest: APIC: eoi() replaced with kvm_guest_apic_eoi_write()
[    3.761954] PM: hibernation: Registered nosave memory: [mem 0x00000000-0x00000fff]
[    3.768332] PM: hibernation: Registered nosave memory: [mem 0x0009f000-0x000fffff]
[    3.773464] PM: hibernation: Registered nosave memory: [mem 0xbffe0000-0xffffffff]
[    3.782366] [mem 0xc0000000-0xfeffbfff] available for PCI devices
[    3.790091] Booting paravirtualized kernel on KVM
[    3.793104] clocksource: refined-jiffies: mask: 0xffffffff max_cycles: 0xffffffff, max_idle_ns: 1910969940391419 ns
[    3.910071] setup_percpu: NR_CPUS:64 nr_cpumask_bits:4 nr_cpu_ids:4 nr_node_ids:1
[    3.926520] percpu: Embedded 67 pages/cpu s237520 r8192 d28720 u524288
[    3.938998] Kernel command line: net.ifnames=0 earlyprintk=serial sysctl.kernel.hung_task_all_cpu_backtrace=1 ima_policy=tcb nf-conntrack-ftp.ports=20000 nf-conntrack-tftp.ports=20000 nf-conntrack-sip.ports=20000 nf-conntrack-irc.ports=20000 nf-conntrack-sane.ports=20000 binder.debug_mask=0 rcupdate.rcu_expedited=1 no_hash_pointers page_owner=on sysctl.vm.nr_hugepages=4 sysctl.vm.nr_overcommit_hugepages=4 root=/dev/sda console=ttyS0 vsyscall=native numa=fake=2 kvm-intel.nested=1 spec_store_bypass_disable=prctl nopcid vivid.n_devs=16 vivid.multiplanar=1,2,1,2,1,2,1,2,1,2,1,2,1,2,1,2 netrom.nr_ndevs=16 rose.rose_ndevs=16 dummy_hcd.num=8 watchdog_thresh=55 workqueue.watchdog_thresh=140 sysctl.net.core.netdev_unregister_timeout_secs=140 panic_on_warn=0 root=/dev/sda console=ttyS0 
[    4.051291] Unknown kernel command line parameters "ima_policy=tcb page_owner=on", will be passed to user space.
[    4.070053] printk: log buffer data + meta data: 262144 + 917504 = 1179648 bytes
[    4.097640] Dentry cache hash table entries: 524288 (order: 10, 4194304 bytes, linear)
[    4.114504] Inode-cache hash table entries: 262144 (order: 9, 2097152 bytes, linear)
[    4.131630] software IO TLB: area num 4.
[    4.500267] Fallback order for Node 0: 0 
[    4.500349] Built 1 zonelists, mobility grouping on.  Total pages: 1048446
[    4.507090] Policy zone: Normal
[    4.509079] mem auto-init: stack:off, heap alloc:off, heap free:off
[    4.513424] stackdepot: allocating hash table via alloc_large_system_hash
[    4.521727] stackdepot hash table entries: 1048576 (order: 12, 16777216 bytes, linear)
[    4.600932] stackdepot: allocating space for 8192 stack pools via memblock
[    4.832186] **********************************************************
[    4.840787] **   NOTICE NOTICE NOTICE NOTICE NOTICE NOTICE NOTICE   **
[    4.848714] **                                                      **
[    4.863311] ** This system shows unhashed kernel memory addresses   **
[    4.867501] ** via the console, logs, and other interfaces. This    **
[    4.871598] ** might reduce the security of your system.            **
[    4.875844] **                                                      **
[    4.879795] ** If you see this message and you are not debugging    **
[    4.884657] ** the kernel, report this immediately to your system   **
[    4.888892] ** administrator!                                       **
[    4.893043] **                                                      **
[    4.897213] ** Use hash_pointers=always to force this mode off      **
[    4.901704] **                                                      **
[    4.905739] **   NOTICE NOTICE NOTICE NOTICE NOTICE NOTICE NOTICE   **
[    4.909729] **********************************************************
[    4.915669] SLUB: HWalign=64, Order=0-3, MinObjects=0, CPUs=4, Nodes=1
[    4.924605] Kernel/User page tables isolation: enabled
[    5.461306] ftrace: allocating 76706 entries in 300 pages
[    5.472414] ftrace: allocated 300 pages with 4 groups
[    5.505753] Dynamic Preempt: voluntary
[    5.526135] Running RCU self tests
[    5.535365] Running RCU synchronous self tests
[    5.538101] rcu: Preemptible hierarchical RCU implementation.
[    5.548803] rcu: 	RCU event tracing is enabled.
[    5.562529] rcu: 	RCU lockdep checking is enabled.
[    5.569475] rcu: 	RCU restricting CPUs from NR_CPUS=64 to nr_cpu_ids=4.
[    5.580954] 	All grace periods are expedited (rcu_expedited).
[    5.592405] 	Trampoline variant of Tasks RCU enabled.
[    5.602629] 	Rude variant of Tasks RCU enabled.
[    5.618295] 	Tracing variant of Tasks RCU enabled.
[    5.621636] rcu: RCU calculated value of scheduler-enlistment delay is 100 jiffies.
[    5.642078] rcu: Adjusting geometry for rcu_fanout_leaf=16, nr_cpu_ids=4
[    5.662286] Running RCU synchronous self tests
[    5.669651] RCU Tasks: Setting shift to 2 and lim to 1 rcu_task_cb_adjust=1 rcu_task_cpu_ids=4.
[    5.691108] RCU Tasks Rude: Setting shift to 2 and lim to 1 rcu_task_cb_adjust=1 rcu_task_cpu_ids=4.
[    5.696690] RCU Tasks Trace: Setting shift to 2 and lim to 1 rcu_task_cb_adjust=1 rcu_task_cpu_ids=4.
[    6.453000] NR_IRQS: 4352, nr_irqs: 456, preallocated irqs: 16
[    6.466591] rcu: srcu_init: Setting srcu_struct sizes based on contention.
[    6.645381] Console: colour VGA+ 80x25
[    6.649492] printk: legacy console [ttyS0] enabled
[    6.649492] printk: legacy console [ttyS0] enabled
[    6.674890] printk: legacy bootconsole [earlyser0] disabled
[    6.674890] printk: legacy bootconsole [earlyser0] disabled
[    6.724596] Lock dependency validator: Copyright (c) 2006 Red Hat, Inc., Ingo Molnar
[    6.751640] ... MAX_LOCKDEP_SUBCLASSES:  8
[    6.754537] ... MAX_LOCK_DEPTH:          48
[    6.764653] ... MAX_LOCKDEP_KEYS:        8192
[    6.771117] ... CLASSHASH_SIZE:          4096
[    6.785377] ... MAX_LOCKDEP_ENTRIES:     32768
[    6.792182] ... MAX_LOCKDEP_CHAINS:      65536
[    6.802770] ... CHAINHASH_SIZE:          32768
[    6.812574]  memory used by lock dependency info: 6429 kB
[    6.823259]  memory used for stack traces: 4224 kB
[    6.826538]  per task-struct memory footprint: 1920 bytes
[    6.852411] ACPI: Core revision 20250807
[    6.868751] clocksource: hpet: mask: 0xffffffff max_cycles: 0xffffffff, max_idle_ns: 19112604467 ns
[    6.895696] APIC: Switch to symmetric I/O mode setup
[    6.964548] ..TIMER: vector=0x30 apic1=0 pin1=2 apic2=-1 pin2=-1
[    6.979094] clocksource: tsc-early: mask: 0xffffffffffffffff max_cycles: 0x2868139ef5d, max_idle_ns: 440795282642 ns
[    7.005300] Calibrating delay loop (skipped) preset value.. 5606.40 BogoMIPS (lpj=2803204)
[    7.010362] Last level iTLB entries: 4KB 0, 2MB 0, 4MB 0
[    7.012232] Last level dTLB entries: 4KB 0, 2MB 0, 4MB 0, 1GB 0
[    7.013280] mitigations: Enabled attack vectors: user_kernel, user_user, SMT mitigations: auto
[    7.014275] Speculative Store Bypass: Vulnerable
[    7.015250] Spectre V2 : Mitigation: Retpolines
[    7.016237] ITS: Mitigation: Aligned branch/return thunks
[    7.017236] MDS: Vulnerable: Clear CPU buffers attempted, no microcode
[    7.019255] Spectre V1 : Mitigation: usercopy/swapgs barriers and __user pointer sanitization
[    7.020247] Spectre V2 : Spectre v2 / SpectreRSB: Filling RSB on context switch and VMEXIT
[    7.021265] active return thunk: its_return_thunk
[    7.023300] x86/fpu: x87 FPU will use FXSAVE
[    7.273223] Freeing SMP alternatives memory: 60K
[    7.273304] pid_max: default: 32768 minimum: 301
[    7.274223] LSM: initializing lsm=capability,selinux
[    7.275352] SELinux:  Initializing.
[    7.281840] Mount-cache hash table entries: 8192 (order: 4, 65536 bytes, linear)
[    7.282367] Mountpoint-cache hash table entries: 8192 (order: 4, 65536 bytes, linear)
[    7.297729] Running RCU synchronous self tests
[    7.298240] Running RCU synchronous self tests
[    7.357455] APIC calibration not consistent with PM-Timer: 98ms instead of 100ms
[    7.358223] APIC delta adjusted to PM-Timer: 6250446 (6176182)
[    7.358693] smpboot: CPU0: Intel QEMU Virtual CPU version 2.5+ (family: 0xf, model: 0x6b, stepping: 0x1)
[    7.366906] Performance Events: unsupported Netburst CPU model 107 no PMU driver, software events only.
[    7.367676] signal: max sigframe size: 1440
[    7.369627] rcu: Hierarchical SRCU implementation.
[    7.370235] rcu: 	Max phase no-delay instances is 400.
[    7.374435] Timer migration: 1 hierarchy levels; 8 children per group; 1 crossnode level
[    7.421268] NMI watchdog: Perf NMI watchdog permanently disabled
[    7.426930] smp: Bringing up secondary CPUs ...
[    7.434855] smpboot: x86: Booting SMP configuration:
[    7.435281] .... node  #0, CPUs:      #1 #2 #3
[    7.512427] smp: Brought up 1 node, 4 CPUs
[    7.514234] smpboot: Total of 4 processors activated (22425.63 BogoMIPS)
[    7.522871] Memory: 3327776K/4193784K available (78319K kernel code, 14120K rwdata, 18148K rodata, 14700K init, 16336K bss, 855780K reserved, 0K cma-reserved)
[    7.530261] devtmpfs: initialized
[    7.590960] Running RCU synchronous self tests
[    7.591294] Running RCU synchronous self tests
[    7.617365] Running RCU Tasks wait API self tests
[    7.620568] Running RCU Tasks Rude wait API self tests
[    7.621239] Running RCU Tasks Trace wait API self tests
[    7.643253] clocksource: jiffies: mask: 0xffffffff max_cycles: 0xffffffff, max_idle_ns: 1911260446275000 ns
[    7.644418] posixtimers hash table entries: 2048 (order: 6, 147456 bytes, linear)
[    7.647416] futex hash table entries: 1024 (131072 bytes on 1 NUMA nodes, total 128 KiB, linear).
[    7.655724] pinctrl core: initialized pinctrl subsystem
[    7.668777] PM: RTC time: 01:38:34, date: 2026-01-07
[    7.674259] Callback from call_rcu_tasks_trace() invoked.
[    7.686872] NET: Registered PF_NETLINK/PF_ROUTE protocol family
[    7.705961] audit: initializing netlink subsys (disabled)
[    7.719334] audit: type=2000 audit(1767749912.418:1): state=initialized audit_enabled=0 res=1
[    7.731755] thermal_sys: Registered thermal governor 'step_wise'
[    7.731770] thermal_sys: Registered thermal governor 'user_space'
[    7.734378] cpuidle: using governor menu
[    7.761337] PCI: Using configuration type 1 for base access
[    7.771986] kprobes: kprobe jump-optimization is enabled. All kprobes are optimized if possible.
[    7.796253] HugeTLB: registered 2.00 MiB page size, pre-allocated 0 pages
[    7.801234] HugeTLB: 28 KiB vmemmap can be freed for a 2.00 MiB page
[    7.830645] ACPI: Added _OSI(Module Device)
[    7.832259] ACPI: Added _OSI(Processor Device)
[    7.833242] ACPI: Added _OSI(Processor Aggregator Device)
[    7.842282] Callback from call_rcu_tasks() invoked.
[    8.313873] ACPI: 1 ACPI AML tables successfully acquired and loaded
[    8.414713] ACPI: Interpreter enabled
[    8.416254] ACPI: PM: (supports S0 S3 S4 S5)
[    8.417275] ACPI: Using IOAPIC for interrupt routing
[    8.419399] PCI: Using host bridge windows from ACPI; if necessary, use "pci=nocrs" and report a bug
[    8.420545] PCI: Using E820 reservations for host bridge windows
[    8.442831] ACPI: Enabled 2 GPEs in block 00 to 0F
[    8.923859] ACPI: PCI Root Bridge [PCI0] (domain 0000 [bus 00-ff])
[    8.931402] acpi PNP0A03:00: _OSC: OS supports [ASPM ClockPM Segments MSI HPX-Type3]
[    8.935252] acpi PNP0A03:00: _OSC: not requesting OS control; OS requires [ExtendedConfig ASPM ClockPM MSI]
[    8.940934] acpi PNP0A03:00: fail to add MMCONFIG information, can't access extended configuration space under this bridge
[    8.950332] PCI host bridge to bus 0000:00
[    8.954876] pci_bus 0000:00: root bus resource [io  0x0000-0x0cf7 window]
[    8.961338] pci_bus 0000:00: root bus resource [io  0x0d00-0xffff window]
[    8.973309] pci_bus 0000:00: root bus resource [mem 0x000a0000-0x000bffff window]
[    8.980290] pci_bus 0000:00: root bus resource [mem 0xc0000000-0xfebfffff window]
[    8.986281] pci_bus 0000:00: root bus resource [mem 0x140000000-0x1bfffffff window]
[    8.993276] pci_bus 0000:00: root bus resource [bus 00-ff]
[    8.998957] pci 0000:00:00.0: [8086:1237] type 00 class 0x060000 conventional PCI endpoint
[    9.021831] pci 0000:00:01.0: [8086:7000] type 00 class 0x060100 conventional PCI endpoint
[    9.044081] pci 0000:00:01.1: [8086:7010] type 00 class 0x010180 conventional PCI endpoint
[    9.056234] pci 0000:00:01.1: BAR 4 [io  0xc0a0-0xc0af]
[    9.061237] pci 0000:00:01.1: BAR 0 [io  0x01f0-0x01f7]: legacy IDE quirk
[    9.066236] pci 0000:00:01.1: BAR 1 [io  0x03f6]: legacy IDE quirk
[    9.071238] pci 0000:00:01.1: BAR 2 [io  0x0170-0x0177]: legacy IDE quirk
[    9.077241] pci 0000:00:01.1: BAR 3 [io  0x0376]: legacy IDE quirk
[    9.094223] pci 0000:00:01.3: [8086:7113] type 00 class 0x068000 conventional PCI endpoint
[    9.105783] pci 0000:00:01.3: quirk: [io  0x0600-0x063f] claimed by PIIX4 ACPI
[    9.112300] pci 0000:00:01.3: quirk: [io  0x0700-0x070f] claimed by PIIX4 SMB
[    9.118500] pci 0000:00:01.3: quirk_piix4_acpi+0x0/0x210 took 12695 usecs
[    9.137353] pci 0000:00:02.0: [1234:1111] type 00 class 0x030000 conventional PCI endpoint
[    9.150794] pci 0000:00:02.0: BAR 0 [mem 0xfd000000-0xfdffffff pref]
[    9.162233] pci 0000:00:02.0: BAR 2 [mem 0xfc070000-0xfc070fff]
[    9.167653] pci 0000:00:02.0: ROM [mem 0xfc060000-0xfc06ffff pref]
[    9.181710] pci 0000:00:02.0: Video device with shadowed ROM at [mem 0x000c0000-0x000dffff]
[    9.219813] pci 0000:00:03.0: [1af4:1005] type 00 class 0x00ff00 conventional PCI endpoint
[    9.245299] pci 0000:00:03.0: BAR 0 [io  0xc080-0xc09f]
[    9.254304] pci 0000:00:03.0: BAR 1 [mem 0xfc071000-0xfc071fff]
[    9.261477] pci 0000:00:03.0: BAR 4 [mem 0xfe000000-0xfe003fff 64bit pref]
[    9.478578] pci 0000:00:04.0: [1af4:1009] type 00 class 0x000200 conventional PCI endpoint
[    9.495296] pci 0000:00:04.0: BAR 0 [io  0xc000-0xc03f]
[    9.500296] pci 0000:00:04.0: BAR 1 [mem 0xfc072000-0xfc072fff]
[    9.506470] pci 0000:00:04.0: BAR 4 [mem 0xfe004000-0xfe007fff 64bit pref]
[    9.730723] pci 0000:00:05.0: [14f1:5b7a] type 00 class 0x040000 conventional PCI endpoint
[    9.742345] pci 0000:00:05.0: BAR 0 [mem 0xf8000000-0xfbffffff]
[    9.940654] pci 0000:00:06.0: [8086:100e] type 00 class 0x020000 conventional PCI endpoint
[    9.955295] pci 0000:00:06.0: BAR 0 [mem 0xfc040000-0xfc05ffff]
[    9.964303] pci 0000:00:06.0: BAR 1 [io  0xc040-0xc07f]
[    9.969557] pci 0000:00:06.0: ROM [mem 0xfc000000-0xfc03ffff pref]
[   10.323509] ACPI: PCI: Interrupt link LNKA configured for IRQ 10
[   10.339147] ACPI: PCI: Interrupt link LNKB configured for IRQ 10
[   10.357749] ACPI: PCI: Interrupt link LNKC configured for IRQ 11
[   10.373165] ACPI: PCI: Interrupt link LNKD configured for IRQ 11
[   10.384899] ACPI: PCI: Interrupt link LNKS configured for IRQ 9
[   10.457509] iommu: Default domain type: Translated
[   10.460237] iommu: DMA domain TLB invalidation policy: lazy mode
[   10.500135] SCSI subsystem initialized
[   10.511285] ACPI: bus type USB registered
[   10.515991] usbcore: registered new interface driver usbfs
[   10.521637] usbcore: registered new interface driver hub
[   10.526038] usbcore: registered new device driver usb
[   10.534441] mc: Linux media interface: v0.10
[   10.537980] videodev: Linux video capture interface: v2.00
[   10.543401] pps_core: LinuxPPS API ver. 1 registered
[   10.547233] pps_core: Software ver. 5.3.6 - Copyright 2005-2007 Rodolfo Giometti <giometti@linux.it>
[   10.552543] PTP clock support registered
[   10.561883] EDAC MC: Ver: 3.0.0
[   10.579201] FPGA manager framework
[   10.588142] Advanced Linux Sound Architecture Driver Initialized.
[   10.609996] Bluetooth: Core ver 2.22
[   10.614407] NET: Registered PF_BLUETOOTH protocol family
[   10.617233] Bluetooth: HCI device and connection manager initialized
[   10.621334] Bluetooth: HCI socket layer initialized
[   10.626352] Bluetooth: L2CAP socket layer initialized
[   10.629523] Bluetooth: SCO socket layer initialized
[   10.633503] NET: Registered PF_ATMPVC protocol family
[   10.636234] NET: Registered PF_ATMSVC protocol family
[   10.640383] NetLabel: Initializing
[   10.642320] NetLabel:  domain hash size = 128
[   10.645231] NetLabel:  protocols = UNLABELED CIPSOv4 CALIPSO
[   10.650303] NetLabel:  unlabeled traffic allowed by default
[   10.659746] nfc: nfc_init: NFC Core ver 0.1
[   10.663784] NET: Registered PF_NFC protocol family
[   10.666456] mctp: management component transport protocol core
[   10.671251] NET: Registered PF_MCTP protocol family
[   10.676711] PCI: Using ACPI for IRQ routing
[   10.683883] pci 0000:00:02.0: vgaarb: setting as boot VGA device
[   10.684223] pci 0000:00:02.0: vgaarb: bridge control possible
[   10.684223] pci 0000:00:02.0: vgaarb: VGA device added: decodes=io+mem,owns=io+mem,locks=none
[   10.696326] vgaarb: loaded
[   10.706834] hpet: 3 channels of 0 reserved for per-cpu timers
[   10.710466] hpet0: at MMIO 0xfed00000, IRQs 2, 8, 0
[   10.714233] hpet0: 3 comparators, 64-bit 100.000000 MHz counter
[   10.724445] clocksource: Switched to clocksource kvm-clock
[   10.805912] VFS: Disk quotas dquot_6.6.0
[   10.809250] VFS: Dquot-cache hash table entries: 512 (order 0, 4096 bytes)
[   10.825692] pnp: PnP ACPI init
[   10.856927] pnp: PnP ACPI: found 6 devices
[   10.991611] clocksource: acpi_pm: mask: 0xffffff max_cycles: 0xffffff, max_idle_ns: 2085701024 ns
[   10.999874] NET: Registered PF_INET protocol family
[   11.006138] IP idents hash table entries: 65536 (order: 7, 524288 bytes, linear)
[   11.020363] tcp_listen_portaddr_hash hash table entries: 2048 (order: 6, 147456 bytes, linear)
[   11.026831] Table-perturb hash table entries: 65536 (order: 6, 262144 bytes, linear)
[   11.033032] TCP established hash table entries: 32768 (order: 6, 262144 bytes, linear)
[   11.041339] TCP bind hash table entries: 32768 (order: 11, 4718592 bytes, vmalloc hugepage)
[   11.058070] TCP: Hash tables configured (established 32768 bind 32768)
[   11.063775] UDP hash table entries: 2048 (order: 7, 524288 bytes, linear)
[   11.069835] UDP-Lite hash table entries: 2048 (order: 7, 524288 bytes, linear)
[   11.077637] NET: Registered PF_UNIX/PF_LOCAL protocol family
[   11.091309] RPC: Registered named UNIX socket transport module.
[   11.094903] RPC: Registered udp transport module.
[   11.098357] RPC: Registered tcp transport module.
[   11.101649] RPC: Registered tcp-with-tls transport module.
[   11.105747] RPC: Registered tcp NFSv4.1 backchannel transport module.
[   11.119211] pci_bus 0000:00: resource 4 [io  0x0000-0x0cf7 window]
[   11.123333] pci_bus 0000:00: resource 5 [io  0x0d00-0xffff window]
[   11.127142] pci_bus 0000:00: resource 6 [mem 0x000a0000-0x000bffff window]
[   11.131981] pci_bus 0000:00: resource 7 [mem 0xc0000000-0xfebfffff window]
[   11.137601] pci_bus 0000:00: resource 8 [mem 0x140000000-0x1bfffffff window]
[   11.146315] pci 0000:00:01.0: PIIX3: Enabling Passive Release
[   11.151528] pci 0000:00:00.0: Limiting direct PCI/PCI transfers
[   11.157870] PCI: CLS 0 bytes, default 64
[   11.161575] PCI-DMA: Using software bounce buffering for IO (SWIOTLB)
[   11.168153] software IO TLB: mapped [mem 0x00000000bbfe0000-0x00000000bffe0000] (64MB)
[   11.176209] clocksource: tsc: mask: 0xffffffffffffffff max_cycles: 0x2868139ef5d, max_idle_ns: 440795282642 ns
[   11.231354] Initialise system trusted keyrings
[   11.237380] workingset: timestamp_bits=40 max_order=20 bucket_order=0
[   11.259096] NFS: Registering the id_resolver key type
[   11.263819] Key type id_resolver registered
[   11.267010] Key type id_legacy registered
[   11.272943] 9p: Installing v9fs 9p2000 file system support
[   11.322803] Key type asymmetric registered
[   11.326753] Asymmetric key parser 'x509' registered
[   11.332152] Block layer SCSI generic (bsg) driver version 0.4 loaded (major 244)
[   11.340103] io scheduler mq-deadline registered
[   11.343584] io scheduler kyber registered
[   11.354492] IPMI message handler: version 39.2
[   11.362634] input: Power Button as /devices/LNXSYSTM:00/LNXPWRBN:00/input/input0
[   11.372192] ACPI: button: Power Button [PWRF]
[   11.395056] Serial: 8250/16550 driver, 4 ports, IRQ sharing enabled
[   11.407194] 00:04: ttyS0 at I/O 0x3f8 (irq = 4, base_baud = 115200) is a 16550A
[   11.433977] Non-volatile memory driver v1.3
[   11.436952] Linux agpgart interface v0.103
[   11.442218] parport_pc 00:03: reported by Plug and Play ACPI
[   11.448137] parport0: PC-style at 0x378, irq 7 [PCSPP(,...)]
[   11.613955] loop: module loaded
[   11.625906] megaraid cmm: 2.20.2.7 (Release Date: Sun Jul 16 00:01:03 EST 2006)
[   11.644729] hv_vmbus: registering driver hv_storvsc
[   11.720071] scsi host0: ata_piix
[   11.741161] scsi host1: ata_piix
[   11.747933] ata1: PATA max MWDMA2 cmd 0x1f0 ctl 0x3f6 bmdma 0xc0a0 irq 14 lpm-pol 0
[   11.753815] ata2: PATA max MWDMA2 cmd 0x170 ctl 0x376 bmdma 0xc0a8 irq 15 lpm-pol 0
[   11.769787] Rounding down aligned max_sectors from 4294967295 to 4294967288
[   11.780443] db_root: cannot open: /etc/target
[   11.790028] MACsec IEEE 802.1AE
[   11.809731] tun: Universal TUN/TAP device driver, 1.6
[   11.817199] arcnet: arcnet loaded
[   11.820908] CAN device driver interface
[   11.824759] sja1000 CAN netdevice driver
[   11.832657] e1000: Intel(R) PRO/1000 Network Driver
[   11.838251] e1000: Copyright (c) 1999-2006 Intel Corporation.
[   11.915108] ata2: found unknown device (class 0)
[   11.921175] ata2.00: ATAPI: QEMU DVD-ROM, 2.5+, max UDMA/100
[   11.926478] ata1: found unknown device (class 0)
[   11.934286] ata1.00: ATA-7: QEMU HARDDISK, 2.5+, max UDMA/100
[   11.938446] ata1.00: 536870912 sectors, multi 16: LBA48 
[   11.949967] scsi 0:0:0:0: Direct-Access     ATA      QEMU HARDDISK    2.5+ PQ: 0 ANSI: 5
[   11.963186] sd 0:0:0:0: Attached scsi generic sg0 type 0
[   11.965689] sd 0:0:0:0: [sda] 536870912 512-byte logical blocks: (275 GB/256 GiB)
[   11.972496] sd 0:0:0:0: [sda] Write Protect is off
[   11.976931] scsi 1:0:0:0: CD-ROM            QEMU     QEMU DVD-ROM     2.5+ PQ: 0 ANSI: 5
[   11.976957] sd 0:0:0:0: [sda] Write cache: enabled, read cache: enabled, doesn't support DPO or FUA
[   11.996796] sd 0:0:0:0: [sda] Preferred minimum I/O size 512 bytes
[   12.043342] sd 0:0:0:0: [sda] Attached SCSI disk
[   12.050921] sr 1:0:0:0: [sr0] scsi3-mmc drive: 4x/4x cd/rw xa/form2 tray
[   12.056289] cdrom: Uniform CD-ROM driver Revision: 3.20
[   12.101438] sr 1:0:0:0: Attached scsi generic sg1 type 5
[   22.384676] ACPI: \_SB_.LNKB: Enabled at IRQ 10
[   23.092096] e1000 0000:00:06.0 eth0: (PCI:33MHz:32-bit) 52:54:00:12:34:56
[   23.099884] e1000 0000:00:06.0 eth0: Intel(R) PRO/1000 Network Connection
[   23.115468] QLogic FastLinQ 4xxxx Core Module qed
[   23.120077] hdlc: HDLC support module revision 1.22
[   23.133348] usbcore: registered new device driver r8152-cfgselector
[   23.139536] usbcore: registered new interface driver r8152
[   23.145756] usbcore: registered new interface driver cdc_ether
[   23.150653] usbcore: registered new interface driver cdc_subset
[   23.155444] usbcore: registered new interface driver r8153_ecm
[   23.172998] VFIO - User Level meta-driver version: 0.3
[   23.190725] i8042: PNP: PS/2 Controller [PNP0303:KBD,PNP0f13:MOU] at 0x60,0x64 irq 1,12
[   23.202761] serio: i8042 KBD port at 0x60,0x64 irq 1
[   23.206613] serio: i8042 AUX port at 0x60,0x64 irq 12
[   23.210803] hv_vmbus: registering driver hyperv_keyboard
[   23.223515] rtc_cmos 00:05: RTC can wake from S4
[   23.229834] input: AT Translated Set 2 keyboard as /devices/platform/i8042/serio0/input/input1
[   23.240614] rtc_cmos 00:05: registered as rtc0
[   23.246785] rtc_cmos 00:05: alarms up to one day, y3k, 242 bytes nvram, hpet irqs
[   23.251942] i2c_dev: i2c /dev entries driver
[   23.256658] gspca_main: v2.14.0 registered
[   23.263245] Driver for 1-wire Dallas network protocol.
[   23.271648] device-mapper: ioctl: 4.50.0-ioctl (2025-04-28) initialised: dm-devel@lists.linux.dev
[   23.277657] Modular ISDN core version 1.1.29
[   23.283151] NET: Registered PF_ISDN protocol family
[   23.286424] intel_pstate: CPU model not supported
[   23.290485] sdhci: Secure Digital Host Controller Interface driver
[   23.294451] sdhci: Copyright(c) Pierre Ossman
[   23.306951] hid: raw HID events driver (C) Jiri Kosina
[   23.319266] usbcore: registered new interface driver usbhid
[   23.322860] usbhid: USB HID core driver
[   23.326118] comedi: version 0.7.76 - http://www.comedi.org
[   23.335738] SPI driver st-gyro-spi has no spi_device_id for st,l3g4200d-gyro
[   23.340232] SPI driver st-gyro-spi has no spi_device_id for st,lsm330d-gyro
[   23.344610] SPI driver st-gyro-spi has no spi_device_id for st,lsm330dl-gyro
[   23.349126] SPI driver st-gyro-spi has no spi_device_id for st,lsm330dlc-gyro
[   23.353462] SPI driver st-gyro-spi has no spi_device_id for st,l3gd20-gyro
[   23.357541] SPI driver st-gyro-spi has no spi_device_id for st,l3gd20h-gyro
[   23.361726] SPI driver st-gyro-spi has no spi_device_id for st,l3g4is-gyro
[   23.365928] SPI driver st-gyro-spi has no spi_device_id for st,lsm330-gyro
[   23.369941] SPI driver st-gyro-spi has no spi_device_id for st,lsm9ds0-gyro
[   23.375789] SPI driver st-magn-spi has no spi_device_id for st,lis3mdl-magn
[   23.379483] SPI driver st-magn-spi has no spi_device_id for st,lsm303agr-magn
[   23.383621] SPI driver st-magn-spi has no spi_device_id for st,lsm9ds1-magn
[   23.387793] SPI driver st-magn-spi has no spi_device_id for st,lsm303c-magn
[   23.394706] gnss: GNSS driver registered with major 508
[   23.412787] nf_conntrack_irc: failed to register helpers
[   23.682762] input: ImExPS/2 Generic Explorer Mouse as /devices/platform/i8042/serio1/input/input3
[   24.443514] nf_conntrack_sip: failed to register helpers
[   24.453855] Initializing XFRM netlink socket
[   24.458697] NET: Registered PF_INET6 protocol family
[   24.480907] Segment Routing with IPv6
[   24.484095] In-situ OAM (IOAM) with IPv6
[   24.489570] sit: IPv6, IPv4 and MPLS over IPv4 tunneling driver
[   24.500777] NET: Registered PF_PACKET protocol family
[   24.507533] can: controller area network core
[   24.512685] NET: Registered PF_CAN protocol family
[   24.517075] can: raw protocol
[   24.520096] can: broadcast manager protocol
[   24.524131] can: netlink gateway - max_hops=1
[   24.530331] RPC: Registered rdma transport module.
[   24.534397] RPC: Registered rdma backchannel transport module.
[   24.542856] NET: Registered PF_PHONET protocol family
[   24.546957] 8021q: 802.1Q VLAN Support v1.8
[   24.551647] 9pnet: Installing 9P2000 support
[   24.556901] NET: Registered PF_IEEE802154 protocol family
[   24.561880] Key type dns_resolver registered
[   24.584815] IPI shorthand broadcast: enabled
[   24.832827] sched_clock: Marking stable (24305114953, 527332190)->(27482667622, -2650220479)
[   24.850882] registered taskstats version 1
[   24.855014] Loading compiled-in X.509 certificates
[   25.133894] Demotion targets for Node 0: null
[   25.138261] kmemleak: Kernel memory leak detector initialized (mem pool available: 14702)
[   25.138363] kmemleak: Automatic memory scanning thread started
[   25.150831] PM:   Magic number: 10:178:609
[   25.154925] node node0: hash matches
[   25.156968] netconsole: network logging started
[   25.163107] cfg80211: Loading compiled-in X.509 certificates for regulatory database
[   25.174489] kworker/u16:0 (105) used greatest stack depth: 28648 bytes left
[   25.184193] Loaded X.509 cert 'sforshee: 00b28ddf47aef9cea7'
[   25.190177] Loaded X.509 cert 'wens: 61c038651aabdcf94bd0ac7ff06c7248db18c600'
[   25.196508] clk: Disabling unused clocks
[   25.197547] faux_driver regulatory: Direct firmware load for regulatory.db failed with error -2
[   25.204479] ALSA device list:
[   25.210017] cfg80211: failed to load regulatory.db
[   25.211594]   No soundcards found.
[   25.224894] check access for rdinit=/init failed: -2, ignoring
[   25.227545] md: Waiting for all devices to be available before autodetect
[   25.231405] md: If you don't use raid, use raid=noautodetect
[   25.234711] md: Autodetecting RAID arrays.
[   25.237334] md: autorun ...
[   25.238973] md: ... autorun DONE.
[   25.654252] EXT4-fs (sda): mounted filesystem 7aa2f14d-7352-4fb8-97c6-28d78a5d37aa ro with ordered data mode. Quota mode: none.
[   25.661748] VFS: Mounted root (ext4 filesystem) readonly on device 8:0.
[   25.670062] devtmpfs: mounted
[   25.781773] Freeing unused kernel image (initmem) memory: 14700K
[   25.786580] Write protecting the kernel read-only data: 98304k
[   25.804220] Freeing unused kernel image (text/rodata gap) memory: 1552K
[   25.810004] Freeing unused kernel image (rodata/data gap) memory: 284K
[   25.992996] x86/mm: Checked W+X mappings: passed, no W+X pages found.
[   25.997165] x86/mm: Checking user space page tables
[   26.155990] x86/mm: Checked W+X mappings: passed, no W+X pages found.
[   26.168089] Run /sbin/init as init process
[   30.238043] SELinux:  Permission firmware_load in class system not defined in policy.
[   30.240880] SELinux:  Permission kexec_image_load in class system not defined in policy.
[   30.243777] SELinux:  Permission kexec_initramfs_load in class system not defined in policy.
[   30.246748] SELinux:  Permission policy_load in class system not defined in policy.
[   30.249088] SELinux:  Permission x509_certificate_load in class system not defined in policy.
[   30.251663] SELinux:  Permission watch_mountns in class file not defined in policy.
[   30.254053] SELinux:  Permission watch_mountns in class dir not defined in policy.
[   30.256536] SELinux:  Permission watch_mountns in class lnk_file not defined in policy.
[   30.258923] SELinux:  Permission watch_mountns in class chr_file not defined in policy.
[   30.261298] SELinux:  Permission watch_mountns in class blk_file not defined in policy.
[   30.263584] SELinux:  Permission watch_mountns in class sock_file not defined in policy.
[   30.266291] SELinux:  Permission watch_mountns in class fifo_file not defined in policy.
[   30.268793] SELinux:  Permission nlmsg in class netlink_route_socket not defined in policy.
[   30.271318] SELinux:  Permission nlmsg in class netlink_tcpdiag_socket not defined in policy.
[   30.274061] SELinux:  Permission nlmsg in class netlink_xfrm_socket not defined in policy.
[   30.277393] SELinux:  Permission nlmsg in class netlink_audit_socket not defined in policy.
[   30.281377] SELinux:  Class mctp_socket not defined in policy.
[   30.284452] SELinux:  Class anon_inode not defined in policy.
[   30.286900] SELinux:  Class io_uring not defined in policy.
[   30.289701] SELinux:  Class user_namespace not defined in policy.
[   30.292895] SELinux: the above unknown classes and permissions will be allowed
[   30.649093] SELinux:  policy capability network_peer_controls=1
[   30.652105] SELinux:  policy capability open_perms=1
[   30.655125] SELinux:  policy capability extended_socket_class=1
[   30.658217] SELinux:  policy capability always_check_network=0
[   30.660906] SELinux:  policy capability cgroup_seclabel=1
[   30.663615] SELinux:  policy capability nnp_nosuid_transition=1
[   30.666690] SELinux:  policy capability genfs_seclabel_symlinks=0
[   30.670152] SELinux:  policy capability ioctl_skip_cloexec=0
[   30.672716] SELinux:  policy capability userspace_initial_context=0
[   30.676231] SELinux:  policy capability netlink_xperm=0
[   30.678586] SELinux:  policy capability netif_wildcard=0
[   30.681067] SELinux:  policy capability genfs_seclabel_wildcard=0
[   30.683251] SELinux:  policy capability functionfs_seclabel=0
[   30.718171] audit: type=1403 audit(1767749935.418:2): auid=4294967295 ses=4294967295 lsm=selinux res=1
[   30.738689] systemd[1]: Successfully loaded SELinux policy in 3.897442s.
[   31.259164] systemd[1]: Relabelled /dev, /dev/shm, /run, /sys/fs/cgroup in 143.053ms.
[   31.298223] random: crng init done
[   31.321830] systemd[1]: systemd 247.3-7+deb11u5 running in system mode. (+PAM +AUDIT +SELINUX +IMA +APPARMOR +SMACK +SYSVINIT +UTMP +LIBCRYPTSETUP +GCRYPT +GNUTLS +ACL +XZ +LZ4 +ZSTD +SECCOMP +BLKID +ELFUTILS +KMOD +IDN2 -IDN +PCRE2 default-hierarchy=unified)
[   31.341033] systemd[1]: Detected virtualization kvm.
[   31.343683] systemd[1]: Detected architecture x86-64.

Welcome to [1mDebian GNU/Linux 11 (bullseye)[0m!

[   31.368934] systemd[1]: Set hostname to <syzkaller>.
[   31.877061] selinuxenabled (116) used greatest stack depth: 26008 bytes left
[   31.929961] systemd-bless-b (113) used greatest stack depth: 25192 bytes left
[   32.669317] grep (127) used greatest stack depth: 24920 bytes left
[   33.706995] systemd[1]: Queued start job for default target Graphical Interface.
[   33.713341] systemd[1]: system-getty.slice: unit configures an IP firewall, but the local system does not support BPF/cgroup firewalling.
[   33.720926] systemd[1]: (This warning is only shown for the first unit using IP firewalling.)
[   33.784657] systemd[1]: Created slice system-getty.slice.
[[0;32m  OK  [0m] Created slice [0;1;39msystem-getty.slice[0m.
[   33.811418] systemd[1]: Created slice system-modprobe.slice.
[[0;32m  OK  [0m] Created slice [0;1;39msystem-modprobe.slice[0m.
[   33.840415] systemd[1]: Created slice system-serial\x2dgetty.slice.
[[0;32m  OK  [0m] Created slice [0;1;39msystem-serial\x2dgetty.slice[0m.
[   33.852168] systemd[1]: Started Dispatch Password Requests to Console Directory Watch.
[[0;32m  OK  [0m] Started [0;1;39mDispatch Password …ts to Console Directory Watch[0m.
[   33.867949] systemd[1]: Started Forward Password Requests to Wall Directory Watch.
[[0;32m  OK  [0m] Started [0;1;39mForward Password R…uests to Wall Directory Watch[0m.
[   33.892518] systemd[1]: Set up automount Arbitrary Executable File Formats File System Automount Point.
[[0;32m  OK  [0m] Set up automount [0;1;39mArbitrary…s File System Automount Point[0m.
[   33.903378] systemd[1]: Reached target Local Encrypted Volumes.
[[0;32m  OK  [0m] Reached target [0;1;39mLocal Encrypted Volumes[0m.
[   33.911191] systemd[1]: Reached target Paths.
[[0;32m  OK  [0m] Reached target [0;1;39mPaths[0m.
[   33.918063] systemd[1]: Reached target Remote File Systems.
[[0;32m  OK  [0m] Reached target [0;1;39mRemote File Systems[0m.
[   33.925908] systemd[1]: Reached target Slices.
[[0;32m  OK  [0m] Reached target [0;1;39mSlices[0m.
[   33.931264] systemd[1]: Reached target Swap.
[[0;32m  OK  [0m] Reached target [0;1;39mSwap[0m.
[   33.983342] systemd[1]: Listening on Syslog Socket.
[[0;32m  OK  [0m] Listening on [0;1;39mSyslog Socket[0m.
[   34.001377] systemd[1]: Listening on initctl Compatibility Named Pipe.
[[0;32m  OK  [0m] Listening on [0;1;39minitctl Compatibility Named Pipe[0m.
[   34.013312] systemd[1]: Listening on Journal Audit Socket.
[[0;32m  OK  [0m] Listening on [0;1;39mJournal Audit Socket[0m.
[   34.024387] systemd[1]: Listening on Journal Socket (/dev/log).
[[0;32m  OK  [0m] Listening on [0;1;39mJournal Socket (/dev/log)[0m.
[   34.040057] systemd[1]: Listening on Journal Socket.
[[0;32m  OK  [0m] Listening on [0;1;39mJournal Socket[0m.
[   34.070326] systemd[1]: Listening on udev Control Socket.
[[0;32m  OK  [0m] Listening on [0;1;39mudev Control Socket[0m.
[   34.084964] systemd[1]: Listening on udev Kernel Socket.
[[0;32m  OK  [0m] Listening on [0;1;39mudev Kernel Socket[0m.
[   34.091364] systemd[1]: Reached target Sockets.
[[0;32m  OK  [0m] Reached target [0;1;39mSockets[0m.
[   34.153722] systemd[1]: Mounting Huge Pages File System...
         Mounting [0;1;39mHuge Pages File System[0m...
[   34.228229] systemd[1]: Mounting POSIX Message Queue File System...
         Mounting [0;1;39mPOSIX Message Queue File System[0m...
[   34.335468] systemd[1]: Mounting /proc/sys/fs/binfmt_misc...
         Mounting [0;1;39m/proc/sys/fs/binfmt_misc[0m...
[   34.413406] systemd[1]: Mounting /sys/kernel/config...
         Mounting [0;1;39m/sys/kernel/config[0m...
[   34.543775] systemd[1]: Mounting /sys/kernel/debug...
         Mounting [0;1;39m/sys/kernel/debug[0m...
[   34.644079] systemd[1]: Mounting Kernel Trace File System...
         Mounting [0;1;39mKernel Trace File System[0m...
[   34.681483] systemd[1]: Condition check resulted in Create list of static device nodes for the current kernel being skipped.
[   34.780375] systemd[1]: Starting Load Kernel Module fuse...
         Starting [0;1;39mLoad Kernel Module fuse[0m...
[   34.922561] audit: type=1400 audit(1767749939.601:3): avc:  denied  { read } for  pid=134 comm="modprobe" name="modules.softdep" dev="sda" ino=9714092 scontext=system_u:system_r:kmod_t:s0 tcontext=system_u:object_r:unlabeled_t:s0 tclass=file permissive=1
[   34.944406] audit: type=1400 audit(1767749939.613:4): avc:  denied  { open } for  pid=134 comm="modprobe" path="/usr/lib/modules/6.18.0/modules.softdep" dev="sda" ino=9714092 scontext=system_u:system_r:kmod_t:s0 tcontext=system_u:object_r:unlabeled_t:s0 tclass=file permissive=1
[   34.954367] systemd[1]: Starting Journal Service...
[   34.962029] audit: type=1400 audit(1767749939.613:5): avc:  denied  { getattr } for  pid=134 comm="modprobe" path="/usr/lib/modules/6.18.0/modules.softdep" dev="sda" ino=9714092 scontext=system_u:system_r:kmod_t:s0 tcontext=system_u:object_r:unlabeled_t:s0 tclass=file permissive=1
[   34.964550] audit: type=1400 audit(1767749939.619:6): avc:  denied  { map } for  pid=134 comm="modprobe" path="/usr/lib/modules/6.18.0/modules.dep.bin" dev="sda" ino=9714089 scontext=system_u:system_r:kmod_t:s0 tcontext=system_u:object_r:unlabeled_t:s0 tclass=file permissive=1
         Starting [0;1;39mJournal Service[0m...
[   35.137668] systemd[1]: Starting Load Kernel Modules...
         Starting [0;1;39mLoad Kernel Modules[0m...
[   35.236344] systemd[1]: Starting Remount Root and Kernel File Systems...
         Starting [0;1;39mRemount Root and Kernel File Systems[0m...
[   35.313213] systemd[1]: Starting Coldplug All udev Devices...
         Starting [0;1;39mColdplug All udev Devices[0m...
[   35.404188] systemd[1]: Mounted Huge Pages File System.
[[0;32m  OK  [0m] Mounted [0;1;39mHuge Pages File System[0m.
[   35.439893] systemd[1]: Mounted POSIX Message Queue File System.
[[0;32m  OK  [0m] Mounted [0;1;39mPOSIX Message Queue File System[0m.
[   35.475844] systemd[1]: Mounted /proc/sys/fs/binfmt_misc.
[[0;32m  OK  [0m] Mounted [0;1;39m/proc/sys/fs/binfmt_misc[0m.
[   35.505473] systemd[1]: Mounted /sys/kernel/config.
[[0;32m  OK  [0m] Mounted [0;1;39m/sys/kernel/config[0m.
[   35.532076] systemd[1]: Mounted /sys/kernel/debug.
[   35.543338] audit: type=1400 audit(1767749940.235:7): avc:  denied  { search } for  pid=136 comm="systemd-modules" name="6.18.0" dev="sda" ino=9712356 scontext=system_u:system_r:systemd_modules_load_t:s0 tcontext=system_u:object_r:unlabeled_t:s0 tclass=dir permissive=1
[[0;32m  OK  [0m] Mounted [0;1;39m/sys/kernel/debug[0m.
[   35.583312] systemd[1]: Mounted Kernel Trace File System.
[   35.596522] audit: type=1400 audit(1767749940.235:8): avc:  denied  { read } for  pid=136 comm="systemd-modules" name="modules.softdep" dev="sda" ino=9714092 scontext=system_u:system_r:systemd_modules_load_t:s0 tcontext=system_u:object_r:unlabeled_t:s0 tclass=file permissive=1
[[0;32m  OK  [0m] Mounted [0;1;39mKernel Trace File System[0m.
[   35.633901] audit: type=1400 audit(1767749940.236:9): avc:  denied  { open } for  pid=136 comm="systemd-modules" path="/usr/lib/modules/6.18.0/modules.softdep" dev="sda" ino=9714092 scontext=system_u:system_r:systemd_modules_load_t:s0 tcontext=system_u:object_r:unlabeled_t:s0 tclass=file permissive=1
[   35.645212] systemd[1]: modprobe@fuse.service: Succeeded.
[   35.656316] audit: type=1400 audit(1767749940.236:10): avc:  denied  { getattr } for  pid=136 comm="systemd-modules" path="/usr/lib/modules/6.18.0/modules.softdep" dev="sda" ino=9714092 scontext=system_u:system_r:systemd_modules_load_t:s0 tcontext=system_u:object_r:unlabeled_t:s0 tclass=file permissive=1
[   35.656463] audit: type=1400 audit(1767749940.236:11): avc:  denied  { map } for  pid=136 comm="systemd-modules" path="/usr/lib/modules/6.18.0/modules.dep.bin" dev="sda" ino=9714089 scontext=system_u:system_r:systemd_modules_load_t:s0 tcontext=system_u:object_r:unlabeled_t:s0 tclass=file permissive=1
[   35.758061] systemd[1]: Finished Load Kernel Module fuse.
[[0;32m  OK  [0m] Finished [0;1;39mLoad Kernel Module fuse[0m.
[   35.855672] systemd[1]: Finished Load Kernel Modules.
[[0;32m  OK  [0m] Finished [0;1;39mLoad Kernel Modules[0m.
[   35.883921] systemd[1]: Condition check resulted in FUSE Control File System being skipped.
[   35.950881] systemd[1]: Condition check resulted in Set Up Additional Binary Formats being skipped.
[   36.001068] EXT4-fs (sda): re-mounted 7aa2f14d-7352-4fb8-97c6-28d78a5d37aa r/w.
[   36.118102] systemd[1]: Starting Apply Kernel Variables...
         Starting [0;1;39mApply Kernel Variables[0m...
[   36.226588] systemd[1]: Finished Remount Root and Kernel File Systems.
[[0;32m  OK  [0m] Finished [0;1;39mRemount Root and Kernel File Systems[0m.
[   36.293203] systemd[1]: Condition check resulted in Rebuild Hardware Database being skipped.
[   36.297017] systemd[1]: Condition check resulted in Platform Persistent Storage Archival being skipped.
[   36.423896] systemd[1]: Starting Load/Save Random Seed...
         Starting [0;1;39mLoad/Save Random Seed[0m...
[   36.718561] systemd[1]: Starting Create System Users...
         Starting [0;1;39mCreate System Users[0m...
[   36.800395] systemd[1]: Finished Apply Kernel Variables.
[[0;32m  OK  [0m] Finished [0;1;39mApply Kernel Variables[0m.
[   37.200037] systemd[1]: Finished Load/Save Random Seed.
[[0;32m  OK  [0m] Finished [0;1;39mLoad/Save Random Seed[0m.
[   37.236937] systemd[1]: Started Journal Service.
[[0;32m  OK  [0m] Started [0;1;39mJournal Service[0m.
         Starting [0;1;39mFlush Journal to Persistent Storage[0m...
[[0;32m  OK  [0m] Finished [0;1;39mCreate System Users[0m.
         Starting [0;1;39mCreate Static Device Nodes in /dev[0m...
[   37.851390] systemd-journald[135]: Received client request to flush runtime journal.
[[0;32m  OK  [0m] Finished [0;1;39mCreate Static Device Nodes in /dev[0m.
[[0;32m  OK  [0m] Reached target [0;1;39mLocal File Systems (Pre)[0m.
[[0;32m  OK  [0m] Reached target [0;1;39mLocal File Systems[0m.
         Starting [0;1;39mRule-based Manage…for Device Events and Files[0m...
[   39.353525] audit: type=1400 audit(1767749944.050:12): avc:  denied  { read } for  pid=152 comm="systemd-udevd" name="modules.softdep" dev="sda" ino=9714092 scontext=system_u:system_r:udev_t:s0-s0:c0.c1023 tcontext=system_u:object_r:unlabeled_t:s0 tclass=file permissive=1
[   39.391709] audit: type=1400 audit(1767749944.050:13): avc:  denied  { open } for  pid=152 comm="systemd-udevd" path="/usr/lib/modules/6.18.0/modules.softdep" dev="sda" ino=9714092 scontext=system_u:system_r:udev_t:s0-s0:c0.c1023 tcontext=system_u:object_r:unlabeled_t:s0 tclass=file permissive=1
[   39.436242] audit: type=1400 audit(1767749944.050:14): avc:  denied  { getattr } for  pid=152 comm="systemd-udevd" path="/usr/lib/modules/6.18.0/modules.softdep" dev="sda" ino=9714092 scontext=system_u:system_r:udev_t:s0-s0:c0.c1023 tcontext=system_u:object_r:unlabeled_t:s0 tclass=file permissive=1
[   39.474725] audit: type=1400 audit(1767749944.053:15): avc:  denied  { map } for  pid=152 comm="systemd-udevd" path="/usr/lib/modules/6.18.0/modules.dep.bin" dev="sda" ino=9714089 scontext=system_u:system_r:udev_t:s0-s0:c0.c1023 tcontext=system_u:object_r:unlabeled_t:s0 tclass=file permissive=1
[[0;32m  OK  [0m] Started [0;1;39mRule-based Manager for Device Events and Files[0m.
[[0;32m  OK  [0m] Finished [0;1;39mFlush Journal to Persistent Storage[0m.
         Starting [0;1;39mCreate Volatile Files and Directories[0m...
[[0m[0;31m*     [0m] (1 of 3) A start job is running for /dev/ttyS0 (9s / 1min 30s)
[   42.977989] systemd-tmpfile (180) used greatest stack depth: 24872 bytes left
M[K[[0;32m  OK  [0m] Finished [0;1;39mCreate Volatile Files and Directories[0m.
[K         Starting [0;1;39mUpdate UTMP about System Boot/Shutdown[0m...
[[0;32m  OK  [0m] Finished [0;1;39mUpdate UTMP about System Boot/Shutdown[0m.
[   44.635504] audit: type=1400 audit(1767749949.334:16): avc:  denied  { module_load } for  pid=166 comm="systemd-udevd" path="/usr/lib/modules/6.18.0/kernel/drivers/gpu/drm/drm_panel_orientation_quirks.ko" dev="sda" ino=9712669 scontext=system_u:system_r:udev_t:s0-s0:c0.c1023 tcontext=system_u:object_r:unlabeled_t:s0 tclass=system permissive=1
[[0;32m  OK  [0m] Found device [0;1;39m/dev/ttyS0[0m.
[   45.595848] piix4_smbus 0000:00:01.3: SMBus Host Controller at 0x700, revision 0
[   45.706315] i2c i2c-0: Memory type 0x07 not supported yet, not instantiating SPD
[[0;32m  OK  [0m] Listening on [0;1;39mLoad/Save RF …itch Status /dev/rfkill Watch[0m.
[   46.419893] audit: type=1400 audit(1767749951.086:17): avc:  denied  { create } for  pid=189 comm="ifquery" name="network" scontext=system_u:system_r:udev_t:s0-s0:c0.c1023 tcontext=system_u:object_r:var_run_t:s0 tclass=dir permissive=1
[[0;32m  OK  [0m] Finished [0;1;39mColdplug All udev Devices[0m.
[[0;32m  OK  [0m] Reached target [0;1;39mSystem Initialization[0m.
[[0;32m  OK  [0m] Started [0;1;39mDaily apt download activities[0m.
[[0;32m  OK  [0m] Started [0;1;39mDaily apt upgrade and clean activities[0m.
[[0;32m  OK  [0m] Started [0;1;39mPeriodic ext4 Onli…ata Check for All Filesystems[0m.
[[0;32m  OK  [0m] Started [0;1;39mDiscard unused blocks once a week[0m.
[[0;32m  OK  [0m] Started [0;1;39mDaily rotation of log files[0m.
[[0;32m  OK  [0m] Started [0;1;39mDaily Cleanup of Temporary Directories[0m.
[[0;32m  OK  [0m] Reached target [0;1;39mBasic System[0m.
[[0;32m  OK  [0m] Reached target [0;1;39mTimers[0m.
[[0;32m  OK  [0m] Started [0;1;39mRegular background program processing daemon[0m.
         Starting [0;1;39mRemove Stale Onli…t4 Metadata Check Snapshots[0m...
         Starting [0;1;39mgetty on tty2-tty…nd logind are not available[0m...
         Starting [0;1;39mHelper to synchronize boot up for ifupdown[0m...
[   48.688761] readlink (201) used greatest stack depth: 24776 bytes left
[   48.725034] ACPI: bus type drm_connector registered
         Starting [0;1;39mSystem Logging Service[0m...
[   48.783531] cx18:  Start initialization, version 1.5.1
[   48.803338] cx18-0: Initializing card 0
[   48.816470] cx18-0: Unknown card: vendor/device: [14f1:5b7a]
[   48.819076] cx18-0:               subsystem vendor/device: [1af4:1100]
[   48.822802] cx18-0: Defaulting to Hauppauge HVR-1600 card
[   48.826505] cx18-0: Please mail the vendor/device and subsystem vendor/device IDs and what kind of
[   48.840203] cx18-0: card you have to the linux-media mailinglist (www.linuxtv.org)
[   48.845027] cx18-0: Prefix your subject line with [UNKNOWN CX18 CARD].
         Starting [0;1;39mOnline ext4 Metad…a Check for All Filesystems[0m...
         Starting [0;1;39mRotate log files[0m...
[[0;32m  OK  [0m] Finished [0;1;39mOnline ext4 Metadata Check for All Filesystems[0m.
[   49.555752] bochs-drm 0000:00:02.0: vgaarb: deactivate vga console
[   49.620658] Console: switching to colour dummy device 80x25
[[0;32m  OK  [0m] Started [0;1;39mSystem Logging Service[0m.
[   49.702409] [drm] Found bochs VGA, ID 0xb0c5.
[   49.706875] [drm] Framebuffer size 16384 kB @ 0xfd000000, mmio @ 0xfc070000.
[   49.746190] [drm] Initialized bochs-drm 1.0.0 for 0000:00:02.0 on minor 0
[[0;32m  OK  [0m] Finished [0;1;39mgetty on tty2-tty… and logind are not available[0m.
[   50.168666] e2scrub_all (196) used greatest stack depth: 24760 bytes left
[[0;32m  OK  [0m] Finished [0;1;39mRemove Stale Onli…ext4 Metadata Check Snapshots[0m.
[[0;32m  OK  [0m] Finished [0;1;39mRotate log files[0m.
[[0;1;31m*[0m[0;31m*    [0m] A start job is running for Helper t…t up for ifupdown (20s / 3min 14s)
M[K[[0;31m*[0;1;31m*[0m[0;31m*   [0m] A start job is running for Helper t…t up for ifupdown (20s / 3min 14s)
M[K[ [0;31m*[0;1;31m*[0m[0;31m*  [0m] A start job is running for Helper t…t up for ifupdown (21s / 3min 14s)
M[K[  [0;31m*[0;1;31m*[0m[0;31m* [0m] A start job is running for Helper t…t up for ifupdown (21s / 3min 14s)
M[K[   [0;31m*[0;1;31m*[0m[0;31m*[0m] A start job is running for Helper t…t up for ifupdown (22s / 3min 14s)
M[K[    [0;31m*[0;1;31m*[0m] A start job is running for Helper t…t up for ifupdown (22s / 3min 14s)
M[K[     [0;31m*[0m] A start job is running for Helper t…t up for ifupdown (23s / 3min 14s)
M[K[    [0;31m*[0;1;31m*[0m] A start job is running for Helper t…t up for ifupdown (23s / 3min 14s)
M[K[   [0;31m*[0;1;31m*[0m[0;31m*[0m] A start job is running for Helper t…t up for ifupdown (24s / 3min 14s)
M[K[  [0;31m*[0;1;31m*[0m[0;31m* [0m] A start job is running for Helper t…t up for ifupdown (24s / 3min 14s)
M[K[ [0;31m*[0;1;31m*[0m[0;31m*  [0m] A start job is running for Helper t…t up for ifupdown (25s / 3min 14s)
M[K[[0;31m*[0;1;31m*[0m[0;31m*   [0m] A start job is running for Helper t…t up for ifupdown (25s / 3min 14s)
M[K[[0;1;31m*[0m[0;31m*    [0m] A start job is running for Helper t…t up for ifupdown (26s / 3min 14s)
M[K[[0m[0;31m*     [0m] A start job is running for Helper t…t up for ifupdown (26s / 3min 14s)
M[K[[0;1;31m*[0m[0;31m*    [0m] A start job is running for Helper t…t up for ifupdown (27s / 3min 14s)
M[K[[0;31m*[0;1;31m*[0m[0;31m*   [0m] A start job is running for Helper t…t up for ifupdown (27s / 3min 14s)
M[K[ [0;31m*[0;1;31m*[0m[0;31m*  [0m] A start job is running for Helper t…t up for ifupdown (28s / 3min 14s)
M[K[  [0;31m*[0;1;31m*[0m[0;31m* [0m] A start job is running for Helper t…t up for ifupdown (28s / 3min 14s)
M[K[   [0;31m*[0;1;31m*[0m[0;31m*[0m] A start job is running for Helper t…t up for ifupdown (29s / 3min 14s)
M[K[    [0;31m*[0;1;31m*[0m] A start job is running for Helper t…t up for ifupdown (29s / 3min 14s)
M[K[     [0;31m*[0m] A start job is running for Helper t…t up for ifupdown (30s / 3min 14s)
M[K[    [0;31m*[0;1;31m*[0m] A start job is running for Helper t…t up for ifupdown (30s / 3min 14s)
M[K[   [0;31m*[0;1;31m*[0m[0;31m*[0m] A start job is running for Helper t…t up for ifupdown (31s / 3min 14s)
M[K[  [0;31m*[0;1;31m*[0m[0;31m* [0m] A start job is running for Helper t…t up for ifupdown (31s / 3min 14s)
M[K[ [0;31m*[0;1;31m*[0m[0;31m*  [0m] A start job is running for Helper t…t up for ifupdown (32s / 3min 14s)
M[K[[0;31m*[0;1;31m*[0m[0;31m*   [0m] A start job is running for Helper t…t up for ifupdown (32s / 3min 14s)
M[K[[0;1;31m*[0m[0;31m*    [0m] A start job is running for Helper t…t up for ifupdown (33s / 3min 14s)
M[K[[0m[0;31m*     [0m] A start job is running for Helper t…t up for ifupdown (33s / 3min 14s)
M[K[[0;1;31m*[0m[0;31m*    [0m] A start job is running for Helper t…t up for ifupdown (34s / 3min 14s)
M[K[[0;31m*[0;1;31m*[0m[0;31m*   [0m] A start job is running for Helper t…t up for ifupdown (34s / 3min 14s)
M[K[ [0;31m*[0;1;31m*[0m[0;31m*  [0m] A start job is running for Helper t…t up for ifupdown (35s / 3min 14s)
M[K[  [0;31m*[0;1;31m*[0m[0;31m* [0m] A start job is running for Helper t…t up for ifupdown (35s / 3min 14s)
M[K[   [0;31m*[0;1;31m*[0m[0;31m*[0m] A start job is running for Helper t…t up for ifupdown (36s / 3min 14s)
M[K[    [0;31m*[0;1;31m*[0m] A start job is running for Helper t…t up for ifupdown (36s / 3min 14s)
M[K[     [0;31m*[0m] A start job is running for Helper t…t up for ifupdown (37s / 3min 14s)
M[K[    [0;31m*[0;1;31m*[0m] A start job is running for Helper t…t up for ifupdown (37s / 3min 14s)
M[K[   [0;31m*[0;1;31m*[0m[0;31m*[0m] A start job is running for Helper t…t up for ifupdown (38s / 3min 14s)
M[K[  [0;31m*[0;1;31m*[0m[0;31m* [0m] A start job is running for Helper t…t up for ifupdown (38s / 3min 14s)
M[K[ [0;31m*[0;1;31m*[0m[0;31m*  [0m] A start job is running for Helper t…t up for ifupdown (39s / 3min 14s)
M[K[[0;31m*[0;1;31m*[0m[0;31m*   [0m] A start job is running for Helper t…t up for ifupdown (39s / 3min 14s)
M[K[[0;1;31m*[0m[0;31m*    [0m] A start job is running for Helper t…t up for ifupdown (40s / 3min 14s)
M[K[[0m[0;31m*     [0m] A start job is running for Helper t…t up for ifupdown (40s / 3min 14s)
M[K[[0;1;31m*[0m[0;31m*    [0m] A start job is running for Helper t…t up for ifupdown (41s / 3min 14s)
M[K[[0;31m*[0;1;31m*[0m[0;31m*   [0m] A start job is running for Helper t…t up for ifupdown (41s / 3min 14s)
M[K[ [0;31m*[0;1;31m*[0m[0;31m*  [0m] A start job is running for Helper t…t up for ifupdown (42s / 3min 14s)
M[K[  [0;31m*[0;1;31m*[0m[0;31m* [0m] A start job is running for Helper t…t up for ifupdown (42s / 3min 14s)
M[K[   [0;31m*[0;1;31m*[0m[0;31m*[0m] A start job is running for Helper t…t up for ifupdown (43s / 3min 14s)
M[K[    [0;31m*[0;1;31m*[0m] A start job is running for Helper t…t up for ifupdown (43s / 3min 14s)
M[K[     [0;31m*[0m] A start job is running for Helper t…t up for ifupdown (44s / 3min 14s)
[   78.200177] ACPI: \_SB_.LNKA: Enabled at IRQ 11
[   78.208138] cx18-0: Unreasonably low latency timer, setting to 64 (was 0)
[   78.211343] cx18-0: cx23418 revision 00000000 (Unknown)
[   78.220154] ACPI: \_SB_.LNKC: Enabled at IRQ 11
M[K[    [0;31m*[0;1;31m*[0m] A start job is running for Helper t…t up for ifupdown (44s / 3min 14s)
M[K[   [0;31m*[0;1;31m*[0m[0;31m*[0m] A start job is running for Helper t…t up for ifupdown (45s / 3min 14s)
M[K[  [0;31m*[0;1;31m*[0m[0;31m* [0m] A start job is running for Helper t…t up for ifupdown (45s / 3min 14s)
M[K[ [0;31m*[0;1;31m*[0m[0;31m*  [0m] A start job is running for Helper t…t up for ifupdown (46s / 3min 14s)
M[K[[0;31m*[0;1;31m*[0m[0;31m*   [0m] A start job is running for Helper t…t up for ifupdown (46s / 3min 14s)
M[K[[0;1;31m*[0m[0;31m*    [0m] A start job is running for Helper t…t up for ifupdown (47s / 3min 14s)
M[K[[0m[0;31m*     [0m] A start job is running for Helper t…t up for ifupdown (47s / 3min 14s)
M[K[[0;1;31m*[0m[0;31m*    [0m] A start job is running for Helper t…t up for ifupdown (48s / 3min 14s)
M[K[[0;31m*[0;1;31m*[0m[0;31m*   [0m] A start job is running for Helper t…t up for ifupdown (48s / 3min 14s)
M[K[ [0;31m*[0;1;31m*[0m[0;31m*  [0m] A start job is running for Helper t…t up for ifupdown (49s / 3min 14s)
M[K[  [0;31m*[0;1;31m*[0m[0;31m* [0m] A start job is running for Helper t…t up for ifupdown (49s / 3min 14s)
M[K[   [0;31m*[0;1;31m*[0m[0;31m*[0m] A start job is running for Helper t…t up for ifupdown (50s / 3min 14s)
M[K[    [0;31m*[0;1;31m*[0m] A start job is running for Helper t…t up for ifupdown (50s / 3min 14s)
M[K[     [0;31m*[0m] A start job is running for Helper t…t up for ifupdown (51s / 3min 14s)
M[K[    [0;31m*[0;1;31m*[0m] A start job is running for Helper t…t up for ifupdown (51s / 3min 14s)
M[K[   [0;31m*[0;1;31m*[0m[0;31m*[0m] A start job is running for Helper t…t up for ifupdown (52s / 3min 14s)
M[K[  [0;31m*[0;1;31m*[0m[0;31m* [0m] A start job is running for Helper t…t up for ifupdown (52s / 3min 14s)
M[K[ [0;31m*[0;1;31m*[0m[0;31m*  [0m] A start job is running for Helper t…t up for ifupdown (53s / 3min 14s)
M[K[[0;31m*[0;1;31m*[0m[0;31m*   [0m] A start job is running for Helper t…t up for ifupdown (53s / 3min 14s)
M[K[[0;1;31m*[0m[0;31m*    [0m] A start job is running for Helper t…t up for ifupdown (54s / 3min 14s)
M[K[[0m[0;31m*     [0m] A start job is running for Helper t…t up for ifupdown (54s / 3min 14s)
M[K[[0;1;31m*[0m[0;31m*    [0m] A start job is running for Helper t…t up for ifupdown (55s / 3min 14s)
M[K[[0;31m*[0;1;31m*[0m[0;31m*   [0m] A start job is running for Helper t…t up for ifupdown (55s / 3min 14s)
M[K[ [0;31m*[0;1;31m*[0m[0;31m*  [0m] A start job is running for Helper t…t up for ifupdown (56s / 3min 14s)
M[K[  [0;31m*[0;1;31m*[0m[0;31m* [0m] A start job is running for Helper t…t up for ifupdown (56s / 3min 14s)
M[K[   [0;31m*[0;1;31m*[0m[0;31m*[0m] A start job is running for Helper t…t up for ifupdown (57s / 3min 14s)
M[K[    [0;31m*[0;1;31m*[0m] A start job is running for Helper t…t up for ifupdown (57s / 3min 14s)
M[K[     [0;31m*[0m] A start job is running for Helper t…t up for ifupdown (58s / 3min 14s)
M[K[    [0;31m*[0;1;31m*[0m] A start job is running for Helper t…t up for ifupdown (58s / 3min 14s)
M[K[   [0;31m*[0;1;31m*[0m[0;31m*[0m] A start job is running for Helper t…t up for ifupdown (59s / 3min 14s)
[   93.171524] ACPI: \_SB_.LNKD: Enabled at IRQ 10
M[K[  [0;31m*[0;1;31m*[0m[0;31m* [0m] A start job is running for Helper t…t up for ifupdown (59s / 3min 14s)
M[K[ [0;31m*[0;1;31m*[0m[0;31m*  [0m] A start job is running for Helper t… up for ifupdown (1min / 3min 14s)
M[K[[0;31m*[0;1;31m*[0m[0;31m*   [0m] A start job is running for Helper t… up for ifupdown (1min / 3min 14s)
M[K[[0;1;31m*[0m[0;31m*    [0m] A start job is running for Helper t… for ifupdown (1min 1s / 3min 14s)
M[K[[0m[0;31m*     [0m] A start job is running for Helper t… for ifupdown (1min 1s / 3min 14s)
M[K[[0;1;31m*[0m[0;31m*    [0m] A start job is running for Helper t… for ifupdown (1min 2s / 3min 14s)
M[K[[0;31m*[0;1;31m*[0m[0;31m*   [0m] A start job is running for Helper t… for ifupdown (1min 2s / 3min 14s)
M[K[ [0;31m*[0;1;31m*[0m[0;31m*  [0m] A start job is running for Helper t… for ifupdown (1min 3s / 3min 14s)
M[K[  [0;31m*[0;1;31m*[0m[0;31m* [0m] A start job is running for Helper t… for ifupdown (1min 3s / 3min 14s)
M[K[   [0;31m*[0;1;31m*[0m[0;31m*[0m] A start job is running for Helper t… for ifupdown (1min 4s / 3min 14s)
M[K[    [0;31m*[0;1;31m*[0m] A start job is running for Helper t… for ifupdown (1min 4s / 3min 14s)
M[K[     [0;31m*[0m] A start job is running for Helper t… for ifupdown (1min 5s / 3min 14s)
M[K[    [0;31m*[0;1;31m*[0m] A start job is running for Helper t… for ifupdown (1min 5s / 3min 14s)
M[K[   [0;31m*[0;1;31m*[0m[0;31m*[0m] A start job is running for Helper t… for ifupdown (1min 6s / 3min 14s)
M[K[  [0;31m*[0;1;31m*[0m[0;31m* [0m] A start job is running for Helper t… for ifupdown (1min 6s / 3min 14s)
M[K[ [0;31m*[0;1;31m*[0m[0;31m*  [0m] A start job is running for Helper t… for ifupdown (1min 7s / 3min 14s)
M[K[[0;31m*[0;1;31m*[0m[0;31m*   [0m] A start job is running for Helper t… for ifupdown (1min 7s / 3min 14s)
M[K[[0;1;31m*[0m[0;31m*    [0m] A start job is running for Helper t… for ifupdown (1min 8s / 3min 14s)
M[K[[0m[0;31m*     [0m] A start job is running for Helper t… for ifupdown (1min 8s / 3min 14s)
M[K[[0;1;31m*[0m[0;31m*    [0m] A start job is running for Helper t… for ifupdown (1min 9s / 3min 14s)
M[K[[0;31m*[0;1;31m*[0m[0;31m*   [0m] A start job is running for Helper t… for ifupdown (1min 9s / 3min 14s)
M[K[ [0;31m*[0;1;31m*[0m[0;31m*  [0m] A start job is running for Helper t…for ifupdown (1min 10s / 3min 14s)
M[K[  [0;31m*[0;1;31m*[0m[0;31m* [0m] A start job is running for Helper t…for ifupdown (1min 10s / 3min 14s)
M[K[   [0;31m*[0;1;31m*[0m[0;31m*[0m] A start job is running for Helper t…for ifupdown (1min 11s / 3min 14s)
M[K[    [0;31m*[0;1;31m*[0m] A start job is running for Helper t…for ifupdown (1min 11s / 3min 14s)
M[K[     [0;31m*[0m] A start job is running for Helper t…for ifupdown (1min 12s / 3min 14s)
M[K[    [0;31m*[0;1;31m*[0m] A start job is running for Helper t…for ifupdown (1min 12s / 3min 14s)
M[K[   [0;31m*[0;1;31m*[0m[0;31m*[0m] A start job is running for Helper t…for ifupdown (1min 13s / 3min 14s)
M[K[  [0;31m*[0;1;31m*[0m[0;31m* [0m] A start job is running for Helper t…for ifupdown (1min 13s / 3min 14s)
M[K[ [0;31m*[0;1;31m*[0m[0;31m*  [0m] A start job is running for Helper t…for ifupdown (1min 14s / 3min 14s)
M[K[[0;31m*[0;1;31m*[0m[0;31m*   [0m] A start job is running for Helper t…for ifupdown (1min 14s / 3min 14s)
M[K[[0;1;31m*[0m[0;31m*    [0m] A start job is running for Helper t…for ifupdown (1min 15s / 3min 14s)
[  109.146259] tveeprom: Huh, no eeprom present (err=-6)?
[  109.149124] cx18-0: Invalid EEPROM
[  109.151255] cx18-0: Simultaneous Digital and Analog TV capture supported
M[K[[0m[0;31m*     [0m] A start job is running for Helper t…for ifupdown (1min 15s / 3min 14s)
M[K[[0;1;31m*[0m[0;31m*    [0m] A start job is running for Helper t…for ifupdown (1min 16s / 3min 14s)
M[K[[0;31m*[0;1;31m*[0m[0;31m*   [0m] A start job is running for Helper t…for ifupdown (1min 16s / 3min 14s)
[  110.498764] audit: type=1400 audit(1767750015.198:18): avc:  denied  { read } for  pid=221 comm="modprobe" name="modules.softdep" dev="sda" ino=9714092 scontext=system_u:system_r:kmod_t:s0 tcontext=system_u:object_r:unlabeled_t:s0 tclass=file permissive=1
[  110.513060] audit: type=1400 audit(1767750015.199:19): avc:  denied  { open } for  pid=221 comm="modprobe" path="/usr/lib/modules/6.18.0/modules.softdep" dev="sda" ino=9714092 scontext=system_u:system_r:kmod_t:s0 tcontext=system_u:object_r:unlabeled_t:s0 tclass=file permissive=1
[  110.524195] audit: type=1400 audit(1767750015.199:20): avc:  denied  { getattr } for  pid=221 comm="modprobe" path="/usr/lib/modules/6.18.0/modules.softdep" dev="sda" ino=9714092 scontext=system_u:system_r:kmod_t:s0 tcontext=system_u:object_r:unlabeled_t:s0 tclass=file permissive=1
[  110.538209] audit: type=1400 audit(1767750015.202:21): avc:  denied  { map } for  pid=221 comm="modprobe" path="/usr/lib/modules/6.18.0/modules.dep.bin" dev="sda" ino=9714089 scontext=system_u:system_r:kmod_t:s0 tcontext=system_u:object_r:unlabeled_t:s0 tclass=file permissive=1
M[K[ [0;31m*[0;1;31m*[0m[0;31m*  [0m] A start job is running for Helper t…for ifupdown (1min 17s / 3min 14s)
M[K[  [0;31m*[0;1;31m*[0m[0;31m* [0m] A start job is running for Helper t…for ifupdown (1min 17s / 3min 14s)
M[K[   [0;31m*[0;1;31m*[0m[0;31m*[0m] A start job is running for Helper t…for ifupdown (1min 18s / 3min 14s)
M[K[    [0;31m*[0;1;31m*[0m] A start job is running for Helper t…for ifupdown (1min 18s / 3min 14s)
M[K[     [0;31m*[0m] A start job is running for Helper t…for ifupdown (1min 19s / 3min 14s)
M[K[    [0;31m*[0;1;31m*[0m] A start job is running for Helper t…for ifupdown (1min 19s / 3min 14s)
M[K[   [0;31m*[0;1;31m*[0m[0;31m*[0m] A start job is running for Helper t…for ifupdown (1min 20s / 3min 14s)
M[K[  [0;31m*[0;1;31m*[0m[0;31m* [0m] A start job is running for Helper t…for ifupdown (1min 20s / 3min 14s)
[  114.524020] hrtimer: interrupt took 13391758 ns
M[K[ [0;31m*[0;1;31m*[0m[0;31m*  [0m] A start job is running for Helper t…for ifupdown (1min 21s / 3min 14s)
M[K[[0;31m*[0;1;31m*[0m[0;31m*   [0m] A start job is running for Helper t…for ifupdown (1min 21s / 3min 14s)
M[K[[0;1;31m*[0m[0;31m*    [0m] A start job is running for Helper t…for ifupdown (1min 22s / 3min 14s)
M[K[[0m[0;31m*     [0m] A start job is running for Helper t…for ifupdown (1min 22s / 3min 14s)
M[K[[0;1;31m*[0m[0;31m*    [0m] A start job is running for Helper t…for ifupdown (1min 23s / 3min 14s)
M[K[[0;31m*[0;1;31m*[0m[0;31m*   [0m] A start job is running for Helper t…for ifupdown (1min 23s / 3min 14s)
M[K[ [0;31m*[0;1;31m*[0m[0;31m*  [0m] A start job is running for Helper t…for ifupdown (1min 24s / 3min 14s)
M[K[  [0;31m*[0;1;31m*[0m[0;31m* [0m] A start job is running for Helper t…for ifupdown (1min 24s / 3min 14s)
M[K[   [0;31m*[0;1;31m*[0m[0;31m*[0m] A start job is running for Helper t…for ifupdown (1min 25s / 3min 14s)
M[K[    [0;31m*[0;1;31m*[0m] A start job is running for Helper t…for ifupdown (1min 25s / 3min 14s)
M[K[     [0;31m*[0m] A start job is running for Helper t…for ifupdown (1min 26s / 3min 14s)
M[K[    [0;31m*[0;1;31m*[0m] A start job is running for Helper t…for ifupdown (1min 26s / 3min 14s)
M[K[   [0;31m*[0;1;31m*[0m[0;31m*[0m] A start job is running for Helper t…for ifupdown (1min 27s / 3min 14s)
M[K[  [0;31m*[0;1;31m*[0m[0;31m* [0m] A start job is running for Helper t…for ifupdown (1min 27s / 3min 14s)
M[K[ [0;31m*[0;1;31m*[0m[0;31m*  [0m] A start job is running for Helper t…for ifupdown (1min 28s / 3min 14s)
M[K[[0;31m*[0;1;31m*[0m[0;31m*   [0m] A start job is running for Helper t…for ifupdown (1min 28s / 3min 14s)
M[K[[0;1;31m*[0m[0;31m*    [0m] A start job is running for Helper t…for ifupdown (1min 29s / 3min 14s)
M[K[[0m[0;31m*     [0m] A start job is running for Helper t…for ifupdown (1min 29s / 3min 14s)
M[K[[0;1;31m*[0m[0;31m*    [0m] A start job is running for Helper t…for ifupdown (1min 30s / 3min 14s)
M[K[[0;31m*[0;1;31m*[0m[0;31m*   [0m] A start job is running for Helper t…for ifupdown (1min 30s / 3min 14s)
M[K[ [0;31m*[0;1;31m*[0m[0;31m*  [0m] A start job is running for Helper t…for ifupdown (1min 31s / 3min 14s)
M[K[  [0;31m*[0;1;31m*[0m[0;31m* [0m] A start job is running for Helper t…for ifupdown (1min 31s / 3min 14s)
M[K[   [0;31m*[0;1;31m*[0m[0;31m*[0m] A start job is running for Helper t…for ifupdown (1min 32s / 3min 14s)
M[K[    [0;31m*[0;1;31m*[0m] A start job is running for Helper t…for ifupdown (1min 32s / 3min 14s)
M[K[     [0;31m*[0m] A start job is running for Helper t…for ifupdown (1min 33s / 3min 14s)
M[K[    [0;31m*[0;1;31m*[0m] A start job is running for Helper t…for ifupdown (1min 33s / 3min 14s)
M[K[   [0;31m*[0;1;31m*[0m[0;31m*[0m] A start job is running for Helper t…for ifupdown (1min 34s / 3min 14s)
M[K[  [0;31m*[0;1;31m*[0m[0;31m* [0m] A start job is running for Helper t…for ifupdown (1min 34s / 3min 14s)
M[K[ [0;31m*[0;1;31m*[0m[0;31m*  [0m] A start job is running for Helper t…for ifupdown (1min 35s / 3min 14s)
M[K[[0;31m*[0;1;31m*[0m[0;31m*   [0m] A start job is running for Helper t…for ifupdown (1min 35s / 3min 14s)
M[K[[0;1;31m*[0m[0;31m*    [0m] A start job is running for Helper t…for ifupdown (1min 36s / 3min 14s)
M[K[[0m[0;31m*     [0m] A start job is running for Helper t…for ifupdown (1min 36s / 3min 14s)
M[K[[0;1;31m*[0m[0;31m*    [0m] A start job is running for Helper t…for ifupdown (1min 37s / 3min 14s)
M[K[[0;31m*[0;1;31m*[0m[0;31m*   [0m] A start job is running for Helper t…for ifupdown (1min 37s / 3min 14s)
M[K[ [0;31m*[0;1;31m*[0m[0;31m*  [0m] A start job is running for Helper t…for ifupdown (1min 38s / 3min 14s)
M[K[  [0;31m*[0;1;31m*[0m[0;31m* [0m] A start job is running for Helper t…for ifupdown (1min 38s / 3min 14s)
M[K[   [0;31m*[0;1;31m*[0m[0;31m*[0m] A start job is running for Helper t…for ifupdown (1min 39s / 3min 14s)
M[K[    [0;31m*[0;1;31m*[0m] A start job is running for Helper t…for ifupdown (1min 39s / 3min 14s)
M[K[     [0;31m*[0m] A start job is running for Helper t…for ifupdown (1min 40s / 3min 14s)
M[K[    [0;31m*[0;1;31m*[0m] A start job is running for Helper t…for ifupdown (1min 40s / 3min 14s)
M[K[   [0;31m*[0;1;31m*[0m[0;31m*[0m] A start job is running for Helper t…for ifupdown (1min 41s / 3min 14s)
M[K[  [0;31m*[0;1;31m*[0m[0;31m* [0m] A start job is running for Helper t…for ifupdown (1min 41s / 3min 14s)
M[K[ [0;31m*[0;1;31m*[0m[0;31m*  [0m] A start job is running for Helper t…for ifupdown (1min 42s / 3min 14s)
M[K[[0;31m*[0;1;31m*[0m[0;31m*   [0m] A start job is running for Helper t…for ifupdown (1min 42s / 3min 14s)
M[K[[0;1;31m*[0m[0;31m*    [0m] A start job is running for Helper t…for ifupdown (1min 43s / 3min 14s)
M[K[[0m[0;31m*     [0m] A start job is running for Helper t…for ifupdown (1min 43s / 3min 14s)
M[K[[0;1;31m*[0m[0;31m*    [0m] A start job is running for Helper t…for ifupdown (1min 44s / 3min 14s)
M[K[[0;31m*[0;1;31m*[0m[0;31m*   [0m] A start job is running for Helper t…for ifupdown (1min 44s / 3min 14s)
M[K[ [0;31m*[0;1;31m*[0m[0;31m*  [0m] A start job is running for Helper t…for ifupdown (1min 45s / 3min 14s)
M[K[  [0;31m*[0;1;31m*[0m[0;31m* [0m] A start job is running for Helper t…for ifupdown (1min 45s / 3min 14s)
M[K[   [0;31m*[0;1;31m*[0m[0;31m*[0m] A start job is running for Helper t…for ifupdown (1min 46s / 3min 14s)
M[K[    [0;31m*[0;1;31m*[0m] A start job is running for Helper t…for ifupdown (1min 46s / 3min 14s)
M[K[     [0;31m*[0m] A start job is running for Helper t…for ifupdown (1min 47s / 3min 14s)
M[K[    [0;31m*[0;1;31m*[0m] A start job is running for Helper t…for ifupdown (1min 47s / 3min 14s)
M[K[   [0;31m*[0;1;31m*[0m[0;31m*[0m] A start job is running for Helper t…for ifupdown (1min 48s / 3min 14s)
M[K[  [0;31m*[0;1;31m*[0m[0;31m* [0m] A start job is running for Helper t…for ifupdown (1min 48s / 3min 14s)
M[K[ [0;31m*[0;1;31m*[0m[0;31m*  [0m] A start job is running for Helper t…for ifupdown (1min 49s / 3min 14s)
M[K[[0;31m*[0;1;31m*[0m[0;31m*   [0m] A start job is running for Helper t…for ifupdown (1min 49s / 3min 14s)
M[K[[0;1;31m*[0m[0;31m*    [0m] A start job is running for Helper t…for ifupdown (1min 50s / 3min 14s)
M[K[[0m[0;31m*     [0m] A start job is running for Helper t…for ifupdown (1min 50s / 3min 14s)
M[K[[0;1;31m*[0m[0;31m*    [0m] A start job is running for Helper t…for ifupdown (1min 51s / 3min 14s)
M[K[[0;31m*[0;1;31m*[0m[0;31m*   [0m] A start job is running for Helper t…for ifupdown (1min 51s / 3min 14s)
M[K[ [0;31m*[0;1;31m*[0m[0;31m*  [0m] A start job is running for Helper t…for ifupdown (1min 52s / 3min 14s)
M[K[  [0;31m*[0;1;31m*[0m[0;31m* [0m] A start job is running for Helper t…for ifupdown (1min 52s / 3min 14s)
M[K[   [0;31m*[0;1;31m*[0m[0;31m*[0m] A start job is running for Helper t…for ifupdown (1min 53s / 3min 14s)
M[K[    [0;31m*[0;1;31m*[0m] A start job is running for Helper t…for ifupdown (1min 53s / 3min 14s)
M[K[     [0;31m*[0m] A start job is running for Helper t…for ifupdown (1min 54s / 3min 14s)
M[K[    [0;31m*[0;1;31m*[0m] A start job is running for Helper t…for ifupdown (1min 54s / 3min 14s)
M[K[   [0;31m*[0;1;31m*[0m[0;31m*[0m] A start job is running for Helper t…for ifupdown (1min 55s / 3min 14s)
M[K[  [0;31m*[0;1;31m*[0m[0;31m* [0m] A start job is running for Helper t…for ifupdown (1min 55s / 3min 14s)
M[K[ [0;31m*[0;1;31m*[0m[0;31m*  [0m] A start job is running for Helper t…for ifupdown (1min 56s / 3min 14s)
M[K[[0;31m*[0;1;31m*[0m[0;31m*   [0m] A start job is running for Helper t…for ifupdown (1min 56s / 3min 14s)
M[K[[0;1;31m*[0m[0;31m*    [0m] A start job is running for Helper t…for ifupdown (1min 57s / 3min 14s)
M[K[[0m[0;31m*     [0m] A start job is running for Helper t…for ifupdown (1min 57s / 3min 14s)
M[K[[0;1;31m*[0m[0;31m*    [0m] A start job is running for Helper t…for ifupdown (1min 58s / 3min 14s)
M[K[[0;31m*[0;1;31m*[0m[0;31m*   [0m] A start job is running for Helper t…for ifupdown (1min 58s / 3min 14s)
M[K[ [0;31m*[0;1;31m*[0m[0;31m*  [0m] A start job is running for Helper t…for ifupdown (1min 59s / 3min 14s)
M[K[  [0;31m*[0;1;31m*[0m[0;31m* [0m] A start job is running for Helper t…for ifupdown (1min 59s / 3min 14s)
M[K[   [0;31m*[0;1;31m*[0m[0;31m*[0m] A start job is running for Helper t… up for ifupdown (2min / 3min 14s)
M[K[    [0;31m*[0;1;31m*[0m] A start job is running for Helper t… up for ifupdown (2min / 3min 14s)
M[K[     [0;31m*[0m] A start job is running for Helper t… for ifupdown (2min 1s / 3min 14s)
M[K[    [0;31m*[0;1;31m*[0m] A start job is running for Helper t… for ifupdown (2min 1s / 3min 14s)
M[K[   [0;31m*[0;1;31m*[0m[0;31m*[0m] A start job is running for Helper t… for ifupdown (2min 2s / 3min 14s)
M[K[  [0;31m*[0;1;31m*[0m[0;31m* [0m] A start job is running for Helper t… for ifupdown (2min 2s / 3min 14s)
M[K[ [0;31m*[0;1;31m*[0m[0;31m*  [0m] A start job is running for Helper t… for ifupdown (2min 3s / 3min 14s)
M[K[[0;31m*[0;1;31m*[0m[0;31m*   [0m] A start job is running for Helper t… for ifupdown (2min 3s / 3min 14s)
M[K[[0;1;31m*[0m[0;31m*    [0m] A start job is running for Helper t… for ifupdown (2min 4s / 3min 14s)
M[K[[0m[0;31m*     [0m] A start job is running for Helper t… for ifupdown (2min 4s / 3min 14s)
[  158.777387] audit: type=1400 audit(1767750063.476:22): avc:  denied  { module_load } for  pid=224 comm="modprobe" path="/usr/lib/modules/6.18.0/kernel/drivers/media/i2c/cs5345.ko" dev="sda" ino=9713455 scontext=system_u:system_r:kmod_t:s0 tcontext=system_u:object_r:unlabeled_t:s0 tclass=system permissive=1
M[K[[0;1;31m*[0m[0;31m*    [0m] A start job is running for Helper t… for ifupdown (2min 5s / 3min 14s)
[  158.923664] cs5345 1-004c: chip found @ 0x98 (cx18 i2c driver #0-0)
M[K[[0;31m*[0;1;31m*[0m[0;31m*   [0m] A start job is running for Helper t… for ifupdown (2min 5s / 3min 14s)
M[K[ [0;31m*[0;1;31m*[0m[0;31m*  [0m] A start job is running for Helper t… for ifupdown (2min 6s / 3min 14s)
M[K[  [0;31m*[0;1;31m*[0m[0;31m* [0m] A start job is running for Helper t… for ifupdown (2min 6s / 3min 14s)
M[K[   [0;31m*[0;1;31m*[0m[0;31m*[0m] A start job is running for Helper t… for ifupdown (2min 7s / 3min 14s)
M[K[    [0;31m*[0;1;31m*[0m] A start job is running for Helper t… for ifupdown (2min 7s / 3min 14s)
M[K[     [0;31m*[0m] A start job is running for Helper t… for ifupdown (2min 8s / 3min 14s)
M[K[    [0;31m*[0;1;31m*[0m] A start job is running for Helper t… for ifupdown (2min 8s / 3min 14s)
M[K[   [0;31m*[0;1;31m*[0m[0;31m*[0m] A start job is running for Helper t… for ifupdown (2min 9s / 3min 14s)
M[K[  [0;31m*[0;1;31m*[0m[0;31m* [0m] A start job is running for Helper t… for ifupdown (2min 9s / 3min 14s)
M[K[ [0;31m*[0;1;31m*[0m[0;31m*  [0m] A start job is running for Helper t…for ifupdown (2min 10s / 3min 14s)
M[K[[0;31m*[0;1;31m*[0m[0;31m*   [0m] A start job is running for Helper t…for ifupdown (2min 10s / 3min 14s)
M[K[[0;1;31m*[0m[0;31m*    [0m] A start job is running for Helper t…for ifupdown (2min 11s / 3min 14s)
M[K[[0m[0;31m*     [0m] A start job is running for Helper t…for ifupdown (2min 11s / 3min 14s)
M[K[[0;1;31m*[0m[0;31m*    [0m] A start job is running for Helper t…for ifupdown (2min 12s / 3min 14s)
M[K[[0;31m*[0;1;31m*[0m[0;31m*   [0m] A start job is running for Helper t…for ifupdown (2min 12s / 3min 14s)
M[K[ [0;31m*[0;1;31m*[0m[0;31m*  [0m] A start job is running for Helper t…for ifupdown (2min 13s / 3min 14s)
M[K[  [0;31m*[0;1;31m*[0m[0;31m* [0m] A start job is running for Helper t…for ifupdown (2min 13s / 3min 14s)
M[K[   [0;31m*[0;1;31m*[0m[0;31m*[0m] A start job is running for Helper t…for ifupdown (2min 14s / 3min 14s)
M[K[    [0;31m*[0;1;31m*[0m] A start job is running for Helper t…for ifupdown (2min 14s / 3min 14s)
M[K[     [0;31m*[0m] A start job is running for Helper t…for ifupdown (2min 15s / 3min 14s)
M[K[    [0;31m*[0;1;31m*[0m] A start job is running for Helper t…for ifupdown (2min 15s / 3min 14s)
M[K[   [0;31m*[0;1;31m*[0m[0;31m*[0m] A start job is running for Helper t…for ifupdown (2min 16s / 3min 14s)
M[K[  [0;31m*[0;1;31m*[0m[0;31m* [0m] A start job is running for Helper t…for ifupdown (2min 16s / 3min 14s)
M[K[ [0;31m*[0;1;31m*[0m[0;31m*  [0m] A start job is running for Helper t…for ifupdown (2min 17s / 3min 14s)
M[K[[0;1;31mFAILED[0m] Failed to start [0;1;39mHelper to …chronize boot up for ifupdown[0m.
[KSee 'systemctl status ifupdown-pre.service' for details.
[[0;1;38;5;185mDEPEND[0m] Dependency failed for [0;1;39mRaise network interfaces[0m.
[[0;32m  OK  [0m] Reached target [0;1;39mNetwork[0m.
         Starting [0;1;39mOpenBSD Secure Shell server[0m...
         Starting [0;1;39mPermit User Sessions[0m...
[[0;32m  OK  [0m] Finished [0;1;39mPermit User Sessions[0m.
[[0;32m  OK  [0m] Started [0;1;39mGetty on tty1[0m.
[[0;32m  OK  [0m] Started [0;1;39mGetty on tty2[0m.
[[0;32m  OK  [0m] Started [0;1;39mGetty on tty3[0m.
[[0;32m  OK  [0m] Started [0;1;39mGetty on tty4[0m.
[[0;32m  OK  [0m] Started [0;1;39mGetty on tty5[0m.
[[0;32m  OK  [0m] Started [0;1;39mGetty on tty6[0m.
[[0;32m  OK  [0m] Started [0;1;39mSerial Getty on ttyS0[0m.
[[0;32m  OK  [0m] Reached target [0;1;39mLogin Prompts[0m.
[[0;32m  OK  [0m] Started [0;1;39mOpenBSD Secure Shell server[0m.
[[0;32m  OK  [0m] Reached target [0;1;39mMulti-User System[0m.
[[0;32m  OK  [0m] Reached target [0;1;39mGraphical Interface[0m.
         Starting [0;1;39mUpdate UTMP about System Runlevel Changes[0m...
[[0;32m  OK  [0m] Finished [0;1;39mUpdate UTMP about System Runlevel Changes[0m.
[  172.981933] audit: type=1400 audit(1767750077.679:23): avc:  denied  { checkpoint_restore } for  pid=227 comm="agetty" capability=40  scontext=system_u:system_r:getty_t:s0 tcontext=system_u:system_r:getty_t:s0 tclass=capability2 permissive=1

Debian GNU/Linux 11 syzkaller ttyS0

syzkaller login: [  271.128143] cx18-0: Registered device video0 for encoder MPEG (64 x 32.00 kB)
[  271.130987] dvbdev: DVB: registering new adapter (cx18)
[  271.140607] DVB: Unable to find symbol s5h1409_attach()
[  271.142980] cx18-0: frontend initialization failed
[  271.149870] cx18-0: DVB failed to register
[  271.153953] cx18-0: Registered device video32 for encoder YUV (20 x 101.25 kB)
[  271.160703] cx18-0: Registered device vbi0 for encoder VBI (20 x 51984 bytes)
[  271.167407] cx18-0: Registered device video24 for encoder PCM audio (256 x 4.00 kB)
[  271.172691] cx18-0: Registered device radio0 for encoder radio
[  271.182876] cx18-0: unregister DVB
[  271.223932] cx18-0: Error -1 registering devices
[  271.243093] cx18-0: Error -1 on initialization
[  271.245621] cx18 0000:00:05.0: probe with driver cx18 failed with error -1
[  271.249898] cx18:  End initialization
[  271.261080] systemd-udevd (171) used greatest stack depth: 23704 bytes left
[  275.244935] systemd-udevd (168) used greatest stack depth: 22056 bytes left
