failed to run ["ssh" "-p" "8528" "-F" "/dev/null" "-o" "UserKnownHostsFile=/dev/null" "-o" "IdentitiesOnly=yes" "-o" "BatchMode=yes" "-o" "StrictHostKeyChecking=no" "-o" "ConnectTimeout=10" "-i" "/home/wmy/Fuzzer/third_tool/Image-fuzz-6.18-syzbot/bullseye.id_rsa" "root@localhost" "pwd"]: exit status 255[    0.000000][    T0] Linux version 6.18.0 (wmy@wmy) (gcc (Ubuntu 11.4.0-1ubuntu1~22.04.2) 11.4.0, GNU ld (GNU Binutils for Ubuntu) 2.38) #1 SMP PREEMPT_DYNAMIC Sat Dec 20 16:37:44 CST 2025
[    0.000000][    T0] Command line: root=/dev/sda console=ttyS0 
[    0.000000][    T0] KERNEL supported cpus:
[    0.000000][    T0]   Intel GenuineIntel
[    0.000000][    T0]   AMD AuthenticAMD
[    0.000000][    T0] x86/CPU: Model not found in latest microcode list
[    0.000000][    T0] BIOS-provided physical RAM map:
[    0.000000][    T0] BIOS-e820: [mem 0x0000000000000000-0x000000000009fbff] usable
[    0.000000][    T0] BIOS-e820: [mem 0x000000000009fc00-0x000000000009ffff] reserved
[    0.000000][    T0] BIOS-e820: [mem 0x00000000000f0000-0x00000000000fffff] reserved
[    0.000000][    T0] BIOS-e820: [mem 0x0000000000100000-0x00000000bffdffff] usable
[    0.000000][    T0] BIOS-e820: [mem 0x00000000bffe0000-0x00000000bfffffff] reserved
[    0.000000][    T0] BIOS-e820: [mem 0x00000000feffc000-0x00000000feffffff] reserved
[    0.000000][    T0] BIOS-e820: [mem 0x00000000fffc0000-0x00000000ffffffff] reserved
[    0.000000][    T0] BIOS-e820: [mem 0x0000000100000000-0x000000013fffffff] usable
[    0.000000][    T0] printk: legacy bootconsole [earlyser0] enabled
[    0.000000][    T0] ERROR: earlyprintk= earlyser already used
[    0.000000][    T0] ERROR: earlyprintk= earlyser already used
[    0.000000][    T0] Hash pointers mode set to never.
[    0.000000][    T0] Malformed early option 'vsyscall'
[    0.000000][    T0] NX (Execute Disable) protection: active
[    0.000000][    T0] APIC: Static calls initialized
[    0.000000][    T0] SMBIOS 3.0.0 present.
[    0.000000][    T0] DMI: QEMU Standard PC (i440FX + PIIX, 1996), BIOS rel-1.16.3-0-ga6ed6b701f0a-prebuilt.qemu.org 04/01/2014
[    0.000000][    T0] DMI: Memory slots populated: 1/1
[    0.000000][    T0] Hypervisor detected: KVM
[    0.000000][    T0] last_pfn = 0xbffe0 max_arch_pfn = 0x400000000
[    0.000000][    T0] kvm-clock: Using msrs 4b564d01 and 4b564d00
[    0.000009][    T0] kvm-clock: using sched offset of 2747662140 cycles
[    0.005222][    T0] clocksource: kvm-clock: mask: 0xffffffffffffffff max_cycles: 0x1cd42e4dffb, max_idle_ns: 881590591483 ns
[    0.018632][    T0] tsc: Detected 2803.204 MHz processor
[    0.033401][    T0] last_pfn = 0x140000 max_arch_pfn = 0x400000000
[    0.038192][    T0] MTRR map: 4 entries (3 fixed + 1 variable; max 19), built from 8 variable MTRRs
[    0.044407][    T0] x86/PAT: Configuration [0-7]: WB  WC  UC- UC  WB  WP  UC- WT  
[    0.050193][    T0] last_pfn = 0xbffe0 max_arch_pfn = 0x400000000
[    0.066880][    T0] found SMP MP-table at [mem 0x000f5460-0x000f546f]
[    0.072700][    T0] ACPI: Early table checksum verification disabled
[    0.076416][    T0] ACPI: RSDP 0x00000000000F5250 000014 (v00 BOCHS )
[    0.080907][    T0] ACPI: RSDT 0x00000000BFFE1D7B 000034 (v01 BOCHS  BXPC     00000001 BXPC 00000001)
[    0.087708][    T0] ACPI: FACP 0x00000000BFFE1C17 000074 (v01 BOCHS  BXPC     00000001 BXPC 00000001)
[    0.095375][    T0] ACPI: DSDT 0x00000000BFFE0040 001BD7 (v01 BOCHS  BXPC     00000001 BXPC 00000001)
[    0.101800][    T0] ACPI: FACS 0x00000000BFFE0000 000040
[    0.104990][    T0] ACPI: APIC 0x00000000BFFE1C8B 000090 (v03 BOCHS  BXPC     00000001 BXPC 00000001)
[    0.111209][    T0] ACPI: HPET 0x00000000BFFE1D1B 000038 (v01 BOCHS  BXPC     00000001 BXPC 00000001)
[    0.117127][    T0] ACPI: WAET 0x00000000BFFE1D53 000028 (v01 BOCHS  BXPC     00000001 BXPC 00000001)
[    0.122413][    T0] ACPI: Reserving FACP table memory at [mem 0xbffe1c17-0xbffe1c8a]
[    0.126835][    T0] ACPI: Reserving DSDT table memory at [mem 0xbffe0040-0xbffe1c16]
[    0.131453][    T0] ACPI: Reserving FACS table memory at [mem 0xbffe0000-0xbffe003f]
[    0.136298][    T0] ACPI: Reserving APIC table memory at [mem 0xbffe1c8b-0xbffe1d1a]
[    0.142342][    T0] ACPI: Reserving HPET table memory at [mem 0xbffe1d1b-0xbffe1d52]
[    0.149039][    T0] ACPI: Reserving WAET table memory at [mem 0xbffe1d53-0xbffe1d7a]
[    0.159433][    T0] No NUMA configuration found
[    0.162734][    T0] Faking a node at [mem 0x0000000000000000-0x000000013fffffff]
[    0.168110][    T0] Faking node 0 at [mem 0x0000000000001000-0x0000000080000fff] (2048MB)
[    0.174583][    T0] Faking node 1 at [mem 0x0000000080001000-0x000000013fffffff] (3071MB)
[    0.181030][    T0] NODE_DATA(0) allocated [mem 0x7fffb400-0x80000fff]
[    0.186642][    T0] NODE_DATA(1) allocated [mem 0x13fff6400-0x13fffbfff]
[    0.319073][    T0] Zone ranges:
[    0.321719][    T0]   DMA      [mem 0x0000000000001000-0x0000000000ffffff]
[    0.327419][    T0]   DMA32    [mem 0x0000000001000000-0x00000000ffffffff]
[    0.332915][    T0]   Normal   [mem 0x0000000100000000-0x000000013fffffff]
[    0.339109][    T0]   Device   empty
[    0.341789][    T0] Movable zone start for each node
[    0.346251][    T0] Early memory node ranges
[    0.349893][    T0]   node   0: [mem 0x0000000000001000-0x000000000009efff]
[    0.355385][    T0]   node   0: [mem 0x0000000000100000-0x0000000080000fff]
[    0.361498][    T0]   node   1: [mem 0x0000000080001000-0x00000000bffdffff]
[    0.367292][    T0]   node   1: [mem 0x0000000100000000-0x000000013fffffff]
[    0.373425][    T0] Initmem setup node 0 [mem 0x0000000000001000-0x0000000080000fff]
[    0.378439][    T0] Initmem setup node 1 [mem 0x0000000080001000-0x000000013fffffff]
[    0.383715][    T0] On node 0, zone DMA: 1 pages in unavailable ranges
[    0.387619][    T0] On node 0, zone DMA: 97 pages in unavailable ranges
[    0.434019][    T0] On node 1, zone Normal: 32 pages in unavailable ranges
[    1.552338][    T0] KernelAddressSanitizer initialized (generic)
[    1.557799][    T0] ACPI: PM-Timer IO Port: 0x608
[    1.561153][    T0] ACPI: LAPIC_NMI (acpi_id[0xff] dfl dfl lint[0x1])
[    1.565593][    T0] IOAPIC[0]: apic_id 0, version 17, address 0xfec00000, GSI 0-23
[    1.570349][    T0] ACPI: INT_SRC_OVR (bus 0 bus_irq 0 global_irq 2 dfl dfl)
[    1.574906][    T0] ACPI: INT_SRC_OVR (bus 0 bus_irq 5 global_irq 5 high level)
[    1.579569][    T0] ACPI: INT_SRC_OVR (bus 0 bus_irq 9 global_irq 9 high level)
[    1.584132][    T0] ACPI: INT_SRC_OVR (bus 0 bus_irq 10 global_irq 10 high level)
[    1.588723][    T0] ACPI: INT_SRC_OVR (bus 0 bus_irq 11 global_irq 11 high level)
[    1.594145][    T0] ACPI: Using ACPI (MADT) for SMP configuration information
[    1.598964][    T0] ACPI: HPET id: 0x8086a201 base: 0xfed00000
[    1.603278][    T0] CPU topo: Max. logical packages:   1
[    1.607512][    T0] CPU topo: Max. logical dies:       1
[    1.612588][    T0] CPU topo: Max. dies per package:   1
[    1.617286][    T0] CPU topo: Max. threads per core:   1
[    1.622007][    T0] CPU topo: Num. cores per package:     4
[    1.627052][    T0] CPU topo: Num. threads per package:   4
[    1.631754][    T0] CPU topo: Allowing 4 present CPUs plus 0 hotplug CPUs
[    1.638342][    T0] kvm-guest: APIC: eoi() replaced with kvm_guest_apic_eoi_write()
[    1.645581][    T0] PM: hibernation: Registered nosave memory: [mem 0x00000000-0x00000fff]
[    1.653529][    T0] PM: hibernation: Registered nosave memory: [mem 0x0009f000-0x000fffff]
[    1.660264][    T0] PM: hibernation: Registered nosave memory: [mem 0xbffe0000-0xffffffff]
[    1.666384][    T0] [mem 0xc0000000-0xfeffbfff] available for PCI devices
[    1.672693][    T0] Booting paravirtualized kernel on KVM
[    1.677258][    T0] clocksource: refined-jiffies: mask: 0xffffffff max_cycles: 0xffffffff, max_idle_ns: 19112604462750000 ns
[    1.751077][    T0] setup_percpu: NR_CPUS:8 nr_cpumask_bits:4 nr_cpu_ids:4 nr_node_ids:2
[    1.768070][    T0] percpu: Embedded 70 pages/cpu s247752 r8192 d30776 u1048576
[    1.774435][    T0] kvm-guest: PV spinlocks disabled, no host support
[    1.779954][    T0] Kernel command line: earlyprintk=serial net.ifnames=0 sysctl.kernel.hung_task_all_cpu_backtrace=1 ima_policy=tcb nf-conntrack-ftp.ports=20000 nf-conntrack-tftp.ports=20000 nf-conntrack-sip.ports=20000 nf-conntrack-irc.ports=20000 nf-conntrack-sane.ports=20000 binder.debug_mask=0 rcupdate.rcu_expedited=1 rcupdate.rcu_cpu_stall_cputime=1 no_hash_pointers page_owner=on sysctl.vm.nr_hugepages=4 sysctl.vm.nr_overcommit_hugepages=4 secretmem.enable=1 sysctl.max_rcu_stall_to_panic=1 msr.allow_writes=off coredump_filter=0xffff root=/dev/sda console=ttyS0 vsyscall=native numa=fake=2 kvm-intel.nested=1 spec_store_bypass_disable=prctl nopcid vivid.n_devs=64 vivid.multiplanar=1,2,1,2,1,2,1,2,1,2,1,2,1,2,1,2,1,2,1,2,1,2,1,2,1,2,1,2,1,2,1,2,1,2,1,2,1,2,1,2,1,2,1,2,1,2,1,2,1,2,1,2,1,2,1,2,1,2,1,2,1,2,1,2 netrom.nr_ndevs=32 rose.rose_ndevs=32 smp.csd_lock_timeout=100000 watchdog_thresh=55 workqueue.watchdog_thresh=140 sysctl.net.core.netdev_unregister_timeout_secs=140 dummy_hcd.num=32 max_loop=32 nbds_max=32 comedi.comedi
[    1.785660][    T0] Unknown kernel command line parameters "nbds_max=32", will be passed to user space.
[    1.864329][    T0] printk: log buffer data + meta data: 262144 + 917504 = 1179648 bytes
[    1.871872][    T0] software IO TLB: area num 4.
[    2.028363][    T0] Fallback order for Node 0: 0 1 
[    2.028547][    T0] Fallback order for Node 1: 1 0 
[    2.028593][    T0] Built 2 zonelists, mobility grouping on.  Total pages: 1048446
[    2.041906][    T0] Policy zone: Normal
[    2.050909][    T0] mem auto-init: stack:off, heap alloc:on, heap free:off
[    2.057084][    T0] stackdepot: allocating hash table via alloc_large_system_hash
[    2.062705][    T0] stackdepot hash table entries: 1048576 (order: 12, 16777216 bytes, linear)
[    2.102804][    T0] stackdepot: allocating space for 8192 stack pools via memblock
[    2.333362][    T0] **********************************************************
[    2.339337][    T0] **   NOTICE NOTICE NOTICE NOTICE NOTICE NOTICE NOTICE   **
[    2.345759][    T0] **                                                      **
[    2.351722][    T0] ** This system shows unhashed kernel memory addresses   **
[    2.357367][    T0] ** via the console, logs, and other interfaces. This    **
[    2.363630][    T0] ** might reduce the security of your system.            **
[    2.369956][    T0] **                                                      **
[    2.375627][    T0] ** If you see this message and you are not debugging    **
[    2.381259][    T0] ** the kernel, report this immediately to your system   **
[    2.386236][    T0] ** administrator!                                       **
[    2.393403][    T0] **                                                      **
[    2.399571][    T0] ** Use hash_pointers=always to force this mode off      **
[    2.404982][    T0] **                                                      **
[    2.410289][    T0] **   NOTICE NOTICE NOTICE NOTICE NOTICE NOTICE NOTICE   **
[    2.415756][    T0] **********************************************************
[    2.423911][    T0] SLUB: HWalign=64, Order=0-3, MinObjects=0, CPUs=4, Nodes=2
[    2.726268][    T0] allocated 83886080 bytes of page_ext
[    2.729651][    T0] Node 0, zone      DMA: page owner found early allocated 0 pages
[    2.752852][    T0] Node 0, zone    DMA32: page owner found early allocated 10987 pages
[    2.758459][    T0] Node 1, zone    DMA32: page owner found early allocated 0 pages
[    2.770700][    T0] Node 1, zone   Normal: page owner found early allocated 9603 pages
[    2.776933][    T0] Kernel/User page tables isolation: enabled
[    2.782995][    T0] Dynamic Preempt: full
[    2.787365][    T0] Running RCU self tests
[    2.790190][    T0] Running RCU synchronous self tests
[    2.793561][    T0] rcu: Preemptible hierarchical RCU implementation.
[    2.798109][    T0] rcu: 	RCU lockdep checking is enabled.
[    2.802276][    T0] rcu: 	RCU restricting CPUs from NR_CPUS=8 to nr_cpu_ids=4.
[    2.808141][    T0] rcu: 	RCU callback double-/use-after-free debug is enabled.
[    2.813040][    T0] rcu: 	RCU debug extended QS entry/exit.
[    2.816503][    T0] 	All grace periods are expedited (rcu_expedited).
[    2.820920][    T0] 	Trampoline variant of Tasks RCU enabled.
[    2.824667][    T0] 	Tracing variant of Tasks RCU enabled.
[    2.828179][    T0] rcu: RCU calculated value of scheduler-enlistment delay is 10 jiffies.
[    2.833726][    T0] rcu: Adjusting geometry for rcu_fanout_leaf=16, nr_cpu_ids=4
[    2.838784][    T0] Running RCU synchronous self tests
[    2.842216][    T0] RCU Tasks: Setting shift to 2 and lim to 1 rcu_task_cb_adjust=1 rcu_task_cpu_ids=4.
[    2.847960][    T0] RCU Tasks Trace: Setting shift to 2 and lim to 1 rcu_task_cb_adjust=1 rcu_task_cpu_ids=4.
[    3.018387][    T0] NR_IRQS: 4352, nr_irqs: 456, preallocated irqs: 16
[    3.023810][    T0] rcu: srcu_init: Setting srcu_struct sizes based on contention.
[    3.029021][    T0] kfence: initialized - using 2097152 bytes for 255 objects at 0xffff888135c00000-0xffff888135e00000
[    3.086941][    T0] Console: colour VGA+ 80x25
[    3.090655][    T0] printk: legacy console [ttyS0] enabled
[    3.090655][    T0] printk: legacy console [ttyS0] enabled
[    3.099303][    T0] printk: legacy bootconsole [earlyser0] disabled
[    3.099303][    T0] printk: legacy bootconsole [earlyser0] disabled
[    3.109101][    T0] Lock dependency validator: Copyright (c) 2006 Red Hat, Inc., Ingo Molnar
[    3.115068][    T0] ... MAX_LOCKDEP_SUBCLASSES:  8
[    3.118601][    T0] ... MAX_LOCK_DEPTH:          48
[    3.122244][    T0] ... MAX_LOCKDEP_KEYS:        8192
[    3.126149][    T0] ... CLASSHASH_SIZE:          4096
[    3.129942][    T0] ... MAX_LOCKDEP_ENTRIES:     1048576
[    3.133605][    T0] ... MAX_LOCKDEP_CHAINS:      1048576
[    3.137081][    T0] ... CHAINHASH_SIZE:          524288
[    3.141094][    T0]  memory used by lock dependency info: 106625 kB
[    3.145381][    T0]  memory used for stack traces: 8320 kB
[    3.149987][    T0]  per task-struct memory footprint: 1920 bytes
[    3.154909][    T0] mempolicy: Enabling automatic NUMA balancing. Configure with numa_balancing= or the kernel.numa_balancing sysctl
[    3.162743][    T0] ACPI: Core revision 20250807
[    3.167559][    T0] clocksource: hpet: mask: 0xffffffff max_cycles: 0xffffffff, max_idle_ns: 19112604467 ns
[    3.176661][    T0] APIC: Switch to symmetric I/O mode setup
[    3.184306][    T0] x2apic enabled
[    3.190932][    T0] APIC: Switched APIC routing to: physical x2apic
[    3.211045][    T0] ..TIMER: vector=0x30 apic1=0 pin1=2 apic2=-1 pin2=-1
[    3.216171][    T0] clocksource: tsc-early: mask: 0xffffffffffffffff max_cycles: 0x2868139ef5d, max_idle_ns: 440795282642 ns
[    3.224153][    T0] Calibrating delay loop (skipped) preset value.. 5606.40 BogoMIPS (lpj=28032040)
[    3.236484][    T0] Last level iTLB entries: 4KB 0, 2MB 0, 4MB 0
[    3.244156][    T0] Last level dTLB entries: 4KB 0, 2MB 0, 4MB 0, 1GB 0
[    3.249558][    T0] mitigations: Enabled attack vectors: user_kernel, user_user, guest_host, guest_guest, SMT mitigations: auto
[    3.254197][    T0] Speculative Store Bypass: Vulnerable
[    3.264149][    T0] Spectre V2 : Mitigation: Retpolines
[    3.267629][    T0] ITS: Mitigation: Aligned branch/return thunks
[    3.271680][    T0] MDS: Vulnerable: Clear CPU buffers attempted, no microcode
[    3.274173][    T0] Spectre V1 : Mitigation: usercopy/swapgs barriers and __user pointer sanitization
[    3.280561][    T0] Spectre V2 : Spectre v2 / SpectreRSB: Filling RSB on context switch and VMEXIT
[    3.284151][    T0] active return thunk: its_return_thunk
[    3.287745][    T0] x86/fpu: x87 FPU will use FXSAVE
[    3.572799][    T0] Freeing SMP alternatives memory: 132K
[    3.574203][    T0] pid_max: default: 32768 minimum: 301
[    3.579508][    T0] LSM: initializing lsm=lockdown,capability,landlock,yama,safesetid,tomoyo,apparmor,bpf,ima,evm
[    3.584696][    T0] landlock: Up and running.
[    3.594143][    T0] Yama: becoming mindful.
[    3.597755][    T0] TOMOYO Linux initialized
[    3.602182][    T0] AppArmor: AppArmor initialized
[    3.606040][    T0] LSM support for eBPF active
[    3.620570][    T0] Dentry cache hash table entries: 524288 (order: 10, 4194304 bytes, vmalloc hugepage)
[    3.628203][    T0] Inode-cache hash table entries: 262144 (order: 9, 2097152 bytes, vmalloc hugepage)
[    3.634527][    T0] Mount-cache hash table entries: 8192 (order: 4, 65536 bytes, vmalloc)
[    3.644495][    T0] Mountpoint-cache hash table entries: 8192 (order: 4, 65536 bytes, vmalloc)
[    3.659150][    T0] Running RCU synchronous self tests
[    3.662642][    T0] Running RCU synchronous self tests
[    3.785719][    T1] smpboot: CPU0: Intel QEMU Virtual CPU version 2.5+ (family: 0xf, model: 0x6b, stepping: 0x1)
[    3.798543][    T1] Performance Events: unsupported Netburst CPU model 107 no PMU driver, software events only.
[    3.804510][    T1] signal: max sigframe size: 1440
[    3.809714][    T1] rcu: Hierarchical SRCU implementation.
[    3.814156][    T1] rcu: 	Max phase no-delay instances is 1000.
[    3.819835][    T1] Timer migration: 2 hierarchy levels; 8 children per group; 1 crossnode level
[    3.884981][    T1] NMI watchdog: Perf NMI watchdog permanently disabled
[    3.891655][    T1] smp: Bringing up secondary CPUs ...
[    3.896275][    T1] smpboot: x86: Booting SMP configuration:
[    3.900392][    T1] .... node  #1, CPUs:      #1
[    3.904353][    T1] .... node  #0, CPUs:   #2
[    3.910710][    T1] .... node  #1, CPUs:   #3
[    3.936139][    T1] smp: Brought up 2 nodes, 4 CPUs
[    3.938288][    T1] smpboot: Total of 4 processors activated (22425.63 BogoMIPS)
[    3.946507][    T1] Memory: 2939924K/4193784K available (168261K kernel code, 41423K rwdata, 40108K rodata, 27048K init, 120456K bss, 1153864K reserved, 0K cma-reserved)
[    3.964969][    T1] devtmpfs: initialized
[    3.966972][    T1] x86/mm: Memory block size: 128MB
[    4.016140][    T1] Running RCU synchronous self tests
[    4.020287][    T1] Running RCU synchronous self tests
[    4.024479][    T1] Running RCU Tasks wait API self tests
[    4.028254][    T1] Running RCU Tasks Trace wait API self tests
[    4.084233][    T1] clocksource: jiffies: mask: 0xffffffff max_cycles: 0xffffffff, max_idle_ns: 19112604462750000 ns
[    4.094641][    T1] posixtimers hash table entries: 2048 (order: 6, 147456 bytes, vmalloc)
[    4.104351][    T1] futex hash table entries: 512 (65536 bytes on 2 NUMA nodes, total 128 KiB, linear).
[    4.113365][    T1] PM: RTC time: 16:40:24, date: 2026-01-09
[    4.152983][    T1] NET: Registered PF_NETLINK/PF_ROUTE protocol family
[    4.164197][   T42] Callback from call_rcu_tasks_trace() invoked.
[    4.169365][    T1] audit: initializing netlink subsys (disabled)
[    4.175057][   T43] audit: type=2000 audit(1767976825.301:1): state=initialized audit_enabled=0 res=1
[    4.178550][    T1] thermal_sys: Registered thermal governor 'step_wise'
[    4.194648][    T1] cpuidle: using governor menu
[    4.199318][    T1] NET: Registered PF_QIPCRTR protocol family
[    4.218688][    T1] dca service started, version 1.12.1
[    4.223639][    T1] PCI: Using configuration type 1 for base access
[    4.244597][   T41] Callback from call_rcu_tasks() invoked.
[    4.256681][    T1] HugeTLB: registered 2.00 MiB page size, pre-allocated 0 pages
[    4.264168][    T1] HugeTLB: 28 KiB vmemmap can be freed for a 2.00 MiB page
[    4.286301][    T1] raid6: skipped pq benchmark and selected sse2x4
[    4.290985][    T1] raid6: using intx1 recovery algorithm
[    4.297290][    T1] ACPI: Added _OSI(Module Device)
[    4.301884][    T1] ACPI: Added _OSI(Processor Device)
[    4.314176][    T1] ACPI: Added _OSI(Processor Aggregator Device)
[    4.402060][    T1] ACPI: 1 ACPI AML tables successfully acquired and loaded
[    4.441117][    T1] ACPI: Interpreter enabled
[    4.444687][    T1] ACPI: PM: (supports S0 S3 S4 S5)
[    4.448526][    T1] ACPI: Using IOAPIC for interrupt routing
[    4.453858][    T1] PCI: Using host bridge windows from ACPI; if necessary, use "pci=nocrs" and report a bug
[    4.468915][    T1] PCI: Using E820 reservations for host bridge windows
[    4.485279][    T1] ACPI: Enabled 2 GPEs in block 00 to 0F
[    4.723430][    T1] ACPI: PCI Root Bridge [PCI0] (domain 0000 [bus 00-ff])
[    4.724278][    T1] acpi PNP0A03:00: _OSC: OS supports [ASPM ClockPM Segments MSI HPX-Type3]
[    4.734173][    T1] acpi PNP0A03:00: _OSC: not requesting OS control; OS requires [ExtendedConfig ASPM ClockPM MSI]
[    4.744406][    T1] acpi PNP0A03:00: fail to add MMCONFIG information, can't access extended configuration space under this bridge
[    4.758819][    T1] PCI host bridge to bus 0000:00
[    4.763494][    T1] pci_bus 0000:00: Unknown NUMA node; performance will be reduced
[    4.764579][    T1] pci_bus 0000:00: root bus resource [io  0x0000-0x0cf7 window]
[    4.774224][    T1] pci_bus 0000:00: root bus resource [io  0x0d00-0xffff window]
[    4.784210][    T1] pci_bus 0000:00: root bus resource [mem 0x000a0000-0x000bffff window]
[    4.792972][    T1] pci_bus 0000:00: root bus resource [mem 0xc0000000-0xfebfffff window]
[    4.794188][    T1] pci_bus 0000:00: root bus resource [mem 0x140000000-0x1bfffffff window]
[    4.804205][    T1] pci_bus 0000:00: root bus resource [bus 00-ff]
[    4.810583][    T1] pci 0000:00:00.0: [8086:1237] type 00 class 0x060000 conventional PCI endpoint
[    4.834797][    T1] pci 0000:00:01.0: [8086:7000] type 00 class 0x060100 conventional PCI endpoint
[    4.847534][    T1] pci 0000:00:01.1: [8086:7010] type 00 class 0x010180 conventional PCI endpoint
[    4.858189][    T1] pci 0000:00:01.1: BAR 4 [io  0xc0a0-0xc0af]
[    4.864649][    T1] pci 0000:00:01.1: BAR 0 [io  0x01f0-0x01f7]: legacy IDE quirk
[    4.870234][    T1] pci 0000:00:01.1: BAR 1 [io  0x03f6]: legacy IDE quirk
[    4.874154][    T1] pci 0000:00:01.1: BAR 2 [io  0x0170-0x0177]: legacy IDE quirk
[    4.884218][    T1] pci 0000:00:01.1: BAR 3 [io  0x0376]: legacy IDE quirk
[    4.899835][    T1] pci 0000:00:01.3: [8086:7113] type 00 class 0x068000 conventional PCI endpoint
[    4.915642][    T1] pci 0000:00:01.3: quirk: [io  0x0600-0x063f] claimed by PIIX4 ACPI
[    4.924235][    T1] pci 0000:00:01.3: quirk: [io  0x0700-0x070f] claimed by PIIX4 SMB
[    4.937781][    T1] pci 0000:00:02.0: [1234:1111] type 00 class 0x030000 conventional PCI endpoint
[    4.959439][    T1] pci 0000:00:02.0: BAR 0 [mem 0xfd000000-0xfdffffff pref]
[    4.974439][    T1] pci 0000:00:02.0: BAR 2 [mem 0xfebc0000-0xfebc0fff]
[    4.979380][    T1] pci 0000:00:02.0: ROM [mem 0xfeba0000-0xfebaffff pref]
[    4.989794][    T1] pci 0000:00:02.0: Video device with shadowed ROM at [mem 0x000c0000-0x000dffff]
[    5.023542][    T1] pci 0000:00:03.0: [1af4:1005] type 00 class 0x00ff00 conventional PCI endpoint
[    5.037793][    T1] pci 0000:00:03.0: BAR 0 [io  0xc080-0xc09f]
[    5.044230][    T1] pci 0000:00:03.0: BAR 1 [mem 0xfebc1000-0xfebc1fff]
[    5.050991][    T1] pci 0000:00:03.0: BAR 4 [mem 0xfe000000-0xfe003fff 64bit pref]
[    5.176351][    T1] pci 0000:00:04.0: [1af4:1009] type 00 class 0x000200 conventional PCI endpoint
[    5.194239][    T1] pci 0000:00:04.0: BAR 0 [io  0xc000-0xc03f]
[    5.200166][    T1] pci 0000:00:04.0: BAR 1 [mem 0xfebc2000-0xfebc2fff]
[    5.204428][    T1] pci 0000:00:04.0: BAR 4 [mem 0xfe004000-0xfe007fff 64bit pref]
[    5.287281][    T1] pci 0000:00:05.0: [8086:2652] type 00 class 0x010600 conventional PCI endpoint
[    5.298070][    T1] pci 0000:00:05.0: BAR 5 [mem 0xfebb0000-0xfebbffff]
[    5.383576][    T1] pci 0000:00:06.0: [8086:100e] type 00 class 0x020000 conventional PCI endpoint
[    5.399174][    T1] pci 0000:00:06.0: BAR 0 [mem 0xfeb80000-0xfeb9ffff]
[    5.400004][    T1] pci 0000:00:06.0: BAR 1 [io  0xc040-0xc07f]
[    5.404454][    T1] pci 0000:00:06.0: ROM [mem 0xfeb40000-0xfeb7ffff pref]
[    5.534466][    T1] ACPI: PCI: Interrupt link LNKA configured for IRQ 10
[    5.549544][    T1] ACPI: PCI: Interrupt link LNKB configured for IRQ 10
[    5.561352][    T1] ACPI: PCI: Interrupt link LNKC configured for IRQ 11
[    5.578734][    T1] ACPI: PCI: Interrupt link LNKD configured for IRQ 11
[    5.583354][    T1] ACPI: PCI: Interrupt link LNKS configured for IRQ 9
[    5.644329][    T1] iommu: Default domain type: Translated
[    5.654183][    T1] iommu: DMA domain TLB invalidation policy: lazy mode
[    5.734616][    T1] SCSI subsystem initialized
[    5.745020][    T1] ACPI: bus type USB registered
[    5.751165][    T1] usbcore: registered new interface driver usbfs
[    5.755656][    T1] usbcore: registered new interface driver hub
[    5.760252][    T1] usbcore: registered new device driver usb
[    5.767638][    T1] mc: Linux media interface: v0.10
[    5.774466][    T1] videodev: Linux video capture interface: v2.00
[    5.785481][    T1] pps_core: LinuxPPS API ver. 1 registered
[    5.789519][    T1] pps_core: Software ver. 5.3.6 - Copyright 2005-2007 Rodolfo Giometti <giometti@linux.it>
[    5.794633][    T1] PTP clock support registered
[    5.805170][    T1] EDAC MC: Ver: 3.0.0
[    5.818378][    T1] Advanced Linux Sound Architecture Driver Initialized.
[    5.862160][    T1] Bluetooth: Core ver 2.22
[    5.865547][    T1] NET: Registered PF_BLUETOOTH protocol family
[    5.874274][    T1] Bluetooth: HCI device and connection manager initialized
[    5.883106][    T1] Bluetooth: HCI socket layer initialized
[    5.894292][    T1] Bluetooth: L2CAP socket layer initialized
[    5.900453][    T1] Bluetooth: SCO socket layer initialized
[    5.901032][    T1] NET: Registered PF_ATMPVC protocol family
[    5.914238][    T1] NET: Registered PF_ATMSVC protocol family
[    5.920011][    T1] NetLabel: Initializing
[    5.920011][    T1] NetLabel:  domain hash size = 128
[    5.924161][    T1] NetLabel:  protocols = UNLABELED CIPSOv4 CALIPSO
[    5.931067][    T1] NetLabel:  unlabeled traffic allowed by default
[    5.955294][    T1] nfc: nfc_init: NFC Core ver 0.1
[    5.964146][    T1] NET: Registered PF_NFC protocol family
[    5.964771][    T1] mctp: management component transport protocol core
[    5.980033][    T1] NET: Registered PF_MCTP protocol family
[    5.985618][    T1] PCI: Using ACPI for IRQ routing
[    5.994633][    T1] pci 0000:00:02.0: vgaarb: setting as boot VGA device
[    6.000245][    T1] pci 0000:00:02.0: vgaarb: bridge control possible
[    6.004133][    T1] pci 0000:00:02.0: vgaarb: VGA device added: decodes=io+mem,owns=io+mem,locks=none
[    6.014177][    T1] vgaarb: loaded
[    6.030002][    T1] hpet: 3 channels of 0 reserved for per-cpu timers
[    6.034414][    T1] hpet0: at MMIO 0xfed00000, IRQs 2, 8, 0
[    6.038543][    T1] hpet0: 3 comparators, 64-bit 100.000000 MHz counter
[    6.054151][    T1] clocksource: Switched to clocksource kvm-clock
[    6.099820][    T1] VFS: Disk quotas dquot_6.6.0
[    6.104654][    T1] VFS: Dquot-cache hash table entries: 512 (order 0, 4096 bytes)
[    6.121109][    T1] netfs: FS-Cache loaded
[    6.129016][    T1] CacheFiles: Loaded
[    6.140527][    T1] TOMOYO: 2.6.0
[    6.146428][    T1] Mandatory Access Control activated.
[    6.172794][    T1] AppArmor: AppArmor Filesystem Enabled
[    6.182022][    T1] pnp: PnP ACPI init
[    6.217692][    T1] pnp: PnP ACPI: found 6 devices
[    6.357136][    T1] clocksource: acpi_pm: mask: 0xffffff max_cycles: 0xffffff, max_idle_ns: 2085701024 ns
[    6.366206][    T1] NET: Registered PF_INET protocol family
[    6.375814][    T1] IP idents hash table entries: 65536 (order: 7, 524288 bytes, vmalloc)
[    6.395379][    T1] tcp_listen_portaddr_hash hash table entries: 2048 (order: 6, 147456 bytes, vmalloc)
[    6.407237][    T1] Table-perturb hash table entries: 65536 (order: 6, 262144 bytes, vmalloc)
[    6.415424][    T1] TCP established hash table entries: 32768 (order: 6, 262144 bytes, vmalloc)
[    6.448742][    T1] TCP bind hash table entries: 32768 (order: 11, 4718592 bytes, vmalloc hugepage)
[    6.458830][    T1] TCP: Hash tables configured (established 32768 bind 32768)
[    6.478740][    T1] MPTCP token hash table entries: 4096 (order: 7, 360448 bytes, vmalloc)
[    6.508118][    T1] UDP hash table entries: 2048 (order: 7, 524288 bytes, vmalloc)
[    6.520326][    T1] UDP-Lite hash table entries: 2048 (order: 7, 524288 bytes, vmalloc)
[    6.531444][    T1] NET: Registered PF_UNIX/PF_LOCAL protocol family
[    6.553160][    T1] RPC: Registered named UNIX socket transport module.
[    6.559532][    T1] RPC: Registered udp transport module.
[    6.564805][    T1] RPC: Registered tcp transport module.
[    6.568835][    T1] RPC: Registered tcp-with-tls transport module.
[    6.574430][    T1] RPC: Registered tcp NFSv4.1 backchannel transport module.
[    6.585689][    T1] NET: Registered PF_XDP protocol family
[    6.591207][    T1] pci_bus 0000:00: resource 4 [io  0x0000-0x0cf7 window]
[    6.599226][    T1] pci_bus 0000:00: resource 5 [io  0x0d00-0xffff window]
[    6.606435][    T1] pci_bus 0000:00: resource 6 [mem 0x000a0000-0x000bffff window]
[    6.615109][    T1] pci_bus 0000:00: resource 7 [mem 0xc0000000-0xfebfffff window]
[    6.622781][    T1] pci_bus 0000:00: resource 8 [mem 0x140000000-0x1bfffffff window]
[    6.635851][    T1] pci 0000:00:01.0: PIIX3: Enabling Passive Release
[    6.640946][    T1] pci 0000:00:00.0: Limiting direct PCI/PCI transfers
[    6.647371][    T1] PCI: CLS 0 bytes, default 64
[    6.659180][    T1] PCI-DMA: Using software bounce buffering for IO (SWIOTLB)
[    6.676808][    T1] software IO TLB: mapped [mem 0x00000000bbfe0000-0x00000000bffe0000] (64MB)
[    6.688436][    T1] ACPI: bus type thunderbolt registered
[    6.705258][   T80] kworker/u17:1 (80) used greatest stack depth: 27432 bytes left
[    6.709843][    T1] kvm_intel: VMX not supported by CPU 1
[    6.721441][    T1] kvm_amd: CPU 1 isn't AMD or Hygon
[    6.724477][    T1] clocksource: tsc: mask: 0xffffffffffffffff max_cycles: 0x2868139ef5d, max_idle_ns: 440795282642 ns
[    6.760191][    T1] twofish-x86_64-3way: performance on this CPU would be suboptimal: disabling twofish-x86_64-3way.
[    6.769327][    T1] CPU feature 'AVX registers' is not supported.
[    6.772688][    T1] CPU feature 'AVX registers' is not supported.
[    6.777510][    T1] AVX2 instructions are not detected.
[    6.782569][    T1] des3_ede-x86_64: performance on this CPU would be suboptimal: disabling des3_ede-x86_64.
[    6.790824][    T1] camellia-x86_64: performance on this CPU would be suboptimal: disabling camellia-x86_64.
[    6.799600][    T1] AVX or AES-NI instructions are not detected.
[    6.804141][    T1] AVX2 or AES-NI instructions are not detected.
[    6.811897][    T1] blowfish-x86_64: performance on this CPU would be suboptimal: disabling blowfish-x86_64.
[    6.822243][    T1] CPU feature 'AVX registers' is not supported.
[    6.827854][    T1] CPU feature 'AVX registers' is not supported.
[    6.833481][    T1] sm3_avx_x86_64: AVX instruction are not detected.
[    6.839204][    T1] AVX or AES-NI instructions are not detected.
[    6.845214][    T1] AVX2 or AES-NI instructions are not detected.
[    6.851237][    T1] AVX or AES-NI instructions are not detected.
[    9.899489][    T1] Initialise system trusted keyrings
[    9.923686][    T1] workingset: timestamp_bits=40 max_order=20 bucket_order=0
[    9.964633][    T1] DLM installed
[    9.982772][    T1] squashfs: version 4.0 (2009/01/31) Phillip Lougher
[   10.006932][    T1] NFS: Registering the id_resolver key type
[   10.012248][    T1] Key type id_resolver registered
[   10.016889][    T1] Key type id_legacy registered
[   10.022794][    T1] nfs4filelayout_init: NFSv4 File Layout Driver Registering...
[   10.029739][    T1] nfs4flexfilelayout_init: NFSv4 Flexfile Layout Driver Registering...
[   10.057372][    T1] Key type cifs.spnego registered
[   10.063630][    T1] Key type cifs.idmap registered
[   10.072848][    T1] ntfs3: Enabled Linux POSIX ACLs support
[   10.077784][    T1] ntfs3: Read-only LZX/Xpress compression included
[   10.082931][    T1] efs: 1.0a - http://aeschi.ch.eu.org/efs/
[   10.088141][    T1] jffs2: version 2.2. (NAND) (SUMMARY)  © 2001-2006 Red Hat, Inc.
[   10.098468][    T1] romfs: ROMFS MTD (C) 2007 Red Hat, Inc.
[   10.103612][    T1] QNX4 filesystem 0.2.3 registered.
[   10.108101][    T1] qnx6: QNX6 filesystem 1.0.0 registered.
[   10.114373][    T1] fuse: init (API version 7.45)
[   10.123357][    T1] orangefs_debugfs_init: called with debug mask: :none: :0:
[   10.130660][    T1] orangefs_init: module version upstream loaded
[   10.135664][    T1] JFS: nTxBlock = 8192, nTxLock = 65536
[   10.188146][    T1] SGI XFS with ACLs, security attributes, realtime, quota, no debug enabled
[   10.203177][    T1] 9p: Installing v9fs 9p2000 file system support
[   10.210737][    T1] NILFS version 2 loaded
[   10.214234][    T1] befs: version: 0.9.3
[   10.218633][    T1] ocfs2: Registered cluster interface o2cb
[   10.224327][    T1] ocfs2: Registered cluster interface user
[   10.230307][    T1] OCFS2 User DLM kernel interface loaded
[   10.252587][    T1] gfs2: GFS2 installed
[   10.275014][    T1] ceph: loaded (mds proto 32)
[   10.300240][    T1] cryptd: max_cpu_qlen set to 1000
[   10.339411][    T1] NET: Registered PF_ALG protocol family
[   10.344578][    T1] xor: measuring software checksum speed
[   10.349948][    T1]    prefetch64-sse  :  6469 MB/sec
[   10.354896][    T1]    generic_sse     :  6675 MB/sec
[   10.359646][    T1] xor: using function: generic_sse (6675 MB/sec)
[   10.365968][    T1] async_tx: api initialized (async)
[   10.370864][    T1] Key type asymmetric registered
[   10.374708][    T1] Asymmetric key parser 'x509' registered
[   10.379861][    T1] Asymmetric key parser 'pkcs8' registered
[   10.384406][    T1] Key type pkcs7_test registered
[   10.390109][    T1] Block layer SCSI generic (bsg) driver version 0.4 loaded (major 239)
[   10.399451][    T1] io scheduler mq-deadline registered
[   10.404272][    T1] io scheduler kyber registered
[   10.408847][    T1] io scheduler bfq registered
[   10.435262][    T1] input: Power Button as /devices/LNXSYSTM:00/LNXPWRBN:00/input/input0
[   10.447892][    T1] ACPI: button: Power Button [PWRF]
[   10.473359][    T1] ioatdma: Intel(R) QuickData Technology Driver 5.00
[   14.992565][    T1] ACPI: \_SB_.LNKC: Enabled at IRQ 11
[   19.159265][    T1] ACPI: \_SB_.LNKD: Enabled at IRQ 10
[   19.242497][  T297] kworker/u17:4 (297) used greatest stack depth: 27416 bytes left
[   19.707428][    T1] N_HDLC line discipline registered with maxframe=4096
[   19.712681][    T1] Serial: 8250/16550 driver, 4 ports, IRQ sharing enabled
[   19.723021][    T1] 00:04: ttyS0 at I/O 0x3f8 (irq = 4, base_baud = 115200) is a 16550A
[   19.760381][    T1] Non-volatile memory driver v1.3
[   19.777857][  T780] random: crng init done
[   19.781518][    T1] Linux agpgart interface v0.103
[   19.797693][    T1] usbcore: registered new interface driver xillyusb
[   19.812504][    T1] ACPI: bus type drm_connector registered
[   19.850882][    T1] [drm] Initialized vgem 1.0.0 for vgem on minor 0
[   19.874313][    T1] [drm] Initialized vkms 1.0.0 for vkms on minor 1
[   19.973908][    T1] Console: switching to colour frame buffer device 128x48
[   19.994461][    T1] faux_driver vkms: [drm] fb0: vkmsdrmfb frame buffer device
[   19.998853][    T1] usbcore: registered new interface driver udl
[   20.005982][    T1] bochs-drm 0000:00:02.0: vgaarb: deactivate vga console
[   20.028187][    T1] [drm] Found bochs VGA, ID 0xb0c5.
[   20.032659][    T1] [drm] Framebuffer size 16384 kB @ 0xfd000000, mmio @ 0xfebc0000.
[   20.049585][    T1] [drm] Initialized bochs-drm 1.0.0 for 0000:00:02.0 on minor 2
[   20.119790][    T1] fbcon: bochs-drmdrmfb (fb1) is primary device
[   20.119823][    T1] fbcon: Remapping primary device, fb1, to tty 1-63
[   20.959382][    T1] bochs-drm 0000:00:02.0: [drm] fb1: bochs-drmdrmfb frame buffer device
[   20.968588][    T1] usbcore: registered new interface driver gm12u320
[   20.974182][    T1] usbcore: registered new interface driver gud
[   21.077661][    T1] brd: module loaded
[   21.359843][    T1] loop: module loaded
[   21.636336][    T1] zram: Added device: zram0
[   21.659721][    T1] null_blk: disk nullb0 created
[   21.664548][    T1] null_blk: module loaded
[   21.670322][    T1] Guest personality initialized and is inactive
[   21.676841][    T1] VMCI host device registered (name=vmci, major=10, minor=266)
[   21.681026][    T1] Initialized host personality
[   21.684807][    T1] usbcore: registered new interface driver rtsx_usb
[   21.691271][    T1] usbcore: registered new interface driver viperboard
[   21.697845][    T1] usbcore: registered new interface driver dln2
[   21.703455][    T1] usbcore: registered new interface driver pn533_usb
[   21.714413][    T1] nfcsim 0.2 initialized
[   21.717622][    T1] usbcore: registered new interface driver port100
[   21.722263][    T1] usbcore: registered new interface driver nfcmrvl
[   21.733644][    T1] Loading iSCSI transport class v2.0-870.
[   21.743898][    T1] st: Version 20160209, fixed bufsize 32768, s/g segs 256
[   26.160526][    T1] ACPI: \_SB_.LNKA: Enabled at IRQ 10
[   26.195121][    T1] ahci 0000:00:05.0: SSS flag set, parallel bus scan disabled
[   26.213292][    T1] ahci 0000:00:05.0: AHCI vers 0103.0000, 1 command slots, ? Gbps, SATA mode
[   26.220390][    T1] ahci 0000:00:05.0: 32/32 ports implemented (port mask 0xffffffff)
[   26.226509][    T1] ahci 0000:00:05.0: flags: 64bit ncq stag only 
[   26.385328][    T1] scsi host0: ahci
[   26.398523][    T1] scsi host1: ahci
[   26.407333][    T1] scsi host2: ahci
[   26.421913][    T1] scsi host3: ahci
[   26.436657][    T1] scsi host4: ahci
[   26.444633][    T1] scsi host5: ahci
[   26.458833][    T1] scsi host6: ahci
[   26.475059][    T1] scsi host7: ahci
[   26.488583][    T1] scsi host8: ahci
[   26.497376][    T1] scsi host9: ahci
[   26.505562][    T1] scsi host10: ahci
[   26.513980][    T1] scsi host11: ahci
[   26.523569][    T1] scsi host12: ahci
[   26.531828][    T1] scsi host13: ahci
[   26.538869][    T1] scsi host14: ahci
[   26.544695][    T1] scsi host15: ahci
[   26.551290][    T1] scsi host16: ahci
[   26.558318][    T1] scsi host17: ahci
[   26.567676][    T1] scsi host18: ahci
[   26.575870][    T1] scsi host19: ahci
[   26.585236][    T1] scsi host20: ahci
[   26.593778][    T1] scsi host21: ahci
[   26.604642][    T1] scsi host22: ahci
[   26.618881][    T1] scsi host23: ahci
[   26.628565][    T1] scsi host24: ahci
[   26.641107][    T1] scsi host25: ahci
[   26.650973][    T1] scsi host26: ahci
[   26.661160][    T1] scsi host27: ahci
[   26.670794][    T1] scsi host28: ahci
[   26.678346][    T1] scsi host29: ahci
[   26.685678][    T1] scsi host30: ahci
[   26.693192][    T1] scsi host31: ahci
[   26.700257][    T1] ata1: SATA max UDMA/133 abar m65536@0xfebb0000 port 0xfebb0100 irq 26 lpm-pol 1
[   26.707608][    T1] ata2: SATA max UDMA/133 abar m65536@0xfebb0000 port 0xfebb0180 irq 27 lpm-pol 1
[   26.714322][    T1] ata3: SATA max UDMA/133 abar m65536@0xfebb0000 port 0xfebb0200 irq 28 lpm-pol 1
[   26.722349][    T1] ata4: SATA max UDMA/133 abar m65536@0xfebb0000 port 0xfebb0280 irq 29 lpm-pol 1
[   26.728889][    T1] ata5: SATA max UDMA/133 abar m65536@0xfebb0000 port 0xfebb0300 irq 30 lpm-pol 1
[   26.736326][    T1] ata6: SATA max UDMA/133 abar m65536@0xfebb0000 port 0xfebb0380 irq 31 lpm-pol 1
[   26.744108][    T1] ata7: SATA max UDMA/133 abar m65536@0xfebb0000 port 0xfebb0400 irq 32 lpm-pol 1
[   26.750945][    T1] ata8: SATA max UDMA/133 abar m65536@0xfebb0000 port 0xfebb0480 irq 33 lpm-pol 1
[   26.756417][    T1] ata9: SATA max UDMA/133 abar m65536@0xfebb0000 port 0xfebb0500 irq 34 lpm-pol 1
[   26.762759][    T1] ata10: SATA max UDMA/133 abar m65536@0xfebb0000 port 0xfebb0580 irq 35 lpm-pol 1
[   26.771172][    T1] ata11: SATA max UDMA/133 abar m65536@0xfebb0000 port 0xfebb0600 irq 36 lpm-pol 1
[   26.778180][    T1] ata12: SATA max UDMA/133 abar m65536@0xfebb0000 port 0xfebb0680 irq 37 lpm-pol 1
[   26.784469][    T1] ata13: SATA max UDMA/133 abar m65536@0xfebb0000 port 0xfebb0700 irq 38 lpm-pol 1
[   26.790601][    T1] ata14: SATA max UDMA/133 abar m65536@0xfebb0000 port 0xfebb0780 irq 39 lpm-pol 1
[   26.797282][    T1] ata15: SATA max UDMA/133 abar m65536@0xfebb0000 port 0xfebb0800 irq 40 lpm-pol 1
[   26.804289][    T1] ata16: SATA max UDMA/133 abar m65536@0xfebb0000 port 0xfebb0880 irq 41 lpm-pol 1
[   26.810003][    T1] ata17: SATA max UDMA/133 abar m65536@0xfebb0000 port 0xfebb0900 irq 42 lpm-pol 1
[   26.815986][    T1] ata18: SATA max UDMA/133 abar m65536@0xfebb0000 port 0xfebb0980 irq 43 lpm-pol 1
[   26.822522][    T1] ata19: SATA max UDMA/133 abar m65536@0xfebb0000 port 0xfebb0a00 irq 44 lpm-pol 1
[   26.828674][    T1] ata20: SATA max UDMA/133 abar m65536@0xfebb0000 port 0xfebb0a80 irq 45 lpm-pol 1
[   26.836067][    T1] ata21: SATA max UDMA/133 abar m65536@0xfebb0000 port 0xfebb0b00 irq 46 lpm-pol 1
[   26.843198][    T1] ata22: SATA max UDMA/133 abar m65536@0xfebb0000 port 0xfebb0b80 irq 47 lpm-pol 1
[   26.851288][    T1] ata23: SATA max UDMA/133 abar m65536@0xfebb0000 port 0xfebb0c00 irq 48 lpm-pol 1
[   26.857891][    T1] ata24: SATA max UDMA/133 abar m65536@0xfebb0000 port 0xfebb0c80 irq 49 lpm-pol 1
[   26.866628][    T1] ata25: SATA max UDMA/133 abar m65536@0xfebb0000 port 0xfebb0d00 irq 50 lpm-pol 1
[   26.873428][    T1] ata26: SATA max UDMA/133 abar m65536@0xfebb0000 port 0xfebb0d80 irq 51 lpm-pol 1
[   26.881940][    T1] ata27: SATA max UDMA/133 abar m65536@0xfebb0000 port 0xfebb0e00 irq 52 lpm-pol 1
[   26.890097][    T1] ata28: SATA max UDMA/133 abar m65536@0xfebb0000 port 0xfebb0e80 irq 53 lpm-pol 1
[   26.897947][    T1] ata29: SATA max UDMA/133 abar m65536@0xfebb0000 port 0xfebb0f00 irq 54 lpm-pol 1
[   26.906590][    T1] ata30: SATA max UDMA/133 abar m65536@0xfebb0000 port 0xfebb0f80 irq 55 lpm-pol 1
[   26.916028][    T1] ata31: SATA max UDMA/133 abar m65536@0xfebb0000 port 0xfebb1000 irq 56 lpm-pol 1
[   26.923129][    T1] ata32: SATA max UDMA/133 abar m65536@0xfebb0000 port 0xfebb1080 irq 57 lpm-pol 1
[   26.950502][    T1] scsi host32: ata_piix
[   26.957935][    T1] scsi host33: ata_piix
[   26.963418][    T1] ata33: PATA max MWDMA2 cmd 0x1f0 ctl 0x3f6 bmdma 0xc0a0 irq 14 lpm-pol 0
[   26.969211][    T1] ata34: PATA max MWDMA2 cmd 0x170 ctl 0x376 bmdma 0xc0a8 irq 15 lpm-pol 0
[   26.997238][    T1] Rounding down aligned max_sectors from 4294967295 to 4294967288
[   27.007495][    T1] db_root: cannot open: /etc/target
[   27.017647][    T1] slram: not enough parameters.
[   27.041244][    T1] ftl_cs: FTL header not found.
[   27.104925][    T1] wireguard: WireGuard 1.0.0 loaded. See www.wireguard.com for information.
[   27.112815][    T1] wireguard: Copyright (C) 2015-2019 Jason A. Donenfeld <Jason@zx2c4.com>. All Rights Reserved.
[   27.121639][    T1] eql: Equalizer2002: Simon Janes (simon@ncm.com) and David S. Miller (davem@redhat.com)
[   27.137546][ T1346] ata33: found unknown device (class 0)
[   27.142126][    T1] MACsec IEEE 802.1AE
[   27.159122][ T1354] ata34: found unknown device (class 0)
[   27.166115][ T1346] ata33.00: ATA-7: QEMU HARDDISK, 2.5+, max UDMA/100
[   27.172916][ T1346] ata33.00: 536870912 sectors, multi 16: LBA48 
[   27.178685][    T1] usbcore: registered new interface driver mvusb_mdio
[   27.183311][ T1354] ata34.00: ATAPI: QEMU DVD-ROM, 2.5+, max UDMA/100
[   27.189291][    T1] tun: Universal TUN/TAP device driver, 1.6
[   27.201037][    T1] vcan: Virtual CAN interface driver
[   27.204929][    T1] vxcan: Virtual CAN Tunnel driver
[   27.209107][    T1] slcan: serial line CAN interface driver
[   27.215224][    T1] CAN device driver interface
[   27.220453][    T1] usbcore: registered new interface driver usb_8dev
[   27.227005][    T1] usbcore: registered new interface driver ems_usb
[   27.233687][    T1] usbcore: registered new interface driver esd_usb
[   27.243026][    T1] usbcore: registered new interface driver etas_es58x
[   27.248404][    T1] usbcore: registered new interface driver f81604
[   27.253267][ T1166] ata1: found unknown device (class 0)
[   27.254369][    T1] usbcore: registered new interface driver gs_usb
[   27.260975][ T1166] ata1: SATA link up 3.0 Gbps (SStatus 123 SControl 300)
[   27.266248][    T1] usbcore: registered new interface driver kvaser_usb
[   27.272154][ T1166] ata1: link online but 1 devices misclassified, retrying
[   27.279131][    T1] usbcore: registered new interface driver mcba_usb
[   27.285828][ T1166] ata1: reset failed (errno=-11), retrying in 10 secs
[   27.291685][    T1] usbcore: registered new interface driver peak_usb
[   27.304183][    T1] usbcore: registered new interface driver ucan
[   27.309791][    T1] e100: Intel(R) PRO/100 Network Driver
[   27.314037][    T1] e100: Copyright(c) 1999-2006 Intel Corporation
[   27.320163][    T1] e1000: Intel(R) PRO/1000 Network Driver
[   27.324179][    T1] e1000: Copyright (c) 1999-2006 Intel Corporation.
[   31.774014][    T1] ACPI: \_SB_.LNKB: Enabled at IRQ 11
[   32.502938][    T1] e1000 0000:00:06.0 eth0: (PCI:33MHz:32-bit) 52:54:00:12:34:56
[   32.507528][    T1] e1000 0000:00:06.0 eth0: Intel(R) PRO/1000 Network Connection
[   32.514314][    T1] e1000e: Intel(R) PRO/1000 Network Driver
[   32.517895][    T1] e1000e: Copyright(c) 1999 - 2015 Intel Corporation.
[   32.524252][    T1] mkiss: AX.25 Multikiss, Hans Albas PE1AYX
[   32.529224][    T1] AX.25: bpqether driver version 004
[   32.533206][    T1] PPP generic driver version 2.4.2
[   32.540430][    T1] PPP BSD Compression module registered
[   32.547060][    T1] PPP Deflate Compression module registered
[   32.550550][    T1] PPP MPPE Compression module registered
[   32.554715][    T1] NET: Registered PF_PPPOX protocol family
[   32.558340][    T1] PPTP driver version 0.8.5
[   32.562850][    T1] SLIP: version 0.8.4-NET3.019-NEWTTY (dynamic channels, max=256) (6 bit encapsulation enabled).
[   32.570077][    T1] CSLIP: code copyright 1989 Regents of the University of California.
[   32.576137][    T1] SLIP linefill/keepalive option.
[   32.579307][    T1] hdlc: HDLC support module revision 1.22
[   32.583744][    T1] LAPB Ethernet driver version 0.02
[   32.589444][    T1] usbcore: registered new interface driver ath9k_htc
[   32.595199][    T1] usbcore: registered new interface driver carl9170
[   32.600564][    T1] usbcore: registered new interface driver ath6kl_usb
[   32.606270][    T1] usbcore: registered new interface driver ar5523
[   32.612594][    T1] usbcore: registered new interface driver ath10k_usb
[   32.618021][    T1] usbcore: registered new interface driver plfxlc
[   32.623304][    T1] mac80211_hwsim: initializing netlink
[   32.671031][    T1] usbcore: registered new interface driver atusb
[   32.699103][    T1] mac802154_hwsim mac802154_hwsim: Added 2 mac802154 hwsim hardware radios
[   32.706400][    T1] VMware vmxnet3 virtual NIC driver - version 1.9.0.0-k-NAPI
[   32.713336][    T1] usbcore: registered new interface driver catc
[   32.718715][    T1] usbcore: registered new interface driver kaweth
[   32.723054][    T1] pegasus: Pegasus/Pegasus II USB Ethernet driver
[   32.728441][    T1] usbcore: registered new interface driver pegasus
[   32.733817][    T1] usbcore: registered new interface driver rtl8150
[   32.738617][    T1] usbcore: registered new device driver r8152-cfgselector
[   32.744825][    T1] usbcore: registered new interface driver r8152
[   32.750098][    T1] usbcore: registered new interface driver hso
[   32.755294][    T1] usbcore: registered new interface driver lan78xx
[   32.760842][    T1] usbcore: registered new interface driver asix
[   32.766180][    T1] usbcore: registered new interface driver ax88179_178a
[   32.772154][    T1] usbcore: registered new interface driver cdc_ether
[   32.777581][    T1] usbcore: registered new interface driver cdc_eem
[   32.782743][    T1] usbcore: registered new interface driver dm9601
[   32.788028][    T1] usbcore: registered new interface driver sr9700
[   32.801847][    T1] usbcore: registered new interface driver CoreChips
[   32.808310][    T1] usbcore: registered new interface driver smsc75xx
[   32.814116][    T1] usbcore: registered new interface driver smsc95xx
[   32.819503][    T1] usbcore: registered new interface driver gl620a
[   32.825918][    T1] usbcore: registered new interface driver net1080
[   32.831104][    T1] usbcore: registered new interface driver plusb
[   32.836591][    T1] usbcore: registered new interface driver rndis_host
[   32.843235][    T1] usbcore: registered new interface driver cdc_subset
[   32.856219][    T1] usbcore: registered new interface driver zaurus
[   32.863328][    T1] usbcore: registered new interface driver MOSCHIP usb-ethernet driver
[   32.871347][    T1] usbcore: registered new interface driver int51x1
[   32.878315][    T1] usbcore: registered new interface driver cdc_phonet
[   32.886093][    T1] usbcore: registered new interface driver kalmia
[   32.893111][    T1] usbcore: registered new interface driver ipheth
[   32.897915][    T1] usbcore: registered new interface driver sierra_net
[   32.902460][    T1] usbcore: registered new interface driver cx82310_eth
[   32.908099][    T1] usbcore: registered new interface driver cdc_ncm
[   32.914340][    T1] usbcore: registered new interface driver huawei_cdc_ncm
[   32.920693][    T1] usbcore: registered new interface driver lg-vl600
[   32.931695][    T1] usbcore: registered new interface driver qmi_wwan
[   32.936945][    T1] usbcore: registered new interface driver cdc_mbim
[   32.942123][    T1] usbcore: registered new interface driver ch9200
[   32.946963][    T1] usbcore: registered new interface driver aqc111
[   32.951893][    T1] usbcore: registered new interface driver r8153_ecm
[   32.964647][    T1] VFIO - User Level meta-driver version: 0.3
[   32.990829][    T1] aoe: AoE v85 initialised.
[   33.024766][    T1] usbcore: registered new interface driver cdc_acm
[   33.031332][    T1] cdc_acm: USB Abstract Control Model driver for USB modems and ISDN adapters
[   33.039151][    T1] usbcore: registered new interface driver usblp
[   33.044573][    T1] usbcore: registered new interface driver cdc_wdm
[   33.053089][    T1] usbcore: registered new interface driver usbtmc
[   33.058714][    T1] usbcore: registered new interface driver uas
[   33.066338][    T1] usbcore: registered new interface driver usb-storage
[   33.070341][    T1] usbcore: registered new interface driver ums-alauda
[   33.074670][    T1] usbcore: registered new interface driver ums-cypress
[   33.083083][    T1] usbcore: registered new interface driver ums-datafab
[   33.088225][    T1] usbcore: registered new interface driver ums_eneub6250
[   33.096351][    T1] usbcore: registered new interface driver ums-freecom
[   33.102065][    T1] usbcore: registered new interface driver ums-isd200
[   33.111924][    T1] usbcore: registered new interface driver ums-jumpshot
[   33.116271][    T1] usbcore: registered new interface driver ums-karma
[   33.120800][    T1] usbcore: registered new interface driver ums-onetouch
[   33.124964][    T1] usbcore: registered new interface driver ums-realtek
[   33.128944][    T1] usbcore: registered new interface driver ums-sddr09
[   33.133894][    T1] usbcore: registered new interface driver ums-sddr55
[   33.138818][    T1] usbcore: registered new interface driver ums-usbat
[   33.143770][    T1] usbcore: registered new interface driver mdc800
[   33.148534][    T1] mdc800: v0.7.5 (30/10/2000):USB Driver for Mustek MDC800 Digital Camera
[   33.154862][    T1] usbcore: registered new interface driver microtekX6
[   33.161774][    T1] usbcore: registered new interface driver usbserial_generic
[   33.173561][    T1] usbserial: USB Serial support registered for generic
[   33.179791][    T1] usbcore: registered new interface driver aircable
[   33.184718][    T1] usbserial: USB Serial support registered for aircable
[   33.190264][    T1] usbcore: registered new interface driver ark3116
[   33.194434][    T1] usbserial: USB Serial support registered for ark3116
[   33.199175][    T1] usbcore: registered new interface driver belkin_sa
[   33.204416][    T1] usbserial: USB Serial support registered for Belkin / Peracom / GoHubs USB Serial Adapter
[   33.214059][    T1] usbcore: registered new interface driver ch341
[   33.222480][    T1] usbserial: USB Serial support registered for ch341-uart
[   33.229428][    T1] usbcore: registered new interface driver cp210x
[   33.234930][    T1] usbserial: USB Serial support registered for cp210x
[   33.240974][    T1] usbcore: registered new interface driver cyberjack
[   33.246212][    T1] usbserial: USB Serial support registered for Reiner SCT Cyberjack USB card reader
[   33.254565][    T1] usbcore: registered new interface driver cypress_m8
[   33.262228][    T1] usbserial: USB Serial support registered for DeLorme Earthmate USB
[   33.269348][    T1] usbserial: USB Serial support registered for HID->COM RS232 Adapter
[   33.277349][    T1] usbserial: USB Serial support registered for Nokia CA-42 V2 Adapter
[   33.283259][    T1] usbcore: registered new interface driver usb_debug
[   33.288468][    T1] usbserial: USB Serial support registered for debug
[   33.292580][    T1] usbserial: USB Serial support registered for xhci_dbc
[   33.297653][    T1] usbcore: registered new interface driver digi_acceleport
[   33.302446][    T1] usbserial: USB Serial support registered for Digi 2 port USB adapter
[   33.307431][    T1] usbserial: USB Serial support registered for Digi 4 port USB adapter
[   33.312879][    T1] usbcore: registered new interface driver io_edgeport
[   33.317393][    T1] usbserial: USB Serial support registered for Edgeport 2 port adapter
[   33.321900][    T1] usbserial: USB Serial support registered for Edgeport 4 port adapter
[   33.326420][    T1] usbserial: USB Serial support registered for Edgeport 8 port adapter
[   33.332665][    T1] usbserial: USB Serial support registered for EPiC device
[   33.336739][    T1] usbcore: registered new interface driver io_ti
[   33.340010][    T1] usbserial: USB Serial support registered for Edgeport TI 1 port adapter
[   33.344882][    T1] usbserial: USB Serial support registered for Edgeport TI 2 port adapter
[   33.349920][    T1] usbcore: registered new interface driver empeg
[   33.354189][    T1] usbserial: USB Serial support registered for empeg
[   33.358276][    T1] usbcore: registered new interface driver f81534a_ctrl
[   33.362844][    T1] usbcore: registered new interface driver f81232
[   33.366658][    T1] usbserial: USB Serial support registered for f81232
[   33.370805][    T1] usbserial: USB Serial support registered for f81534a
[   33.375039][    T1] usbcore: registered new interface driver f81534
[   33.378872][    T1] usbserial: USB Serial support registered for Fintek F81532/F81534
[   33.385297][    T1] usbcore: registered new interface driver ftdi_sio
[   33.391044][    T1] usbserial: USB Serial support registered for FTDI USB Serial Device
[   33.398232][    T1] usbcore: registered new interface driver garmin_gps
[   33.403240][    T1] usbserial: USB Serial support registered for Garmin GPS usb/tty
[   33.409872][    T1] usbcore: registered new interface driver ipaq
[   33.417116][    T1] usbserial: USB Serial support registered for PocketPC PDA
[   33.422618][    T1] usbcore: registered new interface driver ipw
[   33.427612][    T1] usbserial: USB Serial support registered for IPWireless converter
[   33.437553][    T1] usbcore: registered new interface driver ir_usb
[   33.442559][    T1] usbserial: USB Serial support registered for IR Dongle
[   33.449114][    T1] usbcore: registered new interface driver iuu_phoenix
[   33.453957][    T1] usbserial: USB Serial support registered for iuu_phoenix
[   33.460402][    T1] usbcore: registered new interface driver keyspan
[   33.466929][    T1] usbserial: USB Serial support registered for Keyspan - (without firmware)
[   33.473351][    T1] usbserial: USB Serial support registered for Keyspan 1 port adapter
[   33.478837][    T1] usbserial: USB Serial support registered for Keyspan 2 port adapter
[   33.485571][    T1] usbserial: USB Serial support registered for Keyspan 4 port adapter
[   33.493581][    T1] usbcore: registered new interface driver keyspan_pda
[   33.500289][    T1] usbserial: USB Serial support registered for Keyspan PDA
[   33.507982][    T1] usbserial: USB Serial support registered for Keyspan PDA - (prerenumeration)
[   33.515621][    T1] usbcore: registered new interface driver kl5kusb105
[   33.520306][    T1] usbserial: USB Serial support registered for KL5KUSB105D / PalmConnect
[   33.525783][    T1] usbcore: registered new interface driver kobil_sct
[   33.529663][    T1] usbserial: USB Serial support registered for KOBIL USB smart card terminal
[   33.535320][    T1] usbcore: registered new interface driver mct_u232
[   33.540268][    T1] usbserial: USB Serial support registered for MCT U232
[   33.545710][    T1] usbcore: registered new interface driver metro_usb
[   33.550420][    T1] usbserial: USB Serial support registered for Metrologic USB to Serial
[   33.557696][    T1] usbcore: registered new interface driver mos7720
[   33.562471][    T1] usbserial: USB Serial support registered for Moschip 2 port adapter
[   33.572953][    T1] usbcore: registered new interface driver mos7840
[   33.577055][    T1] usbserial: USB Serial support registered for Moschip 7840/7820 USB Serial Driver
[   33.583756][    T1] usbcore: registered new interface driver mxuport
[   33.588745][    T1] usbserial: USB Serial support registered for MOXA UPort
[   33.593786][    T1] usbcore: registered new interface driver navman
[   33.598642][    T1] usbserial: USB Serial support registered for navman
[   33.604044][    T1] usbcore: registered new interface driver omninet
[   33.608832][    T1] usbserial: USB Serial support registered for ZyXEL - omni.net usb
[   33.615326][    T1] usbcore: registered new interface driver opticon
[   33.620621][    T1] usbserial: USB Serial support registered for opticon
[   33.626283][    T1] usbcore: registered new interface driver option
[   33.630941][    T1] usbserial: USB Serial support registered for GSM modem (1-port)
[   33.637073][    T1] usbcore: registered new interface driver oti6858
[   33.642139][    T1] usbserial: USB Serial support registered for oti6858
[   33.647736][    T1] usbcore: registered new interface driver pl2303
[   33.652613][    T1] usbserial: USB Serial support registered for pl2303
[   33.658161][    T1] usbcore: registered new interface driver qcaux
[   33.663439][    T1] usbserial: USB Serial support registered for qcaux
[   33.668925][    T1] usbcore: registered new interface driver qcserial
[   33.674086][    T1] usbserial: USB Serial support registered for Qualcomm USB modem
[   33.680848][    T1] usbcore: registered new interface driver quatech2
[   33.686188][    T1] usbserial: USB Serial support registered for Quatech 2nd gen USB to Serial Driver
[   33.693815][    T1] usbcore: registered new interface driver safe_serial
[   33.700072][    T1] usbserial: USB Serial support registered for safe_serial
[   33.706153][    T1] usbcore: registered new interface driver sierra
[   33.711214][    T1] usbserial: USB Serial support registered for Sierra USB modem
[   33.717910][    T1] usbcore: registered new interface driver usb_serial_simple
[   33.724301][    T1] usbserial: USB Serial support registered for carelink
[   33.730363][    T1] usbserial: USB Serial support registered for flashloader
[   33.735992][    T1] usbserial: USB Serial support registered for funsoft
[   33.740719][    T1] usbserial: USB Serial support registered for google
[   33.745745][    T1] usbserial: USB Serial support registered for hp4x
[   33.750577][    T1] usbserial: USB Serial support registered for kaufmann
[   33.756367][    T1] usbserial: USB Serial support registered for libtransistor
[   33.762060][    T1] usbserial: USB Serial support registered for moto_modem
[   33.768479][    T1] usbserial: USB Serial support registered for motorola_tetra
[   33.773416][    T1] usbserial: USB Serial support registered for nokia
[   33.779095][    T1] usbserial: USB Serial support registered for novatel_gps
[   33.784724][    T1] usbserial: USB Serial support registered for owon
[   33.790511][    T1] usbserial: USB Serial support registered for siemens_mpi
[   33.795934][    T1] usbserial: USB Serial support registered for suunto
[   33.801529][    T1] usbserial: USB Serial support registered for vivopay
[   33.806056][    T1] usbserial: USB Serial support registered for zio
[   33.811313][    T1] usbcore: registered new interface driver spcp8x5
[   33.818685][    T1] usbserial: USB Serial support registered for SPCP8x5
[   33.825989][    T1] usbcore: registered new interface driver ssu100
[   33.832469][    T1] usbserial: USB Serial support registered for Quatech SSU-100 USB to Serial Driver
[   33.841099][    T1] usbcore: registered new interface driver symbolserial
[   33.846384][    T1] usbserial: USB Serial support registered for symbol
[   33.851784][    T1] usbcore: registered new interface driver ti_usb_3410_5052
[   33.856990][    T1] usbserial: USB Serial support registered for TI USB 3410 1 port adapter
[   33.863741][    T1] usbserial: USB Serial support registered for TI USB 5052 2 port adapter
[   33.870344][    T1] usbcore: registered new interface driver upd78f0730
[   33.877178][    T1] usbserial: USB Serial support registered for upd78f0730
[   33.883165][    T1] usbcore: registered new interface driver visor
[   33.888658][    T1] usbserial: USB Serial support registered for Handspring Visor / Palm OS
[   33.895410][    T1] usbserial: USB Serial support registered for Sony Clie 5.0
[   33.909341][    T1] usbserial: USB Serial support registered for Sony Clie 3.5
[   33.915273][    T1] usbcore: registered new interface driver wishbone_serial
[   33.922212][    T1] usbserial: USB Serial support registered for wishbone_serial
[   33.928822][    T1] usbcore: registered new interface driver whiteheat
[   33.936079][    T1] usbserial: USB Serial support registered for Connect Tech - WhiteHEAT - (prerenumeration)
[   33.943503][    T1] usbserial: USB Serial support registered for Connect Tech - WhiteHEAT
[   33.952993][    T1] usbcore: registered new interface driver xr_serial
[   33.960478][    T1] usbserial: USB Serial support registered for xr_serial
[   33.967328][    T1] usbcore: registered new interface driver xsens_mt
[   33.971662][    T1] usbserial: USB Serial support registered for xsens_mt
[   33.977685][    T1] usbcore: registered new interface driver adutux
[   33.982799][    T1] usbcore: registered new interface driver appledisplay
[   33.987795][    T1] usbcore: registered new interface driver cypress_cy7c63
[   33.993154][    T1] usbcore: registered new interface driver cytherm
[   34.000520][    T1] usbcore: registered new interface driver emi26 - firmware loader
[   34.006516][    T1] usbcore: registered new interface driver emi62 - firmware loader
[   34.012654][    T1] usbcore: registered new device driver apple-mfi-fastcharge
[   34.017735][    T1] usbcore: registered new interface driver ljca
[   34.023091][    T1] usbcore: registered new interface driver idmouse
[   34.027725][    T1] usbcore: registered new interface driver iowarrior
[   34.032643][    T1] usbcore: registered new interface driver isight_firmware
[   34.038331][    T1] usbcore: registered new interface driver usblcd
[   34.043285][    T1] usbcore: registered new interface driver ldusb
[   34.049194][    T1] usbcore: registered new interface driver legousbtower
[   34.055067][    T1] usbcore: registered new interface driver usbtest
[   34.061070][    T1] usbcore: registered new interface driver usb_ehset_test
[   34.067029][    T1] usbcore: registered new interface driver trancevibrator
[   34.073464][    T1] usbcore: registered new interface driver uss720
[   34.079439][    T1] uss720: USB Parport Cable driver for Cables using the Lucent Technologies USS720 Chip
[   34.086505][    T1] uss720: NOTE: this is a special purpose driver to allow nonstandard
[   34.092556][    T1] uss720: protocols (eg. bitbang) over USS720 usb to parallel cables
[   34.098990][    T1] uss720: If you just want to connect to a printer, use usblp instead
[   34.105731][    T1] usbcore: registered new interface driver usbsevseg
[   34.110170][    T1] usbcore: registered new interface driver yurex
[   34.117903][    T1] usbcore: registered new interface driver chaoskey
[   34.123449][    T1] usbcore: registered new interface driver sisusb
[   34.128759][    T1] usbcore: registered new interface driver lvs
[   34.133897][    T1] usbcore: registered new interface driver cxacru
[   34.140367][    T1] usbcore: registered new interface driver speedtch
[   34.145304][    T1] usbcore: registered new interface driver ueagle-atm
[   34.150023][    T1] xusbatm: malformed module parameters
[   34.157947][    T1] dummy_hcd dummy_hcd.0: USB Host+Gadget Emulator, driver 02 May 2005
[   34.163444][    T1] dummy_hcd dummy_hcd.0: Dummy host controller
[   34.170685][    T1] dummy_hcd dummy_hcd.0: new USB bus registered, assigned bus number 1
[   34.184052][    T1] usb usb1: New USB device found, idVendor=1d6b, idProduct=0002, bcdDevice= 6.18
[   34.191488][    T1] usb usb1: New USB device strings: Mfr=3, Product=2, SerialNumber=1
[   34.199595][    T1] usb usb1: Product: Dummy host controller
[   34.204917][    T1] usb usb1: Manufacturer: Linux 6.18.0 dummy_hcd
[   34.209626][    T1] usb usb1: SerialNumber: dummy_hcd.0
[   34.221338][    T1] hub 1-0:1.0: USB hub found
[   34.227127][    T1] hub 1-0:1.0: 1 port detected
[   34.245419][    T1] dummy_hcd dummy_hcd.1: USB Host+Gadget Emulator, driver 02 May 2005
[   34.253090][    T1] dummy_hcd dummy_hcd.1: Dummy host controller
[   34.261590][    T1] dummy_hcd dummy_hcd.1: new USB bus registered, assigned bus number 2
[   34.269627][    T1] usb usb2: New USB device found, idVendor=1d6b, idProduct=0002, bcdDevice= 6.18
[   34.275298][    T1] usb usb2: New USB device strings: Mfr=3, Product=2, SerialNumber=1
[   34.281820][    T1] usb usb2: Product: Dummy host controller
[   34.286455][    T1] usb usb2: Manufacturer: Linux 6.18.0 dummy_hcd
[   34.290815][    T1] usb usb2: SerialNumber: dummy_hcd.1
[   34.299812][    T1] hub 2-0:1.0: USB hub found
[   34.303924][    T1] hub 2-0:1.0: 1 port detected
[   34.311921][    T1] dummy_hcd dummy_hcd.2: USB Host+Gadget Emulator, driver 02 May 2005
[   34.318310][    T1] dummy_hcd dummy_hcd.2: Dummy host controller
[   34.323444][    T1] dummy_hcd dummy_hcd.2: new USB bus registered, assigned bus number 3
[   34.331557][    T1] usb usb3: New USB device found, idVendor=1d6b, idProduct=0002, bcdDevice= 6.18
[   34.338191][    T1] usb usb3: New USB device strings: Mfr=3, Product=2, SerialNumber=1
[   34.343673][    T1] usb usb3: Product: Dummy host controller
[   34.348314][    T1] usb usb3: Manufacturer: Linux 6.18.0 dummy_hcd
[   34.353705][    T1] usb usb3: SerialNumber: dummy_hcd.2
[   34.366206][    T1] hub 3-0:1.0: USB hub found
[   34.369214][    T1] hub 3-0:1.0: 1 port detected
[   34.376838][    T1] dummy_hcd dummy_hcd.3: USB Host+Gadget Emulator, driver 02 May 2005
[   34.382416][    T1] dummy_hcd dummy_hcd.3: Dummy host controller
[   34.388590][    T1] dummy_hcd dummy_hcd.3: new USB bus registered, assigned bus number 4
[   34.396648][    T1] usb usb4: New USB device found, idVendor=1d6b, idProduct=0002, bcdDevice= 6.18
[   34.402853][    T1] usb usb4: New USB device strings: Mfr=3, Product=2, SerialNumber=1
[   34.407788][    T1] usb usb4: Product: Dummy host controller
[   34.411862][    T1] usb usb4: Manufacturer: Linux 6.18.0 dummy_hcd
[   34.416344][    T1] usb usb4: SerialNumber: dummy_hcd.3
[   34.424934][    T1] hub 4-0:1.0: USB hub found
[   34.429001][    T1] hub 4-0:1.0: 1 port detected
[   34.440065][    T1] dummy_hcd dummy_hcd.4: USB Host+Gadget Emulator, driver 02 May 2005
[   34.445853][    T1] dummy_hcd dummy_hcd.4: Dummy host controller
[   34.451597][    T1] dummy_hcd dummy_hcd.4: new USB bus registered, assigned bus number 5
[   34.459468][    T1] usb usb5: New USB device found, idVendor=1d6b, idProduct=0002, bcdDevice= 6.18
[   34.465743][    T1] usb usb5: New USB device strings: Mfr=3, Product=2, SerialNumber=1
[   34.470924][    T1] usb usb5: Product: Dummy host controller
[   34.474814][    T1] usb usb5: Manufacturer: Linux 6.18.0 dummy_hcd
[   34.478982][    T1] usb usb5: SerialNumber: dummy_hcd.4
[   34.485452][    T1] hub 5-0:1.0: USB hub found
[   34.488795][    T1] hub 5-0:1.0: 1 port detected
[   34.496283][    T1] dummy_hcd dummy_hcd.5: USB Host+Gadget Emulator, driver 02 May 2005
[   34.502210][    T1] dummy_hcd dummy_hcd.5: Dummy host controller
[   34.509639][    T1] dummy_hcd dummy_hcd.5: new USB bus registered, assigned bus number 6
[   34.518324][    T1] usb usb6: New USB device found, idVendor=1d6b, idProduct=0002, bcdDevice= 6.18
[   34.525217][    T1] usb usb6: New USB device strings: Mfr=3, Product=2, SerialNumber=1
[   34.530605][    T1] usb usb6: Product: Dummy host controller
[   34.535016][    T1] usb usb6: Manufacturer: Linux 6.18.0 dummy_hcd
[   34.539087][    T1] usb usb6: SerialNumber: dummy_hcd.5
[   34.548595][    T1] hub 6-0:1.0: USB hub found
[   34.552230][    T1] hub 6-0:1.0: 1 port detected
[   34.559516][    T1] dummy_hcd dummy_hcd.6: USB Host+Gadget Emulator, driver 02 May 2005
[   34.565651][    T1] dummy_hcd dummy_hcd.6: Dummy host controller
[   34.573126][    T1] dummy_hcd dummy_hcd.6: new USB bus registered, assigned bus number 7
[   34.580591][    T1] usb usb7: New USB device found, idVendor=1d6b, idProduct=0002, bcdDevice= 6.18
[   34.587601][    T1] usb usb7: New USB device strings: Mfr=3, Product=2, SerialNumber=1
[   34.593672][    T1] usb usb7: Product: Dummy host controller
[   34.597471][    T1] usb usb7: Manufacturer: Linux 6.18.0 dummy_hcd
[   34.601916][    T1] usb usb7: SerialNumber: dummy_hcd.6
[   34.610008][    T1] hub 7-0:1.0: USB hub found
[   34.613953][    T1] hub 7-0:1.0: 1 port detected
[   34.620953][    T1] dummy_hcd dummy_hcd.7: USB Host+Gadget Emulator, driver 02 May 2005
[   34.627459][    T1] dummy_hcd dummy_hcd.7: Dummy host controller
[   34.633257][    T1] dummy_hcd dummy_hcd.7: new USB bus registered, assigned bus number 8
[   34.641395][    T1] usb usb8: New USB device found, idVendor=1d6b, idProduct=0002, bcdDevice= 6.18
[   34.647901][    T1] usb usb8: New USB device strings: Mfr=3, Product=2, SerialNumber=1
[   34.653809][    T1] usb usb8: Product: Dummy host controller
[   34.658233][    T1] usb usb8: Manufacturer: Linux 6.18.0 dummy_hcd
[   34.662835][    T1] usb usb8: SerialNumber: dummy_hcd.7
[   34.672339][    T1] hub 8-0:1.0: USB hub found
[   34.676245][    T1] hub 8-0:1.0: 1 port detected
[   34.685093][    T1] dummy_hcd dummy_hcd.8: USB Host+Gadget Emulator, driver 02 May 2005
[   34.691262][    T1] dummy_hcd dummy_hcd.8: Dummy host controller
[   34.697843][    T1] dummy_hcd dummy_hcd.8: new USB bus registered, assigned bus number 9
[   34.708153][    T1] usb usb9: New USB device found, idVendor=1d6b, idProduct=0002, bcdDevice= 6.18
[   34.714914][    T1] usb usb9: New USB device strings: Mfr=3, Product=2, SerialNumber=1
[   34.721118][    T1] usb usb9: Product: Dummy host controller
[   34.726015][    T1] usb usb9: Manufacturer: Linux 6.18.0 dummy_hcd
[   34.730845][    T1] usb usb9: SerialNumber: dummy_hcd.8
[   34.740467][    T1] hub 9-0:1.0: USB hub found
[   34.744225][    T1] hub 9-0:1.0: 1 port detected
[   34.753484][    T1] dummy_hcd dummy_hcd.9: USB Host+Gadget Emulator, driver 02 May 2005
[   34.759588][    T1] dummy_hcd dummy_hcd.9: Dummy host controller
[   34.766414][    T1] dummy_hcd dummy_hcd.9: new USB bus registered, assigned bus number 10
[   34.774546][    T1] usb usb10: New USB device found, idVendor=1d6b, idProduct=0002, bcdDevice= 6.18
[   34.781186][    T1] usb usb10: New USB device strings: Mfr=3, Product=2, SerialNumber=1
[   34.787868][    T1] usb usb10: Product: Dummy host controller
[   34.801851][    T1] usb usb10: Manufacturer: Linux 6.18.0 dummy_hcd
[   34.807934][    T1] usb usb10: SerialNumber: dummy_hcd.9
[   34.817821][    T1] hub 10-0:1.0: USB hub found
[   34.821391][    T1] hub 10-0:1.0: 1 port detected
[   34.830198][    T1] dummy_hcd dummy_hcd.10: USB Host+Gadget Emulator, driver 02 May 2005
[   34.836637][    T1] dummy_hcd dummy_hcd.10: Dummy host controller
[   34.843460][    T1] dummy_hcd dummy_hcd.10: new USB bus registered, assigned bus number 11
[   34.849692][    T1] usb usb11: New USB device found, idVendor=1d6b, idProduct=0002, bcdDevice= 6.18
[   34.857528][    T1] usb usb11: New USB device strings: Mfr=3, Product=2, SerialNumber=1
[   34.863592][    T1] usb usb11: Product: Dummy host controller
[   34.867864][    T1] usb usb11: Manufacturer: Linux 6.18.0 dummy_hcd
[   34.871737][    T1] usb usb11: SerialNumber: dummy_hcd.10
[   34.878264][    T1] hub 11-0:1.0: USB hub found
[   34.881157][    T1] hub 11-0:1.0: 1 port detected
[   34.888524][    T1] dummy_hcd dummy_hcd.11: USB Host+Gadget Emulator, driver 02 May 2005
[   34.894066][    T1] dummy_hcd dummy_hcd.11: Dummy host controller
[   34.900878][    T1] dummy_hcd dummy_hcd.11: new USB bus registered, assigned bus number 12
[   34.909386][    T1] usb usb12: New USB device found, idVendor=1d6b, idProduct=0002, bcdDevice= 6.18
[   34.917104][    T1] usb usb12: New USB device strings: Mfr=3, Product=2, SerialNumber=1
[   34.924295][    T1] usb usb12: Product: Dummy host controller
[   34.928930][    T1] usb usb12: Manufacturer: Linux 6.18.0 dummy_hcd
[   34.934187][    T1] usb usb12: SerialNumber: dummy_hcd.11
[   34.944814][    T1] hub 12-0:1.0: USB hub found
[   34.948028][    T1] hub 12-0:1.0: 1 port detected
[   34.956424][    T1] dummy_hcd dummy_hcd.12: USB Host+Gadget Emulator, driver 02 May 2005
[   34.967062][    T1] dummy_hcd dummy_hcd.12: Dummy host controller
[   34.973263][    T1] dummy_hcd dummy_hcd.12: new USB bus registered, assigned bus number 13
[   34.981361][    T1] usb usb13: New USB device found, idVendor=1d6b, idProduct=0002, bcdDevice= 6.18
[   34.988352][    T1] usb usb13: New USB device strings: Mfr=3, Product=2, SerialNumber=1
[   34.994726][    T1] usb usb13: Product: Dummy host controller
[   35.000149][    T1] usb usb13: Manufacturer: Linux 6.18.0 dummy_hcd
[   35.005719][    T1] usb usb13: SerialNumber: dummy_hcd.12
[   35.016729][    T1] hub 13-0:1.0: USB hub found
[   35.021232][    T1] hub 13-0:1.0: 1 port detected
[   35.030279][    T1] dummy_hcd dummy_hcd.13: USB Host+Gadget Emulator, driver 02 May 2005
[   35.036160][    T1] dummy_hcd dummy_hcd.13: Dummy host controller
[   35.042591][    T1] dummy_hcd dummy_hcd.13: new USB bus registered, assigned bus number 14
[   35.052005][    T1] usb usb14: New USB device found, idVendor=1d6b, idProduct=0002, bcdDevice= 6.18
[   35.058258][    T1] usb usb14: New USB device strings: Mfr=3, Product=2, SerialNumber=1
[   35.063627][    T1] usb usb14: Product: Dummy host controller
[   35.067652][    T1] usb usb14: Manufacturer: Linux 6.18.0 dummy_hcd
[   35.072566][    T1] usb usb14: SerialNumber: dummy_hcd.13
[   35.084645][    T1] hub 14-0:1.0: USB hub found
[   35.090984][    T1] hub 14-0:1.0: 1 port detected
[   35.101331][    T1] dummy_hcd dummy_hcd.14: USB Host+Gadget Emulator, driver 02 May 2005
[   35.108378][    T1] dummy_hcd dummy_hcd.14: Dummy host controller
[   35.115247][    T1] dummy_hcd dummy_hcd.14: new USB bus registered, assigned bus number 15
[   35.124615][    T1] usb usb15: New USB device found, idVendor=1d6b, idProduct=0002, bcdDevice= 6.18
[   35.134104][    T1] usb usb15: New USB device strings: Mfr=3, Product=2, SerialNumber=1
[   35.140160][    T1] usb usb15: Product: Dummy host controller
[   35.143896][    T1] usb usb15: Manufacturer: Linux 6.18.0 dummy_hcd
[   35.149251][    T1] usb usb15: SerialNumber: dummy_hcd.14
[   35.160283][    T1] hub 15-0:1.0: USB hub found
[   35.165958][    T1] hub 15-0:1.0: 1 port detected
[   35.174035][    T1] dummy_hcd dummy_hcd.15: USB Host+Gadget Emulator, driver 02 May 2005
[   35.180803][    T1] dummy_hcd dummy_hcd.15: Dummy host controller
[   35.188095][    T1] dummy_hcd dummy_hcd.15: new USB bus registered, assigned bus number 16
[   35.195601][    T1] usb usb16: New USB device found, idVendor=1d6b, idProduct=0002, bcdDevice= 6.18
[   35.202489][    T1] usb usb16: New USB device strings: Mfr=3, Product=2, SerialNumber=1
[   35.209442][    T1] usb usb16: Product: Dummy host controller
[   35.214333][    T1] usb usb16: Manufacturer: Linux 6.18.0 dummy_hcd
[   35.219737][    T1] usb usb16: SerialNumber: dummy_hcd.15
[   35.229340][    T1] hub 16-0:1.0: USB hub found
[   35.233964][    T1] hub 16-0:1.0: 1 port detected
[   35.242947][    T1] dummy_hcd dummy_hcd.16: USB Host+Gadget Emulator, driver 02 May 2005
[   35.248990][    T1] dummy_hcd dummy_hcd.16: Dummy host controller
[   35.255273][    T1] dummy_hcd dummy_hcd.16: new USB bus registered, assigned bus number 17
[   35.261557][    T1] usb usb17: New USB device found, idVendor=1d6b, idProduct=0002, bcdDevice= 6.18
[   35.267412][    T1] usb usb17: New USB device strings: Mfr=3, Product=2, SerialNumber=1
[   35.273043][    T1] usb usb17: Product: Dummy host controller
[   35.276890][    T1] usb usb17: Manufacturer: Linux 6.18.0 dummy_hcd
[   35.280216][    T1] usb usb17: SerialNumber: dummy_hcd.16
[   35.286620][    T1] hub 17-0:1.0: USB hub found
[   35.290905][    T1] hub 17-0:1.0: 1 port detected
[   35.299129][    T1] dummy_hcd dummy_hcd.17: USB Host+Gadget Emulator, driver 02 May 2005
[   35.304836][    T1] dummy_hcd dummy_hcd.17: Dummy host controller
[   35.310044][    T1] dummy_hcd dummy_hcd.17: new USB bus registered, assigned bus number 18
[   35.317381][    T1] usb usb18: New USB device found, idVendor=1d6b, idProduct=0002, bcdDevice= 6.18
[   35.322164][    T1] usb usb18: New USB device strings: Mfr=3, Product=2, SerialNumber=1
[   35.327178][    T1] usb usb18: Product: Dummy host controller
[   35.330715][    T1] usb usb18: Manufacturer: Linux 6.18.0 dummy_hcd
[   35.334925][    T1] usb usb18: SerialNumber: dummy_hcd.17
[   35.342545][    T1] hub 18-0:1.0: USB hub found
[   35.345368][    T1] hub 18-0:1.0: 1 port detected
[   35.351954][    T1] dummy_hcd dummy_hcd.18: USB Host+Gadget Emulator, driver 02 May 2005
[   35.357247][    T1] dummy_hcd dummy_hcd.18: Dummy host controller
[   35.361374][    T1] dummy_hcd dummy_hcd.18: new USB bus registered, assigned bus number 19
[   35.369209][    T1] usb usb19: New USB device found, idVendor=1d6b, idProduct=0002, bcdDevice= 6.18
[   35.375210][    T1] usb usb19: New USB device strings: Mfr=3, Product=2, SerialNumber=1
[   35.380223][    T1] usb usb19: Product: Dummy host controller
[   35.383839][    T1] usb usb19: Manufacturer: Linux 6.18.0 dummy_hcd
[   35.387417][    T1] usb usb19: SerialNumber: dummy_hcd.18
[   35.395530][    T1] hub 19-0:1.0: USB hub found
[   35.398676][    T1] hub 19-0:1.0: 1 port detected
[   35.406054][    T1] dummy_hcd dummy_hcd.19: USB Host+Gadget Emulator, driver 02 May 2005
[   35.411511][    T1] dummy_hcd dummy_hcd.19: Dummy host controller
[   35.418597][    T1] dummy_hcd dummy_hcd.19: new USB bus registered, assigned bus number 20
[   35.428397][    T1] usb usb20: New USB device found, idVendor=1d6b, idProduct=0002, bcdDevice= 6.18
[   35.438272][    T1] usb usb20: New USB device strings: Mfr=3, Product=2, SerialNumber=1
[   35.446934][    T1] usb usb20: Product: Dummy host controller
[   35.450648][    T1] usb usb20: Manufacturer: Linux 6.18.0 dummy_hcd
[   35.458513][    T1] usb usb20: SerialNumber: dummy_hcd.19
[   35.469747][    T1] hub 20-0:1.0: USB hub found
[   35.477293][    T1] hub 20-0:1.0: 1 port detected
[   35.488001][    T1] dummy_hcd dummy_hcd.20: USB Host+Gadget Emulator, driver 02 May 2005
[   35.494826][    T1] dummy_hcd dummy_hcd.20: Dummy host controller
[   35.500954][    T1] dummy_hcd dummy_hcd.20: new USB bus registered, assigned bus number 21
[   35.509798][    T1] usb usb21: New USB device found, idVendor=1d6b, idProduct=0002, bcdDevice= 6.18
[   35.517386][    T1] usb usb21: New USB device strings: Mfr=3, Product=2, SerialNumber=1
[   35.522821][    T1] usb usb21: Product: Dummy host controller
[   35.526309][    T1] usb usb21: Manufacturer: Linux 6.18.0 dummy_hcd
[   35.530208][    T1] usb usb21: SerialNumber: dummy_hcd.20
[   35.536840][    T1] hub 21-0:1.0: USB hub found
[   35.543006][    T1] hub 21-0:1.0: 1 port detected
[   35.551761][    T1] dummy_hcd dummy_hcd.21: USB Host+Gadget Emulator, driver 02 May 2005
[   35.557904][    T1] dummy_hcd dummy_hcd.21: Dummy host controller
[   35.565198][    T1] dummy_hcd dummy_hcd.21: new USB bus registered, assigned bus number 22
[   35.572228][    T1] usb usb22: New USB device found, idVendor=1d6b, idProduct=0002, bcdDevice= 6.18
[   35.580524][    T1] usb usb22: New USB device strings: Mfr=3, Product=2, SerialNumber=1
[   35.589153][    T1] usb usb22: Product: Dummy host controller
[   35.594436][    T1] usb usb22: Manufacturer: Linux 6.18.0 dummy_hcd
[   35.598741][    T1] usb usb22: SerialNumber: dummy_hcd.21
[   35.610946][    T1] hub 22-0:1.0: USB hub found
[   35.616880][    T1] hub 22-0:1.0: 1 port detected
[   35.624562][    T1] dummy_hcd dummy_hcd.22: USB Host+Gadget Emulator, driver 02 May 2005
[   35.633701][    T1] dummy_hcd dummy_hcd.22: Dummy host controller
[   35.642067][    T1] dummy_hcd dummy_hcd.22: new USB bus registered, assigned bus number 23
[   35.651324][    T1] usb usb23: New USB device found, idVendor=1d6b, idProduct=0002, bcdDevice= 6.18
[   35.660784][    T1] usb usb23: New USB device strings: Mfr=3, Product=2, SerialNumber=1
[   35.669383][    T1] usb usb23: Product: Dummy host controller
[   35.678092][    T1] usb usb23: Manufacturer: Linux 6.18.0 dummy_hcd
[   35.683531][    T1] usb usb23: SerialNumber: dummy_hcd.22
[   35.693087][    T1] hub 23-0:1.0: USB hub found
[   35.696788][    T1] hub 23-0:1.0: 1 port detected
[   35.710463][    T1] dummy_hcd dummy_hcd.23: USB Host+Gadget Emulator, driver 02 May 2005
[   35.717439][    T1] dummy_hcd dummy_hcd.23: Dummy host controller
[   35.723645][    T1] dummy_hcd dummy_hcd.23: new USB bus registered, assigned bus number 24
[   35.732519][    T1] usb usb24: New USB device found, idVendor=1d6b, idProduct=0002, bcdDevice= 6.18
[   35.738357][    T1] usb usb24: New USB device strings: Mfr=3, Product=2, SerialNumber=1
[   35.745166][    T1] usb usb24: Product: Dummy host controller
[   35.751336][    T1] usb usb24: Manufacturer: Linux 6.18.0 dummy_hcd
[   35.754864][    T1] usb usb24: SerialNumber: dummy_hcd.23
[   35.763700][    T1] hub 24-0:1.0: USB hub found
[   35.766816][    T1] hub 24-0:1.0: 1 port detected
[   35.777458][    T1] dummy_hcd dummy_hcd.24: USB Host+Gadget Emulator, driver 02 May 2005
[   35.783796][    T1] dummy_hcd dummy_hcd.24: Dummy host controller
[   35.788619][    T1] dummy_hcd dummy_hcd.24: new USB bus registered, assigned bus number 25
[   35.795503][    T1] usb usb25: New USB device found, idVendor=1d6b, idProduct=0002, bcdDevice= 6.18
[   35.801663][    T1] usb usb25: New USB device strings: Mfr=3, Product=2, SerialNumber=1
[   35.808110][    T1] usb usb25: Product: Dummy host controller
[   35.812740][    T1] usb usb25: Manufacturer: Linux 6.18.0 dummy_hcd
[   35.817478][    T1] usb usb25: SerialNumber: dummy_hcd.24
[   35.824140][    T1] hub 25-0:1.0: USB hub found
[   35.827393][    T1] hub 25-0:1.0: 1 port detected
[   35.833441][    T1] dummy_hcd dummy_hcd.25: USB Host+Gadget Emulator, driver 02 May 2005
[   35.839322][    T1] dummy_hcd dummy_hcd.25: Dummy host controller
[   35.843953][    T1] dummy_hcd dummy_hcd.25: new USB bus registered, assigned bus number 26
[   35.849759][    T1] usb usb26: New USB device found, idVendor=1d6b, idProduct=0002, bcdDevice= 6.18
[   35.855188][    T1] usb usb26: New USB device strings: Mfr=3, Product=2, SerialNumber=1
[   35.860368][    T1] usb usb26: Product: Dummy host controller
[   35.863605][    T1] usb usb26: Manufacturer: Linux 6.18.0 dummy_hcd
[   35.867863][    T1] usb usb26: SerialNumber: dummy_hcd.25
[   35.874451][    T1] hub 26-0:1.0: USB hub found
[   35.877645][    T1] hub 26-0:1.0: 1 port detected
[   35.888095][    T1] dummy_hcd dummy_hcd.26: USB Host+Gadget Emulator, driver 02 May 2005
[   35.894025][    T1] dummy_hcd dummy_hcd.26: Dummy host controller
[   35.899522][    T1] dummy_hcd dummy_hcd.26: new USB bus registered, assigned bus number 27
[   35.907534][    T1] usb usb27: New USB device found, idVendor=1d6b, idProduct=0002, bcdDevice= 6.18
[   35.913973][    T1] usb usb27: New USB device strings: Mfr=3, Product=2, SerialNumber=1
[   35.920059][    T1] usb usb27: Product: Dummy host controller
[   35.924259][    T1] usb usb27: Manufacturer: Linux 6.18.0 dummy_hcd
[   35.928673][    T1] usb usb27: SerialNumber: dummy_hcd.26
[   35.937669][    T1] hub 27-0:1.0: USB hub found
[   35.941254][    T1] hub 27-0:1.0: 1 port detected
[   35.947149][    T1] dummy_hcd dummy_hcd.27: USB Host+Gadget Emulator, driver 02 May 2005
[   35.953137][    T1] dummy_hcd dummy_hcd.27: Dummy host controller
[   35.958963][    T1] dummy_hcd dummy_hcd.27: new USB bus registered, assigned bus number 28
[   35.967073][    T1] usb usb28: New USB device found, idVendor=1d6b, idProduct=0002, bcdDevice= 6.18
[   35.974652][    T1] usb usb28: New USB device strings: Mfr=3, Product=2, SerialNumber=1
[   35.979669][    T1] usb usb28: Product: Dummy host controller
[   35.983435][    T1] usb usb28: Manufacturer: Linux 6.18.0 dummy_hcd
[   35.987431][    T1] usb usb28: SerialNumber: dummy_hcd.27
[   35.994321][    T1] hub 28-0:1.0: USB hub found
[   35.997322][    T1] hub 28-0:1.0: 1 port detected
[   36.004751][    T1] dummy_hcd dummy_hcd.28: USB Host+Gadget Emulator, driver 02 May 2005
[   36.010663][    T1] dummy_hcd dummy_hcd.28: Dummy host controller
[   36.016151][    T1] dummy_hcd dummy_hcd.28: new USB bus registered, assigned bus number 29
[   36.022325][    T1] usb usb29: New USB device found, idVendor=1d6b, idProduct=0002, bcdDevice= 6.18
[   36.028466][    T1] usb usb29: New USB device strings: Mfr=3, Product=2, SerialNumber=1
[   36.033533][    T1] usb usb29: Product: Dummy host controller
[   36.037994][    T1] usb usb29: Manufacturer: Linux 6.18.0 dummy_hcd
[   36.042295][    T1] usb usb29: SerialNumber: dummy_hcd.28
[   36.050426][    T1] hub 29-0:1.0: USB hub found
[   36.053730][    T1] hub 29-0:1.0: 1 port detected
[   36.062274][    T1] dummy_hcd dummy_hcd.29: USB Host+Gadget Emulator, driver 02 May 2005
[   36.070373][    T1] dummy_hcd dummy_hcd.29: Dummy host controller
[   36.077221][    T1] dummy_hcd dummy_hcd.29: new USB bus registered, assigned bus number 30
[   36.086611][    T1] usb usb30: New USB device found, idVendor=1d6b, idProduct=0002, bcdDevice= 6.18
[   36.093505][    T1] usb usb30: New USB device strings: Mfr=3, Product=2, SerialNumber=1
[   36.099873][    T1] usb usb30: Product: Dummy host controller
[   36.104280][    T1] usb usb30: Manufacturer: Linux 6.18.0 dummy_hcd
[   36.108726][    T1] usb usb30: SerialNumber: dummy_hcd.29
[   36.115567][    T1] hub 30-0:1.0: USB hub found
[   36.119265][    T1] hub 30-0:1.0: 1 port detected
[   36.129437][    T1] dummy_hcd dummy_hcd.30: USB Host+Gadget Emulator, driver 02 May 2005
[   36.136748][    T1] dummy_hcd dummy_hcd.30: Dummy host controller
[   36.143730][    T1] dummy_hcd dummy_hcd.30: new USB bus registered, assigned bus number 31
[   36.150792][    T1] usb usb31: New USB device found, idVendor=1d6b, idProduct=0002, bcdDevice= 6.18
[   36.157472][    T1] usb usb31: New USB device strings: Mfr=3, Product=2, SerialNumber=1
[   36.163377][    T1] usb usb31: Product: Dummy host controller
[   36.168083][    T1] usb usb31: Manufacturer: Linux 6.18.0 dummy_hcd
[   36.172575][    T1] usb usb31: SerialNumber: dummy_hcd.30
[   36.180832][    T1] hub 31-0:1.0: USB hub found
[   36.185334][    T1] hub 31-0:1.0: 1 port detected
[   36.193313][    T1] dummy_hcd dummy_hcd.31: USB Host+Gadget Emulator, driver 02 May 2005
[   36.198667][    T1] dummy_hcd dummy_hcd.31: Dummy host controller
[   36.203356][    T1] dummy_hcd dummy_hcd.31: new USB bus registered, assigned bus number 32
[   36.211298][    T1] usb usb32: New USB device found, idVendor=1d6b, idProduct=0002, bcdDevice= 6.18
[   36.217841][    T1] usb usb32: New USB device strings: Mfr=3, Product=2, SerialNumber=1
[   36.222396][    T1] usb usb32: Product: Dummy host controller
[   36.225424][    T1] usb usb32: Manufacturer: Linux 6.18.0 dummy_hcd
[   36.229617][    T1] usb usb32: SerialNumber: dummy_hcd.31
[   36.237475][    T1] hub 32-0:1.0: USB hub found
[   36.240641][    T1] hub 32-0:1.0: 1 port detected
[   36.348836][    T1] SPI driver max3420-udc has no spi_device_id for maxim,max3421-udc
[   36.358335][    T1] gadgetfs: USB Gadget filesystem, version 24 Aug 2004
[   36.369423][    T1] vhci_hcd vhci_hcd.0: USB/IP Virtual Host Controller
[   36.378077][    T1] vhci_hcd vhci_hcd.0: new USB bus registered, assigned bus number 33
[   36.385966][    T1] vhci_hcd: created sysfs vhci_hcd.0
[   36.394531][    T1] usb usb33: New USB device found, idVendor=1d6b, idProduct=0002, bcdDevice= 6.18
[   36.407755][    T1] usb usb33: New USB device strings: Mfr=3, Product=2, SerialNumber=1
[   36.416898][    T1] usb usb33: Product: USB/IP Virtual Host Controller
[   36.422174][    T1] usb usb33: Manufacturer: Linux 6.18.0 vhci_hcd
[   36.427212][    T1] usb usb33: SerialNumber: vhci_hcd.0
[   36.444810][    T1] hub 33-0:1.0: USB hub found
[   36.456816][    T1] hub 33-0:1.0: 8 ports detected
[   36.475957][    T1] vhci_hcd vhci_hcd.0: USB/IP Virtual Host Controller
[   36.482135][    T1] vhci_hcd vhci_hcd.0: new USB bus registered, assigned bus number 34
[   36.491836][    T1] usb usb34: We don't know the algorithms for LPM for this host, disabling LPM.
[   36.503727][    T1] usb usb34: New USB device found, idVendor=1d6b, idProduct=0003, bcdDevice= 6.18
[   36.510497][    T1] usb usb34: New USB device strings: Mfr=3, Product=2, SerialNumber=1
[   36.516255][    T1] usb usb34: Product: USB/IP Virtual Host Controller
[   36.521166][    T1] usb usb34: Manufacturer: Linux 6.18.0 vhci_hcd
[   36.526414][    T1] usb usb34: SerialNumber: vhci_hcd.0
[   36.533394][    T1] hub 34-0:1.0: USB hub found
[   36.536865][    T1] hub 34-0:1.0: 8 ports detected
[   36.552824][    T1] vhci_hcd vhci_hcd.1: USB/IP Virtual Host Controller
[   36.559102][    T1] vhci_hcd vhci_hcd.1: new USB bus registered, assigned bus number 35
[   36.565630][    T1] usb usb35: New USB device found, idVendor=1d6b, idProduct=0002, bcdDevice= 6.18
[   36.571396][    T1] usb usb35: New USB device strings: Mfr=3, Product=2, SerialNumber=1
[   36.576819][    T1] usb usb35: Product: USB/IP Virtual Host Controller
[   36.581168][    T1] usb usb35: Manufacturer: Linux 6.18.0 vhci_hcd
[   36.585588][    T1] usb usb35: SerialNumber: vhci_hcd.1
[   36.595292][    T1] hub 35-0:1.0: USB hub found
[   36.599298][    T1] hub 35-0:1.0: 8 ports detected
[   36.615041][    T1] vhci_hcd vhci_hcd.1: USB/IP Virtual Host Controller
[   36.622912][    T1] vhci_hcd vhci_hcd.1: new USB bus registered, assigned bus number 36
[   36.629463][    T1] usb usb36: We don't know the algorithms for LPM for this host, disabling LPM.
[   36.637752][    T1] usb usb36: New USB device found, idVendor=1d6b, idProduct=0003, bcdDevice= 6.18
[   36.644671][    T1] usb usb36: New USB device strings: Mfr=3, Product=2, SerialNumber=1
[   36.650755][    T1] usb usb36: Product: USB/IP Virtual Host Controller
[   36.655141][    T1] usb usb36: Manufacturer: Linux 6.18.0 vhci_hcd
[   36.659363][    T1] usb usb36: SerialNumber: vhci_hcd.1
[   36.666241][    T1] hub 36-0:1.0: USB hub found
[   36.669745][    T1] hub 36-0:1.0: 8 ports detected
[   36.685894][    T1] vhci_hcd vhci_hcd.2: USB/IP Virtual Host Controller
[   36.692218][    T1] vhci_hcd vhci_hcd.2: new USB bus registered, assigned bus number 37
[   36.703727][    T1] usb usb37: New USB device found, idVendor=1d6b, idProduct=0002, bcdDevice= 6.18
[   36.709035][    T1] usb usb37: New USB device strings: Mfr=3, Product=2, SerialNumber=1
[   36.714176][    T1] usb usb37: Product: USB/IP Virtual Host Controller
[   36.719866][    T1] usb usb37: Manufacturer: Linux 6.18.0 vhci_hcd
[   36.723909][    T1] usb usb37: SerialNumber: vhci_hcd.2
[   36.730649][    T1] hub 37-0:1.0: USB hub found
[   36.734728][    T1] hub 37-0:1.0: 8 ports detected
[   36.755451][    T1] vhci_hcd vhci_hcd.2: USB/IP Virtual Host Controller
[   36.761355][    T1] vhci_hcd vhci_hcd.2: new USB bus registered, assigned bus number 38
[   36.769589][    T1] usb usb38: We don't know the algorithms for LPM for this host, disabling LPM.
[   36.777955][    T1] usb usb38: New USB device found, idVendor=1d6b, idProduct=0003, bcdDevice= 6.18
[   36.785768][    T1] usb usb38: New USB device strings: Mfr=3, Product=2, SerialNumber=1
[   36.792089][    T1] usb usb38: Product: USB/IP Virtual Host Controller
[   36.796421][    T1] usb usb38: Manufacturer: Linux 6.18.0 vhci_hcd
[   36.801824][    T1] usb usb38: SerialNumber: vhci_hcd.2
[   36.809348][    T1] hub 38-0:1.0: USB hub found
[   36.813275][    T1] hub 38-0:1.0: 8 ports detected
[   36.832676][    T1] vhci_hcd vhci_hcd.3: USB/IP Virtual Host Controller
[   36.839668][    T1] vhci_hcd vhci_hcd.3: new USB bus registered, assigned bus number 39
[   36.847491][    T1] usb usb39: New USB device found, idVendor=1d6b, idProduct=0002, bcdDevice= 6.18
[   36.854175][    T1] usb usb39: New USB device strings: Mfr=3, Product=2, SerialNumber=1
[   36.861243][    T1] usb usb39: Product: USB/IP Virtual Host Controller
[   36.866706][    T1] usb usb39: Manufacturer: Linux 6.18.0 vhci_hcd
[   36.871553][    T1] usb usb39: SerialNumber: vhci_hcd.3
[   36.879557][    T1] hub 39-0:1.0: USB hub found
[   36.883248][    T1] hub 39-0:1.0: 8 ports detected
[   36.895042][    T1] vhci_hcd vhci_hcd.3: USB/IP Virtual Host Controller
[   36.901753][    T1] vhci_hcd vhci_hcd.3: new USB bus registered, assigned bus number 40
[   36.908460][    T1] usb usb40: We don't know the algorithms for LPM for this host, disabling LPM.
[   36.916898][    T1] usb usb40: New USB device found, idVendor=1d6b, idProduct=0003, bcdDevice= 6.18
[   36.924966][    T1] usb usb40: New USB device strings: Mfr=3, Product=2, SerialNumber=1
[   36.931446][    T1] usb usb40: Product: USB/IP Virtual Host Controller
[   36.937062][    T1] usb usb40: Manufacturer: Linux 6.18.0 vhci_hcd
[   36.941585][    T1] usb usb40: SerialNumber: vhci_hcd.3
[   36.952624][    T1] hub 40-0:1.0: USB hub found
[   36.958779][    T1] hub 40-0:1.0: 8 ports detected
[   36.978964][    T1] vhci_hcd vhci_hcd.4: USB/IP Virtual Host Controller
[   36.985240][    T1] vhci_hcd vhci_hcd.4: new USB bus registered, assigned bus number 41
[   36.992631][    T1] usb usb41: New USB device found, idVendor=1d6b, idProduct=0002, bcdDevice= 6.18
[   36.998949][    T1] usb usb41: New USB device strings: Mfr=3, Product=2, SerialNumber=1
[   37.005307][    T1] usb usb41: Product: USB/IP Virtual Host Controller
[   37.010636][    T1] usb usb41: Manufacturer: Linux 6.18.0 vhci_hcd
[   37.015841][    T1] usb usb41: SerialNumber: vhci_hcd.4
[   37.026396][    T1] hub 41-0:1.0: USB hub found
[   37.029996][    T1] hub 41-0:1.0: 8 ports detected
[   37.050538][    T1] vhci_hcd vhci_hcd.4: USB/IP Virtual Host Controller
[   37.066998][    T1] vhci_hcd vhci_hcd.4: new USB bus registered, assigned bus number 42
[   37.076029][    T1] usb usb42: We don't know the algorithms for LPM for this host, disabling LPM.
[   37.085668][    T1] usb usb42: New USB device found, idVendor=1d6b, idProduct=0003, bcdDevice= 6.18
[   37.095403][    T1] usb usb42: New USB device strings: Mfr=3, Product=2, SerialNumber=1
[   37.101840][    T1] usb usb42: Product: USB/IP Virtual Host Controller
[   37.106445][    T1] usb usb42: Manufacturer: Linux 6.18.0 vhci_hcd
[   37.110414][    T1] usb usb42: SerialNumber: vhci_hcd.4
[   37.118049][    T1] hub 42-0:1.0: USB hub found
[   37.120770][    T1] hub 42-0:1.0: 8 ports detected
[   37.134437][    T1] vhci_hcd vhci_hcd.5: USB/IP Virtual Host Controller
[   37.140595][    T1] vhci_hcd vhci_hcd.5: new USB bus registered, assigned bus number 43
[   37.148043][    T1] usb usb43: New USB device found, idVendor=1d6b, idProduct=0002, bcdDevice= 6.18
[   37.153946][    T1] usb usb43: New USB device strings: Mfr=3, Product=2, SerialNumber=1
[   37.160743][    T1] usb usb43: Product: USB/IP Virtual Host Controller
[   37.165510][    T1] usb usb43: Manufacturer: Linux 6.18.0 vhci_hcd
[   37.170472][    T1] usb usb43: SerialNumber: vhci_hcd.5
[   37.178101][    T1] hub 43-0:1.0: USB hub found
[   37.181808][    T1] hub 43-0:1.0: 8 ports detected
[   37.197587][    T1] vhci_hcd vhci_hcd.5: USB/IP Virtual Host Controller
[   37.209031][    T1] vhci_hcd vhci_hcd.5: new USB bus registered, assigned bus number 44
[   37.219952][    T1] usb usb44: We don't know the algorithms for LPM for this host, disabling LPM.
[   37.237208][    T1] usb usb44: New USB device found, idVendor=1d6b, idProduct=0003, bcdDevice= 6.18
[   37.243844][    T1] usb usb44: New USB device strings: Mfr=3, Product=2, SerialNumber=1
[   37.250066][    T1] usb usb44: Product: USB/IP Virtual Host Controller
[   37.254552][    T1] usb usb44: Manufacturer: Linux 6.18.0 vhci_hcd
[   37.258966][    T1] usb usb44: SerialNumber: vhci_hcd.5
[   37.266617][    T1] hub 44-0:1.0: USB hub found
[   37.270492][    T1] hub 44-0:1.0: 8 ports detected
[   37.277632][ T1166] ata1: found unknown device (class 0)
[   37.282357][ T1166] ata1: SATA link up 3.0 Gbps (SStatus 123 SControl 300)
[   37.286764][    T1] vhci_hcd vhci_hcd.6: USB/IP Virtual Host Controller
[   37.292730][ T1166] ata1: link online but 1 devices misclassified, retrying
[   37.295953][    T1] vhci_hcd vhci_hcd.6: new USB bus registered, assigned bus number 45
[   37.301211][ T1166] ata1: reset failed (errno=-11), retrying in 10 secs
[   37.312848][    T1] usb usb45: New USB device found, idVendor=1d6b, idProduct=0002, bcdDevice= 6.18
[   37.327555][    T1] usb usb45: New USB device strings: Mfr=3, Product=2, SerialNumber=1
[   37.335300][    T1] usb usb45: Product: USB/IP Virtual Host Controller
[   37.343291][    T1] usb usb45: Manufacturer: Linux 6.18.0 vhci_hcd
[   37.351837][    T1] usb usb45: SerialNumber: vhci_hcd.6
[   37.374986][    T1] hub 45-0:1.0: USB hub found
[   37.382147][    T1] hub 45-0:1.0: 8 ports detected
[   37.400924][    T1] vhci_hcd vhci_hcd.6: USB/IP Virtual Host Controller
[   37.411359][    T1] vhci_hcd vhci_hcd.6: new USB bus registered, assigned bus number 46
[   37.417817][    T1] usb usb46: We don't know the algorithms for LPM for this host, disabling LPM.
[   37.428842][    T1] usb usb46: New USB device found, idVendor=1d6b, idProduct=0003, bcdDevice= 6.18
[   37.435199][    T1] usb usb46: New USB device strings: Mfr=3, Product=2, SerialNumber=1
[   37.441233][    T1] usb usb46: Product: USB/IP Virtual Host Controller
[   37.447048][    T1] usb usb46: Manufacturer: Linux 6.18.0 vhci_hcd
[   37.452780][    T1] usb usb46: SerialNumber: vhci_hcd.6
[   37.461566][    T1] hub 46-0:1.0: USB hub found
[   37.465366][    T1] hub 46-0:1.0: 8 ports detected
