failed to run ["ssh" "-p" "64517" "-F" "/dev/null" "-o" "UserKnownHostsFile=/dev/null" "-o" "IdentitiesOnly=yes" "-o" "BatchMode=yes" "-o" "StrictHostKeyChecking=no" "-o" "ConnectTimeout=10" "-i" "/home/wmy/Fuzzer/third_tool/Image-fuzz-6.18-syzbot/bullseye.id_rsa" "root@localhost" "pwd"]: exit status 255[    0.000000][    T0] Linux version 6.18.0 (wmy@wmy) (gcc (Ubuntu 11.4.0-1ubuntu1~22.04.2) 11.4.0, GNU ld (GNU Binutils for Ubuntu) 2.38) #1 SMP PREEMPT_DYNAMIC Sat Dec 20 16:37:44 CST 2025
[    0.000000][    T0] Command line: root=/dev/sda console=ttyS0 
[    0.000000][    T0] KERNEL supported cpus:
[    0.000000][    T0]   Intel GenuineIntel
[    0.000000][    T0]   AMD AuthenticAMD
[    0.000000][    T0] x86/CPU: Model not found in latest microcode list
[    0.000000][    T0] BIOS-provided physical RAM map:
[    0.000000][    T0] BIOS-e820: [mem 0x0000000000000000-0x000000000009fbff] usable
[    0.000000][    T0] BIOS-e820: [mem 0x000000000009fc00-0x000000000009ffff] reserved
[    0.000000][    T0] BIOS-e820: [mem 0x00000000000f0000-0x00000000000fffff] reserved
[    0.000000][    T0] BIOS-e820: [mem 0x0000000000100000-0x00000000bffdffff] usable
[    0.000000][    T0] BIOS-e820: [mem 0x00000000bffe0000-0x00000000bfffffff] reserved
[    0.000000][    T0] BIOS-e820: [mem 0x00000000feffc000-0x00000000feffffff] reserved
[    0.000000][    T0] BIOS-e820: [mem 0x00000000fffc0000-0x00000000ffffffff] reserved
[    0.000000][    T0] BIOS-e820: [mem 0x0000000100000000-0x000000013fffffff] usable
[    0.000000][    T0] printk: legacy bootconsole [earlyser0] enabled
[    0.000000][    T0] ERROR: earlyprintk= earlyser already used
[    0.000000][    T0] ERROR: earlyprintk= earlyser already used
[    0.000000][    T0] Hash pointers mode set to never.
[    0.000000][    T0] Malformed early option 'vsyscall'
[    0.000000][    T0] NX (Execute Disable) protection: active
[    0.000000][    T0] APIC: Static calls initialized
[    0.000000][    T0] SMBIOS 3.0.0 present.
[    0.000000][    T0] DMI: QEMU Standard PC (i440FX + PIIX, 1996), BIOS rel-1.16.3-0-ga6ed6b701f0a-prebuilt.qemu.org 04/01/2014
[    0.000000][    T0] DMI: Memory slots populated: 1/1
[    0.000000][    T0] Hypervisor detected: KVM
[    0.000000][    T0] last_pfn = 0xbffe0 max_arch_pfn = 0x400000000
[    0.000000][    T0] kvm-clock: Using msrs 4b564d01 and 4b564d00
[    0.000010][    T0] kvm-clock: using sched offset of 2601082904 cycles
[    0.003533][    T0] clocksource: kvm-clock: mask: 0xffffffffffffffff max_cycles: 0x1cd42e4dffb, max_idle_ns: 881590591483 ns
[    0.014748][    T0] tsc: Detected 2803.204 MHz processor
[    0.029065][    T0] last_pfn = 0x140000 max_arch_pfn = 0x400000000
[    0.034323][    T0] MTRR map: 4 entries (3 fixed + 1 variable; max 19), built from 8 variable MTRRs
[    0.041630][    T0] x86/PAT: Configuration [0-7]: WB  WC  UC- UC  WB  WP  UC- WT  
[    0.047800][    T0] last_pfn = 0xbffe0 max_arch_pfn = 0x400000000
[    0.064441][    T0] found SMP MP-table at [mem 0x000f5460-0x000f546f]
[    0.072778][    T0] ACPI: Early table checksum verification disabled
[    0.077800][    T0] ACPI: RSDP 0x00000000000F5250 000014 (v00 BOCHS )
[    0.082018][    T0] ACPI: RSDT 0x00000000BFFE1D7B 000034 (v01 BOCHS  BXPC     00000001 BXPC 00000001)
[    0.089083][    T0] ACPI: FACP 0x00000000BFFE1C17 000074 (v01 BOCHS  BXPC     00000001 BXPC 00000001)
[    0.097561][    T0] ACPI: DSDT 0x00000000BFFE0040 001BD7 (v01 BOCHS  BXPC     00000001 BXPC 00000001)
[    0.104085][    T0] ACPI: FACS 0x00000000BFFE0000 000040
[    0.107942][    T0] ACPI: APIC 0x00000000BFFE1C8B 000090 (v03 BOCHS  BXPC     00000001 BXPC 00000001)
[    0.115742][    T0] ACPI: HPET 0x00000000BFFE1D1B 000038 (v01 BOCHS  BXPC     00000001 BXPC 00000001)
[    0.123354][    T0] ACPI: WAET 0x00000000BFFE1D53 000028 (v01 BOCHS  BXPC     00000001 BXPC 00000001)
[    0.130254][    T0] ACPI: Reserving FACP table memory at [mem 0xbffe1c17-0xbffe1c8a]
[    0.136809][    T0] ACPI: Reserving DSDT table memory at [mem 0xbffe0040-0xbffe1c16]
[    0.150161][    T0] ACPI: Reserving FACS table memory at [mem 0xbffe0000-0xbffe003f]
[    0.156363][    T0] ACPI: Reserving APIC table memory at [mem 0xbffe1c8b-0xbffe1d1a]
[    0.162513][    T0] ACPI: Reserving HPET table memory at [mem 0xbffe1d1b-0xbffe1d52]
[    0.168396][    T0] ACPI: Reserving WAET table memory at [mem 0xbffe1d53-0xbffe1d7a]
[    0.177970][    T0] No NUMA configuration found
[    0.181659][    T0] Faking a node at [mem 0x0000000000000000-0x000000013fffffff]
[    0.186379][    T0] Faking node 0 at [mem 0x0000000000001000-0x0000000080000fff] (2048MB)
[    0.192506][    T0] Faking node 1 at [mem 0x0000000080001000-0x000000013fffffff] (3071MB)
[    0.200210][    T0] NODE_DATA(0) allocated [mem 0x7fffb400-0x80000fff]
[    0.207019][    T0] NODE_DATA(1) allocated [mem 0x13fff6400-0x13fffbfff]
[    0.330595][    T0] Zone ranges:
[    0.332690][    T0]   DMA      [mem 0x0000000000001000-0x0000000000ffffff]
[    0.336957][    T0]   DMA32    [mem 0x0000000001000000-0x00000000ffffffff]
[    0.341850][    T0]   Normal   [mem 0x0000000100000000-0x000000013fffffff]
[    0.345731][    T0]   Device   empty
[    0.348267][    T0] Movable zone start for each node
[    0.351719][    T0] Early memory node ranges
[    0.354667][    T0]   node   0: [mem 0x0000000000001000-0x000000000009efff]
[    0.359361][    T0]   node   0: [mem 0x0000000000100000-0x0000000080000fff]
[    0.364392][    T0]   node   1: [mem 0x0000000080001000-0x00000000bffdffff]
[    0.369475][    T0]   node   1: [mem 0x0000000100000000-0x000000013fffffff]
[    0.374412][    T0] Initmem setup node 0 [mem 0x0000000000001000-0x0000000080000fff]
[    0.380565][    T0] Initmem setup node 1 [mem 0x0000000080001000-0x000000013fffffff]
[    0.386133][    T0] On node 0, zone DMA: 1 pages in unavailable ranges
[    0.390638][    T0] On node 0, zone DMA: 97 pages in unavailable ranges
[    0.442964][    T0] On node 1, zone Normal: 32 pages in unavailable ranges
[    1.502758][    T0] KernelAddressSanitizer initialized (generic)
[    1.509636][    T0] ACPI: PM-Timer IO Port: 0x608
[    1.512980][    T0] ACPI: LAPIC_NMI (acpi_id[0xff] dfl dfl lint[0x1])
[    1.517885][    T0] IOAPIC[0]: apic_id 0, version 17, address 0xfec00000, GSI 0-23
[    1.523955][    T0] ACPI: INT_SRC_OVR (bus 0 bus_irq 0 global_irq 2 dfl dfl)
[    1.528737][    T0] ACPI: INT_SRC_OVR (bus 0 bus_irq 5 global_irq 5 high level)
[    1.533712][    T0] ACPI: INT_SRC_OVR (bus 0 bus_irq 9 global_irq 9 high level)
[    1.538679][    T0] ACPI: INT_SRC_OVR (bus 0 bus_irq 10 global_irq 10 high level)
[    1.543170][    T0] ACPI: INT_SRC_OVR (bus 0 bus_irq 11 global_irq 11 high level)
[    1.548282][    T0] ACPI: Using ACPI (MADT) for SMP configuration information
[    1.553563][    T0] ACPI: HPET id: 0x8086a201 base: 0xfed00000
[    1.556730][    T0] CPU topo: Max. logical packages:   1
[    1.561143][    T0] CPU topo: Max. logical dies:       1
[    1.565138][    T0] CPU topo: Max. dies per package:   1
[    1.569751][    T0] CPU topo: Max. threads per core:   1
[    1.574092][    T0] CPU topo: Num. cores per package:     4
[    1.579103][    T0] CPU topo: Num. threads per package:   4
[    1.582871][    T0] CPU topo: Allowing 4 present CPUs plus 0 hotplug CPUs
[    1.587677][    T0] kvm-guest: APIC: eoi() replaced with kvm_guest_apic_eoi_write()
[    1.593244][    T0] PM: hibernation: Registered nosave memory: [mem 0x00000000-0x00000fff]
[    1.599271][    T0] PM: hibernation: Registered nosave memory: [mem 0x0009f000-0x000fffff]
[    1.605654][    T0] PM: hibernation: Registered nosave memory: [mem 0xbffe0000-0xffffffff]
[    1.611955][    T0] [mem 0xc0000000-0xfeffbfff] available for PCI devices
[    1.616857][    T0] Booting paravirtualized kernel on KVM
[    1.620806][    T0] clocksource: refined-jiffies: mask: 0xffffffff max_cycles: 0xffffffff, max_idle_ns: 19112604462750000 ns
[    1.693666][    T0] setup_percpu: NR_CPUS:8 nr_cpumask_bits:4 nr_cpu_ids:4 nr_node_ids:2
[    1.708275][    T0] percpu: Embedded 70 pages/cpu s247752 r8192 d30776 u1048576
[    1.714374][    T0] kvm-guest: PV spinlocks disabled, no host support
[    1.719642][    T0] Kernel command line: earlyprintk=serial net.ifnames=0 sysctl.kernel.hung_task_all_cpu_backtrace=1 ima_policy=tcb nf-conntrack-ftp.ports=20000 nf-conntrack-tftp.ports=20000 nf-conntrack-sip.ports=20000 nf-conntrack-irc.ports=20000 nf-conntrack-sane.ports=20000 binder.debug_mask=0 rcupdate.rcu_expedited=1 rcupdate.rcu_cpu_stall_cputime=1 no_hash_pointers page_owner=on sysctl.vm.nr_hugepages=4 sysctl.vm.nr_overcommit_hugepages=4 secretmem.enable=1 sysctl.max_rcu_stall_to_panic=1 msr.allow_writes=off coredump_filter=0xffff root=/dev/sda console=ttyS0 vsyscall=native numa=fake=2 kvm-intel.nested=1 spec_store_bypass_disable=prctl nopcid vivid.n_devs=64 vivid.multiplanar=1,2,1,2,1,2,1,2,1,2,1,2,1,2,1,2,1,2,1,2,1,2,1,2,1,2,1,2,1,2,1,2,1,2,1,2,1,2,1,2,1,2,1,2,1,2,1,2,1,2,1,2,1,2,1,2,1,2,1,2,1,2,1,2 netrom.nr_ndevs=32 rose.rose_ndevs=32 smp.csd_lock_timeout=100000 watchdog_thresh=55 workqueue.watchdog_thresh=140 sysctl.net.core.netdev_unregister_timeout_secs=140 dummy_hcd.num=32 max_loop=32 nbds_max=32 comedi.comedi
[    1.725904][    T0] Unknown kernel command line parameters "nbds_max=32", will be passed to user space.
[    1.790742][    T0] printk: log buffer data + meta data: 262144 + 917504 = 1179648 bytes
[    1.796612][    T0] software IO TLB: area num 4.
[    1.988971][    T0] Fallback order for Node 0: 0 1 
[    1.989174][    T0] Fallback order for Node 1: 1 0 
[    1.989224][    T0] Built 2 zonelists, mobility grouping on.  Total pages: 1048446
[    2.004304][    T0] Policy zone: Normal
[    2.012372][    T0] mem auto-init: stack:off, heap alloc:on, heap free:off
[    2.017919][    T0] stackdepot: allocating hash table via alloc_large_system_hash
[    2.022594][    T0] stackdepot hash table entries: 1048576 (order: 12, 16777216 bytes, linear)
[    2.066405][    T0] stackdepot: allocating space for 8192 stack pools via memblock
[    2.412648][    T0] **********************************************************
[    2.417330][    T0] **   NOTICE NOTICE NOTICE NOTICE NOTICE NOTICE NOTICE   **
[    2.422451][    T0] **                                                      **
[    2.428542][    T0] ** This system shows unhashed kernel memory addresses   **
[    2.433989][    T0] ** via the console, logs, and other interfaces. This    **
[    2.439513][    T0] ** might reduce the security of your system.            **
[    2.445449][    T0] **                                                      **
[    2.451009][    T0] ** If you see this message and you are not debugging    **
[    2.456215][    T0] ** the kernel, report this immediately to your system   **
[    2.462173][    T0] ** administrator!                                       **
[    2.467540][    T0] **                                                      **
[    2.472579][    T0] ** Use hash_pointers=always to force this mode off      **
[    2.477338][    T0] **                                                      **
[    2.483158][    T0] **   NOTICE NOTICE NOTICE NOTICE NOTICE NOTICE NOTICE   **
[    2.489250][    T0] **********************************************************
[    2.497192][    T0] SLUB: HWalign=64, Order=0-3, MinObjects=0, CPUs=4, Nodes=2
[    2.809996][    T0] allocated 83886080 bytes of page_ext
[    2.814455][    T0] Node 0, zone      DMA: page owner found early allocated 0 pages
[    2.842862][    T0] Node 0, zone    DMA32: page owner found early allocated 10987 pages
[    2.850389][    T0] Node 1, zone    DMA32: page owner found early allocated 0 pages
[    2.866746][    T0] Node 1, zone   Normal: page owner found early allocated 9603 pages
[    2.875513][    T0] Kernel/User page tables isolation: enabled
[    2.885083][    T0] Dynamic Preempt: full
[    2.889816][    T0] Running RCU self tests
[    2.892478][    T0] Running RCU synchronous self tests
[    2.895981][    T0] rcu: Preemptible hierarchical RCU implementation.
[    2.900400][    T0] rcu: 	RCU lockdep checking is enabled.
[    2.904730][    T0] rcu: 	RCU restricting CPUs from NR_CPUS=8 to nr_cpu_ids=4.
[    2.909706][    T0] rcu: 	RCU callback double-/use-after-free debug is enabled.
[    2.915514][    T0] rcu: 	RCU debug extended QS entry/exit.
[    2.919374][    T0] 	All grace periods are expedited (rcu_expedited).
[    2.924494][    T0] 	Trampoline variant of Tasks RCU enabled.
[    2.929482][    T0] 	Tracing variant of Tasks RCU enabled.
[    2.933854][    T0] rcu: RCU calculated value of scheduler-enlistment delay is 10 jiffies.
[    2.939372][    T0] rcu: Adjusting geometry for rcu_fanout_leaf=16, nr_cpu_ids=4
[    2.945710][    T0] Running RCU synchronous self tests
[    2.950103][    T0] RCU Tasks: Setting shift to 2 and lim to 1 rcu_task_cb_adjust=1 rcu_task_cpu_ids=4.
[    2.957242][    T0] RCU Tasks Trace: Setting shift to 2 and lim to 1 rcu_task_cb_adjust=1 rcu_task_cpu_ids=4.
[    3.176134][    T0] NR_IRQS: 4352, nr_irqs: 456, preallocated irqs: 16
[    3.184341][    T0] rcu: srcu_init: Setting srcu_struct sizes based on contention.
[    3.190467][    T0] kfence: initialized - using 2097152 bytes for 255 objects at 0xffff888135c00000-0xffff888135e00000
[    3.262358][    T0] Console: colour VGA+ 80x25
[    3.267476][    T0] printk: legacy console [ttyS0] enabled
[    3.267476][    T0] printk: legacy console [ttyS0] enabled
[    3.277612][    T0] printk: legacy bootconsole [earlyser0] disabled
[    3.277612][    T0] printk: legacy bootconsole [earlyser0] disabled
[    3.288353][    T0] Lock dependency validator: Copyright (c) 2006 Red Hat, Inc., Ingo Molnar
[    3.294726][    T0] ... MAX_LOCKDEP_SUBCLASSES:  8
[    3.298697][    T0] ... MAX_LOCK_DEPTH:          48
[    3.301738][    T0] ... MAX_LOCKDEP_KEYS:        8192
[    3.304409][    T0] ... CLASSHASH_SIZE:          4096
[    3.307106][    T0] ... MAX_LOCKDEP_ENTRIES:     1048576
[    3.311043][    T0] ... MAX_LOCKDEP_CHAINS:      1048576
[    3.315518][    T0] ... CHAINHASH_SIZE:          524288
[    3.319034][    T0]  memory used by lock dependency info: 106625 kB
[    3.323137][    T0]  memory used for stack traces: 8320 kB
[    3.326876][    T0]  per task-struct memory footprint: 1920 bytes
[    3.331727][    T0] mempolicy: Enabling automatic NUMA balancing. Configure with numa_balancing= or the kernel.numa_balancing sysctl
[    3.339301][    T0] ACPI: Core revision 20250807
[    3.344336][    T0] clocksource: hpet: mask: 0xffffffff max_cycles: 0xffffffff, max_idle_ns: 19112604467 ns
[    3.353297][    T0] APIC: Switch to symmetric I/O mode setup
[    3.360701][    T0] x2apic enabled
[    3.367143][    T0] APIC: Switched APIC routing to: physical x2apic
[    3.384701][    T0] ..TIMER: vector=0x30 apic1=0 pin1=2 apic2=-1 pin2=-1
[    3.389987][    T0] clocksource: tsc-early: mask: 0xffffffffffffffff max_cycles: 0x2868139ef5d, max_idle_ns: 440795282642 ns
[    3.397996][    T0] Calibrating delay loop (skipped) preset value.. 5606.40 BogoMIPS (lpj=28032040)
[    3.410820][    T0] Last level iTLB entries: 4KB 0, 2MB 0, 4MB 0
[    3.415121][    T0] Last level dTLB entries: 4KB 0, 2MB 0, 4MB 0, 1GB 0
[    3.418036][    T0] mitigations: Enabled attack vectors: user_kernel, user_user, guest_host, guest_guest, SMT mitigations: auto
[    3.428023][    T0] Speculative Store Bypass: Vulnerable
[    3.431805][    T0] Spectre V2 : Mitigation: Retpolines
[    3.435753][    T0] ITS: Mitigation: Aligned branch/return thunks
[    3.437993][    T0] MDS: Vulnerable: Clear CPU buffers attempted, no microcode
[    3.443107][    T0] Spectre V1 : Mitigation: usercopy/swapgs barriers and __user pointer sanitization
[    3.448007][    T0] Spectre V2 : Spectre v2 / SpectreRSB: Filling RSB on context switch and VMEXIT
[    3.458003][    T0] active return thunk: its_return_thunk
[    3.462262][    T0] x86/fpu: x87 FPU will use FXSAVE
[    3.803658][    T0] Freeing SMP alternatives memory: 132K
[    3.808017][    T0] pid_max: default: 32768 minimum: 301
[    3.813277][    T0] LSM: initializing lsm=lockdown,capability,landlock,yama,safesetid,tomoyo,apparmor,bpf,ima,evm
[    3.818425][    T0] landlock: Up and running.
[    3.822747][    T0] Yama: becoming mindful.
[    3.828480][    T0] TOMOYO Linux initialized
[    3.833329][    T0] AppArmor: AppArmor initialized
[    3.840525][    T0] LSM support for eBPF active
[    3.853458][    T0] Dentry cache hash table entries: 524288 (order: 10, 4194304 bytes, vmalloc hugepage)
[    3.861712][    T0] Inode-cache hash table entries: 262144 (order: 9, 2097152 bytes, vmalloc hugepage)
[    3.868456][    T0] Mount-cache hash table entries: 8192 (order: 4, 65536 bytes, vmalloc)
[    3.878469][    T0] Mountpoint-cache hash table entries: 8192 (order: 4, 65536 bytes, vmalloc)
[    3.895261][    T0] Running RCU synchronous self tests
[    3.897990][    T0] Running RCU synchronous self tests
[    4.027971][    T1] smpboot: CPU0: Intel QEMU Virtual CPU version 2.5+ (family: 0xf, model: 0x6b, stepping: 0x1)
[    4.031953][    T1] Performance Events: unsupported Netburst CPU model 107 no PMU driver, software events only.
[    4.038373][    T1] signal: max sigframe size: 1440
[    4.048885][    T1] rcu: Hierarchical SRCU implementation.
[    4.053660][    T1] rcu: 	Max phase no-delay instances is 1000.
[    4.059776][    T1] Timer migration: 2 hierarchy levels; 8 children per group; 1 crossnode level
[    4.129066][    T1] NMI watchdog: Perf NMI watchdog permanently disabled
[    4.137340][    T1] smp: Bringing up secondary CPUs ...
[    4.150083][    T1] smpboot: x86: Booting SMP configuration:
[    4.154753][    T1] .... node  #1, CPUs:      #1
[    4.162008][    T1] .... node  #0, CPUs:   #2
[    4.168048][    T1] .... node  #1, CPUs:   #3
[    4.189978][    T1] smp: Brought up 2 nodes, 4 CPUs
[    4.192658][    T1] smpboot: Total of 4 processors activated (22425.63 BogoMIPS)
[    4.202229][    T1] Memory: 2940376K/4193784K available (168261K kernel code, 41423K rwdata, 40108K rodata, 27048K init, 120456K bss, 1153864K reserved, 0K cma-reserved)
[    4.218952][    T1] devtmpfs: initialized
[    4.222089][    T1] x86/mm: Memory block size: 128MB
[    4.273031][    T1] Running RCU synchronous self tests
[    4.278040][    T1] Running RCU synchronous self tests
[    4.281934][    T1] Running RCU Tasks wait API self tests
[    4.288079][    T1] Running RCU Tasks Trace wait API self tests
[    4.338121][    T1] clocksource: jiffies: mask: 0xffffffff max_cycles: 0xffffffff, max_idle_ns: 19112604462750000 ns
[    4.348992][    T1] posixtimers hash table entries: 2048 (order: 6, 147456 bytes, vmalloc)
[    4.358225][    T1] futex hash table entries: 512 (65536 bytes on 2 NUMA nodes, total 128 KiB, linear).
[    4.365698][    T1] PM: RTC time: 16:20:14, date: 2026-01-09
[    4.392451][    T1] NET: Registered PF_NETLINK/PF_ROUTE protocol family
[    4.405833][    T1] audit: initializing netlink subsys (disabled)
[    4.418441][   T43] audit: type=2000 audit(1767975614.151:1): state=initialized audit_enabled=0 res=1
[    4.422745][    T1] thermal_sys: Registered thermal governor 'step_wise'
[    4.424672][   T42] Callback from call_rcu_tasks_trace() invoked.
[    4.425077][    T1] cpuidle: using governor menu
[    4.432416][    T1] NET: Registered PF_QIPCRTR protocol family
[    4.448739][    T1] dca service started, version 1.12.1
[    4.453777][    T1] PCI: Using configuration type 1 for base access
[    4.481184][    T1] HugeTLB: registered 2.00 MiB page size, pre-allocated 0 pages
[    4.487996][    T1] HugeTLB: 28 KiB vmemmap can be freed for a 2.00 MiB page
[    4.510299][   T41] Callback from call_rcu_tasks() invoked.
[    4.510841][    T1] raid6: skipped pq benchmark and selected sse2x4
[    4.523191][    T1] raid6: using intx1 recovery algorithm
[    4.529937][    T1] ACPI: Added _OSI(Module Device)
[    4.534168][    T1] ACPI: Added _OSI(Processor Device)
[    4.538006][    T1] ACPI: Added _OSI(Processor Aggregator Device)
[    4.622398][    T1] ACPI: 1 ACPI AML tables successfully acquired and loaded
[    4.665076][    T1] ACPI: Interpreter enabled
[    4.668385][    T1] ACPI: PM: (supports S0 S3 S4 S5)
[    4.672630][    T1] ACPI: Using IOAPIC for interrupt routing
[    4.678408][    T1] PCI: Using host bridge windows from ACPI; if necessary, use "pci=nocrs" and report a bug
[    4.686842][    T1] PCI: Using E820 reservations for host bridge windows
[    4.693703][    T1] ACPI: Enabled 2 GPEs in block 00 to 0F
[    5.020151][    T1] ACPI: PCI Root Bridge [PCI0] (domain 0000 [bus 00-ff])
[    5.028189][    T1] acpi PNP0A03:00: _OSC: OS supports [ASPM ClockPM Segments MSI HPX-Type3]
[    5.036963][    T1] acpi PNP0A03:00: _OSC: not requesting OS control; OS requires [ExtendedConfig ASPM ClockPM MSI]
[    5.040171][    T1] acpi PNP0A03:00: fail to add MMCONFIG information, can't access extended configuration space under this bridge
[    5.064848][    T1] PCI host bridge to bus 0000:00
[    5.067990][    T1] pci_bus 0000:00: Unknown NUMA node; performance will be reduced
[    5.074343][    T1] pci_bus 0000:00: root bus resource [io  0x0000-0x0cf7 window]
[    5.078021][    T1] pci_bus 0000:00: root bus resource [io  0x0d00-0xffff window]
[    5.084290][    T1] pci_bus 0000:00: root bus resource [mem 0x000a0000-0x000bffff window]
[    5.088004][    T1] pci_bus 0000:00: root bus resource [mem 0xc0000000-0xfebfffff window]
[    5.098020][    T1] pci_bus 0000:00: root bus resource [mem 0x140000000-0x1bfffffff window]
[    5.108222][    T1] pci_bus 0000:00: root bus resource [bus 00-ff]
[    5.113841][    T1] pci 0000:00:00.0: [8086:1237] type 00 class 0x060000 conventional PCI endpoint
[    5.188477][    T1] pci 0000:00:01.0: [8086:7000] type 00 class 0x060100 conventional PCI endpoint
[    5.216683][    T1] pci 0000:00:01.1: [8086:7010] type 00 class 0x010180 conventional PCI endpoint
[    5.220650][    T1] pci 0000:00:01.1: BAR 4 [io  0xc0a0-0xc0af]
[    5.225152][    T1] pci 0000:00:01.1: BAR 0 [io  0x01f0-0x01f7]: legacy IDE quirk
[    5.238005][    T1] pci 0000:00:01.1: BAR 1 [io  0x03f6]: legacy IDE quirk
[    5.247991][    T1] pci 0000:00:01.1: BAR 2 [io  0x0170-0x0177]: legacy IDE quirk
[    5.254455][    T1] pci 0000:00:01.1: BAR 3 [io  0x0376]: legacy IDE quirk
[    5.264222][    T1] pci 0000:00:01.3: [8086:7113] type 00 class 0x068000 conventional PCI endpoint
[    5.270563][    T1] pci 0000:00:01.3: quirk: [io  0x0600-0x063f] claimed by PIIX4 ACPI
[    5.278059][    T1] pci 0000:00:01.3: quirk: [io  0x0700-0x070f] claimed by PIIX4 SMB
[    5.299022][    T1] pci 0000:00:02.0: [1234:1111] type 00 class 0x030000 conventional PCI endpoint
[    5.369414][    T1] pci 0000:00:02.0: BAR 0 [mem 0xfd000000-0xfdffffff pref]
[    5.376637][    T1] pci 0000:00:02.0: BAR 2 [mem 0xfebc0000-0xfebc0fff]
[    5.378195][    T1] pci 0000:00:02.0: ROM [mem 0xfeba0000-0xfebaffff pref]
[    5.394193][    T1] pci 0000:00:02.0: Video device with shadowed ROM at [mem 0x000c0000-0x000dffff]
[    5.433546][    T1] pci 0000:00:03.0: [1af4:1005] type 00 class 0x00ff00 conventional PCI endpoint
[    5.443273][    T1] pci 0000:00:03.0: BAR 0 [io  0xc080-0xc09f]
[    5.448051][    T1] pci 0000:00:03.0: BAR 1 [mem 0xfebc1000-0xfebc1fff]
[    5.458393][    T1] pci 0000:00:03.0: BAR 4 [mem 0xfe000000-0xfe003fff 64bit pref]
[    5.567971][    T1] pci 0000:00:04.0: [1af4:1009] type 00 class 0x000200 conventional PCI endpoint
[    5.567971][    T1] pci 0000:00:04.0: BAR 0 [io  0xc000-0xc03f]
[    5.578052][    T1] pci 0000:00:04.0: BAR 1 [mem 0xfebc2000-0xfebc2fff]
[    5.583527][    T1] pci 0000:00:04.0: BAR 4 [mem 0xfe004000-0xfe007fff 64bit pref]
[    5.685433][    T1] pci 0000:00:05.0: [8086:2652] type 00 class 0x010600 conventional PCI endpoint
[    5.687971][    T1] pci 0000:00:05.0: BAR 5 [mem 0xfebb0000-0xfebbffff]
[    5.796734][    T1] pci 0000:00:06.0: [8086:100e] type 00 class 0x020000 conventional PCI endpoint
[    5.809519][    T1] pci 0000:00:06.0: BAR 0 [mem 0xfeb80000-0xfeb9ffff]
[    5.814081][    T1] pci 0000:00:06.0: BAR 1 [io  0xc040-0xc07f]
[    5.818307][    T1] pci 0000:00:06.0: ROM [mem 0xfeb40000-0xfeb7ffff pref]
[    5.949545][    T1] ACPI: PCI: Interrupt link LNKA configured for IRQ 10
[    5.969346][    T1] ACPI: PCI: Interrupt link LNKB configured for IRQ 10
[    5.987076][    T1] ACPI: PCI: Interrupt link LNKC configured for IRQ 11
[    6.000147][    T1] ACPI: PCI: Interrupt link LNKD configured for IRQ 11
[    6.008141][    T1] ACPI: PCI: Interrupt link LNKS configured for IRQ 9
[    6.059238][    T1] iommu: Default domain type: Translated
[    6.063199][    T1] iommu: DMA domain TLB invalidation policy: lazy mode
[    6.128077][    T1] SCSI subsystem initialized
[    6.146490][    T1] ACPI: bus type USB registered
[    6.151058][    T1] usbcore: registered new interface driver usbfs
[    6.160310][    T1] usbcore: registered new interface driver hub
[    6.172596][    T1] usbcore: registered new device driver usb
[    6.182390][    T1] mc: Linux media interface: v0.10
[    6.188573][    T1] videodev: Linux video capture interface: v2.00
[    6.200015][    T1] pps_core: LinuxPPS API ver. 1 registered
[    6.204890][    T1] pps_core: Software ver. 5.3.6 - Copyright 2005-2007 Rodolfo Giometti <giometti@linux.it>
[    6.208388][    T1] PTP clock support registered
[    6.219394][    T1] EDAC MC: Ver: 3.0.0
[    6.250647][    T1] Advanced Linux Sound Architecture Driver Initialized.
[    6.278002][    T1] Bluetooth: Core ver 2.22
[    6.282946][    T1] NET: Registered PF_BLUETOOTH protocol family
[    6.287971][    T1] Bluetooth: HCI device and connection manager initialized
[    6.295064][    T1] Bluetooth: HCI socket layer initialized
[    6.298060][    T1] Bluetooth: L2CAP socket layer initialized
[    6.303336][    T1] Bluetooth: SCO socket layer initialized
[    6.308459][    T1] NET: Registered PF_ATMPVC protocol family
[    6.312943][    T1] NET: Registered PF_ATMSVC protocol family
[    6.319309][    T1] NetLabel: Initializing
[    6.322381][    T1] NetLabel:  domain hash size = 128
[    6.327983][    T1] NetLabel:  protocols = UNLABELED CIPSOv4 CALIPSO
[    6.334301][    T1] NetLabel:  unlabeled traffic allowed by default
[    6.341279][    T1] nfc: nfc_init: NFC Core ver 0.1
[    6.349554][    T1] NET: Registered PF_NFC protocol family
[    6.358266][    T1] mctp: management component transport protocol core
[    6.363532][    T1] NET: Registered PF_MCTP protocol family
[    6.369922][    T1] PCI: Using ACPI for IRQ routing
[    6.377666][    T1] pci 0000:00:02.0: vgaarb: setting as boot VGA device
[    6.377666][    T1] pci 0000:00:02.0: vgaarb: bridge control possible
[    6.377971][    T1] pci 0000:00:02.0: vgaarb: VGA device added: decodes=io+mem,owns=io+mem,locks=none
[    6.398015][    T1] vgaarb: loaded
[    6.421499][    T1] hpet: 3 channels of 0 reserved for per-cpu timers
[    6.427064][    T1] hpet0: at MMIO 0xfed00000, IRQs 2, 8, 0
[    6.427993][    T1] hpet0: 3 comparators, 64-bit 100.000000 MHz counter
[    6.456058][    T1] clocksource: Switched to clocksource kvm-clock
[    6.466848][    T1] VFS: Disk quotas dquot_6.6.0
[    6.472102][    T1] VFS: Dquot-cache hash table entries: 512 (order 0, 4096 bytes)
[    6.487983][    T1] netfs: FS-Cache loaded
[    6.496153][    T1] CacheFiles: Loaded
[    6.502347][    T1] TOMOYO: 2.6.0
[    6.506441][    T1] Mandatory Access Control activated.
[    6.519906][    T1] AppArmor: AppArmor Filesystem Enabled
[    6.527111][    T1] pnp: PnP ACPI init
[    6.553412][    T1] pnp: PnP ACPI: found 6 devices
[    6.665636][    T1] clocksource: acpi_pm: mask: 0xffffff max_cycles: 0xffffff, max_idle_ns: 2085701024 ns
[    6.676158][    T1] NET: Registered PF_INET protocol family
[    6.685761][    T1] IP idents hash table entries: 65536 (order: 7, 524288 bytes, vmalloc)
[    6.704936][    T1] tcp_listen_portaddr_hash hash table entries: 2048 (order: 6, 147456 bytes, vmalloc)
[    6.717729][    T1] Table-perturb hash table entries: 65536 (order: 6, 262144 bytes, vmalloc)
[    6.727477][    T1] TCP established hash table entries: 32768 (order: 6, 262144 bytes, vmalloc)
[    6.761704][    T1] TCP bind hash table entries: 32768 (order: 11, 4718592 bytes, vmalloc hugepage)
[    6.770947][    T1] TCP: Hash tables configured (established 32768 bind 32768)
[    6.783490][    T1] MPTCP token hash table entries: 4096 (order: 7, 360448 bytes, vmalloc)
[    6.795222][    T1] UDP hash table entries: 2048 (order: 7, 524288 bytes, vmalloc)
[    6.809320][    T1] UDP-Lite hash table entries: 2048 (order: 7, 524288 bytes, vmalloc)
[    6.819408][    T1] NET: Registered PF_UNIX/PF_LOCAL protocol family
[    6.835916][    T1] RPC: Registered named UNIX socket transport module.
[    6.845114][    T1] RPC: Registered udp transport module.
[    6.850267][    T1] RPC: Registered tcp transport module.
[    6.855937][    T1] RPC: Registered tcp-with-tls transport module.
[    6.861458][    T1] RPC: Registered tcp NFSv4.1 backchannel transport module.
[    6.874624][    T1] NET: Registered PF_XDP protocol family
[    6.880844][    T1] pci_bus 0000:00: resource 4 [io  0x0000-0x0cf7 window]
[    6.886099][    T1] pci_bus 0000:00: resource 5 [io  0x0d00-0xffff window]
[    6.892944][    T1] pci_bus 0000:00: resource 6 [mem 0x000a0000-0x000bffff window]
[    6.899276][    T1] pci_bus 0000:00: resource 7 [mem 0xc0000000-0xfebfffff window]
[    6.906135][    T1] pci_bus 0000:00: resource 8 [mem 0x140000000-0x1bfffffff window]
[    6.919275][    T1] pci 0000:00:01.0: PIIX3: Enabling Passive Release
[    6.923903][    T1] pci 0000:00:00.0: Limiting direct PCI/PCI transfers
[    6.929752][    T1] PCI: CLS 0 bytes, default 64
[    6.935182][    T1] PCI-DMA: Using software bounce buffering for IO (SWIOTLB)
[    6.944761][    T1] software IO TLB: mapped [mem 0x00000000bbfe0000-0x00000000bffe0000] (64MB)
[    6.960613][    T1] ACPI: bus type thunderbolt registered
[    6.978876][   T79] kworker/u18:1 (79) used greatest stack depth: 28312 bytes left
[    6.981047][    T1] kvm_intel: VMX not supported by CPU 1
[    6.994316][   T78] kworker/u18:1 (78) used greatest stack depth: 27992 bytes left
[    6.999714][    T1] kvm_amd: CPU 1 isn't AMD or Hygon
[    7.012047][    T1] clocksource: tsc: mask: 0xffffffffffffffff max_cycles: 0x2868139ef5d, max_idle_ns: 440795282642 ns
[    7.051324][    T1] twofish-x86_64-3way: performance on this CPU would be suboptimal: disabling twofish-x86_64-3way.
[    7.062468][    T1] CPU feature 'AVX registers' is not supported.
[    7.071451][    T1] CPU feature 'AVX registers' is not supported.
[    7.081635][    T1] AVX2 instructions are not detected.
[    7.086097][    T1] des3_ede-x86_64: performance on this CPU would be suboptimal: disabling des3_ede-x86_64.
[    7.099691][    T1] camellia-x86_64: performance on this CPU would be suboptimal: disabling camellia-x86_64.
[    7.110006][    T1] AVX or AES-NI instructions are not detected.
[    7.116029][    T1] AVX2 or AES-NI instructions are not detected.
[    7.121233][    T1] blowfish-x86_64: performance on this CPU would be suboptimal: disabling blowfish-x86_64.
[    7.132332][    T1] CPU feature 'AVX registers' is not supported.
[    7.141585][    T1] CPU feature 'AVX registers' is not supported.
[    7.150352][    T1] sm3_avx_x86_64: AVX instruction are not detected.
[    7.159527][    T1] AVX or AES-NI instructions are not detected.
[    7.166838][    T1] AVX2 or AES-NI instructions are not detected.
[    7.171909][    T1] AVX or AES-NI instructions are not detected.
[    7.186448][   T96] kworker/u18:2 (96) used greatest stack depth: 27720 bytes left
[    7.204389][   T97] kworker/u18:2 (97) used greatest stack depth: 27432 bytes left
[   10.251080][    T1] Initialise system trusted keyrings
[   10.259138][    T1] workingset: timestamp_bits=40 max_order=20 bucket_order=0
[   10.272938][    T1] DLM installed
[   10.280510][    T1] squashfs: version 4.0 (2009/01/31) Phillip Lougher
[   10.294628][    T1] NFS: Registering the id_resolver key type
[   10.300202][    T1] Key type id_resolver registered
[   10.303882][    T1] Key type id_legacy registered
[   10.307936][    T1] nfs4filelayout_init: NFSv4 File Layout Driver Registering...
[   10.315477][    T1] nfs4flexfilelayout_init: NFSv4 Flexfile Layout Driver Registering...
[   10.343089][    T1] Key type cifs.spnego registered
[   10.348480][    T1] Key type cifs.idmap registered
[   10.354964][    T1] ntfs3: Enabled Linux POSIX ACLs support
[   10.359917][    T1] ntfs3: Read-only LZX/Xpress compression included
[   10.365605][    T1] efs: 1.0a - http://aeschi.ch.eu.org/efs/
[   10.370632][    T1] jffs2: version 2.2. (NAND) (SUMMARY)  © 2001-2006 Red Hat, Inc.
[   10.381530][    T1] romfs: ROMFS MTD (C) 2007 Red Hat, Inc.
[   10.386405][    T1] QNX4 filesystem 0.2.3 registered.
[   10.391324][    T1] qnx6: QNX6 filesystem 1.0.0 registered.
[   10.398002][    T1] fuse: init (API version 7.45)
[   10.406877][    T1] orangefs_debugfs_init: called with debug mask: :none: :0:
[   10.415244][    T1] orangefs_init: module version upstream loaded
[   10.422296][    T1] JFS: nTxBlock = 8192, nTxLock = 65536
[   10.479122][    T1] SGI XFS with ACLs, security attributes, realtime, quota, no debug enabled
[   10.493236][    T1] 9p: Installing v9fs 9p2000 file system support
[   10.499227][    T1] NILFS version 2 loaded
[   10.502607][    T1] befs: version: 0.9.3
[   10.507221][    T1] ocfs2: Registered cluster interface o2cb
[   10.514498][    T1] ocfs2: Registered cluster interface user
[   10.521325][    T1] OCFS2 User DLM kernel interface loaded
[   10.547186][    T1] gfs2: GFS2 installed
[   10.571613][    T1] ceph: loaded (mds proto 32)
[   10.589209][    T1] cryptd: max_cpu_qlen set to 1000
[   10.626160][    T1] NET: Registered PF_ALG protocol family
[   10.630361][    T1] xor: measuring software checksum speed
[   10.637044][    T1]    prefetch64-sse  :  6375 MB/sec
[   10.641606][    T1]    generic_sse     :  7824 MB/sec
[   10.645556][    T1] xor: using function: generic_sse (7824 MB/sec)
[   10.650144][    T1] async_tx: api initialized (async)
[   10.653070][    T1] Key type asymmetric registered
[   10.656228][    T1] Asymmetric key parser 'x509' registered
[   10.660455][    T1] Asymmetric key parser 'pkcs8' registered
[   10.665018][    T1] Key type pkcs7_test registered
[   10.669216][    T1] Block layer SCSI generic (bsg) driver version 0.4 loaded (major 239)
[   10.675308][    T1] io scheduler mq-deadline registered
[   10.678775][    T1] io scheduler kyber registered
[   10.682121][    T1] io scheduler bfq registered
[   10.697620][    T1] input: Power Button as /devices/LNXSYSTM:00/LNXPWRBN:00/input/input0
[   10.710145][    T1] ACPI: button: Power Button [PWRF]
[   10.729560][    T1] ioatdma: Intel(R) QuickData Technology Driver 5.00
[   10.730362][  T198] kworker/u17:3 (198) used greatest stack depth: 27080 bytes left
[   15.329059][    T1] ACPI: \_SB_.LNKC: Enabled at IRQ 11
[   19.715656][    T1] ACPI: \_SB_.LNKD: Enabled at IRQ 10
[   20.219966][    T1] N_HDLC line discipline registered with maxframe=4096
[   20.224919][    T1] Serial: 8250/16550 driver, 4 ports, IRQ sharing enabled
[   20.237961][    T1] 00:04: ttyS0 at I/O 0x3f8 (irq = 4, base_baud = 115200) is a 16550A
[   20.273774][    T1] Non-volatile memory driver v1.3
[   20.289308][    T1] Linux agpgart interface v0.103
[   20.291256][  T783] random: crng init done
[   20.300050][    T1] usbcore: registered new interface driver xillyusb
[   20.315808][    T1] ACPI: bus type drm_connector registered
[   20.333273][    T1] [drm] Initialized vgem 1.0.0 for vgem on minor 0
[   20.348343][    T1] [drm] Initialized vkms 1.0.0 for vkms on minor 1
[   20.463022][    T1] Console: switching to colour frame buffer device 128x48
[   20.491351][    T1] faux_driver vkms: [drm] fb0: vkmsdrmfb frame buffer device
[   20.497337][    T1] usbcore: registered new interface driver udl
[   20.506082][    T1] bochs-drm 0000:00:02.0: vgaarb: deactivate vga console
[   20.524495][    T1] [drm] Found bochs VGA, ID 0xb0c5.
[   20.528715][    T1] [drm] Framebuffer size 16384 kB @ 0xfd000000, mmio @ 0xfebc0000.
[   20.541168][    T1] [drm] Initialized bochs-drm 1.0.0 for 0000:00:02.0 on minor 2
[   20.605415][    T1] fbcon: bochs-drmdrmfb (fb1) is primary device
[   20.605440][    T1] fbcon: Remapping primary device, fb1, to tty 1-63
[   21.515237][    T1] bochs-drm 0000:00:02.0: [drm] fb1: bochs-drmdrmfb frame buffer device
[   21.524615][    T1] usbcore: registered new interface driver gm12u320
[   21.529820][    T1] usbcore: registered new interface driver gud
[   21.651695][    T1] brd: module loaded
[   21.950695][    T1] loop: module loaded
[   22.273481][    T1] zram: Added device: zram0
[   22.293992][    T1] null_blk: disk nullb0 created
[   22.297116][    T1] null_blk: module loaded
[   22.301400][    T1] Guest personality initialized and is inactive
[   22.307582][    T1] VMCI host device registered (name=vmci, major=10, minor=266)
[   22.313866][    T1] Initialized host personality
[   22.317606][    T1] usbcore: registered new interface driver rtsx_usb
[   22.324830][    T1] usbcore: registered new interface driver viperboard
[   22.330830][    T1] usbcore: registered new interface driver dln2
[   22.336212][    T1] usbcore: registered new interface driver pn533_usb
[   22.349302][    T1] nfcsim 0.2 initialized
[   22.352820][    T1] usbcore: registered new interface driver port100
[   22.358819][    T1] usbcore: registered new interface driver nfcmrvl
[   22.371370][    T1] Loading iSCSI transport class v2.0-870.
[   22.390963][    T1] st: Version 20160209, fixed bufsize 32768, s/g segs 256
[   27.043928][    T1] ACPI: \_SB_.LNKA: Enabled at IRQ 10
[   27.080123][    T1] ahci 0000:00:05.0: SSS flag set, parallel bus scan disabled
[   27.099373][    T1] ahci 0000:00:05.0: AHCI vers 0103.0000, 1 command slots, ? Gbps, SATA mode
[   27.106313][    T1] ahci 0000:00:05.0: 32/32 ports implemented (port mask 0xffffffff)
[   27.112809][    T1] ahci 0000:00:05.0: flags: 64bit ncq stag only 
[   27.297581][    T1] scsi host0: ahci
[   27.312161][    T1] scsi host1: ahci
[   27.321531][    T1] scsi host2: ahci
[   27.332485][    T1] scsi host3: ahci
[   27.341756][    T1] scsi host4: ahci
[   27.347913][    T1] scsi host5: ahci
[   27.358546][    T1] scsi host6: ahci
[   27.365256][    T1] scsi host7: ahci
[   27.372436][    T1] scsi host8: ahci
[   27.379107][    T1] scsi host9: ahci
[   27.386543][    T1] scsi host10: ahci
[   27.393234][    T1] scsi host11: ahci
[   27.400476][    T1] scsi host12: ahci
[   27.408024][    T1] scsi host13: ahci
[   27.415981][    T1] scsi host14: ahci
[   27.422378][    T1] scsi host15: ahci
[   27.427985][    T1] scsi host16: ahci
[   27.436478][    T1] scsi host17: ahci
[   27.445547][    T1] scsi host18: ahci
[   27.454326][    T1] scsi host19: ahci
[   27.462040][    T1] scsi host20: ahci
[   27.470743][    T1] scsi host21: ahci
[   27.478800][    T1] scsi host22: ahci
[   27.486206][    T1] scsi host23: ahci
[   27.492431][    T1] scsi host24: ahci
[   27.499220][    T1] scsi host25: ahci
[   27.509673][    T1] scsi host26: ahci
[   27.518036][    T1] scsi host27: ahci
[   27.528074][    T1] scsi host28: ahci
[   27.539127][    T1] scsi host29: ahci
[   27.552038][    T1] scsi host30: ahci
[   27.563043][    T1] scsi host31: ahci
[   27.567493][    T1] ata1: SATA max UDMA/133 abar m65536@0xfebb0000 port 0xfebb0100 irq 26 lpm-pol 1
[   27.576033][    T1] ata2: SATA max UDMA/133 abar m65536@0xfebb0000 port 0xfebb0180 irq 27 lpm-pol 1
[   27.584208][    T1] ata3: SATA max UDMA/133 abar m65536@0xfebb0000 port 0xfebb0200 irq 28 lpm-pol 1
[   27.591328][    T1] ata4: SATA max UDMA/133 abar m65536@0xfebb0000 port 0xfebb0280 irq 29 lpm-pol 1
[   27.597078][    T1] ata5: SATA max UDMA/133 abar m65536@0xfebb0000 port 0xfebb0300 irq 30 lpm-pol 1
[   27.604083][    T1] ata6: SATA max UDMA/133 abar m65536@0xfebb0000 port 0xfebb0380 irq 31 lpm-pol 1
[   27.611424][    T1] ata7: SATA max UDMA/133 abar m65536@0xfebb0000 port 0xfebb0400 irq 32 lpm-pol 1
[   27.617894][    T1] ata8: SATA max UDMA/133 abar m65536@0xfebb0000 port 0xfebb0480 irq 33 lpm-pol 1
[   27.629856][    T1] ata9: SATA max UDMA/133 abar m65536@0xfebb0000 port 0xfebb0500 irq 34 lpm-pol 1
[   27.637202][    T1] ata10: SATA max UDMA/133 abar m65536@0xfebb0000 port 0xfebb0580 irq 35 lpm-pol 1
[   27.643248][    T1] ata11: SATA max UDMA/133 abar m65536@0xfebb0000 port 0xfebb0600 irq 36 lpm-pol 1
[   27.651456][    T1] ata12: SATA max UDMA/133 abar m65536@0xfebb0000 port 0xfebb0680 irq 37 lpm-pol 1
[   27.657294][    T1] ata13: SATA max UDMA/133 abar m65536@0xfebb0000 port 0xfebb0700 irq 38 lpm-pol 1
[   27.665032][    T1] ata14: SATA max UDMA/133 abar m65536@0xfebb0000 port 0xfebb0780 irq 39 lpm-pol 1
[   27.672367][    T1] ata15: SATA max UDMA/133 abar m65536@0xfebb0000 port 0xfebb0800 irq 40 lpm-pol 1
[   27.679499][    T1] ata16: SATA max UDMA/133 abar m65536@0xfebb0000 port 0xfebb0880 irq 41 lpm-pol 1
[   27.685459][    T1] ata17: SATA max UDMA/133 abar m65536@0xfebb0000 port 0xfebb0900 irq 42 lpm-pol 1
[   27.692736][    T1] ata18: SATA max UDMA/133 abar m65536@0xfebb0000 port 0xfebb0980 irq 43 lpm-pol 1
[   27.698661][    T1] ata19: SATA max UDMA/133 abar m65536@0xfebb0000 port 0xfebb0a00 irq 44 lpm-pol 1
[   27.706310][    T1] ata20: SATA max UDMA/133 abar m65536@0xfebb0000 port 0xfebb0a80 irq 45 lpm-pol 1
[   27.712671][    T1] ata21: SATA max UDMA/133 abar m65536@0xfebb0000 port 0xfebb0b00 irq 46 lpm-pol 1
[   27.717466][    T1] ata22: SATA max UDMA/133 abar m65536@0xfebb0000 port 0xfebb0b80 irq 47 lpm-pol 1
[   27.723452][    T1] ata23: SATA max UDMA/133 abar m65536@0xfebb0000 port 0xfebb0c00 irq 48 lpm-pol 1
[   27.729476][    T1] ata24: SATA max UDMA/133 abar m65536@0xfebb0000 port 0xfebb0c80 irq 49 lpm-pol 1
[   27.736082][    T1] ata25: SATA max UDMA/133 abar m65536@0xfebb0000 port 0xfebb0d00 irq 50 lpm-pol 1
[   27.742997][    T1] ata26: SATA max UDMA/133 abar m65536@0xfebb0000 port 0xfebb0d80 irq 51 lpm-pol 1
[   27.749459][    T1] ata27: SATA max UDMA/133 abar m65536@0xfebb0000 port 0xfebb0e00 irq 52 lpm-pol 1
[   27.754963][    T1] ata28: SATA max UDMA/133 abar m65536@0xfebb0000 port 0xfebb0e80 irq 53 lpm-pol 1
[   27.760980][    T1] ata29: SATA max UDMA/133 abar m65536@0xfebb0000 port 0xfebb0f00 irq 54 lpm-pol 1
[   27.766691][    T1] ata30: SATA max UDMA/133 abar m65536@0xfebb0000 port 0xfebb0f80 irq 55 lpm-pol 1
[   27.772855][    T1] ata31: SATA max UDMA/133 abar m65536@0xfebb0000 port 0xfebb1000 irq 56 lpm-pol 1
[   27.779419][    T1] ata32: SATA max UDMA/133 abar m65536@0xfebb0000 port 0xfebb1080 irq 57 lpm-pol 1
[   27.804423][    T1] scsi host32: ata_piix
[   27.811051][    T1] scsi host33: ata_piix
[   27.816497][    T1] ata33: PATA max MWDMA2 cmd 0x1f0 ctl 0x3f6 bmdma 0xc0a0 irq 14 lpm-pol 0
[   27.824865][    T1] ata34: PATA max MWDMA2 cmd 0x170 ctl 0x376 bmdma 0xc0a8 irq 15 lpm-pol 0
[   27.844295][    T1] Rounding down aligned max_sectors from 4294967295 to 4294967288
[   27.852710][    T1] db_root: cannot open: /etc/target
[   27.859382][    T1] slram: not enough parameters.
[   27.874549][    T1] ftl_cs: FTL header not found.
[   27.934630][    T1] wireguard: WireGuard 1.0.0 loaded. See www.wireguard.com for information.
[   27.943203][    T1] wireguard: Copyright (C) 2015-2019 Jason A. Donenfeld <Jason@zx2c4.com>. All Rights Reserved.
[   27.955494][    T1] eql: Equalizer2002: Simon Janes (simon@ncm.com) and David S. Miller (davem@redhat.com)
[   27.979210][    T1] MACsec IEEE 802.1AE
[   27.996444][    T1] usbcore: registered new interface driver mvusb_mdio
[   28.011301][    T1] tun: Universal TUN/TAP device driver, 1.6
[   28.012474][ T1345] ata34: found unknown device (class 0)
[   28.031292][    T1] vcan: Virtual CAN interface driver
[   28.033846][ T1337] ata33: found unknown device (class 0)
[   28.036310][    T1] vxcan: Virtual CAN Tunnel driver
[   28.043929][    T1] slcan: serial line CAN interface driver
[   28.047916][    T1] CAN device driver interface
[   28.051553][    T1] usbcore: registered new interface driver usb_8dev
[   28.053040][ T1345] ata34.00: ATAPI: QEMU DVD-ROM, 2.5+, max UDMA/100
[   28.060687][    T1] usbcore: registered new interface driver ems_usb
[   28.070293][ T1337] ata33.00: ATA-7: QEMU HARDDISK, 2.5+, max UDMA/100
[   28.070907][    T1] usbcore: registered new interface driver esd_usb
[   28.076368][ T1337] ata33.00: 536870912 sectors, multi 16: LBA48 
[   28.083528][    T1] usbcore: registered new interface driver etas_es58x
[   28.097626][    T1] usbcore: registered new interface driver f81604
[   28.102366][    T1] usbcore: registered new interface driver gs_usb
[   28.107208][    T1] usbcore: registered new interface driver kvaser_usb
[   28.112772][    T1] usbcore: registered new interface driver mcba_usb
[   28.118600][    T1] usbcore: registered new interface driver peak_usb
[   28.121652][ T1171] ata1: found unknown device (class 0)
[   28.123558][    T1] usbcore: registered new interface driver ucan
[   28.129159][ T1171] ata1: SATA link up 3.0 Gbps (SStatus 123 SControl 300)
[   28.133983][    T1] e100: Intel(R) PRO/100 Network Driver
[   28.140638][ T1171] ata1: link online but 1 devices misclassified, retrying
[   28.143125][    T1] e100: Copyright(c) 1999-2006 Intel Corporation
[   28.147605][ T1171] ata1: reset failed (errno=-11), retrying in 10 secs
[   28.153519][    T1] e1000: Intel(R) PRO/1000 Network Driver
[   28.167277][    T1] e1000: Copyright (c) 1999-2006 Intel Corporation.
[   32.548982][    T1] ACPI: \_SB_.LNKB: Enabled at IRQ 11
[   33.277890][    T1] e1000 0000:00:06.0 eth0: (PCI:33MHz:32-bit) 52:54:00:12:34:56
[   33.282924][    T1] e1000 0000:00:06.0 eth0: Intel(R) PRO/1000 Network Connection
[   33.287988][    T1] e1000e: Intel(R) PRO/1000 Network Driver
[   33.291504][    T1] e1000e: Copyright(c) 1999 - 2015 Intel Corporation.
[   33.298013][    T1] mkiss: AX.25 Multikiss, Hans Albas PE1AYX
[   33.302306][    T1] AX.25: bpqether driver version 004
[   33.305797][    T1] PPP generic driver version 2.4.2
[   33.309988][    T1] PPP BSD Compression module registered
[   33.314170][    T1] PPP Deflate Compression module registered
[   33.318538][    T1] PPP MPPE Compression module registered
[   33.322321][    T1] NET: Registered PF_PPPOX protocol family
[   33.327391][    T1] PPTP driver version 0.8.5
[   33.332290][    T1] SLIP: version 0.8.4-NET3.019-NEWTTY (dynamic channels, max=256) (6 bit encapsulation enabled).
[   33.339080][    T1] CSLIP: code copyright 1989 Regents of the University of California.
[   33.344416][    T1] SLIP linefill/keepalive option.
[   33.347540][    T1] hdlc: HDLC support module revision 1.22
[   33.351313][    T1] LAPB Ethernet driver version 0.02
[   33.356074][    T1] usbcore: registered new interface driver ath9k_htc
[   33.360219][    T1] usbcore: registered new interface driver carl9170
[   33.364825][    T1] usbcore: registered new interface driver ath6kl_usb
[   33.368742][    T1] usbcore: registered new interface driver ar5523
[   33.374123][    T1] usbcore: registered new interface driver ath10k_usb
[   33.378989][    T1] usbcore: registered new interface driver plfxlc
[   33.384222][    T1] mac80211_hwsim: initializing netlink
[   33.436182][    T1] usbcore: registered new interface driver atusb
[   33.465082][    T1] mac802154_hwsim mac802154_hwsim: Added 2 mac802154 hwsim hardware radios
[   33.474554][    T1] VMware vmxnet3 virtual NIC driver - version 1.9.0.0-k-NAPI
[   33.480656][    T1] usbcore: registered new interface driver catc
[   33.485175][    T1] usbcore: registered new interface driver kaweth
[   33.489423][    T1] pegasus: Pegasus/Pegasus II USB Ethernet driver
[   33.494749][    T1] usbcore: registered new interface driver pegasus
[   33.500577][    T1] usbcore: registered new interface driver rtl8150
[   33.505529][    T1] usbcore: registered new device driver r8152-cfgselector
[   33.511129][    T1] usbcore: registered new interface driver r8152
[   33.515298][    T1] usbcore: registered new interface driver hso
[   33.519643][    T1] usbcore: registered new interface driver lan78xx
[   33.524433][    T1] usbcore: registered new interface driver asix
[   33.531014][    T1] usbcore: registered new interface driver ax88179_178a
[   33.535329][    T1] usbcore: registered new interface driver cdc_ether
[   33.539951][    T1] usbcore: registered new interface driver cdc_eem
[   33.544224][    T1] usbcore: registered new interface driver dm9601
[   33.548621][    T1] usbcore: registered new interface driver sr9700
[   33.552786][    T1] usbcore: registered new interface driver CoreChips
[   33.557332][    T1] usbcore: registered new interface driver smsc75xx
[   33.562474][    T1] usbcore: registered new interface driver smsc95xx
[   33.567420][    T1] usbcore: registered new interface driver gl620a
[   33.572013][    T1] usbcore: registered new interface driver net1080
[   33.576499][    T1] usbcore: registered new interface driver plusb
[   33.580986][    T1] usbcore: registered new interface driver rndis_host
[   33.585643][    T1] usbcore: registered new interface driver cdc_subset
[   33.590049][    T1] usbcore: registered new interface driver zaurus
[   33.593337][    T1] usbcore: registered new interface driver MOSCHIP usb-ethernet driver
[   33.598068][    T1] usbcore: registered new interface driver int51x1
[   33.602051][    T1] usbcore: registered new interface driver cdc_phonet
[   33.606198][    T1] usbcore: registered new interface driver kalmia
[   33.610403][    T1] usbcore: registered new interface driver ipheth
[   33.614533][    T1] usbcore: registered new interface driver sierra_net
[   33.620166][    T1] usbcore: registered new interface driver cx82310_eth
[   33.624216][    T1] usbcore: registered new interface driver cdc_ncm
[   33.629693][    T1] usbcore: registered new interface driver huawei_cdc_ncm
[   33.646239][    T1] usbcore: registered new interface driver lg-vl600
[   33.651545][    T1] usbcore: registered new interface driver qmi_wwan
[   33.656672][    T1] usbcore: registered new interface driver cdc_mbim
[   33.662414][    T1] usbcore: registered new interface driver ch9200
[   33.667907][    T1] usbcore: registered new interface driver aqc111
[   33.674706][    T1] usbcore: registered new interface driver r8153_ecm
[   33.689904][    T1] VFIO - User Level meta-driver version: 0.3
[   33.706611][    T1] aoe: AoE v85 initialised.
[   33.750507][    T1] usbcore: registered new interface driver cdc_acm
[   33.755637][    T1] cdc_acm: USB Abstract Control Model driver for USB modems and ISDN adapters
[   33.764847][    T1] usbcore: registered new interface driver usblp
[   33.771756][    T1] usbcore: registered new interface driver cdc_wdm
[   33.779437][    T1] usbcore: registered new interface driver usbtmc
[   33.786609][    T1] usbcore: registered new interface driver uas
[   33.792320][    T1] usbcore: registered new interface driver usb-storage
[   33.798996][    T1] usbcore: registered new interface driver ums-alauda
[   33.805265][    T1] usbcore: registered new interface driver ums-cypress
[   33.810440][    T1] usbcore: registered new interface driver ums-datafab
[   33.816695][    T1] usbcore: registered new interface driver ums_eneub6250
[   33.822475][    T1] usbcore: registered new interface driver ums-freecom
[   33.827698][    T1] usbcore: registered new interface driver ums-isd200
[   33.833949][    T1] usbcore: registered new interface driver ums-jumpshot
[   33.839643][    T1] usbcore: registered new interface driver ums-karma
[   33.845086][    T1] usbcore: registered new interface driver ums-onetouch
[   33.851834][    T1] usbcore: registered new interface driver ums-realtek
[   33.857700][    T1] usbcore: registered new interface driver ums-sddr09
[   33.862602][    T1] usbcore: registered new interface driver ums-sddr55
[   33.867613][    T1] usbcore: registered new interface driver ums-usbat
[   33.875224][    T1] usbcore: registered new interface driver mdc800
[   33.879877][    T1] mdc800: v0.7.5 (30/10/2000):USB Driver for Mustek MDC800 Digital Camera
[   33.890344][    T1] usbcore: registered new interface driver microtekX6
[   33.896922][    T1] usbcore: registered new interface driver usbserial_generic
[   33.904076][    T1] usbserial: USB Serial support registered for generic
[   33.911174][    T1] usbcore: registered new interface driver aircable
[   33.916336][    T1] usbserial: USB Serial support registered for aircable
[   33.921692][    T1] usbcore: registered new interface driver ark3116
[   33.926361][    T1] usbserial: USB Serial support registered for ark3116
[   33.934054][    T1] usbcore: registered new interface driver belkin_sa
[   33.938614][    T1] usbserial: USB Serial support registered for Belkin / Peracom / GoHubs USB Serial Adapter
[   33.946831][    T1] usbcore: registered new interface driver ch341
[   33.951593][    T1] usbserial: USB Serial support registered for ch341-uart
[   33.956750][    T1] usbcore: registered new interface driver cp210x
[   33.960624][    T1] usbserial: USB Serial support registered for cp210x
[   33.967578][    T1] usbcore: registered new interface driver cyberjack
[   33.972326][    T1] usbserial: USB Serial support registered for Reiner SCT Cyberjack USB card reader
[   33.979875][    T1] usbcore: registered new interface driver cypress_m8
[   33.984881][    T1] usbserial: USB Serial support registered for DeLorme Earthmate USB
[   33.992306][    T1] usbserial: USB Serial support registered for HID->COM RS232 Adapter
[   34.000417][    T1] usbserial: USB Serial support registered for Nokia CA-42 V2 Adapter
[   34.006447][    T1] usbcore: registered new interface driver usb_debug
[   34.011839][    T1] usbserial: USB Serial support registered for debug
[   34.018094][    T1] usbserial: USB Serial support registered for xhci_dbc
[   34.024425][    T1] usbcore: registered new interface driver digi_acceleport
[   34.029416][    T1] usbserial: USB Serial support registered for Digi 2 port USB adapter
[   34.035395][    T1] usbserial: USB Serial support registered for Digi 4 port USB adapter
[   34.041649][    T1] usbcore: registered new interface driver io_edgeport
[   34.046410][    T1] usbserial: USB Serial support registered for Edgeport 2 port adapter
[   34.052048][    T1] usbserial: USB Serial support registered for Edgeport 4 port adapter
[   34.058929][    T1] usbserial: USB Serial support registered for Edgeport 8 port adapter
[   34.063637][    T1] usbserial: USB Serial support registered for EPiC device
[   34.068860][    T1] usbcore: registered new interface driver io_ti
[   34.072528][    T1] usbserial: USB Serial support registered for Edgeport TI 1 port adapter
[   34.079176][    T1] usbserial: USB Serial support registered for Edgeport TI 2 port adapter
[   34.084928][    T1] usbcore: registered new interface driver empeg
[   34.089297][    T1] usbserial: USB Serial support registered for empeg
[   34.096499][    T1] usbcore: registered new interface driver f81534a_ctrl
[   34.101803][    T1] usbcore: registered new interface driver f81232
[   34.105954][    T1] usbserial: USB Serial support registered for f81232
[   34.111638][    T1] usbserial: USB Serial support registered for f81534a
[   34.117270][    T1] usbcore: registered new interface driver f81534
[   34.122858][    T1] usbserial: USB Serial support registered for Fintek F81532/F81534
[   34.130237][    T1] usbcore: registered new interface driver ftdi_sio
[   34.144362][    T1] usbserial: USB Serial support registered for FTDI USB Serial Device
[   34.151043][    T1] usbcore: registered new interface driver garmin_gps
[   34.160995][    T1] usbserial: USB Serial support registered for Garmin GPS usb/tty
[   34.167993][    T1] usbcore: registered new interface driver ipaq
[   34.175131][    T1] usbserial: USB Serial support registered for PocketPC PDA
[   34.182949][    T1] usbcore: registered new interface driver ipw
[   34.187661][    T1] usbserial: USB Serial support registered for IPWireless converter
[   34.195382][    T1] usbcore: registered new interface driver ir_usb
[   34.206559][    T1] usbserial: USB Serial support registered for IR Dongle
[   34.216255][    T1] usbcore: registered new interface driver iuu_phoenix
[   34.223551][    T1] usbserial: USB Serial support registered for iuu_phoenix
[   34.234856][    T1] usbcore: registered new interface driver keyspan
[   34.241257][    T1] usbserial: USB Serial support registered for Keyspan - (without firmware)
[   34.249709][    T1] usbserial: USB Serial support registered for Keyspan 1 port adapter
[   34.257002][    T1] usbserial: USB Serial support registered for Keyspan 2 port adapter
[   34.266220][    T1] usbserial: USB Serial support registered for Keyspan 4 port adapter
[   34.278557][    T1] usbcore: registered new interface driver keyspan_pda
[   34.282696][    T1] usbserial: USB Serial support registered for Keyspan PDA
[   34.290233][    T1] usbserial: USB Serial support registered for Keyspan PDA - (prerenumeration)
[   34.298442][    T1] usbcore: registered new interface driver kl5kusb105
[   34.308344][    T1] usbserial: USB Serial support registered for KL5KUSB105D / PalmConnect
[   34.326163][    T1] usbcore: registered new interface driver kobil_sct
[   34.335319][    T1] usbserial: USB Serial support registered for KOBIL USB smart card terminal
[   34.346003][    T1] usbcore: registered new interface driver mct_u232
[   34.351397][    T1] usbserial: USB Serial support registered for MCT U232
[   34.356073][    T1] usbcore: registered new interface driver metro_usb
[   34.365906][    T1] usbserial: USB Serial support registered for Metrologic USB to Serial
[   34.380865][    T1] usbcore: registered new interface driver mos7720
[   34.385967][    T1] usbserial: USB Serial support registered for Moschip 2 port adapter
[   34.397144][    T1] usbcore: registered new interface driver mos7840
[   34.403022][    T1] usbserial: USB Serial support registered for Moschip 7840/7820 USB Serial Driver
[   34.412219][    T1] usbcore: registered new interface driver mxuport
[   34.435056][    T1] usbserial: USB Serial support registered for MOXA UPort
[   34.448529][    T1] usbcore: registered new interface driver navman
[   34.460383][    T1] usbserial: USB Serial support registered for navman
[   34.475619][    T1] usbcore: registered new interface driver omninet
[   34.482397][    T1] usbserial: USB Serial support registered for ZyXEL - omni.net usb
[   34.492037][    T1] usbcore: registered new interface driver opticon
[   34.497422][    T1] usbserial: USB Serial support registered for opticon
[   34.502945][    T1] usbcore: registered new interface driver option
[   34.508303][    T1] usbserial: USB Serial support registered for GSM modem (1-port)
[   34.514137][    T1] usbcore: registered new interface driver oti6858
[   34.521941][    T1] usbserial: USB Serial support registered for oti6858
[   34.527314][    T1] usbcore: registered new interface driver pl2303
[   34.532861][    T1] usbserial: USB Serial support registered for pl2303
[   34.539660][    T1] usbcore: registered new interface driver qcaux
[   34.544743][    T1] usbserial: USB Serial support registered for qcaux
[   34.551127][    T1] usbcore: registered new interface driver qcserial
[   34.558427][    T1] usbserial: USB Serial support registered for Qualcomm USB modem
[   34.566150][    T1] usbcore: registered new interface driver quatech2
[   34.575399][    T1] usbserial: USB Serial support registered for Quatech 2nd gen USB to Serial Driver
[   34.583356][    T1] usbcore: registered new interface driver safe_serial
[   34.589215][    T1] usbserial: USB Serial support registered for safe_serial
[   34.595103][    T1] usbcore: registered new interface driver sierra
[   34.601517][    T1] usbserial: USB Serial support registered for Sierra USB modem
[   34.610981][    T1] usbcore: registered new interface driver usb_serial_simple
[   34.617258][    T1] usbserial: USB Serial support registered for carelink
[   34.623591][    T1] usbserial: USB Serial support registered for flashloader
[   34.630962][    T1] usbserial: USB Serial support registered for funsoft
[   34.636441][    T1] usbserial: USB Serial support registered for google
[   34.641036][    T1] usbserial: USB Serial support registered for hp4x
[   34.645747][    T1] usbserial: USB Serial support registered for kaufmann
[   34.651467][    T1] usbserial: USB Serial support registered for libtransistor
[   34.658269][    T1] usbserial: USB Serial support registered for moto_modem
[   34.662857][    T1] usbserial: USB Serial support registered for motorola_tetra
[   34.668569][    T1] usbserial: USB Serial support registered for nokia
[   34.674140][    T1] usbserial: USB Serial support registered for novatel_gps
[   34.679775][    T1] usbserial: USB Serial support registered for owon
[   34.685053][    T1] usbserial: USB Serial support registered for siemens_mpi
[   34.690134][    T1] usbserial: USB Serial support registered for suunto
[   34.694605][    T1] usbserial: USB Serial support registered for vivopay
[   34.699330][    T1] usbserial: USB Serial support registered for zio
[   34.703706][    T1] usbcore: registered new interface driver spcp8x5
[   34.708538][    T1] usbserial: USB Serial support registered for SPCP8x5
[   34.713110][    T1] usbcore: registered new interface driver ssu100
[   34.719572][    T1] usbserial: USB Serial support registered for Quatech SSU-100 USB to Serial Driver
[   34.729963][    T1] usbcore: registered new interface driver symbolserial
[   34.735676][    T1] usbserial: USB Serial support registered for symbol
[   34.741820][    T1] usbcore: registered new interface driver ti_usb_3410_5052
[   34.748503][    T1] usbserial: USB Serial support registered for TI USB 3410 1 port adapter
[   34.756228][    T1] usbserial: USB Serial support registered for TI USB 5052 2 port adapter
[   34.764924][    T1] usbcore: registered new interface driver upd78f0730
[   34.771474][    T1] usbserial: USB Serial support registered for upd78f0730
[   34.777466][    T1] usbcore: registered new interface driver visor
[   34.782811][    T1] usbserial: USB Serial support registered for Handspring Visor / Palm OS
[   34.789315][    T1] usbserial: USB Serial support registered for Sony Clie 5.0
[   34.794512][    T1] usbserial: USB Serial support registered for Sony Clie 3.5
[   34.800574][    T1] usbcore: registered new interface driver wishbone_serial
[   34.806435][    T1] usbserial: USB Serial support registered for wishbone_serial
[   34.812402][    T1] usbcore: registered new interface driver whiteheat
[   34.817328][    T1] usbserial: USB Serial support registered for Connect Tech - WhiteHEAT - (prerenumeration)
[   34.824294][    T1] usbserial: USB Serial support registered for Connect Tech - WhiteHEAT
[   34.831345][    T1] usbcore: registered new interface driver xr_serial
[   34.836425][    T1] usbserial: USB Serial support registered for xr_serial
[   34.843118][    T1] usbcore: registered new interface driver xsens_mt
[   34.850707][    T1] usbserial: USB Serial support registered for xsens_mt
[   34.857883][    T1] usbcore: registered new interface driver adutux
[   34.863714][    T1] usbcore: registered new interface driver appledisplay
[   34.868583][    T1] usbcore: registered new interface driver cypress_cy7c63
[   34.874678][    T1] usbcore: registered new interface driver cytherm
[   34.880361][    T1] usbcore: registered new interface driver emi26 - firmware loader
[   34.886599][    T1] usbcore: registered new interface driver emi62 - firmware loader
[   34.894048][    T1] usbcore: registered new device driver apple-mfi-fastcharge
[   34.900681][    T1] usbcore: registered new interface driver ljca
[   34.905863][    T1] usbcore: registered new interface driver idmouse
[   34.911088][    T1] usbcore: registered new interface driver iowarrior
[   34.916409][    T1] usbcore: registered new interface driver isight_firmware
[   34.921938][    T1] usbcore: registered new interface driver usblcd
[   34.927045][    T1] usbcore: registered new interface driver ldusb
[   34.932581][    T1] usbcore: registered new interface driver legousbtower
[   34.940030][    T1] usbcore: registered new interface driver usbtest
[   34.945450][    T1] usbcore: registered new interface driver usb_ehset_test
[   34.951428][    T1] usbcore: registered new interface driver trancevibrator
[   34.956195][    T1] usbcore: registered new interface driver uss720
[   34.960556][    T1] uss720: USB Parport Cable driver for Cables using the Lucent Technologies USS720 Chip
[   34.969148][    T1] uss720: NOTE: this is a special purpose driver to allow nonstandard
[   34.976492][    T1] uss720: protocols (eg. bitbang) over USS720 usb to parallel cables
[   34.982559][    T1] uss720: If you just want to connect to a printer, use usblp instead
[   34.989944][    T1] usbcore: registered new interface driver usbsevseg
[   34.997095][    T1] usbcore: registered new interface driver yurex
[   35.003836][    T1] usbcore: registered new interface driver chaoskey
[   35.009666][    T1] usbcore: registered new interface driver sisusb
[   35.014982][    T1] usbcore: registered new interface driver lvs
[   35.020553][    T1] usbcore: registered new interface driver cxacru
[   35.024687][    T1] usbcore: registered new interface driver speedtch
[   35.030735][    T1] usbcore: registered new interface driver ueagle-atm
[   35.035820][    T1] xusbatm: malformed module parameters
[   35.046257][    T1] dummy_hcd dummy_hcd.0: USB Host+Gadget Emulator, driver 02 May 2005
[   35.046648][ T1859] kworker/u17:1 (1859) used greatest stack depth: 27016 bytes left
[   35.051302][    T1] dummy_hcd dummy_hcd.0: Dummy host controller
[   35.053878][    T1] dummy_hcd dummy_hcd.0: new USB bus registered, assigned bus number 1
[   35.074419][    T1] usb usb1: New USB device found, idVendor=1d6b, idProduct=0002, bcdDevice= 6.18
[   35.081086][    T1] usb usb1: New USB device strings: Mfr=3, Product=2, SerialNumber=1
[   35.086128][    T1] usb usb1: Product: Dummy host controller
[   35.090536][    T1] usb usb1: Manufacturer: Linux 6.18.0 dummy_hcd
[   35.094774][    T1] usb usb1: SerialNumber: dummy_hcd.0
[   35.104291][    T1] hub 1-0:1.0: USB hub found
[   35.108007][    T1] hub 1-0:1.0: 1 port detected
[   35.121271][    T1] dummy_hcd dummy_hcd.1: USB Host+Gadget Emulator, driver 02 May 2005
[   35.125601][    T1] dummy_hcd dummy_hcd.1: Dummy host controller
[   35.131911][    T1] dummy_hcd dummy_hcd.1: new USB bus registered, assigned bus number 2
[   35.139142][    T1] usb usb2: New USB device found, idVendor=1d6b, idProduct=0002, bcdDevice= 6.18
[   35.144432][    T1] usb usb2: New USB device strings: Mfr=3, Product=2, SerialNumber=1
[   35.149116][    T1] usb usb2: Product: Dummy host controller
[   35.152602][    T1] usb usb2: Manufacturer: Linux 6.18.0 dummy_hcd
[   35.157367][    T1] usb usb2: SerialNumber: dummy_hcd.1
[   35.164041][    T1] hub 2-0:1.0: USB hub found
[   35.166715][    T1] hub 2-0:1.0: 1 port detected
[   35.173849][    T1] dummy_hcd dummy_hcd.2: USB Host+Gadget Emulator, driver 02 May 2005
[   35.178603][    T1] dummy_hcd dummy_hcd.2: Dummy host controller
[   35.183428][    T1] dummy_hcd dummy_hcd.2: new USB bus registered, assigned bus number 3
[   35.189613][    T1] usb usb3: New USB device found, idVendor=1d6b, idProduct=0002, bcdDevice= 6.18
[   35.195391][    T1] usb usb3: New USB device strings: Mfr=3, Product=2, SerialNumber=1
[   35.199928][    T1] usb usb3: Product: Dummy host controller
[   35.203518][    T1] usb usb3: Manufacturer: Linux 6.18.0 dummy_hcd
[   35.208654][    T1] usb usb3: SerialNumber: dummy_hcd.2
[   35.216646][    T1] hub 3-0:1.0: USB hub found
[   35.220657][    T1] hub 3-0:1.0: 1 port detected
[   35.228082][    T1] dummy_hcd dummy_hcd.3: USB Host+Gadget Emulator, driver 02 May 2005
[   35.234175][    T1] dummy_hcd dummy_hcd.3: Dummy host controller
[   35.241137][    T1] dummy_hcd dummy_hcd.3: new USB bus registered, assigned bus number 4
[   35.250589][    T1] usb usb4: New USB device found, idVendor=1d6b, idProduct=0002, bcdDevice= 6.18
[   35.257285][    T1] usb usb4: New USB device strings: Mfr=3, Product=2, SerialNumber=1
[   35.263496][    T1] usb usb4: Product: Dummy host controller
[   35.268339][    T1] usb usb4: Manufacturer: Linux 6.18.0 dummy_hcd
[   35.272827][    T1] usb usb4: SerialNumber: dummy_hcd.3
[   35.281431][    T1] hub 4-0:1.0: USB hub found
[   35.284549][    T1] hub 4-0:1.0: 1 port detected
[   35.292323][    T1] dummy_hcd dummy_hcd.4: USB Host+Gadget Emulator, driver 02 May 2005
[   35.297684][    T1] dummy_hcd dummy_hcd.4: Dummy host controller
[   35.303582][    T1] dummy_hcd dummy_hcd.4: new USB bus registered, assigned bus number 5
[   35.311186][    T1] usb usb5: New USB device found, idVendor=1d6b, idProduct=0002, bcdDevice= 6.18
[   35.320257][    T1] usb usb5: New USB device strings: Mfr=3, Product=2, SerialNumber=1
[   35.326030][    T1] usb usb5: Product: Dummy host controller
[   35.330281][    T1] usb usb5: Manufacturer: Linux 6.18.0 dummy_hcd
[   35.334798][    T1] usb usb5: SerialNumber: dummy_hcd.4
[   35.342697][    T1] hub 5-0:1.0: USB hub found
[   35.346101][    T1] hub 5-0:1.0: 1 port detected
[   35.353711][    T1] dummy_hcd dummy_hcd.5: USB Host+Gadget Emulator, driver 02 May 2005
[   35.359305][    T1] dummy_hcd dummy_hcd.5: Dummy host controller
[   35.366372][    T1] dummy_hcd dummy_hcd.5: new USB bus registered, assigned bus number 6
[   35.379225][    T1] usb usb6: New USB device found, idVendor=1d6b, idProduct=0002, bcdDevice= 6.18
[   35.386312][    T1] usb usb6: New USB device strings: Mfr=3, Product=2, SerialNumber=1
[   35.392220][    T1] usb usb6: Product: Dummy host controller
[   35.396505][    T1] usb usb6: Manufacturer: Linux 6.18.0 dummy_hcd
[   35.406061][    T1] usb usb6: SerialNumber: dummy_hcd.5
[   35.414328][    T1] hub 6-0:1.0: USB hub found
[   35.418346][    T1] hub 6-0:1.0: 1 port detected
[   35.428524][    T1] dummy_hcd dummy_hcd.6: USB Host+Gadget Emulator, driver 02 May 2005
[   35.435005][    T1] dummy_hcd dummy_hcd.6: Dummy host controller
[   35.441969][    T1] dummy_hcd dummy_hcd.6: new USB bus registered, assigned bus number 7
[   35.450636][    T1] usb usb7: New USB device found, idVendor=1d6b, idProduct=0002, bcdDevice= 6.18
[   35.457770][    T1] usb usb7: New USB device strings: Mfr=3, Product=2, SerialNumber=1
[   35.463852][    T1] usb usb7: Product: Dummy host controller
[   35.467799][    T1] usb usb7: Manufacturer: Linux 6.18.0 dummy_hcd
[   35.472583][    T1] usb usb7: SerialNumber: dummy_hcd.6
[   35.482597][    T1] hub 7-0:1.0: USB hub found
[   35.486721][    T1] hub 7-0:1.0: 1 port detected
[   35.497442][    T1] dummy_hcd dummy_hcd.7: USB Host+Gadget Emulator, driver 02 May 2005
[   35.507460][    T1] dummy_hcd dummy_hcd.7: Dummy host controller
[   35.515015][    T1] dummy_hcd dummy_hcd.7: new USB bus registered, assigned bus number 8
[   35.522543][    T1] usb usb8: New USB device found, idVendor=1d6b, idProduct=0002, bcdDevice= 6.18
[   35.530396][    T1] usb usb8: New USB device strings: Mfr=3, Product=2, SerialNumber=1
[   35.538123][    T1] usb usb8: Product: Dummy host controller
[   35.544560][    T1] usb usb8: Manufacturer: Linux 6.18.0 dummy_hcd
[   35.548630][    T1] usb usb8: SerialNumber: dummy_hcd.7
[   35.560059][    T1] hub 8-0:1.0: USB hub found
[   35.565078][    T1] hub 8-0:1.0: 1 port detected
[   35.578866][    T1] dummy_hcd dummy_hcd.8: USB Host+Gadget Emulator, driver 02 May 2005
[   35.585399][    T1] dummy_hcd dummy_hcd.8: Dummy host controller
[   35.591037][    T1] dummy_hcd dummy_hcd.8: new USB bus registered, assigned bus number 9
[   35.597601][    T1] usb usb9: New USB device found, idVendor=1d6b, idProduct=0002, bcdDevice= 6.18
[   35.603335][    T1] usb usb9: New USB device strings: Mfr=3, Product=2, SerialNumber=1
[   35.610318][    T1] usb usb9: Product: Dummy host controller
[   35.614889][    T1] usb usb9: Manufacturer: Linux 6.18.0 dummy_hcd
[   35.619722][    T1] usb usb9: SerialNumber: dummy_hcd.8
[   35.628394][    T1] hub 9-0:1.0: USB hub found
[   35.631838][    T1] hub 9-0:1.0: 1 port detected
[   35.642968][    T1] dummy_hcd dummy_hcd.9: USB Host+Gadget Emulator, driver 02 May 2005
[   35.649842][    T1] dummy_hcd dummy_hcd.9: Dummy host controller
[   35.656530][    T1] dummy_hcd dummy_hcd.9: new USB bus registered, assigned bus number 10
[   35.664409][    T1] usb usb10: New USB device found, idVendor=1d6b, idProduct=0002, bcdDevice= 6.18
[   35.671259][    T1] usb usb10: New USB device strings: Mfr=3, Product=2, SerialNumber=1
[   35.677208][    T1] usb usb10: Product: Dummy host controller
[   35.681250][    T1] usb usb10: Manufacturer: Linux 6.18.0 dummy_hcd
[   35.686092][    T1] usb usb10: SerialNumber: dummy_hcd.9
[   35.694402][    T1] hub 10-0:1.0: USB hub found
[   35.697862][    T1] hub 10-0:1.0: 1 port detected
[   35.704557][    T1] dummy_hcd dummy_hcd.10: USB Host+Gadget Emulator, driver 02 May 2005
[   35.709370][    T1] dummy_hcd dummy_hcd.10: Dummy host controller
[   35.715393][    T1] dummy_hcd dummy_hcd.10: new USB bus registered, assigned bus number 11
[   35.723575][    T1] usb usb11: New USB device found, idVendor=1d6b, idProduct=0002, bcdDevice= 6.18
[   35.730577][    T1] usb usb11: New USB device strings: Mfr=3, Product=2, SerialNumber=1
[   35.736240][    T1] usb usb11: Product: Dummy host controller
[   35.741091][    T1] usb usb11: Manufacturer: Linux 6.18.0 dummy_hcd
[   35.746016][    T1] usb usb11: SerialNumber: dummy_hcd.10
[   35.753718][    T1] hub 11-0:1.0: USB hub found
[   35.757670][    T1] hub 11-0:1.0: 1 port detected
[   35.765253][    T1] dummy_hcd dummy_hcd.11: USB Host+Gadget Emulator, driver 02 May 2005
[   35.771488][    T1] dummy_hcd dummy_hcd.11: Dummy host controller
[   35.777460][    T1] dummy_hcd dummy_hcd.11: new USB bus registered, assigned bus number 12
[   35.784352][    T1] usb usb12: New USB device found, idVendor=1d6b, idProduct=0002, bcdDevice= 6.18
[   35.790439][    T1] usb usb12: New USB device strings: Mfr=3, Product=2, SerialNumber=1
[   35.795545][    T1] usb usb12: Product: Dummy host controller
[   35.798846][    T1] usb usb12: Manufacturer: Linux 6.18.0 dummy_hcd
[   35.802855][    T1] usb usb12: SerialNumber: dummy_hcd.11
[   35.812684][    T1] hub 12-0:1.0: USB hub found
[   35.815610][    T1] hub 12-0:1.0: 1 port detected
[   35.821439][    T1] dummy_hcd dummy_hcd.12: USB Host+Gadget Emulator, driver 02 May 2005
[   35.825996][    T1] dummy_hcd dummy_hcd.12: Dummy host controller
[   35.830212][    T1] dummy_hcd dummy_hcd.12: new USB bus registered, assigned bus number 13
[   35.836091][    T1] usb usb13: New USB device found, idVendor=1d6b, idProduct=0002, bcdDevice= 6.18
[   35.843970][    T1] usb usb13: New USB device strings: Mfr=3, Product=2, SerialNumber=1
[   35.849655][    T1] usb usb13: Product: Dummy host controller
[   35.853299][    T1] usb usb13: Manufacturer: Linux 6.18.0 dummy_hcd
[   35.857226][    T1] usb usb13: SerialNumber: dummy_hcd.12
[   35.864773][    T1] hub 13-0:1.0: USB hub found
[   35.868216][    T1] hub 13-0:1.0: 1 port detected
[   35.874488][    T1] dummy_hcd dummy_hcd.13: USB Host+Gadget Emulator, driver 02 May 2005
[   35.880851][    T1] dummy_hcd dummy_hcd.13: Dummy host controller
[   35.887649][    T1] dummy_hcd dummy_hcd.13: new USB bus registered, assigned bus number 14
[   35.895383][    T1] usb usb14: New USB device found, idVendor=1d6b, idProduct=0002, bcdDevice= 6.18
[   35.901128][    T1] usb usb14: New USB device strings: Mfr=3, Product=2, SerialNumber=1
[   35.905669][    T1] usb usb14: Product: Dummy host controller
[   35.908888][    T1] usb usb14: Manufacturer: Linux 6.18.0 dummy_hcd
[   35.912854][    T1] usb usb14: SerialNumber: dummy_hcd.13
[   35.921544][    T1] hub 14-0:1.0: USB hub found
[   35.925318][    T1] hub 14-0:1.0: 1 port detected
[   35.931963][    T1] dummy_hcd dummy_hcd.14: USB Host+Gadget Emulator, driver 02 May 2005
[   35.937999][    T1] dummy_hcd dummy_hcd.14: Dummy host controller
[   35.943901][    T1] dummy_hcd dummy_hcd.14: new USB bus registered, assigned bus number 15
[   35.950280][    T1] usb usb15: New USB device found, idVendor=1d6b, idProduct=0002, bcdDevice= 6.18
[   35.954954][    T1] usb usb15: New USB device strings: Mfr=3, Product=2, SerialNumber=1
[   35.959757][    T1] usb usb15: Product: Dummy host controller
[   35.963656][    T1] usb usb15: Manufacturer: Linux 6.18.0 dummy_hcd
[   35.969060][    T1] usb usb15: SerialNumber: dummy_hcd.14
[   35.978883][    T1] hub 15-0:1.0: USB hub found
[   35.983069][    T1] hub 15-0:1.0: 1 port detected
[   35.995025][    T1] dummy_hcd dummy_hcd.15: USB Host+Gadget Emulator, driver 02 May 2005
[   36.004399][    T1] dummy_hcd dummy_hcd.15: Dummy host controller
[   36.023283][    T1] dummy_hcd dummy_hcd.15: new USB bus registered, assigned bus number 16
[   36.038036][    T1] usb usb16: New USB device found, idVendor=1d6b, idProduct=0002, bcdDevice= 6.18
[   36.046757][    T1] usb usb16: New USB device strings: Mfr=3, Product=2, SerialNumber=1
[   36.054583][    T1] usb usb16: Product: Dummy host controller
[   36.058914][    T1] usb usb16: Manufacturer: Linux 6.18.0 dummy_hcd
[   36.064261][    T1] usb usb16: SerialNumber: dummy_hcd.15
[   36.072131][    T1] hub 16-0:1.0: USB hub found
[   36.076556][    T1] hub 16-0:1.0: 1 port detected
[   36.085323][    T1] dummy_hcd dummy_hcd.16: USB Host+Gadget Emulator, driver 02 May 2005
[   36.095764][    T1] dummy_hcd dummy_hcd.16: Dummy host controller
[   36.105153][    T1] dummy_hcd dummy_hcd.16: new USB bus registered, assigned bus number 17
[   36.114242][    T1] usb usb17: New USB device found, idVendor=1d6b, idProduct=0002, bcdDevice= 6.18
[   36.121157][    T1] usb usb17: New USB device strings: Mfr=3, Product=2, SerialNumber=1
[   36.126841][    T1] usb usb17: Product: Dummy host controller
[   36.130426][    T1] usb usb17: Manufacturer: Linux 6.18.0 dummy_hcd
[   36.134912][    T1] usb usb17: SerialNumber: dummy_hcd.16
[   36.147914][    T1] hub 17-0:1.0: USB hub found
[   36.151860][    T1] hub 17-0:1.0: 1 port detected
[   36.160850][    T1] dummy_hcd dummy_hcd.17: USB Host+Gadget Emulator, driver 02 May 2005
[   36.170470][    T1] dummy_hcd dummy_hcd.17: Dummy host controller
[   36.177980][    T1] dummy_hcd dummy_hcd.17: new USB bus registered, assigned bus number 18
[   36.186295][    T1] usb usb18: New USB device found, idVendor=1d6b, idProduct=0002, bcdDevice= 6.18
[   36.193643][    T1] usb usb18: New USB device strings: Mfr=3, Product=2, SerialNumber=1
[   36.200097][    T1] usb usb18: Product: Dummy host controller
[   36.203570][    T1] usb usb18: Manufacturer: Linux 6.18.0 dummy_hcd
[   36.209138][    T1] usb usb18: SerialNumber: dummy_hcd.17
[   36.217084][    T1] hub 18-0:1.0: USB hub found
[   36.220998][    T1] hub 18-0:1.0: 1 port detected
[   36.228604][    T1] dummy_hcd dummy_hcd.18: USB Host+Gadget Emulator, driver 02 May 2005
[   36.235406][    T1] dummy_hcd dummy_hcd.18: Dummy host controller
[   36.240691][    T1] dummy_hcd dummy_hcd.18: new USB bus registered, assigned bus number 19
[   36.249770][    T1] usb usb19: New USB device found, idVendor=1d6b, idProduct=0002, bcdDevice= 6.18
[   36.257111][    T1] usb usb19: New USB device strings: Mfr=3, Product=2, SerialNumber=1
[   36.263365][    T1] usb usb19: Product: Dummy host controller
[   36.269127][    T1] usb usb19: Manufacturer: Linux 6.18.0 dummy_hcd
[   36.274453][    T1] usb usb19: SerialNumber: dummy_hcd.18
[   36.285376][    T1] hub 19-0:1.0: USB hub found
[   36.290586][    T1] hub 19-0:1.0: 1 port detected
[   36.300275][    T1] dummy_hcd dummy_hcd.19: USB Host+Gadget Emulator, driver 02 May 2005
[   36.307600][    T1] dummy_hcd dummy_hcd.19: Dummy host controller
[   36.314476][    T1] dummy_hcd dummy_hcd.19: new USB bus registered, assigned bus number 20
[   36.322677][    T1] usb usb20: New USB device found, idVendor=1d6b, idProduct=0002, bcdDevice= 6.18
[   36.330198][    T1] usb usb20: New USB device strings: Mfr=3, Product=2, SerialNumber=1
[   36.335668][    T1] usb usb20: Product: Dummy host controller
[   36.340317][    T1] usb usb20: Manufacturer: Linux 6.18.0 dummy_hcd
[   36.345409][    T1] usb usb20: SerialNumber: dummy_hcd.19
[   36.354162][    T1] hub 20-0:1.0: USB hub found
[   36.357944][    T1] hub 20-0:1.0: 1 port detected
[   36.367830][    T1] dummy_hcd dummy_hcd.20: USB Host+Gadget Emulator, driver 02 May 2005
[   36.374622][    T1] dummy_hcd dummy_hcd.20: Dummy host controller
[   36.381282][    T1] dummy_hcd dummy_hcd.20: new USB bus registered, assigned bus number 21
[   36.389639][    T1] usb usb21: New USB device found, idVendor=1d6b, idProduct=0002, bcdDevice= 6.18
[   36.398547][    T1] usb usb21: New USB device strings: Mfr=3, Product=2, SerialNumber=1
[   36.407394][    T1] usb usb21: Product: Dummy host controller
[   36.413207][    T1] usb usb21: Manufacturer: Linux 6.18.0 dummy_hcd
[   36.417122][    T1] usb usb21: SerialNumber: dummy_hcd.20
[   36.424994][    T1] hub 21-0:1.0: USB hub found
[   36.429347][    T1] hub 21-0:1.0: 1 port detected
[   36.438523][    T1] dummy_hcd dummy_hcd.21: USB Host+Gadget Emulator, driver 02 May 2005
[   36.444510][    T1] dummy_hcd dummy_hcd.21: Dummy host controller
[   36.450145][    T1] dummy_hcd dummy_hcd.21: new USB bus registered, assigned bus number 22
[   36.456402][    T1] usb usb22: New USB device found, idVendor=1d6b, idProduct=0002, bcdDevice= 6.18
[   36.464158][    T1] usb usb22: New USB device strings: Mfr=3, Product=2, SerialNumber=1
[   36.470807][    T1] usb usb22: Product: Dummy host controller
[   36.475311][    T1] usb usb22: Manufacturer: Linux 6.18.0 dummy_hcd
[   36.480180][    T1] usb usb22: SerialNumber: dummy_hcd.21
[   36.489620][    T1] hub 22-0:1.0: USB hub found
[   36.494662][    T1] hub 22-0:1.0: 1 port detected
[   36.503095][    T1] dummy_hcd dummy_hcd.22: USB Host+Gadget Emulator, driver 02 May 2005
[   36.508787][    T1] dummy_hcd dummy_hcd.22: Dummy host controller
[   36.514589][    T1] dummy_hcd dummy_hcd.22: new USB bus registered, assigned bus number 23
[   36.525397][    T1] usb usb23: New USB device found, idVendor=1d6b, idProduct=0002, bcdDevice= 6.18
[   36.533569][    T1] usb usb23: New USB device strings: Mfr=3, Product=2, SerialNumber=1
[   36.539615][    T1] usb usb23: Product: Dummy host controller
[   36.544773][    T1] usb usb23: Manufacturer: Linux 6.18.0 dummy_hcd
[   36.549939][    T1] usb usb23: SerialNumber: dummy_hcd.22
[   36.557506][    T1] hub 23-0:1.0: USB hub found
[   36.561003][    T1] hub 23-0:1.0: 1 port detected
[   36.569746][    T1] dummy_hcd dummy_hcd.23: USB Host+Gadget Emulator, driver 02 May 2005
[   36.576004][    T1] dummy_hcd dummy_hcd.23: Dummy host controller
[   36.581383][    T1] dummy_hcd dummy_hcd.23: new USB bus registered, assigned bus number 24
[   36.589592][    T1] usb usb24: New USB device found, idVendor=1d6b, idProduct=0002, bcdDevice= 6.18
[   36.594752][    T1] usb usb24: New USB device strings: Mfr=3, Product=2, SerialNumber=1
[   36.599609][    T1] usb usb24: Product: Dummy host controller
[   36.603340][    T1] usb usb24: Manufacturer: Linux 6.18.0 dummy_hcd
[   36.607820][    T1] usb usb24: SerialNumber: dummy_hcd.23
[   36.614458][    T1] hub 24-0:1.0: USB hub found
[   36.617028][    T1] hub 24-0:1.0: 1 port detected
[   36.622836][    T1] dummy_hcd dummy_hcd.24: USB Host+Gadget Emulator, driver 02 May 2005
[   36.628542][    T1] dummy_hcd dummy_hcd.24: Dummy host controller
[   36.633024][    T1] dummy_hcd dummy_hcd.24: new USB bus registered, assigned bus number 25
[   36.639554][    T1] usb usb25: New USB device found, idVendor=1d6b, idProduct=0002, bcdDevice= 6.18
[   36.645225][    T1] usb usb25: New USB device strings: Mfr=3, Product=2, SerialNumber=1
[   36.651121][    T1] usb usb25: Product: Dummy host controller
[   36.655212][    T1] usb usb25: Manufacturer: Linux 6.18.0 dummy_hcd
[   36.660168][    T1] usb usb25: SerialNumber: dummy_hcd.24
[   36.667849][    T1] hub 25-0:1.0: USB hub found
[   36.671760][    T1] hub 25-0:1.0: 1 port detected
[   36.681321][    T1] dummy_hcd dummy_hcd.25: USB Host+Gadget Emulator, driver 02 May 2005
[   36.687735][    T1] dummy_hcd dummy_hcd.25: Dummy host controller
[   36.694323][    T1] dummy_hcd dummy_hcd.25: new USB bus registered, assigned bus number 26
[   36.703171][    T1] usb usb26: New USB device found, idVendor=1d6b, idProduct=0002, bcdDevice= 6.18
[   36.711370][    T1] usb usb26: New USB device strings: Mfr=3, Product=2, SerialNumber=1
[   36.717542][    T1] usb usb26: Product: Dummy host controller
[   36.721521][    T1] usb usb26: Manufacturer: Linux 6.18.0 dummy_hcd
[   36.726988][    T1] usb usb26: SerialNumber: dummy_hcd.25
[   36.735780][    T1] hub 26-0:1.0: USB hub found
[   36.739664][    T1] hub 26-0:1.0: 1 port detected
[   36.747172][    T1] dummy_hcd dummy_hcd.26: USB Host+Gadget Emulator, driver 02 May 2005
[   36.752438][    T1] dummy_hcd dummy_hcd.26: Dummy host controller
[   36.758739][    T1] dummy_hcd dummy_hcd.26: new USB bus registered, assigned bus number 27
[   36.766314][    T1] usb usb27: New USB device found, idVendor=1d6b, idProduct=0002, bcdDevice= 6.18
[   36.774285][    T1] usb usb27: New USB device strings: Mfr=3, Product=2, SerialNumber=1
[   36.781421][    T1] usb usb27: Product: Dummy host controller
[   36.786330][    T1] usb usb27: Manufacturer: Linux 6.18.0 dummy_hcd
[   36.791060][    T1] usb usb27: SerialNumber: dummy_hcd.26
[   36.801469][    T1] hub 27-0:1.0: USB hub found
[   36.805874][    T1] hub 27-0:1.0: 1 port detected
[   36.814857][    T1] dummy_hcd dummy_hcd.27: USB Host+Gadget Emulator, driver 02 May 2005
[   36.820998][    T1] dummy_hcd dummy_hcd.27: Dummy host controller
[   36.827741][    T1] dummy_hcd dummy_hcd.27: new USB bus registered, assigned bus number 28
[   36.835417][    T1] usb usb28: New USB device found, idVendor=1d6b, idProduct=0002, bcdDevice= 6.18
[   36.841712][    T1] usb usb28: New USB device strings: Mfr=3, Product=2, SerialNumber=1
[   36.848394][    T1] usb usb28: Product: Dummy host controller
[   36.853658][    T1] usb usb28: Manufacturer: Linux 6.18.0 dummy_hcd
[   36.859151][    T1] usb usb28: SerialNumber: dummy_hcd.27
[   36.869923][    T1] hub 28-0:1.0: USB hub found
[   36.874349][    T1] hub 28-0:1.0: 1 port detected
[   36.881204][    T1] dummy_hcd dummy_hcd.28: USB Host+Gadget Emulator, driver 02 May 2005
[   36.887643][    T1] dummy_hcd dummy_hcd.28: Dummy host controller
[   36.893900][    T1] dummy_hcd dummy_hcd.28: new USB bus registered, assigned bus number 29
[   36.901596][    T1] usb usb29: New USB device found, idVendor=1d6b, idProduct=0002, bcdDevice= 6.18
[   36.910901][    T1] usb usb29: New USB device strings: Mfr=3, Product=2, SerialNumber=1
[   36.916178][    T1] usb usb29: Product: Dummy host controller
[   36.920244][    T1] usb usb29: Manufacturer: Linux 6.18.0 dummy_hcd
[   36.924309][    T1] usb usb29: SerialNumber: dummy_hcd.28
[   36.931106][    T1] hub 29-0:1.0: USB hub found
[   36.934287][    T1] hub 29-0:1.0: 1 port detected
[   36.944366][    T1] dummy_hcd dummy_hcd.29: USB Host+Gadget Emulator, driver 02 May 2005
[   36.950169][    T1] dummy_hcd dummy_hcd.29: Dummy host controller
[   36.957504][    T1] dummy_hcd dummy_hcd.29: new USB bus registered, assigned bus number 30
[   36.965829][    T1] usb usb30: New USB device found, idVendor=1d6b, idProduct=0002, bcdDevice= 6.18
[   36.973588][    T1] usb usb30: New USB device strings: Mfr=3, Product=2, SerialNumber=1
[   36.980417][    T1] usb usb30: Product: Dummy host controller
[   36.985487][    T1] usb usb30: Manufacturer: Linux 6.18.0 dummy_hcd
[   36.990441][    T1] usb usb30: SerialNumber: dummy_hcd.29
[   37.000520][    T1] hub 30-0:1.0: USB hub found
[   37.005029][    T1] hub 30-0:1.0: 1 port detected
[   37.013366][    T1] dummy_hcd dummy_hcd.30: USB Host+Gadget Emulator, driver 02 May 2005
[   37.018983][    T1] dummy_hcd dummy_hcd.30: Dummy host controller
[   37.025281][    T1] dummy_hcd dummy_hcd.30: new USB bus registered, assigned bus number 31
[   37.031476][    T1] usb usb31: New USB device found, idVendor=1d6b, idProduct=0002, bcdDevice= 6.18
[   37.039338][    T1] usb usb31: New USB device strings: Mfr=3, Product=2, SerialNumber=1
[   37.047111][    T1] usb usb31: Product: Dummy host controller
[   37.052963][    T1] usb usb31: Manufacturer: Linux 6.18.0 dummy_hcd
[   37.057156][    T1] usb usb31: SerialNumber: dummy_hcd.30
[   37.063646][    T1] hub 31-0:1.0: USB hub found
[   37.067000][    T1] hub 31-0:1.0: 1 port detected
[   37.078635][    T1] dummy_hcd dummy_hcd.31: USB Host+Gadget Emulator, driver 02 May 2005
[   37.084314][    T1] dummy_hcd dummy_hcd.31: Dummy host controller
[   37.090846][    T1] dummy_hcd dummy_hcd.31: new USB bus registered, assigned bus number 32
[   37.099324][    T1] usb usb32: New USB device found, idVendor=1d6b, idProduct=0002, bcdDevice= 6.18
[   37.107454][    T1] usb usb32: New USB device strings: Mfr=3, Product=2, SerialNumber=1
[   37.111802][    T1] usb usb32: Product: Dummy host controller
[   37.115770][    T1] usb usb32: Manufacturer: Linux 6.18.0 dummy_hcd
[   37.119894][    T1] usb usb32: SerialNumber: dummy_hcd.31
[   37.130045][    T1] hub 32-0:1.0: USB hub found
[   37.133531][    T1] hub 32-0:1.0: 1 port detected
[   37.262761][    T1] SPI driver max3420-udc has no spi_device_id for maxim,max3421-udc
[   37.277184][    T1] gadgetfs: USB Gadget filesystem, version 24 Aug 2004
[   37.295607][    T1] vhci_hcd vhci_hcd.0: USB/IP Virtual Host Controller
[   37.304893][    T1] vhci_hcd vhci_hcd.0: new USB bus registered, assigned bus number 33
[   37.315549][    T1] vhci_hcd: created sysfs vhci_hcd.0
[   37.324240][    T1] usb usb33: New USB device found, idVendor=1d6b, idProduct=0002, bcdDevice= 6.18
[   37.331016][    T1] usb usb33: New USB device strings: Mfr=3, Product=2, SerialNumber=1
[   37.337217][    T1] usb usb33: Product: USB/IP Virtual Host Controller
[   37.343861][    T1] usb usb33: Manufacturer: Linux 6.18.0 vhci_hcd
[   37.349895][    T1] usb usb33: SerialNumber: vhci_hcd.0
[   37.361478][    T1] hub 33-0:1.0: USB hub found
[   37.366187][    T1] hub 33-0:1.0: 8 ports detected
[   37.394557][    T1] vhci_hcd vhci_hcd.0: USB/IP Virtual Host Controller
[   37.401232][    T1] vhci_hcd vhci_hcd.0: new USB bus registered, assigned bus number 34
[   37.411042][    T1] usb usb34: We don't know the algorithms for LPM for this host, disabling LPM.
[   37.422203][    T1] usb usb34: New USB device found, idVendor=1d6b, idProduct=0003, bcdDevice= 6.18
[   37.429805][    T1] usb usb34: New USB device strings: Mfr=3, Product=2, SerialNumber=1
[   37.435752][    T1] usb usb34: Product: USB/IP Virtual Host Controller
[   37.440727][    T1] usb usb34: Manufacturer: Linux 6.18.0 vhci_hcd
[   37.445329][    T1] usb usb34: SerialNumber: vhci_hcd.0
[   37.455568][    T1] hub 34-0:1.0: USB hub found
[   37.459733][    T1] hub 34-0:1.0: 8 ports detected
[   37.477387][    T1] vhci_hcd vhci_hcd.1: USB/IP Virtual Host Controller
[   37.483990][    T1] vhci_hcd vhci_hcd.1: new USB bus registered, assigned bus number 35
[   37.491033][    T1] usb usb35: New USB device found, idVendor=1d6b, idProduct=0002, bcdDevice= 6.18
[   37.498531][    T1] usb usb35: New USB device strings: Mfr=3, Product=2, SerialNumber=1
[   37.504957][    T1] usb usb35: Product: USB/IP Virtual Host Controller
[   37.509847][    T1] usb usb35: Manufacturer: Linux 6.18.0 vhci_hcd
[   37.515140][    T1] usb usb35: SerialNumber: vhci_hcd.1
[   37.524243][    T1] hub 35-0:1.0: USB hub found
[   37.528252][    T1] hub 35-0:1.0: 8 ports detected
[   37.540862][    T1] vhci_hcd vhci_hcd.1: USB/IP Virtual Host Controller
[   37.547422][    T1] vhci_hcd vhci_hcd.1: new USB bus registered, assigned bus number 36
[   37.554713][    T1] usb usb36: We don't know the algorithms for LPM for this host, disabling LPM.
[   37.564175][    T1] usb usb36: New USB device found, idVendor=1d6b, idProduct=0003, bcdDevice= 6.18
[   37.571889][    T1] usb usb36: New USB device strings: Mfr=3, Product=2, SerialNumber=1
[   37.578710][    T1] usb usb36: Product: USB/IP Virtual Host Controller
[   37.583827][    T1] usb usb36: Manufacturer: Linux 6.18.0 vhci_hcd
[   37.589366][    T1] usb usb36: SerialNumber: vhci_hcd.1
[   37.598224][    T1] hub 36-0:1.0: USB hub found
[   37.603034][    T1] hub 36-0:1.0: 8 ports detected
[   37.627543][    T1] vhci_hcd vhci_hcd.2: USB/IP Virtual Host Controller
[   37.635500][    T1] vhci_hcd vhci_hcd.2: new USB bus registered, assigned bus number 37
[   37.644271][    T1] usb usb37: New USB device found, idVendor=1d6b, idProduct=0002, bcdDevice= 6.18
[   37.650863][    T1] usb usb37: New USB device strings: Mfr=3, Product=2, SerialNumber=1
[   37.657114][    T1] usb usb37: Product: USB/IP Virtual Host Controller
[   37.662283][    T1] usb usb37: Manufacturer: Linux 6.18.0 vhci_hcd
[   37.666493][    T1] usb usb37: SerialNumber: vhci_hcd.2
[   37.673211][    T1] hub 37-0:1.0: USB hub found
[   37.675881][    T1] hub 37-0:1.0: 8 ports detected
[   37.688981][    T1] vhci_hcd vhci_hcd.2: USB/IP Virtual Host Controller
[   37.695376][    T1] vhci_hcd vhci_hcd.2: new USB bus registered, assigned bus number 38
[   37.701728][    T1] usb usb38: We don't know the algorithms for LPM for this host, disabling LPM.
[   37.709232][    T1] usb usb38: New USB device found, idVendor=1d6b, idProduct=0003, bcdDevice= 6.18
[   37.716103][    T1] usb usb38: New USB device strings: Mfr=3, Product=2, SerialNumber=1
[   37.721552][    T1] usb usb38: Product: USB/IP Virtual Host Controller
[   37.725810][    T1] usb usb38: Manufacturer: Linux 6.18.0 vhci_hcd
[   37.730446][    T1] usb usb38: SerialNumber: vhci_hcd.2
[   37.737727][    T1] hub 38-0:1.0: USB hub found
[   37.740873][    T1] hub 38-0:1.0: 8 ports detected
[   37.754044][    T1] vhci_hcd vhci_hcd.3: USB/IP Virtual Host Controller
[   37.759495][    T1] vhci_hcd vhci_hcd.3: new USB bus registered, assigned bus number 39
[   37.766324][    T1] usb usb39: New USB device found, idVendor=1d6b, idProduct=0002, bcdDevice= 6.18
[   37.773173][    T1] usb usb39: New USB device strings: Mfr=3, Product=2, SerialNumber=1
[   37.779794][    T1] usb usb39: Product: USB/IP Virtual Host Controller
[   37.784439][    T1] usb usb39: Manufacturer: Linux 6.18.0 vhci_hcd
[   37.789141][    T1] usb usb39: SerialNumber: vhci_hcd.3
[   37.796972][    T1] hub 39-0:1.0: USB hub found
[   37.800895][    T1] hub 39-0:1.0: 8 ports detected
[   37.815969][    T1] vhci_hcd vhci_hcd.3: USB/IP Virtual Host Controller
[   37.822964][    T1] vhci_hcd vhci_hcd.3: new USB bus registered, assigned bus number 40
[   37.830383][    T1] usb usb40: We don't know the algorithms for LPM for this host, disabling LPM.
[   37.839706][    T1] usb usb40: New USB device found, idVendor=1d6b, idProduct=0003, bcdDevice= 6.18
[   37.846996][    T1] usb usb40: New USB device strings: Mfr=3, Product=2, SerialNumber=1
[   37.853504][    T1] usb usb40: Product: USB/IP Virtual Host Controller
[   37.859670][    T1] usb usb40: Manufacturer: Linux 6.18.0 vhci_hcd
[   37.863797][    T1] usb usb40: SerialNumber: vhci_hcd.3
[   37.873314][    T1] hub 40-0:1.0: USB hub found
[   37.878681][    T1] hub 40-0:1.0: 8 ports detected
[   37.901046][    T1] vhci_hcd vhci_hcd.4: USB/IP Virtual Host Controller
[   37.910172][    T1] vhci_hcd vhci_hcd.4: new USB bus registered, assigned bus number 41
[   37.917082][    T1] usb usb41: New USB device found, idVendor=1d6b, idProduct=0002, bcdDevice= 6.18
[   37.923522][    T1] usb usb41: New USB device strings: Mfr=3, Product=2, SerialNumber=1
[   37.929690][    T1] usb usb41: Product: USB/IP Virtual Host Controller
[   37.937498][    T1] usb usb41: Manufacturer: Linux 6.18.0 vhci_hcd
[   37.942393][    T1] usb usb41: SerialNumber: vhci_hcd.4
[   37.950112][    T1] hub 41-0:1.0: USB hub found
[   37.953342][    T1] hub 41-0:1.0: 8 ports detected
[   37.968895][    T1] vhci_hcd vhci_hcd.4: USB/IP Virtual Host Controller
[   37.976191][    T1] vhci_hcd vhci_hcd.4: new USB bus registered, assigned bus number 42
[   37.985882][    T1] usb usb42: We don't know the algorithms for LPM for this host, disabling LPM.
[   37.995633][    T1] usb usb42: New USB device found, idVendor=1d6b, idProduct=0003, bcdDevice= 6.18
[   38.003393][    T1] usb usb42: New USB device strings: Mfr=3, Product=2, SerialNumber=1
[   38.010426][    T1] usb usb42: Product: USB/IP Virtual Host Controller
[   38.015514][    T1] usb usb42: Manufacturer: Linux 6.18.0 vhci_hcd
[   38.019253][    T1] usb usb42: SerialNumber: vhci_hcd.4
[   38.026664][    T1] hub 42-0:1.0: USB hub found
[   38.029387][    T1] hub 42-0:1.0: 8 ports detected
[   38.045084][    T1] vhci_hcd vhci_hcd.5: USB/IP Virtual Host Controller
[   38.051258][    T1] vhci_hcd vhci_hcd.5: new USB bus registered, assigned bus number 43
[   38.057819][    T1] usb usb43: New USB device found, idVendor=1d6b, idProduct=0002, bcdDevice= 6.18
[   38.065133][    T1] usb usb43: New USB device strings: Mfr=3, Product=2, SerialNumber=1
[   38.070116][    T1] usb usb43: Product: USB/IP Virtual Host Controller
[   38.074532][    T1] usb usb43: Manufacturer: Linux 6.18.0 vhci_hcd
[   38.078667][    T1] usb usb43: SerialNumber: vhci_hcd.5
[   38.085900][    T1] hub 43-0:1.0: USB hub found
[   38.089366][    T1] hub 43-0:1.0: 8 ports detected
[   38.101608][    T1] vhci_hcd vhci_hcd.5: USB/IP Virtual Host Controller
[   38.108047][    T1] vhci_hcd vhci_hcd.5: new USB bus registered, assigned bus number 44
[   38.114172][    T1] usb usb44: We don't know the algorithms for LPM for this host, disabling LPM.
[   38.121852][    T1] usb usb44: New USB device found, idVendor=1d6b, idProduct=0003, bcdDevice= 6.18
[   38.129323][    T1] usb usb44: New USB device strings: Mfr=3, Product=2, SerialNumber=1
[   38.134799][    T1] usb usb44: Product: USB/IP Virtual Host Controller
[   38.139456][    T1] usb usb44: Manufacturer: Linux 6.18.0 vhci_hcd
[   38.143095][    T1] usb usb44: SerialNumber: vhci_hcd.5
[   38.152159][    T1] hub 44-0:1.0: USB hub found
[   38.154745][    T1] hub 44-0:1.0: 8 ports detected
[   38.169051][    T1] vhci_hcd vhci_hcd.6: USB/IP Virtual Host Controller
[   38.176101][    T1] vhci_hcd vhci_hcd.6: new USB bus registered, assigned bus number 45
[   38.182994][    T1] usb usb45: New USB device found, idVendor=1d6b, idProduct=0002, bcdDevice= 6.18
[   38.191126][    T1] usb usb45: New USB device strings: Mfr=3, Product=2, SerialNumber=1
[   38.196999][    T1] usb usb45: Product: USB/IP Virtual Host Controller
[   38.206796][    T1] usb usb45: Manufacturer: Linux 6.18.0 vhci_hcd
[   38.211693][    T1] usb usb45: SerialNumber: vhci_hcd.6
[   38.220452][    T1] hub 45-0:1.0: USB hub found
[   38.224499][    T1] hub 45-0:1.0: 8 ports detected
[   38.242736][    T1] vhci_hcd vhci_hcd.6: USB/IP Virtual Host Controller
[   38.251563][    T1] vhci_hcd vhci_hcd.6: new USB bus registered, assigned bus number 46
[   38.258725][    T1] usb usb46: We don't know the algorithms for LPM for this host, disabling LPM.
[   38.267756][    T1] usb usb46: New USB device found, idVendor=1d6b, idProduct=0003, bcdDevice= 6.18
[   38.274223][    T1] usb usb46: New USB device strings: Mfr=3, Product=2, SerialNumber=1
[   38.280360][    T1] usb usb46: Product: USB/IP Virtual Host Controller
[   38.284006][    T1] usb usb46: Manufacturer: Linux 6.18.0 vhci_hcd
[   38.288711][    T1] usb usb46: SerialNumber: vhci_hcd.6
[   38.296656][    T1] hub 46-0:1.0: USB hub found
