failed to run ["ssh" "-p" "40208" "-F" "/dev/null" "-o" "UserKnownHostsFile=/dev/null" "-o" "IdentitiesOnly=yes" "-o" "BatchMode=yes" "-o" "StrictHostKeyChecking=no" "-o" "ConnectTimeout=10" "-i" "/home/wmy/Fuzzer/third_tool/Image-fuzz-6.18-syzbot/bullseye.id_rsa" "root@localhost" "pwd"]: exit status 255[    0.000000][    T0] Linux version 6.18.0 (wmy@wmy) (gcc (Ubuntu 11.4.0-1ubuntu1~22.04.2) 11.4.0, GNU ld (GNU Binutils for Ubuntu) 2.38) #1 SMP PREEMPT_DYNAMIC Sat Dec 20 16:37:44 CST 2025
[    0.000000][    T0] Command line: root=/dev/sda console=ttyS0 
[    0.000000][    T0] KERNEL supported cpus:
[    0.000000][    T0]   Intel GenuineIntel
[    0.000000][    T0]   AMD AuthenticAMD
[    0.000000][    T0] x86/CPU: Model not found in latest microcode list
[    0.000000][    T0] BIOS-provided physical RAM map:
[    0.000000][    T0] BIOS-e820: [mem 0x0000000000000000-0x000000000009fbff] usable
[    0.000000][    T0] BIOS-e820: [mem 0x000000000009fc00-0x000000000009ffff] reserved
[    0.000000][    T0] BIOS-e820: [mem 0x00000000000f0000-0x00000000000fffff] reserved
[    0.000000][    T0] BIOS-e820: [mem 0x0000000000100000-0x00000000bffdffff] usable
[    0.000000][    T0] BIOS-e820: [mem 0x00000000bffe0000-0x00000000bfffffff] reserved
[    0.000000][    T0] BIOS-e820: [mem 0x00000000feffc000-0x00000000feffffff] reserved
[    0.000000][    T0] BIOS-e820: [mem 0x00000000fffc0000-0x00000000ffffffff] reserved
[    0.000000][    T0] BIOS-e820: [mem 0x0000000100000000-0x000000013fffffff] usable
[    0.000000][    T0] printk: legacy bootconsole [earlyser0] enabled
[    0.000000][    T0] ERROR: earlyprintk= earlyser already used
[    0.000000][    T0] ERROR: earlyprintk= earlyser already used
[    0.000000][    T0] Hash pointers mode set to never.
[    0.000000][    T0] Malformed early option 'vsyscall'
[    0.000000][    T0] NX (Execute Disable) protection: active
[    0.000000][    T0] APIC: Static calls initialized
[    0.000000][    T0] SMBIOS 3.0.0 present.
[    0.000000][    T0] DMI: QEMU Standard PC (i440FX + PIIX, 1996), BIOS rel-1.16.3-0-ga6ed6b701f0a-prebuilt.qemu.org 04/01/2014
[    0.000000][    T0] DMI: Memory slots populated: 1/1
[    0.000000][    T0] Hypervisor detected: KVM
[    0.000000][    T0] last_pfn = 0xbffe0 max_arch_pfn = 0x400000000
[    0.000000][    T0] kvm-clock: Using msrs 4b564d01 and 4b564d00
[    0.000011][    T0] kvm-clock: using sched offset of 5006311923 cycles
[    0.003848][    T0] clocksource: kvm-clock: mask: 0xffffffffffffffff max_cycles: 0x1cd42e4dffb, max_idle_ns: 881590591483 ns
[    0.028282][    T0] tsc: Detected 2803.204 MHz processor
[    0.049270][    T0] last_pfn = 0x140000 max_arch_pfn = 0x400000000
[    0.063851][    T0] MTRR map: 4 entries (3 fixed + 1 variable; max 19), built from 8 variable MTRRs
[    0.080499][    T0] x86/PAT: Configuration [0-7]: WB  WC  UC- UC  WB  WP  UC- WT  
[    0.089735][    T0] last_pfn = 0xbffe0 max_arch_pfn = 0x400000000
[    0.134258][    T0] found SMP MP-table at [mem 0x000f5460-0x000f546f]
[    0.158988][    T0] ACPI: Early table checksum verification disabled
[    0.176675][    T0] ACPI: RSDP 0x00000000000F5250 000014 (v00 BOCHS )
[    0.187173][    T0] ACPI: RSDT 0x00000000BFFE1D7B 000034 (v01 BOCHS  BXPC     00000001 BXPC 00000001)
[    0.200269][    T0] ACPI: FACP 0x00000000BFFE1C17 000074 (v01 BOCHS  BXPC     00000001 BXPC 00000001)
[    0.213048][    T0] ACPI: DSDT 0x00000000BFFE0040 001BD7 (v01 BOCHS  BXPC     00000001 BXPC 00000001)
[    0.229589][    T0] ACPI: FACS 0x00000000BFFE0000 000040
[    0.245849][    T0] ACPI: APIC 0x00000000BFFE1C8B 000090 (v03 BOCHS  BXPC     00000001 BXPC 00000001)
[    0.265124][    T0] ACPI: HPET 0x00000000BFFE1D1B 000038 (v01 BOCHS  BXPC     00000001 BXPC 00000001)
[    0.284189][    T0] ACPI: WAET 0x00000000BFFE1D53 000028 (v01 BOCHS  BXPC     00000001 BXPC 00000001)
[    0.296626][    T0] ACPI: Reserving FACP table memory at [mem 0xbffe1c17-0xbffe1c8a]
[    0.310402][    T0] ACPI: Reserving DSDT table memory at [mem 0xbffe0040-0xbffe1c16]
[    0.322349][    T0] ACPI: Reserving FACS table memory at [mem 0xbffe0000-0xbffe003f]
[    0.341087][    T0] ACPI: Reserving APIC table memory at [mem 0xbffe1c8b-0xbffe1d1a]
[    0.354292][    T0] ACPI: Reserving HPET table memory at [mem 0xbffe1d1b-0xbffe1d52]
[    0.371133][    T0] ACPI: Reserving WAET table memory at [mem 0xbffe1d53-0xbffe1d7a]
[    0.392869][    T0] No NUMA configuration found
[    0.402139][    T0] Faking a node at [mem 0x0000000000000000-0x000000013fffffff]
[    0.417122][    T0] Faking node 0 at [mem 0x0000000000001000-0x0000000080000fff] (2048MB)
[    0.434721][    T0] Faking node 1 at [mem 0x0000000080001000-0x000000013fffffff] (3071MB)
[    0.444204][    T0] NODE_DATA(0) allocated [mem 0x7fffb400-0x80000fff]
[    0.465094][    T0] NODE_DATA(1) allocated [mem 0x13fff6400-0x13fffbfff]
[    0.689202][    T0] Zone ranges:
[    0.691321][    T0]   DMA      [mem 0x0000000000001000-0x0000000000ffffff]
[    0.703740][    T0]   DMA32    [mem 0x0000000001000000-0x00000000ffffffff]
[    0.708173][    T0]   Normal   [mem 0x0000000100000000-0x000000013fffffff]
[    0.717611][    T0]   Device   empty
[    0.719961][    T0] Movable zone start for each node
[    0.730556][    T0] Early memory node ranges
[    0.733381][    T0]   node   0: [mem 0x0000000000001000-0x000000000009efff]
[    0.741778][    T0]   node   0: [mem 0x0000000000100000-0x0000000080000fff]
[    0.749264][    T0]   node   1: [mem 0x0000000080001000-0x00000000bffdffff]
[    0.757375][    T0]   node   1: [mem 0x0000000100000000-0x000000013fffffff]
[    0.775846][    T0] Initmem setup node 0 [mem 0x0000000000001000-0x0000000080000fff]
[    0.792226][    T0] Initmem setup node 1 [mem 0x0000000080001000-0x000000013fffffff]
[    0.804482][    T0] On node 0, zone DMA: 1 pages in unavailable ranges
[    0.823611][    T0] On node 0, zone DMA: 97 pages in unavailable ranges
[    0.961294][    T0] On node 1, zone Normal: 32 pages in unavailable ranges
[    3.633583][    T0] KernelAddressSanitizer initialized (generic)
[    3.651859][    T0] ACPI: PM-Timer IO Port: 0x608
[    3.655298][    T0] ACPI: LAPIC_NMI (acpi_id[0xff] dfl dfl lint[0x1])
[    3.664442][    T0] IOAPIC[0]: apic_id 0, version 17, address 0xfec00000, GSI 0-23
[    3.678998][    T0] ACPI: INT_SRC_OVR (bus 0 bus_irq 0 global_irq 2 dfl dfl)
[    3.685592][    T0] ACPI: INT_SRC_OVR (bus 0 bus_irq 5 global_irq 5 high level)
[    3.694351][    T0] ACPI: INT_SRC_OVR (bus 0 bus_irq 9 global_irq 9 high level)
[    3.707043][    T0] ACPI: INT_SRC_OVR (bus 0 bus_irq 10 global_irq 10 high level)
[    3.718989][    T0] ACPI: INT_SRC_OVR (bus 0 bus_irq 11 global_irq 11 high level)
[    3.728264][    T0] ACPI: Using ACPI (MADT) for SMP configuration information
[    3.736461][    T0] ACPI: HPET id: 0x8086a201 base: 0xfed00000
[    3.747441][    T0] CPU topo: Max. logical packages:   1
[    3.755969][    T0] CPU topo: Max. logical dies:       1
[    3.759766][    T0] CPU topo: Max. dies per package:   1
[    3.770264][    T0] CPU topo: Max. threads per core:   1
[    3.774005][    T0] CPU topo: Num. cores per package:     4
[    3.781555][    T0] CPU topo: Num. threads per package:   4
[    3.788747][    T0] CPU topo: Allowing 4 present CPUs plus 0 hotplug CPUs
[    3.797382][    T0] kvm-guest: APIC: eoi() replaced with kvm_guest_apic_eoi_write()
[    3.811017][    T0] PM: hibernation: Registered nosave memory: [mem 0x00000000-0x00000fff]
[    3.825415][    T0] PM: hibernation: Registered nosave memory: [mem 0x0009f000-0x000fffff]
[    3.840644][    T0] PM: hibernation: Registered nosave memory: [mem 0xbffe0000-0xffffffff]
[    3.850498][    T0] [mem 0xc0000000-0xfeffbfff] available for PCI devices
[    3.862603][    T0] Booting paravirtualized kernel on KVM
[    3.869939][    T0] clocksource: refined-jiffies: mask: 0xffffffff max_cycles: 0xffffffff, max_idle_ns: 19112604462750000 ns
[    4.069608][    T0] setup_percpu: NR_CPUS:8 nr_cpumask_bits:4 nr_cpu_ids:4 nr_node_ids:2
[    4.104706][    T0] percpu: Embedded 70 pages/cpu s247752 r8192 d30776 u1048576
[    4.111414][    T0] kvm-guest: PV spinlocks disabled, no host support
[    4.115523][    T0] Kernel command line: earlyprintk=serial net.ifnames=0 sysctl.kernel.hung_task_all_cpu_backtrace=1 ima_policy=tcb nf-conntrack-ftp.ports=20000 nf-conntrack-tftp.ports=20000 nf-conntrack-sip.ports=20000 nf-conntrack-irc.ports=20000 nf-conntrack-sane.ports=20000 binder.debug_mask=0 rcupdate.rcu_expedited=1 rcupdate.rcu_cpu_stall_cputime=1 no_hash_pointers page_owner=on sysctl.vm.nr_hugepages=4 sysctl.vm.nr_overcommit_hugepages=4 secretmem.enable=1 sysctl.max_rcu_stall_to_panic=1 msr.allow_writes=off coredump_filter=0xffff root=/dev/sda console=ttyS0 vsyscall=native numa=fake=2 kvm-intel.nested=1 spec_store_bypass_disable=prctl nopcid vivid.n_devs=64 vivid.multiplanar=1,2,1,2,1,2,1,2,1,2,1,2,1,2,1,2,1,2,1,2,1,2,1,2,1,2,1,2,1,2,1,2,1,2,1,2,1,2,1,2,1,2,1,2,1,2,1,2,1,2,1,2,1,2,1,2,1,2,1,2,1,2,1,2 netrom.nr_ndevs=32 rose.rose_ndevs=32 smp.csd_lock_timeout=100000 watchdog_thresh=55 workqueue.watchdog_thresh=140 sysctl.net.core.netdev_unregister_timeout_secs=140 dummy_hcd.num=32 max_loop=32 nbds_max=32 comedi.comedi
[    4.126801][    T0] Unknown kernel command line parameters "nbds_max=32", will be passed to user space.
[    4.310663][    T0] printk: log buffer data + meta data: 262144 + 917504 = 1179648 bytes
[    4.328153][    T0] software IO TLB: area num 4.
[    4.826040][    T0] Fallback order for Node 0: 0 1 
[    4.842654][    T0] Fallback order for Node 1: 1 0 
[    4.842709][    T0] Built 2 zonelists, mobility grouping on.  Total pages: 1048446
[    4.872635][    T0] Policy zone: Normal
[    4.894604][    T0] mem auto-init: stack:off, heap alloc:on, heap free:off
[    4.910985][    T0] stackdepot: allocating hash table via alloc_large_system_hash
[    4.919833][    T0] stackdepot hash table entries: 1048576 (order: 12, 16777216 bytes, linear)
[    5.061666][    T0] stackdepot: allocating space for 8192 stack pools via memblock
[    6.211541][    T0] **********************************************************
[    6.231383][    T0] **   NOTICE NOTICE NOTICE NOTICE NOTICE NOTICE NOTICE   **
[    6.243170][    T0] **                                                      **
[    6.255911][    T0] ** This system shows unhashed kernel memory addresses   **
[    6.274593][    T0] ** via the console, logs, and other interfaces. This    **
[    6.284534][    T0] ** might reduce the security of your system.            **
[    6.297174][    T0] **                                                      **
[    6.309991][    T0] ** If you see this message and you are not debugging    **
[    6.327955][    T0] ** the kernel, report this immediately to your system   **
[    6.339725][    T0] ** administrator!                                       **
[    6.353501][    T0] **                                                      **
[    6.373718][    T0] ** Use hash_pointers=always to force this mode off      **
[    6.385393][    T0] **                                                      **
[    6.405358][    T0] **   NOTICE NOTICE NOTICE NOTICE NOTICE NOTICE NOTICE   **
[    6.418844][    T0] **********************************************************
[    6.439358][    T0] SLUB: HWalign=64, Order=0-3, MinObjects=0, CPUs=4, Nodes=2
[    7.076069][    T0] allocated 83886080 bytes of page_ext
[    7.081308][    T0] Node 0, zone      DMA: page owner found early allocated 0 pages
[    7.104197][    T0] Node 0, zone    DMA32: page owner found early allocated 10987 pages
[    7.111353][    T0] Node 1, zone    DMA32: page owner found early allocated 0 pages
[    7.126371][    T0] Node 1, zone   Normal: page owner found early allocated 9603 pages
[    7.132702][    T0] Kernel/User page tables isolation: enabled
[    7.137900][    T0] Dynamic Preempt: full
[    7.141382][    T0] Running RCU self tests
[    7.143216][    T0] Running RCU synchronous self tests
[    7.145633][    T0] rcu: Preemptible hierarchical RCU implementation.
[    7.148598][    T0] rcu: 	RCU lockdep checking is enabled.
[    7.151204][    T0] rcu: 	RCU restricting CPUs from NR_CPUS=8 to nr_cpu_ids=4.
[    7.155438][    T0] rcu: 	RCU callback double-/use-after-free debug is enabled.
[    7.160094][    T0] rcu: 	RCU debug extended QS entry/exit.
[    7.163254][    T0] 	All grace periods are expedited (rcu_expedited).
[    7.167125][    T0] 	Trampoline variant of Tasks RCU enabled.
[    7.170074][    T0] 	Tracing variant of Tasks RCU enabled.
[    7.172874][    T0] rcu: RCU calculated value of scheduler-enlistment delay is 10 jiffies.
[    7.177202][    T0] rcu: Adjusting geometry for rcu_fanout_leaf=16, nr_cpu_ids=4
[    7.181165][    T0] Running RCU synchronous self tests
[    7.183741][    T0] RCU Tasks: Setting shift to 2 and lim to 1 rcu_task_cb_adjust=1 rcu_task_cpu_ids=4.
[    7.188832][    T0] RCU Tasks Trace: Setting shift to 2 and lim to 1 rcu_task_cb_adjust=1 rcu_task_cpu_ids=4.
[    7.326376][    T0] NR_IRQS: 4352, nr_irqs: 456, preallocated irqs: 16
[    7.332814][    T0] rcu: srcu_init: Setting srcu_struct sizes based on contention.
[    7.339009][    T0] kfence: initialized - using 2097152 bytes for 255 objects at 0xffff888135c00000-0xffff888135e00000
[    7.397183][    T0] Console: colour VGA+ 80x25
[    7.400620][    T0] printk: legacy console [ttyS0] enabled
[    7.400620][    T0] printk: legacy console [ttyS0] enabled
[    7.408809][    T0] printk: legacy bootconsole [earlyser0] disabled
[    7.408809][    T0] printk: legacy bootconsole [earlyser0] disabled
[    7.417051][    T0] Lock dependency validator: Copyright (c) 2006 Red Hat, Inc., Ingo Molnar
[    7.421508][    T0] ... MAX_LOCKDEP_SUBCLASSES:  8
[    7.424721][    T0] ... MAX_LOCK_DEPTH:          48
[    7.428017][    T0] ... MAX_LOCKDEP_KEYS:        8192
[    7.431659][    T0] ... CLASSHASH_SIZE:          4096
[    7.435313][    T0] ... MAX_LOCKDEP_ENTRIES:     1048576
[    7.438922][    T0] ... MAX_LOCKDEP_CHAINS:      1048576
[    7.442437][    T0] ... CHAINHASH_SIZE:          524288
[    7.446250][    T0]  memory used by lock dependency info: 106625 kB
[    7.450366][    T0]  memory used for stack traces: 8320 kB
[    7.454444][    T0]  per task-struct memory footprint: 1920 bytes
[    7.459312][    T0] mempolicy: Enabling automatic NUMA balancing. Configure with numa_balancing= or the kernel.numa_balancing sysctl
[    7.467725][    T0] ACPI: Core revision 20250807
[    7.472696][    T0] clocksource: hpet: mask: 0xffffffff max_cycles: 0xffffffff, max_idle_ns: 19112604467 ns
[    7.480636][    T0] APIC: Switch to symmetric I/O mode setup
[    7.488440][    T0] x2apic enabled
[    7.495703][    T0] APIC: Switched APIC routing to: physical x2apic
[    7.514963][    T0] ..TIMER: vector=0x30 apic1=0 pin1=2 apic2=-1 pin2=-1
[    7.520032][    T0] clocksource: tsc-early: mask: 0xffffffffffffffff max_cycles: 0x2868139ef5d, max_idle_ns: 440795282642 ns
[    7.528304][    T0] Calibrating delay loop (skipped) preset value.. 5606.40 BogoMIPS (lpj=28032040)
[    7.540745][    T0] Last level iTLB entries: 4KB 0, 2MB 0, 4MB 0
[    7.548316][    T0] Last level dTLB entries: 4KB 0, 2MB 0, 4MB 0, 1GB 0
[    7.553050][    T0] mitigations: Enabled attack vectors: user_kernel, user_user, guest_host, guest_guest, SMT mitigations: auto
[    7.558343][    T0] Speculative Store Bypass: Vulnerable
[    7.561673][    T0] Spectre V2 : Mitigation: Retpolines
[    7.568297][    T0] ITS: Mitigation: Aligned branch/return thunks
[    7.573260][    T0] MDS: Vulnerable: Clear CPU buffers attempted, no microcode
[    7.578323][    T0] Spectre V1 : Mitigation: usercopy/swapgs barriers and __user pointer sanitization
[    7.588352][    T0] Spectre V2 : Spectre v2 / SpectreRSB: Filling RSB on context switch and VMEXIT
[    7.596418][    T0] active return thunk: its_return_thunk
[    7.598405][    T0] x86/fpu: x87 FPU will use FXSAVE
[    7.872859][    T0] Freeing SMP alternatives memory: 132K
[    7.877283][    T0] pid_max: default: 32768 minimum: 301
[    7.879210][    T0] LSM: initializing lsm=lockdown,capability,landlock,yama,safesetid,tomoyo,apparmor,bpf,ima,evm
[    7.888647][    T0] landlock: Up and running.
[    7.891729][    T0] Yama: becoming mindful.
[    7.895090][    T0] TOMOYO Linux initialized
[    7.898982][    T0] AppArmor: AppArmor initialized
[    7.903561][    T0] LSM support for eBPF active
[    7.915524][    T0] Dentry cache hash table entries: 524288 (order: 10, 4194304 bytes, vmalloc hugepage)
[    7.921269][    T0] Inode-cache hash table entries: 262144 (order: 9, 2097152 bytes, vmalloc hugepage)
[    7.928943][    T0] Mount-cache hash table entries: 8192 (order: 4, 65536 bytes, vmalloc)
[    7.938608][    T0] Mountpoint-cache hash table entries: 8192 (order: 4, 65536 bytes, vmalloc)
[    7.950021][    T0] Running RCU synchronous self tests
[    7.952652][    T0] Running RCU synchronous self tests
[    8.067808][    T1] smpboot: CPU0: Intel QEMU Virtual CPU version 2.5+ (family: 0xf, model: 0x6b, stepping: 0x1)
[    8.069341][    T1] Performance Events: unsupported Netburst CPU model 107 no PMU driver, software events only.
[    8.077612][    T1] signal: max sigframe size: 1440
[    8.078999][    T1] rcu: Hierarchical SRCU implementation.
[    8.083697][    T1] rcu: 	Max phase no-delay instances is 1000.
[    8.089518][    T1] Timer migration: 2 hierarchy levels; 8 children per group; 1 crossnode level
[    8.138357][    T1] NMI watchdog: Perf NMI watchdog permanently disabled
[    8.144511][    T1] smp: Bringing up secondary CPUs ...
[    8.151258][    T1] smpboot: x86: Booting SMP configuration:
[    8.155772][    T1] .... node  #1, CPUs:      #1
[    8.162043][    T1] .... node  #0, CPUs:   #2
[    8.167687][    T1] .... node  #1, CPUs:   #3
[    8.188587][    T1] smp: Brought up 2 nodes, 4 CPUs
[    8.191056][    T1] smpboot: Total of 4 processors activated (22425.63 BogoMIPS)
[    8.203772][    T1] Memory: 2940880K/4193784K available (168261K kernel code, 41423K rwdata, 40108K rodata, 27048K init, 120456K bss, 1153864K reserved, 0K cma-reserved)
[    8.218887][    T1] devtmpfs: initialized
[    8.221285][    T1] x86/mm: Memory block size: 128MB
[    8.259355][    T1] Running RCU synchronous self tests
[    8.262108][    T1] Running RCU synchronous self tests
[    8.264917][    T1] Running RCU Tasks wait API self tests
[    8.268539][    T1] Running RCU Tasks Trace wait API self tests
[    8.318341][    T1] clocksource: jiffies: mask: 0xffffffff max_cycles: 0xffffffff, max_idle_ns: 19112604462750000 ns
[    8.325299][    T1] posixtimers hash table entries: 2048 (order: 6, 147456 bytes, vmalloc)
[    8.328447][    T1] futex hash table entries: 512 (65536 bytes on 2 NUMA nodes, total 128 KiB, linear).
[    8.341704][    T1] PM: RTC time: 16:00:09, date: 2026-01-09
[    8.371994][    T1] NET: Registered PF_NETLINK/PF_ROUTE protocol family
[    8.385522][    T1] audit: initializing netlink subsys (disabled)
[    8.388336][   T41] Callback from call_rcu_tasks_trace() invoked.
[    8.389059][   T43] audit: type=2000 audit(1767974409.387:1): state=initialized audit_enabled=0 res=1
[    8.392435][    T1] thermal_sys: Registered thermal governor 'step_wise'
[    8.398307][    T1] cpuidle: using governor menu
[    8.408551][    T1] NET: Registered PF_QIPCRTR protocol family
[    8.416996][    T1] dca service started, version 1.12.1
[    8.416996][    T1] PCI: Using configuration type 1 for base access
[    8.439315][    T1] HugeTLB: registered 2.00 MiB page size, pre-allocated 0 pages
[    8.443924][    T1] HugeTLB: 28 KiB vmemmap can be freed for a 2.00 MiB page
[    8.459764][    T1] raid6: skipped pq benchmark and selected sse2x4
[    8.468312][    T1] raid6: using intx1 recovery algorithm
[    8.473338][    T1] ACPI: Added _OSI(Module Device)
[    8.473939][    T1] ACPI: Added _OSI(Processor Device)
[    8.477586][    T1] ACPI: Added _OSI(Processor Aggregator Device)
[    8.491145][   T40] Callback from call_rcu_tasks() invoked.
[    8.564489][    T1] ACPI: 1 ACPI AML tables successfully acquired and loaded
[    8.615296][    T1] ACPI: Interpreter enabled
[    8.618890][    T1] ACPI: PM: (supports S0 S3 S4 S5)
[    8.623004][    T1] ACPI: Using IOAPIC for interrupt routing
[    8.628749][    T1] PCI: Using host bridge windows from ACPI; if necessary, use "pci=nocrs" and report a bug
[    8.637029][    T1] PCI: Using E820 reservations for host bridge windows
[    8.641506][    T1] ACPI: Enabled 2 GPEs in block 00 to 0F
[    8.826051][    T1] ACPI: PCI Root Bridge [PCI0] (domain 0000 [bus 00-ff])
[    8.828451][    T1] acpi PNP0A03:00: _OSC: OS supports [ASPM ClockPM Segments MSI HPX-Type3]
[    8.835069][    T1] acpi PNP0A03:00: _OSC: not requesting OS control; OS requires [ExtendedConfig ASPM ClockPM MSI]
[    8.849315][    T1] acpi PNP0A03:00: fail to add MMCONFIG information, can't access extended configuration space under this bridge
[    8.861958][    T1] PCI host bridge to bus 0000:00
[    8.868305][    T1] pci_bus 0000:00: Unknown NUMA node; performance will be reduced
[    8.874267][    T1] pci_bus 0000:00: root bus resource [io  0x0000-0x0cf7 window]
[    8.878422][    T1] pci_bus 0000:00: root bus resource [io  0x0d00-0xffff window]
[    8.888391][    T1] pci_bus 0000:00: root bus resource [mem 0x000a0000-0x000bffff window]
[    8.894009][    T1] pci_bus 0000:00: root bus resource [mem 0xc0000000-0xfebfffff window]
[    8.898318][    T1] pci_bus 0000:00: root bus resource [mem 0x140000000-0x1bfffffff window]
[    8.903538][    T1] pci_bus 0000:00: root bus resource [bus 00-ff]
[    8.908870][    T1] pci 0000:00:00.0: [8086:1237] type 00 class 0x060000 conventional PCI endpoint
[    8.916002][    T1] pci 0000:00:01.0: [8086:7000] type 00 class 0x060100 conventional PCI endpoint
[    8.933429][    T1] pci 0000:00:01.1: [8086:7010] type 00 class 0x010180 conventional PCI endpoint
[    8.951051][    T1] pci 0000:00:01.1: BAR 4 [io  0xc0a0-0xc0af]
[    8.956914][    T1] pci 0000:00:01.1: BAR 0 [io  0x01f0-0x01f7]: legacy IDE quirk
[    8.956914][    T1] pci 0000:00:01.1: BAR 1 [io  0x03f6]: legacy IDE quirk
[    8.968354][    T1] pci 0000:00:01.1: BAR 2 [io  0x0170-0x0177]: legacy IDE quirk
[    8.974490][    T1] pci 0000:00:01.1: BAR 3 [io  0x0376]: legacy IDE quirk
[    8.998723][    T1] pci 0000:00:01.3: [8086:7113] type 00 class 0x068000 conventional PCI endpoint
[    9.020147][    T1] pci 0000:00:01.3: quirk: [io  0x0600-0x063f] claimed by PIIX4 ACPI
[    9.028376][    T1] pci 0000:00:01.3: quirk: [io  0x0700-0x070f] claimed by PIIX4 SMB
[    9.038595][    T1] pci 0000:00:01.3: quirk_piix4_acpi+0x0/0x200 took 19531 usecs
[    9.130773][    T1] pci 0000:00:02.0: [1234:1111] type 00 class 0x030000 conventional PCI endpoint
[    9.182781][    T1] pci 0000:00:02.0: BAR 0 [mem 0xfd000000-0xfdffffff pref]
[    9.188535][    T1] pci 0000:00:02.0: BAR 2 [mem 0xfebc0000-0xfebc0fff]
[    9.193962][    T1] pci 0000:00:02.0: ROM [mem 0xfeba0000-0xfebaffff pref]
[    9.201623][    T1] pci 0000:00:02.0: Video device with shadowed ROM at [mem 0x000c0000-0x000dffff]
[    9.227908][    T1] pci 0000:00:03.0: [1af4:1005] type 00 class 0x00ff00 conventional PCI endpoint
[    9.242361][    T1] pci 0000:00:03.0: BAR 0 [io  0xc080-0xc09f]
[    9.247605][    T1] pci 0000:00:03.0: BAR 1 [mem 0xfebc1000-0xfebc1fff]
[    9.258520][    T1] pci 0000:00:03.0: BAR 4 [mem 0xfe000000-0xfe003fff 64bit pref]
[    9.413474][    T1] pci 0000:00:04.0: [1af4:1009] type 00 class 0x000200 conventional PCI endpoint
[    9.424803][    T1] pci 0000:00:04.0: BAR 0 [io  0xc000-0xc03f]
[    9.428372][    T1] pci 0000:00:04.0: BAR 1 [mem 0xfebc2000-0xfebc2fff]
[    9.438517][    T1] pci 0000:00:04.0: BAR 4 [mem 0xfe004000-0xfe007fff 64bit pref]
[    9.564313][    T1] pci 0000:00:05.0: [8086:2652] type 00 class 0x010600 conventional PCI endpoint
[    9.570448][    T1] pci 0000:00:05.0: BAR 5 [mem 0xfebb0000-0xfebbffff]
[    9.649877][    T1] pci 0000:00:06.0: [8086:100e] type 00 class 0x020000 conventional PCI endpoint
[    9.661515][    T1] pci 0000:00:06.0: BAR 0 [mem 0xfeb80000-0xfeb9ffff]
[    9.667467][    T1] pci 0000:00:06.0: BAR 1 [io  0xc040-0xc07f]
[    9.678560][    T1] pci 0000:00:06.0: ROM [mem 0xfeb40000-0xfeb7ffff pref]
[    9.772873][    T1] ACPI: PCI: Interrupt link LNKA configured for IRQ 10
[    9.805261][    T1] ACPI: PCI: Interrupt link LNKB configured for IRQ 10
[    9.829565][    T1] ACPI: PCI: Interrupt link LNKC configured for IRQ 11
[    9.842811][    T1] ACPI: PCI: Interrupt link LNKD configured for IRQ 11
[    9.851532][    T1] ACPI: PCI: Interrupt link LNKS configured for IRQ 9
[    9.901176][    T1] iommu: Default domain type: Translated
[    9.903680][    T1] iommu: DMA domain TLB invalidation policy: lazy mode
[    9.938302][    T1] SCSI subsystem initialized
[    9.988367][    T1] ACPI: bus type USB registered
[    9.999362][    T1] usbcore: registered new interface driver usbfs
[   10.006776][    T1] usbcore: registered new interface driver hub
[   10.019047][    T1] usbcore: registered new device driver usb
[   10.032685][    T1] mc: Linux media interface: v0.10
[   10.036282][    T1] videodev: Linux video capture interface: v2.00
[   10.039315][    T1] pps_core: LinuxPPS API ver. 1 registered
[   10.044842][    T1] pps_core: Software ver. 5.3.6 - Copyright 2005-2007 Rodolfo Giometti <giometti@linux.it>
[   10.058726][    T1] PTP clock support registered
[   10.068998][    T1] EDAC MC: Ver: 3.0.0
[   10.090368][    T1] Advanced Linux Sound Architecture Driver Initialized.
[   10.119619][    T1] Bluetooth: Core ver 2.22
[   10.124716][    T1] NET: Registered PF_BLUETOOTH protocol family
[   10.138309][    T1] Bluetooth: HCI device and connection manager initialized
[   10.144303][    T1] Bluetooth: HCI socket layer initialized
[   10.148288][    T1] Bluetooth: L2CAP socket layer initialized
[   10.148288][    T1] Bluetooth: SCO socket layer initialized
[   10.158829][    T1] NET: Registered PF_ATMPVC protocol family
[   10.164533][    T1] NET: Registered PF_ATMSVC protocol family
[   10.169507][    T1] NetLabel: Initializing
[   10.173237][    T1] NetLabel:  domain hash size = 128
[   10.178414][    T1] NetLabel:  protocols = UNLABELED CIPSOv4 CALIPSO
[   10.184764][    T1] NetLabel:  unlabeled traffic allowed by default
[   10.190723][    T1] nfc: nfc_init: NFC Core ver 0.1
[   10.195325][    T1] NET: Registered PF_NFC protocol family
[   10.195325][    T1] mctp: management component transport protocol core
[   10.208379][    T1] NET: Registered PF_MCTP protocol family
[   10.214909][    T1] PCI: Using ACPI for IRQ routing
[   10.220413][    T1] pci 0000:00:02.0: vgaarb: setting as boot VGA device
[   10.224151][    T1] pci 0000:00:02.0: vgaarb: bridge control possible
[   10.228288][    T1] pci 0000:00:02.0: vgaarb: VGA device added: decodes=io+mem,owns=io+mem,locks=none
[   10.238323][    T1] vgaarb: loaded
[   10.249010][    T1] hpet: 3 channels of 0 reserved for per-cpu timers
[   10.255252][    T1] hpet0: at MMIO 0xfed00000, IRQs 2, 8, 0
[   10.268315][    T1] hpet0: 3 comparators, 64-bit 100.000000 MHz counter
[   10.341391][    T1] clocksource: Switched to clocksource kvm-clock
[   10.381180][    T1] VFS: Disk quotas dquot_6.6.0
[   10.385591][    T1] VFS: Dquot-cache hash table entries: 512 (order 0, 4096 bytes)
[   10.401347][    T1] netfs: FS-Cache loaded
[   10.408969][    T1] CacheFiles: Loaded
[   10.414266][    T1] TOMOYO: 2.6.0
[   10.417500][    T1] Mandatory Access Control activated.
[   10.430221][    T1] AppArmor: AppArmor Filesystem Enabled
[   10.436790][    T1] pnp: PnP ACPI init
[   10.462723][    T1] pnp: PnP ACPI: found 6 devices
[   10.584566][    T1] clocksource: acpi_pm: mask: 0xffffff max_cycles: 0xffffff, max_idle_ns: 2085701024 ns
[   10.595104][    T1] NET: Registered PF_INET protocol family
[   10.607622][    T1] IP idents hash table entries: 65536 (order: 7, 524288 bytes, vmalloc)
[   10.642883][    T1] tcp_listen_portaddr_hash hash table entries: 2048 (order: 6, 147456 bytes, vmalloc)
[   10.662642][    T1] Table-perturb hash table entries: 65536 (order: 6, 262144 bytes, vmalloc)
[   10.680022][    T1] TCP established hash table entries: 32768 (order: 6, 262144 bytes, vmalloc)
[   10.705724][    T1] TCP bind hash table entries: 32768 (order: 11, 4718592 bytes, vmalloc hugepage)
[   10.717901][    T1] TCP: Hash tables configured (established 32768 bind 32768)
[   10.730965][    T1] MPTCP token hash table entries: 4096 (order: 7, 360448 bytes, vmalloc)
[   10.748912][    T1] UDP hash table entries: 2048 (order: 7, 524288 bytes, vmalloc)
[   10.777080][    T1] UDP-Lite hash table entries: 2048 (order: 7, 524288 bytes, vmalloc)
[   10.789674][    T1] NET: Registered PF_UNIX/PF_LOCAL protocol family
[   10.811461][    T1] RPC: Registered named UNIX socket transport module.
[   10.816928][    T1] RPC: Registered udp transport module.
[   10.822249][    T1] RPC: Registered tcp transport module.
[   10.827664][    T1] RPC: Registered tcp-with-tls transport module.
[   10.833111][    T1] RPC: Registered tcp NFSv4.1 backchannel transport module.
[   10.847120][    T1] NET: Registered PF_XDP protocol family
[   10.854222][    T1] pci_bus 0000:00: resource 4 [io  0x0000-0x0cf7 window]
[   10.861098][    T1] pci_bus 0000:00: resource 5 [io  0x0d00-0xffff window]
[   10.867948][    T1] pci_bus 0000:00: resource 6 [mem 0x000a0000-0x000bffff window]
[   10.877570][    T1] pci_bus 0000:00: resource 7 [mem 0xc0000000-0xfebfffff window]
[   10.887644][    T1] pci_bus 0000:00: resource 8 [mem 0x140000000-0x1bfffffff window]
[   10.911371][    T1] pci 0000:00:01.0: PIIX3: Enabling Passive Release
[   10.923825][    T1] pci 0000:00:00.0: quirk_passive_release+0x0/0x130 took 12448 usecs
[   10.935665][    T1] pci 0000:00:00.0: Limiting direct PCI/PCI transfers
[   10.943444][    T1] PCI: CLS 0 bytes, default 64
[   10.947041][    T1] PCI-DMA: Using software bounce buffering for IO (SWIOTLB)
[   10.951742][    T1] software IO TLB: mapped [mem 0x00000000bbfe0000-0x00000000bffe0000] (64MB)
[   10.966887][    T1] ACPI: bus type thunderbolt registered
[   10.985530][   T79] kworker/u18:2 (79) used greatest stack depth: 27992 bytes left
[   10.990536][    T1] kvm_intel: VMX not supported by CPU 1
[   11.006651][    T1] kvm_amd: CPU 1 isn't AMD or Hygon
[   11.010253][    T1] clocksource: tsc: mask: 0xffffffffffffffff max_cycles: 0x2868139ef5d, max_idle_ns: 440795282642 ns
[   11.066308][    T1] twofish-x86_64-3way: performance on this CPU would be suboptimal: disabling twofish-x86_64-3way.
[   11.082716][    T1] CPU feature 'AVX registers' is not supported.
[   11.092231][    T1] CPU feature 'AVX registers' is not supported.
[   11.100774][    T1] AVX2 instructions are not detected.
[   11.108636][    T1] des3_ede-x86_64: performance on this CPU would be suboptimal: disabling des3_ede-x86_64.
[   11.121264][    T1] camellia-x86_64: performance on this CPU would be suboptimal: disabling camellia-x86_64.
[   11.132062][    T1] AVX or AES-NI instructions are not detected.
[   11.140644][    T1] AVX2 or AES-NI instructions are not detected.
[   11.148739][    T1] blowfish-x86_64: performance on this CPU would be suboptimal: disabling blowfish-x86_64.
[   11.156299][    T1] CPU feature 'AVX registers' is not supported.
[   11.164391][    T1] CPU feature 'AVX registers' is not supported.
[   11.176427][    T1] sm3_avx_x86_64: AVX instruction are not detected.
[   11.188453][    T1] AVX or AES-NI instructions are not detected.
[   11.194218][    T1] AVX2 or AES-NI instructions are not detected.
[   11.198834][    T1] AVX or AES-NI instructions are not detected.
[   11.213962][  T101] kworker/u18:3 (101) used greatest stack depth: 27432 bytes left
[   13.944005][    T1] Initialise system trusted keyrings
[   13.949072][    T1] workingset: timestamp_bits=40 max_order=20 bucket_order=0
[   13.962797][    T1] DLM installed
[   13.970738][    T1] squashfs: version 4.0 (2009/01/31) Phillip Lougher
[   13.982918][    T1] NFS: Registering the id_resolver key type
[   13.986129][    T1] Key type id_resolver registered
[   13.989283][    T1] Key type id_legacy registered
[   13.992833][    T1] nfs4filelayout_init: NFSv4 File Layout Driver Registering...
[   13.998236][    T1] nfs4flexfilelayout_init: NFSv4 Flexfile Layout Driver Registering...
[   14.022435][    T1] Key type cifs.spnego registered
[   14.027027][    T1] Key type cifs.idmap registered
[   14.032942][    T1] ntfs3: Enabled Linux POSIX ACLs support
[   14.036668][    T1] ntfs3: Read-only LZX/Xpress compression included
[   14.040959][    T1] efs: 1.0a - http://aeschi.ch.eu.org/efs/
[   14.044632][    T1] jffs2: version 2.2. (NAND) (SUMMARY)  © 2001-2006 Red Hat, Inc.
[   14.053741][    T1] romfs: ROMFS MTD (C) 2007 Red Hat, Inc.
[   14.057482][    T1] QNX4 filesystem 0.2.3 registered.
[   14.061001][    T1] qnx6: QNX6 filesystem 1.0.0 registered.
[   14.066663][    T1] fuse: init (API version 7.45)
[   14.072595][    T1] orangefs_debugfs_init: called with debug mask: :none: :0:
[   14.078804][    T1] orangefs_init: module version upstream loaded
[   14.084324][    T1] JFS: nTxBlock = 8192, nTxLock = 65536
[   14.141863][    T1] SGI XFS with ACLs, security attributes, realtime, quota, no debug enabled
[   14.152720][    T1] 9p: Installing v9fs 9p2000 file system support
[   14.157855][    T1] NILFS version 2 loaded
[   14.160598][    T1] befs: version: 0.9.3
[   14.164149][    T1] ocfs2: Registered cluster interface o2cb
[   14.169950][    T1] ocfs2: Registered cluster interface user
[   14.174304][    T1] OCFS2 User DLM kernel interface loaded
[   14.193311][    T1] gfs2: GFS2 installed
[   14.207619][    T1] ceph: loaded (mds proto 32)
[   14.219200][    T1] cryptd: max_cpu_qlen set to 1000
[   14.246982][    T1] NET: Registered PF_ALG protocol family
[   14.252472][    T1] xor: measuring software checksum speed
[   14.257125][    T1]    prefetch64-sse  :  5749 MB/sec
[   14.261198][    T1]    generic_sse     : 11051 MB/sec
[   14.264273][    T1] xor: using function: generic_sse (11051 MB/sec)
[   14.268611][    T1] async_tx: api initialized (async)
[   14.271514][    T1] Key type asymmetric registered
[   14.274773][    T1] Asymmetric key parser 'x509' registered
[   14.279247][    T1] Asymmetric key parser 'pkcs8' registered
[   14.283865][    T1] Key type pkcs7_test registered
[   14.288841][    T1] Block layer SCSI generic (bsg) driver version 0.4 loaded (major 239)
[   14.295913][    T1] io scheduler mq-deadline registered
[   14.298593][    T1] io scheduler kyber registered
[   14.302241][    T1] io scheduler bfq registered
[   14.318314][    T1] input: Power Button as /devices/LNXSYSTM:00/LNXPWRBN:00/input/input0
[   14.331934][    T1] ACPI: button: Power Button [PWRF]
[   14.350922][    T1] ioatdma: Intel(R) QuickData Technology Driver 5.00
[   18.161311][    T1] ACPI: \_SB_.LNKC: Enabled at IRQ 11
[   22.327660][    T1] ACPI: \_SB_.LNKD: Enabled at IRQ 10
[   22.554408][  T426] kworker/u18:2 (426) used greatest stack depth: 27288 bytes left
[   22.854603][    T1] N_HDLC line discipline registered with maxframe=4096
[   22.862202][    T1] Serial: 8250/16550 driver, 4 ports, IRQ sharing enabled
[   22.873806][    T1] 00:04: ttyS0 at I/O 0x3f8 (irq = 4, base_baud = 115200) is a 16550A
[   22.907511][    T1] Non-volatile memory driver v1.3
[   22.924079][    T1] Linux agpgart interface v0.103
[   22.924420][  T781] random: crng init done
[   22.931647][    T1] usbcore: registered new interface driver xillyusb
[   22.941374][    T1] ACPI: bus type drm_connector registered
[   22.953788][    T1] [drm] Initialized vgem 1.0.0 for vgem on minor 0
[   22.968385][    T1] [drm] Initialized vkms 1.0.0 for vkms on minor 1
[   23.074075][    T1] Console: switching to colour frame buffer device 128x48
[   23.095380][    T1] faux_driver vkms: [drm] fb0: vkmsdrmfb frame buffer device
[   23.100746][    T1] usbcore: registered new interface driver udl
[   23.107003][    T1] bochs-drm 0000:00:02.0: vgaarb: deactivate vga console
[   23.123311][    T1] [drm] Found bochs VGA, ID 0xb0c5.
[   23.126642][    T1] [drm] Framebuffer size 16384 kB @ 0xfd000000, mmio @ 0xfebc0000.
[   23.141662][    T1] [drm] Initialized bochs-drm 1.0.0 for 0000:00:02.0 on minor 2
[   23.189516][    T1] fbcon: bochs-drmdrmfb (fb1) is primary device
[   23.189530][    T1] fbcon: Remapping primary device, fb1, to tty 1-63
[   24.015746][    T1] bochs-drm 0000:00:02.0: [drm] fb1: bochs-drmdrmfb frame buffer device
[   24.023557][    T1] usbcore: registered new interface driver gm12u320
[   24.028816][    T1] usbcore: registered new interface driver gud
[   24.126267][    T1] brd: module loaded
[   24.377294][    T1] loop: module loaded
[   24.654172][    T1] zram: Added device: zram0
[   24.674010][    T1] null_blk: disk nullb0 created
[   24.678186][    T1] null_blk: module loaded
[   24.682805][    T1] Guest personality initialized and is inactive
[   24.687967][    T1] VMCI host device registered (name=vmci, major=10, minor=266)
[   24.693669][    T1] Initialized host personality
[   24.697947][    T1] usbcore: registered new interface driver rtsx_usb
[   24.705231][    T1] usbcore: registered new interface driver viperboard
[   24.711289][    T1] usbcore: registered new interface driver dln2
[   24.717862][    T1] usbcore: registered new interface driver pn533_usb
[   24.729198][    T1] nfcsim 0.2 initialized
[   24.733330][    T1] usbcore: registered new interface driver port100
[   24.738615][    T1] usbcore: registered new interface driver nfcmrvl
[   24.749041][    T1] Loading iSCSI transport class v2.0-870.
[   24.764212][    T1] st: Version 20160209, fixed bufsize 32768, s/g segs 256
[   28.972886][    T1] ACPI: \_SB_.LNKA: Enabled at IRQ 10
[   29.004504][    T1] ahci 0000:00:05.0: SSS flag set, parallel bus scan disabled
[   29.023260][    T1] ahci 0000:00:05.0: AHCI vers 0103.0000, 1 command slots, ? Gbps, SATA mode
[   29.031416][    T1] ahci 0000:00:05.0: 32/32 ports implemented (port mask 0xffffffff)
[   29.038166][    T1] ahci 0000:00:05.0: flags: 64bit ncq stag only 
[   29.186321][    T1] scsi host0: ahci
[   29.199608][    T1] scsi host1: ahci
[   29.208000][    T1] scsi host2: ahci
[   29.216505][    T1] scsi host3: ahci
[   29.223111][    T1] scsi host4: ahci
[   29.230398][    T1] scsi host5: ahci
[   29.240865][    T1] scsi host6: ahci
[   29.247954][    T1] scsi host7: ahci
[   29.254878][    T1] scsi host8: ahci
[   29.263664][    T1] scsi host9: ahci
[   29.270098][    T1] scsi host10: ahci
[   29.276784][    T1] scsi host11: ahci
[   29.284578][    T1] scsi host12: ahci
[   29.293325][    T1] scsi host13: ahci
[   29.299194][    T1] scsi host14: ahci
[   29.306881][    T1] scsi host15: ahci
[   29.313282][    T1] scsi host16: ahci
[   29.320308][    T1] scsi host17: ahci
[   29.327941][    T1] scsi host18: ahci
[   29.333799][    T1] scsi host19: ahci
[   29.339369][    T1] scsi host20: ahci
[   29.346173][    T1] scsi host21: ahci
[   29.353001][    T1] scsi host22: ahci
[   29.357917][    T1] scsi host23: ahci
[   29.364476][    T1] scsi host24: ahci
[   29.370805][    T1] scsi host25: ahci
[   29.376968][    T1] scsi host26: ahci
[   29.384598][    T1] scsi host27: ahci
[   29.390760][    T1] scsi host28: ahci
[   29.397253][    T1] scsi host29: ahci
[   29.404126][    T1] scsi host30: ahci
[   29.410413][    T1] scsi host31: ahci
[   29.415776][    T1] ata1: SATA max UDMA/133 abar m65536@0xfebb0000 port 0xfebb0100 irq 26 lpm-pol 1
[   29.422887][    T1] ata2: SATA max UDMA/133 abar m65536@0xfebb0000 port 0xfebb0180 irq 27 lpm-pol 1
[   29.430348][    T1] ata3: SATA max UDMA/133 abar m65536@0xfebb0000 port 0xfebb0200 irq 28 lpm-pol 1
[   29.437490][    T1] ata4: SATA max UDMA/133 abar m65536@0xfebb0000 port 0xfebb0280 irq 29 lpm-pol 1
[   29.444851][    T1] ata5: SATA max UDMA/133 abar m65536@0xfebb0000 port 0xfebb0300 irq 30 lpm-pol 1
[   29.450451][    T1] ata6: SATA max UDMA/133 abar m65536@0xfebb0000 port 0xfebb0380 irq 31 lpm-pol 1
[   29.456461][    T1] ata7: SATA max UDMA/133 abar m65536@0xfebb0000 port 0xfebb0400 irq 32 lpm-pol 1
[   29.463016][    T1] ata8: SATA max UDMA/133 abar m65536@0xfebb0000 port 0xfebb0480 irq 33 lpm-pol 1
[   29.470169][    T1] ata9: SATA max UDMA/133 abar m65536@0xfebb0000 port 0xfebb0500 irq 34 lpm-pol 1
[   29.477431][    T1] ata10: SATA max UDMA/133 abar m65536@0xfebb0000 port 0xfebb0580 irq 35 lpm-pol 1
[   29.484014][    T1] ata11: SATA max UDMA/133 abar m65536@0xfebb0000 port 0xfebb0600 irq 36 lpm-pol 1
[   29.489384][    T1] ata12: SATA max UDMA/133 abar m65536@0xfebb0000 port 0xfebb0680 irq 37 lpm-pol 1
[   29.494952][    T1] ata13: SATA max UDMA/133 abar m65536@0xfebb0000 port 0xfebb0700 irq 38 lpm-pol 1
[   29.500023][    T1] ata14: SATA max UDMA/133 abar m65536@0xfebb0000 port 0xfebb0780 irq 39 lpm-pol 1
[   29.505843][    T1] ata15: SATA max UDMA/133 abar m65536@0xfebb0000 port 0xfebb0800 irq 40 lpm-pol 1
[   29.511598][    T1] ata16: SATA max UDMA/133 abar m65536@0xfebb0000 port 0xfebb0880 irq 41 lpm-pol 1
[   29.517137][    T1] ata17: SATA max UDMA/133 abar m65536@0xfebb0000 port 0xfebb0900 irq 42 lpm-pol 1
[   29.524285][    T1] ata18: SATA max UDMA/133 abar m65536@0xfebb0000 port 0xfebb0980 irq 43 lpm-pol 1
[   29.531355][    T1] ata19: SATA max UDMA/133 abar m65536@0xfebb0000 port 0xfebb0a00 irq 44 lpm-pol 1
[   29.538513][    T1] ata20: SATA max UDMA/133 abar m65536@0xfebb0000 port 0xfebb0a80 irq 45 lpm-pol 1
[   29.545803][    T1] ata21: SATA max UDMA/133 abar m65536@0xfebb0000 port 0xfebb0b00 irq 46 lpm-pol 1
[   29.552451][    T1] ata22: SATA max UDMA/133 abar m65536@0xfebb0000 port 0xfebb0b80 irq 47 lpm-pol 1
[   29.558195][    T1] ata23: SATA max UDMA/133 abar m65536@0xfebb0000 port 0xfebb0c00 irq 48 lpm-pol 1
[   29.563727][    T1] ata24: SATA max UDMA/133 abar m65536@0xfebb0000 port 0xfebb0c80 irq 49 lpm-pol 1
[   29.569609][    T1] ata25: SATA max UDMA/133 abar m65536@0xfebb0000 port 0xfebb0d00 irq 50 lpm-pol 1
[   29.574948][    T1] ata26: SATA max UDMA/133 abar m65536@0xfebb0000 port 0xfebb0d80 irq 51 lpm-pol 1
[   29.580862][    T1] ata27: SATA max UDMA/133 abar m65536@0xfebb0000 port 0xfebb0e00 irq 52 lpm-pol 1
[   29.587398][    T1] ata28: SATA max UDMA/133 abar m65536@0xfebb0000 port 0xfebb0e80 irq 53 lpm-pol 1
[   29.594556][    T1] ata29: SATA max UDMA/133 abar m65536@0xfebb0000 port 0xfebb0f00 irq 54 lpm-pol 1
[   29.602863][    T1] ata30: SATA max UDMA/133 abar m65536@0xfebb0000 port 0xfebb0f80 irq 55 lpm-pol 1
[   29.609428][    T1] ata31: SATA max UDMA/133 abar m65536@0xfebb0000 port 0xfebb1000 irq 56 lpm-pol 1
[   29.615455][    T1] ata32: SATA max UDMA/133 abar m65536@0xfebb0000 port 0xfebb1080 irq 57 lpm-pol 1
[   29.641778][    T1] scsi host32: ata_piix
[   29.652586][    T1] scsi host33: ata_piix
[   29.658398][    T1] ata33: PATA max MWDMA2 cmd 0x1f0 ctl 0x3f6 bmdma 0xc0a0 irq 14 lpm-pol 0
[   29.664147][    T1] ata34: PATA max MWDMA2 cmd 0x170 ctl 0x376 bmdma 0xc0a8 irq 15 lpm-pol 0
[   29.677725][    T1] Rounding down aligned max_sectors from 4294967295 to 4294967288
[   29.684835][    T1] db_root: cannot open: /etc/target
[   29.692040][    T1] slram: not enough parameters.
[   29.710018][    T1] ftl_cs: FTL header not found.
[   29.763375][    T1] wireguard: WireGuard 1.0.0 loaded. See www.wireguard.com for information.
[   29.768691][    T1] wireguard: Copyright (C) 2015-2019 Jason A. Donenfeld <Jason@zx2c4.com>. All Rights Reserved.
[   29.774890][    T1] eql: Equalizer2002: Simon Janes (simon@ncm.com) and David S. Miller (davem@redhat.com)
[   29.791098][    T1] MACsec IEEE 802.1AE
[   29.806821][    T1] usbcore: registered new interface driver mvusb_mdio
[   29.812631][    T1] tun: Universal TUN/TAP device driver, 1.6
[   29.822504][    T1] vcan: Virtual CAN interface driver
[   29.826292][    T1] vxcan: Virtual CAN Tunnel driver
[   29.829548][    T1] slcan: serial line CAN interface driver
[   29.834164][    T1] CAN device driver interface
[   29.838071][    T1] usbcore: registered new interface driver usb_8dev
[   29.843267][    T1] usbcore: registered new interface driver ems_usb
[   29.847127][    T1] usbcore: registered new interface driver esd_usb
[   29.851390][    T1] usbcore: registered new interface driver etas_es58x
[   29.855665][    T1] usbcore: registered new interface driver f81604
[   29.859444][    T1] usbcore: registered new interface driver gs_usb
[   29.861094][ T1341] ata34: found unknown device (class 0)
[   29.868683][    T1] usbcore: registered new interface driver kvaser_usb
[   29.872999][ T1335] ata33: found unknown device (class 0)
[   29.874831][    T1] usbcore: registered new interface driver mcba_usb
[   29.879721][ T1341] ata34.00: ATAPI: QEMU DVD-ROM, 2.5+, max UDMA/100
[   29.881410][    T1] usbcore: registered new interface driver peak_usb
[   29.888251][ T1335] ata33.00: ATA-7: QEMU HARDDISK, 2.5+, max UDMA/100
[   29.890115][    T1] usbcore: registered new interface driver ucan
[   29.897296][ T1335] ata33.00: 536870912 sectors, multi 16: LBA48 
[   29.900773][    T1] e100: Intel(R) PRO/100 Network Driver
[   29.908624][    T1] e100: Copyright(c) 1999-2006 Intel Corporation
[   29.914066][    T1] e1000: Intel(R) PRO/1000 Network Driver
[   29.918696][    T1] e1000: Copyright (c) 1999-2006 Intel Corporation.
[   29.942936][ T1167] ata1: found unknown device (class 0)
[   29.947362][ T1167] ata1: SATA link up 3.0 Gbps (SStatus 123 SControl 300)
[   29.953431][ T1167] ata1: link online but 1 devices misclassified, retrying
[   29.959463][ T1167] ata1: reset failed (errno=-11), retrying in 10 secs
[   34.541644][    T1] ACPI: \_SB_.LNKB: Enabled at IRQ 11
[   35.267811][    T1] e1000 0000:00:06.0 eth0: (PCI:33MHz:32-bit) 52:54:00:12:34:56
[   35.273365][    T1] e1000 0000:00:06.0 eth0: Intel(R) PRO/1000 Network Connection
[   35.279214][    T1] e1000e: Intel(R) PRO/1000 Network Driver
[   35.283335][    T1] e1000e: Copyright(c) 1999 - 2015 Intel Corporation.
[   35.291075][    T1] mkiss: AX.25 Multikiss, Hans Albas PE1AYX
[   35.295504][    T1] AX.25: bpqether driver version 004
[   35.299442][    T1] PPP generic driver version 2.4.2
[   35.304983][    T1] PPP BSD Compression module registered
[   35.308805][    T1] PPP Deflate Compression module registered
[   35.313323][    T1] PPP MPPE Compression module registered
[   35.318059][    T1] NET: Registered PF_PPPOX protocol family
[   35.323568][    T1] PPTP driver version 0.8.5
[   35.328225][    T1] SLIP: version 0.8.4-NET3.019-NEWTTY (dynamic channels, max=256) (6 bit encapsulation enabled).
[   35.336029][    T1] CSLIP: code copyright 1989 Regents of the University of California.
[   35.342617][    T1] SLIP linefill/keepalive option.
[   35.346122][    T1] hdlc: HDLC support module revision 1.22
[   35.350249][    T1] LAPB Ethernet driver version 0.02
[   35.355441][    T1] usbcore: registered new interface driver ath9k_htc
[   35.360512][    T1] usbcore: registered new interface driver carl9170
[   35.365625][    T1] usbcore: registered new interface driver ath6kl_usb
[   35.371356][    T1] usbcore: registered new interface driver ar5523
[   35.376606][    T1] usbcore: registered new interface driver ath10k_usb
[   35.381224][    T1] usbcore: registered new interface driver plfxlc
[   35.386103][    T1] mac80211_hwsim: initializing netlink
[   35.438781][    T1] usbcore: registered new interface driver atusb
[   35.468603][    T1] mac802154_hwsim mac802154_hwsim: Added 2 mac802154 hwsim hardware radios
[   35.475590][    T1] VMware vmxnet3 virtual NIC driver - version 1.9.0.0-k-NAPI
[   35.482745][    T1] usbcore: registered new interface driver catc
[   35.487915][    T1] usbcore: registered new interface driver kaweth
[   35.492084][    T1] pegasus: Pegasus/Pegasus II USB Ethernet driver
[   35.503539][    T1] usbcore: registered new interface driver pegasus
[   35.509049][    T1] usbcore: registered new interface driver rtl8150
[   35.514235][    T1] usbcore: registered new device driver r8152-cfgselector
[   35.519637][    T1] usbcore: registered new interface driver r8152
[   35.524276][    T1] usbcore: registered new interface driver hso
[   35.528582][    T1] usbcore: registered new interface driver lan78xx
[   35.534095][    T1] usbcore: registered new interface driver asix
[   35.538923][    T1] usbcore: registered new interface driver ax88179_178a
[   35.543758][    T1] usbcore: registered new interface driver cdc_ether
[   35.548038][    T1] usbcore: registered new interface driver cdc_eem
[   35.552138][    T1] usbcore: registered new interface driver dm9601
[   35.555929][    T1] usbcore: registered new interface driver sr9700
[   35.559946][    T1] usbcore: registered new interface driver CoreChips
[   35.564890][    T1] usbcore: registered new interface driver smsc75xx
[   35.569653][    T1] usbcore: registered new interface driver smsc95xx
[   35.575592][    T1] usbcore: registered new interface driver gl620a
[   35.579936][    T1] usbcore: registered new interface driver net1080
[   35.584154][    T1] usbcore: registered new interface driver plusb
[   35.588196][    T1] usbcore: registered new interface driver rndis_host
[   35.592766][    T1] usbcore: registered new interface driver cdc_subset
[   35.598219][    T1] usbcore: registered new interface driver zaurus
[   35.602858][    T1] usbcore: registered new interface driver MOSCHIP usb-ethernet driver
[   35.609329][    T1] usbcore: registered new interface driver int51x1
[   35.614874][    T1] usbcore: registered new interface driver cdc_phonet
[   35.620061][    T1] usbcore: registered new interface driver kalmia
[   35.624833][    T1] usbcore: registered new interface driver ipheth
[   35.630119][    T1] usbcore: registered new interface driver sierra_net
[   35.635697][    T1] usbcore: registered new interface driver cx82310_eth
[   35.640865][    T1] usbcore: registered new interface driver cdc_ncm
[   35.645685][    T1] usbcore: registered new interface driver huawei_cdc_ncm
[   35.650189][    T1] usbcore: registered new interface driver lg-vl600
[   35.655068][    T1] usbcore: registered new interface driver qmi_wwan
[   35.662664][    T1] usbcore: registered new interface driver cdc_mbim
[   35.667775][    T1] usbcore: registered new interface driver ch9200
[   35.673708][    T1] usbcore: registered new interface driver aqc111
[   35.679421][    T1] usbcore: registered new interface driver r8153_ecm
[   35.689882][    T1] VFIO - User Level meta-driver version: 0.3
[   35.701427][    T1] aoe: AoE v85 initialised.
[   35.728842][    T1] usbcore: registered new interface driver cdc_acm
[   35.735416][    T1] cdc_acm: USB Abstract Control Model driver for USB modems and ISDN adapters
[   35.746353][    T1] usbcore: registered new interface driver usblp
[   35.761615][    T1] usbcore: registered new interface driver cdc_wdm
[   35.766857][    T1] usbcore: registered new interface driver usbtmc
[   35.772429][    T1] usbcore: registered new interface driver uas
[   35.777329][    T1] usbcore: registered new interface driver usb-storage
[   35.782438][    T1] usbcore: registered new interface driver ums-alauda
[   35.787919][    T1] usbcore: registered new interface driver ums-cypress
[   35.793332][    T1] usbcore: registered new interface driver ums-datafab
[   35.798817][    T1] usbcore: registered new interface driver ums_eneub6250
[   35.804909][    T1] usbcore: registered new interface driver ums-freecom
[   35.810007][    T1] usbcore: registered new interface driver ums-isd200
[   35.814776][    T1] usbcore: registered new interface driver ums-jumpshot
[   35.822346][    T1] usbcore: registered new interface driver ums-karma
[   35.828152][    T1] usbcore: registered new interface driver ums-onetouch
[   35.834337][    T1] usbcore: registered new interface driver ums-realtek
[   35.840398][    T1] usbcore: registered new interface driver ums-sddr09
[   35.845584][    T1] usbcore: registered new interface driver ums-sddr55
[   35.850263][    T1] usbcore: registered new interface driver ums-usbat
[   35.855435][    T1] usbcore: registered new interface driver mdc800
[   35.860161][    T1] mdc800: v0.7.5 (30/10/2000):USB Driver for Mustek MDC800 Digital Camera
[   35.866651][    T1] usbcore: registered new interface driver microtekX6
[   35.873652][    T1] usbcore: registered new interface driver usbserial_generic
[   35.879788][    T1] usbserial: USB Serial support registered for generic
[   35.885809][    T1] usbcore: registered new interface driver aircable
[   35.891197][    T1] usbserial: USB Serial support registered for aircable
[   35.896430][    T1] usbcore: registered new interface driver ark3116
[   35.900821][    T1] usbserial: USB Serial support registered for ark3116
[   35.905601][    T1] usbcore: registered new interface driver belkin_sa
[   35.910114][    T1] usbserial: USB Serial support registered for Belkin / Peracom / GoHubs USB Serial Adapter
[   35.917389][    T1] usbcore: registered new interface driver ch341
[   35.922703][    T1] usbserial: USB Serial support registered for ch341-uart
[   35.927884][    T1] usbcore: registered new interface driver cp210x
[   35.932411][    T1] usbserial: USB Serial support registered for cp210x
[   35.937068][    T1] usbcore: registered new interface driver cyberjack
[   35.941835][    T1] usbserial: USB Serial support registered for Reiner SCT Cyberjack USB card reader
[   35.949294][    T1] usbcore: registered new interface driver cypress_m8
[   35.953671][    T1] usbserial: USB Serial support registered for DeLorme Earthmate USB
[   35.964915][    T1] usbserial: USB Serial support registered for HID->COM RS232 Adapter
[   35.970262][    T1] usbserial: USB Serial support registered for Nokia CA-42 V2 Adapter
[   35.975592][    T1] usbcore: registered new interface driver usb_debug
[   35.980417][    T1] usbserial: USB Serial support registered for debug
[   35.985403][    T1] usbserial: USB Serial support registered for xhci_dbc
[   35.989768][    T1] usbcore: registered new interface driver digi_acceleport
[   35.995248][    T1] usbserial: USB Serial support registered for Digi 2 port USB adapter
[   36.001616][    T1] usbserial: USB Serial support registered for Digi 4 port USB adapter
[   36.007640][    T1] usbcore: registered new interface driver io_edgeport
[   36.012395][    T1] usbserial: USB Serial support registered for Edgeport 2 port adapter
[   36.018262][    T1] usbserial: USB Serial support registered for Edgeport 4 port adapter
[   36.024488][    T1] usbserial: USB Serial support registered for Edgeport 8 port adapter
[   36.030593][    T1] usbserial: USB Serial support registered for EPiC device
[   36.036319][    T1] usbcore: registered new interface driver io_ti
[   36.041662][    T1] usbserial: USB Serial support registered for Edgeport TI 1 port adapter
[   36.048319][    T1] usbserial: USB Serial support registered for Edgeport TI 2 port adapter
[   36.055716][    T1] usbcore: registered new interface driver empeg
[   36.061501][    T1] usbserial: USB Serial support registered for empeg
[   36.067522][    T1] usbcore: registered new interface driver f81534a_ctrl
[   36.073714][    T1] usbcore: registered new interface driver f81232
[   36.078313][    T1] usbserial: USB Serial support registered for f81232
[   36.083056][    T1] usbserial: USB Serial support registered for f81534a
[   36.088578][    T1] usbcore: registered new interface driver f81534
[   36.093812][    T1] usbserial: USB Serial support registered for Fintek F81532/F81534
[   36.099423][    T1] usbcore: registered new interface driver ftdi_sio
[   36.104575][    T1] usbserial: USB Serial support registered for FTDI USB Serial Device
[   36.111996][    T1] usbcore: registered new interface driver garmin_gps
[   36.116870][    T1] usbserial: USB Serial support registered for Garmin GPS usb/tty
[   36.122468][    T1] usbcore: registered new interface driver ipaq
[   36.126563][    T1] usbserial: USB Serial support registered for PocketPC PDA
[   36.131772][    T1] usbcore: registered new interface driver ipw
[   36.136541][    T1] usbserial: USB Serial support registered for IPWireless converter
[   36.142428][    T1] usbcore: registered new interface driver ir_usb
[   36.146855][    T1] usbserial: USB Serial support registered for IR Dongle
[   36.151294][    T1] usbcore: registered new interface driver iuu_phoenix
[   36.155778][    T1] usbserial: USB Serial support registered for iuu_phoenix
[   36.160993][    T1] usbcore: registered new interface driver keyspan
[   36.165908][    T1] usbserial: USB Serial support registered for Keyspan - (without firmware)
[   36.172674][    T1] usbserial: USB Serial support registered for Keyspan 1 port adapter
[   36.178308][    T1] usbserial: USB Serial support registered for Keyspan 2 port adapter
[   36.183885][    T1] usbserial: USB Serial support registered for Keyspan 4 port adapter
[   36.189591][    T1] usbcore: registered new interface driver keyspan_pda
[   36.194185][    T1] usbserial: USB Serial support registered for Keyspan PDA
[   36.198628][    T1] usbserial: USB Serial support registered for Keyspan PDA - (prerenumeration)
[   36.204022][    T1] usbcore: registered new interface driver kl5kusb105
[   36.208344][    T1] usbserial: USB Serial support registered for KL5KUSB105D / PalmConnect
[   36.214572][    T1] usbcore: registered new interface driver kobil_sct
[   36.218272][    T1] usbserial: USB Serial support registered for KOBIL USB smart card terminal
[   36.225132][    T1] usbcore: registered new interface driver mct_u232
[   36.229575][    T1] usbserial: USB Serial support registered for MCT U232
[   36.233563][    T1] usbcore: registered new interface driver metro_usb
[   36.237916][    T1] usbserial: USB Serial support registered for Metrologic USB to Serial
[   36.244670][    T1] usbcore: registered new interface driver mos7720
[   36.249067][    T1] usbserial: USB Serial support registered for Moschip 2 port adapter
[   36.254736][    T1] usbcore: registered new interface driver mos7840
[   36.264629][    T1] usbserial: USB Serial support registered for Moschip 7840/7820 USB Serial Driver
[   36.269878][    T1] usbcore: registered new interface driver mxuport
[   36.274413][    T1] usbserial: USB Serial support registered for MOXA UPort
[   36.278498][    T1] usbcore: registered new interface driver navman
[   36.282336][    T1] usbserial: USB Serial support registered for navman
[   36.285845][    T1] usbcore: registered new interface driver omninet
[   36.290486][    T1] usbserial: USB Serial support registered for ZyXEL - omni.net usb
[   36.296629][    T1] usbcore: registered new interface driver opticon
[   36.301437][    T1] usbserial: USB Serial support registered for opticon
[   36.306501][    T1] usbcore: registered new interface driver option
[   36.310285][    T1] usbserial: USB Serial support registered for GSM modem (1-port)
[   36.315573][    T1] usbcore: registered new interface driver oti6858
[   36.320241][    T1] usbserial: USB Serial support registered for oti6858
[   36.325331][    T1] usbcore: registered new interface driver pl2303
[   36.330397][    T1] usbserial: USB Serial support registered for pl2303
[   36.336249][    T1] usbcore: registered new interface driver qcaux
[   36.341043][    T1] usbserial: USB Serial support registered for qcaux
[   36.346344][    T1] usbcore: registered new interface driver qcserial
[   36.351990][    T1] usbserial: USB Serial support registered for Qualcomm USB modem
[   36.357189][    T1] usbcore: registered new interface driver quatech2
[   36.362720][    T1] usbserial: USB Serial support registered for Quatech 2nd gen USB to Serial Driver
[   36.369680][    T1] usbcore: registered new interface driver safe_serial
[   36.380594][    T1] usbserial: USB Serial support registered for safe_serial
[   36.386287][    T1] usbcore: registered new interface driver sierra
[   36.391050][    T1] usbserial: USB Serial support registered for Sierra USB modem
[   36.395325][    T1] usbcore: registered new interface driver usb_serial_simple
[   36.400261][    T1] usbserial: USB Serial support registered for carelink
[   36.404431][    T1] usbserial: USB Serial support registered for flashloader
[   36.409316][    T1] usbserial: USB Serial support registered for funsoft
[   36.414082][    T1] usbserial: USB Serial support registered for google
[   36.417845][    T1] usbserial: USB Serial support registered for hp4x
[   36.422890][    T1] usbserial: USB Serial support registered for kaufmann
[   36.427722][    T1] usbserial: USB Serial support registered for libtransistor
[   36.432276][    T1] usbserial: USB Serial support registered for moto_modem
[   36.436913][    T1] usbserial: USB Serial support registered for motorola_tetra
[   36.441832][    T1] usbserial: USB Serial support registered for nokia
[   36.446536][    T1] usbserial: USB Serial support registered for novatel_gps
[   36.451239][    T1] usbserial: USB Serial support registered for owon
[   36.455499][    T1] usbserial: USB Serial support registered for siemens_mpi
[   36.460387][    T1] usbserial: USB Serial support registered for suunto
[   36.465942][    T1] usbserial: USB Serial support registered for vivopay
[   36.470765][    T1] usbserial: USB Serial support registered for zio
[   36.475321][    T1] usbcore: registered new interface driver spcp8x5
[   36.479746][    T1] usbserial: USB Serial support registered for SPCP8x5
[   36.485511][    T1] usbcore: registered new interface driver ssu100
[   36.491033][    T1] usbserial: USB Serial support registered for Quatech SSU-100 USB to Serial Driver
[   36.497692][    T1] usbcore: registered new interface driver symbolserial
[   36.502904][    T1] usbserial: USB Serial support registered for symbol
[   36.508723][    T1] usbcore: registered new interface driver ti_usb_3410_5052
[   36.514379][    T1] usbserial: USB Serial support registered for TI USB 3410 1 port adapter
[   36.520109][    T1] usbserial: USB Serial support registered for TI USB 5052 2 port adapter
[   36.526388][    T1] usbcore: registered new interface driver upd78f0730
[   36.531925][    T1] usbserial: USB Serial support registered for upd78f0730
[   36.537012][    T1] usbcore: registered new interface driver visor
[   36.541548][    T1] usbserial: USB Serial support registered for Handspring Visor / Palm OS
[   36.546985][    T1] usbserial: USB Serial support registered for Sony Clie 5.0
[   36.551772][    T1] usbserial: USB Serial support registered for Sony Clie 3.5
[   36.557246][    T1] usbcore: registered new interface driver wishbone_serial
[   36.562219][    T1] usbserial: USB Serial support registered for wishbone_serial
[   36.568058][    T1] usbcore: registered new interface driver whiteheat
[   36.573789][    T1] usbserial: USB Serial support registered for Connect Tech - WhiteHEAT - (prerenumeration)
[   36.581285][    T1] usbserial: USB Serial support registered for Connect Tech - WhiteHEAT
[   36.586668][    T1] usbcore: registered new interface driver xr_serial
[   36.591026][    T1] usbserial: USB Serial support registered for xr_serial
[   36.596556][    T1] usbcore: registered new interface driver xsens_mt
[   36.601791][    T1] usbserial: USB Serial support registered for xsens_mt
[   36.606642][    T1] usbcore: registered new interface driver adutux
[   36.611350][    T1] usbcore: registered new interface driver appledisplay
[   36.616506][    T1] usbcore: registered new interface driver cypress_cy7c63
[   36.621814][    T1] usbcore: registered new interface driver cytherm
[   36.626526][    T1] usbcore: registered new interface driver emi26 - firmware loader
[   36.632301][    T1] usbcore: registered new interface driver emi62 - firmware loader
[   36.638384][    T1] usbcore: registered new device driver apple-mfi-fastcharge
[   36.645162][    T1] usbcore: registered new interface driver ljca
[   36.650236][    T1] usbcore: registered new interface driver idmouse
[   36.654901][    T1] usbcore: registered new interface driver iowarrior
[   36.659297][    T1] usbcore: registered new interface driver isight_firmware
[   36.665123][    T1] usbcore: registered new interface driver usblcd
[   36.669515][    T1] usbcore: registered new interface driver ldusb
[   36.674399][    T1] usbcore: registered new interface driver legousbtower
[   36.680343][    T1] usbcore: registered new interface driver usbtest
[   36.685732][    T1] usbcore: registered new interface driver usb_ehset_test
[   36.691485][    T1] usbcore: registered new interface driver trancevibrator
[   36.697223][    T1] usbcore: registered new interface driver uss720
[   36.701411][    T1] uss720: USB Parport Cable driver for Cables using the Lucent Technologies USS720 Chip
[   36.707462][    T1] uss720: NOTE: this is a special purpose driver to allow nonstandard
[   36.712842][    T1] uss720: protocols (eg. bitbang) over USS720 usb to parallel cables
[   36.718400][    T1] uss720: If you just want to connect to a printer, use usblp instead
[   36.725237][    T1] usbcore: registered new interface driver usbsevseg
[   36.730729][    T1] usbcore: registered new interface driver yurex
[   36.737269][    T1] usbcore: registered new interface driver chaoskey
[   36.742175][    T1] usbcore: registered new interface driver sisusb
[   36.747358][    T1] usbcore: registered new interface driver lvs
[   36.753176][    T1] usbcore: registered new interface driver cxacru
[   36.758015][    T1] usbcore: registered new interface driver speedtch
[   36.764200][    T1] usbcore: registered new interface driver ueagle-atm
[   36.769661][    T1] xusbatm: malformed module parameters
[   36.781836][    T1] dummy_hcd dummy_hcd.0: USB Host+Gadget Emulator, driver 02 May 2005
[   36.788558][    T1] dummy_hcd dummy_hcd.0: Dummy host controller
[   36.797176][    T1] dummy_hcd dummy_hcd.0: new USB bus registered, assigned bus number 1
[   36.811794][    T1] usb usb1: New USB device found, idVendor=1d6b, idProduct=0002, bcdDevice= 6.18
[   36.819330][    T1] usb usb1: New USB device strings: Mfr=3, Product=2, SerialNumber=1
[   36.824764][    T1] usb usb1: Product: Dummy host controller
[   36.828445][    T1] usb usb1: Manufacturer: Linux 6.18.0 dummy_hcd
[   36.833163][    T1] usb usb1: SerialNumber: dummy_hcd.0
[   36.846705][    T1] hub 1-0:1.0: USB hub found
[   36.851344][    T1] hub 1-0:1.0: 1 port detected
[   36.859726][    T1] dummy_hcd dummy_hcd.1: USB Host+Gadget Emulator, driver 02 May 2005
[   36.866721][    T1] dummy_hcd dummy_hcd.1: Dummy host controller
[   36.873263][    T1] dummy_hcd dummy_hcd.1: new USB bus registered, assigned bus number 2
[   36.880568][    T1] usb usb2: New USB device found, idVendor=1d6b, idProduct=0002, bcdDevice= 6.18
[   36.887576][    T1] usb usb2: New USB device strings: Mfr=3, Product=2, SerialNumber=1
[   36.894109][    T1] usb usb2: Product: Dummy host controller
[   36.897936][    T1] usb usb2: Manufacturer: Linux 6.18.0 dummy_hcd
[   36.903249][    T1] usb usb2: SerialNumber: dummy_hcd.1
[   36.911858][    T1] hub 2-0:1.0: USB hub found
[   36.915498][    T1] hub 2-0:1.0: 1 port detected
[   36.923874][    T1] dummy_hcd dummy_hcd.2: USB Host+Gadget Emulator, driver 02 May 2005
[   36.929658][    T1] dummy_hcd dummy_hcd.2: Dummy host controller
[   36.935518][    T1] dummy_hcd dummy_hcd.2: new USB bus registered, assigned bus number 3
[   36.943333][    T1] usb usb3: New USB device found, idVendor=1d6b, idProduct=0002, bcdDevice= 6.18
[   36.950822][    T1] usb usb3: New USB device strings: Mfr=3, Product=2, SerialNumber=1
[   36.956444][    T1] usb usb3: Product: Dummy host controller
[   36.960923][    T1] usb usb3: Manufacturer: Linux 6.18.0 dummy_hcd
[   36.965167][    T1] usb usb3: SerialNumber: dummy_hcd.2
[   36.972565][    T1] hub 3-0:1.0: USB hub found
[   36.975486][    T1] hub 3-0:1.0: 1 port detected
[   36.985330][    T1] dummy_hcd dummy_hcd.3: USB Host+Gadget Emulator, driver 02 May 2005
[   36.992585][    T1] dummy_hcd dummy_hcd.3: Dummy host controller
[   36.998501][    T1] dummy_hcd dummy_hcd.3: new USB bus registered, assigned bus number 4
[   37.006788][    T1] usb usb4: New USB device found, idVendor=1d6b, idProduct=0002, bcdDevice= 6.18
[   37.012697][    T1] usb usb4: New USB device strings: Mfr=3, Product=2, SerialNumber=1
[   37.017551][    T1] usb usb4: Product: Dummy host controller
[   37.021197][    T1] usb usb4: Manufacturer: Linux 6.18.0 dummy_hcd
[   37.024691][    T1] usb usb4: SerialNumber: dummy_hcd.3
[   37.038434][    T1] hub 4-0:1.0: USB hub found
[   37.042013][    T1] hub 4-0:1.0: 1 port detected
[   37.049018][    T1] dummy_hcd dummy_hcd.4: USB Host+Gadget Emulator, driver 02 May 2005
[   37.054391][    T1] dummy_hcd dummy_hcd.4: Dummy host controller
[   37.059893][    T1] dummy_hcd dummy_hcd.4: new USB bus registered, assigned bus number 5
[   37.066635][    T1] usb usb5: New USB device found, idVendor=1d6b, idProduct=0002, bcdDevice= 6.18
[   37.072659][    T1] usb usb5: New USB device strings: Mfr=3, Product=2, SerialNumber=1
[   37.078159][    T1] usb usb5: Product: Dummy host controller
[   37.081349][    T1] usb usb5: Manufacturer: Linux 6.18.0 dummy_hcd
[   37.085175][    T1] usb usb5: SerialNumber: dummy_hcd.4
[   37.092349][    T1] hub 5-0:1.0: USB hub found
[   37.096002][    T1] hub 5-0:1.0: 1 port detected
[   37.103542][    T1] dummy_hcd dummy_hcd.5: USB Host+Gadget Emulator, driver 02 May 2005
[   37.109111][    T1] dummy_hcd dummy_hcd.5: Dummy host controller
[   37.114145][    T1] dummy_hcd dummy_hcd.5: new USB bus registered, assigned bus number 6
[   37.121715][    T1] usb usb6: New USB device found, idVendor=1d6b, idProduct=0002, bcdDevice= 6.18
[   37.127837][    T1] usb usb6: New USB device strings: Mfr=3, Product=2, SerialNumber=1
[   37.132730][    T1] usb usb6: Product: Dummy host controller
[   37.136689][    T1] usb usb6: Manufacturer: Linux 6.18.0 dummy_hcd
[   37.140922][    T1] usb usb6: SerialNumber: dummy_hcd.5
[   37.147803][    T1] hub 6-0:1.0: USB hub found
[   37.151243][    T1] hub 6-0:1.0: 1 port detected
[   37.158382][    T1] dummy_hcd dummy_hcd.6: USB Host+Gadget Emulator, driver 02 May 2005
[   37.163863][    T1] dummy_hcd dummy_hcd.6: Dummy host controller
[   37.168716][    T1] dummy_hcd dummy_hcd.6: new USB bus registered, assigned bus number 7
[   37.176412][    T1] usb usb7: New USB device found, idVendor=1d6b, idProduct=0002, bcdDevice= 6.18
[   37.182701][    T1] usb usb7: New USB device strings: Mfr=3, Product=2, SerialNumber=1
[   37.188184][    T1] usb usb7: Product: Dummy host controller
[   37.192273][    T1] usb usb7: Manufacturer: Linux 6.18.0 dummy_hcd
[   37.197288][    T1] usb usb7: SerialNumber: dummy_hcd.6
[   37.213530][    T1] hub 7-0:1.0: USB hub found
[   37.217178][    T1] hub 7-0:1.0: 1 port detected
[   37.224830][    T1] dummy_hcd dummy_hcd.7: USB Host+Gadget Emulator, driver 02 May 2005
[   37.230030][    T1] dummy_hcd dummy_hcd.7: Dummy host controller
[   37.236028][    T1] dummy_hcd dummy_hcd.7: new USB bus registered, assigned bus number 8
[   37.242798][    T1] usb usb8: New USB device found, idVendor=1d6b, idProduct=0002, bcdDevice= 6.18
[   37.248903][    T1] usb usb8: New USB device strings: Mfr=3, Product=2, SerialNumber=1
[   37.253909][    T1] usb usb8: Product: Dummy host controller
[   37.257360][    T1] usb usb8: Manufacturer: Linux 6.18.0 dummy_hcd
[   37.261288][    T1] usb usb8: SerialNumber: dummy_hcd.7
[   37.268881][    T1] hub 8-0:1.0: USB hub found
[   37.272002][    T1] hub 8-0:1.0: 1 port detected
[   37.278115][    T1] dummy_hcd dummy_hcd.8: USB Host+Gadget Emulator, driver 02 May 2005
[   37.284689][    T1] dummy_hcd dummy_hcd.8: Dummy host controller
[   37.291134][    T1] dummy_hcd dummy_hcd.8: new USB bus registered, assigned bus number 9
[   37.298431][    T1] usb usb9: New USB device found, idVendor=1d6b, idProduct=0002, bcdDevice= 6.18
[   37.304913][    T1] usb usb9: New USB device strings: Mfr=3, Product=2, SerialNumber=1
[   37.310581][    T1] usb usb9: Product: Dummy host controller
[   37.313680][    T1] usb usb9: Manufacturer: Linux 6.18.0 dummy_hcd
[   37.317191][    T1] usb usb9: SerialNumber: dummy_hcd.8
[   37.324266][    T1] hub 9-0:1.0: USB hub found
[   37.327488][    T1] hub 9-0:1.0: 1 port detected
[   37.335049][    T1] dummy_hcd dummy_hcd.9: USB Host+Gadget Emulator, driver 02 May 2005
[   37.341111][    T1] dummy_hcd dummy_hcd.9: Dummy host controller
[   37.347740][    T1] dummy_hcd dummy_hcd.9: new USB bus registered, assigned bus number 10
[   37.354388][    T1] usb usb10: New USB device found, idVendor=1d6b, idProduct=0002, bcdDevice= 6.18
[   37.360939][    T1] usb usb10: New USB device strings: Mfr=3, Product=2, SerialNumber=1
[   37.366307][    T1] usb usb10: Product: Dummy host controller
[   37.369933][    T1] usb usb10: Manufacturer: Linux 6.18.0 dummy_hcd
[   37.374004][    T1] usb usb10: SerialNumber: dummy_hcd.9
[   37.381398][    T1] hub 10-0:1.0: USB hub found
[   37.385264][    T1] hub 10-0:1.0: 1 port detected
[   37.392042][    T1] dummy_hcd dummy_hcd.10: USB Host+Gadget Emulator, driver 02 May 2005
[   37.397362][    T1] dummy_hcd dummy_hcd.10: Dummy host controller
[   37.404338][    T1] dummy_hcd dummy_hcd.10: new USB bus registered, assigned bus number 11
[   37.412363][    T1] usb usb11: New USB device found, idVendor=1d6b, idProduct=0002, bcdDevice= 6.18
[   37.419564][    T1] usb usb11: New USB device strings: Mfr=3, Product=2, SerialNumber=1
[   37.424658][    T1] usb usb11: Product: Dummy host controller
[   37.427875][    T1] usb usb11: Manufacturer: Linux 6.18.0 dummy_hcd
[   37.433060][    T1] usb usb11: SerialNumber: dummy_hcd.10
[   37.444411][    T1] hub 11-0:1.0: USB hub found
[   37.447673][    T1] hub 11-0:1.0: 1 port detected
[   37.456132][    T1] dummy_hcd dummy_hcd.11: USB Host+Gadget Emulator, driver 02 May 2005
[   37.461642][    T1] dummy_hcd dummy_hcd.11: Dummy host controller
[   37.467614][    T1] dummy_hcd dummy_hcd.11: new USB bus registered, assigned bus number 12
[   37.475340][    T1] usb usb12: New USB device found, idVendor=1d6b, idProduct=0002, bcdDevice= 6.18
[   37.482241][    T1] usb usb12: New USB device strings: Mfr=3, Product=2, SerialNumber=1
[   37.487364][    T1] usb usb12: Product: Dummy host controller
[   37.491167][    T1] usb usb12: Manufacturer: Linux 6.18.0 dummy_hcd
[   37.495287][    T1] usb usb12: SerialNumber: dummy_hcd.11
[   37.502671][    T1] hub 12-0:1.0: USB hub found
[   37.506353][    T1] hub 12-0:1.0: 1 port detected
[   37.513592][    T1] dummy_hcd dummy_hcd.12: USB Host+Gadget Emulator, driver 02 May 2005
[   37.519093][    T1] dummy_hcd dummy_hcd.12: Dummy host controller
[   37.524670][    T1] dummy_hcd dummy_hcd.12: new USB bus registered, assigned bus number 13
[   37.532547][    T1] usb usb13: New USB device found, idVendor=1d6b, idProduct=0002, bcdDevice= 6.18
[   37.539387][    T1] usb usb13: New USB device strings: Mfr=3, Product=2, SerialNumber=1
[   37.546225][    T1] usb usb13: Product: Dummy host controller
[   37.550729][    T1] usb usb13: Manufacturer: Linux 6.18.0 dummy_hcd
[   37.554983][    T1] usb usb13: SerialNumber: dummy_hcd.12
[   37.568342][    T1] hub 13-0:1.0: USB hub found
[   37.572248][    T1] hub 13-0:1.0: 1 port detected
[   37.580421][    T1] dummy_hcd dummy_hcd.13: USB Host+Gadget Emulator, driver 02 May 2005
[   37.586542][    T1] dummy_hcd dummy_hcd.13: Dummy host controller
[   37.592571][    T1] dummy_hcd dummy_hcd.13: new USB bus registered, assigned bus number 14
[   37.601078][    T1] usb usb14: New USB device found, idVendor=1d6b, idProduct=0002, bcdDevice= 6.18
[   37.608479][    T1] usb usb14: New USB device strings: Mfr=3, Product=2, SerialNumber=1
[   37.615122][    T1] usb usb14: Product: Dummy host controller
[   37.619878][    T1] usb usb14: Manufacturer: Linux 6.18.0 dummy_hcd
[   37.626269][    T1] usb usb14: SerialNumber: dummy_hcd.13
[   37.637501][    T1] hub 14-0:1.0: USB hub found
[   37.641112][    T1] hub 14-0:1.0: 1 port detected
[   37.649280][    T1] dummy_hcd dummy_hcd.14: USB Host+Gadget Emulator, driver 02 May 2005
[   37.657486][    T1] dummy_hcd dummy_hcd.14: Dummy host controller
[   37.664547][    T1] dummy_hcd dummy_hcd.14: new USB bus registered, assigned bus number 15
[   37.672470][    T1] usb usb15: New USB device found, idVendor=1d6b, idProduct=0002, bcdDevice= 6.18
[   37.679430][    T1] usb usb15: New USB device strings: Mfr=3, Product=2, SerialNumber=1
[   37.685341][    T1] usb usb15: Product: Dummy host controller
[   37.689778][    T1] usb usb15: Manufacturer: Linux 6.18.0 dummy_hcd
[   37.694155][    T1] usb usb15: SerialNumber: dummy_hcd.14
[   37.702418][    T1] hub 15-0:1.0: USB hub found
[   37.706294][    T1] hub 15-0:1.0: 1 port detected
[   37.713641][    T1] dummy_hcd dummy_hcd.15: USB Host+Gadget Emulator, driver 02 May 2005
[   37.719332][    T1] dummy_hcd dummy_hcd.15: Dummy host controller
[   37.725558][    T1] dummy_hcd dummy_hcd.15: new USB bus registered, assigned bus number 16
[   37.732464][    T1] usb usb16: New USB device found, idVendor=1d6b, idProduct=0002, bcdDevice= 6.18
[   37.738849][    T1] usb usb16: New USB device strings: Mfr=3, Product=2, SerialNumber=1
[   37.744778][    T1] usb usb16: Product: Dummy host controller
[   37.748998][    T1] usb usb16: Manufacturer: Linux 6.18.0 dummy_hcd
[   37.752799][    T1] usb usb16: SerialNumber: dummy_hcd.15
[   37.760349][    T1] hub 16-0:1.0: USB hub found
[   37.764179][    T1] hub 16-0:1.0: 1 port detected
[   37.771302][    T1] dummy_hcd dummy_hcd.16: USB Host+Gadget Emulator, driver 02 May 2005
[   37.776941][    T1] dummy_hcd dummy_hcd.16: Dummy host controller
[   37.783030][    T1] dummy_hcd dummy_hcd.16: new USB bus registered, assigned bus number 17
[   37.791420][    T1] usb usb17: New USB device found, idVendor=1d6b, idProduct=0002, bcdDevice= 6.18
[   37.798114][    T1] usb usb17: New USB device strings: Mfr=3, Product=2, SerialNumber=1
[   37.803515][    T1] usb usb17: Product: Dummy host controller
[   37.807867][    T1] usb usb17: Manufacturer: Linux 6.18.0 dummy_hcd
[   37.812144][    T1] usb usb17: SerialNumber: dummy_hcd.16
[   37.820099][    T1] hub 17-0:1.0: USB hub found
[   37.824567][    T1] hub 17-0:1.0: 1 port detected
[   37.832671][    T1] dummy_hcd dummy_hcd.17: USB Host+Gadget Emulator, driver 02 May 2005
[   37.839274][    T1] dummy_hcd dummy_hcd.17: Dummy host controller
[   37.845247][    T1] dummy_hcd dummy_hcd.17: new USB bus registered, assigned bus number 18
[   37.851774][    T1] usb usb18: New USB device found, idVendor=1d6b, idProduct=0002, bcdDevice= 6.18
[   37.858290][    T1] usb usb18: New USB device strings: Mfr=3, Product=2, SerialNumber=1
[   37.863418][    T1] usb usb18: Product: Dummy host controller
[   37.867886][    T1] usb usb18: Manufacturer: Linux 6.18.0 dummy_hcd
[   37.872399][    T1] usb usb18: SerialNumber: dummy_hcd.17
[   37.885125][    T1] hub 18-0:1.0: USB hub found
[   37.888730][    T1] hub 18-0:1.0: 1 port detected
[   37.895691][    T1] dummy_hcd dummy_hcd.18: USB Host+Gadget Emulator, driver 02 May 2005
[   37.901357][    T1] dummy_hcd dummy_hcd.18: Dummy host controller
[   37.907762][    T1] dummy_hcd dummy_hcd.18: new USB bus registered, assigned bus number 19
[   37.916556][    T1] usb usb19: New USB device found, idVendor=1d6b, idProduct=0002, bcdDevice= 6.18
[   37.924632][    T1] usb usb19: New USB device strings: Mfr=3, Product=2, SerialNumber=1
[   37.930677][    T1] usb usb19: Product: Dummy host controller
[   37.933941][    T1] usb usb19: Manufacturer: Linux 6.18.0 dummy_hcd
[   37.938368][    T1] usb usb19: SerialNumber: dummy_hcd.18
[   37.947383][    T1] hub 19-0:1.0: USB hub found
[   37.950698][    T1] hub 19-0:1.0: 1 port detected
[   37.957891][    T1] dummy_hcd dummy_hcd.19: USB Host+Gadget Emulator, driver 02 May 2005
[   37.964126][    T1] dummy_hcd dummy_hcd.19: Dummy host controller
[   37.970622][    T1] dummy_hcd dummy_hcd.19: new USB bus registered, assigned bus number 20
[   37.978699][    T1] usb usb20: New USB device found, idVendor=1d6b, idProduct=0002, bcdDevice= 6.18
[   37.985608][    T1] usb usb20: New USB device strings: Mfr=3, Product=2, SerialNumber=1
[   37.991249][    T1] usb usb20: Product: Dummy host controller
[   37.995809][    T1] usb usb20: Manufacturer: Linux 6.18.0 dummy_hcd
[   38.000403][    T1] usb usb20: SerialNumber: dummy_hcd.19
[   38.010055][    T1] hub 20-0:1.0: USB hub found
[   38.013828][    T1] hub 20-0:1.0: 1 port detected
[   38.020710][    T1] dummy_hcd dummy_hcd.20: USB Host+Gadget Emulator, driver 02 May 2005
[   38.026802][    T1] dummy_hcd dummy_hcd.20: Dummy host controller
[   38.033940][    T1] dummy_hcd dummy_hcd.20: new USB bus registered, assigned bus number 21
[   38.042585][    T1] usb usb21: New USB device found, idVendor=1d6b, idProduct=0002, bcdDevice= 6.18
[   38.049820][    T1] usb usb21: New USB device strings: Mfr=3, Product=2, SerialNumber=1
[   38.056428][    T1] usb usb21: Product: Dummy host controller
[   38.061045][    T1] usb usb21: Manufacturer: Linux 6.18.0 dummy_hcd
[   38.066105][    T1] usb usb21: SerialNumber: dummy_hcd.20
[   38.074480][    T1] hub 21-0:1.0: USB hub found
[   38.078551][    T1] hub 21-0:1.0: 1 port detected
[   38.086801][    T1] dummy_hcd dummy_hcd.21: USB Host+Gadget Emulator, driver 02 May 2005
[   38.092288][    T1] dummy_hcd dummy_hcd.21: Dummy host controller
[   38.099105][    T1] dummy_hcd dummy_hcd.21: new USB bus registered, assigned bus number 22
[   38.106799][    T1] usb usb22: New USB device found, idVendor=1d6b, idProduct=0002, bcdDevice= 6.18
[   38.113930][    T1] usb usb22: New USB device strings: Mfr=3, Product=2, SerialNumber=1
[   38.120557][    T1] usb usb22: Product: Dummy host controller
[   38.124834][    T1] usb usb22: Manufacturer: Linux 6.18.0 dummy_hcd
[   38.129766][    T1] usb usb22: SerialNumber: dummy_hcd.21
[   38.138299][    T1] hub 22-0:1.0: USB hub found
[   38.142048][    T1] hub 22-0:1.0: 1 port detected
[   38.150847][    T1] dummy_hcd dummy_hcd.22: USB Host+Gadget Emulator, driver 02 May 2005
[   38.161725][    T1] dummy_hcd dummy_hcd.22: Dummy host controller
[   38.169344][    T1] dummy_hcd dummy_hcd.22: new USB bus registered, assigned bus number 23
[   38.179141][    T1] usb usb23: New USB device found, idVendor=1d6b, idProduct=0002, bcdDevice= 6.18
[   38.187102][    T1] usb usb23: New USB device strings: Mfr=3, Product=2, SerialNumber=1
[   38.194591][    T1] usb usb23: Product: Dummy host controller
[   38.199302][    T1] usb usb23: Manufacturer: Linux 6.18.0 dummy_hcd
[   38.204678][    T1] usb usb23: SerialNumber: dummy_hcd.22
[   38.215100][    T1] hub 23-0:1.0: USB hub found
[   38.218779][    T1] hub 23-0:1.0: 1 port detected
[   38.226633][    T1] dummy_hcd dummy_hcd.23: USB Host+Gadget Emulator, driver 02 May 2005
[   38.233196][    T1] dummy_hcd dummy_hcd.23: Dummy host controller
[   38.238798][    T1] dummy_hcd dummy_hcd.23: new USB bus registered, assigned bus number 24
[   38.246350][    T1] usb usb24: New USB device found, idVendor=1d6b, idProduct=0002, bcdDevice= 6.18
[   38.253651][    T1] usb usb24: New USB device strings: Mfr=3, Product=2, SerialNumber=1
[   38.259144][    T1] usb usb24: Product: Dummy host controller
[   38.263652][    T1] usb usb24: Manufacturer: Linux 6.18.0 dummy_hcd
[   38.268332][    T1] usb usb24: SerialNumber: dummy_hcd.23
[   38.276549][    T1] hub 24-0:1.0: USB hub found
[   38.280246][    T1] hub 24-0:1.0: 1 port detected
[   38.287698][    T1] dummy_hcd dummy_hcd.24: USB Host+Gadget Emulator, driver 02 May 2005
[   38.292725][    T1] dummy_hcd dummy_hcd.24: Dummy host controller
[   38.298862][    T1] dummy_hcd dummy_hcd.24: new USB bus registered, assigned bus number 25
[   38.313237][    T1] usb usb25: New USB device found, idVendor=1d6b, idProduct=0002, bcdDevice= 6.18
[   38.320363][    T1] usb usb25: New USB device strings: Mfr=3, Product=2, SerialNumber=1
[   38.326331][    T1] usb usb25: Product: Dummy host controller
[   38.330783][    T1] usb usb25: Manufacturer: Linux 6.18.0 dummy_hcd
[   38.335521][    T1] usb usb25: SerialNumber: dummy_hcd.24
[   38.344976][    T1] hub 25-0:1.0: USB hub found
[   38.348372][    T1] hub 25-0:1.0: 1 port detected
[   38.355641][    T1] dummy_hcd dummy_hcd.25: USB Host+Gadget Emulator, driver 02 May 2005
[   38.361996][    T1] dummy_hcd dummy_hcd.25: Dummy host controller
[   38.368446][    T1] dummy_hcd dummy_hcd.25: new USB bus registered, assigned bus number 26
[   38.375114][    T1] usb usb26: New USB device found, idVendor=1d6b, idProduct=0002, bcdDevice= 6.18
[   38.382046][    T1] usb usb26: New USB device strings: Mfr=3, Product=2, SerialNumber=1
[   38.387045][    T1] usb usb26: Product: Dummy host controller
[   38.391150][    T1] usb usb26: Manufacturer: Linux 6.18.0 dummy_hcd
[   38.395087][    T1] usb usb26: SerialNumber: dummy_hcd.25
[   38.403833][    T1] hub 26-0:1.0: USB hub found
[   38.408023][    T1] hub 26-0:1.0: 1 port detected
[   38.417086][    T1] dummy_hcd dummy_hcd.26: USB Host+Gadget Emulator, driver 02 May 2005
[   38.423291][    T1] dummy_hcd dummy_hcd.26: Dummy host controller
[   38.428934][    T1] dummy_hcd dummy_hcd.26: new USB bus registered, assigned bus number 27
[   38.436235][    T1] usb usb27: New USB device found, idVendor=1d6b, idProduct=0002, bcdDevice= 6.18
[   38.443224][    T1] usb usb27: New USB device strings: Mfr=3, Product=2, SerialNumber=1
[   38.449349][    T1] usb usb27: Product: Dummy host controller
[   38.453942][    T1] usb usb27: Manufacturer: Linux 6.18.0 dummy_hcd
[   38.458627][    T1] usb usb27: SerialNumber: dummy_hcd.26
[   38.471912][    T1] hub 27-0:1.0: USB hub found
[   38.475740][    T1] hub 27-0:1.0: 1 port detected
[   38.483316][    T1] dummy_hcd dummy_hcd.27: USB Host+Gadget Emulator, driver 02 May 2005
[   38.489420][    T1] dummy_hcd dummy_hcd.27: Dummy host controller
[   38.495348][    T1] dummy_hcd dummy_hcd.27: new USB bus registered, assigned bus number 28
[   38.502839][    T1] usb usb28: New USB device found, idVendor=1d6b, idProduct=0002, bcdDevice= 6.18
[   38.510242][    T1] usb usb28: New USB device strings: Mfr=3, Product=2, SerialNumber=1
[   38.516252][    T1] usb usb28: Product: Dummy host controller
[   38.520644][    T1] usb usb28: Manufacturer: Linux 6.18.0 dummy_hcd
[   38.525305][    T1] usb usb28: SerialNumber: dummy_hcd.27
[   38.533047][    T1] hub 28-0:1.0: USB hub found
[   38.536407][    T1] hub 28-0:1.0: 1 port detected
[   38.543409][    T1] dummy_hcd dummy_hcd.28: USB Host+Gadget Emulator, driver 02 May 2005
[   38.549414][    T1] dummy_hcd dummy_hcd.28: Dummy host controller
[   38.555808][    T1] dummy_hcd dummy_hcd.28: new USB bus registered, assigned bus number 29
[   38.563511][    T1] usb usb29: New USB device found, idVendor=1d6b, idProduct=0002, bcdDevice= 6.18
[   38.569871][    T1] usb usb29: New USB device strings: Mfr=3, Product=2, SerialNumber=1
[   38.575085][    T1] usb usb29: Product: Dummy host controller
[   38.579340][    T1] usb usb29: Manufacturer: Linux 6.18.0 dummy_hcd
[   38.583870][    T1] usb usb29: SerialNumber: dummy_hcd.28
[   38.591070][    T1] hub 29-0:1.0: USB hub found
[   38.594801][    T1] hub 29-0:1.0: 1 port detected
[   38.602901][    T1] dummy_hcd dummy_hcd.29: USB Host+Gadget Emulator, driver 02 May 2005
[   38.608800][    T1] dummy_hcd dummy_hcd.29: Dummy host controller
[   38.615155][    T1] dummy_hcd dummy_hcd.29: new USB bus registered, assigned bus number 30
[   38.623793][    T1] usb usb30: New USB device found, idVendor=1d6b, idProduct=0002, bcdDevice= 6.18
[   38.630987][    T1] usb usb30: New USB device strings: Mfr=3, Product=2, SerialNumber=1
[   38.637744][    T1] usb usb30: Product: Dummy host controller
[   38.641818][    T1] usb usb30: Manufacturer: Linux 6.18.0 dummy_hcd
[   38.646662][    T1] usb usb30: SerialNumber: dummy_hcd.29
[   38.654840][    T1] hub 30-0:1.0: USB hub found
[   38.658721][    T1] hub 30-0:1.0: 1 port detected
[   38.667200][    T1] dummy_hcd dummy_hcd.30: USB Host+Gadget Emulator, driver 02 May 2005
[   38.672979][    T1] dummy_hcd dummy_hcd.30: Dummy host controller
[   38.678881][    T1] dummy_hcd dummy_hcd.30: new USB bus registered, assigned bus number 31
[   38.685070][    T1] usb usb31: New USB device found, idVendor=1d6b, idProduct=0002, bcdDevice= 6.18
[   38.692232][    T1] usb usb31: New USB device strings: Mfr=3, Product=2, SerialNumber=1
[   38.697771][    T1] usb usb31: Product: Dummy host controller
[   38.702032][    T1] usb usb31: Manufacturer: Linux 6.18.0 dummy_hcd
[   38.706303][    T1] usb usb31: SerialNumber: dummy_hcd.30
[   38.714024][    T1] hub 31-0:1.0: USB hub found
[   38.718028][    T1] hub 31-0:1.0: 1 port detected
[   38.725727][    T1] dummy_hcd dummy_hcd.31: USB Host+Gadget Emulator, driver 02 May 2005
[   38.731484][    T1] dummy_hcd dummy_hcd.31: Dummy host controller
[   38.736113][    T1] dummy_hcd dummy_hcd.31: new USB bus registered, assigned bus number 32
[   38.743082][    T1] usb usb32: New USB device found, idVendor=1d6b, idProduct=0002, bcdDevice= 6.18
[   38.749471][    T1] usb usb32: New USB device strings: Mfr=3, Product=2, SerialNumber=1
[   38.754253][    T1] usb usb32: Product: Dummy host controller
[   38.757563][    T1] usb usb32: Manufacturer: Linux 6.18.0 dummy_hcd
[   38.761543][    T1] usb usb32: SerialNumber: dummy_hcd.31
[   38.768813][    T1] hub 32-0:1.0: USB hub found
[   38.772188][    T1] hub 32-0:1.0: 1 port detected
[   38.878675][    T1] SPI driver max3420-udc has no spi_device_id for maxim,max3421-udc
[   38.886265][    T1] gadgetfs: USB Gadget filesystem, version 24 Aug 2004
[   38.894626][    T1] vhci_hcd vhci_hcd.0: USB/IP Virtual Host Controller
[   38.907886][    T1] vhci_hcd vhci_hcd.0: new USB bus registered, assigned bus number 33
[   38.913986][    T1] vhci_hcd: created sysfs vhci_hcd.0
[   38.918249][    T1] usb usb33: New USB device found, idVendor=1d6b, idProduct=0002, bcdDevice= 6.18
[   38.923994][    T1] usb usb33: New USB device strings: Mfr=3, Product=2, SerialNumber=1
[   38.928924][    T1] usb usb33: Product: USB/IP Virtual Host Controller
[   38.933896][    T1] usb usb33: Manufacturer: Linux 6.18.0 vhci_hcd
[   38.938017][    T1] usb usb33: SerialNumber: vhci_hcd.0
[   38.945368][    T1] hub 33-0:1.0: USB hub found
[   38.948867][    T1] hub 33-0:1.0: 8 ports detected
[   38.966176][    T1] vhci_hcd vhci_hcd.0: USB/IP Virtual Host Controller
[   38.972710][    T1] vhci_hcd vhci_hcd.0: new USB bus registered, assigned bus number 34
[   38.978754][    T1] usb usb34: We don't know the algorithms for LPM for this host, disabling LPM.
[   38.987550][    T1] usb usb34: New USB device found, idVendor=1d6b, idProduct=0003, bcdDevice= 6.18
[   38.993241][    T1] usb usb34: New USB device strings: Mfr=3, Product=2, SerialNumber=1
[   38.998313][    T1] usb usb34: Product: USB/IP Virtual Host Controller
[   39.002506][    T1] usb usb34: Manufacturer: Linux 6.18.0 vhci_hcd
[   39.006384][    T1] usb usb34: SerialNumber: vhci_hcd.0
[   39.016678][    T1] hub 34-0:1.0: USB hub found
[   39.020326][    T1] hub 34-0:1.0: 8 ports detected
[   39.037866][    T1] vhci_hcd vhci_hcd.1: USB/IP Virtual Host Controller
[   39.044729][    T1] vhci_hcd vhci_hcd.1: new USB bus registered, assigned bus number 35
[   39.052332][    T1] usb usb35: New USB device found, idVendor=1d6b, idProduct=0002, bcdDevice= 6.18
[   39.058170][    T1] usb usb35: New USB device strings: Mfr=3, Product=2, SerialNumber=1
[   39.063894][    T1] usb usb35: Product: USB/IP Virtual Host Controller
[   39.068400][    T1] usb usb35: Manufacturer: Linux 6.18.0 vhci_hcd
[   39.072647][    T1] usb usb35: SerialNumber: vhci_hcd.1
[   39.080311][    T1] hub 35-0:1.0: USB hub found
[   39.084034][    T1] hub 35-0:1.0: 8 ports detected
[   39.101274][    T1] vhci_hcd vhci_hcd.1: USB/IP Virtual Host Controller
[   39.107781][    T1] vhci_hcd vhci_hcd.1: new USB bus registered, assigned bus number 36
[   39.114689][    T1] usb usb36: We don't know the algorithms for LPM for this host, disabling LPM.
[   39.121392][    T1] usb usb36: New USB device found, idVendor=1d6b, idProduct=0003, bcdDevice= 6.18
[   39.127648][    T1] usb usb36: New USB device strings: Mfr=3, Product=2, SerialNumber=1
[   39.133434][    T1] usb usb36: Product: USB/IP Virtual Host Controller
[   39.137899][    T1] usb usb36: Manufacturer: Linux 6.18.0 vhci_hcd
[   39.142145][    T1] usb usb36: SerialNumber: vhci_hcd.1
[   39.150484][    T1] hub 36-0:1.0: USB hub found
[   39.154724][    T1] hub 36-0:1.0: 8 ports detected
[   39.173587][    T1] vhci_hcd vhci_hcd.2: USB/IP Virtual Host Controller
[   39.181213][    T1] vhci_hcd vhci_hcd.2: new USB bus registered, assigned bus number 37
[   39.188581][    T1] usb usb37: New USB device found, idVendor=1d6b, idProduct=0002, bcdDevice= 6.18
[   39.194737][    T1] usb usb37: New USB device strings: Mfr=3, Product=2, SerialNumber=1
[   39.201251][    T1] usb usb37: Product: USB/IP Virtual Host Controller
[   39.206357][    T1] usb usb37: Manufacturer: Linux 6.18.0 vhci_hcd
[   39.211326][    T1] usb usb37: SerialNumber: vhci_hcd.2
[   39.220255][    T1] hub 37-0:1.0: USB hub found
[   39.223746][    T1] hub 37-0:1.0: 8 ports detected
[   39.237901][    T1] vhci_hcd vhci_hcd.2: USB/IP Virtual Host Controller
[   39.244131][    T1] vhci_hcd vhci_hcd.2: new USB bus registered, assigned bus number 38
[   39.249799][    T1] usb usb38: We don't know the algorithms for LPM for this host, disabling LPM.
[   39.259618][    T1] usb usb38: New USB device found, idVendor=1d6b, idProduct=0003, bcdDevice= 6.18
[   39.267002][    T1] usb usb38: New USB device strings: Mfr=3, Product=2, SerialNumber=1
[   39.273237][    T1] usb usb38: Product: USB/IP Virtual Host Controller
[   39.281367][    T1] usb usb38: Manufacturer: Linux 6.18.0 vhci_hcd
[   39.285867][    T1] usb usb38: SerialNumber: vhci_hcd.2
[   39.294646][    T1] hub 38-0:1.0: USB hub found
[   39.297922][    T1] hub 38-0:1.0: 8 ports detected
[   39.313252][    T1] vhci_hcd vhci_hcd.3: USB/IP Virtual Host Controller
[   39.324713][    T1] vhci_hcd vhci_hcd.3: new USB bus registered, assigned bus number 39
[   39.331189][    T1] usb usb39: New USB device found, idVendor=1d6b, idProduct=0002, bcdDevice= 6.18
[   39.337991][    T1] usb usb39: New USB device strings: Mfr=3, Product=2, SerialNumber=1
[   39.346094][    T1] usb usb39: Product: USB/IP Virtual Host Controller
[   39.350734][    T1] usb usb39: Manufacturer: Linux 6.18.0 vhci_hcd
[   39.353861][    T1] usb usb39: SerialNumber: vhci_hcd.3
[   39.360609][    T1] hub 39-0:1.0: USB hub found
[   39.364148][    T1] hub 39-0:1.0: 8 ports detected
[   39.379068][    T1] vhci_hcd vhci_hcd.3: USB/IP Virtual Host Controller
[   39.386987][    T1] vhci_hcd vhci_hcd.3: new USB bus registered, assigned bus number 40
[   39.393508][    T1] usb usb40: We don't know the algorithms for LPM for this host, disabling LPM.
[   39.401665][    T1] usb usb40: New USB device found, idVendor=1d6b, idProduct=0003, bcdDevice= 6.18
[   39.408565][    T1] usb usb40: New USB device strings: Mfr=3, Product=2, SerialNumber=1
[   39.415200][    T1] usb usb40: Product: USB/IP Virtual Host Controller
[   39.420162][    T1] usb usb40: Manufacturer: Linux 6.18.0 vhci_hcd
[   39.424703][    T1] usb usb40: SerialNumber: vhci_hcd.3
[   39.433158][    T1] hub 40-0:1.0: USB hub found
[   39.436853][    T1] hub 40-0:1.0: 8 ports detected
[   39.454536][    T1] vhci_hcd vhci_hcd.4: USB/IP Virtual Host Controller
[   39.461540][    T1] vhci_hcd vhci_hcd.4: new USB bus registered, assigned bus number 41
[   39.468341][    T1] usb usb41: New USB device found, idVendor=1d6b, idProduct=0002, bcdDevice= 6.18
[   39.474857][    T1] usb usb41: New USB device strings: Mfr=3, Product=2, SerialNumber=1
[   39.480667][    T1] usb usb41: Product: USB/IP Virtual Host Controller
[   39.485411][    T1] usb usb41: Manufacturer: Linux 6.18.0 vhci_hcd
[   39.490394][    T1] usb usb41: SerialNumber: vhci_hcd.4
[   39.497764][    T1] hub 41-0:1.0: USB hub found
[   39.503005][    T1] hub 41-0:1.0: 8 ports detected
[   39.518738][    T1] vhci_hcd vhci_hcd.4: USB/IP Virtual Host Controller
[   39.526496][    T1] vhci_hcd vhci_hcd.4: new USB bus registered, assigned bus number 42
[   39.533207][    T1] usb usb42: We don't know the algorithms for LPM for this host, disabling LPM.
[   39.542173][    T1] usb usb42: New USB device found, idVendor=1d6b, idProduct=0003, bcdDevice= 6.18
[   39.548606][    T1] usb usb42: New USB device strings: Mfr=3, Product=2, SerialNumber=1
[   39.554760][    T1] usb usb42: Product: USB/IP Virtual Host Controller
[   39.559650][    T1] usb usb42: Manufacturer: Linux 6.18.0 vhci_hcd
[   39.564654][    T1] usb usb42: SerialNumber: vhci_hcd.4
[   39.574649][    T1] hub 42-0:1.0: USB hub found
[   39.578743][    T1] hub 42-0:1.0: 8 ports detected
[   39.599459][    T1] vhci_hcd vhci_hcd.5: USB/IP Virtual Host Controller
[   39.606897][    T1] vhci_hcd vhci_hcd.5: new USB bus registered, assigned bus number 43
[   39.614794][    T1] usb usb43: New USB device found, idVendor=1d6b, idProduct=0002, bcdDevice= 6.18
[   39.621782][    T1] usb usb43: New USB device strings: Mfr=3, Product=2, SerialNumber=1
[   39.627611][    T1] usb usb43: Product: USB/IP Virtual Host Controller
[   39.633856][    T1] usb usb43: Manufacturer: Linux 6.18.0 vhci_hcd
[   39.638887][    T1] usb usb43: SerialNumber: vhci_hcd.5
[   39.646922][    T1] hub 43-0:1.0: USB hub found
[   39.653098][    T1] hub 43-0:1.0: 8 ports detected
[   39.666690][    T1] vhci_hcd vhci_hcd.5: USB/IP Virtual Host Controller
[   39.672814][    T1] vhci_hcd vhci_hcd.5: new USB bus registered, assigned bus number 44
[   39.678695][    T1] usb usb44: We don't know the algorithms for LPM for this host, disabling LPM.
[   39.686766][    T1] usb usb44: New USB device found, idVendor=1d6b, idProduct=0003, bcdDevice= 6.18
[   39.693781][    T1] usb usb44: New USB device strings: Mfr=3, Product=2, SerialNumber=1
[   39.700824][    T1] usb usb44: Product: USB/IP Virtual Host Controller
[   39.705931][    T1] usb usb44: Manufacturer: Linux 6.18.0 vhci_hcd
[   39.710569][    T1] usb usb44: SerialNumber: vhci_hcd.5
[   39.718312][    T1] hub 44-0:1.0: USB hub found
[   39.722002][    T1] hub 44-0:1.0: 8 ports detected
[   39.736920][    T1] vhci_hcd vhci_hcd.6: USB/IP Virtual Host Controller
[   39.744550][    T1] vhci_hcd vhci_hcd.6: new USB bus registered, assigned bus number 45
[   39.751467][    T1] usb usb45: New USB device found, idVendor=1d6b, idProduct=0002, bcdDevice= 6.18
[   39.757556][    T1] usb usb45: New USB device strings: Mfr=3, Product=2, SerialNumber=1
[   39.763623][    T1] usb usb45: Product: USB/IP Virtual Host Controller
[   39.767784][    T1] usb usb45: Manufacturer: Linux 6.18.0 vhci_hcd
[   39.773265][    T1] usb usb45: SerialNumber: vhci_hcd.6
[   39.781180][    T1] hub 45-0:1.0: USB hub found
[   39.784838][    T1] hub 45-0:1.0: 8 ports detected
[   39.798203][    T1] vhci_hcd vhci_hcd.6: USB/IP Virtual Host Controller
[   39.804545][    T1] vhci_hcd vhci_hcd.6: new USB bus registered, assigned bus number 46
[   39.810824][    T1] usb usb46: We don't know the algorithms for LPM for this host, disabling LPM.
[   39.818073][    T1] usb usb46: New USB device found, idVendor=1d6b, idProduct=0003, bcdDevice= 6.18
[   39.825467][    T1] usb usb46: New USB device strings: Mfr=3, Product=2, SerialNumber=1
[   39.831190][    T1] usb usb46: Product: USB/IP Virtual Host Controller
[   39.836714][    T1] usb usb46: Manufacturer: Linux 6.18.0 vhci_hcd
[   39.840984][    T1] usb usb46: SerialNumber: vhci_hcd.6
[   39.855025][    T1] hub 46-0:1.0: USB hub found
[   39.859223][    T1] hub 46-0:1.0: 8 ports detected
