failed to run ["ssh" "-p" "53345" "-F" "/dev/null" "-o" "UserKnownHostsFile=/dev/null" "-o" "IdentitiesOnly=yes" "-o" "BatchMode=yes" "-o" "StrictHostKeyChecking=no" "-o" "ConnectTimeout=10" "-i" "/home/wmy/Fuzzer/third_tool/Image-fuzz-6.18-syzbot/bullseye.id_rsa" "root@localhost" "pwd"]: exit status 255[    0.000000][    T0] Linux version 6.18.0 (wmy@wmy) (gcc (Ubuntu 11.4.0-1ubuntu1~22.04.2) 11.4.0, GNU ld (GNU Binutils for Ubuntu) 2.38) #1 SMP PREEMPT_DYNAMIC Sat Dec 20 16:37:44 CST 2025
[    0.000000][    T0] Command line: root=/dev/sda console=ttyS0 
[    0.000000][    T0] KERNEL supported cpus:
[    0.000000][    T0]   Intel GenuineIntel
[    0.000000][    T0]   AMD AuthenticAMD
[    0.000000][    T0] x86/CPU: Model not found in latest microcode list
[    0.000000][    T0] BIOS-provided physical RAM map:
[    0.000000][    T0] BIOS-e820: [mem 0x0000000000000000-0x000000000009fbff] usable
[    0.000000][    T0] BIOS-e820: [mem 0x000000000009fc00-0x000000000009ffff] reserved
[    0.000000][    T0] BIOS-e820: [mem 0x00000000000f0000-0x00000000000fffff] reserved
[    0.000000][    T0] BIOS-e820: [mem 0x0000000000100000-0x00000000bffdffff] usable
[    0.000000][    T0] BIOS-e820: [mem 0x00000000bffe0000-0x00000000bfffffff] reserved
[    0.000000][    T0] BIOS-e820: [mem 0x00000000feffc000-0x00000000feffffff] reserved
[    0.000000][    T0] BIOS-e820: [mem 0x00000000fffc0000-0x00000000ffffffff] reserved
[    0.000000][    T0] BIOS-e820: [mem 0x0000000100000000-0x000000013fffffff] usable
[    0.000000][    T0] printk: legacy bootconsole [earlyser0] enabled
[    0.000000][    T0] ERROR: earlyprintk= earlyser already used
[    0.000000][    T0] ERROR: earlyprintk= earlyser already used
[    0.000000][    T0] Hash pointers mode set to never.
[    0.000000][    T0] Malformed early option 'vsyscall'
[    0.000000][    T0] NX (Execute Disable) protection: active
[    0.000000][    T0] APIC: Static calls initialized
[    0.000000][    T0] SMBIOS 3.0.0 present.
[    0.000000][    T0] DMI: QEMU Standard PC (i440FX + PIIX, 1996), BIOS rel-1.16.3-0-ga6ed6b701f0a-prebuilt.qemu.org 04/01/2014
[    0.000000][    T0] DMI: Memory slots populated: 1/1
[    0.000000][    T0] Hypervisor detected: KVM
[    0.000000][    T0] last_pfn = 0xbffe0 max_arch_pfn = 0x400000000
[    0.000000][    T0] kvm-clock: Using msrs 4b564d01 and 4b564d00
[    0.000009][    T0] kvm-clock: using sched offset of 2639036613 cycles
[    0.004596][    T0] clocksource: kvm-clock: mask: 0xffffffffffffffff max_cycles: 0x1cd42e4dffb, max_idle_ns: 881590591483 ns
[    0.017961][    T0] tsc: Detected 2803.204 MHz processor
[    0.033020][    T0] last_pfn = 0x140000 max_arch_pfn = 0x400000000
[    0.038964][    T0] MTRR map: 4 entries (3 fixed + 1 variable; max 19), built from 8 variable MTRRs
[    0.045235][    T0] x86/PAT: Configuration [0-7]: WB  WC  UC- UC  WB  WP  UC- WT  
[    0.051893][    T0] last_pfn = 0xbffe0 max_arch_pfn = 0x400000000
[    0.070013][    T0] found SMP MP-table at [mem 0x000f5460-0x000f546f]
[    0.078972][    T0] ACPI: Early table checksum verification disabled
[    0.085118][    T0] ACPI: RSDP 0x00000000000F5250 000014 (v00 BOCHS )
[    0.091259][    T0] ACPI: RSDT 0x00000000BFFE1D7B 000034 (v01 BOCHS  BXPC     00000001 BXPC 00000001)
[    0.099625][    T0] ACPI: FACP 0x00000000BFFE1C17 000074 (v01 BOCHS  BXPC     00000001 BXPC 00000001)
[    0.106661][    T0] ACPI: DSDT 0x00000000BFFE0040 001BD7 (v01 BOCHS  BXPC     00000001 BXPC 00000001)
[    0.113536][    T0] ACPI: FACS 0x00000000BFFE0000 000040
[    0.118319][    T0] ACPI: APIC 0x00000000BFFE1C8B 000090 (v03 BOCHS  BXPC     00000001 BXPC 00000001)
[    0.125779][    T0] ACPI: HPET 0x00000000BFFE1D1B 000038 (v01 BOCHS  BXPC     00000001 BXPC 00000001)
[    0.132343][    T0] ACPI: WAET 0x00000000BFFE1D53 000028 (v01 BOCHS  BXPC     00000001 BXPC 00000001)
[    0.139669][    T0] ACPI: Reserving FACP table memory at [mem 0xbffe1c17-0xbffe1c8a]
[    0.145863][    T0] ACPI: Reserving DSDT table memory at [mem 0xbffe0040-0xbffe1c16]
[    0.151069][    T0] ACPI: Reserving FACS table memory at [mem 0xbffe0000-0xbffe003f]
[    0.155899][    T0] ACPI: Reserving APIC table memory at [mem 0xbffe1c8b-0xbffe1d1a]
[    0.160990][    T0] ACPI: Reserving HPET table memory at [mem 0xbffe1d1b-0xbffe1d52]
[    0.167527][    T0] ACPI: Reserving WAET table memory at [mem 0xbffe1d53-0xbffe1d7a]
[    0.177422][    T0] No NUMA configuration found
[    0.181462][    T0] Faking a node at [mem 0x0000000000000000-0x000000013fffffff]
[    0.187758][    T0] Faking node 0 at [mem 0x0000000000001000-0x0000000080000fff] (2048MB)
[    0.193586][    T0] Faking node 1 at [mem 0x0000000080001000-0x000000013fffffff] (3071MB)
[    0.199543][    T0] NODE_DATA(0) allocated [mem 0x7fffb400-0x80000fff]
[    0.204920][    T0] NODE_DATA(1) allocated [mem 0x13fff6400-0x13fffbfff]
[    0.324425][    T0] Zone ranges:
[    0.326336][    T0]   DMA      [mem 0x0000000000001000-0x0000000000ffffff]
[    0.330610][    T0]   DMA32    [mem 0x0000000001000000-0x00000000ffffffff]
[    0.335050][    T0]   Normal   [mem 0x0000000100000000-0x000000013fffffff]
[    0.339881][    T0]   Device   empty
[    0.342483][    T0] Movable zone start for each node
[    0.346181][    T0] Early memory node ranges
[    0.349326][    T0]   node   0: [mem 0x0000000000001000-0x000000000009efff]
[    0.354051][    T0]   node   0: [mem 0x0000000000100000-0x0000000080000fff]
[    0.358850][    T0]   node   1: [mem 0x0000000080001000-0x00000000bffdffff]
[    0.364184][    T0]   node   1: [mem 0x0000000100000000-0x000000013fffffff]
[    0.369782][    T0] Initmem setup node 0 [mem 0x0000000000001000-0x0000000080000fff]
[    0.375596][    T0] Initmem setup node 1 [mem 0x0000000080001000-0x000000013fffffff]
[    0.381339][    T0] On node 0, zone DMA: 1 pages in unavailable ranges
[    0.385676][    T0] On node 0, zone DMA: 97 pages in unavailable ranges
[    0.434226][    T0] On node 1, zone Normal: 32 pages in unavailable ranges
[    1.511781][    T0] KernelAddressSanitizer initialized (generic)
[    1.519758][    T0] ACPI: PM-Timer IO Port: 0x608
[    1.523363][    T0] ACPI: LAPIC_NMI (acpi_id[0xff] dfl dfl lint[0x1])
[    1.528390][    T0] IOAPIC[0]: apic_id 0, version 17, address 0xfec00000, GSI 0-23
[    1.533830][    T0] ACPI: INT_SRC_OVR (bus 0 bus_irq 0 global_irq 2 dfl dfl)
[    1.539127][    T0] ACPI: INT_SRC_OVR (bus 0 bus_irq 5 global_irq 5 high level)
[    1.544696][    T0] ACPI: INT_SRC_OVR (bus 0 bus_irq 9 global_irq 9 high level)
[    1.550114][    T0] ACPI: INT_SRC_OVR (bus 0 bus_irq 10 global_irq 10 high level)
[    1.555692][    T0] ACPI: INT_SRC_OVR (bus 0 bus_irq 11 global_irq 11 high level)
[    1.561276][    T0] ACPI: Using ACPI (MADT) for SMP configuration information
[    1.566438][    T0] ACPI: HPET id: 0x8086a201 base: 0xfed00000
[    1.570333][    T0] CPU topo: Max. logical packages:   1
[    1.573910][    T0] CPU topo: Max. logical dies:       1
[    1.577322][    T0] CPU topo: Max. dies per package:   1
[    1.581162][    T0] CPU topo: Max. threads per core:   1
[    1.584756][    T0] CPU topo: Num. cores per package:     4
[    1.588983][    T0] CPU topo: Num. threads per package:   4
[    1.593702][    T0] CPU topo: Allowing 4 present CPUs plus 0 hotplug CPUs
[    1.599641][    T0] kvm-guest: APIC: eoi() replaced with kvm_guest_apic_eoi_write()
[    1.606608][    T0] PM: hibernation: Registered nosave memory: [mem 0x00000000-0x00000fff]
[    1.613556][    T0] PM: hibernation: Registered nosave memory: [mem 0x0009f000-0x000fffff]
[    1.620288][    T0] PM: hibernation: Registered nosave memory: [mem 0xbffe0000-0xffffffff]
[    1.627126][    T0] [mem 0xc0000000-0xfeffbfff] available for PCI devices
[    1.633543][    T0] Booting paravirtualized kernel on KVM
[    1.638166][    T0] clocksource: refined-jiffies: mask: 0xffffffff max_cycles: 0xffffffff, max_idle_ns: 19112604462750000 ns
[    1.785138][    T0] setup_percpu: NR_CPUS:8 nr_cpumask_bits:4 nr_cpu_ids:4 nr_node_ids:2
[    1.797100][    T0] percpu: Embedded 70 pages/cpu s247752 r8192 d30776 u1048576
[    1.802138][    T0] kvm-guest: PV spinlocks disabled, no host support
[    1.806107][    T0] Kernel command line: earlyprintk=serial net.ifnames=0 sysctl.kernel.hung_task_all_cpu_backtrace=1 ima_policy=tcb nf-conntrack-ftp.ports=20000 nf-conntrack-tftp.ports=20000 nf-conntrack-sip.ports=20000 nf-conntrack-irc.ports=20000 nf-conntrack-sane.ports=20000 binder.debug_mask=0 rcupdate.rcu_expedited=1 rcupdate.rcu_cpu_stall_cputime=1 no_hash_pointers page_owner=on sysctl.vm.nr_hugepages=4 sysctl.vm.nr_overcommit_hugepages=4 secretmem.enable=1 sysctl.max_rcu_stall_to_panic=1 msr.allow_writes=off coredump_filter=0xffff root=/dev/sda console=ttyS0 vsyscall=native numa=fake=2 kvm-intel.nested=1 spec_store_bypass_disable=prctl nopcid vivid.n_devs=64 vivid.multiplanar=1,2,1,2,1,2,1,2,1,2,1,2,1,2,1,2,1,2,1,2,1,2,1,2,1,2,1,2,1,2,1,2,1,2,1,2,1,2,1,2,1,2,1,2,1,2,1,2,1,2,1,2,1,2,1,2,1,2,1,2,1,2,1,2 netrom.nr_ndevs=32 rose.rose_ndevs=32 smp.csd_lock_timeout=100000 watchdog_thresh=55 workqueue.watchdog_thresh=140 sysctl.net.core.netdev_unregister_timeout_secs=140 dummy_hcd.num=32 max_loop=32 nbds_max=32 comedi.comedi
[    1.810422][    T0] Unknown kernel command line parameters "nbds_max=32", will be passed to user space.
[    1.908358][    T0] printk: log buffer data + meta data: 262144 + 917504 = 1179648 bytes
[    1.917719][    T0] software IO TLB: area num 4.
[    2.074678][    T0] Fallback order for Node 0: 0 1 
[    2.074825][    T0] Fallback order for Node 1: 1 0 
[    2.074874][    T0] Built 2 zonelists, mobility grouping on.  Total pages: 1048446
[    2.101273][    T0] Policy zone: Normal
[    2.108572][    T0] mem auto-init: stack:off, heap alloc:on, heap free:off
[    2.114184][    T0] stackdepot: allocating hash table via alloc_large_system_hash
[    2.120285][    T0] stackdepot hash table entries: 1048576 (order: 12, 16777216 bytes, linear)
[    2.167267][    T0] stackdepot: allocating space for 8192 stack pools via memblock
[    2.502462][    T0] **********************************************************
[    2.508978][    T0] **   NOTICE NOTICE NOTICE NOTICE NOTICE NOTICE NOTICE   **
[    2.514769][    T0] **                                                      **
[    2.520693][    T0] ** This system shows unhashed kernel memory addresses   **
[    2.527358][    T0] ** via the console, logs, and other interfaces. This    **
[    2.533820][    T0] ** might reduce the security of your system.            **
[    2.540676][    T0] **                                                      **
[    2.547003][    T0] ** If you see this message and you are not debugging    **
[    2.553475][    T0] ** the kernel, report this immediately to your system   **
[    2.559279][    T0] ** administrator!                                       **
[    2.565859][    T0] **                                                      **
[    2.572192][    T0] ** Use hash_pointers=always to force this mode off      **
[    2.578657][    T0] **                                                      **
[    2.585866][    T0] **   NOTICE NOTICE NOTICE NOTICE NOTICE NOTICE NOTICE   **
[    2.592372][    T0] **********************************************************
[    2.600101][    T0] SLUB: HWalign=64, Order=0-3, MinObjects=0, CPUs=4, Nodes=2
[    2.930292][    T0] allocated 83886080 bytes of page_ext
[    2.934464][    T0] Node 0, zone      DMA: page owner found early allocated 0 pages
[    2.953708][    T0] Node 0, zone    DMA32: page owner found early allocated 10987 pages
[    2.961460][    T0] Node 1, zone    DMA32: page owner found early allocated 0 pages
[    2.979408][    T0] Node 1, zone   Normal: page owner found early allocated 9603 pages
[    2.988225][    T0] Kernel/User page tables isolation: enabled
[    2.998300][    T0] Dynamic Preempt: full
[    3.006721][    T0] Running RCU self tests
[    3.009995][    T0] Running RCU synchronous self tests
[    3.014299][    T0] rcu: Preemptible hierarchical RCU implementation.
[    3.020981][    T0] rcu: 	RCU lockdep checking is enabled.
[    3.026044][    T0] rcu: 	RCU restricting CPUs from NR_CPUS=8 to nr_cpu_ids=4.
[    3.032014][    T0] rcu: 	RCU callback double-/use-after-free debug is enabled.
[    3.037933][    T0] rcu: 	RCU debug extended QS entry/exit.
[    3.042071][    T0] 	All grace periods are expedited (rcu_expedited).
[    3.046615][    T0] 	Trampoline variant of Tasks RCU enabled.
[    3.050932][    T0] 	Tracing variant of Tasks RCU enabled.
[    3.054978][    T0] rcu: RCU calculated value of scheduler-enlistment delay is 10 jiffies.
[    3.060922][    T0] rcu: Adjusting geometry for rcu_fanout_leaf=16, nr_cpu_ids=4
[    3.070574][    T0] Running RCU synchronous self tests
[    3.075445][    T0] RCU Tasks: Setting shift to 2 and lim to 1 rcu_task_cb_adjust=1 rcu_task_cpu_ids=4.
[    3.082476][    T0] RCU Tasks Trace: Setting shift to 2 and lim to 1 rcu_task_cb_adjust=1 rcu_task_cpu_ids=4.
[    3.259287][    T0] NR_IRQS: 4352, nr_irqs: 456, preallocated irqs: 16
[    3.265015][    T0] rcu: srcu_init: Setting srcu_struct sizes based on contention.
[    3.270967][    T0] kfence: initialized - using 2097152 bytes for 255 objects at 0xffff888135c00000-0xffff888135e00000
[    3.337825][    T0] Console: colour VGA+ 80x25
[    3.341526][    T0] printk: legacy console [ttyS0] enabled
[    3.341526][    T0] printk: legacy console [ttyS0] enabled
[    3.349389][    T0] printk: legacy bootconsole [earlyser0] disabled
[    3.349389][    T0] printk: legacy bootconsole [earlyser0] disabled
[    3.357580][    T0] Lock dependency validator: Copyright (c) 2006 Red Hat, Inc., Ingo Molnar
[    3.363278][    T0] ... MAX_LOCKDEP_SUBCLASSES:  8
[    3.366582][    T0] ... MAX_LOCK_DEPTH:          48
[    3.370173][    T0] ... MAX_LOCKDEP_KEYS:        8192
[    3.374118][    T0] ... CLASSHASH_SIZE:          4096
[    3.377983][    T0] ... MAX_LOCKDEP_ENTRIES:     1048576
[    3.381930][    T0] ... MAX_LOCKDEP_CHAINS:      1048576
[    3.386004][    T0] ... CHAINHASH_SIZE:          524288
[    3.390083][    T0]  memory used by lock dependency info: 106625 kB
[    3.395272][    T0]  memory used for stack traces: 8320 kB
[    3.399453][    T0]  per task-struct memory footprint: 1920 bytes
[    3.404534][    T0] mempolicy: Enabling automatic NUMA balancing. Configure with numa_balancing= or the kernel.numa_balancing sysctl
[    3.414856][    T0] ACPI: Core revision 20250807
[    3.420369][    T0] clocksource: hpet: mask: 0xffffffff max_cycles: 0xffffffff, max_idle_ns: 19112604467 ns
[    3.429855][    T0] APIC: Switch to symmetric I/O mode setup
[    3.438752][    T0] x2apic enabled
[    3.445984][    T0] APIC: Switched APIC routing to: physical x2apic
[    3.467219][    T0] ..TIMER: vector=0x30 apic1=0 pin1=2 apic2=-1 pin2=-1
[    3.473657][    T0] clocksource: tsc-early: mask: 0xffffffffffffffff max_cycles: 0x2868139ef5d, max_idle_ns: 440795282642 ns
[    3.483509][    T0] Calibrating delay loop (skipped) preset value.. 5606.40 BogoMIPS (lpj=28032040)
[    3.496447][    T0] Last level iTLB entries: 4KB 0, 2MB 0, 4MB 0
[    3.501167][    T0] Last level dTLB entries: 4KB 0, 2MB 0, 4MB 0, 1GB 0
[    3.503580][    T0] mitigations: Enabled attack vectors: user_kernel, user_user, guest_host, guest_guest, SMT mitigations: auto
[    3.513554][    T0] Speculative Store Bypass: Vulnerable
[    3.518251][    T0] Spectre V2 : Mitigation: Retpolines
[    3.528075][    T0] ITS: Mitigation: Aligned branch/return thunks
[    3.532819][    T0] MDS: Vulnerable: Clear CPU buffers attempted, no microcode
[    3.533541][    T0] Spectre V1 : Mitigation: usercopy/swapgs barriers and __user pointer sanitization
[    3.543527][    T0] Spectre V2 : Spectre v2 / SpectreRSB: Filling RSB on context switch and VMEXIT
[    3.553510][    T0] active return thunk: its_return_thunk
[    3.558656][    T0] x86/fpu: x87 FPU will use FXSAVE
[    3.912079][    T0] Freeing SMP alternatives memory: 132K
[    3.913533][    T0] pid_max: default: 32768 minimum: 301
[    3.918452][    T0] LSM: initializing lsm=lockdown,capability,landlock,yama,safesetid,tomoyo,apparmor,bpf,ima,evm
[    3.924133][    T0] landlock: Up and running.
[    3.933499][    T0] Yama: becoming mindful.
[    3.937368][    T0] TOMOYO Linux initialized
[    3.944685][    T0] AppArmor: AppArmor initialized
[    3.951529][    T0] LSM support for eBPF active
[    3.966892][    T0] Dentry cache hash table entries: 524288 (order: 10, 4194304 bytes, vmalloc hugepage)
[    3.978144][    T0] Inode-cache hash table entries: 262144 (order: 9, 2097152 bytes, vmalloc hugepage)
[    3.984249][    T0] Mount-cache hash table entries: 8192 (order: 4, 65536 bytes, vmalloc)
[    3.993969][    T0] Mountpoint-cache hash table entries: 8192 (order: 4, 65536 bytes, vmalloc)
[    4.008290][    T0] Running RCU synchronous self tests
[    4.013508][    T0] Running RCU synchronous self tests
[    4.142103][    T1] smpboot: CPU0: Intel QEMU Virtual CPU version 2.5+ (family: 0xf, model: 0x6b, stepping: 0x1)
[    4.146364][    T1] Performance Events: unsupported Netburst CPU model 107 no PMU driver, software events only.
[    4.153936][    T1] signal: max sigframe size: 1440
[    4.157969][    T1] rcu: Hierarchical SRCU implementation.
[    4.161829][    T1] rcu: 	Max phase no-delay instances is 1000.
[    4.165031][    T1] Timer migration: 2 hierarchy levels; 8 children per group; 1 crossnode level
[    4.224462][    T1] NMI watchdog: Perf NMI watchdog permanently disabled
[    4.230648][    T1] smp: Bringing up secondary CPUs ...
[    4.245399][    T1] smpboot: x86: Booting SMP configuration:
[    4.248977][    T1] .... node  #1, CPUs:      #1
[    4.253694][    T1] .... node  #0, CPUs:   #2
[    4.268575][    T1] .... node  #1, CPUs:   #3
[    4.304301][    T1] smp: Brought up 2 nodes, 4 CPUs
[    4.308451][    T1] smpboot: Total of 4 processors activated (22425.63 BogoMIPS)
[    4.324738][    T1] Memory: 2940628K/4193784K available (168261K kernel code, 41423K rwdata, 40108K rodata, 27048K init, 120456K bss, 1153864K reserved, 0K cma-reserved)
[    4.345056][    T1] devtmpfs: initialized
[    4.346755][    T1] x86/mm: Memory block size: 128MB
[    4.404277][    T1] Running RCU synchronous self tests
[    4.408123][    T1] Running RCU synchronous self tests
[    4.414213][    T1] Running RCU Tasks wait API self tests
[    4.423695][    T1] Running RCU Tasks Trace wait API self tests
[    4.473574][    T1] clocksource: jiffies: mask: 0xffffffff max_cycles: 0xffffffff, max_idle_ns: 19112604462750000 ns
[    4.481531][    T1] posixtimers hash table entries: 2048 (order: 6, 147456 bytes, vmalloc)
[    4.483760][    T1] futex hash table entries: 512 (65536 bytes on 2 NUMA nodes, total 128 KiB, linear).
[    4.500268][    T1] PM: RTC time: 16:20:14, date: 2026-01-09
[    4.531936][    T1] NET: Registered PF_NETLINK/PF_ROUTE protocol family
[    4.543528][   T42] Callback from call_rcu_tasks_trace() invoked.
[    4.546112][    T1] audit: initializing netlink subsys (disabled)
[    4.556637][   T43] audit: type=2000 audit(1767975614.350:1): state=initialized audit_enabled=0 res=1
[    4.556766][    T1] thermal_sys: Registered thermal governor 'step_wise'
[    4.563597][    T1] cpuidle: using governor menu
[    4.568266][    T1] NET: Registered PF_QIPCRTR protocol family
[    4.587667][    T1] dca service started, version 1.12.1
[    4.592934][    T1] PCI: Using configuration type 1 for base access
[    4.624550][    T1] HugeTLB: registered 2.00 MiB page size, pre-allocated 0 pages
[    4.629712][    T1] HugeTLB: 28 KiB vmemmap can be freed for a 2.00 MiB page
[    4.643628][   T41] Callback from call_rcu_tasks() invoked.
[    4.736610][    T1] raid6: skipped pq benchmark and selected sse2x4
[    4.743543][    T1] raid6: using intx1 recovery algorithm
[    4.757088][    T1] ACPI: Added _OSI(Module Device)
[    4.761760][    T1] ACPI: Added _OSI(Processor Device)
[    4.763537][    T1] ACPI: Added _OSI(Processor Aggregator Device)
[    4.921296][    T1] ACPI: 1 ACPI AML tables successfully acquired and loaded
[    4.996517][    T1] ACPI: Interpreter enabled
[    5.001326][    T1] ACPI: PM: (supports S0 S3 S4 S5)
[    5.003624][    T1] ACPI: Using IOAPIC for interrupt routing
[    5.009349][    T1] PCI: Using host bridge windows from ACPI; if necessary, use "pci=nocrs" and report a bug
[    5.023502][    T1] PCI: Using E820 reservations for host bridge windows
[    5.029622][    T1] ACPI: Enabled 2 GPEs in block 00 to 0F
[    5.248736][    T1] ACPI: PCI Root Bridge [PCI0] (domain 0000 [bus 00-ff])
[    5.253852][    T1] acpi PNP0A03:00: _OSC: OS supports [ASPM ClockPM Segments MSI HPX-Type3]
[    5.260877][    T1] acpi PNP0A03:00: _OSC: not requesting OS control; OS requires [ExtendedConfig ASPM ClockPM MSI]
[    5.275113][    T1] acpi PNP0A03:00: fail to add MMCONFIG information, can't access extended configuration space under this bridge
[    5.297148][    T1] PCI host bridge to bus 0000:00
[    5.301168][    T1] pci_bus 0000:00: Unknown NUMA node; performance will be reduced
[    5.314106][    T1] pci_bus 0000:00: root bus resource [io  0x0000-0x0cf7 window]
[    5.320342][    T1] pci_bus 0000:00: root bus resource [io  0x0d00-0xffff window]
[    5.320358][    T1] pci_bus 0000:00: root bus resource [mem 0x000a0000-0x000bffff window]
[    5.333538][    T1] pci_bus 0000:00: root bus resource [mem 0xc0000000-0xfebfffff window]
[    5.343546][    T1] pci_bus 0000:00: root bus resource [mem 0x140000000-0x1bfffffff window]
[    5.353591][    T1] pci_bus 0000:00: root bus resource [bus 00-ff]
[    5.359881][    T1] pci 0000:00:00.0: [8086:1237] type 00 class 0x060000 conventional PCI endpoint
[    5.380280][    T1] pci 0000:00:01.0: [8086:7000] type 00 class 0x060100 conventional PCI endpoint
[    5.403658][    T1] pci 0000:00:01.1: [8086:7010] type 00 class 0x010180 conventional PCI endpoint
[    5.415600][    T1] pci 0000:00:01.1: BAR 4 [io  0xc0a0-0xc0af]
[    5.420326][    T1] pci 0000:00:01.1: BAR 0 [io  0x01f0-0x01f7]: legacy IDE quirk
[    5.423518][    T1] pci 0000:00:01.1: BAR 1 [io  0x03f6]: legacy IDE quirk
[    5.433502][    T1] pci 0000:00:01.1: BAR 2 [io  0x0170-0x0177]: legacy IDE quirk
[    5.439812][    T1] pci 0000:00:01.1: BAR 3 [io  0x0376]: legacy IDE quirk
[    5.448309][    T1] pci 0000:00:01.3: [8086:7113] type 00 class 0x068000 conventional PCI endpoint
[    5.456525][    T1] pci 0000:00:01.3: quirk: [io  0x0600-0x063f] claimed by PIIX4 ACPI
[    5.463565][    T1] pci 0000:00:01.3: quirk: [io  0x0700-0x070f] claimed by PIIX4 SMB
[    5.477751][    T1] pci 0000:00:02.0: [1234:1111] type 00 class 0x030000 conventional PCI endpoint
[    5.524712][    T1] pci 0000:00:02.0: BAR 0 [mem 0xfd000000-0xfdffffff pref]
[    5.543870][    T1] pci 0000:00:02.0: BAR 2 [mem 0xfebc0000-0xfebc0fff]
[    5.553594][    T1] pci 0000:00:02.0: ROM [mem 0xfeba0000-0xfebaffff pref]
[    5.569170][    T1] pci 0000:00:02.0: Video device with shadowed ROM at [mem 0x000c0000-0x000dffff]
[    5.583517][    T1] pci 0000:00:02.0: pci_fixup_video+0x0/0x330 took 19531 usecs
[    5.620263][    T1] pci 0000:00:03.0: [1af4:1005] type 00 class 0x00ff00 conventional PCI endpoint
[    5.640886][    T1] pci 0000:00:03.0: BAR 0 [io  0xc080-0xc09f]
[    5.640886][    T1] pci 0000:00:03.0: BAR 1 [mem 0xfebc1000-0xfebc1fff]
[    5.643819][    T1] pci 0000:00:03.0: BAR 4 [mem 0xfe000000-0xfe003fff 64bit pref]
[    5.766991][    T1] pci 0000:00:04.0: [1af4:1009] type 00 class 0x000200 conventional PCI endpoint
[    5.780110][    T1] pci 0000:00:04.0: BAR 0 [io  0xc000-0xc03f]
[    5.783553][    T1] pci 0000:00:04.0: BAR 1 [mem 0xfebc2000-0xfebc2fff]
[    5.788946][    T1] pci 0000:00:04.0: BAR 4 [mem 0xfe004000-0xfe007fff 64bit pref]
[    5.947238][    T1] pci 0000:00:05.0: [8086:2652] type 00 class 0x010600 conventional PCI endpoint
[    5.957366][    T1] pci 0000:00:05.0: BAR 5 [mem 0xfebb0000-0xfebbffff]
[    6.062710][    T1] pci 0000:00:06.0: [8086:100e] type 00 class 0x020000 conventional PCI endpoint
[    6.078466][    T1] pci 0000:00:06.0: BAR 0 [mem 0xfeb80000-0xfeb9ffff]
[    6.084195][    T1] pci 0000:00:06.0: BAR 1 [io  0xc040-0xc07f]
[    6.093828][    T1] pci 0000:00:06.0: ROM [mem 0xfeb40000-0xfeb7ffff pref]
[    6.216410][    T1] ACPI: PCI: Interrupt link LNKA configured for IRQ 10
[    6.232776][    T1] ACPI: PCI: Interrupt link LNKB configured for IRQ 10
[    6.245208][    T1] ACPI: PCI: Interrupt link LNKC configured for IRQ 11
[    6.256039][    T1] ACPI: PCI: Interrupt link LNKD configured for IRQ 11
[    6.264268][    T1] ACPI: PCI: Interrupt link LNKS configured for IRQ 9
[    6.316051][    T1] iommu: Default domain type: Translated
[    6.323503][    T1] iommu: DMA domain TLB invalidation policy: lazy mode
[    6.370926][    T1] SCSI subsystem initialized
[    6.394546][    T1] ACPI: bus type USB registered
[    6.405725][    T1] usbcore: registered new interface driver usbfs
[    6.414407][    T1] usbcore: registered new interface driver hub
[    6.423975][    T1] usbcore: registered new device driver usb
[    6.437298][    T1] mc: Linux media interface: v0.10
[    6.443998][    T1] videodev: Linux video capture interface: v2.00
[    6.454383][    T1] pps_core: LinuxPPS API ver. 1 registered
[    6.458963][    T1] pps_core: Software ver. 5.3.6 - Copyright 2005-2007 Rodolfo Giometti <giometti@linux.it>
[    6.463689][    T1] PTP clock support registered
[    6.474312][    T1] EDAC MC: Ver: 3.0.0
[    6.498741][    T1] Advanced Linux Sound Architecture Driver Initialized.
[    6.522927][    T1] Bluetooth: Core ver 2.22
[    6.524136][    T1] NET: Registered PF_BLUETOOTH protocol family
[    6.533497][    T1] Bluetooth: HCI device and connection manager initialized
[    6.540246][    T1] Bluetooth: HCI socket layer initialized
[    6.543560][    T1] Bluetooth: L2CAP socket layer initialized
[    6.553924][    T1] Bluetooth: SCO socket layer initialized
[    6.558939][    T1] NET: Registered PF_ATMPVC protocol family
[    6.563611][    T1] NET: Registered PF_ATMSVC protocol family
[    6.570730][    T1] NetLabel: Initializing
[    6.573504][    T1] NetLabel:  domain hash size = 128
[    6.577488][    T1] NetLabel:  protocols = UNLABELED CIPSOv4 CALIPSO
[    6.585409][    T1] NetLabel:  unlabeled traffic allowed by default
[    6.605155][    T1] nfc: nfc_init: NFC Core ver 0.1
[    6.609182][    T1] NET: Registered PF_NFC protocol family
[    6.613824][    T1] mctp: management component transport protocol core
[    6.619465][    T1] NET: Registered PF_MCTP protocol family
[    6.624662][    T1] PCI: Using ACPI for IRQ routing
[    6.634322][    T1] pci 0000:00:02.0: vgaarb: setting as boot VGA device
[    6.641000][    T1] pci 0000:00:02.0: vgaarb: bridge control possible
[    6.643481][    T1] pci 0000:00:02.0: vgaarb: VGA device added: decodes=io+mem,owns=io+mem,locks=none
[    6.653533][    T1] vgaarb: loaded
[    6.672948][    T1] hpet: 3 channels of 0 reserved for per-cpu timers
[    6.673846][    T1] hpet0: at MMIO 0xfed00000, IRQs 2, 8, 0
[    6.683509][    T1] hpet0: 3 comparators, 64-bit 100.000000 MHz counter
[    6.722522][    T1] clocksource: Switched to clocksource kvm-clock
[    6.751346][    T1] VFS: Disk quotas dquot_6.6.0
[    6.759572][    T1] VFS: Dquot-cache hash table entries: 512 (order 0, 4096 bytes)
[    6.781533][    T1] netfs: FS-Cache loaded
[    6.794144][    T1] CacheFiles: Loaded
[    6.806903][    T1] TOMOYO: 2.6.0
[    6.810264][    T1] Mandatory Access Control activated.
[    6.820764][    T1] AppArmor: AppArmor Filesystem Enabled
[    6.828507][    T1] pnp: PnP ACPI init
[    6.871756][    T1] pnp: PnP ACPI: found 6 devices
[    7.044535][    T1] clocksource: acpi_pm: mask: 0xffffff max_cycles: 0xffffff, max_idle_ns: 2085701024 ns
[    7.055429][    T1] NET: Registered PF_INET protocol family
[    7.068530][    T1] IP idents hash table entries: 65536 (order: 7, 524288 bytes, vmalloc)
[    7.107378][    T1] tcp_listen_portaddr_hash hash table entries: 2048 (order: 6, 147456 bytes, vmalloc)
[    7.127862][    T1] Table-perturb hash table entries: 65536 (order: 6, 262144 bytes, vmalloc)
[    7.148624][    T1] TCP established hash table entries: 32768 (order: 6, 262144 bytes, vmalloc)
[    7.189608][    T1] TCP bind hash table entries: 32768 (order: 11, 4718592 bytes, vmalloc hugepage)
[    7.200417][    T1] TCP: Hash tables configured (established 32768 bind 32768)
[    7.213142][    T1] MPTCP token hash table entries: 4096 (order: 7, 360448 bytes, vmalloc)
[    7.223162][    T1] UDP hash table entries: 2048 (order: 7, 524288 bytes, vmalloc)
[    7.232129][    T1] UDP-Lite hash table entries: 2048 (order: 7, 524288 bytes, vmalloc)
[    7.242614][    T1] NET: Registered PF_UNIX/PF_LOCAL protocol family
[    7.256806][    T1] RPC: Registered named UNIX socket transport module.
[    7.262148][    T1] RPC: Registered udp transport module.
[    7.267590][    T1] RPC: Registered tcp transport module.
[    7.273855][    T1] RPC: Registered tcp-with-tls transport module.
[    7.278329][    T1] RPC: Registered tcp NFSv4.1 backchannel transport module.
[    7.290576][    T1] NET: Registered PF_XDP protocol family
[    7.297234][    T1] pci_bus 0000:00: resource 4 [io  0x0000-0x0cf7 window]
[    7.304775][    T1] pci_bus 0000:00: resource 5 [io  0x0d00-0xffff window]
[    7.311122][    T1] pci_bus 0000:00: resource 6 [mem 0x000a0000-0x000bffff window]
[    7.319271][    T1] pci_bus 0000:00: resource 7 [mem 0xc0000000-0xfebfffff window]
[    7.327412][    T1] pci_bus 0000:00: resource 8 [mem 0x140000000-0x1bfffffff window]
[    7.338188][    T1] pci 0000:00:01.0: PIIX3: Enabling Passive Release
[    7.347607][    T1] pci 0000:00:00.0: Limiting direct PCI/PCI transfers
[    7.354403][    T1] PCI: CLS 0 bytes, default 64
[    7.358993][    T1] PCI-DMA: Using software bounce buffering for IO (SWIOTLB)
[    7.365187][    T1] software IO TLB: mapped [mem 0x00000000bbfe0000-0x00000000bffe0000] (64MB)
[    7.372226][    T1] ACPI: bus type thunderbolt registered
[    7.385645][    T1] kvm_intel: VMX not supported by CPU 1
[    7.387189][   T79] kworker/u18:1 (79) used greatest stack depth: 26696 bytes left
[    7.390029][    T1] kvm_amd: CPU 1 isn't AMD or Hygon
[    7.404446][   T78] kworker/u18:1 (78) used greatest stack depth: 26568 bytes left
[    7.408594][    T1] clocksource: tsc: mask: 0xffffffffffffffff max_cycles: 0x2868139ef5d, max_idle_ns: 440795282642 ns
[    7.450593][    T1] twofish-x86_64-3way: performance on this CPU would be suboptimal: disabling twofish-x86_64-3way.
[    7.465148][    T1] CPU feature 'AVX registers' is not supported.
[    7.473162][    T1] CPU feature 'AVX registers' is not supported.
[    7.477526][    T1] AVX2 instructions are not detected.
[    7.481321][    T1] des3_ede-x86_64: performance on this CPU would be suboptimal: disabling des3_ede-x86_64.
[    7.489774][    T1] camellia-x86_64: performance on this CPU would be suboptimal: disabling camellia-x86_64.
[    7.499143][    T1] AVX or AES-NI instructions are not detected.
[    7.507827][    T1] AVX2 or AES-NI instructions are not detected.
[    7.517591][    T1] blowfish-x86_64: performance on this CPU would be suboptimal: disabling blowfish-x86_64.
[    7.527155][    T1] CPU feature 'AVX registers' is not supported.
[    7.531492][    T1] CPU feature 'AVX registers' is not supported.
[    7.536928][    T1] sm3_avx_x86_64: AVX instruction are not detected.
[    7.541779][    T1] AVX or AES-NI instructions are not detected.
[    7.547333][    T1] AVX2 or AES-NI instructions are not detected.
[    7.552176][    T1] AVX or AES-NI instructions are not detected.
[   10.399997][    T1] Initialise system trusted keyrings
[   10.412878][    T1] workingset: timestamp_bits=40 max_order=20 bucket_order=0
[   10.433344][    T1] DLM installed
[   10.442588][    T1] squashfs: version 4.0 (2009/01/31) Phillip Lougher
[   10.458273][    T1] NFS: Registering the id_resolver key type
[   10.463054][    T1] Key type id_resolver registered
[   10.467593][    T1] Key type id_legacy registered
[   10.472571][    T1] nfs4filelayout_init: NFSv4 File Layout Driver Registering...
[   10.479774][    T1] nfs4flexfilelayout_init: NFSv4 Flexfile Layout Driver Registering...
[   10.504988][    T1] Key type cifs.spnego registered
[   10.512490][    T1] Key type cifs.idmap registered
[   10.518717][    T1] ntfs3: Enabled Linux POSIX ACLs support
[   10.522079][    T1] ntfs3: Read-only LZX/Xpress compression included
[   10.528107][    T1] efs: 1.0a - http://aeschi.ch.eu.org/efs/
[   10.532492][    T1] jffs2: version 2.2. (NAND) (SUMMARY)  © 2001-2006 Red Hat, Inc.
[   10.542546][    T1] romfs: ROMFS MTD (C) 2007 Red Hat, Inc.
[   10.547929][    T1] QNX4 filesystem 0.2.3 registered.
[   10.552319][    T1] qnx6: QNX6 filesystem 1.0.0 registered.
[   10.559079][    T1] fuse: init (API version 7.45)
[   10.567514][    T1] orangefs_debugfs_init: called with debug mask: :none: :0:
[   10.574190][    T1] orangefs_init: module version upstream loaded
[   10.578217][    T1] JFS: nTxBlock = 8192, nTxLock = 65536
[   10.615930][    T1] SGI XFS with ACLs, security attributes, realtime, quota, no debug enabled
[   10.626082][    T1] 9p: Installing v9fs 9p2000 file system support
[   10.631859][    T1] NILFS version 2 loaded
[   10.635038][    T1] befs: version: 0.9.3
[   10.639355][    T1] ocfs2: Registered cluster interface o2cb
[   10.644168][    T1] ocfs2: Registered cluster interface user
[   10.648579][    T1] OCFS2 User DLM kernel interface loaded
[   10.676009][    T1] gfs2: GFS2 installed
[   10.694234][    T1] ceph: loaded (mds proto 32)
[   10.712969][    T1] cryptd: max_cpu_qlen set to 1000
[   10.750581][    T1] NET: Registered PF_ALG protocol family
[   10.756146][    T1] xor: measuring software checksum speed
[   10.760263][    T1]    prefetch64-sse  :  9516 MB/sec
[   10.764551][    T1]    generic_sse     :  7779 MB/sec
[   10.767695][    T1] xor: using function: prefetch64-sse (9516 MB/sec)
[   10.772607][    T1] async_tx: api initialized (async)
[   10.777085][    T1] Key type asymmetric registered
[   10.781383][    T1] Asymmetric key parser 'x509' registered
[   10.785478][    T1] Asymmetric key parser 'pkcs8' registered
[   10.788816][    T1] Key type pkcs7_test registered
[   10.792654][    T1] Block layer SCSI generic (bsg) driver version 0.4 loaded (major 239)
[   10.800194][    T1] io scheduler mq-deadline registered
[   10.803686][    T1] io scheduler kyber registered
[   10.807416][    T1] io scheduler bfq registered
[   10.823107][    T1] input: Power Button as /devices/LNXSYSTM:00/LNXPWRBN:00/input/input0
[   10.854732][    T1] ACPI: button: Power Button [PWRF]
[   10.869648][    T1] ioatdma: Intel(R) QuickData Technology Driver 5.00
[   15.544946][    T1] ACPI: \_SB_.LNKC: Enabled at IRQ 11
[   19.901496][    T1] ACPI: \_SB_.LNKD: Enabled at IRQ 10
[   20.541087][    T1] N_HDLC line discipline registered with maxframe=4096
[   20.548713][    T1] Serial: 8250/16550 driver, 4 ports, IRQ sharing enabled
[   20.567049][    T1] 00:04: ttyS0 at I/O 0x3f8 (irq = 4, base_baud = 115200) is a 16550A
[   20.606926][    T1] Non-volatile memory driver v1.3
[   20.621646][    T1] Linux agpgart interface v0.103
[   20.623318][  T781] random: crng init done
[   20.629659][    T1] usbcore: registered new interface driver xillyusb
[   20.644585][    T1] ACPI: bus type drm_connector registered
[   20.655457][    T1] [drm] Initialized vgem 1.0.0 for vgem on minor 0
[   20.675088][    T1] [drm] Initialized vkms 1.0.0 for vkms on minor 1
[   20.786198][    T1] Console: switching to colour frame buffer device 128x48
[   20.809901][    T1] faux_driver vkms: [drm] fb0: vkmsdrmfb frame buffer device
[   20.817647][    T1] usbcore: registered new interface driver udl
[   20.826002][    T1] bochs-drm 0000:00:02.0: vgaarb: deactivate vga console
[   20.843142][    T1] [drm] Found bochs VGA, ID 0xb0c5.
[   20.847758][    T1] [drm] Framebuffer size 16384 kB @ 0xfd000000, mmio @ 0xfebc0000.
[   20.860812][    T1] [drm] Initialized bochs-drm 1.0.0 for 0000:00:02.0 on minor 2
[   20.937570][    T1] fbcon: bochs-drmdrmfb (fb1) is primary device
[   20.937630][    T1] fbcon: Remapping primary device, fb1, to tty 1-63
[   21.947766][    T1] bochs-drm 0000:00:02.0: [drm] fb1: bochs-drmdrmfb frame buffer device
[   21.955374][    T1] usbcore: registered new interface driver gm12u320
[   21.960913][    T1] usbcore: registered new interface driver gud
[   22.066821][    T1] brd: module loaded
[   22.368228][    T1] loop: module loaded
[   22.679717][    T1] zram: Added device: zram0
[   22.698279][    T1] null_blk: disk nullb0 created
[   22.701900][    T1] null_blk: module loaded
[   22.708265][    T1] Guest personality initialized and is inactive
[   22.715495][    T1] VMCI host device registered (name=vmci, major=10, minor=266)
[   22.721098][    T1] Initialized host personality
[   22.724986][    T1] usbcore: registered new interface driver rtsx_usb
[   22.730781][    T1] usbcore: registered new interface driver viperboard
[   22.737121][    T1] usbcore: registered new interface driver dln2
[   22.743626][    T1] usbcore: registered new interface driver pn533_usb
[   22.753285][    T1] nfcsim 0.2 initialized
[   22.756645][    T1] usbcore: registered new interface driver port100
[   22.761563][    T1] usbcore: registered new interface driver nfcmrvl
[   22.771786][    T1] Loading iSCSI transport class v2.0-870.
[   22.781527][    T1] st: Version 20160209, fixed bufsize 32768, s/g segs 256
[   27.348102][    T1] ACPI: \_SB_.LNKA: Enabled at IRQ 10
[   27.384026][    T1] ahci 0000:00:05.0: SSS flag set, parallel bus scan disabled
[   27.406129][    T1] ahci 0000:00:05.0: AHCI vers 0103.0000, 1 command slots, ? Gbps, SATA mode
[   27.413076][    T1] ahci 0000:00:05.0: 32/32 ports implemented (port mask 0xffffffff)
[   27.418548][    T1] ahci 0000:00:05.0: flags: 64bit ncq stag only 
[   27.580110][    T1] scsi host0: ahci
[   27.587978][    T1] scsi host1: ahci
[   27.596377][    T1] scsi host2: ahci
[   27.604227][    T1] scsi host3: ahci
[   27.611489][    T1] scsi host4: ahci
[   27.622565][    T1] scsi host5: ahci
[   27.630899][    T1] scsi host6: ahci
[   27.639986][    T1] scsi host7: ahci
[   27.646682][    T1] scsi host8: ahci
[   27.654244][    T1] scsi host9: ahci
[   27.662170][    T1] scsi host10: ahci
[   27.668966][    T1] scsi host11: ahci
[   27.678700][    T1] scsi host12: ahci
[   27.684940][    T1] scsi host13: ahci
[   27.692170][    T1] scsi host14: ahci
[   27.700036][    T1] scsi host15: ahci
[   27.707061][    T1] scsi host16: ahci
[   27.716276][    T1] scsi host17: ahci
[   27.725471][    T1] scsi host18: ahci
[   27.736175][    T1] scsi host19: ahci
[   27.754318][    T1] scsi host20: ahci
[   27.769124][    T1] scsi host21: ahci
[   27.781479][    T1] scsi host22: ahci
[   27.793107][    T1] scsi host23: ahci
[   27.807178][    T1] scsi host24: ahci
[   27.815259][    T1] scsi host25: ahci
[   27.824133][    T1] scsi host26: ahci
[   27.833006][    T1] scsi host27: ahci
[   27.841826][    T1] scsi host28: ahci
[   27.851960][    T1] scsi host29: ahci
[   27.861258][    T1] scsi host30: ahci
[   27.868548][    T1] scsi host31: ahci
[   27.875713][    T1] ata1: SATA max UDMA/133 abar m65536@0xfebb0000 port 0xfebb0100 irq 26 lpm-pol 1
[   27.881736][    T1] ata2: SATA max UDMA/133 abar m65536@0xfebb0000 port 0xfebb0180 irq 27 lpm-pol 1
[   27.890975][    T1] ata3: SATA max UDMA/133 abar m65536@0xfebb0000 port 0xfebb0200 irq 28 lpm-pol 1
[   27.898452][    T1] ata4: SATA max UDMA/133 abar m65536@0xfebb0000 port 0xfebb0280 irq 29 lpm-pol 1
[   27.905633][    T1] ata5: SATA max UDMA/133 abar m65536@0xfebb0000 port 0xfebb0300 irq 30 lpm-pol 1
[   27.912875][    T1] ata6: SATA max UDMA/133 abar m65536@0xfebb0000 port 0xfebb0380 irq 31 lpm-pol 1
[   27.921502][    T1] ata7: SATA max UDMA/133 abar m65536@0xfebb0000 port 0xfebb0400 irq 32 lpm-pol 1
[   27.928469][    T1] ata8: SATA max UDMA/133 abar m65536@0xfebb0000 port 0xfebb0480 irq 33 lpm-pol 1
[   27.935472][    T1] ata9: SATA max UDMA/133 abar m65536@0xfebb0000 port 0xfebb0500 irq 34 lpm-pol 1
[   27.942893][    T1] ata10: SATA max UDMA/133 abar m65536@0xfebb0000 port 0xfebb0580 irq 35 lpm-pol 1
[   27.949670][    T1] ata11: SATA max UDMA/133 abar m65536@0xfebb0000 port 0xfebb0600 irq 36 lpm-pol 1
[   27.955920][    T1] ata12: SATA max UDMA/133 abar m65536@0xfebb0000 port 0xfebb0680 irq 37 lpm-pol 1
[   27.962404][    T1] ata13: SATA max UDMA/133 abar m65536@0xfebb0000 port 0xfebb0700 irq 38 lpm-pol 1
[   27.969044][    T1] ata14: SATA max UDMA/133 abar m65536@0xfebb0000 port 0xfebb0780 irq 39 lpm-pol 1
[   27.975649][    T1] ata15: SATA max UDMA/133 abar m65536@0xfebb0000 port 0xfebb0800 irq 40 lpm-pol 1
[   27.982800][    T1] ata16: SATA max UDMA/133 abar m65536@0xfebb0000 port 0xfebb0880 irq 41 lpm-pol 1
[   27.990131][    T1] ata17: SATA max UDMA/133 abar m65536@0xfebb0000 port 0xfebb0900 irq 42 lpm-pol 1
[   27.997889][    T1] ata18: SATA max UDMA/133 abar m65536@0xfebb0000 port 0xfebb0980 irq 43 lpm-pol 1
[   28.005819][    T1] ata19: SATA max UDMA/133 abar m65536@0xfebb0000 port 0xfebb0a00 irq 44 lpm-pol 1
[   28.014452][    T1] ata20: SATA max UDMA/133 abar m65536@0xfebb0000 port 0xfebb0a80 irq 45 lpm-pol 1
[   28.020589][    T1] ata21: SATA max UDMA/133 abar m65536@0xfebb0000 port 0xfebb0b00 irq 46 lpm-pol 1
[   28.030379][    T1] ata22: SATA max UDMA/133 abar m65536@0xfebb0000 port 0xfebb0b80 irq 47 lpm-pol 1
[   28.039202][    T1] ata23: SATA max UDMA/133 abar m65536@0xfebb0000 port 0xfebb0c00 irq 48 lpm-pol 1
[   28.045255][    T1] ata24: SATA max UDMA/133 abar m65536@0xfebb0000 port 0xfebb0c80 irq 49 lpm-pol 1
[   28.052095][    T1] ata25: SATA max UDMA/133 abar m65536@0xfebb0000 port 0xfebb0d00 irq 50 lpm-pol 1
[   28.060038][    T1] ata26: SATA max UDMA/133 abar m65536@0xfebb0000 port 0xfebb0d80 irq 51 lpm-pol 1
[   28.066183][    T1] ata27: SATA max UDMA/133 abar m65536@0xfebb0000 port 0xfebb0e00 irq 52 lpm-pol 1
[   28.073706][    T1] ata28: SATA max UDMA/133 abar m65536@0xfebb0000 port 0xfebb0e80 irq 53 lpm-pol 1
[   28.080619][    T1] ata29: SATA max UDMA/133 abar m65536@0xfebb0000 port 0xfebb0f00 irq 54 lpm-pol 1
[   28.086971][    T1] ata30: SATA max UDMA/133 abar m65536@0xfebb0000 port 0xfebb0f80 irq 55 lpm-pol 1
[   28.092006][    T1] ata31: SATA max UDMA/133 abar m65536@0xfebb0000 port 0xfebb1000 irq 56 lpm-pol 1
[   28.097738][    T1] ata32: SATA max UDMA/133 abar m65536@0xfebb0000 port 0xfebb1080 irq 57 lpm-pol 1
[   28.131375][    T1] scsi host32: ata_piix
[   28.145657][    T1] scsi host33: ata_piix
[   28.152776][    T1] ata33: PATA max MWDMA2 cmd 0x1f0 ctl 0x3f6 bmdma 0xc0a0 irq 14 lpm-pol 0
[   28.161432][    T1] ata34: PATA max MWDMA2 cmd 0x170 ctl 0x376 bmdma 0xc0a8 irq 15 lpm-pol 0
[   28.177444][    T1] Rounding down aligned max_sectors from 4294967295 to 4294967288
[   28.185910][    T1] db_root: cannot open: /etc/target
[   28.191748][    T1] slram: not enough parameters.
[   28.211983][    T1] ftl_cs: FTL header not found.
[   28.261610][    T1] wireguard: WireGuard 1.0.0 loaded. See www.wireguard.com for information.
[   28.268464][    T1] wireguard: Copyright (C) 2015-2019 Jason A. Donenfeld <Jason@zx2c4.com>. All Rights Reserved.
[   28.277765][    T1] eql: Equalizer2002: Simon Janes (simon@ncm.com) and David S. Miller (davem@redhat.com)
[   28.297908][    T1] MACsec IEEE 802.1AE
[   28.319155][    T1] usbcore: registered new interface driver mvusb_mdio
[   28.326410][    T1] tun: Universal TUN/TAP device driver, 1.6
[   28.328120][ T1348] ata33: found unknown device (class 0)
[   28.336233][    T1] vcan: Virtual CAN interface driver
[   28.336411][    T1] vxcan: Virtual CAN Tunnel driver
[   28.336671][    T1] slcan: serial line CAN interface driver
[   28.346285][ T1366] ata34: found unknown device (class 0)
[   28.348185][    T1] CAN device driver interface
[   28.354734][ T1348] ata33.00: ATA-7: QEMU HARDDISK, 2.5+, max UDMA/100
[   28.357811][    T1] usbcore: registered new interface driver usb_8dev
[   28.359976][ T1348] ata33.00: 536870912 sectors, multi 16: LBA48 
[   28.365496][    T1] usbcore: registered new interface driver ems_usb
[   28.378861][ T1366] ata34.00: ATAPI: QEMU DVD-ROM, 2.5+, max UDMA/100
[   28.380209][    T1] usbcore: registered new interface driver esd_usb
[   28.392315][    T1] usbcore: registered new interface driver etas_es58x
[   28.399655][    T1] usbcore: registered new interface driver f81604
[   28.404572][    T1] usbcore: registered new interface driver gs_usb
[   28.410730][    T1] usbcore: registered new interface driver kvaser_usb
[   28.417423][    T1] usbcore: registered new interface driver mcba_usb
[   28.423549][    T1] usbcore: registered new interface driver peak_usb
[   28.430177][    T1] usbcore: registered new interface driver ucan
[   28.436012][    T1] e100: Intel(R) PRO/100 Network Driver
[   28.438936][ T1169] ata1: found unknown device (class 0)
[   28.440823][    T1] e100: Copyright(c) 1999-2006 Intel Corporation
[   28.441768][    T1] e1000: Intel(R) PRO/1000 Network Driver
[   28.448323][ T1169] ata1: SATA link up 3.0 Gbps (SStatus 123 SControl 300)
[   28.453256][    T1] e1000: Copyright (c) 1999-2006 Intel Corporation.
[   28.460974][ T1169] ata1: link online but 1 devices misclassified, retrying
[   28.475400][ T1169] ata1: reset failed (errno=-11), retrying in 10 secs
[   32.825798][    T1] ACPI: \_SB_.LNKB: Enabled at IRQ 11
[   33.547275][    T1] e1000 0000:00:06.0 eth0: (PCI:33MHz:32-bit) 52:54:00:12:34:56
[   33.551667][    T1] e1000 0000:00:06.0 eth0: Intel(R) PRO/1000 Network Connection
[   33.555580][    T1] e1000e: Intel(R) PRO/1000 Network Driver
[   33.558117][    T1] e1000e: Copyright(c) 1999 - 2015 Intel Corporation.
[   33.563035][    T1] mkiss: AX.25 Multikiss, Hans Albas PE1AYX
[   33.567022][    T1] AX.25: bpqether driver version 004
[   33.569694][    T1] PPP generic driver version 2.4.2
[   33.575079][    T1] PPP BSD Compression module registered
[   33.579809][    T1] PPP Deflate Compression module registered
[   33.586942][    T1] PPP MPPE Compression module registered
[   33.591285][    T1] NET: Registered PF_PPPOX protocol family
[   33.596369][    T1] PPTP driver version 0.8.5
[   33.601631][    T1] SLIP: version 0.8.4-NET3.019-NEWTTY (dynamic channels, max=256) (6 bit encapsulation enabled).
[   33.610333][    T1] CSLIP: code copyright 1989 Regents of the University of California.
[   33.615887][    T1] SLIP linefill/keepalive option.
[   33.619430][    T1] hdlc: HDLC support module revision 1.22
[   33.624277][    T1] LAPB Ethernet driver version 0.02
[   33.630976][    T1] usbcore: registered new interface driver ath9k_htc
[   33.638336][    T1] usbcore: registered new interface driver carl9170
[   33.645391][    T1] usbcore: registered new interface driver ath6kl_usb
[   33.651179][    T1] usbcore: registered new interface driver ar5523
[   33.658802][    T1] usbcore: registered new interface driver ath10k_usb
[   33.681943][    T1] usbcore: registered new interface driver plfxlc
[   33.688970][    T1] mac80211_hwsim: initializing netlink
[   33.739762][    T1] usbcore: registered new interface driver atusb
[   33.765538][    T1] mac802154_hwsim mac802154_hwsim: Added 2 mac802154 hwsim hardware radios
[   33.775250][    T1] VMware vmxnet3 virtual NIC driver - version 1.9.0.0-k-NAPI
[   33.782688][    T1] usbcore: registered new interface driver catc
[   33.788836][    T1] usbcore: registered new interface driver kaweth
[   33.794753][    T1] pegasus: Pegasus/Pegasus II USB Ethernet driver
[   33.801226][    T1] usbcore: registered new interface driver pegasus
[   33.808251][    T1] usbcore: registered new interface driver rtl8150
[   33.813337][    T1] usbcore: registered new device driver r8152-cfgselector
[   33.819959][    T1] usbcore: registered new interface driver r8152
[   33.829554][    T1] usbcore: registered new interface driver hso
[   33.834220][    T1] usbcore: registered new interface driver lan78xx
[   33.838766][    T1] usbcore: registered new interface driver asix
[   33.843950][    T1] usbcore: registered new interface driver ax88179_178a
[   33.848711][    T1] usbcore: registered new interface driver cdc_ether
[   33.853868][    T1] usbcore: registered new interface driver cdc_eem
[   33.858434][    T1] usbcore: registered new interface driver dm9601
[   33.864048][    T1] usbcore: registered new interface driver sr9700
[   33.868816][    T1] usbcore: registered new interface driver CoreChips
[   33.874009][    T1] usbcore: registered new interface driver smsc75xx
[   33.878993][    T1] usbcore: registered new interface driver smsc95xx
[   33.883860][    T1] usbcore: registered new interface driver gl620a
[   33.887914][    T1] usbcore: registered new interface driver net1080
[   33.892646][    T1] usbcore: registered new interface driver plusb
[   33.897916][    T1] usbcore: registered new interface driver rndis_host
[   33.902752][    T1] usbcore: registered new interface driver cdc_subset
[   33.907144][    T1] usbcore: registered new interface driver zaurus
[   33.912757][    T1] usbcore: registered new interface driver MOSCHIP usb-ethernet driver
[   33.921214][    T1] usbcore: registered new interface driver int51x1
[   33.925956][    T1] usbcore: registered new interface driver cdc_phonet
[   33.930772][    T1] usbcore: registered new interface driver kalmia
[   33.937192][    T1] usbcore: registered new interface driver ipheth
[   33.942272][    T1] usbcore: registered new interface driver sierra_net
[   33.948096][    T1] usbcore: registered new interface driver cx82310_eth
[   33.953834][    T1] usbcore: registered new interface driver cdc_ncm
[   33.958780][    T1] usbcore: registered new interface driver huawei_cdc_ncm
[   33.964122][    T1] usbcore: registered new interface driver lg-vl600
[   33.970011][    T1] usbcore: registered new interface driver qmi_wwan
[   33.975394][    T1] usbcore: registered new interface driver cdc_mbim
[   33.979864][    T1] usbcore: registered new interface driver ch9200
[   33.983703][    T1] usbcore: registered new interface driver aqc111
[   33.987767][    T1] usbcore: registered new interface driver r8153_ecm
[   33.996448][    T1] VFIO - User Level meta-driver version: 0.3
[   34.008964][    T1] aoe: AoE v85 initialised.
[   34.028715][    T1] usbcore: registered new interface driver cdc_acm
[   34.033006][    T1] cdc_acm: USB Abstract Control Model driver for USB modems and ISDN adapters
[   34.041434][    T1] usbcore: registered new interface driver usblp
[   34.046177][    T1] usbcore: registered new interface driver cdc_wdm
[   34.051561][    T1] usbcore: registered new interface driver usbtmc
[   34.062581][    T1] usbcore: registered new interface driver uas
[   34.070091][    T1] usbcore: registered new interface driver usb-storage
[   34.080507][    T1] usbcore: registered new interface driver ums-alauda
[   34.084898][    T1] usbcore: registered new interface driver ums-cypress
[   34.092463][    T1] usbcore: registered new interface driver ums-datafab
[   34.098642][    T1] usbcore: registered new interface driver ums_eneub6250
[   34.104387][    T1] usbcore: registered new interface driver ums-freecom
[   34.109267][    T1] usbcore: registered new interface driver ums-isd200
[   34.113964][    T1] usbcore: registered new interface driver ums-jumpshot
[   34.119611][    T1] usbcore: registered new interface driver ums-karma
[   34.125733][    T1] usbcore: registered new interface driver ums-onetouch
[   34.131380][    T1] usbcore: registered new interface driver ums-realtek
[   34.137242][    T1] usbcore: registered new interface driver ums-sddr09
[   34.142315][    T1] usbcore: registered new interface driver ums-sddr55
[   34.147172][    T1] usbcore: registered new interface driver ums-usbat
[   34.153144][    T1] usbcore: registered new interface driver mdc800
[   34.158539][    T1] mdc800: v0.7.5 (30/10/2000):USB Driver for Mustek MDC800 Digital Camera
[   34.175354][    T1] usbcore: registered new interface driver microtekX6
[   34.183549][    T1] usbcore: registered new interface driver usbserial_generic
[   34.192770][    T1] usbserial: USB Serial support registered for generic
[   34.201389][    T1] usbcore: registered new interface driver aircable
[   34.208319][    T1] usbserial: USB Serial support registered for aircable
[   34.214541][    T1] usbcore: registered new interface driver ark3116
[   34.220385][    T1] usbserial: USB Serial support registered for ark3116
[   34.228016][    T1] usbcore: registered new interface driver belkin_sa
[   34.233934][    T1] usbserial: USB Serial support registered for Belkin / Peracom / GoHubs USB Serial Adapter
[   34.244627][    T1] usbcore: registered new interface driver ch341
[   34.250611][    T1] usbserial: USB Serial support registered for ch341-uart
[   34.256858][    T1] usbcore: registered new interface driver cp210x
[   34.261850][    T1] usbserial: USB Serial support registered for cp210x
[   34.269616][    T1] usbcore: registered new interface driver cyberjack
[   34.275066][    T1] usbserial: USB Serial support registered for Reiner SCT Cyberjack USB card reader
[   34.282494][    T1] usbcore: registered new interface driver cypress_m8
[   34.288379][    T1] usbserial: USB Serial support registered for DeLorme Earthmate USB
[   34.294553][    T1] usbserial: USB Serial support registered for HID->COM RS232 Adapter
[   34.301018][    T1] usbserial: USB Serial support registered for Nokia CA-42 V2 Adapter
[   34.308867][    T1] usbcore: registered new interface driver usb_debug
[   34.317511][    T1] usbserial: USB Serial support registered for debug
[   34.323042][    T1] usbserial: USB Serial support registered for xhci_dbc
[   34.328720][    T1] usbcore: registered new interface driver digi_acceleport
[   34.339503][    T1] usbserial: USB Serial support registered for Digi 2 port USB adapter
[   34.346619][    T1] usbserial: USB Serial support registered for Digi 4 port USB adapter
[   34.361138][    T1] usbcore: registered new interface driver io_edgeport
[   34.370415][    T1] usbserial: USB Serial support registered for Edgeport 2 port adapter
[   34.381945][    T1] usbserial: USB Serial support registered for Edgeport 4 port adapter
[   34.399956][    T1] usbserial: USB Serial support registered for Edgeport 8 port adapter
[   34.407844][    T1] usbserial: USB Serial support registered for EPiC device
[   34.414349][    T1] usbcore: registered new interface driver io_ti
[   34.426884][    T1] usbserial: USB Serial support registered for Edgeport TI 1 port adapter
[   34.437669][    T1] usbserial: USB Serial support registered for Edgeport TI 2 port adapter
[   34.447160][    T1] usbcore: registered new interface driver empeg
[   34.453030][    T1] usbserial: USB Serial support registered for empeg
[   34.460569][    T1] usbcore: registered new interface driver f81534a_ctrl
[   34.467891][    T1] usbcore: registered new interface driver f81232
[   34.475843][    T1] usbserial: USB Serial support registered for f81232
[   34.480814][    T1] usbserial: USB Serial support registered for f81534a
[   34.487077][    T1] usbcore: registered new interface driver f81534
[   34.491457][    T1] usbserial: USB Serial support registered for Fintek F81532/F81534
[   34.497452][    T1] usbcore: registered new interface driver ftdi_sio
[   34.502449][    T1] usbserial: USB Serial support registered for FTDI USB Serial Device
[   34.510194][    T1] usbcore: registered new interface driver garmin_gps
[   34.516204][    T1] usbserial: USB Serial support registered for Garmin GPS usb/tty
[   34.522157][    T1] usbcore: registered new interface driver ipaq
[   34.528711][    T1] usbserial: USB Serial support registered for PocketPC PDA
[   34.534796][    T1] usbcore: registered new interface driver ipw
[   34.541484][    T1] usbserial: USB Serial support registered for IPWireless converter
[   34.550272][    T1] usbcore: registered new interface driver ir_usb
[   34.555434][    T1] usbserial: USB Serial support registered for IR Dongle
[   34.562067][    T1] usbcore: registered new interface driver iuu_phoenix
[   34.567499][    T1] usbserial: USB Serial support registered for iuu_phoenix
[   34.574796][    T1] usbcore: registered new interface driver keyspan
[   34.579461][    T1] usbserial: USB Serial support registered for Keyspan - (without firmware)
[   34.585692][    T1] usbserial: USB Serial support registered for Keyspan 1 port adapter
[   34.592920][    T1] usbserial: USB Serial support registered for Keyspan 2 port adapter
[   34.605410][    T1] usbserial: USB Serial support registered for Keyspan 4 port adapter
[   34.610957][    T1] usbcore: registered new interface driver keyspan_pda
[   34.615797][    T1] usbserial: USB Serial support registered for Keyspan PDA
[   34.620723][    T1] usbserial: USB Serial support registered for Keyspan PDA - (prerenumeration)
[   34.628181][    T1] usbcore: registered new interface driver kl5kusb105
[   34.632507][    T1] usbserial: USB Serial support registered for KL5KUSB105D / PalmConnect
[   34.639477][    T1] usbcore: registered new interface driver kobil_sct
[   34.645673][    T1] usbserial: USB Serial support registered for KOBIL USB smart card terminal
[   34.652900][    T1] usbcore: registered new interface driver mct_u232
[   34.661144][    T1] usbserial: USB Serial support registered for MCT U232
[   34.668691][    T1] usbcore: registered new interface driver metro_usb
[   34.680300][    T1] usbserial: USB Serial support registered for Metrologic USB to Serial
[   34.687959][    T1] usbcore: registered new interface driver mos7720
[   34.693031][    T1] usbserial: USB Serial support registered for Moschip 2 port adapter
[   34.699479][    T1] usbcore: registered new interface driver mos7840
[   34.704758][    T1] usbserial: USB Serial support registered for Moschip 7840/7820 USB Serial Driver
[   34.711773][    T1] usbcore: registered new interface driver mxuport
[   34.716996][    T1] usbserial: USB Serial support registered for MOXA UPort
[   34.722141][    T1] usbcore: registered new interface driver navman
[   34.726891][    T1] usbserial: USB Serial support registered for navman
[   34.732244][    T1] usbcore: registered new interface driver omninet
[   34.736768][    T1] usbserial: USB Serial support registered for ZyXEL - omni.net usb
[   34.741951][    T1] usbcore: registered new interface driver opticon
[   34.746655][    T1] usbserial: USB Serial support registered for opticon
[   34.751348][    T1] usbcore: registered new interface driver option
[   34.756057][    T1] usbserial: USB Serial support registered for GSM modem (1-port)
[   34.763789][    T1] usbcore: registered new interface driver oti6858
[   34.768583][    T1] usbserial: USB Serial support registered for oti6858
[   34.774340][    T1] usbcore: registered new interface driver pl2303
[   34.779280][    T1] usbserial: USB Serial support registered for pl2303
[   34.784714][    T1] usbcore: registered new interface driver qcaux
[   34.789150][    T1] usbserial: USB Serial support registered for qcaux
[   34.795001][    T1] usbcore: registered new interface driver qcserial
[   34.800948][    T1] usbserial: USB Serial support registered for Qualcomm USB modem
[   34.807547][    T1] usbcore: registered new interface driver quatech2
[   34.812037][    T1] usbserial: USB Serial support registered for Quatech 2nd gen USB to Serial Driver
[   34.824122][    T1] usbcore: registered new interface driver safe_serial
[   34.828987][    T1] usbserial: USB Serial support registered for safe_serial
[   34.834418][    T1] usbcore: registered new interface driver sierra
[   34.840181][    T1] usbserial: USB Serial support registered for Sierra USB modem
[   34.846289][    T1] usbcore: registered new interface driver usb_serial_simple
[   34.852286][    T1] usbserial: USB Serial support registered for carelink
[   34.857703][    T1] usbserial: USB Serial support registered for flashloader
[   34.862471][    T1] usbserial: USB Serial support registered for funsoft
[   34.867996][    T1] usbserial: USB Serial support registered for google
[   34.872298][    T1] usbserial: USB Serial support registered for hp4x
[   34.876431][    T1] usbserial: USB Serial support registered for kaufmann
[   34.881087][    T1] usbserial: USB Serial support registered for libtransistor
[   34.887969][    T1] usbserial: USB Serial support registered for moto_modem
[   34.895121][    T1] usbserial: USB Serial support registered for motorola_tetra
[   34.900953][    T1] usbserial: USB Serial support registered for nokia
[   34.906305][    T1] usbserial: USB Serial support registered for novatel_gps
[   34.912477][    T1] usbserial: USB Serial support registered for owon
[   34.919003][    T1] usbserial: USB Serial support registered for siemens_mpi
[   34.925509][    T1] usbserial: USB Serial support registered for suunto
[   34.930945][    T1] usbserial: USB Serial support registered for vivopay
[   34.936933][    T1] usbserial: USB Serial support registered for zio
[   34.941646][    T1] usbcore: registered new interface driver spcp8x5
[   34.947575][    T1] usbserial: USB Serial support registered for SPCP8x5
[   34.953592][    T1] usbcore: registered new interface driver ssu100
[   34.959255][    T1] usbserial: USB Serial support registered for Quatech SSU-100 USB to Serial Driver
[   34.968528][    T1] usbcore: registered new interface driver symbolserial
[   34.977511][    T1] usbserial: USB Serial support registered for symbol
[   34.984108][    T1] usbcore: registered new interface driver ti_usb_3410_5052
[   34.990665][    T1] usbserial: USB Serial support registered for TI USB 3410 1 port adapter
[   34.997464][    T1] usbserial: USB Serial support registered for TI USB 5052 2 port adapter
[   35.004186][    T1] usbcore: registered new interface driver upd78f0730
[   35.010063][    T1] usbserial: USB Serial support registered for upd78f0730
[   35.015478][    T1] usbcore: registered new interface driver visor
[   35.019957][    T1] usbserial: USB Serial support registered for Handspring Visor / Palm OS
[   35.026158][    T1] usbserial: USB Serial support registered for Sony Clie 5.0
[   35.032052][    T1] usbserial: USB Serial support registered for Sony Clie 3.5
[   35.040642][    T1] usbcore: registered new interface driver wishbone_serial
[   35.046163][    T1] usbserial: USB Serial support registered for wishbone_serial
[   35.052859][    T1] usbcore: registered new interface driver whiteheat
[   35.058303][    T1] usbserial: USB Serial support registered for Connect Tech - WhiteHEAT - (prerenumeration)
[   35.066555][    T1] usbserial: USB Serial support registered for Connect Tech - WhiteHEAT
[   35.071769][    T1] usbcore: registered new interface driver xr_serial
[   35.075857][    T1] usbserial: USB Serial support registered for xr_serial
[   35.080528][    T1] usbcore: registered new interface driver xsens_mt
[   35.085183][    T1] usbserial: USB Serial support registered for xsens_mt
[   35.089443][    T1] usbcore: registered new interface driver adutux
[   35.094771][    T1] usbcore: registered new interface driver appledisplay
[   35.100297][    T1] usbcore: registered new interface driver cypress_cy7c63
[   35.106141][    T1] usbcore: registered new interface driver cytherm
[   35.111706][    T1] usbcore: registered new interface driver emi26 - firmware loader
[   35.117331][    T1] usbcore: registered new interface driver emi62 - firmware loader
[   35.122050][    T1] usbcore: registered new device driver apple-mfi-fastcharge
[   35.127748][    T1] usbcore: registered new interface driver ljca
[   35.131315][    T1] usbcore: registered new interface driver idmouse
[   35.136781][    T1] usbcore: registered new interface driver iowarrior
[   35.140990][    T1] usbcore: registered new interface driver isight_firmware
[   35.150167][    T1] usbcore: registered new interface driver usblcd
[   35.155543][    T1] usbcore: registered new interface driver ldusb
[   35.160893][    T1] usbcore: registered new interface driver legousbtower
[   35.167230][    T1] usbcore: registered new interface driver usbtest
[   35.172827][    T1] usbcore: registered new interface driver usb_ehset_test
[   35.181430][    T1] usbcore: registered new interface driver trancevibrator
[   35.188127][    T1] usbcore: registered new interface driver uss720
[   35.193127][    T1] uss720: USB Parport Cable driver for Cables using the Lucent Technologies USS720 Chip
[   35.200163][    T1] uss720: NOTE: this is a special purpose driver to allow nonstandard
[   35.204866][    T1] uss720: protocols (eg. bitbang) over USS720 usb to parallel cables
[   35.210516][    T1] uss720: If you just want to connect to a printer, use usblp instead
[   35.216154][    T1] usbcore: registered new interface driver usbsevseg
[   35.221337][    T1] usbcore: registered new interface driver yurex
[   35.226891][    T1] usbcore: registered new interface driver chaoskey
[   35.231470][    T1] usbcore: registered new interface driver sisusb
[   35.239339][    T1] usbcore: registered new interface driver lvs
[   35.243676][    T1] usbcore: registered new interface driver cxacru
[   35.248844][    T1] usbcore: registered new interface driver speedtch
[   35.254403][    T1] usbcore: registered new interface driver ueagle-atm
[   35.260443][    T1] xusbatm: malformed module parameters
[   35.278795][    T1] dummy_hcd dummy_hcd.0: USB Host+Gadget Emulator, driver 02 May 2005
[   35.286367][    T1] dummy_hcd dummy_hcd.0: Dummy host controller
[   35.295166][    T1] dummy_hcd dummy_hcd.0: new USB bus registered, assigned bus number 1
[   35.305709][    T1] usb usb1: New USB device found, idVendor=1d6b, idProduct=0002, bcdDevice= 6.18
[   35.312742][    T1] usb usb1: New USB device strings: Mfr=3, Product=2, SerialNumber=1
[   35.318524][    T1] usb usb1: Product: Dummy host controller
[   35.322892][    T1] usb usb1: Manufacturer: Linux 6.18.0 dummy_hcd
[   35.327858][    T1] usb usb1: SerialNumber: dummy_hcd.0
[   35.338889][    T1] hub 1-0:1.0: USB hub found
[   35.343703][    T1] hub 1-0:1.0: 1 port detected
[   35.355707][    T1] dummy_hcd dummy_hcd.1: USB Host+Gadget Emulator, driver 02 May 2005
[   35.368173][    T1] dummy_hcd dummy_hcd.1: Dummy host controller
[   35.374588][    T1] dummy_hcd dummy_hcd.1: new USB bus registered, assigned bus number 2
[   35.383706][    T1] usb usb2: New USB device found, idVendor=1d6b, idProduct=0002, bcdDevice= 6.18
[   35.391526][    T1] usb usb2: New USB device strings: Mfr=3, Product=2, SerialNumber=1
[   35.400366][    T1] usb usb2: Product: Dummy host controller
[   35.406284][    T1] usb usb2: Manufacturer: Linux 6.18.0 dummy_hcd
[   35.411778][    T1] usb usb2: SerialNumber: dummy_hcd.1
[   35.424605][    T1] hub 2-0:1.0: USB hub found
[   35.429041][    T1] hub 2-0:1.0: 1 port detected
[   35.438385][    T1] dummy_hcd dummy_hcd.2: USB Host+Gadget Emulator, driver 02 May 2005
[   35.444062][    T1] dummy_hcd dummy_hcd.2: Dummy host controller
[   35.450788][    T1] dummy_hcd dummy_hcd.2: new USB bus registered, assigned bus number 3
[   35.462441][    T1] usb usb3: New USB device found, idVendor=1d6b, idProduct=0002, bcdDevice= 6.18
[   35.470372][    T1] usb usb3: New USB device strings: Mfr=3, Product=2, SerialNumber=1
[   35.476823][    T1] usb usb3: Product: Dummy host controller
[   35.482675][    T1] usb usb3: Manufacturer: Linux 6.18.0 dummy_hcd
[   35.487820][    T1] usb usb3: SerialNumber: dummy_hcd.2
[   35.498555][    T1] hub 3-0:1.0: USB hub found
[   35.504638][    T1] hub 3-0:1.0: 1 port detected
[   35.511658][    T1] dummy_hcd dummy_hcd.3: USB Host+Gadget Emulator, driver 02 May 2005
[   35.519572][    T1] dummy_hcd dummy_hcd.3: Dummy host controller
[   35.529052][    T1] dummy_hcd dummy_hcd.3: new USB bus registered, assigned bus number 4
[   35.538066][    T1] usb usb4: New USB device found, idVendor=1d6b, idProduct=0002, bcdDevice= 6.18
[   35.545064][    T1] usb usb4: New USB device strings: Mfr=3, Product=2, SerialNumber=1
[   35.550431][    T1] usb usb4: Product: Dummy host controller
[   35.554469][    T1] usb usb4: Manufacturer: Linux 6.18.0 dummy_hcd
[   35.560148][    T1] usb usb4: SerialNumber: dummy_hcd.3
[   35.576853][    T1] hub 4-0:1.0: USB hub found
[   35.580774][    T1] hub 4-0:1.0: 1 port detected
[   35.589560][    T1] dummy_hcd dummy_hcd.4: USB Host+Gadget Emulator, driver 02 May 2005
[   35.595262][    T1] dummy_hcd dummy_hcd.4: Dummy host controller
[   35.601100][    T1] dummy_hcd dummy_hcd.4: new USB bus registered, assigned bus number 5
[   35.608492][    T1] usb usb5: New USB device found, idVendor=1d6b, idProduct=0002, bcdDevice= 6.18
[   35.615257][    T1] usb usb5: New USB device strings: Mfr=3, Product=2, SerialNumber=1
[   35.620866][    T1] usb usb5: Product: Dummy host controller
[   35.624899][    T1] usb usb5: Manufacturer: Linux 6.18.0 dummy_hcd
[   35.628778][    T1] usb usb5: SerialNumber: dummy_hcd.4
[   35.637127][    T1] hub 5-0:1.0: USB hub found
[   35.640613][    T1] hub 5-0:1.0: 1 port detected
[   35.648644][    T1] dummy_hcd dummy_hcd.5: USB Host+Gadget Emulator, driver 02 May 2005
[   35.654782][    T1] dummy_hcd dummy_hcd.5: Dummy host controller
[   35.660160][    T1] dummy_hcd dummy_hcd.5: new USB bus registered, assigned bus number 6
[   35.667317][    T1] usb usb6: New USB device found, idVendor=1d6b, idProduct=0002, bcdDevice= 6.18
[   35.673901][    T1] usb usb6: New USB device strings: Mfr=3, Product=2, SerialNumber=1
[   35.680141][    T1] usb usb6: Product: Dummy host controller
[   35.683983][    T1] usb usb6: Manufacturer: Linux 6.18.0 dummy_hcd
[   35.687962][    T1] usb usb6: SerialNumber: dummy_hcd.5
[   35.694186][    T1] hub 6-0:1.0: USB hub found
[   35.697601][    T1] hub 6-0:1.0: 1 port detected
[   35.703032][    T1] dummy_hcd dummy_hcd.6: USB Host+Gadget Emulator, driver 02 May 2005
[   35.708085][    T1] dummy_hcd dummy_hcd.6: Dummy host controller
[   35.712307][    T1] dummy_hcd dummy_hcd.6: new USB bus registered, assigned bus number 7
[   35.717465][    T1] usb usb7: New USB device found, idVendor=1d6b, idProduct=0002, bcdDevice= 6.18
[   35.722998][    T1] usb usb7: New USB device strings: Mfr=3, Product=2, SerialNumber=1
[   35.728188][    T1] usb usb7: Product: Dummy host controller
[   35.731890][    T1] usb usb7: Manufacturer: Linux 6.18.0 dummy_hcd
[   35.735659][    T1] usb usb7: SerialNumber: dummy_hcd.6
[   35.742068][    T1] hub 7-0:1.0: USB hub found
[   35.745067][    T1] hub 7-0:1.0: 1 port detected
[   35.751302][    T1] dummy_hcd dummy_hcd.7: USB Host+Gadget Emulator, driver 02 May 2005
[   35.756177][    T1] dummy_hcd dummy_hcd.7: Dummy host controller
[   35.761480][    T1] dummy_hcd dummy_hcd.7: new USB bus registered, assigned bus number 8
[   35.768104][    T1] usb usb8: New USB device found, idVendor=1d6b, idProduct=0002, bcdDevice= 6.18
[   35.773732][    T1] usb usb8: New USB device strings: Mfr=3, Product=2, SerialNumber=1
[   35.779174][    T1] usb usb8: Product: Dummy host controller
[   35.783616][    T1] usb usb8: Manufacturer: Linux 6.18.0 dummy_hcd
[   35.787452][    T1] usb usb8: SerialNumber: dummy_hcd.7
[   35.793847][    T1] hub 8-0:1.0: USB hub found
[   35.797091][    T1] hub 8-0:1.0: 1 port detected
[   35.808648][    T1] dummy_hcd dummy_hcd.8: USB Host+Gadget Emulator, driver 02 May 2005
[   35.813920][    T1] dummy_hcd dummy_hcd.8: Dummy host controller
[   35.819519][    T1] dummy_hcd dummy_hcd.8: new USB bus registered, assigned bus number 9
[   35.825398][    T1] usb usb9: New USB device found, idVendor=1d6b, idProduct=0002, bcdDevice= 6.18
[   35.830769][    T1] usb usb9: New USB device strings: Mfr=3, Product=2, SerialNumber=1
[   35.836229][    T1] usb usb9: Product: Dummy host controller
[   35.839938][    T1] usb usb9: Manufacturer: Linux 6.18.0 dummy_hcd
[   35.843939][    T1] usb usb9: SerialNumber: dummy_hcd.8
[   35.851666][    T1] hub 9-0:1.0: USB hub found
[   35.855483][    T1] hub 9-0:1.0: 1 port detected
[   35.862394][    T1] dummy_hcd dummy_hcd.9: USB Host+Gadget Emulator, driver 02 May 2005
[   35.867080][    T1] dummy_hcd dummy_hcd.9: Dummy host controller
[   35.871393][    T1] dummy_hcd dummy_hcd.9: new USB bus registered, assigned bus number 10
[   35.876980][    T1] usb usb10: New USB device found, idVendor=1d6b, idProduct=0002, bcdDevice= 6.18
[   35.882590][    T1] usb usb10: New USB device strings: Mfr=3, Product=2, SerialNumber=1
[   35.888932][    T1] usb usb10: Product: Dummy host controller
[   35.893651][    T1] usb usb10: Manufacturer: Linux 6.18.0 dummy_hcd
[   35.898873][    T1] usb usb10: SerialNumber: dummy_hcd.9
[   35.907825][    T1] hub 10-0:1.0: USB hub found
[   35.911823][    T1] hub 10-0:1.0: 1 port detected
[   35.924117][    T1] dummy_hcd dummy_hcd.10: USB Host+Gadget Emulator, driver 02 May 2005
[   35.936333][    T1] dummy_hcd dummy_hcd.10: Dummy host controller
[   35.943716][    T1] dummy_hcd dummy_hcd.10: new USB bus registered, assigned bus number 11
[   35.951695][    T1] usb usb11: New USB device found, idVendor=1d6b, idProduct=0002, bcdDevice= 6.18
[   35.959026][    T1] usb usb11: New USB device strings: Mfr=3, Product=2, SerialNumber=1
[   35.964826][    T1] usb usb11: Product: Dummy host controller
[   35.970465][    T1] usb usb11: Manufacturer: Linux 6.18.0 dummy_hcd
[   35.975828][    T1] usb usb11: SerialNumber: dummy_hcd.10
[   35.984716][    T1] hub 11-0:1.0: USB hub found
[   35.987956][    T1] hub 11-0:1.0: 1 port detected
[   35.997097][    T1] dummy_hcd dummy_hcd.11: USB Host+Gadget Emulator, driver 02 May 2005
[   36.003676][    T1] dummy_hcd dummy_hcd.11: Dummy host controller
[   36.014843][    T1] dummy_hcd dummy_hcd.11: new USB bus registered, assigned bus number 12
[   36.022336][    T1] usb usb12: New USB device found, idVendor=1d6b, idProduct=0002, bcdDevice= 6.18
[   36.029192][    T1] usb usb12: New USB device strings: Mfr=3, Product=2, SerialNumber=1
[   36.036155][    T1] usb usb12: Product: Dummy host controller
[   36.041173][    T1] usb usb12: Manufacturer: Linux 6.18.0 dummy_hcd
[   36.046153][    T1] usb usb12: SerialNumber: dummy_hcd.11
[   36.052903][    T1] hub 12-0:1.0: USB hub found
[   36.056573][    T1] hub 12-0:1.0: 1 port detected
[   36.065048][    T1] dummy_hcd dummy_hcd.12: USB Host+Gadget Emulator, driver 02 May 2005
[   36.071005][    T1] dummy_hcd dummy_hcd.12: Dummy host controller
[   36.077959][    T1] dummy_hcd dummy_hcd.12: new USB bus registered, assigned bus number 13
[   36.086512][    T1] usb usb13: New USB device found, idVendor=1d6b, idProduct=0002, bcdDevice= 6.18
[   36.092623][    T1] usb usb13: New USB device strings: Mfr=3, Product=2, SerialNumber=1
[   36.099586][    T1] usb usb13: Product: Dummy host controller
[   36.104127][    T1] usb usb13: Manufacturer: Linux 6.18.0 dummy_hcd
[   36.109160][    T1] usb usb13: SerialNumber: dummy_hcd.12
[   36.118542][    T1] hub 13-0:1.0: USB hub found
[   36.122719][    T1] hub 13-0:1.0: 1 port detected
[   36.131938][    T1] dummy_hcd dummy_hcd.13: USB Host+Gadget Emulator, driver 02 May 2005
[   36.138084][    T1] dummy_hcd dummy_hcd.13: Dummy host controller
[   36.145099][    T1] dummy_hcd dummy_hcd.13: new USB bus registered, assigned bus number 14
[   36.153853][    T1] usb usb14: New USB device found, idVendor=1d6b, idProduct=0002, bcdDevice= 6.18
[   36.160524][    T1] usb usb14: New USB device strings: Mfr=3, Product=2, SerialNumber=1
[   36.167908][    T1] usb usb14: Product: Dummy host controller
[   36.173202][    T1] usb usb14: Manufacturer: Linux 6.18.0 dummy_hcd
[   36.178171][    T1] usb usb14: SerialNumber: dummy_hcd.13
[   36.186077][    T1] hub 14-0:1.0: USB hub found
[   36.190326][    T1] hub 14-0:1.0: 1 port detected
[   36.199283][    T1] dummy_hcd dummy_hcd.14: USB Host+Gadget Emulator, driver 02 May 2005
[   36.206817][    T1] dummy_hcd dummy_hcd.14: Dummy host controller
[   36.215600][    T1] dummy_hcd dummy_hcd.14: new USB bus registered, assigned bus number 15
[   36.225164][    T1] usb usb15: New USB device found, idVendor=1d6b, idProduct=0002, bcdDevice= 6.18
[   36.232516][    T1] usb usb15: New USB device strings: Mfr=3, Product=2, SerialNumber=1
[   36.239335][    T1] usb usb15: Product: Dummy host controller
[   36.243847][    T1] usb usb15: Manufacturer: Linux 6.18.0 dummy_hcd
[   36.250729][    T1] usb usb15: SerialNumber: dummy_hcd.14
[   36.263097][    T1] hub 15-0:1.0: USB hub found
[   36.270487][    T1] hub 15-0:1.0: 1 port detected
[   36.283746][    T1] dummy_hcd dummy_hcd.15: USB Host+Gadget Emulator, driver 02 May 2005
[   36.291552][    T1] dummy_hcd dummy_hcd.15: Dummy host controller
[   36.301292][    T1] dummy_hcd dummy_hcd.15: new USB bus registered, assigned bus number 16
[   36.311256][    T1] usb usb16: New USB device found, idVendor=1d6b, idProduct=0002, bcdDevice= 6.18
[   36.319174][    T1] usb usb16: New USB device strings: Mfr=3, Product=2, SerialNumber=1
[   36.326235][    T1] usb usb16: Product: Dummy host controller
[   36.331412][    T1] usb usb16: Manufacturer: Linux 6.18.0 dummy_hcd
[   36.336574][    T1] usb usb16: SerialNumber: dummy_hcd.15
[   36.346251][    T1] hub 16-0:1.0: USB hub found
[   36.350416][    T1] hub 16-0:1.0: 1 port detected
[   36.359264][    T1] dummy_hcd dummy_hcd.16: USB Host+Gadget Emulator, driver 02 May 2005
[   36.366982][    T1] dummy_hcd dummy_hcd.16: Dummy host controller
[   36.372494][    T1] dummy_hcd dummy_hcd.16: new USB bus registered, assigned bus number 17
[   36.382145][    T1] usb usb17: New USB device found, idVendor=1d6b, idProduct=0002, bcdDevice= 6.18
[   36.389977][    T1] usb usb17: New USB device strings: Mfr=3, Product=2, SerialNumber=1
[   36.396955][    T1] usb usb17: Product: Dummy host controller
[   36.403911][    T1] usb usb17: Manufacturer: Linux 6.18.0 dummy_hcd
[   36.408875][    T1] usb usb17: SerialNumber: dummy_hcd.16
[   36.418451][    T1] hub 17-0:1.0: USB hub found
[   36.422453][    T1] hub 17-0:1.0: 1 port detected
[   36.430701][    T1] dummy_hcd dummy_hcd.17: USB Host+Gadget Emulator, driver 02 May 2005
[   36.436771][    T1] dummy_hcd dummy_hcd.17: Dummy host controller
[   36.442042][    T1] dummy_hcd dummy_hcd.17: new USB bus registered, assigned bus number 18
[   36.452831][    T1] usb usb18: New USB device found, idVendor=1d6b, idProduct=0002, bcdDevice= 6.18
[   36.458246][    T1] usb usb18: New USB device strings: Mfr=3, Product=2, SerialNumber=1
[   36.467262][    T1] usb usb18: Product: Dummy host controller
[   36.471814][    T1] usb usb18: Manufacturer: Linux 6.18.0 dummy_hcd
[   36.476115][    T1] usb usb18: SerialNumber: dummy_hcd.17
[   36.489093][    T1] hub 18-0:1.0: USB hub found
[   36.493601][    T1] hub 18-0:1.0: 1 port detected
[   36.505697][    T1] dummy_hcd dummy_hcd.18: USB Host+Gadget Emulator, driver 02 May 2005
[   36.511281][    T1] dummy_hcd dummy_hcd.18: Dummy host controller
[   36.517016][    T1] dummy_hcd dummy_hcd.18: new USB bus registered, assigned bus number 19
[   36.523110][    T1] usb usb19: New USB device found, idVendor=1d6b, idProduct=0002, bcdDevice= 6.18
[   36.529196][    T1] usb usb19: New USB device strings: Mfr=3, Product=2, SerialNumber=1
[   36.534819][    T1] usb usb19: Product: Dummy host controller
[   36.538410][    T1] usb usb19: Manufacturer: Linux 6.18.0 dummy_hcd
[   36.542387][    T1] usb usb19: SerialNumber: dummy_hcd.18
[   36.549578][    T1] hub 19-0:1.0: USB hub found
[   36.552363][    T1] hub 19-0:1.0: 1 port detected
[   36.560809][    T1] dummy_hcd dummy_hcd.19: USB Host+Gadget Emulator, driver 02 May 2005
[   36.566241][    T1] dummy_hcd dummy_hcd.19: Dummy host controller
[   36.572592][    T1] dummy_hcd dummy_hcd.19: new USB bus registered, assigned bus number 20
[   36.579937][    T1] usb usb20: New USB device found, idVendor=1d6b, idProduct=0002, bcdDevice= 6.18
[   36.589084][    T1] usb usb20: New USB device strings: Mfr=3, Product=2, SerialNumber=1
[   36.596028][    T1] usb usb20: Product: Dummy host controller
[   36.602726][    T1] usb usb20: Manufacturer: Linux 6.18.0 dummy_hcd
[   36.607073][    T1] usb usb20: SerialNumber: dummy_hcd.19
[   36.616301][    T1] hub 20-0:1.0: USB hub found
[   36.620129][    T1] hub 20-0:1.0: 1 port detected
[   36.628949][    T1] dummy_hcd dummy_hcd.20: USB Host+Gadget Emulator, driver 02 May 2005
[   36.635468][    T1] dummy_hcd dummy_hcd.20: Dummy host controller
[   36.641569][    T1] dummy_hcd dummy_hcd.20: new USB bus registered, assigned bus number 21
[   36.650486][    T1] usb usb21: New USB device found, idVendor=1d6b, idProduct=0002, bcdDevice= 6.18
[   36.657900][    T1] usb usb21: New USB device strings: Mfr=3, Product=2, SerialNumber=1
[   36.664151][    T1] usb usb21: Product: Dummy host controller
[   36.668203][    T1] usb usb21: Manufacturer: Linux 6.18.0 dummy_hcd
[   36.671691][    T1] usb usb21: SerialNumber: dummy_hcd.20
[   36.679449][    T1] hub 21-0:1.0: USB hub found
[   36.682535][    T1] hub 21-0:1.0: 1 port detected
[   36.689949][    T1] dummy_hcd dummy_hcd.21: USB Host+Gadget Emulator, driver 02 May 2005
[   36.697064][    T1] dummy_hcd dummy_hcd.21: Dummy host controller
[   36.704294][    T1] dummy_hcd dummy_hcd.21: new USB bus registered, assigned bus number 22
[   36.713117][    T1] usb usb22: New USB device found, idVendor=1d6b, idProduct=0002, bcdDevice= 6.18
[   36.720567][    T1] usb usb22: New USB device strings: Mfr=3, Product=2, SerialNumber=1
[   36.727782][    T1] usb usb22: Product: Dummy host controller
[   36.732758][    T1] usb usb22: Manufacturer: Linux 6.18.0 dummy_hcd
[   36.738179][    T1] usb usb22: SerialNumber: dummy_hcd.21
[   36.747985][    T1] hub 22-0:1.0: USB hub found
[   36.755210][    T1] hub 22-0:1.0: 1 port detected
[   36.763989][    T1] dummy_hcd dummy_hcd.22: USB Host+Gadget Emulator, driver 02 May 2005
[   36.772592][    T1] dummy_hcd dummy_hcd.22: Dummy host controller
[   36.780166][    T1] dummy_hcd dummy_hcd.22: new USB bus registered, assigned bus number 23
[   36.792506][    T1] usb usb23: New USB device found, idVendor=1d6b, idProduct=0002, bcdDevice= 6.18
[   36.798135][    T1] usb usb23: New USB device strings: Mfr=3, Product=2, SerialNumber=1
[   36.804734][    T1] usb usb23: Product: Dummy host controller
[   36.809092][    T1] usb usb23: Manufacturer: Linux 6.18.0 dummy_hcd
[   36.813835][    T1] usb usb23: SerialNumber: dummy_hcd.22
[   36.822684][    T1] hub 23-0:1.0: USB hub found
[   36.827001][    T1] hub 23-0:1.0: 1 port detected
[   36.835298][    T1] dummy_hcd dummy_hcd.23: USB Host+Gadget Emulator, driver 02 May 2005
[   36.840720][    T1] dummy_hcd dummy_hcd.23: Dummy host controller
[   36.846060][    T1] dummy_hcd dummy_hcd.23: new USB bus registered, assigned bus number 24
[   36.853012][    T1] usb usb24: New USB device found, idVendor=1d6b, idProduct=0002, bcdDevice= 6.18
[   36.857852][    T1] usb usb24: New USB device strings: Mfr=3, Product=2, SerialNumber=1
[   36.863505][    T1] usb usb24: Product: Dummy host controller
[   36.867297][    T1] usb usb24: Manufacturer: Linux 6.18.0 dummy_hcd
[   36.871316][    T1] usb usb24: SerialNumber: dummy_hcd.23
[   36.879479][    T1] hub 24-0:1.0: USB hub found
[   36.883921][    T1] hub 24-0:1.0: 1 port detected
[   36.893268][    T1] dummy_hcd dummy_hcd.24: USB Host+Gadget Emulator, driver 02 May 2005
[   36.900789][    T1] dummy_hcd dummy_hcd.24: Dummy host controller
[   36.907647][    T1] dummy_hcd dummy_hcd.24: new USB bus registered, assigned bus number 25
[   36.914973][    T1] usb usb25: New USB device found, idVendor=1d6b, idProduct=0002, bcdDevice= 6.18
[   36.922070][    T1] usb usb25: New USB device strings: Mfr=3, Product=2, SerialNumber=1
[   36.927735][    T1] usb usb25: Product: Dummy host controller
[   36.932845][    T1] usb usb25: Manufacturer: Linux 6.18.0 dummy_hcd
[   36.937494][    T1] usb usb25: SerialNumber: dummy_hcd.24
[   36.945529][    T1] hub 25-0:1.0: USB hub found
[   36.948622][    T1] hub 25-0:1.0: 1 port detected
[   36.956599][    T1] dummy_hcd dummy_hcd.25: USB Host+Gadget Emulator, driver 02 May 2005
[   36.963160][    T1] dummy_hcd dummy_hcd.25: Dummy host controller
[   36.968782][    T1] dummy_hcd dummy_hcd.25: new USB bus registered, assigned bus number 26
[   36.980515][    T1] usb usb26: New USB device found, idVendor=1d6b, idProduct=0002, bcdDevice= 6.18
[   36.987804][    T1] usb usb26: New USB device strings: Mfr=3, Product=2, SerialNumber=1
[   36.993522][    T1] usb usb26: Product: Dummy host controller
[   36.997439][    T1] usb usb26: Manufacturer: Linux 6.18.0 dummy_hcd
[   37.001906][    T1] usb usb26: SerialNumber: dummy_hcd.25
[   37.012779][    T1] hub 26-0:1.0: USB hub found
[   37.016070][    T1] hub 26-0:1.0: 1 port detected
[   37.021897][    T1] dummy_hcd dummy_hcd.26: USB Host+Gadget Emulator, driver 02 May 2005
[   37.027924][    T1] dummy_hcd dummy_hcd.26: Dummy host controller
[   37.034240][    T1] dummy_hcd dummy_hcd.26: new USB bus registered, assigned bus number 27
[   37.041350][    T1] usb usb27: New USB device found, idVendor=1d6b, idProduct=0002, bcdDevice= 6.18
[   37.048570][    T1] usb usb27: New USB device strings: Mfr=3, Product=2, SerialNumber=1
[   37.055282][    T1] usb usb27: Product: Dummy host controller
[   37.059360][    T1] usb usb27: Manufacturer: Linux 6.18.0 dummy_hcd
[   37.065901][    T1] usb usb27: SerialNumber: dummy_hcd.26
[   37.075165][    T1] hub 27-0:1.0: USB hub found
[   37.079969][    T1] hub 27-0:1.0: 1 port detected
[   37.091116][    T1] dummy_hcd dummy_hcd.27: USB Host+Gadget Emulator, driver 02 May 2005
[   37.099536][    T1] dummy_hcd dummy_hcd.27: Dummy host controller
[   37.106383][    T1] dummy_hcd dummy_hcd.27: new USB bus registered, assigned bus number 28
[   37.114185][    T1] usb usb28: New USB device found, idVendor=1d6b, idProduct=0002, bcdDevice= 6.18
[   37.120777][    T1] usb usb28: New USB device strings: Mfr=3, Product=2, SerialNumber=1
[   37.132091][    T1] usb usb28: Product: Dummy host controller
[   37.138574][    T1] usb usb28: Manufacturer: Linux 6.18.0 dummy_hcd
[   37.145165][    T1] usb usb28: SerialNumber: dummy_hcd.27
[   37.155731][    T1] hub 28-0:1.0: USB hub found
[   37.159980][    T1] hub 28-0:1.0: 1 port detected
[   37.170474][    T1] dummy_hcd dummy_hcd.28: USB Host+Gadget Emulator, driver 02 May 2005
[   37.178981][    T1] dummy_hcd dummy_hcd.28: Dummy host controller
[   37.186467][    T1] dummy_hcd dummy_hcd.28: new USB bus registered, assigned bus number 29
[   37.198648][    T1] usb usb29: New USB device found, idVendor=1d6b, idProduct=0002, bcdDevice= 6.18
[   37.205398][    T1] usb usb29: New USB device strings: Mfr=3, Product=2, SerialNumber=1
[   37.211611][    T1] usb usb29: Product: Dummy host controller
[   37.217201][    T1] usb usb29: Manufacturer: Linux 6.18.0 dummy_hcd
[   37.222170][    T1] usb usb29: SerialNumber: dummy_hcd.28
[   37.238600][    T1] hub 29-0:1.0: USB hub found
[   37.242266][    T1] hub 29-0:1.0: 1 port detected
[   37.252268][    T1] dummy_hcd dummy_hcd.29: USB Host+Gadget Emulator, driver 02 May 2005
[   37.261262][    T1] dummy_hcd dummy_hcd.29: Dummy host controller
[   37.269399][    T1] dummy_hcd dummy_hcd.29: new USB bus registered, assigned bus number 30
[   37.276630][    T1] usb usb30: New USB device found, idVendor=1d6b, idProduct=0002, bcdDevice= 6.18
[   37.282693][    T1] usb usb30: New USB device strings: Mfr=3, Product=2, SerialNumber=1
[   37.288253][    T1] usb usb30: Product: Dummy host controller
[   37.293200][    T1] usb usb30: Manufacturer: Linux 6.18.0 dummy_hcd
[   37.298637][    T1] usb usb30: SerialNumber: dummy_hcd.29
[   37.310390][    T1] hub 30-0:1.0: USB hub found
[   37.314444][    T1] hub 30-0:1.0: 1 port detected
[   37.323040][    T1] dummy_hcd dummy_hcd.30: USB Host+Gadget Emulator, driver 02 May 2005
[   37.330323][    T1] dummy_hcd dummy_hcd.30: Dummy host controller
[   37.339033][    T1] dummy_hcd dummy_hcd.30: new USB bus registered, assigned bus number 31
[   37.346530][    T1] usb usb31: New USB device found, idVendor=1d6b, idProduct=0002, bcdDevice= 6.18
[   37.359089][    T1] usb usb31: New USB device strings: Mfr=3, Product=2, SerialNumber=1
[   37.366289][    T1] usb usb31: Product: Dummy host controller
[   37.371286][    T1] usb usb31: Manufacturer: Linux 6.18.0 dummy_hcd
[   37.378669][    T1] usb usb31: SerialNumber: dummy_hcd.30
[   37.390655][    T1] hub 31-0:1.0: USB hub found
[   37.395693][    T1] hub 31-0:1.0: 1 port detected
[   37.405504][    T1] dummy_hcd dummy_hcd.31: USB Host+Gadget Emulator, driver 02 May 2005
[   37.410709][    T1] dummy_hcd dummy_hcd.31: Dummy host controller
[   37.417142][    T1] dummy_hcd dummy_hcd.31: new USB bus registered, assigned bus number 32
[   37.425361][    T1] usb usb32: New USB device found, idVendor=1d6b, idProduct=0002, bcdDevice= 6.18
[   37.430625][    T1] usb usb32: New USB device strings: Mfr=3, Product=2, SerialNumber=1
[   37.436446][    T1] usb usb32: Product: Dummy host controller
[   37.440248][    T1] usb usb32: Manufacturer: Linux 6.18.0 dummy_hcd
[   37.447649][    T1] usb usb32: SerialNumber: dummy_hcd.31
[   37.457959][    T1] hub 32-0:1.0: USB hub found
[   37.461256][    T1] hub 32-0:1.0: 1 port detected
[   37.556513][    T1] SPI driver max3420-udc has no spi_device_id for maxim,max3421-udc
[   37.577063][    T1] gadgetfs: USB Gadget filesystem, version 24 Aug 2004
[   37.586465][    T1] vhci_hcd vhci_hcd.0: USB/IP Virtual Host Controller
[   37.592086][    T1] vhci_hcd vhci_hcd.0: new USB bus registered, assigned bus number 33
[   37.598055][    T1] vhci_hcd: created sysfs vhci_hcd.0
[   37.602721][    T1] usb usb33: New USB device found, idVendor=1d6b, idProduct=0002, bcdDevice= 6.18
[   37.610944][    T1] usb usb33: New USB device strings: Mfr=3, Product=2, SerialNumber=1
[   37.617643][    T1] usb usb33: Product: USB/IP Virtual Host Controller
[   37.622377][    T1] usb usb33: Manufacturer: Linux 6.18.0 vhci_hcd
[   37.626820][    T1] usb usb33: SerialNumber: vhci_hcd.0
[   37.637703][    T1] hub 33-0:1.0: USB hub found
[   37.642765][    T1] hub 33-0:1.0: 8 ports detected
[   37.657333][    T1] vhci_hcd vhci_hcd.0: USB/IP Virtual Host Controller
[   37.667588][    T1] vhci_hcd vhci_hcd.0: new USB bus registered, assigned bus number 34
[   37.674306][    T1] usb usb34: We don't know the algorithms for LPM for this host, disabling LPM.
[   37.681211][    T1] usb usb34: New USB device found, idVendor=1d6b, idProduct=0003, bcdDevice= 6.18
[   37.688766][    T1] usb usb34: New USB device strings: Mfr=3, Product=2, SerialNumber=1
[   37.694725][    T1] usb usb34: Product: USB/IP Virtual Host Controller
[   37.702554][    T1] usb usb34: Manufacturer: Linux 6.18.0 vhci_hcd
[   37.707595][    T1] usb usb34: SerialNumber: vhci_hcd.0
[   37.716236][    T1] hub 34-0:1.0: USB hub found
[   37.724768][    T1] hub 34-0:1.0: 8 ports detected
[   37.746456][    T1] vhci_hcd vhci_hcd.1: USB/IP Virtual Host Controller
[   37.760383][    T1] vhci_hcd vhci_hcd.1: new USB bus registered, assigned bus number 35
[   37.768263][    T1] usb usb35: New USB device found, idVendor=1d6b, idProduct=0002, bcdDevice= 6.18
[   37.775795][    T1] usb usb35: New USB device strings: Mfr=3, Product=2, SerialNumber=1
[   37.782030][    T1] usb usb35: Product: USB/IP Virtual Host Controller
[   37.787531][    T1] usb usb35: Manufacturer: Linux 6.18.0 vhci_hcd
[   37.792013][    T1] usb usb35: SerialNumber: vhci_hcd.1
[   37.800945][    T1] hub 35-0:1.0: USB hub found
[   37.804964][    T1] hub 35-0:1.0: 8 ports detected
[   37.816333][    T1] vhci_hcd vhci_hcd.1: USB/IP Virtual Host Controller
[   37.826462][    T1] vhci_hcd vhci_hcd.1: new USB bus registered, assigned bus number 36
[   37.833363][    T1] usb usb36: We don't know the algorithms for LPM for this host, disabling LPM.
[   37.840665][    T1] usb usb36: New USB device found, idVendor=1d6b, idProduct=0003, bcdDevice= 6.18
[   37.847597][    T1] usb usb36: New USB device strings: Mfr=3, Product=2, SerialNumber=1
[   37.856228][    T1] usb usb36: Product: USB/IP Virtual Host Controller
[   37.862262][    T1] usb usb36: Manufacturer: Linux 6.18.0 vhci_hcd
[   37.866334][    T1] usb usb36: SerialNumber: vhci_hcd.1
[   37.877076][    T1] hub 36-0:1.0: USB hub found
[   37.881238][    T1] hub 36-0:1.0: 8 ports detected
[   37.904047][    T1] vhci_hcd vhci_hcd.2: USB/IP Virtual Host Controller
[   37.911295][    T1] vhci_hcd vhci_hcd.2: new USB bus registered, assigned bus number 37
[   37.921144][    T1] usb usb37: New USB device found, idVendor=1d6b, idProduct=0002, bcdDevice= 6.18
[   37.930211][    T1] usb usb37: New USB device strings: Mfr=3, Product=2, SerialNumber=1
[   37.938426][    T1] usb usb37: Product: USB/IP Virtual Host Controller
[   37.944464][    T1] usb usb37: Manufacturer: Linux 6.18.0 vhci_hcd
[   37.948631][    T1] usb usb37: SerialNumber: vhci_hcd.2
[   37.956846][    T1] hub 37-0:1.0: USB hub found
[   37.960467][    T1] hub 37-0:1.0: 8 ports detected
[   37.976555][    T1] vhci_hcd vhci_hcd.2: USB/IP Virtual Host Controller
[   37.984315][    T1] vhci_hcd vhci_hcd.2: new USB bus registered, assigned bus number 38
[   37.991362][    T1] usb usb38: We don't know the algorithms for LPM for this host, disabling LPM.
[   37.999663][    T1] usb usb38: New USB device found, idVendor=1d6b, idProduct=0003, bcdDevice= 6.18
[   38.007582][    T1] usb usb38: New USB device strings: Mfr=3, Product=2, SerialNumber=1
[   38.012314][    T1] usb usb38: Product: USB/IP Virtual Host Controller
[   38.016551][    T1] usb usb38: Manufacturer: Linux 6.18.0 vhci_hcd
[   38.020351][    T1] usb usb38: SerialNumber: vhci_hcd.2
[   38.028437][    T1] hub 38-0:1.0: USB hub found
[   38.033367][    T1] hub 38-0:1.0: 8 ports detected
[   38.050155][    T1] vhci_hcd vhci_hcd.3: USB/IP Virtual Host Controller
[   38.056355][    T1] vhci_hcd vhci_hcd.3: new USB bus registered, assigned bus number 39
[   38.062073][    T1] usb usb39: New USB device found, idVendor=1d6b, idProduct=0002, bcdDevice= 6.18
[   38.067895][    T1] usb usb39: New USB device strings: Mfr=3, Product=2, SerialNumber=1
[   38.072866][    T1] usb usb39: Product: USB/IP Virtual Host Controller
[   38.076658][    T1] usb usb39: Manufacturer: Linux 6.18.0 vhci_hcd
[   38.080541][    T1] usb usb39: SerialNumber: vhci_hcd.3
[   38.087301][    T1] hub 39-0:1.0: USB hub found
[   38.090773][    T1] hub 39-0:1.0: 8 ports detected
[   38.105622][    T1] vhci_hcd vhci_hcd.3: USB/IP Virtual Host Controller
[   38.111314][    T1] vhci_hcd vhci_hcd.3: new USB bus registered, assigned bus number 40
[   38.117261][    T1] usb usb40: We don't know the algorithms for LPM for this host, disabling LPM.
[   38.126563][    T1] usb usb40: New USB device found, idVendor=1d6b, idProduct=0003, bcdDevice= 6.18
[   38.133744][    T1] usb usb40: New USB device strings: Mfr=3, Product=2, SerialNumber=1
[   38.140648][    T1] usb usb40: Product: USB/IP Virtual Host Controller
[   38.146856][    T1] usb usb40: Manufacturer: Linux 6.18.0 vhci_hcd
[   38.152842][    T1] usb usb40: SerialNumber: vhci_hcd.3
[   38.162502][    T1] hub 40-0:1.0: USB hub found
[   38.168007][    T1] hub 40-0:1.0: 8 ports detected
[   38.188094][    T1] vhci_hcd vhci_hcd.4: USB/IP Virtual Host Controller
[   38.194692][    T1] vhci_hcd vhci_hcd.4: new USB bus registered, assigned bus number 41
[   38.201380][    T1] usb usb41: New USB device found, idVendor=1d6b, idProduct=0002, bcdDevice= 6.18
[   38.207589][    T1] usb usb41: New USB device strings: Mfr=3, Product=2, SerialNumber=1
[   38.213832][    T1] usb usb41: Product: USB/IP Virtual Host Controller
[   38.219435][    T1] usb usb41: Manufacturer: Linux 6.18.0 vhci_hcd
[   38.223678][    T1] usb usb41: SerialNumber: vhci_hcd.4
[   38.232715][    T1] hub 41-0:1.0: USB hub found
[   38.236786][    T1] hub 41-0:1.0: 8 ports detected
[   38.253343][    T1] vhci_hcd vhci_hcd.4: USB/IP Virtual Host Controller
[   38.260333][    T1] vhci_hcd vhci_hcd.4: new USB bus registered, assigned bus number 42
[   38.266919][    T1] usb usb42: We don't know the algorithms for LPM for this host, disabling LPM.
[   38.276115][    T1] usb usb42: New USB device found, idVendor=1d6b, idProduct=0003, bcdDevice= 6.18
[   38.282441][    T1] usb usb42: New USB device strings: Mfr=3, Product=2, SerialNumber=1
[   38.288942][    T1] usb usb42: Product: USB/IP Virtual Host Controller
[   38.294018][    T1] usb usb42: Manufacturer: Linux 6.18.0 vhci_hcd
[   38.298450][    T1] usb usb42: SerialNumber: vhci_hcd.4
[   38.308008][    T1] hub 42-0:1.0: USB hub found
[   38.315378][    T1] hub 42-0:1.0: 8 ports detected
[   38.338964][    T1] vhci_hcd vhci_hcd.5: USB/IP Virtual Host Controller
[   38.347765][    T1] vhci_hcd vhci_hcd.5: new USB bus registered, assigned bus number 43
[   38.355442][    T1] usb usb43: New USB device found, idVendor=1d6b, idProduct=0002, bcdDevice= 6.18
[   38.363047][    T1] usb usb43: New USB device strings: Mfr=3, Product=2, SerialNumber=1
[   38.370613][    T1] usb usb43: Product: USB/IP Virtual Host Controller
[   38.376542][    T1] usb usb43: Manufacturer: Linux 6.18.0 vhci_hcd
[   38.382289][    T1] usb usb43: SerialNumber: vhci_hcd.5
[   38.391735][    T1] hub 43-0:1.0: USB hub found
[   38.396504][    T1] hub 43-0:1.0: 8 ports detected
[   38.419470][    T1] vhci_hcd vhci_hcd.5: USB/IP Virtual Host Controller
[   38.429386][    T1] vhci_hcd vhci_hcd.5: new USB bus registered, assigned bus number 44
[   38.437165][    T1] usb usb44: We don't know the algorithms for LPM for this host, disabling LPM.
[   38.446473][    T1] usb usb44: New USB device found, idVendor=1d6b, idProduct=0003, bcdDevice= 6.18
[   38.454149][    T1] usb usb44: New USB device strings: Mfr=3, Product=2, SerialNumber=1
[   38.463251][    T1] usb usb44: Product: USB/IP Virtual Host Controller
[   38.469306][    T1] usb usb44: Manufacturer: Linux 6.18.0 vhci_hcd
[   38.476205][    T1] usb usb44: SerialNumber: vhci_hcd.5
[   38.490169][    T1] hub 44-0:1.0: USB hub found
[   38.494112][    T1] hub 44-0:1.0: 8 ports detected
[   38.513235][    T1] vhci_hcd vhci_hcd.6: USB/IP Virtual Host Controller
[   38.521997][    T1] vhci_hcd vhci_hcd.6: new USB bus registered, assigned bus number 45
[   38.528559][    T1] usb usb45: New USB device found, idVendor=1d6b, idProduct=0002, bcdDevice= 6.18
[   38.536251][    T1] usb usb45: New USB device strings: Mfr=3, Product=2, SerialNumber=1
[   38.544950][    T1] usb usb45: Product: USB/IP Virtual Host Controller
[   38.549770][    T1] usb usb45: Manufacturer: Linux 6.18.0 vhci_hcd
[   38.560774][    T1] usb usb45: SerialNumber: vhci_hcd.6
[   38.567830][    T1] hub 45-0:1.0: USB hub found
[   38.570524][    T1] hub 45-0:1.0: 8 ports detected
[   38.582471][    T1] vhci_hcd vhci_hcd.6: USB/IP Virtual Host Controller
[   38.588049][    T1] vhci_hcd vhci_hcd.6: new USB bus registered, assigned bus number 46
[   38.594444][    T1] usb usb46: We don't know the algorithms for LPM for this host, disabling LPM.
[   38.603144][    T1] usb usb46: New USB device found, idVendor=1d6b, idProduct=0003, bcdDevice= 6.18
[   38.611748][    T1] usb usb46: New USB device strings: Mfr=3, Product=2, SerialNumber=1
[   38.617479][    T1] usb usb46: Product: USB/IP Virtual Host Controller
[   38.621371][    T1] usb usb46: Manufacturer: Linux 6.18.0 vhci_hcd
[   38.625824][    T1] usb usb46: SerialNumber: vhci_hcd.6
[   38.631805][    T1] hub 46-0:1.0: USB hub found
[   38.634673][    T1] hub 46-0:1.0: 8 ports detected
[   38.646519][    T1] vhci_hcd vhci_hcd.7: USB/IP Virtual Host Controller
[   38.652153][    T1] vhci_hcd vhci_hcd.7: new USB bus registered, assigned bus number 47
