failed to run ["ssh" "-p" "17047" "-F" "/dev/null" "-o" "UserKnownHostsFile=/dev/null" "-o" "IdentitiesOnly=yes" "-o" "BatchMode=yes" "-o" "StrictHostKeyChecking=no" "-o" "ConnectTimeout=10" "-i" "/home/wmy/Fuzzer/third_tool/Image-fuzz-6.18-syzbot/bullseye.id_rsa" "root@localhost" "pwd"]: exit status 255[    0.000000][    T0] Linux version 6.18.0 (wmy@wmy) (gcc (Ubuntu 11.4.0-1ubuntu1~22.04.2) 11.4.0, GNU ld (GNU Binutils for Ubuntu) 2.38) #1 SMP PREEMPT_DYNAMIC Sat Dec 20 16:37:44 CST 2025
[    0.000000][    T0] Command line: root=/dev/sda console=ttyS0 
[    0.000000][    T0] KERNEL supported cpus:
[    0.000000][    T0]   Intel GenuineIntel
[    0.000000][    T0]   AMD AuthenticAMD
[    0.000000][    T0] x86/CPU: Model not found in latest microcode list
[    0.000000][    T0] BIOS-provided physical RAM map:
[    0.000000][    T0] BIOS-e820: [mem 0x0000000000000000-0x000000000009fbff] usable
[    0.000000][    T0] BIOS-e820: [mem 0x000000000009fc00-0x000000000009ffff] reserved
[    0.000000][    T0] BIOS-e820: [mem 0x00000000000f0000-0x00000000000fffff] reserved
[    0.000000][    T0] BIOS-e820: [mem 0x0000000000100000-0x00000000bffdffff] usable
[    0.000000][    T0] BIOS-e820: [mem 0x00000000bffe0000-0x00000000bfffffff] reserved
[    0.000000][    T0] BIOS-e820: [mem 0x00000000feffc000-0x00000000feffffff] reserved
[    0.000000][    T0] BIOS-e820: [mem 0x00000000fffc0000-0x00000000ffffffff] reserved
[    0.000000][    T0] BIOS-e820: [mem 0x0000000100000000-0x000000013fffffff] usable
[    0.000000][    T0] printk: legacy bootconsole [earlyser0] enabled
[    0.000000][    T0] ERROR: earlyprintk= earlyser already used
[    0.000000][    T0] ERROR: earlyprintk= earlyser already used
[    0.000000][    T0] Hash pointers mode set to never.
[    0.000000][    T0] Malformed early option 'vsyscall'
[    0.000000][    T0] NX (Execute Disable) protection: active
[    0.000000][    T0] APIC: Static calls initialized
[    0.000000][    T0] SMBIOS 3.0.0 present.
[    0.000000][    T0] DMI: QEMU Standard PC (i440FX + PIIX, 1996), BIOS rel-1.16.3-0-ga6ed6b701f0a-prebuilt.qemu.org 04/01/2014
[    0.000000][    T0] DMI: Memory slots populated: 1/1
[    0.000000][    T0] Hypervisor detected: KVM
[    0.000000][    T0] last_pfn = 0xbffe0 max_arch_pfn = 0x400000000
[    0.000000][    T0] kvm-clock: Using msrs 4b564d01 and 4b564d00
[    0.000011][    T0] kvm-clock: using sched offset of 2725132159 cycles
[    0.003492][    T0] clocksource: kvm-clock: mask: 0xffffffffffffffff max_cycles: 0x1cd42e4dffb, max_idle_ns: 881590591483 ns
[    0.015052][    T0] tsc: Detected 2803.204 MHz processor
[    0.024605][    T0] last_pfn = 0x140000 max_arch_pfn = 0x400000000
[    0.029190][    T0] MTRR map: 4 entries (3 fixed + 1 variable; max 19), built from 8 variable MTRRs
[    0.034062][    T0] x86/PAT: Configuration [0-7]: WB  WC  UC- UC  WB  WP  UC- WT  
[    0.039076][    T0] last_pfn = 0xbffe0 max_arch_pfn = 0x400000000
[    0.054585][    T0] found SMP MP-table at [mem 0x000f5460-0x000f546f]
[    0.062280][    T0] ACPI: Early table checksum verification disabled
[    0.067722][    T0] ACPI: RSDP 0x00000000000F5250 000014 (v00 BOCHS )
[    0.072508][    T0] ACPI: RSDT 0x00000000BFFE1D7B 000034 (v01 BOCHS  BXPC     00000001 BXPC 00000001)
[    0.079758][    T0] ACPI: FACP 0x00000000BFFE1C17 000074 (v01 BOCHS  BXPC     00000001 BXPC 00000001)
[    0.086446][    T0] ACPI: DSDT 0x00000000BFFE0040 001BD7 (v01 BOCHS  BXPC     00000001 BXPC 00000001)
[    0.092996][    T0] ACPI: FACS 0x00000000BFFE0000 000040
[    0.097059][    T0] ACPI: APIC 0x00000000BFFE1C8B 000090 (v03 BOCHS  BXPC     00000001 BXPC 00000001)
[    0.103488][    T0] ACPI: HPET 0x00000000BFFE1D1B 000038 (v01 BOCHS  BXPC     00000001 BXPC 00000001)
[    0.110435][    T0] ACPI: WAET 0x00000000BFFE1D53 000028 (v01 BOCHS  BXPC     00000001 BXPC 00000001)
[    0.116976][    T0] ACPI: Reserving FACP table memory at [mem 0xbffe1c17-0xbffe1c8a]
[    0.122961][    T0] ACPI: Reserving DSDT table memory at [mem 0xbffe0040-0xbffe1c16]
[    0.128071][    T0] ACPI: Reserving FACS table memory at [mem 0xbffe0000-0xbffe003f]
[    0.132555][    T0] ACPI: Reserving APIC table memory at [mem 0xbffe1c8b-0xbffe1d1a]
[    0.137409][    T0] ACPI: Reserving HPET table memory at [mem 0xbffe1d1b-0xbffe1d52]
[    0.142392][    T0] ACPI: Reserving WAET table memory at [mem 0xbffe1d53-0xbffe1d7a]
[    0.151457][    T0] No NUMA configuration found
[    0.154925][    T0] Faking a node at [mem 0x0000000000000000-0x000000013fffffff]
[    0.161027][    T0] Faking node 0 at [mem 0x0000000000001000-0x0000000080000fff] (2048MB)
[    0.167181][    T0] Faking node 1 at [mem 0x0000000080001000-0x000000013fffffff] (3071MB)
[    0.173540][    T0] NODE_DATA(0) allocated [mem 0x7fffb400-0x80000fff]
[    0.179567][    T0] NODE_DATA(1) allocated [mem 0x13fff6400-0x13fffbfff]
[    0.299338][    T0] Zone ranges:
[    0.302192][    T0]   DMA      [mem 0x0000000000001000-0x0000000000ffffff]
[    0.309183][    T0]   DMA32    [mem 0x0000000001000000-0x00000000ffffffff]
[    0.315243][    T0]   Normal   [mem 0x0000000100000000-0x000000013fffffff]
[    0.320152][    T0]   Device   empty
[    0.322771][    T0] Movable zone start for each node
[    0.329228][    T0] Early memory node ranges
[    0.333108][    T0]   node   0: [mem 0x0000000000001000-0x000000000009efff]
[    0.339694][    T0]   node   0: [mem 0x0000000000100000-0x0000000080000fff]
[    0.345726][    T0]   node   1: [mem 0x0000000080001000-0x00000000bffdffff]
[    0.351329][    T0]   node   1: [mem 0x0000000100000000-0x000000013fffffff]
[    0.357998][    T0] Initmem setup node 0 [mem 0x0000000000001000-0x0000000080000fff]
[    0.364651][    T0] Initmem setup node 1 [mem 0x0000000080001000-0x000000013fffffff]
[    0.370236][    T0] On node 0, zone DMA: 1 pages in unavailable ranges
[    0.375473][    T0] On node 0, zone DMA: 97 pages in unavailable ranges
[    0.426968][    T0] On node 1, zone Normal: 32 pages in unavailable ranges
[    1.494533][    T0] KernelAddressSanitizer initialized (generic)
[    1.502073][    T0] ACPI: PM-Timer IO Port: 0x608
[    1.505854][    T0] ACPI: LAPIC_NMI (acpi_id[0xff] dfl dfl lint[0x1])
[    1.511601][    T0] IOAPIC[0]: apic_id 0, version 17, address 0xfec00000, GSI 0-23
[    1.517771][    T0] ACPI: INT_SRC_OVR (bus 0 bus_irq 0 global_irq 2 dfl dfl)
[    1.523376][    T0] ACPI: INT_SRC_OVR (bus 0 bus_irq 5 global_irq 5 high level)
[    1.529286][    T0] ACPI: INT_SRC_OVR (bus 0 bus_irq 9 global_irq 9 high level)
[    1.535254][    T0] ACPI: INT_SRC_OVR (bus 0 bus_irq 10 global_irq 10 high level)
[    1.540777][    T0] ACPI: INT_SRC_OVR (bus 0 bus_irq 11 global_irq 11 high level)
[    1.545830][    T0] ACPI: Using ACPI (MADT) for SMP configuration information
[    1.550057][    T0] ACPI: HPET id: 0x8086a201 base: 0xfed00000
[    1.553737][    T0] CPU topo: Max. logical packages:   1
[    1.557092][    T0] CPU topo: Max. logical dies:       1
[    1.560594][    T0] CPU topo: Max. dies per package:   1
[    1.563861][    T0] CPU topo: Max. threads per core:   1
[    1.567807][    T0] CPU topo: Num. cores per package:     4
[    1.571738][    T0] CPU topo: Num. threads per package:   4
[    1.575213][    T0] CPU topo: Allowing 4 present CPUs plus 0 hotplug CPUs
[    1.579777][    T0] kvm-guest: APIC: eoi() replaced with kvm_guest_apic_eoi_write()
[    1.584721][    T0] PM: hibernation: Registered nosave memory: [mem 0x00000000-0x00000fff]
[    1.590908][    T0] PM: hibernation: Registered nosave memory: [mem 0x0009f000-0x000fffff]
[    1.597233][    T0] PM: hibernation: Registered nosave memory: [mem 0xbffe0000-0xffffffff]
[    1.603496][    T0] [mem 0xc0000000-0xfeffbfff] available for PCI devices
[    1.609079][    T0] Booting paravirtualized kernel on KVM
[    1.612537][    T0] clocksource: refined-jiffies: mask: 0xffffffff max_cycles: 0xffffffff, max_idle_ns: 19112604462750000 ns
[    1.690895][    T0] setup_percpu: NR_CPUS:8 nr_cpumask_bits:4 nr_cpu_ids:4 nr_node_ids:2
[    1.706089][    T0] percpu: Embedded 70 pages/cpu s247752 r8192 d30776 u1048576
[    1.710849][    T0] kvm-guest: PV spinlocks disabled, no host support
[    1.714491][    T0] Kernel command line: earlyprintk=serial net.ifnames=0 sysctl.kernel.hung_task_all_cpu_backtrace=1 ima_policy=tcb nf-conntrack-ftp.ports=20000 nf-conntrack-tftp.ports=20000 nf-conntrack-sip.ports=20000 nf-conntrack-irc.ports=20000 nf-conntrack-sane.ports=20000 binder.debug_mask=0 rcupdate.rcu_expedited=1 rcupdate.rcu_cpu_stall_cputime=1 no_hash_pointers page_owner=on sysctl.vm.nr_hugepages=4 sysctl.vm.nr_overcommit_hugepages=4 secretmem.enable=1 sysctl.max_rcu_stall_to_panic=1 msr.allow_writes=off coredump_filter=0xffff root=/dev/sda console=ttyS0 vsyscall=native numa=fake=2 kvm-intel.nested=1 spec_store_bypass_disable=prctl nopcid vivid.n_devs=64 vivid.multiplanar=1,2,1,2,1,2,1,2,1,2,1,2,1,2,1,2,1,2,1,2,1,2,1,2,1,2,1,2,1,2,1,2,1,2,1,2,1,2,1,2,1,2,1,2,1,2,1,2,1,2,1,2,1,2,1,2,1,2,1,2,1,2,1,2 netrom.nr_ndevs=32 rose.rose_ndevs=32 smp.csd_lock_timeout=100000 watchdog_thresh=55 workqueue.watchdog_thresh=140 sysctl.net.core.netdev_unregister_timeout_secs=140 dummy_hcd.num=32 max_loop=32 nbds_max=32 comedi.comedi
[    1.718354][    T0] Unknown kernel command line parameters "nbds_max=32", will be passed to user space.
[    1.788205][    T0] printk: log buffer data + meta data: 262144 + 917504 = 1179648 bytes
[    1.793868][    T0] software IO TLB: area num 4.
[    1.942653][    T0] Fallback order for Node 0: 0 1 
[    1.942775][    T0] Fallback order for Node 1: 1 0 
[    1.942806][    T0] Built 2 zonelists, mobility grouping on.  Total pages: 1048446
[    1.956679][    T0] Policy zone: Normal
[    1.965547][    T0] mem auto-init: stack:off, heap alloc:on, heap free:off
[    1.971445][    T0] stackdepot: allocating hash table via alloc_large_system_hash
[    1.977888][    T0] stackdepot hash table entries: 1048576 (order: 12, 16777216 bytes, linear)
[    2.023505][    T0] stackdepot: allocating space for 8192 stack pools via memblock
[    2.292057][    T0] **********************************************************
[    2.296887][    T0] **   NOTICE NOTICE NOTICE NOTICE NOTICE NOTICE NOTICE   **
[    2.301891][    T0] **                                                      **
[    2.307182][    T0] ** This system shows unhashed kernel memory addresses   **
[    2.312084][    T0] ** via the console, logs, and other interfaces. This    **
[    2.316876][    T0] ** might reduce the security of your system.            **
[    2.321947][    T0] **                                                      **
[    2.327939][    T0] ** If you see this message and you are not debugging    **
[    2.333642][    T0] ** the kernel, report this immediately to your system   **
[    2.339148][    T0] ** administrator!                                       **
[    2.346486][    T0] **                                                      **
[    2.352920][    T0] ** Use hash_pointers=always to force this mode off      **
[    2.358180][    T0] **                                                      **
[    2.364519][    T0] **   NOTICE NOTICE NOTICE NOTICE NOTICE NOTICE NOTICE   **
[    2.370797][    T0] **********************************************************
[    2.378840][    T0] SLUB: HWalign=64, Order=0-3, MinObjects=0, CPUs=4, Nodes=2
[    2.662629][    T0] allocated 83886080 bytes of page_ext
[    2.666177][    T0] Node 0, zone      DMA: page owner found early allocated 0 pages
[    2.686358][    T0] Node 0, zone    DMA32: page owner found early allocated 10987 pages
[    2.693011][    T0] Node 1, zone    DMA32: page owner found early allocated 0 pages
[    2.704556][    T0] Node 1, zone   Normal: page owner found early allocated 9603 pages
[    2.711050][    T0] Kernel/User page tables isolation: enabled
[    2.717715][    T0] Dynamic Preempt: full
[    2.723016][    T0] Running RCU self tests
[    2.726112][    T0] Running RCU synchronous self tests
[    2.729154][    T0] rcu: Preemptible hierarchical RCU implementation.
[    2.732724][    T0] rcu: 	RCU lockdep checking is enabled.
[    2.736640][    T0] rcu: 	RCU restricting CPUs from NR_CPUS=8 to nr_cpu_ids=4.
[    2.741628][    T0] rcu: 	RCU callback double-/use-after-free debug is enabled.
[    2.748019][    T0] rcu: 	RCU debug extended QS entry/exit.
[    2.752208][    T0] 	All grace periods are expedited (rcu_expedited).
[    2.756674][    T0] 	Trampoline variant of Tasks RCU enabled.
[    2.759792][    T0] 	Tracing variant of Tasks RCU enabled.
[    2.762976][    T0] rcu: RCU calculated value of scheduler-enlistment delay is 10 jiffies.
[    2.769068][    T0] rcu: Adjusting geometry for rcu_fanout_leaf=16, nr_cpu_ids=4
[    2.776548][    T0] Running RCU synchronous self tests
[    2.779961][    T0] RCU Tasks: Setting shift to 2 and lim to 1 rcu_task_cb_adjust=1 rcu_task_cpu_ids=4.
[    2.785630][    T0] RCU Tasks Trace: Setting shift to 2 and lim to 1 rcu_task_cb_adjust=1 rcu_task_cpu_ids=4.
[    2.958388][    T0] NR_IRQS: 4352, nr_irqs: 456, preallocated irqs: 16
[    2.965766][    T0] rcu: srcu_init: Setting srcu_struct sizes based on contention.
[    2.972148][    T0] kfence: initialized - using 2097152 bytes for 255 objects at 0xffff888135c00000-0xffff888135e00000
[    3.041446][    T0] Console: colour VGA+ 80x25
[    3.045463][    T0] printk: legacy console [ttyS0] enabled
[    3.045463][    T0] printk: legacy console [ttyS0] enabled
[    3.053070][    T0] printk: legacy bootconsole [earlyser0] disabled
[    3.053070][    T0] printk: legacy bootconsole [earlyser0] disabled
[    3.060810][    T0] Lock dependency validator: Copyright (c) 2006 Red Hat, Inc., Ingo Molnar
[    3.065849][    T0] ... MAX_LOCKDEP_SUBCLASSES:  8
[    3.069539][    T0] ... MAX_LOCK_DEPTH:          48
[    3.073788][    T0] ... MAX_LOCKDEP_KEYS:        8192
[    3.077960][    T0] ... CLASSHASH_SIZE:          4096
[    3.082165][    T0] ... MAX_LOCKDEP_ENTRIES:     1048576
[    3.086654][    T0] ... MAX_LOCKDEP_CHAINS:      1048576
[    3.090880][    T0] ... CHAINHASH_SIZE:          524288
[    3.095045][    T0]  memory used by lock dependency info: 106625 kB
[    3.100414][    T0]  memory used for stack traces: 8320 kB
[    3.104950][    T0]  per task-struct memory footprint: 1920 bytes
[    3.110293][    T0] mempolicy: Enabling automatic NUMA balancing. Configure with numa_balancing= or the kernel.numa_balancing sysctl
[    3.120710][    T0] ACPI: Core revision 20250807
[    3.126897][    T0] clocksource: hpet: mask: 0xffffffff max_cycles: 0xffffffff, max_idle_ns: 19112604467 ns
[    3.135872][    T0] APIC: Switch to symmetric I/O mode setup
[    3.143225][    T0] x2apic enabled
[    3.149812][    T0] APIC: Switched APIC routing to: physical x2apic
[    3.168576][    T0] ..TIMER: vector=0x30 apic1=0 pin1=2 apic2=-1 pin2=-1
[    3.173462][    T0] clocksource: tsc-early: mask: 0xffffffffffffffff max_cycles: 0x2868139ef5d, max_idle_ns: 440795282642 ns
[    3.181009][    T0] Calibrating delay loop (skipped) preset value.. 5606.40 BogoMIPS (lpj=28032040)
[    3.193433][    T0] Last level iTLB entries: 4KB 0, 2MB 0, 4MB 0
[    3.197138][    T0] Last level dTLB entries: 4KB 0, 2MB 0, 4MB 0, 1GB 0
[    3.201062][    T0] mitigations: Enabled attack vectors: user_kernel, user_user, guest_host, guest_guest, SMT mitigations: auto
[    3.211051][    T0] Speculative Store Bypass: Vulnerable
[    3.214839][    T0] Spectre V2 : Mitigation: Retpolines
[    3.219033][    T0] ITS: Mitigation: Aligned branch/return thunks
[    3.220999][    T0] MDS: Vulnerable: Clear CPU buffers attempted, no microcode
[    3.225772][    T0] Spectre V1 : Mitigation: usercopy/swapgs barriers and __user pointer sanitization
[    3.231041][    T0] Spectre V2 : Spectre v2 / SpectreRSB: Filling RSB on context switch and VMEXIT
[    3.241015][    T0] active return thunk: its_return_thunk
[    3.244826][    T0] x86/fpu: x87 FPU will use FXSAVE
[    3.518553][    T0] Freeing SMP alternatives memory: 132K
[    3.521026][    T0] pid_max: default: 32768 minimum: 301
[    3.524882][    T0] LSM: initializing lsm=lockdown,capability,landlock,yama,safesetid,tomoyo,apparmor,bpf,ima,evm
[    3.531521][    T0] landlock: Up and running.
[    3.534933][    T0] Yama: becoming mindful.
[    3.537948][    T0] TOMOYO Linux initialized
[    3.541609][    T0] AppArmor: AppArmor initialized
[    3.545855][    T0] LSM support for eBPF active
[    3.557588][    T0] Dentry cache hash table entries: 524288 (order: 10, 4194304 bytes, vmalloc hugepage)
[    3.563699][    T0] Inode-cache hash table entries: 262144 (order: 9, 2097152 bytes, vmalloc hugepage)
[    3.571610][    T0] Mount-cache hash table entries: 8192 (order: 4, 65536 bytes, vmalloc)
[    3.581239][    T0] Mountpoint-cache hash table entries: 8192 (order: 4, 65536 bytes, vmalloc)
[    3.593311][    T0] Running RCU synchronous self tests
[    3.597149][    T0] Running RCU synchronous self tests
[    3.722957][    T1] smpboot: CPU0: Intel QEMU Virtual CPU version 2.5+ (family: 0xf, model: 0x6b, stepping: 0x1)
[    3.731641][    T1] Performance Events: unsupported Netburst CPU model 107 no PMU driver, software events only.
[    3.737900][    T1] signal: max sigframe size: 1440
[    3.741828][    T1] rcu: Hierarchical SRCU implementation.
[    3.745796][    T1] rcu: 	Max phase no-delay instances is 1000.
[    3.752511][    T1] Timer migration: 2 hierarchy levels; 8 children per group; 1 crossnode level
[    3.812250][    T1] NMI watchdog: Perf NMI watchdog permanently disabled
[    3.818145][    T1] smp: Bringing up secondary CPUs ...
[    3.822953][    T1] smpboot: x86: Booting SMP configuration:
[    3.825862][    T1] .... node  #1, CPUs:      #1
[    3.831052][    T1] .... node  #0, CPUs:   #2
[    3.837106][    T1] .... node  #1, CPUs:   #3
[    3.861477][    T1] smp: Brought up 2 nodes, 4 CPUs
[    3.865215][    T1] smpboot: Total of 4 processors activated (22425.63 BogoMIPS)
[    3.876409][    T1] Memory: 2940388K/4193784K available (168261K kernel code, 41423K rwdata, 40108K rodata, 27048K init, 120456K bss, 1153864K reserved, 0K cma-reserved)
[    3.893609][    T1] devtmpfs: initialized
[    3.895414][    T1] x86/mm: Memory block size: 128MB
[    3.947021][    T1] Running RCU synchronous self tests
[    3.947021][    T1] Running RCU synchronous self tests
[    3.951268][    T1] Running RCU Tasks wait API self tests
[    3.961101][    T1] Running RCU Tasks Trace wait API self tests
[    4.011057][    T1] clocksource: jiffies: mask: 0xffffffff max_cycles: 0xffffffff, max_idle_ns: 19112604462750000 ns
[    4.019608][    T1] posixtimers hash table entries: 2048 (order: 6, 147456 bytes, vmalloc)
[    4.021216][    T1] futex hash table entries: 512 (65536 bytes on 2 NUMA nodes, total 128 KiB, linear).
[    4.035715][    T1] PM: RTC time: 16:30:18, date: 2026-01-09
[    4.064150][    T1] NET: Registered PF_NETLINK/PF_ROUTE protocol family
[    4.081030][   T41] Callback from call_rcu_tasks_trace() invoked.
[    4.077437][    T1] audit: initializing netlink subsys (disabled)
[    4.091223][   T43] audit: type=2000 audit(1767976219.547:1): state=initialized audit_enabled=0 res=1
[    4.093860][    T1] thermal_sys: Registered thermal governor 'step_wise'
[    4.097120][    T1] cpuidle: using governor menu
[    4.103986][    T1] NET: Registered PF_QIPCRTR protocol family
[    4.107540][    T1] dca service started, version 1.12.1
[    4.111406][    T1] PCI: Using configuration type 1 for base access
[    4.121768][    T1] HugeTLB: registered 2.00 MiB page size, pre-allocated 0 pages
[    4.126213][    T1] HugeTLB: 28 KiB vmemmap can be freed for a 2.00 MiB page
[    4.145349][    T1] raid6: skipped pq benchmark and selected sse2x4
[    4.148274][    T1] raid6: using intx1 recovery algorithm
[    4.162518][    T1] ACPI: Added _OSI(Module Device)
[    4.166151][    T1] ACPI: Added _OSI(Processor Device)
[    4.169850][    T1] ACPI: Added _OSI(Processor Aggregator Device)
[    4.181557][   T40] Callback from call_rcu_tasks() invoked.
[    4.249911][    T1] ACPI: 1 ACPI AML tables successfully acquired and loaded
[    4.300985][    T1] ACPI: Interpreter enabled
[    4.300985][    T1] ACPI: PM: (supports S0 S3 S4 S5)
[    4.300985][    T1] ACPI: Using IOAPIC for interrupt routing
[    4.301404][    T1] PCI: Using host bridge windows from ACPI; if necessary, use "pci=nocrs" and report a bug
[    4.308392][    T1] PCI: Using E820 reservations for host bridge windows
[    4.323179][    T1] ACPI: Enabled 2 GPEs in block 00 to 0F
[    4.546411][    T1] ACPI: PCI Root Bridge [PCI0] (domain 0000 [bus 00-ff])
[    4.551126][    T1] acpi PNP0A03:00: _OSC: OS supports [ASPM ClockPM Segments MSI HPX-Type3]
[    4.561015][    T1] acpi PNP0A03:00: _OSC: not requesting OS control; OS requires [ExtendedConfig ASPM ClockPM MSI]
[    4.573300][    T1] acpi PNP0A03:00: fail to add MMCONFIG information, can't access extended configuration space under this bridge
[    4.585025][    T1] PCI host bridge to bus 0000:00
[    4.601026][    T1] pci_bus 0000:00: Unknown NUMA node; performance will be reduced
[    4.608151][    T1] pci_bus 0000:00: root bus resource [io  0x0000-0x0cf7 window]
[    4.609287][    T1] pci_bus 0000:00: root bus resource [io  0x0d00-0xffff window]
[    4.621150][    T1] pci_bus 0000:00: root bus resource [mem 0x000a0000-0x000bffff window]
[    4.631036][    T1] pci_bus 0000:00: root bus resource [mem 0xc0000000-0xfebfffff window]
[    4.641071][    T1] pci_bus 0000:00: root bus resource [mem 0x140000000-0x1bfffffff window]
[    4.651054][    T1] pci_bus 0000:00: root bus resource [bus 00-ff]
[    4.661685][    T1] pci 0000:00:00.0: [8086:1237] type 00 class 0x060000 conventional PCI endpoint
[    4.692560][    T1] pci 0000:00:01.0: [8086:7000] type 00 class 0x060100 conventional PCI endpoint
[    4.707961][    T1] pci 0000:00:01.1: [8086:7010] type 00 class 0x010180 conventional PCI endpoint
[    4.724309][    T1] pci 0000:00:01.1: BAR 4 [io  0xc0a0-0xc0af]
[    4.731263][    T1] pci 0000:00:01.1: BAR 0 [io  0x01f0-0x01f7]: legacy IDE quirk
[    4.741027][    T1] pci 0000:00:01.1: BAR 1 [io  0x03f6]: legacy IDE quirk
[    4.751009][    T1] pci 0000:00:01.1: BAR 2 [io  0x0170-0x0177]: legacy IDE quirk
[    4.761100][    T1] pci 0000:00:01.1: BAR 3 [io  0x0376]: legacy IDE quirk
[    4.775725][    T1] pci 0000:00:01.3: [8086:7113] type 00 class 0x068000 conventional PCI endpoint
[    4.796166][    T1] pci 0000:00:01.3: quirk: [io  0x0600-0x063f] claimed by PIIX4 ACPI
[    4.801088][    T1] pci 0000:00:01.3: quirk: [io  0x0700-0x070f] claimed by PIIX4 SMB
[    4.811352][    T1] pci 0000:00:01.3: quirk_piix4_acpi+0x0/0x200 took 19531 usecs
[    4.827415][    T1] pci 0000:00:02.0: [1234:1111] type 00 class 0x030000 conventional PCI endpoint
[    4.901344][    T1] pci 0000:00:02.0: BAR 0 [mem 0xfd000000-0xfdffffff pref]
[    4.909352][    T1] pci 0000:00:02.0: BAR 2 [mem 0xfebc0000-0xfebc0fff]
[    4.911264][    T1] pci 0000:00:02.0: ROM [mem 0xfeba0000-0xfebaffff pref]
[    4.925957][    T1] pci 0000:00:02.0: Video device with shadowed ROM at [mem 0x000c0000-0x000dffff]
[    4.951988][    T1] pci 0000:00:03.0: [1af4:1005] type 00 class 0x00ff00 conventional PCI endpoint
[    4.963781][    T1] pci 0000:00:03.0: BAR 0 [io  0xc080-0xc09f]
[    4.968469][    T1] pci 0000:00:03.0: BAR 1 [mem 0xfebc1000-0xfebc1fff]
[    4.971174][    T1] pci 0000:00:03.0: BAR 4 [mem 0xfe000000-0xfe003fff 64bit pref]
[    5.070531][    T1] pci 0000:00:04.0: [1af4:1009] type 00 class 0x000200 conventional PCI endpoint
[    5.084271][    T1] pci 0000:00:04.0: BAR 0 [io  0xc000-0xc03f]
[    5.089225][    T1] pci 0000:00:04.0: BAR 1 [mem 0xfebc2000-0xfebc2fff]
[    5.091178][    T1] pci 0000:00:04.0: BAR 4 [mem 0xfe004000-0xfe007fff 64bit pref]
[    5.200776][    T1] pci 0000:00:05.0: [8086:2652] type 00 class 0x010600 conventional PCI endpoint
[    5.213704][    T1] pci 0000:00:05.0: BAR 5 [mem 0xfebb0000-0xfebbffff]
[    5.332199][    T1] pci 0000:00:06.0: [8086:100e] type 00 class 0x020000 conventional PCI endpoint
[    5.344220][    T1] pci 0000:00:06.0: BAR 0 [mem 0xfeb80000-0xfeb9ffff]
[    5.350212][    T1] pci 0000:00:06.0: BAR 1 [io  0xc040-0xc07f]
[    5.351361][    T1] pci 0000:00:06.0: ROM [mem 0xfeb40000-0xfeb7ffff pref]
[    5.487574][    T1] ACPI: PCI: Interrupt link LNKA configured for IRQ 10
[    5.498702][    T1] ACPI: PCI: Interrupt link LNKB configured for IRQ 10
[    5.511721][    T1] ACPI: PCI: Interrupt link LNKC configured for IRQ 11
[    5.520985][    T1] ACPI: PCI: Interrupt link LNKD configured for IRQ 11
[    5.531923][    T1] ACPI: PCI: Interrupt link LNKS configured for IRQ 9
[    5.581604][    T1] iommu: Default domain type: Translated
[    5.591013][    T1] iommu: DMA domain TLB invalidation policy: lazy mode
[    5.631685][    T1] SCSI subsystem initialized
[    5.655950][    T1] ACPI: bus type USB registered
[    5.662299][    T1] usbcore: registered new interface driver usbfs
[    5.668174][    T1] usbcore: registered new interface driver hub
[    5.671642][    T1] usbcore: registered new device driver usb
[    5.683645][    T1] mc: Linux media interface: v0.10
[    5.687948][    T1] videodev: Linux video capture interface: v2.00
[    5.692894][    T1] pps_core: LinuxPPS API ver. 1 registered
[    5.698004][    T1] pps_core: Software ver. 5.3.6 - Copyright 2005-2007 Rodolfo Giometti <giometti@linux.it>
[    5.711353][    T1] PTP clock support registered
[    5.724026][    T1] EDAC MC: Ver: 3.0.0
[    5.746445][    T1] Advanced Linux Sound Architecture Driver Initialized.
[    5.760018][    T1] Bluetooth: Core ver 2.22
[    5.771535][    T1] NET: Registered PF_BLUETOOTH protocol family
[    5.775893][    T1] Bluetooth: HCI device and connection manager initialized
[    5.781521][    T1] Bluetooth: HCI socket layer initialized
[    5.786790][    T1] Bluetooth: L2CAP socket layer initialized
[    5.791384][    T1] Bluetooth: SCO socket layer initialized
[    5.795526][    T1] NET: Registered PF_ATMPVC protocol family
[    5.801058][    T1] NET: Registered PF_ATMSVC protocol family
[    5.807898][    T1] NetLabel: Initializing
[    5.811002][    T1] NetLabel:  domain hash size = 128
[    5.815401][    T1] NetLabel:  protocols = UNLABELED CIPSOv4 CALIPSO
[    5.822273][    T1] NetLabel:  unlabeled traffic allowed by default
[    5.834097][    T1] nfc: nfc_init: NFC Core ver 0.1
[    5.842055][    T1] NET: Registered PF_NFC protocol family
[    5.851555][    T1] mctp: management component transport protocol core
[    5.856798][    T1] NET: Registered PF_MCTP protocol family
[    5.862002][    T1] PCI: Using ACPI for IRQ routing
[    5.872498][    T1] pci 0000:00:02.0: vgaarb: setting as boot VGA device
[    5.877462][    T1] pci 0000:00:02.0: vgaarb: bridge control possible
[    5.880985][    T1] pci 0000:00:02.0: vgaarb: VGA device added: decodes=io+mem,owns=io+mem,locks=none
[    5.891155][    T1] vgaarb: loaded
[    5.912441][    T1] hpet: 3 channels of 0 reserved for per-cpu timers
[    5.918387][    T1] hpet0: at MMIO 0xfed00000, IRQs 2, 8, 0
[    5.921014][    T1] hpet0: 3 comparators, 64-bit 100.000000 MHz counter
[    5.940985][    T1] clocksource: Switched to clocksource kvm-clock
[    5.953234][    T1] VFS: Disk quotas dquot_6.6.0
[    5.957309][    T1] VFS: Dquot-cache hash table entries: 512 (order 0, 4096 bytes)
[    5.981144][    T1] netfs: FS-Cache loaded
[    5.988496][    T1] CacheFiles: Loaded
[    5.996538][    T1] TOMOYO: 2.6.0
[    5.999829][    T1] Mandatory Access Control activated.
[    6.011320][    T1] AppArmor: AppArmor Filesystem Enabled
[    6.017778][    T1] pnp: PnP ACPI init
[    6.042555][    T1] pnp: PnP ACPI: found 6 devices
[    6.166699][    T1] clocksource: acpi_pm: mask: 0xffffff max_cycles: 0xffffff, max_idle_ns: 2085701024 ns
[    6.182908][    T1] NET: Registered PF_INET protocol family
[    6.195325][    T1] IP idents hash table entries: 65536 (order: 7, 524288 bytes, vmalloc)
[    6.231360][    T1] tcp_listen_portaddr_hash hash table entries: 2048 (order: 6, 147456 bytes, vmalloc)
[    6.242552][    T1] Table-perturb hash table entries: 65536 (order: 6, 262144 bytes, vmalloc)
[    6.253501][    T1] TCP established hash table entries: 32768 (order: 6, 262144 bytes, vmalloc)
[    6.285069][    T1] TCP bind hash table entries: 32768 (order: 11, 4718592 bytes, vmalloc hugepage)
[    6.300387][    T1] TCP: Hash tables configured (established 32768 bind 32768)
[    6.312588][    T1] MPTCP token hash table entries: 4096 (order: 7, 360448 bytes, vmalloc)
[    6.323915][    T1] UDP hash table entries: 2048 (order: 7, 524288 bytes, vmalloc)
[    6.343181][    T1] UDP-Lite hash table entries: 2048 (order: 7, 524288 bytes, vmalloc)
[    6.354531][    T1] NET: Registered PF_UNIX/PF_LOCAL protocol family
[    6.368802][    T1] RPC: Registered named UNIX socket transport module.
[    6.374278][    T1] RPC: Registered udp transport module.
[    6.378570][    T1] RPC: Registered tcp transport module.
[    6.382770][    T1] RPC: Registered tcp-with-tls transport module.
[    6.392715][    T1] RPC: Registered tcp NFSv4.1 backchannel transport module.
[    6.406063][    T1] NET: Registered PF_XDP protocol family
[    6.411561][    T1] pci_bus 0000:00: resource 4 [io  0x0000-0x0cf7 window]
[    6.416457][    T1] pci_bus 0000:00: resource 5 [io  0x0d00-0xffff window]
[    6.421608][    T1] pci_bus 0000:00: resource 6 [mem 0x000a0000-0x000bffff window]
[    6.427917][    T1] pci_bus 0000:00: resource 7 [mem 0xc0000000-0xfebfffff window]
[    6.434709][    T1] pci_bus 0000:00: resource 8 [mem 0x140000000-0x1bfffffff window]
[    6.444426][    T1] pci 0000:00:01.0: PIIX3: Enabling Passive Release
[    6.449993][    T1] pci 0000:00:00.0: Limiting direct PCI/PCI transfers
[    6.456744][    T1] PCI: CLS 0 bytes, default 64
[    6.462881][    T1] PCI-DMA: Using software bounce buffering for IO (SWIOTLB)
[    6.469521][    T1] software IO TLB: mapped [mem 0x00000000bbfe0000-0x00000000bffe0000] (64MB)
[    6.478317][    T1] ACPI: bus type thunderbolt registered
[    6.488361][   T80] kworker/u18:2 (80) used greatest stack depth: 28312 bytes left
[    6.490775][    T1] kvm_intel: VMX not supported by CPU 3
[    6.495220][   T79] kworker/u18:2 (79) used greatest stack depth: 27992 bytes left
[    6.499078][    T1] kvm_amd: CPU 3 isn't AMD or Hygon
[    6.509599][    T1] clocksource: tsc: mask: 0xffffffffffffffff max_cycles: 0x2868139ef5d, max_idle_ns: 440795282642 ns
[    6.516856][   T81] kworker/u18:2 (81) used greatest stack depth: 27912 bytes left
[    6.532025][    T1] twofish-x86_64-3way: performance on this CPU would be suboptimal: disabling twofish-x86_64-3way.
[    6.538868][    T1] CPU feature 'AVX registers' is not supported.
[    6.546907][    T1] CPU feature 'AVX registers' is not supported.
[    6.552300][    T1] AVX2 instructions are not detected.
[    6.557596][    T1] des3_ede-x86_64: performance on this CPU would be suboptimal: disabling des3_ede-x86_64.
[    6.565272][    T1] camellia-x86_64: performance on this CPU would be suboptimal: disabling camellia-x86_64.
[    6.571496][    T1] AVX or AES-NI instructions are not detected.
[    6.575077][    T1] AVX2 or AES-NI instructions are not detected.
[    6.578844][    T1] blowfish-x86_64: performance on this CPU would be suboptimal: disabling blowfish-x86_64.
[    6.585947][    T1] CPU feature 'AVX registers' is not supported.
[    6.589468][    T1] CPU feature 'AVX registers' is not supported.
[    6.595535][    T1] sm3_avx_x86_64: AVX instruction are not detected.
[    6.600502][    T1] AVX or AES-NI instructions are not detected.
[    6.604667][    T1] AVX2 or AES-NI instructions are not detected.
[    6.609362][    T1] AVX or AES-NI instructions are not detected.
[    6.631722][   T95] kworker/u17:0 (95) used greatest stack depth: 27688 bytes left
[    9.496398][    T1] Initialise system trusted keyrings
[    9.496846][  T107] kworker/u18:0 (107) used greatest stack depth: 27432 bytes left
[    9.503751][    T1] workingset: timestamp_bits=40 max_order=20 bucket_order=0
[    9.518587][    T1] DLM installed
[    9.526037][    T1] squashfs: version 4.0 (2009/01/31) Phillip Lougher
[    9.535654][    T1] NFS: Registering the id_resolver key type
[    9.539194][    T1] Key type id_resolver registered
[    9.542173][    T1] Key type id_legacy registered
[    9.545284][    T1] nfs4filelayout_init: NFSv4 File Layout Driver Registering...
[    9.550985][    T1] nfs4flexfilelayout_init: NFSv4 Flexfile Layout Driver Registering...
[    9.569935][    T1] Key type cifs.spnego registered
[    9.574165][    T1] Key type cifs.idmap registered
[    9.580270][    T1] ntfs3: Enabled Linux POSIX ACLs support
[    9.584470][    T1] ntfs3: Read-only LZX/Xpress compression included
[    9.590020][    T1] efs: 1.0a - http://aeschi.ch.eu.org/efs/
[    9.594318][    T1] jffs2: version 2.2. (NAND) (SUMMARY)  © 2001-2006 Red Hat, Inc.
[    9.602199][    T1] romfs: ROMFS MTD (C) 2007 Red Hat, Inc.
[    9.606333][    T1] QNX4 filesystem 0.2.3 registered.
[    9.610923][    T1] qnx6: QNX6 filesystem 1.0.0 registered.
[    9.616234][    T1] fuse: init (API version 7.45)
[    9.623369][    T1] orangefs_debugfs_init: called with debug mask: :none: :0:
[    9.629420][    T1] orangefs_init: module version upstream loaded
[    9.634251][    T1] JFS: nTxBlock = 8192, nTxLock = 65536
[    9.681933][    T1] SGI XFS with ACLs, security attributes, realtime, quota, no debug enabled
[    9.698192][    T1] 9p: Installing v9fs 9p2000 file system support
[    9.703618][    T1] NILFS version 2 loaded
[    9.707081][    T1] befs: version: 0.9.3
[    9.711643][    T1] ocfs2: Registered cluster interface o2cb
[    9.716666][    T1] ocfs2: Registered cluster interface user
[    9.721340][    T1] OCFS2 User DLM kernel interface loaded
[    9.744191][    T1] gfs2: GFS2 installed
[    9.759012][    T1] ceph: loaded (mds proto 32)
[    9.772096][    T1] cryptd: max_cpu_qlen set to 1000
[    9.798578][    T1] NET: Registered PF_ALG protocol family
[    9.803164][    T1] xor: measuring software checksum speed
[    9.807686][    T1]    prefetch64-sse  :  8339 MB/sec
[    9.812098][    T1]    generic_sse     :  6703 MB/sec
[    9.815632][    T1] xor: using function: prefetch64-sse (8339 MB/sec)
[    9.820624][    T1] async_tx: api initialized (async)
[    9.824295][    T1] Key type asymmetric registered
[    9.828662][    T1] Asymmetric key parser 'x509' registered
[    9.833019][    T1] Asymmetric key parser 'pkcs8' registered
[    9.836452][    T1] Key type pkcs7_test registered
[    9.840109][    T1] Block layer SCSI generic (bsg) driver version 0.4 loaded (major 239)
[    9.848356][    T1] io scheduler mq-deadline registered
[    9.852364][    T1] io scheduler kyber registered
[    9.855982][    T1] io scheduler bfq registered
[    9.867096][  T167] kworker/u17:3 (167) used greatest stack depth: 26952 bytes left
[    9.871911][    T1] input: Power Button as /devices/LNXSYSTM:00/LNXPWRBN:00/input/input0
[    9.883005][    T1] ACPI: button: Power Button [PWRF]
[    9.899543][    T1] ioatdma: Intel(R) QuickData Technology Driver 5.00
[   14.433295][    T1] ACPI: \_SB_.LNKC: Enabled at IRQ 11
[   18.843168][    T1] ACPI: \_SB_.LNKD: Enabled at IRQ 10
[   19.514717][    T1] N_HDLC line discipline registered with maxframe=4096
[   19.520369][    T1] Serial: 8250/16550 driver, 4 ports, IRQ sharing enabled
[   19.535766][    T1] 00:04: ttyS0 at I/O 0x3f8 (irq = 4, base_baud = 115200) is a 16550A
[   19.598407][    T1] Non-volatile memory driver v1.3
[   19.615648][    T1] Linux agpgart interface v0.103
[   19.615705][  T779] random: crng init done
[   19.624209][    T1] usbcore: registered new interface driver xillyusb
[   19.640385][    T1] ACPI: bus type drm_connector registered
[   19.656294][    T1] [drm] Initialized vgem 1.0.0 for vgem on minor 0
[   19.676987][    T1] [drm] Initialized vkms 1.0.0 for vkms on minor 1
[   19.785669][    T1] Console: switching to colour frame buffer device 128x48
[   19.806193][    T1] faux_driver vkms: [drm] fb0: vkmsdrmfb frame buffer device
[   19.818265][    T1] usbcore: registered new interface driver udl
[   19.827972][    T1] bochs-drm 0000:00:02.0: vgaarb: deactivate vga console
[   19.851488][    T1] [drm] Found bochs VGA, ID 0xb0c5.
[   19.855719][    T1] [drm] Framebuffer size 16384 kB @ 0xfd000000, mmio @ 0xfebc0000.
[   19.872435][    T1] [drm] Initialized bochs-drm 1.0.0 for 0000:00:02.0 on minor 2
[   19.930723][    T1] fbcon: bochs-drmdrmfb (fb1) is primary device
[   19.930758][    T1] fbcon: Remapping primary device, fb1, to tty 1-63
[   20.837796][    T1] bochs-drm 0000:00:02.0: [drm] fb1: bochs-drmdrmfb frame buffer device
[   20.845242][    T1] usbcore: registered new interface driver gm12u320
[   20.850281][    T1] usbcore: registered new interface driver gud
[   20.945184][    T1] brd: module loaded
[   21.197976][    T1] loop: module loaded
[   21.536861][    T1] zram: Added device: zram0
[   21.559534][    T1] null_blk: disk nullb0 created
[   21.563347][    T1] null_blk: module loaded
[   21.567728][    T1] Guest personality initialized and is inactive
[   21.572322][    T1] VMCI host device registered (name=vmci, major=10, minor=266)
[   21.577127][    T1] Initialized host personality
[   21.581050][    T1] usbcore: registered new interface driver rtsx_usb
[   21.587402][    T1] usbcore: registered new interface driver viperboard
[   21.593517][    T1] usbcore: registered new interface driver dln2
[   21.599317][    T1] usbcore: registered new interface driver pn533_usb
[   21.608855][    T1] nfcsim 0.2 initialized
[   21.613083][    T1] usbcore: registered new interface driver port100
[   21.618503][    T1] usbcore: registered new interface driver nfcmrvl
[   21.631131][    T1] Loading iSCSI transport class v2.0-870.
[   21.644622][    T1] st: Version 20160209, fixed bufsize 32768, s/g segs 256
[   26.094064][    T1] ACPI: \_SB_.LNKA: Enabled at IRQ 10
[   26.131135][    T1] ahci 0000:00:05.0: SSS flag set, parallel bus scan disabled
[   26.152670][    T1] ahci 0000:00:05.0: AHCI vers 0103.0000, 1 command slots, ? Gbps, SATA mode
[   26.160150][    T1] ahci 0000:00:05.0: 32/32 ports implemented (port mask 0xffffffff)
[   26.165786][    T1] ahci 0000:00:05.0: flags: 64bit ncq stag only 
[   26.353077][    T1] scsi host0: ahci
[   26.361628][    T1] scsi host1: ahci
[   26.369365][    T1] scsi host2: ahci
[   26.377495][    T1] scsi host3: ahci
[   26.384705][    T1] scsi host4: ahci
[   26.395801][    T1] scsi host5: ahci
[   26.401705][    T1] scsi host6: ahci
[   26.413009][    T1] scsi host7: ahci
[   26.421973][    T1] scsi host8: ahci
[   26.432561][    T1] scsi host9: ahci
[   26.444773][    T1] scsi host10: ahci
[   26.454254][    T1] scsi host11: ahci
[   26.466089][    T1] scsi host12: ahci
[   26.473390][    T1] scsi host13: ahci
[   26.481809][    T1] scsi host14: ahci
[   26.491345][    T1] scsi host15: ahci
[   26.501839][    T1] scsi host16: ahci
[   26.514078][    T1] scsi host17: ahci
[   26.524829][    T1] scsi host18: ahci
[   26.537220][    T1] scsi host19: ahci
[   26.548165][    T1] scsi host20: ahci
[   26.556940][    T1] scsi host21: ahci
[   26.565448][    T1] scsi host22: ahci
[   26.574842][    T1] scsi host23: ahci
[   26.583216][    T1] scsi host24: ahci
[   26.592896][    T1] scsi host25: ahci
[   26.605732][    T1] scsi host26: ahci
[   26.618381][    T1] scsi host27: ahci
[   26.629786][    T1] scsi host28: ahci
[   26.639775][    T1] scsi host29: ahci
[   26.649287][    T1] scsi host30: ahci
[   26.657193][    T1] scsi host31: ahci
[   26.662524][    T1] ata1: SATA max UDMA/133 abar m65536@0xfebb0000 port 0xfebb0100 irq 26 lpm-pol 1
[   26.669070][    T1] ata2: SATA max UDMA/133 abar m65536@0xfebb0000 port 0xfebb0180 irq 27 lpm-pol 1
[   26.675504][    T1] ata3: SATA max UDMA/133 abar m65536@0xfebb0000 port 0xfebb0200 irq 28 lpm-pol 1
[   26.682296][    T1] ata4: SATA max UDMA/133 abar m65536@0xfebb0000 port 0xfebb0280 irq 29 lpm-pol 1
[   26.689254][    T1] ata5: SATA max UDMA/133 abar m65536@0xfebb0000 port 0xfebb0300 irq 30 lpm-pol 1
[   26.696066][    T1] ata6: SATA max UDMA/133 abar m65536@0xfebb0000 port 0xfebb0380 irq 31 lpm-pol 1
[   26.702251][    T1] ata7: SATA max UDMA/133 abar m65536@0xfebb0000 port 0xfebb0400 irq 32 lpm-pol 1
[   26.708651][    T1] ata8: SATA max UDMA/133 abar m65536@0xfebb0000 port 0xfebb0480 irq 33 lpm-pol 1
[   26.716823][    T1] ata9: SATA max UDMA/133 abar m65536@0xfebb0000 port 0xfebb0500 irq 34 lpm-pol 1
[   26.724658][    T1] ata10: SATA max UDMA/133 abar m65536@0xfebb0000 port 0xfebb0580 irq 35 lpm-pol 1
[   26.731851][    T1] ata11: SATA max UDMA/133 abar m65536@0xfebb0000 port 0xfebb0600 irq 36 lpm-pol 1
[   26.739029][    T1] ata12: SATA max UDMA/133 abar m65536@0xfebb0000 port 0xfebb0680 irq 37 lpm-pol 1
[   26.746922][    T1] ata13: SATA max UDMA/133 abar m65536@0xfebb0000 port 0xfebb0700 irq 38 lpm-pol 1
[   26.753803][    T1] ata14: SATA max UDMA/133 abar m65536@0xfebb0000 port 0xfebb0780 irq 39 lpm-pol 1
[   26.760920][    T1] ata15: SATA max UDMA/133 abar m65536@0xfebb0000 port 0xfebb0800 irq 40 lpm-pol 1
[   26.772147][    T1] ata16: SATA max UDMA/133 abar m65536@0xfebb0000 port 0xfebb0880 irq 41 lpm-pol 1
[   26.779520][    T1] ata17: SATA max UDMA/133 abar m65536@0xfebb0000 port 0xfebb0900 irq 42 lpm-pol 1
[   26.787390][    T1] ata18: SATA max UDMA/133 abar m65536@0xfebb0000 port 0xfebb0980 irq 43 lpm-pol 1
[   26.794633][    T1] ata19: SATA max UDMA/133 abar m65536@0xfebb0000 port 0xfebb0a00 irq 44 lpm-pol 1
[   26.801255][    T1] ata20: SATA max UDMA/133 abar m65536@0xfebb0000 port 0xfebb0a80 irq 45 lpm-pol 1
[   26.808799][    T1] ata21: SATA max UDMA/133 abar m65536@0xfebb0000 port 0xfebb0b00 irq 46 lpm-pol 1
[   26.816743][    T1] ata22: SATA max UDMA/133 abar m65536@0xfebb0000 port 0xfebb0b80 irq 47 lpm-pol 1
[   26.824263][    T1] ata23: SATA max UDMA/133 abar m65536@0xfebb0000 port 0xfebb0c00 irq 48 lpm-pol 1
[   26.832189][    T1] ata24: SATA max UDMA/133 abar m65536@0xfebb0000 port 0xfebb0c80 irq 49 lpm-pol 1
[   26.839880][    T1] ata25: SATA max UDMA/133 abar m65536@0xfebb0000 port 0xfebb0d00 irq 50 lpm-pol 1
[   26.846796][    T1] ata26: SATA max UDMA/133 abar m65536@0xfebb0000 port 0xfebb0d80 irq 51 lpm-pol 1
[   26.853026][    T1] ata27: SATA max UDMA/133 abar m65536@0xfebb0000 port 0xfebb0e00 irq 52 lpm-pol 1
[   26.861531][    T1] ata28: SATA max UDMA/133 abar m65536@0xfebb0000 port 0xfebb0e80 irq 53 lpm-pol 1
[   26.868066][    T1] ata29: SATA max UDMA/133 abar m65536@0xfebb0000 port 0xfebb0f00 irq 54 lpm-pol 1
[   26.874288][    T1] ata30: SATA max UDMA/133 abar m65536@0xfebb0000 port 0xfebb0f80 irq 55 lpm-pol 1
[   26.880674][    T1] ata31: SATA max UDMA/133 abar m65536@0xfebb0000 port 0xfebb1000 irq 56 lpm-pol 1
[   26.886940][    T1] ata32: SATA max UDMA/133 abar m65536@0xfebb0000 port 0xfebb1080 irq 57 lpm-pol 1
[   26.910966][    T1] scsi host32: ata_piix
[   26.921005][    T1] scsi host33: ata_piix
[   26.926867][    T1] ata33: PATA max MWDMA2 cmd 0x1f0 ctl 0x3f6 bmdma 0xc0a0 irq 14 lpm-pol 0
[   26.935561][    T1] ata34: PATA max MWDMA2 cmd 0x170 ctl 0x376 bmdma 0xc0a8 irq 15 lpm-pol 0
[   26.953123][    T1] Rounding down aligned max_sectors from 4294967295 to 4294967288
[   26.963668][    T1] db_root: cannot open: /etc/target
[   26.981070][    T1] slram: not enough parameters.
[   26.997208][    T1] ftl_cs: FTL header not found.
[   27.052691][    T1] wireguard: WireGuard 1.0.0 loaded. See www.wireguard.com for information.
[   27.059295][    T1] wireguard: Copyright (C) 2015-2019 Jason A. Donenfeld <Jason@zx2c4.com>. All Rights Reserved.
[   27.067050][    T1] eql: Equalizer2002: Simon Janes (simon@ncm.com) and David S. Miller (davem@redhat.com)
[   27.085373][    T1] MACsec IEEE 802.1AE
[   27.103267][    T1] usbcore: registered new interface driver mvusb_mdio
[   27.108771][    T1] tun: Universal TUN/TAP device driver, 1.6
[   27.117171][    T1] vcan: Virtual CAN interface driver
[   27.121445][    T1] vxcan: Virtual CAN Tunnel driver
[   27.126036][    T1] slcan: serial line CAN interface driver
[   27.130984][    T1] CAN device driver interface
[   27.134269][    T1] usbcore: registered new interface driver usb_8dev
[   27.139430][    T1] usbcore: registered new interface driver ems_usb
[   27.143565][    T1] usbcore: registered new interface driver esd_usb
[   27.147747][    T1] usbcore: registered new interface driver etas_es58x
[   27.152057][ T1334] ata33: found unknown device (class 0)
[   27.154705][    T1] usbcore: registered new interface driver f81604
[   27.164534][ T1338] ata34: found unknown device (class 0)
[   27.164894][    T1] usbcore: registered new interface driver gs_usb
[   27.177210][    T1] usbcore: registered new interface driver kvaser_usb
[   27.182260][ T1334] ata33.00: ATA-7: QEMU HARDDISK, 2.5+, max UDMA/100
[   27.185507][    T1] usbcore: registered new interface driver mcba_usb
[   27.194758][ T1334] ata33.00: 536870912 sectors, multi 16: LBA48 
[   27.200241][    T1] usbcore: registered new interface driver peak_usb
[   27.203012][ T1338] ata34.00: ATAPI: QEMU DVD-ROM, 2.5+, max UDMA/100
[   27.209389][    T1] usbcore: registered new interface driver ucan
[   27.221671][ T1167] ata1: found unknown device (class 0)
[   27.225649][    T1] e100: Intel(R) PRO/100 Network Driver
[   27.230325][ T1167] ata1: SATA link up 3.0 Gbps (SStatus 123 SControl 300)
[   27.237036][    T1] e100: Copyright(c) 1999-2006 Intel Corporation
[   27.243827][ T1167] ata1: link online but 1 devices misclassified, retrying
[   27.256401][    T1] e1000: Intel(R) PRO/1000 Network Driver
[   27.261574][ T1167] ata1: reset failed (errno=-11), retrying in 10 secs
[   27.271664][    T1] e1000: Copyright (c) 1999-2006 Intel Corporation.
[   31.734093][    T1] ACPI: \_SB_.LNKB: Enabled at IRQ 11
[   32.501012][    T1] e1000 0000:00:06.0 eth0: (PCI:33MHz:32-bit) 52:54:00:12:34:56
[   32.506530][    T1] e1000 0000:00:06.0 eth0: Intel(R) PRO/1000 Network Connection
[   32.512173][    T1] e1000e: Intel(R) PRO/1000 Network Driver
[   32.517024][    T1] e1000e: Copyright(c) 1999 - 2015 Intel Corporation.
[   32.525442][    T1] mkiss: AX.25 Multikiss, Hans Albas PE1AYX
[   32.530615][    T1] AX.25: bpqether driver version 004
[   32.535023][    T1] PPP generic driver version 2.4.2
[   32.541225][    T1] PPP BSD Compression module registered
[   32.545671][    T1] PPP Deflate Compression module registered
[   32.550432][    T1] PPP MPPE Compression module registered
[   32.554843][    T1] NET: Registered PF_PPPOX protocol family
[   32.559962][    T1] PPTP driver version 0.8.5
[   32.565112][    T1] SLIP: version 0.8.4-NET3.019-NEWTTY (dynamic channels, max=256) (6 bit encapsulation enabled).
[   32.573413][    T1] CSLIP: code copyright 1989 Regents of the University of California.
[   32.578761][    T1] SLIP linefill/keepalive option.
[   32.581710][    T1] hdlc: HDLC support module revision 1.22
[   32.585826][    T1] LAPB Ethernet driver version 0.02
[   32.590480][    T1] usbcore: registered new interface driver ath9k_htc
[   32.595239][    T1] usbcore: registered new interface driver carl9170
[   32.599930][    T1] usbcore: registered new interface driver ath6kl_usb
[   32.605526][    T1] usbcore: registered new interface driver ar5523
[   32.612503][    T1] usbcore: registered new interface driver ath10k_usb
[   32.617334][    T1] usbcore: registered new interface driver plfxlc
[   32.621853][    T1] mac80211_hwsim: initializing netlink
[   32.660130][    T1] usbcore: registered new interface driver atusb
[   32.689105][    T1] mac802154_hwsim mac802154_hwsim: Added 2 mac802154 hwsim hardware radios
[   32.697040][    T1] VMware vmxnet3 virtual NIC driver - version 1.9.0.0-k-NAPI
[   32.705656][    T1] usbcore: registered new interface driver catc
[   32.712534][    T1] usbcore: registered new interface driver kaweth
[   32.717953][    T1] pegasus: Pegasus/Pegasus II USB Ethernet driver
[   32.723673][    T1] usbcore: registered new interface driver pegasus
[   32.728350][    T1] usbcore: registered new interface driver rtl8150
[   32.732794][    T1] usbcore: registered new device driver r8152-cfgselector
[   32.738941][    T1] usbcore: registered new interface driver r8152
[   32.743568][    T1] usbcore: registered new interface driver hso
[   32.748035][    T1] usbcore: registered new interface driver lan78xx
[   32.752532][    T1] usbcore: registered new interface driver asix
[   32.757636][    T1] usbcore: registered new interface driver ax88179_178a
[   32.763201][    T1] usbcore: registered new interface driver cdc_ether
[   32.769349][    T1] usbcore: registered new interface driver cdc_eem
[   32.775187][    T1] usbcore: registered new interface driver dm9601
[   32.780329][    T1] usbcore: registered new interface driver sr9700
[   32.784118][    T1] usbcore: registered new interface driver CoreChips
[   32.788914][    T1] usbcore: registered new interface driver smsc75xx
[   32.794697][    T1] usbcore: registered new interface driver smsc95xx
[   32.799861][    T1] usbcore: registered new interface driver gl620a
[   32.804736][    T1] usbcore: registered new interface driver net1080
[   32.819804][    T1] usbcore: registered new interface driver plusb
[   32.823738][    T1] usbcore: registered new interface driver rndis_host
[   32.828520][    T1] usbcore: registered new interface driver cdc_subset
[   32.833001][    T1] usbcore: registered new interface driver zaurus
[   32.837299][    T1] usbcore: registered new interface driver MOSCHIP usb-ethernet driver
[   32.844454][    T1] usbcore: registered new interface driver int51x1
[   32.849442][    T1] usbcore: registered new interface driver cdc_phonet
[   32.854992][    T1] usbcore: registered new interface driver kalmia
[   32.860887][    T1] usbcore: registered new interface driver ipheth
[   32.865985][    T1] usbcore: registered new interface driver sierra_net
[   32.871182][    T1] usbcore: registered new interface driver cx82310_eth
[   32.876942][    T1] usbcore: registered new interface driver cdc_ncm
[   32.881815][    T1] usbcore: registered new interface driver huawei_cdc_ncm
[   32.886933][    T1] usbcore: registered new interface driver lg-vl600
[   32.890742][    T1] usbcore: registered new interface driver qmi_wwan
[   32.894196][    T1] usbcore: registered new interface driver cdc_mbim
[   32.900950][    T1] usbcore: registered new interface driver ch9200
[   32.905080][    T1] usbcore: registered new interface driver aqc111
[   32.909106][    T1] usbcore: registered new interface driver r8153_ecm
[   32.918063][    T1] VFIO - User Level meta-driver version: 0.3
[   32.927983][    T1] aoe: AoE v85 initialised.
[   32.945135][    T1] usbcore: registered new interface driver cdc_acm
[   32.949512][    T1] cdc_acm: USB Abstract Control Model driver for USB modems and ISDN adapters
[   32.959381][    T1] usbcore: registered new interface driver usblp
[   32.964088][    T1] usbcore: registered new interface driver cdc_wdm
[   32.969122][    T1] usbcore: registered new interface driver usbtmc
[   32.976789][    T1] usbcore: registered new interface driver uas
[   32.984490][    T1] usbcore: registered new interface driver usb-storage
[   32.993373][    T1] usbcore: registered new interface driver ums-alauda
[   32.999140][    T1] usbcore: registered new interface driver ums-cypress
[   33.005059][    T1] usbcore: registered new interface driver ums-datafab
[   33.011455][    T1] usbcore: registered new interface driver ums_eneub6250
[   33.016646][    T1] usbcore: registered new interface driver ums-freecom
[   33.022760][    T1] usbcore: registered new interface driver ums-isd200
[   33.030028][    T1] usbcore: registered new interface driver ums-jumpshot
[   33.035447][    T1] usbcore: registered new interface driver ums-karma
[   33.040980][    T1] usbcore: registered new interface driver ums-onetouch
[   33.046261][    T1] usbcore: registered new interface driver ums-realtek
[   33.052352][    T1] usbcore: registered new interface driver ums-sddr09
[   33.058952][    T1] usbcore: registered new interface driver ums-sddr55
[   33.065344][    T1] usbcore: registered new interface driver ums-usbat
[   33.071907][    T1] usbcore: registered new interface driver mdc800
[   33.076361][    T1] mdc800: v0.7.5 (30/10/2000):USB Driver for Mustek MDC800 Digital Camera
[   33.083284][    T1] usbcore: registered new interface driver microtekX6
[   33.089151][    T1] usbcore: registered new interface driver usbserial_generic
[   33.095091][    T1] usbserial: USB Serial support registered for generic
[   33.100060][    T1] usbcore: registered new interface driver aircable
[   33.105084][    T1] usbserial: USB Serial support registered for aircable
[   33.110240][    T1] usbcore: registered new interface driver ark3116
[   33.115106][    T1] usbserial: USB Serial support registered for ark3116
[   33.120791][    T1] usbcore: registered new interface driver belkin_sa
[   33.126461][    T1] usbserial: USB Serial support registered for Belkin / Peracom / GoHubs USB Serial Adapter
[   33.136143][    T1] usbcore: registered new interface driver ch341
[   33.142803][    T1] usbserial: USB Serial support registered for ch341-uart
[   33.148230][    T1] usbcore: registered new interface driver cp210x
[   33.156709][    T1] usbserial: USB Serial support registered for cp210x
[   33.161301][    T1] usbcore: registered new interface driver cyberjack
[   33.165866][    T1] usbserial: USB Serial support registered for Reiner SCT Cyberjack USB card reader
[   33.171150][    T1] usbcore: registered new interface driver cypress_m8
[   33.174941][    T1] usbserial: USB Serial support registered for DeLorme Earthmate USB
[   33.179263][    T1] usbserial: USB Serial support registered for HID->COM RS232 Adapter
[   33.183785][    T1] usbserial: USB Serial support registered for Nokia CA-42 V2 Adapter
[   33.189126][    T1] usbcore: registered new interface driver usb_debug
[   33.194300][    T1] usbserial: USB Serial support registered for debug
[   33.199343][    T1] usbserial: USB Serial support registered for xhci_dbc
[   33.206235][    T1] usbcore: registered new interface driver digi_acceleport
[   33.211626][    T1] usbserial: USB Serial support registered for Digi 2 port USB adapter
[   33.217775][    T1] usbserial: USB Serial support registered for Digi 4 port USB adapter
[   33.224303][    T1] usbcore: registered new interface driver io_edgeport
[   33.230070][    T1] usbserial: USB Serial support registered for Edgeport 2 port adapter
[   33.237108][    T1] usbserial: USB Serial support registered for Edgeport 4 port adapter
[   33.244531][    T1] usbserial: USB Serial support registered for Edgeport 8 port adapter
[   33.251247][    T1] usbserial: USB Serial support registered for EPiC device
[   33.258817][    T1] usbcore: registered new interface driver io_ti
[   33.263693][    T1] usbserial: USB Serial support registered for Edgeport TI 1 port adapter
[   33.270213][    T1] usbserial: USB Serial support registered for Edgeport TI 2 port adapter
[   33.278414][    T1] usbcore: registered new interface driver empeg
[   33.283639][    T1] usbserial: USB Serial support registered for empeg
[   33.290466][    T1] usbcore: registered new interface driver f81534a_ctrl
[   33.297496][    T1] usbcore: registered new interface driver f81232
[   33.303896][    T1] usbserial: USB Serial support registered for f81232
[   33.307889][    T1] usbserial: USB Serial support registered for f81534a
[   33.314577][    T1] usbcore: registered new interface driver f81534
[   33.319596][    T1] usbserial: USB Serial support registered for Fintek F81532/F81534
[   33.326597][    T1] usbcore: registered new interface driver ftdi_sio
[   33.331013][    T1] usbserial: USB Serial support registered for FTDI USB Serial Device
[   33.339808][    T1] usbcore: registered new interface driver garmin_gps
[   33.343839][    T1] usbserial: USB Serial support registered for Garmin GPS usb/tty
[   33.348961][    T1] usbcore: registered new interface driver ipaq
[   33.352590][    T1] usbserial: USB Serial support registered for PocketPC PDA
[   33.357559][    T1] usbcore: registered new interface driver ipw
[   33.362649][    T1] usbserial: USB Serial support registered for IPWireless converter
[   33.370259][    T1] usbcore: registered new interface driver ir_usb
[   33.376826][    T1] usbserial: USB Serial support registered for IR Dongle
[   33.385966][    T1] usbcore: registered new interface driver iuu_phoenix
[   33.391527][    T1] usbserial: USB Serial support registered for iuu_phoenix
[   33.397902][    T1] usbcore: registered new interface driver keyspan
[   33.404048][    T1] usbserial: USB Serial support registered for Keyspan - (without firmware)
[   33.411167][    T1] usbserial: USB Serial support registered for Keyspan 1 port adapter
[   33.418049][    T1] usbserial: USB Serial support registered for Keyspan 2 port adapter
[   33.423694][    T1] usbserial: USB Serial support registered for Keyspan 4 port adapter
[   33.431180][    T1] usbcore: registered new interface driver keyspan_pda
[   33.436305][    T1] usbserial: USB Serial support registered for Keyspan PDA
[   33.443847][    T1] usbserial: USB Serial support registered for Keyspan PDA - (prerenumeration)
[   33.451999][    T1] usbcore: registered new interface driver kl5kusb105
[   33.458066][    T1] usbserial: USB Serial support registered for KL5KUSB105D / PalmConnect
[   33.466297][    T1] usbcore: registered new interface driver kobil_sct
[   33.471551][    T1] usbserial: USB Serial support registered for KOBIL USB smart card terminal
[   33.478301][    T1] usbcore: registered new interface driver mct_u232
[   33.483815][    T1] usbserial: USB Serial support registered for MCT U232
[   33.489575][    T1] usbcore: registered new interface driver metro_usb
[   33.497696][    T1] usbserial: USB Serial support registered for Metrologic USB to Serial
[   33.506079][    T1] usbcore: registered new interface driver mos7720
[   33.511806][    T1] usbserial: USB Serial support registered for Moschip 2 port adapter
[   33.517802][    T1] usbcore: registered new interface driver mos7840
[   33.522419][    T1] usbserial: USB Serial support registered for Moschip 7840/7820 USB Serial Driver
[   33.529366][    T1] usbcore: registered new interface driver mxuport
[   33.535924][    T1] usbserial: USB Serial support registered for MOXA UPort
[   33.540381][    T1] usbcore: registered new interface driver navman
[   33.544894][    T1] usbserial: USB Serial support registered for navman
[   33.549320][    T1] usbcore: registered new interface driver omninet
[   33.553302][    T1] usbserial: USB Serial support registered for ZyXEL - omni.net usb
[   33.562534][    T1] usbcore: registered new interface driver opticon
[   33.567701][    T1] usbserial: USB Serial support registered for opticon
[   33.573117][    T1] usbcore: registered new interface driver option
[   33.579225][    T1] usbserial: USB Serial support registered for GSM modem (1-port)
[   33.584602][    T1] usbcore: registered new interface driver oti6858
[   33.589564][    T1] usbserial: USB Serial support registered for oti6858
[   33.595911][    T1] usbcore: registered new interface driver pl2303
[   33.601008][    T1] usbserial: USB Serial support registered for pl2303
[   33.605508][    T1] usbcore: registered new interface driver qcaux
[   33.610926][    T1] usbserial: USB Serial support registered for qcaux
[   33.617547][    T1] usbcore: registered new interface driver qcserial
[   33.624208][    T1] usbserial: USB Serial support registered for Qualcomm USB modem
[   33.633965][    T1] usbcore: registered new interface driver quatech2
[   33.639364][    T1] usbserial: USB Serial support registered for Quatech 2nd gen USB to Serial Driver
[   33.646854][    T1] usbcore: registered new interface driver safe_serial
[   33.653671][    T1] usbserial: USB Serial support registered for safe_serial
[   33.658252][    T1] usbcore: registered new interface driver sierra
[   33.662927][    T1] usbserial: USB Serial support registered for Sierra USB modem
[   33.668902][    T1] usbcore: registered new interface driver usb_serial_simple
[   33.675050][    T1] usbserial: USB Serial support registered for carelink
[   33.680521][    T1] usbserial: USB Serial support registered for flashloader
[   33.686547][    T1] usbserial: USB Serial support registered for funsoft
[   33.692554][    T1] usbserial: USB Serial support registered for google
[   33.697664][    T1] usbserial: USB Serial support registered for hp4x
[   33.702818][    T1] usbserial: USB Serial support registered for kaufmann
[   33.708635][    T1] usbserial: USB Serial support registered for libtransistor
[   33.714017][    T1] usbserial: USB Serial support registered for moto_modem
[   33.719215][    T1] usbserial: USB Serial support registered for motorola_tetra
[   33.725545][    T1] usbserial: USB Serial support registered for nokia
[   33.731434][    T1] usbserial: USB Serial support registered for novatel_gps
[   33.737744][    T1] usbserial: USB Serial support registered for owon
[   33.743306][    T1] usbserial: USB Serial support registered for siemens_mpi
[   33.753332][    T1] usbserial: USB Serial support registered for suunto
[   33.758510][    T1] usbserial: USB Serial support registered for vivopay
[   33.763929][    T1] usbserial: USB Serial support registered for zio
[   33.768778][    T1] usbcore: registered new interface driver spcp8x5
[   33.772952][    T1] usbserial: USB Serial support registered for SPCP8x5
[   33.777686][    T1] usbcore: registered new interface driver ssu100
[   33.781910][    T1] usbserial: USB Serial support registered for Quatech SSU-100 USB to Serial Driver
[   33.789136][    T1] usbcore: registered new interface driver symbolserial
[   33.794542][    T1] usbserial: USB Serial support registered for symbol
[   33.799448][    T1] usbcore: registered new interface driver ti_usb_3410_5052
[   33.803573][    T1] usbserial: USB Serial support registered for TI USB 3410 1 port adapter
[   33.809471][    T1] usbserial: USB Serial support registered for TI USB 5052 2 port adapter
[   33.817112][    T1] usbcore: registered new interface driver upd78f0730
[   33.822784][    T1] usbserial: USB Serial support registered for upd78f0730
[   33.828498][    T1] usbcore: registered new interface driver visor
[   33.832742][    T1] usbserial: USB Serial support registered for Handspring Visor / Palm OS
[   33.849446][    T1] usbserial: USB Serial support registered for Sony Clie 5.0
[   33.857525][    T1] usbserial: USB Serial support registered for Sony Clie 3.5
[   33.864649][    T1] usbcore: registered new interface driver wishbone_serial
[   33.872343][    T1] usbserial: USB Serial support registered for wishbone_serial
[   33.881315][    T1] usbcore: registered new interface driver whiteheat
[   33.887791][    T1] usbserial: USB Serial support registered for Connect Tech - WhiteHEAT - (prerenumeration)
[   33.895608][    T1] usbserial: USB Serial support registered for Connect Tech - WhiteHEAT
[   33.902919][    T1] usbcore: registered new interface driver xr_serial
[   33.907612][    T1] usbserial: USB Serial support registered for xr_serial
[   33.912473][    T1] usbcore: registered new interface driver xsens_mt
[   33.916017][    T1] usbserial: USB Serial support registered for xsens_mt
[   33.921218][    T1] usbcore: registered new interface driver adutux
[   33.926036][    T1] usbcore: registered new interface driver appledisplay
[   33.931079][    T1] usbcore: registered new interface driver cypress_cy7c63
[   33.935892][    T1] usbcore: registered new interface driver cytherm
[   33.940208][    T1] usbcore: registered new interface driver emi26 - firmware loader
[   33.945392][    T1] usbcore: registered new interface driver emi62 - firmware loader
[   33.951474][    T1] usbcore: registered new device driver apple-mfi-fastcharge
[   33.957333][    T1] usbcore: registered new interface driver ljca
[   33.961925][    T1] usbcore: registered new interface driver idmouse
[   33.966778][    T1] usbcore: registered new interface driver iowarrior
[   33.971821][    T1] usbcore: registered new interface driver isight_firmware
[   33.977085][    T1] usbcore: registered new interface driver usblcd
[   33.981087][    T1] usbcore: registered new interface driver ldusb
[   33.986184][    T1] usbcore: registered new interface driver legousbtower
[   33.991835][    T1] usbcore: registered new interface driver usbtest
[   33.996926][    T1] usbcore: registered new interface driver usb_ehset_test
[   34.003142][    T1] usbcore: registered new interface driver trancevibrator
[   34.008865][    T1] usbcore: registered new interface driver uss720
[   34.012285][    T1] uss720: USB Parport Cable driver for Cables using the Lucent Technologies USS720 Chip
[   34.019447][    T1] uss720: NOTE: this is a special purpose driver to allow nonstandard
[   34.024623][    T1] uss720: protocols (eg. bitbang) over USS720 usb to parallel cables
[   34.029208][    T1] uss720: If you just want to connect to a printer, use usblp instead
[   34.035452][    T1] usbcore: registered new interface driver usbsevseg
[   34.041863][    T1] usbcore: registered new interface driver yurex
[   34.049177][    T1] usbcore: registered new interface driver chaoskey
[   34.054715][    T1] usbcore: registered new interface driver sisusb
[   34.058732][    T1] usbcore: registered new interface driver lvs
[   34.063572][    T1] usbcore: registered new interface driver cxacru
[   34.068481][    T1] usbcore: registered new interface driver speedtch
[   34.074544][    T1] usbcore: registered new interface driver ueagle-atm
[   34.080373][    T1] xusbatm: malformed module parameters
[   34.092675][    T1] dummy_hcd dummy_hcd.0: USB Host+Gadget Emulator, driver 02 May 2005
[   34.101112][    T1] dummy_hcd dummy_hcd.0: Dummy host controller
[   34.109046][    T1] dummy_hcd dummy_hcd.0: new USB bus registered, assigned bus number 1
[   34.119124][    T1] usb usb1: New USB device found, idVendor=1d6b, idProduct=0002, bcdDevice= 6.18
[   34.126892][    T1] usb usb1: New USB device strings: Mfr=3, Product=2, SerialNumber=1
[   34.132959][    T1] usb usb1: Product: Dummy host controller
[   34.137025][    T1] usb usb1: Manufacturer: Linux 6.18.0 dummy_hcd
[   34.140683][    T1] usb usb1: SerialNumber: dummy_hcd.0
[   34.149976][    T1] hub 1-0:1.0: USB hub found
[   34.157516][    T1] hub 1-0:1.0: 1 port detected
[   34.167624][    T1] dummy_hcd dummy_hcd.1: USB Host+Gadget Emulator, driver 02 May 2005
[   34.173403][    T1] dummy_hcd dummy_hcd.1: Dummy host controller
[   34.178973][    T1] dummy_hcd dummy_hcd.1: new USB bus registered, assigned bus number 2
[   34.185633][    T1] usb usb2: New USB device found, idVendor=1d6b, idProduct=0002, bcdDevice= 6.18
[   34.192200][    T1] usb usb2: New USB device strings: Mfr=3, Product=2, SerialNumber=1
[   34.198648][    T1] usb usb2: Product: Dummy host controller
[   34.203136][    T1] usb usb2: Manufacturer: Linux 6.18.0 dummy_hcd
[   34.208422][    T1] usb usb2: SerialNumber: dummy_hcd.1
[   34.217470][    T1] hub 2-0:1.0: USB hub found
[   34.221576][    T1] hub 2-0:1.0: 1 port detected
[   34.231929][    T1] dummy_hcd dummy_hcd.2: USB Host+Gadget Emulator, driver 02 May 2005
[   34.239922][    T1] dummy_hcd dummy_hcd.2: Dummy host controller
[   34.249929][    T1] dummy_hcd dummy_hcd.2: new USB bus registered, assigned bus number 3
[   34.259631][    T1] usb usb3: New USB device found, idVendor=1d6b, idProduct=0002, bcdDevice= 6.18
[   34.270743][    T1] usb usb3: New USB device strings: Mfr=3, Product=2, SerialNumber=1
[   34.276267][    T1] usb usb3: Product: Dummy host controller
[   34.280864][    T1] usb usb3: Manufacturer: Linux 6.18.0 dummy_hcd
[   34.285094][    T1] usb usb3: SerialNumber: dummy_hcd.2
[   34.293091][    T1] hub 3-0:1.0: USB hub found
[   34.297075][    T1] hub 3-0:1.0: 1 port detected
[   34.305899][    T1] dummy_hcd dummy_hcd.3: USB Host+Gadget Emulator, driver 02 May 2005
[   34.312204][    T1] dummy_hcd dummy_hcd.3: Dummy host controller
[   34.320987][    T1] dummy_hcd dummy_hcd.3: new USB bus registered, assigned bus number 4
[   34.328748][    T1] usb usb4: New USB device found, idVendor=1d6b, idProduct=0002, bcdDevice= 6.18
[   34.336039][    T1] usb usb4: New USB device strings: Mfr=3, Product=2, SerialNumber=1
[   34.345543][    T1] usb usb4: Product: Dummy host controller
[   34.349656][    T1] usb usb4: Manufacturer: Linux 6.18.0 dummy_hcd
[   34.354239][    T1] usb usb4: SerialNumber: dummy_hcd.3
[   34.364400][    T1] hub 4-0:1.0: USB hub found
[   34.368491][    T1] hub 4-0:1.0: 1 port detected
[   34.379303][    T1] dummy_hcd dummy_hcd.4: USB Host+Gadget Emulator, driver 02 May 2005
[   34.384672][    T1] dummy_hcd dummy_hcd.4: Dummy host controller
[   34.394579][    T1] dummy_hcd dummy_hcd.4: new USB bus registered, assigned bus number 5
[   34.406337][    T1] usb usb5: New USB device found, idVendor=1d6b, idProduct=0002, bcdDevice= 6.18
[   34.413317][    T1] usb usb5: New USB device strings: Mfr=3, Product=2, SerialNumber=1
[   34.423686][    T1] usb usb5: Product: Dummy host controller
[   34.428917][    T1] usb usb5: Manufacturer: Linux 6.18.0 dummy_hcd
[   34.433684][    T1] usb usb5: SerialNumber: dummy_hcd.4
[   34.444071][    T1] hub 5-0:1.0: USB hub found
[   34.450092][    T1] hub 5-0:1.0: 1 port detected
[   34.464423][    T1] dummy_hcd dummy_hcd.5: USB Host+Gadget Emulator, driver 02 May 2005
[   34.471780][    T1] dummy_hcd dummy_hcd.5: Dummy host controller
[   34.478092][    T1] dummy_hcd dummy_hcd.5: new USB bus registered, assigned bus number 6
[   34.485320][    T1] usb usb6: New USB device found, idVendor=1d6b, idProduct=0002, bcdDevice= 6.18
[   34.491242][    T1] usb usb6: New USB device strings: Mfr=3, Product=2, SerialNumber=1
[   34.498487][    T1] usb usb6: Product: Dummy host controller
[   34.504466][    T1] usb usb6: Manufacturer: Linux 6.18.0 dummy_hcd
[   34.510189][    T1] usb usb6: SerialNumber: dummy_hcd.5
[   34.521946][    T1] hub 6-0:1.0: USB hub found
[   34.525107][    T1] hub 6-0:1.0: 1 port detected
[   34.532806][    T1] dummy_hcd dummy_hcd.6: USB Host+Gadget Emulator, driver 02 May 2005
[   34.538691][    T1] dummy_hcd dummy_hcd.6: Dummy host controller
[   34.543656][    T1] dummy_hcd dummy_hcd.6: new USB bus registered, assigned bus number 7
[   34.551320][    T1] usb usb7: New USB device found, idVendor=1d6b, idProduct=0002, bcdDevice= 6.18
[   34.558456][    T1] usb usb7: New USB device strings: Mfr=3, Product=2, SerialNumber=1
[   34.563115][    T1] usb usb7: Product: Dummy host controller
[   34.566916][    T1] usb usb7: Manufacturer: Linux 6.18.0 dummy_hcd
[   34.571521][    T1] usb usb7: SerialNumber: dummy_hcd.6
[   34.580041][    T1] hub 7-0:1.0: USB hub found
[   34.582880][    T1] hub 7-0:1.0: 1 port detected
[   34.591605][    T1] dummy_hcd dummy_hcd.7: USB Host+Gadget Emulator, driver 02 May 2005
[   34.598052][    T1] dummy_hcd dummy_hcd.7: Dummy host controller
[   34.604170][    T1] dummy_hcd dummy_hcd.7: new USB bus registered, assigned bus number 8
[   34.611963][    T1] usb usb8: New USB device found, idVendor=1d6b, idProduct=0002, bcdDevice= 6.18
[   34.619199][    T1] usb usb8: New USB device strings: Mfr=3, Product=2, SerialNumber=1
[   34.625471][    T1] usb usb8: Product: Dummy host controller
[   34.629657][    T1] usb usb8: Manufacturer: Linux 6.18.0 dummy_hcd
[   34.635149][    T1] usb usb8: SerialNumber: dummy_hcd.7
[   34.644935][    T1] hub 8-0:1.0: USB hub found
[   34.649192][    T1] hub 8-0:1.0: 1 port detected
[   34.667545][    T1] dummy_hcd dummy_hcd.8: USB Host+Gadget Emulator, driver 02 May 2005
[   34.675024][    T1] dummy_hcd dummy_hcd.8: Dummy host controller
[   34.681416][    T1] dummy_hcd dummy_hcd.8: new USB bus registered, assigned bus number 9
[   34.689520][    T1] usb usb9: New USB device found, idVendor=1d6b, idProduct=0002, bcdDevice= 6.18
[   34.696456][    T1] usb usb9: New USB device strings: Mfr=3, Product=2, SerialNumber=1
[   34.701542][    T1] usb usb9: Product: Dummy host controller
[   34.705660][    T1] usb usb9: Manufacturer: Linux 6.18.0 dummy_hcd
[   34.709832][    T1] usb usb9: SerialNumber: dummy_hcd.8
[   34.716449][    T1] hub 9-0:1.0: USB hub found
[   34.721144][    T1] hub 9-0:1.0: 1 port detected
[   34.734247][    T1] dummy_hcd dummy_hcd.9: USB Host+Gadget Emulator, driver 02 May 2005
[   34.743009][    T1] dummy_hcd dummy_hcd.9: Dummy host controller
[   34.750910][    T1] dummy_hcd dummy_hcd.9: new USB bus registered, assigned bus number 10
[   34.758240][    T1] usb usb10: New USB device found, idVendor=1d6b, idProduct=0002, bcdDevice= 6.18
[   34.764352][    T1] usb usb10: New USB device strings: Mfr=3, Product=2, SerialNumber=1
[   34.768773][    T1] usb usb10: Product: Dummy host controller
[   34.772743][    T1] usb usb10: Manufacturer: Linux 6.18.0 dummy_hcd
[   34.777455][    T1] usb usb10: SerialNumber: dummy_hcd.9
[   34.785656][    T1] hub 10-0:1.0: USB hub found
[   34.789121][    T1] hub 10-0:1.0: 1 port detected
[   34.796949][    T1] dummy_hcd dummy_hcd.10: USB Host+Gadget Emulator, driver 02 May 2005
[   34.806632][    T1] dummy_hcd dummy_hcd.10: Dummy host controller
[   34.816276][    T1] dummy_hcd dummy_hcd.10: new USB bus registered, assigned bus number 11
[   34.826579][    T1] usb usb11: New USB device found, idVendor=1d6b, idProduct=0002, bcdDevice= 6.18
[   34.832967][    T1] usb usb11: New USB device strings: Mfr=3, Product=2, SerialNumber=1
[   34.839236][    T1] usb usb11: Product: Dummy host controller
[   34.844021][    T1] usb usb11: Manufacturer: Linux 6.18.0 dummy_hcd
[   34.849095][    T1] usb usb11: SerialNumber: dummy_hcd.10
[   34.858569][    T1] hub 11-0:1.0: USB hub found
[   34.862584][    T1] hub 11-0:1.0: 1 port detected
[   34.870166][    T1] dummy_hcd dummy_hcd.11: USB Host+Gadget Emulator, driver 02 May 2005
[   34.877080][    T1] dummy_hcd dummy_hcd.11: Dummy host controller
[   34.883660][    T1] dummy_hcd dummy_hcd.11: new USB bus registered, assigned bus number 12
[   34.891399][    T1] usb usb12: New USB device found, idVendor=1d6b, idProduct=0002, bcdDevice= 6.18
[   34.897792][    T1] usb usb12: New USB device strings: Mfr=3, Product=2, SerialNumber=1
[   34.903559][    T1] usb usb12: Product: Dummy host controller
[   34.907765][    T1] usb usb12: Manufacturer: Linux 6.18.0 dummy_hcd
[   34.912732][    T1] usb usb12: SerialNumber: dummy_hcd.11
[   34.921057][    T1] hub 12-0:1.0: USB hub found
[   34.924618][    T1] hub 12-0:1.0: 1 port detected
[   34.931889][    T1] dummy_hcd dummy_hcd.12: USB Host+Gadget Emulator, driver 02 May 2005
[   34.943198][    T1] dummy_hcd dummy_hcd.12: Dummy host controller
[   34.949538][    T1] dummy_hcd dummy_hcd.12: new USB bus registered, assigned bus number 13
[   34.956892][    T1] usb usb13: New USB device found, idVendor=1d6b, idProduct=0002, bcdDevice= 6.18
[   34.963834][    T1] usb usb13: New USB device strings: Mfr=3, Product=2, SerialNumber=1
[   34.970042][    T1] usb usb13: Product: Dummy host controller
[   34.974200][    T1] usb usb13: Manufacturer: Linux 6.18.0 dummy_hcd
[   34.979314][    T1] usb usb13: SerialNumber: dummy_hcd.12
[   34.987582][    T1] hub 13-0:1.0: USB hub found
[   34.994232][    T1] hub 13-0:1.0: 1 port detected
[   35.001771][    T1] dummy_hcd dummy_hcd.13: USB Host+Gadget Emulator, driver 02 May 2005
[   35.007874][    T1] dummy_hcd dummy_hcd.13: Dummy host controller
[   35.013524][    T1] dummy_hcd dummy_hcd.13: new USB bus registered, assigned bus number 14
[   35.022902][    T1] usb usb14: New USB device found, idVendor=1d6b, idProduct=0002, bcdDevice= 6.18
[   35.029910][    T1] usb usb14: New USB device strings: Mfr=3, Product=2, SerialNumber=1
[   35.036363][    T1] usb usb14: Product: Dummy host controller
[   35.041182][    T1] usb usb14: Manufacturer: Linux 6.18.0 dummy_hcd
[   35.046047][    T1] usb usb14: SerialNumber: dummy_hcd.13
[   35.059298][    T1] hub 14-0:1.0: USB hub found
[   35.063114][    T1] hub 14-0:1.0: 1 port detected
[   35.070584][    T1] dummy_hcd dummy_hcd.14: USB Host+Gadget Emulator, driver 02 May 2005
[   35.076421][    T1] dummy_hcd dummy_hcd.14: Dummy host controller
[   35.081642][    T1] dummy_hcd dummy_hcd.14: new USB bus registered, assigned bus number 15
[   35.089481][    T1] usb usb15: New USB device found, idVendor=1d6b, idProduct=0002, bcdDevice= 6.18
[   35.096475][    T1] usb usb15: New USB device strings: Mfr=3, Product=2, SerialNumber=1
[   35.102313][    T1] usb usb15: Product: Dummy host controller
[   35.106706][    T1] usb usb15: Manufacturer: Linux 6.18.0 dummy_hcd
[   35.111737][    T1] usb usb15: SerialNumber: dummy_hcd.14
[   35.121034][    T1] hub 15-0:1.0: USB hub found
[   35.124473][    T1] hub 15-0:1.0: 1 port detected
[   35.133186][    T1] dummy_hcd dummy_hcd.15: USB Host+Gadget Emulator, driver 02 May 2005
[   35.139294][    T1] dummy_hcd dummy_hcd.15: Dummy host controller
[   35.146069][    T1] dummy_hcd dummy_hcd.15: new USB bus registered, assigned bus number 16
[   35.153157][    T1] usb usb16: New USB device found, idVendor=1d6b, idProduct=0002, bcdDevice= 6.18
[   35.160166][    T1] usb usb16: New USB device strings: Mfr=3, Product=2, SerialNumber=1
[   35.166802][    T1] usb usb16: Product: Dummy host controller
[   35.170407][    T1] usb usb16: Manufacturer: Linux 6.18.0 dummy_hcd
[   35.174825][    T1] usb usb16: SerialNumber: dummy_hcd.15
[   35.183362][    T1] hub 16-0:1.0: USB hub found
[   35.187559][    T1] hub 16-0:1.0: 1 port detected
[   35.196730][    T1] dummy_hcd dummy_hcd.16: USB Host+Gadget Emulator, driver 02 May 2005
[   35.205646][    T1] dummy_hcd dummy_hcd.16: Dummy host controller
[   35.212101][    T1] dummy_hcd dummy_hcd.16: new USB bus registered, assigned bus number 17
[   35.220414][    T1] usb usb17: New USB device found, idVendor=1d6b, idProduct=0002, bcdDevice= 6.18
[   35.227565][    T1] usb usb17: New USB device strings: Mfr=3, Product=2, SerialNumber=1
[   35.234918][    T1] usb usb17: Product: Dummy host controller
[   35.240545][    T1] usb usb17: Manufacturer: Linux 6.18.0 dummy_hcd
[   35.245271][    T1] usb usb17: SerialNumber: dummy_hcd.16
[   35.253704][    T1] hub 17-0:1.0: USB hub found
[   35.258721][    T1] hub 17-0:1.0: 1 port detected
[   35.268058][    T1] dummy_hcd dummy_hcd.17: USB Host+Gadget Emulator, driver 02 May 2005
[   35.275298][    T1] dummy_hcd dummy_hcd.17: Dummy host controller
[   35.281494][    T1] dummy_hcd dummy_hcd.17: new USB bus registered, assigned bus number 18
[   35.289701][    T1] usb usb18: New USB device found, idVendor=1d6b, idProduct=0002, bcdDevice= 6.18
[   35.297031][    T1] usb usb18: New USB device strings: Mfr=3, Product=2, SerialNumber=1
[   35.303173][    T1] usb usb18: Product: Dummy host controller
[   35.308000][    T1] usb usb18: Manufacturer: Linux 6.18.0 dummy_hcd
[   35.313105][    T1] usb usb18: SerialNumber: dummy_hcd.17
[   35.324664][    T1] hub 18-0:1.0: USB hub found
[   35.328523][    T1] hub 18-0:1.0: 1 port detected
[   35.336458][    T1] dummy_hcd dummy_hcd.18: USB Host+Gadget Emulator, driver 02 May 2005
[   35.342820][    T1] dummy_hcd dummy_hcd.18: Dummy host controller
[   35.350035][    T1] dummy_hcd dummy_hcd.18: new USB bus registered, assigned bus number 19
[   35.357551][    T1] usb usb19: New USB device found, idVendor=1d6b, idProduct=0002, bcdDevice= 6.18
[   35.364190][    T1] usb usb19: New USB device strings: Mfr=3, Product=2, SerialNumber=1
[   35.370736][    T1] usb usb19: Product: Dummy host controller
[   35.374999][    T1] usb usb19: Manufacturer: Linux 6.18.0 dummy_hcd
[   35.379838][    T1] usb usb19: SerialNumber: dummy_hcd.18
[   35.387366][    T1] hub 19-0:1.0: USB hub found
[   35.391088][    T1] hub 19-0:1.0: 1 port detected
[   35.397768][    T1] dummy_hcd dummy_hcd.19: USB Host+Gadget Emulator, driver 02 May 2005
[   35.404167][    T1] dummy_hcd dummy_hcd.19: Dummy host controller
[   35.410744][    T1] dummy_hcd dummy_hcd.19: new USB bus registered, assigned bus number 20
[   35.418294][    T1] usb usb20: New USB device found, idVendor=1d6b, idProduct=0002, bcdDevice= 6.18
[   35.425245][    T1] usb usb20: New USB device strings: Mfr=3, Product=2, SerialNumber=1
[   35.431866][    T1] usb usb20: Product: Dummy host controller
[   35.436506][    T1] usb usb20: Manufacturer: Linux 6.18.0 dummy_hcd
[   35.441681][    T1] usb usb20: SerialNumber: dummy_hcd.19
[   35.458229][    T1] hub 20-0:1.0: USB hub found
[   35.462286][    T1] hub 20-0:1.0: 1 port detected
[   35.470469][    T1] dummy_hcd dummy_hcd.20: USB Host+Gadget Emulator, driver 02 May 2005
[   35.476506][    T1] dummy_hcd dummy_hcd.20: Dummy host controller
[   35.481715][    T1] dummy_hcd dummy_hcd.20: new USB bus registered, assigned bus number 21
[   35.488816][    T1] usb usb21: New USB device found, idVendor=1d6b, idProduct=0002, bcdDevice= 6.18
[   35.495930][    T1] usb usb21: New USB device strings: Mfr=3, Product=2, SerialNumber=1
[   35.501763][    T1] usb usb21: Product: Dummy host controller
[   35.506022][    T1] usb usb21: Manufacturer: Linux 6.18.0 dummy_hcd
[   35.510111][    T1] usb usb21: SerialNumber: dummy_hcd.20
[   35.517602][    T1] hub 21-0:1.0: USB hub found
[   35.521080][    T1] hub 21-0:1.0: 1 port detected
[   35.529360][    T1] dummy_hcd dummy_hcd.21: USB Host+Gadget Emulator, driver 02 May 2005
[   35.534882][    T1] dummy_hcd dummy_hcd.21: Dummy host controller
[   35.541854][    T1] dummy_hcd dummy_hcd.21: new USB bus registered, assigned bus number 22
[   35.549447][    T1] usb usb22: New USB device found, idVendor=1d6b, idProduct=0002, bcdDevice= 6.18
[   35.555873][    T1] usb usb22: New USB device strings: Mfr=3, Product=2, SerialNumber=1
[   35.560895][    T1] usb usb22: Product: Dummy host controller
[   35.564764][    T1] usb usb22: Manufacturer: Linux 6.18.0 dummy_hcd
[   35.569552][    T1] usb usb22: SerialNumber: dummy_hcd.21
[   35.577961][    T1] hub 22-0:1.0: USB hub found
[   35.581151][    T1] hub 22-0:1.0: 1 port detected
[   35.587396][    T1] dummy_hcd dummy_hcd.22: USB Host+Gadget Emulator, driver 02 May 2005
[   35.592644][    T1] dummy_hcd dummy_hcd.22: Dummy host controller
[   35.597199][    T1] dummy_hcd dummy_hcd.22: new USB bus registered, assigned bus number 23
[   35.603193][    T1] usb usb23: New USB device found, idVendor=1d6b, idProduct=0002, bcdDevice= 6.18
[   35.608450][    T1] usb usb23: New USB device strings: Mfr=3, Product=2, SerialNumber=1
[   35.613245][    T1] usb usb23: Product: Dummy host controller
[   35.616564][    T1] usb usb23: Manufacturer: Linux 6.18.0 dummy_hcd
[   35.620107][    T1] usb usb23: SerialNumber: dummy_hcd.22
[   35.626544][    T1] hub 23-0:1.0: USB hub found
[   35.630549][    T1] hub 23-0:1.0: 1 port detected
[   35.639003][    T1] dummy_hcd dummy_hcd.23: USB Host+Gadget Emulator, driver 02 May 2005
[   35.645060][    T1] dummy_hcd dummy_hcd.23: Dummy host controller
[   35.651408][    T1] dummy_hcd dummy_hcd.23: new USB bus registered, assigned bus number 24
[   35.658330][    T1] usb usb24: New USB device found, idVendor=1d6b, idProduct=0002, bcdDevice= 6.18
[   35.665708][    T1] usb usb24: New USB device strings: Mfr=3, Product=2, SerialNumber=1
[   35.672077][    T1] usb usb24: Product: Dummy host controller
[   35.676797][    T1] usb usb24: Manufacturer: Linux 6.18.0 dummy_hcd
[   35.681329][    T1] usb usb24: SerialNumber: dummy_hcd.23
[   35.688726][    T1] hub 24-0:1.0: USB hub found
[   35.692539][    T1] hub 24-0:1.0: 1 port detected
[   35.701798][    T1] dummy_hcd dummy_hcd.24: USB Host+Gadget Emulator, driver 02 May 2005
[   35.708621][    T1] dummy_hcd dummy_hcd.24: Dummy host controller
[   35.715747][    T1] dummy_hcd dummy_hcd.24: new USB bus registered, assigned bus number 25
[   35.723570][    T1] usb usb25: New USB device found, idVendor=1d6b, idProduct=0002, bcdDevice= 6.18
[   35.730359][    T1] usb usb25: New USB device strings: Mfr=3, Product=2, SerialNumber=1
[   35.735904][    T1] usb usb25: Product: Dummy host controller
[   35.740362][    T1] usb usb25: Manufacturer: Linux 6.18.0 dummy_hcd
[   35.744884][    T1] usb usb25: SerialNumber: dummy_hcd.24
[   35.754940][    T1] hub 25-0:1.0: USB hub found
[   35.758750][    T1] hub 25-0:1.0: 1 port detected
[   35.768626][    T1] dummy_hcd dummy_hcd.25: USB Host+Gadget Emulator, driver 02 May 2005
[   35.776201][    T1] dummy_hcd dummy_hcd.25: Dummy host controller
[   35.782690][    T1] dummy_hcd dummy_hcd.25: new USB bus registered, assigned bus number 26
[   35.790472][    T1] usb usb26: New USB device found, idVendor=1d6b, idProduct=0002, bcdDevice= 6.18
[   35.797917][    T1] usb usb26: New USB device strings: Mfr=3, Product=2, SerialNumber=1
[   35.803980][    T1] usb usb26: Product: Dummy host controller
[   35.808102][    T1] usb usb26: Manufacturer: Linux 6.18.0 dummy_hcd
[   35.812883][    T1] usb usb26: SerialNumber: dummy_hcd.25
[   35.822053][    T1] hub 26-0:1.0: USB hub found
[   35.828115][    T1] hub 26-0:1.0: 1 port detected
[   35.839358][    T1] dummy_hcd dummy_hcd.26: USB Host+Gadget Emulator, driver 02 May 2005
[   35.845320][    T1] dummy_hcd dummy_hcd.26: Dummy host controller
[   35.850635][    T1] dummy_hcd dummy_hcd.26: new USB bus registered, assigned bus number 27
[   35.857924][    T1] usb usb27: New USB device found, idVendor=1d6b, idProduct=0002, bcdDevice= 6.18
[   35.864242][    T1] usb usb27: New USB device strings: Mfr=3, Product=2, SerialNumber=1
[   35.870133][    T1] usb usb27: Product: Dummy host controller
[   35.874624][    T1] usb usb27: Manufacturer: Linux 6.18.0 dummy_hcd
[   35.879370][    T1] usb usb27: SerialNumber: dummy_hcd.26
[   35.893578][    T1] hub 27-0:1.0: USB hub found
[   35.897776][    T1] hub 27-0:1.0: 1 port detected
[   35.906413][    T1] dummy_hcd dummy_hcd.27: USB Host+Gadget Emulator, driver 02 May 2005
[   35.912583][    T1] dummy_hcd dummy_hcd.27: Dummy host controller
[   35.920620][    T1] dummy_hcd dummy_hcd.27: new USB bus registered, assigned bus number 28
[   35.927075][    T1] usb usb28: New USB device found, idVendor=1d6b, idProduct=0002, bcdDevice= 6.18
[   35.932872][    T1] usb usb28: New USB device strings: Mfr=3, Product=2, SerialNumber=1
[   35.938269][    T1] usb usb28: Product: Dummy host controller
[   35.941719][    T1] usb usb28: Manufacturer: Linux 6.18.0 dummy_hcd
[   35.945131][    T1] usb usb28: SerialNumber: dummy_hcd.27
[   35.952444][    T1] hub 28-0:1.0: USB hub found
[   35.956089][    T1] hub 28-0:1.0: 1 port detected
[   35.964492][    T1] dummy_hcd dummy_hcd.28: USB Host+Gadget Emulator, driver 02 May 2005
[   35.970124][    T1] dummy_hcd dummy_hcd.28: Dummy host controller
[   35.975600][    T1] dummy_hcd dummy_hcd.28: new USB bus registered, assigned bus number 29
[   35.988655][    T1] usb usb29: New USB device found, idVendor=1d6b, idProduct=0002, bcdDevice= 6.18
[   35.994639][    T1] usb usb29: New USB device strings: Mfr=3, Product=2, SerialNumber=1
[   36.001785][    T1] usb usb29: Product: Dummy host controller
[   36.010216][    T1] usb usb29: Manufacturer: Linux 6.18.0 dummy_hcd
[   36.015724][    T1] usb usb29: SerialNumber: dummy_hcd.28
[   36.026125][    T1] hub 29-0:1.0: USB hub found
[   36.031550][    T1] hub 29-0:1.0: 1 port detected
[   36.044939][    T1] dummy_hcd dummy_hcd.29: USB Host+Gadget Emulator, driver 02 May 2005
[   36.052227][    T1] dummy_hcd dummy_hcd.29: Dummy host controller
[   36.064261][    T1] dummy_hcd dummy_hcd.29: new USB bus registered, assigned bus number 30
[   36.071777][    T1] usb usb30: New USB device found, idVendor=1d6b, idProduct=0002, bcdDevice= 6.18
[   36.081159][    T1] usb usb30: New USB device strings: Mfr=3, Product=2, SerialNumber=1
[   36.088271][    T1] usb usb30: Product: Dummy host controller
[   36.093306][    T1] usb usb30: Manufacturer: Linux 6.18.0 dummy_hcd
[   36.099013][    T1] usb usb30: SerialNumber: dummy_hcd.29
[   36.110766][    T1] hub 30-0:1.0: USB hub found
[   36.116082][    T1] hub 30-0:1.0: 1 port detected
[   36.132633][    T1] dummy_hcd dummy_hcd.30: USB Host+Gadget Emulator, driver 02 May 2005
[   36.186268][    T1] dummy_hcd dummy_hcd.30: Dummy host controller
[   36.199206][    T1] dummy_hcd dummy_hcd.30: new USB bus registered, assigned bus number 31
[   36.208801][    T1] usb usb31: New USB device found, idVendor=1d6b, idProduct=0002, bcdDevice= 6.18
[   36.220117][    T1] usb usb31: New USB device strings: Mfr=3, Product=2, SerialNumber=1
[   36.229452][    T1] usb usb31: Product: Dummy host controller
[   36.234772][    T1] usb usb31: Manufacturer: Linux 6.18.0 dummy_hcd
[   36.241303][    T1] usb usb31: SerialNumber: dummy_hcd.30
[   36.254644][    T1] hub 31-0:1.0: USB hub found
[   36.258951][    T1] hub 31-0:1.0: 1 port detected
[   36.269569][    T1] dummy_hcd dummy_hcd.31: USB Host+Gadget Emulator, driver 02 May 2005
[   36.278171][    T1] dummy_hcd dummy_hcd.31: Dummy host controller
[   36.288343][    T1] dummy_hcd dummy_hcd.31: new USB bus registered, assigned bus number 32
[   36.297906][    T1] usb usb32: New USB device found, idVendor=1d6b, idProduct=0002, bcdDevice= 6.18
[   36.305204][    T1] usb usb32: New USB device strings: Mfr=3, Product=2, SerialNumber=1
[   36.321897][    T1] usb usb32: Product: Dummy host controller
[   36.326940][    T1] usb usb32: Manufacturer: Linux 6.18.0 dummy_hcd
[   36.332715][    T1] usb usb32: SerialNumber: dummy_hcd.31
[   36.348169][    T1] hub 32-0:1.0: USB hub found
[   36.353986][    T1] hub 32-0:1.0: 1 port detected
[   36.491470][    T1] SPI driver max3420-udc has no spi_device_id for maxim,max3421-udc
[   36.500978][    T1] gadgetfs: USB Gadget filesystem, version 24 Aug 2004
[   36.511801][    T1] vhci_hcd vhci_hcd.0: USB/IP Virtual Host Controller
[   36.519461][    T1] vhci_hcd vhci_hcd.0: new USB bus registered, assigned bus number 33
[   36.526941][    T1] vhci_hcd: created sysfs vhci_hcd.0
[   36.533886][    T1] usb usb33: New USB device found, idVendor=1d6b, idProduct=0002, bcdDevice= 6.18
[   36.541446][    T1] usb usb33: New USB device strings: Mfr=3, Product=2, SerialNumber=1
[   36.547598][    T1] usb usb33: Product: USB/IP Virtual Host Controller
[   36.554235][    T1] usb usb33: Manufacturer: Linux 6.18.0 vhci_hcd
[   36.559398][    T1] usb usb33: SerialNumber: vhci_hcd.0
[   36.569637][    T1] hub 33-0:1.0: USB hub found
[   36.585065][    T1] hub 33-0:1.0: 8 ports detected
[   36.604654][    T1] vhci_hcd vhci_hcd.0: USB/IP Virtual Host Controller
[   36.620679][    T1] vhci_hcd vhci_hcd.0: new USB bus registered, assigned bus number 34
[   36.628556][    T1] usb usb34: We don't know the algorithms for LPM for this host, disabling LPM.
[   36.636106][    T1] usb usb34: New USB device found, idVendor=1d6b, idProduct=0003, bcdDevice= 6.18
[   36.642307][    T1] usb usb34: New USB device strings: Mfr=3, Product=2, SerialNumber=1
[   36.649468][    T1] usb usb34: Product: USB/IP Virtual Host Controller
[   36.654582][    T1] usb usb34: Manufacturer: Linux 6.18.0 vhci_hcd
[   36.659233][    T1] usb usb34: SerialNumber: vhci_hcd.0
[   36.667311][    T1] hub 34-0:1.0: USB hub found
[   36.671589][    T1] hub 34-0:1.0: 8 ports detected
[   36.692594][    T1] vhci_hcd vhci_hcd.1: USB/IP Virtual Host Controller
[   36.705590][    T1] vhci_hcd vhci_hcd.1: new USB bus registered, assigned bus number 35
[   36.716459][    T1] usb usb35: New USB device found, idVendor=1d6b, idProduct=0002, bcdDevice= 6.18
[   36.723620][    T1] usb usb35: New USB device strings: Mfr=3, Product=2, SerialNumber=1
[   36.733637][    T1] usb usb35: Product: USB/IP Virtual Host Controller
[   36.740943][    T1] usb usb35: Manufacturer: Linux 6.18.0 vhci_hcd
[   36.745986][    T1] usb usb35: SerialNumber: vhci_hcd.1
[   36.755908][    T1] hub 35-0:1.0: USB hub found
[   36.760810][    T1] hub 35-0:1.0: 8 ports detected
[   36.779520][    T1] vhci_hcd vhci_hcd.1: USB/IP Virtual Host Controller
[   36.787382][    T1] vhci_hcd vhci_hcd.1: new USB bus registered, assigned bus number 36
[   36.794870][    T1] usb usb36: We don't know the algorithms for LPM for this host, disabling LPM.
[   36.803409][    T1] usb usb36: New USB device found, idVendor=1d6b, idProduct=0003, bcdDevice= 6.18
[   36.813308][    T1] usb usb36: New USB device strings: Mfr=3, Product=2, SerialNumber=1
[   36.822261][    T1] usb usb36: Product: USB/IP Virtual Host Controller
[   36.827591][    T1] usb usb36: Manufacturer: Linux 6.18.0 vhci_hcd
[   36.831745][    T1] usb usb36: SerialNumber: vhci_hcd.1
[   36.841208][    T1] hub 36-0:1.0: USB hub found
[   36.845497][    T1] hub 36-0:1.0: 8 ports detected
[   36.866742][    T1] vhci_hcd vhci_hcd.2: USB/IP Virtual Host Controller
[   36.877487][    T1] vhci_hcd vhci_hcd.2: new USB bus registered, assigned bus number 37
[   36.888623][    T1] usb usb37: New USB device found, idVendor=1d6b, idProduct=0002, bcdDevice= 6.18
[   36.896178][    T1] usb usb37: New USB device strings: Mfr=3, Product=2, SerialNumber=1
[   36.901777][    T1] usb usb37: Product: USB/IP Virtual Host Controller
[   36.906642][    T1] usb usb37: Manufacturer: Linux 6.18.0 vhci_hcd
[   36.913334][    T1] usb usb37: SerialNumber: vhci_hcd.2
[   36.926312][    T1] hub 37-0:1.0: USB hub found
[   36.930814][    T1] hub 37-0:1.0: 8 ports detected
[   36.948601][    T1] vhci_hcd vhci_hcd.2: USB/IP Virtual Host Controller
[   36.954149][    T1] vhci_hcd vhci_hcd.2: new USB bus registered, assigned bus number 38
[   36.961450][    T1] usb usb38: We don't know the algorithms for LPM for this host, disabling LPM.
[   36.970250][    T1] usb usb38: New USB device found, idVendor=1d6b, idProduct=0003, bcdDevice= 6.18
[   36.976624][    T1] usb usb38: New USB device strings: Mfr=3, Product=2, SerialNumber=1
[   36.983625][    T1] usb usb38: Product: USB/IP Virtual Host Controller
[   36.988708][    T1] usb usb38: Manufacturer: Linux 6.18.0 vhci_hcd
[   36.994988][    T1] usb usb38: SerialNumber: vhci_hcd.2
[   37.006627][    T1] hub 38-0:1.0: USB hub found
[   37.012141][    T1] hub 38-0:1.0: 8 ports detected
[   37.031969][    T1] vhci_hcd vhci_hcd.3: USB/IP Virtual Host Controller
[   37.038844][    T1] vhci_hcd vhci_hcd.3: new USB bus registered, assigned bus number 39
[   37.048935][    T1] usb usb39: New USB device found, idVendor=1d6b, idProduct=0002, bcdDevice= 6.18
[   37.055689][    T1] usb usb39: New USB device strings: Mfr=3, Product=2, SerialNumber=1
[   37.063168][    T1] usb usb39: Product: USB/IP Virtual Host Controller
[   37.069387][    T1] usb usb39: Manufacturer: Linux 6.18.0 vhci_hcd
[   37.074445][    T1] usb usb39: SerialNumber: vhci_hcd.3
[   37.083243][    T1] hub 39-0:1.0: USB hub found
[   37.089147][    T1] hub 39-0:1.0: 8 ports detected
[   37.101730][    T1] vhci_hcd vhci_hcd.3: USB/IP Virtual Host Controller
[   37.108757][    T1] vhci_hcd vhci_hcd.3: new USB bus registered, assigned bus number 40
[   37.117305][    T1] usb usb40: We don't know the algorithms for LPM for this host, disabling LPM.
[   37.127298][    T1] usb usb40: New USB device found, idVendor=1d6b, idProduct=0003, bcdDevice= 6.18
[   37.134520][    T1] usb usb40: New USB device strings: Mfr=3, Product=2, SerialNumber=1
[   37.142201][    T1] usb usb40: Product: USB/IP Virtual Host Controller
[   37.146388][    T1] usb usb40: Manufacturer: Linux 6.18.0 vhci_hcd
[   37.151103][    T1] usb usb40: SerialNumber: vhci_hcd.3
[   37.158270][    T1] hub 40-0:1.0: USB hub found
[   37.161095][    T1] hub 40-0:1.0: 8 ports detected
[   37.178753][    T1] vhci_hcd vhci_hcd.4: USB/IP Virtual Host Controller
[   37.185587][    T1] vhci_hcd vhci_hcd.4: new USB bus registered, assigned bus number 41
[   37.194254][    T1] usb usb41: New USB device found, idVendor=1d6b, idProduct=0002, bcdDevice= 6.18
[   37.201130][    T1] usb usb41: New USB device strings: Mfr=3, Product=2, SerialNumber=1
[   37.208052][    T1] usb usb41: Product: USB/IP Virtual Host Controller
[   37.213526][    T1] usb usb41: Manufacturer: Linux 6.18.0 vhci_hcd
[   37.217906][    T1] usb usb41: SerialNumber: vhci_hcd.4
[   37.225082][    T1] hub 41-0:1.0: USB hub found
[   37.228526][    T1] hub 41-0:1.0: 8 ports detected
[   37.245390][    T1] vhci_hcd vhci_hcd.4: USB/IP Virtual Host Controller
[   37.252197][    T1] vhci_hcd vhci_hcd.4: new USB bus registered, assigned bus number 42
[   37.259620][    T1] usb usb42: We don't know the algorithms for LPM for this host, disabling LPM.
[   37.269469][    T1] usb usb42: New USB device found, idVendor=1d6b, idProduct=0003, bcdDevice= 6.18
[   37.277806][    T1] usb usb42: New USB device strings: Mfr=3, Product=2, SerialNumber=1
[   37.283499][    T1] usb usb42: Product: USB/IP Virtual Host Controller
[   37.289395][    T1] usb usb42: Manufacturer: Linux 6.18.0 vhci_hcd
[   37.294961][    T1] usb usb42: SerialNumber: vhci_hcd.4
[   37.305631][    T1] hub 42-0:1.0: USB hub found
[   37.310308][    T1] hub 42-0:1.0: 8 ports detected
[   37.332501][    T1] vhci_hcd vhci_hcd.5: USB/IP Virtual Host Controller
[   37.340257][    T1] vhci_hcd vhci_hcd.5: new USB bus registered, assigned bus number 43
[   37.346521][    T1] usb usb43: New USB device found, idVendor=1d6b, idProduct=0002, bcdDevice= 6.18
[   37.353837][    T1] usb usb43: New USB device strings: Mfr=3, Product=2, SerialNumber=1
[   37.360778][    T1] usb usb43: Product: USB/IP Virtual Host Controller
[   37.366890][    T1] usb usb43: Manufacturer: Linux 6.18.0 vhci_hcd
[   37.372691][    T1] usb usb43: SerialNumber: vhci_hcd.5
[   37.383499][    T1] hub 43-0:1.0: USB hub found
[   37.388314][    T1] hub 43-0:1.0: 8 ports detected
[   37.404010][    T1] vhci_hcd vhci_hcd.5: USB/IP Virtual Host Controller
[   37.410934][    T1] vhci_hcd vhci_hcd.5: new USB bus registered, assigned bus number 44
[   37.417077][    T1] usb usb44: We don't know the algorithms for LPM for this host, disabling LPM.
[   37.425620][    T1] usb usb44: New USB device found, idVendor=1d6b, idProduct=0003, bcdDevice= 6.18
[   37.432445][    T1] usb usb44: New USB device strings: Mfr=3, Product=2, SerialNumber=1
[   37.437868][    T1] usb usb44: Product: USB/IP Virtual Host Controller
[   37.443062][    T1] usb usb44: Manufacturer: Linux 6.18.0 vhci_hcd
[   37.447337][    T1] usb usb44: SerialNumber: vhci_hcd.5
[   37.455545][    T1] hub 44-0:1.0: USB hub found
[   37.458701][    T1] hub 44-0:1.0: 8 ports detected
[   37.476600][    T1] vhci_hcd vhci_hcd.6: USB/IP Virtual Host Controller
[   37.483830][    T1] vhci_hcd vhci_hcd.6: new USB bus registered, assigned bus number 45
[   37.490759][    T1] usb usb45: New USB device found, idVendor=1d6b, idProduct=0002, bcdDevice= 6.18
[   37.497976][    T1] usb usb45: New USB device strings: Mfr=3, Product=2, SerialNumber=1
[   37.503905][    T1] usb usb45: Product: USB/IP Virtual Host Controller
[   37.508236][    T1] usb usb45: Manufacturer: Linux 6.18.0 vhci_hcd
[   37.511981][    T1] usb usb45: SerialNumber: vhci_hcd.6
[   37.518172][    T1] hub 45-0:1.0: USB hub found
[   37.521710][    T1] hub 45-0:1.0: 8 ports detected
[   37.533030][    T1] vhci_hcd vhci_hcd.6: USB/IP Virtual Host Controller
[   37.541011][    T1] vhci_hcd vhci_hcd.6: new USB bus registered, assigned bus number 46
[   37.547404][    T1] usb usb46: We don't know the algorithms for LPM for this host, disabling LPM.
[   37.556105][    T1] usb usb46: New USB device found, idVendor=1d6b, idProduct=0003, bcdDevice= 6.18
[   37.562984][    T1] usb usb46: New USB device strings: Mfr=3, Product=2, SerialNumber=1
[   37.570362][    T1] usb usb46: Product: USB/IP Virtual Host Controller
[   37.575060][    T1] usb usb46: Manufacturer: Linux 6.18.0 vhci_hcd
