failed to run ["ssh" "-p" "37699" "-F" "/dev/null" "-o" "UserKnownHostsFile=/dev/null" "-o" "IdentitiesOnly=yes" "-o" "BatchMode=yes" "-o" "StrictHostKeyChecking=no" "-o" "ConnectTimeout=10" "-i" "/home/wmy/Fuzzer/third_tool/Image-fuzz-6.18/bullseye.id_rsa" "root@localhost" "pwd"]: exit status 255[    0.000000] Linux version 6.18.0 (wmy@wmy) (gcc (Ubuntu 11.4.0-1ubuntu1~22.04.2) 11.4.0, GNU ld (GNU Binutils for Ubuntu) 2.38) #3 SMP PREEMPT_DYNAMIC Sat Dec 20 12:08:22 CST 2025
[    0.000000] Command line: root=/dev/sda console=ttyS0 
[    0.000000] x86/CPU: Model not found in latest microcode list
[    0.000000] BIOS-provided physical RAM map:
[    0.000000] BIOS-e820: [mem 0x0000000000000000-0x000000000009fbff] usable
[    0.000000] BIOS-e820: [mem 0x000000000009fc00-0x000000000009ffff] reserved
[    0.000000] BIOS-e820: [mem 0x00000000000f0000-0x00000000000fffff] reserved
[    0.000000] BIOS-e820: [mem 0x0000000000100000-0x00000000bffdffff] usable
[    0.000000] BIOS-e820: [mem 0x00000000bffe0000-0x00000000bfffffff] reserved
[    0.000000] BIOS-e820: [mem 0x00000000feffc000-0x00000000feffffff] reserved
[    0.000000] BIOS-e820: [mem 0x00000000fffc0000-0x00000000ffffffff] reserved
[    0.000000] BIOS-e820: [mem 0x0000000100000000-0x000000013fffffff] usable
[    0.000000] printk: legacy bootconsole [earlyser0] enabled
[    0.000000] ERROR: earlyprintk= earlyser already used
[    0.000000] ERROR: earlyprintk= earlyser already used
[    0.000000] Hash pointers mode set to never.
[    0.000000] Malformed early option 'vsyscall'
[    0.000000] Malformed early option 'numa'
[    0.000000] NX (Execute Disable) protection: active
[    0.000000] APIC: Static calls initialized
[    0.000000] SMBIOS 3.0.0 present.
[    0.000000] DMI: QEMU Standard PC (i440FX + PIIX, 1996), BIOS rel-1.16.3-0-ga6ed6b701f0a-prebuilt.qemu.org 04/01/2014
[    0.000000] DMI: Memory slots populated: 1/1
[    0.000000] Hypervisor detected: KVM
[    0.000000] last_pfn = 0xbffe0 max_arch_pfn = 0x400000000
[    0.000000] kvm-clock: Using msrs 4b564d01 and 4b564d00
[    0.000006] kvm-clock: using sched offset of 1185012483 cycles
[    0.002971] clocksource: kvm-clock: mask: 0xffffffffffffffff max_cycles: 0x1cd42e4dffb, max_idle_ns: 881590591483 ns
[    0.011933] tsc: Detected 2803.204 MHz processor
[    0.020654] last_pfn = 0x140000 max_arch_pfn = 0x400000000
[    0.024212] MTRR map: 4 entries (3 fixed + 1 variable; max 19), built from 8 variable MTRRs
[    0.029045] x86/PAT: Configuration [0-7]: WB  WC  UC- UC  WB  WP  UC- WT  
[    0.033507] last_pfn = 0xbffe0 max_arch_pfn = 0x400000000
[    0.045437] found SMP MP-table at [mem 0x000f5460-0x000f546f]
[    0.050983] ACPI: Early table checksum verification disabled
[    0.054320] ACPI: RSDP 0x00000000000F5250 000014 (v00 BOCHS )
[    0.057418] ACPI: RSDT 0x00000000BFFE1D7B 000034 (v01 BOCHS  BXPC     00000001 BXPC 00000001)
[    0.061903] ACPI: FACP 0x00000000BFFE1C17 000074 (v01 BOCHS  BXPC     00000001 BXPC 00000001)
[    0.066546] ACPI: DSDT 0x00000000BFFE0040 001BD7 (v01 BOCHS  BXPC     00000001 BXPC 00000001)
[    0.071222] ACPI: FACS 0x00000000BFFE0000 000040
[    0.073929] ACPI: APIC 0x00000000BFFE1C8B 000090 (v03 BOCHS  BXPC     00000001 BXPC 00000001)
[    0.078940] ACPI: HPET 0x00000000BFFE1D1B 000038 (v01 BOCHS  BXPC     00000001 BXPC 00000001)
[    0.083790] ACPI: WAET 0x00000000BFFE1D53 000028 (v01 BOCHS  BXPC     00000001 BXPC 00000001)
[    0.088674] ACPI: Reserving FACP table memory at [mem 0xbffe1c17-0xbffe1c8a]
[    0.092700] ACPI: Reserving DSDT table memory at [mem 0xbffe0040-0xbffe1c16]
[    0.096723] ACPI: Reserving FACS table memory at [mem 0xbffe0000-0xbffe003f]
[    0.100494] ACPI: Reserving APIC table memory at [mem 0xbffe1c8b-0xbffe1d1a]
[    0.104557] ACPI: Reserving HPET table memory at [mem 0xbffe1d1b-0xbffe1d52]
[    0.108736] ACPI: Reserving WAET table memory at [mem 0xbffe1d53-0xbffe1d7a]
[    0.114933] No NUMA configuration found
[    0.117202] Faking a node at [mem 0x0000000000000000-0x000000013fffffff]
[    0.121205] NODE_DATA(0) allocated [mem 0x13fff9300-0x13fffccbf]
[    0.217167] Zone ranges:
[    0.218679]   DMA      [mem 0x0000000000001000-0x0000000000ffffff]
[    0.222769]   DMA32    [mem 0x0000000001000000-0x00000000ffffffff]
[    0.227375]   Normal   [mem 0x0000000100000000-0x000000013fffffff]
[    0.231757] Movable zone start for each node
[    0.234386] Early memory node ranges
[    0.236579]   node   0: [mem 0x0000000000001000-0x000000000009efff]
[    0.240501]   node   0: [mem 0x0000000000100000-0x00000000bffdffff]
[    0.244469]   node   0: [mem 0x0000000100000000-0x000000013fffffff]
[    0.248564] Initmem setup node 0 [mem 0x0000000000001000-0x000000013fffffff]
[    0.253237] On node 0, zone DMA: 1 pages in unavailable ranges
[    0.257025] On node 0, zone DMA: 97 pages in unavailable ranges
[    0.296444] On node 0, zone Normal: 32 pages in unavailable ranges
[    1.207959] KernelAddressSanitizer initialized (generic)
[    1.213045] ACPI: PM-Timer IO Port: 0x608
[    1.215450] ACPI: LAPIC_NMI (acpi_id[0xff] dfl dfl lint[0x1])
[    1.219196] IOAPIC[0]: apic_id 0, version 17, address 0xfec00000, GSI 0-23
[    1.223263] ACPI: INT_SRC_OVR (bus 0 bus_irq 0 global_irq 2 dfl dfl)
[    1.227125] ACPI: INT_SRC_OVR (bus 0 bus_irq 5 global_irq 5 high level)
[    1.231230] ACPI: INT_SRC_OVR (bus 0 bus_irq 9 global_irq 9 high level)
[    1.235381] ACPI: INT_SRC_OVR (bus 0 bus_irq 10 global_irq 10 high level)
[    1.239632] ACPI: INT_SRC_OVR (bus 0 bus_irq 11 global_irq 11 high level)
[    1.243995] ACPI: Using ACPI (MADT) for SMP configuration information
[    1.248281] ACPI: HPET id: 0x8086a201 base: 0xfed00000
[    1.251722] CPU topo: Max. logical packages:   1
[    1.254871] CPU topo: Max. logical dies:       1
[    1.257769] CPU topo: Max. dies per package:   1
[    1.260642] CPU topo: Max. threads per core:   1
[    1.263450] CPU topo: Num. cores per package:     4
[    1.266359] CPU topo: Num. threads per package:   4
[    1.269259] CPU topo: Allowing 4 present CPUs plus 0 hotplug CPUs
[    1.273209] kvm-guest: APIC: eoi() replaced with kvm_guest_apic_eoi_write()
[    1.277177] PM: hibernation: Registered nosave memory: [mem 0x00000000-0x00000fff]
[    1.281292] PM: hibernation: Registered nosave memory: [mem 0x0009f000-0x000fffff]
[    1.285628] PM: hibernation: Registered nosave memory: [mem 0xbffe0000-0xffffffff]
[    1.290053] [mem 0xc0000000-0xfeffbfff] available for PCI devices
[    1.293618] Booting paravirtualized kernel on KVM
[    1.296528] clocksource: refined-jiffies: mask: 0xffffffff max_cycles: 0xffffffff, max_idle_ns: 1910969940391419 ns
[    1.329137] setup_percpu: NR_CPUS:64 nr_cpumask_bits:4 nr_cpu_ids:4 nr_node_ids:1
[    1.338220] percpu: Embedded 67 pages/cpu s237520 r8192 d28720 u524288
[    1.342853] Kernel command line: net.ifnames=0 earlyprintk=serial sysctl.kernel.hung_task_all_cpu_backtrace=1 ima_policy=tcb nf-conntrack-ftp.ports=20000 nf-conntrack-tftp.ports=20000 nf-conntrack-sip.ports=20000 nf-conntrack-irc.ports=20000 nf-conntrack-sane.ports=20000 binder.debug_mask=0 rcupdate.rcu_expedited=1 no_hash_pointers page_owner=on sysctl.vm.nr_hugepages=4 sysctl.vm.nr_overcommit_hugepages=4 root=/dev/sda console=ttyS0 vsyscall=native numa=fake=2 kvm-intel.nested=1 spec_store_bypass_disable=prctl nopcid vivid.n_devs=16 vivid.multiplanar=1,2,1,2,1,2,1,2,1,2,1,2,1,2,1,2 netrom.nr_ndevs=16 rose.rose_ndevs=16 dummy_hcd.num=8 watchdog_thresh=55 workqueue.watchdog_thresh=140 sysctl.net.core.netdev_unregister_timeout_secs=140 panic_on_warn=0 root=/dev/sda console=ttyS0 
[    1.390873] Unknown kernel command line parameters "ima_policy=tcb page_owner=on", will be passed to user space.
[    1.397277] printk: log buffer data + meta data: 262144 + 917504 = 1179648 bytes
[    1.407695] Dentry cache hash table entries: 524288 (order: 10, 4194304 bytes, linear)
[    1.416431] Inode-cache hash table entries: 262144 (order: 9, 2097152 bytes, linear)
[    1.422216] software IO TLB: area num 4.
[    1.537376] Fallback order for Node 0: 0 
[    1.537428] Built 1 zonelists, mobility grouping on.  Total pages: 1048446
[    1.544198] Policy zone: Normal
[    1.546126] mem auto-init: stack:off, heap alloc:off, heap free:off
[    1.550012] stackdepot: allocating hash table via alloc_large_system_hash
[    1.554150] stackdepot hash table entries: 1048576 (order: 12, 16777216 bytes, linear)
[    1.583100] stackdepot: allocating space for 8192 stack pools via memblock
[    1.653372] **********************************************************
[    1.657013] **   NOTICE NOTICE NOTICE NOTICE NOTICE NOTICE NOTICE   **
[    1.660818] **                                                      **
[    1.664630] ** This system shows unhashed kernel memory addresses   **
[    1.668427] ** via the console, logs, and other interfaces. This    **
[    1.672224] ** might reduce the security of your system.            **
[    1.676991] **                                                      **
[    1.681271] ** If you see this message and you are not debugging    **
[    1.685132] ** the kernel, report this immediately to your system   **
[    1.689026] ** administrator!                                       **
[    1.692953] **                                                      **
[    1.696858] ** Use hash_pointers=always to force this mode off      **
[    1.700768] **                                                      **
[    1.704646] **   NOTICE NOTICE NOTICE NOTICE NOTICE NOTICE NOTICE   **
[    1.708530] **********************************************************
[    1.713330] SLUB: HWalign=64, Order=0-3, MinObjects=0, CPUs=4, Nodes=1
[    1.717443] Kernel/User page tables isolation: enabled
[    1.778679] ftrace: allocating 76706 entries in 300 pages
[    1.782011] ftrace: allocated 300 pages with 4 groups
[    1.789842] Dynamic Preempt: voluntary
[    1.794442] Running RCU self tests
[    1.796760] Running RCU synchronous self tests
[    1.800180] rcu: Preemptible hierarchical RCU implementation.
[    1.804599] rcu: 	RCU event tracing is enabled.
[    1.807394] rcu: 	RCU lockdep checking is enabled.
[    1.810241] rcu: 	RCU restricting CPUs from NR_CPUS=64 to nr_cpu_ids=4.
[    1.814334] 	All grace periods are expedited (rcu_expedited).
[    1.817765] 	Trampoline variant of Tasks RCU enabled.
[    1.820742] 	Rude variant of Tasks RCU enabled.
[    1.823406] 	Tracing variant of Tasks RCU enabled.
[    1.826215] rcu: RCU calculated value of scheduler-enlistment delay is 100 jiffies.
[    1.830726] rcu: Adjusting geometry for rcu_fanout_leaf=16, nr_cpu_ids=4
[    1.835069] Running RCU synchronous self tests
[    1.837775] RCU Tasks: Setting shift to 2 and lim to 1 rcu_task_cb_adjust=1 rcu_task_cpu_ids=4.
[    1.843150] RCU Tasks Rude: Setting shift to 2 and lim to 1 rcu_task_cb_adjust=1 rcu_task_cpu_ids=4.
[    1.849913] RCU Tasks Trace: Setting shift to 2 and lim to 1 rcu_task_cb_adjust=1 rcu_task_cpu_ids=4.
[    2.035843] NR_IRQS: 4352, nr_irqs: 456, preallocated irqs: 16
[    2.041487] rcu: srcu_init: Setting srcu_struct sizes based on contention.
[    2.101073] Console: colour VGA+ 80x25
[    2.104198] printk: legacy console [ttyS0] enabled
[    2.104198] printk: legacy console [ttyS0] enabled
[    2.111278] printk: legacy bootconsole [earlyser0] disabled
[    2.111278] printk: legacy bootconsole [earlyser0] disabled
[    2.118159] Lock dependency validator: Copyright (c) 2006 Red Hat, Inc., Ingo Molnar
[    2.123102] ... MAX_LOCKDEP_SUBCLASSES:  8
[    2.126157] ... MAX_LOCK_DEPTH:          48
[    2.129274] ... MAX_LOCKDEP_KEYS:        8192
[    2.132524] ... CLASSHASH_SIZE:          4096
[    2.135749] ... MAX_LOCKDEP_ENTRIES:     32768
[    2.138978] ... MAX_LOCKDEP_CHAINS:      65536
[    2.142012] ... CHAINHASH_SIZE:          32768
[    2.144687]  memory used by lock dependency info: 6429 kB
[    2.148364]  memory used for stack traces: 4224 kB
[    2.151749]  per task-struct memory footprint: 1920 bytes
[    2.155688] ACPI: Core revision 20250807
[    2.161390] clocksource: hpet: mask: 0xffffffff max_cycles: 0xffffffff, max_idle_ns: 19112604467 ns
[    2.168887] APIC: Switch to symmetric I/O mode setup
[    2.187031] ..TIMER: vector=0x30 apic1=0 pin1=2 apic2=-1 pin2=-1
[    2.191079] clocksource: tsc-early: mask: 0xffffffffffffffff max_cycles: 0x2868139ef5d, max_idle_ns: 440795282642 ns
[    2.197826] Calibrating delay loop (skipped) preset value.. 5606.40 BogoMIPS (lpj=2803204)
[    2.201913] Last level iTLB entries: 4KB 0, 2MB 0, 4MB 0
[    2.202790] Last level dTLB entries: 4KB 0, 2MB 0, 4MB 0, 1GB 0
[    2.203837] mitigations: Enabled attack vectors: user_kernel, user_user, SMT mitigations: auto
[    2.204817] Speculative Store Bypass: Vulnerable
[    2.205810] Spectre V2 : Mitigation: Retpolines
[    2.206793] ITS: Mitigation: Aligned branch/return thunks
[    2.207789] MDS: Vulnerable: Clear CPU buffers attempted, no microcode
[    2.208805] Spectre V1 : Mitigation: usercopy/swapgs barriers and __user pointer sanitization
[    2.209789] Spectre V2 : Spectre v2 / SpectreRSB: Filling RSB on context switch and VMEXIT
[    2.210793] active return thunk: its_return_thunk
[    2.211828] x86/fpu: x87 FPU will use FXSAVE
[    2.368521] Freeing SMP alternatives memory: 60K
[    2.368817] pid_max: default: 32768 minimum: 301
[    2.371933] LSM: initializing lsm=capability,selinux
[    2.373910] SELinux:  Initializing.
[    2.378331] Mount-cache hash table entries: 8192 (order: 4, 65536 bytes, linear)
[    2.378889] Mountpoint-cache hash table entries: 8192 (order: 4, 65536 bytes, linear)
[    2.391170] Running RCU synchronous self tests
[    2.391787] Running RCU synchronous self tests
[    2.497186] smpboot: CPU0: Intel QEMU Virtual CPU version 2.5+ (family: 0xf, model: 0x6b, stepping: 0x1)
[    2.502603] Performance Events: unsupported Netburst CPU model 107 no PMU driver, software events only.
[    2.503092] signal: max sigframe size: 1440
[    2.505060] rcu: Hierarchical SRCU implementation.
[    2.505789] rcu: 	Max phase no-delay instances is 400.
[    2.508367] Timer migration: 1 hierarchy levels; 8 children per group; 1 crossnode level
[    2.530335] NMI watchdog: Perf NMI watchdog permanently disabled
[    2.532525] smp: Bringing up secondary CPUs ...
[    2.535558] smpboot: x86: Booting SMP configuration:
[    2.535813] .... node  #0, CPUs:      #1 #2 #3
[    2.555371] smp: Brought up 1 node, 4 CPUs
[    2.556787] smpboot: Total of 4 processors activated (22425.63 BogoMIPS)
[    2.564412] Memory: 3327776K/4193784K available (78319K kernel code, 14120K rwdata, 18148K rodata, 14700K init, 16336K bss, 855780K reserved, 0K cma-reserved)
[    2.570151] devtmpfs: initialized
[    2.597586] Running RCU synchronous self tests
[    2.597834] Running RCU synchronous self tests
[    2.602802] Running RCU Tasks wait API self tests
[    2.606797] Running RCU Tasks Rude wait API self tests
[    2.610825] Running RCU Tasks Trace wait API self tests
[    2.627887] clocksource: jiffies: mask: 0xffffffff max_cycles: 0xffffffff, max_idle_ns: 1911260446275000 ns
[    2.634141] posixtimers hash table entries: 2048 (order: 6, 147456 bytes, linear)
[    2.639981] futex hash table entries: 1024 (131072 bytes on 1 NUMA nodes, total 128 KiB, linear).
[    2.647976] pinctrl core: initialized pinctrl subsystem
[    2.652792] Callback from call_rcu_tasks_trace() invoked.
[    2.655169] PM: RTC time: 01:48:31, date: 2026-01-07
[    2.663022] NET: Registered PF_NETLINK/PF_ROUTE protocol family
[    2.673246] audit: initializing netlink subsys (disabled)
[    2.679079] audit: type=2000 audit(1767750512.683:1): state=initialized audit_enabled=0 res=1
[    2.684933] thermal_sys: Registered thermal governor 'step_wise'
[    2.684943] thermal_sys: Registered thermal governor 'user_space'
[    2.689792] cpuidle: using governor menu
[    2.702155] PCI: Using configuration type 1 for base access
[    2.708056] kprobes: kprobe jump-optimization is enabled. All kprobes are optimized if possible.
[    2.723321] HugeTLB: registered 2.00 MiB page size, pre-allocated 0 pages
[    2.728785] HugeTLB: 28 KiB vmemmap can be freed for a 2.00 MiB page
[    2.743854] ACPI: Added _OSI(Module Device)
[    2.747789] ACPI: Added _OSI(Processor Device)
[    2.750788] ACPI: Added _OSI(Processor Aggregator Device)
[    2.823308] Callback from call_rcu_tasks() invoked.
[    3.054596] ACPI: 1 ACPI AML tables successfully acquired and loaded
[    3.126429] ACPI: Interpreter enabled
[    3.132212] ACPI: PM: (supports S0 S3 S4 S5)
[    3.136146] ACPI: Using IOAPIC for interrupt routing
[    3.142443] PCI: Using host bridge windows from ACPI; if necessary, use "pci=nocrs" and report a bug
[    3.150790] PCI: Using E820 reservations for host bridge windows
[    3.165231] ACPI: Enabled 2 GPEs in block 00 to 0F
[    3.708337] ACPI: PCI Root Bridge [PCI0] (domain 0000 [bus 00-ff])
[    3.714845] acpi PNP0A03:00: _OSC: OS supports [ASPM ClockPM Segments MSI HPX-Type3]
[    3.721795] acpi PNP0A03:00: _OSC: not requesting OS control; OS requires [ExtendedConfig ASPM ClockPM MSI]
[    3.734786] acpi PNP0A03:00: fail to add MMCONFIG information, can't access extended configuration space under this bridge
[    3.750726] PCI host bridge to bus 0000:00
[    3.755115] pci_bus 0000:00: root bus resource [io  0x0000-0x0cf7 window]
[    3.762785] pci_bus 0000:00: root bus resource [io  0x0d00-0xffff window]
[    3.768248] pci_bus 0000:00: root bus resource [mem 0x000a0000-0x000bffff window]
[    3.773830] pci_bus 0000:00: root bus resource [mem 0xc0000000-0xfebfffff window]
[    3.780848] pci_bus 0000:00: root bus resource [mem 0x140000000-0x1bfffffff window]
[    3.786824] pci_bus 0000:00: root bus resource [bus 00-ff]
[    3.794499] pci 0000:00:00.0: [8086:1237] type 00 class 0x060000 conventional PCI endpoint
[    3.814926] pci 0000:00:01.0: [8086:7000] type 00 class 0x060100 conventional PCI endpoint
[    3.832954] pci 0000:00:01.1: [8086:7010] type 00 class 0x010180 conventional PCI endpoint
[    3.842979] pci 0000:00:01.1: BAR 4 [io  0xc0a0-0xc0af]
[    3.846979] pci 0000:00:01.1: BAR 0 [io  0x01f0-0x01f7]: legacy IDE quirk
[    3.850796] pci 0000:00:01.1: BAR 1 [io  0x03f6]: legacy IDE quirk
[    3.856793] pci 0000:00:01.1: BAR 2 [io  0x0170-0x0177]: legacy IDE quirk
[    3.860786] pci 0000:00:01.1: BAR 3 [io  0x0376]: legacy IDE quirk
[    3.874937] pci 0000:00:01.3: [8086:7113] type 00 class 0x068000 conventional PCI endpoint
[    3.882393] pci 0000:00:01.3: quirk: [io  0x0600-0x063f] claimed by PIIX4 ACPI
[    3.891948] pci 0000:00:01.3: quirk: [io  0x0700-0x070f] claimed by PIIX4 SMB
[    3.901258] pci 0000:00:01.3: quirk_piix4_acpi+0x0/0x210 took 18554 usecs
[    3.917413] pci 0000:00:02.0: [1234:1111] type 00 class 0x030000 conventional PCI endpoint
[    3.932344] pci 0000:00:02.0: BAR 0 [mem 0xfd000000-0xfdffffff pref]
[    3.937879] pci 0000:00:02.0: BAR 2 [mem 0xfc070000-0xfc070fff]
[    3.942985] pci 0000:00:02.0: ROM [mem 0xfc060000-0xfc06ffff pref]
[    3.952243] pci 0000:00:02.0: Video device with shadowed ROM at [mem 0x000c0000-0x000dffff]
[    3.980538] pci 0000:00:03.0: [1af4:1005] type 00 class 0x00ff00 conventional PCI endpoint
[    3.992845] pci 0000:00:03.0: BAR 0 [io  0xc080-0xc09f]
[    3.997842] pci 0000:00:03.0: BAR 1 [mem 0xfc071000-0xfc071fff]
[    4.003016] pci 0000:00:03.0: BAR 4 [mem 0xfe000000-0xfe003fff 64bit pref]
[    4.158452] pci 0000:00:04.0: [1af4:1009] type 00 class 0x000200 conventional PCI endpoint
[    4.170851] pci 0000:00:04.0: BAR 0 [io  0xc000-0xc03f]
[    4.175839] pci 0000:00:04.0: BAR 1 [mem 0xfc072000-0xfc072fff]
[    4.179949] pci 0000:00:04.0: BAR 4 [mem 0xfe004000-0xfe007fff 64bit pref]
[    4.331323] pci 0000:00:05.0: [14f1:5b7a] type 00 class 0x040000 conventional PCI endpoint
[    4.341089] pci 0000:00:05.0: BAR 0 [mem 0xf8000000-0xfbffffff]
[    4.500903] pci 0000:00:06.0: [8086:100e] type 00 class 0x020000 conventional PCI endpoint
[    4.506850] pci 0000:00:06.0: BAR 0 [mem 0xfc040000-0xfc05ffff]
[    4.507842] pci 0000:00:06.0: BAR 1 [io  0xc040-0xc07f]
[    4.509025] pci 0000:00:06.0: ROM [mem 0xfc000000-0xfc03ffff pref]
[    4.846233] ACPI: PCI: Interrupt link LNKA configured for IRQ 10
[    4.864149] ACPI: PCI: Interrupt link LNKB configured for IRQ 10
[    4.874484] ACPI: PCI: Interrupt link LNKC configured for IRQ 11
[    4.884407] ACPI: PCI: Interrupt link LNKD configured for IRQ 11
[    4.889763] ACPI: PCI: Interrupt link LNKS configured for IRQ 9
[    4.939974] iommu: Default domain type: Translated
[    4.940994] iommu: DMA domain TLB invalidation policy: lazy mode
[    4.965539] SCSI subsystem initialized
[    4.971704] ACPI: bus type USB registered
[    4.974697] usbcore: registered new interface driver usbfs
[    4.977173] usbcore: registered new interface driver hub
[    4.978970] usbcore: registered new device driver usb
[    4.984308] mc: Linux media interface: v0.10
[    4.985921] videodev: Linux video capture interface: v2.00
[    4.989106] pps_core: LinuxPPS API ver. 1 registered
[    4.989784] pps_core: Software ver. 5.3.6 - Copyright 2005-2007 Rodolfo Giometti <giometti@linux.it>
[    4.991862] PTP clock support registered
[    4.997459] EDAC MC: Ver: 3.0.0
[    5.009898] FPGA manager framework
[    5.015465] Advanced Linux Sound Architecture Driver Initialized.
[    5.034344] Bluetooth: Core ver 2.22
[    5.036046] NET: Registered PF_BLUETOOTH protocol family
[    5.036832] Bluetooth: HCI device and connection manager initialized
[    5.038021] Bluetooth: HCI socket layer initialized
[    5.038928] Bluetooth: L2CAP socket layer initialized
[    5.040960] Bluetooth: SCO socket layer initialized
[    5.042175] NET: Registered PF_ATMPVC protocol family
[    5.042784] NET: Registered PF_ATMSVC protocol family
[    5.044793] NetLabel: Initializing
[    5.045828] NetLabel:  domain hash size = 128
[    5.046782] NetLabel:  protocols = UNLABELED CIPSOv4 CALIPSO
[    5.049844] NetLabel:  unlabeled traffic allowed by default
[    5.057286] nfc: nfc_init: NFC Core ver 0.1
[    5.059339] NET: Registered PF_NFC protocol family
[    5.060866] mctp: management component transport protocol core
[    5.062781] NET: Registered PF_MCTP protocol family
[    5.065663] PCI: Using ACPI for IRQ routing
[    5.070200] pci 0000:00:02.0: vgaarb: setting as boot VGA device
[    5.070776] pci 0000:00:02.0: vgaarb: bridge control possible
[    5.070776] pci 0000:00:02.0: vgaarb: VGA device added: decodes=io+mem,owns=io+mem,locks=none
[    5.070790] vgaarb: loaded
[    5.077533] hpet: 3 channels of 0 reserved for per-cpu timers
[    5.078091] hpet0: at MMIO 0xfed00000, IRQs 2, 8, 0
[    5.079782] hpet0: 3 comparators, 64-bit 100.000000 MHz counter
[    5.087313] clocksource: Switched to clocksource kvm-clock
[    5.106021] VFS: Disk quotas dquot_6.6.0
[    5.109924] VFS: Dquot-cache hash table entries: 512 (order 0, 4096 bytes)
[    5.128923] pnp: PnP ACPI init
[    5.160548] pnp: PnP ACPI: found 6 devices
[    5.271802] clocksource: acpi_pm: mask: 0xffffff max_cycles: 0xffffff, max_idle_ns: 2085701024 ns
[    5.280311] NET: Registered PF_INET protocol family
[    5.286576] IP idents hash table entries: 65536 (order: 7, 524288 bytes, linear)
[    5.304680] tcp_listen_portaddr_hash hash table entries: 2048 (order: 6, 147456 bytes, linear)
[    5.311426] Table-perturb hash table entries: 65536 (order: 6, 262144 bytes, linear)
[    5.317539] TCP established hash table entries: 32768 (order: 6, 262144 bytes, linear)
[    5.325432] TCP bind hash table entries: 32768 (order: 11, 4718592 bytes, vmalloc hugepage)
[    5.339710] TCP: Hash tables configured (established 32768 bind 32768)
[    5.344788] UDP hash table entries: 2048 (order: 7, 524288 bytes, linear)
[    5.350371] UDP-Lite hash table entries: 2048 (order: 7, 524288 bytes, linear)
[    5.358724] NET: Registered PF_UNIX/PF_LOCAL protocol family
[    5.370066] RPC: Registered named UNIX socket transport module.
[    5.373743] RPC: Registered udp transport module.
[    5.376522] RPC: Registered tcp transport module.
[    5.380021] RPC: Registered tcp-with-tls transport module.
[    5.383832] RPC: Registered tcp NFSv4.1 backchannel transport module.
[    5.395599] pci_bus 0000:00: resource 4 [io  0x0000-0x0cf7 window]
[    5.399892] pci_bus 0000:00: resource 5 [io  0x0d00-0xffff window]
[    5.403872] pci_bus 0000:00: resource 6 [mem 0x000a0000-0x000bffff window]
[    5.408553] pci_bus 0000:00: resource 7 [mem 0xc0000000-0xfebfffff window]
[    5.412827] pci_bus 0000:00: resource 8 [mem 0x140000000-0x1bfffffff window]
[    5.419432] pci 0000:00:01.0: PIIX3: Enabling Passive Release
[    5.423329] pci 0000:00:00.0: Limiting direct PCI/PCI transfers
[    5.427740] PCI: CLS 0 bytes, default 64
[    5.431331] PCI-DMA: Using software bounce buffering for IO (SWIOTLB)
[    5.435263] software IO TLB: mapped [mem 0x00000000bbfe0000-0x00000000bffe0000] (64MB)
[    5.441959] clocksource: tsc: mask: 0xffffffffffffffff max_cycles: 0x2868139ef5d, max_idle_ns: 440795282642 ns
[    5.478786] Initialise system trusted keyrings
[    5.483718] workingset: timestamp_bits=40 max_order=20 bucket_order=0
[    5.498823] NFS: Registering the id_resolver key type
[    5.502434] Key type id_resolver registered
[    5.505943] Key type id_legacy registered
[    5.510660] 9p: Installing v9fs 9p2000 file system support
[    5.547334] Key type asymmetric registered
[    5.550195] Asymmetric key parser 'x509' registered
[    5.553926] Block layer SCSI generic (bsg) driver version 0.4 loaded (major 244)
[    5.559475] io scheduler mq-deadline registered
[    5.562739] io scheduler kyber registered
[    5.570738] IPMI message handler: version 39.2
[    5.577037] input: Power Button as /devices/LNXSYSTM:00/LNXPWRBN:00/input/input0
[    5.584518] ACPI: button: Power Button [PWRF]
[    5.602439] Serial: 8250/16550 driver, 4 ports, IRQ sharing enabled
[    5.611436] 00:04: ttyS0 at I/O 0x3f8 (irq = 4, base_baud = 115200) is a 16550A
[    5.637042] Non-volatile memory driver v1.3
[    5.639896] Linux agpgart interface v0.103
[    5.646598] parport_pc 00:03: reported by Plug and Play ACPI
[    5.652647] parport0: PC-style at 0x378, irq 7 [PCSPP(,...)]
[    5.764729] loop: module loaded
[    5.772781] megaraid cmm: 2.20.2.7 (Release Date: Sun Jul 16 00:01:03 EST 2006)
[    5.779904] hv_vmbus: registering driver hv_storvsc
[    5.820758] scsi host0: ata_piix
[    5.829451] scsi host1: ata_piix
[    5.834048] ata1: PATA max MWDMA2 cmd 0x1f0 ctl 0x3f6 bmdma 0xc0a0 irq 14 lpm-pol 0
[    5.838984] ata2: PATA max MWDMA2 cmd 0x170 ctl 0x376 bmdma 0xc0a8 irq 15 lpm-pol 0
[    5.851879] Rounding down aligned max_sectors from 4294967295 to 4294967288
[    5.857730] db_root: cannot open: /etc/target
[    5.861677] MACsec IEEE 802.1AE
[    5.872958] tun: Universal TUN/TAP device driver, 1.6
[    5.878767] arcnet: arcnet loaded
[    5.881113] CAN device driver interface
[    5.883634] sja1000 CAN netdevice driver
[    5.887138] e1000: Intel(R) PRO/1000 Network Driver
[    5.891480] e1000: Copyright (c) 1999-2006 Intel Corporation.
[    6.002528] ata1: found unknown device (class 0)
[    6.009685] ata2: found unknown device (class 0)
[    6.018822] ata1.00: ATA-7: QEMU HARDDISK, 2.5+, max UDMA/100
[    6.022901] ata1.00: 536870912 sectors, multi 16: LBA48 
[    6.027822] ata2.00: ATAPI: QEMU DVD-ROM, 2.5+, max UDMA/100
[    6.042303] scsi 0:0:0:0: Direct-Access     ATA      QEMU HARDDISK    2.5+ PQ: 0 ANSI: 5
[    6.066306] scsi 0:0:0:0: Attached scsi generic sg0 type 0
[    6.072818] sd 0:0:0:0: [sda] 536870912 512-byte logical blocks: (275 GB/256 GiB)
[    6.079715] scsi 1:0:0:0: CD-ROM            QEMU     QEMU DVD-ROM     2.5+ PQ: 0 ANSI: 5
[    6.079723] sd 0:0:0:0: [sda] Write Protect is off
[    6.090776] sd 0:0:0:0: [sda] Write cache: enabled, read cache: enabled, doesn't support DPO or FUA
[    6.099667] sd 0:0:0:0: [sda] Preferred minimum I/O size 512 bytes
[    6.131928] sr 1:0:0:0: [sr0] scsi3-mmc drive: 4x/4x cd/rw xa/form2 tray
[    6.137450] cdrom: Uniform CD-ROM driver Revision: 3.20
[    6.149799] sd 0:0:0:0: [sda] Attached SCSI disk
[    6.183044] sr 1:0:0:0: Attached scsi generic sg1 type 5
[   15.268295] ACPI: \_SB_.LNKB: Enabled at IRQ 10
[   15.928540] e1000 0000:00:06.0 eth0: (PCI:33MHz:32-bit) 52:54:00:12:34:56
[   15.933191] e1000 0000:00:06.0 eth0: Intel(R) PRO/1000 Network Connection
[   15.939990] QLogic FastLinQ 4xxxx Core Module qed
[   15.943344] hdlc: HDLC support module revision 1.22
[   15.949998] usbcore: registered new device driver r8152-cfgselector
[   15.954858] usbcore: registered new interface driver r8152
[   15.959768] usbcore: registered new interface driver cdc_ether
[   15.964821] usbcore: registered new interface driver cdc_subset
[   15.969084] usbcore: registered new interface driver r8153_ecm
[   15.977754] VFIO - User Level meta-driver version: 0.3
[   15.988415] i8042: PNP: PS/2 Controller [PNP0303:KBD,PNP0f13:MOU] at 0x60,0x64 irq 1,12
[   15.998665] serio: i8042 KBD port at 0x60,0x64 irq 1
[   16.001931] serio: i8042 AUX port at 0x60,0x64 irq 12
[   16.007472] hv_vmbus: registering driver hyperv_keyboard
[   16.017889] input: AT Translated Set 2 keyboard as /devices/platform/i8042/serio0/input/input1
[   16.023585] rtc_cmos 00:05: RTC can wake from S4
[   16.035914] rtc_cmos 00:05: registered as rtc0
[   16.039978] rtc_cmos 00:05: alarms up to one day, y3k, 242 bytes nvram, hpet irqs
[   16.045852] i2c_dev: i2c /dev entries driver
[   16.050618] gspca_main: v2.14.0 registered
[   16.056501] Driver for 1-wire Dallas network protocol.
[   16.063375] device-mapper: ioctl: 4.50.0-ioctl (2025-04-28) initialised: dm-devel@lists.linux.dev
[   16.069172] Modular ISDN core version 1.1.29
[   16.073598] NET: Registered PF_ISDN protocol family
[   16.076456] intel_pstate: CPU model not supported
[   16.080117] sdhci: Secure Digital Host Controller Interface driver
[   16.083936] sdhci: Copyright(c) Pierre Ossman
[   16.094385] hid: raw HID events driver (C) Jiri Kosina
[   16.106993] usbcore: registered new interface driver usbhid
[   16.110466] usbhid: USB HID core driver
[   16.113567] comedi: version 0.7.76 - http://www.comedi.org
[   16.126327] SPI driver st-gyro-spi has no spi_device_id for st,l3g4200d-gyro
[   16.132576] SPI driver st-gyro-spi has no spi_device_id for st,lsm330d-gyro
[   16.137231] SPI driver st-gyro-spi has no spi_device_id for st,lsm330dl-gyro
[   16.141745] SPI driver st-gyro-spi has no spi_device_id for st,lsm330dlc-gyro
[   16.146277] SPI driver st-gyro-spi has no spi_device_id for st,l3gd20-gyro
[   16.150087] SPI driver st-gyro-spi has no spi_device_id for st,l3gd20h-gyro
[   16.154279] SPI driver st-gyro-spi has no spi_device_id for st,l3g4is-gyro
[   16.158512] SPI driver st-gyro-spi has no spi_device_id for st,lsm330-gyro
[   16.162748] SPI driver st-gyro-spi has no spi_device_id for st,lsm9ds0-gyro
[   16.168482] SPI driver st-magn-spi has no spi_device_id for st,lis3mdl-magn
[   16.172900] SPI driver st-magn-spi has no spi_device_id for st,lsm303agr-magn
[   16.177276] SPI driver st-magn-spi has no spi_device_id for st,lsm9ds1-magn
[   16.181355] SPI driver st-magn-spi has no spi_device_id for st,lsm303c-magn
[   16.187935] gnss: GNSS driver registered with major 508
[   16.204832] nf_conntrack_irc: failed to register helpers
[   16.480401] input: ImExPS/2 Generic Explorer Mouse as /devices/platform/i8042/serio1/input/input3
[   17.267151] nf_conntrack_sip: failed to register helpers
[   17.274874] Initializing XFRM netlink socket
[   17.278657] NET: Registered PF_INET6 protocol family
[   17.294114] Segment Routing with IPv6
[   17.296726] In-situ OAM (IOAM) with IPv6
[   17.300112] sit: IPv6, IPv4 and MPLS over IPv4 tunneling driver
[   17.308423] NET: Registered PF_PACKET protocol family
[   17.313512] can: controller area network core
[   17.318145] NET: Registered PF_CAN protocol family
[   17.321826] can: raw protocol
[   17.324319] can: broadcast manager protocol
[   17.327756] can: netlink gateway - max_hops=1
[   17.333324] RPC: Registered rdma transport module.
[   17.336854] RPC: Registered rdma backchannel transport module.
[   17.342230] NET: Registered PF_PHONET protocol family
[   17.346105] 8021q: 802.1Q VLAN Support v1.8
[   17.349661] 9pnet: Installing 9P2000 support
[   17.353295] NET: Registered PF_IEEE802154 protocol family
[   17.356842] Key type dns_resolver registered
[   17.371873] IPI shorthand broadcast: enabled
[   17.577340] sched_clock: Marking stable (17430063264, 147082516)->(17884891409, -307745629)
[   17.593673] registered taskstats version 1
[   17.596524] Loading compiled-in X.509 certificates
[   17.791546] Demotion targets for Node 0: null
[   17.796031] kmemleak: Kernel memory leak detector initialized (mem pool available: 14702)
[   17.796121] kmemleak: Automatic memory scanning thread started
[   17.807808] PM:   Magic number: 10:384:811
[   17.811112] netconsole: network logging started
[   17.816778] cfg80211: Loading compiled-in X.509 certificates for regulatory database
[   17.828457] kworker/u16:0 (106) used greatest stack depth: 28648 bytes left
[   17.835076] Loaded X.509 cert 'sforshee: 00b28ddf47aef9cea7'
[   17.840133] Loaded X.509 cert 'wens: 61c038651aabdcf94bd0ac7ff06c7248db18c600'
[   17.846663] faux_driver regulatory: Direct firmware load for regulatory.db failed with error -2
[   17.847650] clk: Disabling unused clocks
[   17.852582] cfg80211: failed to load regulatory.db
[   17.855079] ALSA device list:
[   17.860929]   No soundcards found.
[   17.868363] check access for rdinit=/init failed: -2, ignoring
[   17.871877] md: Waiting for all devices to be available before autodetect
[   17.874678] md: If you don't use raid, use raid=noautodetect
[   17.877016] md: Autodetecting RAID arrays.
[   17.879071] md: autorun ...
[   17.880312] md: ... autorun DONE.
[   18.200653] EXT4-fs (sda): mounted filesystem 7aa2f14d-7352-4fb8-97c6-28d78a5d37aa ro with ordered data mode. Quota mode: none.
[   18.205541] VFS: Mounted root (ext4 filesystem) readonly on device 8:0.
[   18.212717] devtmpfs: mounted
[   18.308657] Freeing unused kernel image (initmem) memory: 14700K
[   18.311839] Write protecting the kernel read-only data: 98304k
[   18.327913] Freeing unused kernel image (text/rodata gap) memory: 1552K
[   18.331979] Freeing unused kernel image (rodata/data gap) memory: 284K
[   18.480328] x86/mm: Checked W+X mappings: passed, no W+X pages found.
[   18.483649] x86/mm: Checking user space page tables
[   18.621535] x86/mm: Checked W+X mappings: passed, no W+X pages found.
[   18.635515] Run /sbin/init as init process
[   22.521227] SELinux:  Permission firmware_load in class system not defined in policy.
[   22.525258] SELinux:  Permission kexec_image_load in class system not defined in policy.
[   22.529164] SELinux:  Permission kexec_initramfs_load in class system not defined in policy.
[   22.533195] SELinux:  Permission policy_load in class system not defined in policy.
[   22.536507] SELinux:  Permission x509_certificate_load in class system not defined in policy.
[   22.540805] SELinux:  Permission watch_mountns in class file not defined in policy.
[   22.544553] SELinux:  Permission watch_mountns in class dir not defined in policy.
[   22.548553] SELinux:  Permission watch_mountns in class lnk_file not defined in policy.
[   22.552836] SELinux:  Permission watch_mountns in class chr_file not defined in policy.
[   22.557217] SELinux:  Permission watch_mountns in class blk_file not defined in policy.
[   22.560707] SELinux:  Permission watch_mountns in class sock_file not defined in policy.
[   22.564011] SELinux:  Permission watch_mountns in class fifo_file not defined in policy.
[   22.567457] SELinux:  Permission nlmsg in class netlink_route_socket not defined in policy.
[   22.572110] SELinux:  Permission nlmsg in class netlink_tcpdiag_socket not defined in policy.
[   22.577059] SELinux:  Permission nlmsg in class netlink_xfrm_socket not defined in policy.
[   22.581908] SELinux:  Permission nlmsg in class netlink_audit_socket not defined in policy.
[   22.586933] SELinux:  Class mctp_socket not defined in policy.
[   22.590310] SELinux:  Class anon_inode not defined in policy.
[   22.592999] SELinux:  Class io_uring not defined in policy.
[   22.595503] SELinux:  Class user_namespace not defined in policy.
[   22.598274] SELinux: the above unknown classes and permissions will be allowed
[   22.832226] SELinux:  policy capability network_peer_controls=1
[   22.834790] SELinux:  policy capability open_perms=1
[   22.837001] SELinux:  policy capability extended_socket_class=1
[   22.840043] SELinux:  policy capability always_check_network=0
[   22.842599] SELinux:  policy capability cgroup_seclabel=1
[   22.844897] SELinux:  policy capability nnp_nosuid_transition=1
[   22.847729] SELinux:  policy capability genfs_seclabel_symlinks=0
[   22.850510] SELinux:  policy capability ioctl_skip_cloexec=0
[   22.853348] SELinux:  policy capability userspace_initial_context=0
[   22.856059] SELinux:  policy capability netlink_xperm=0
[   22.858308] SELinux:  policy capability netif_wildcard=0
[   22.860595] SELinux:  policy capability genfs_seclabel_wildcard=0
[   22.863489] SELinux:  policy capability functionfs_seclabel=0
[   22.888067] audit: type=1403 audit(1767750532.891:2): auid=4294967295 ses=4294967295 lsm=selinux res=1
[   22.909849] systemd[1]: Successfully loaded SELinux policy in 3.697875s.
[   23.292276] systemd[1]: Relabelled /dev, /dev/shm, /run, /sys/fs/cgroup in 84.679ms.
[   23.330642] systemd[1]: systemd 247.3-7+deb11u5 running in system mode. (+PAM +AUDIT +SELINUX +IMA +APPARMOR +SMACK +SYSVINIT +UTMP +LIBCRYPTSETUP +GCRYPT +GNUTLS +ACL +XZ +LZ4 +ZSTD +SECCOMP +BLKID +ELFUTILS +KMOD +IDN2 -IDN +PCRE2 default-hierarchy=unified)
[   23.342178] systemd[1]: Detected virtualization kvm.
[   23.344508] systemd[1]: Detected architecture x86-64.

Welcome to [1mDebian GNU/Linux 11 (bullseye)[0m!

[   23.359596] systemd[1]: Set hostname to <syzkaller>.
[   23.667641] random: crng init done
[   23.772956] selinuxenabled (117) used greatest stack depth: 26008 bytes left
[   23.803192] systemd-bless-b (113) used greatest stack depth: 25832 bytes left
[   23.880189] systemd-debug-g (115) used greatest stack depth: 25512 bytes left
[   24.129094] systemd-gpt-aut (119) used greatest stack depth: 25232 bytes left
[   24.951480] systemd[1]: Queued start job for default target Graphical Interface.
[   24.955117] systemd[1]: system-getty.slice: unit configures an IP firewall, but the local system does not support BPF/cgroup firewalling.
[   24.960794] systemd[1]: (This warning is only shown for the first unit using IP firewalling.)
[   25.015169] systemd[1]: Created slice system-getty.slice.
[[0;32m  OK  [0m] Created slice [0;1;39msystem-getty.slice[0m.
[   25.040583] systemd[1]: Created slice system-modprobe.slice.
[[0;32m  OK  [0m] Created slice [0;1;39msystem-modprobe.slice[0m.
[   25.072322] systemd[1]: Created slice system-serial\x2dgetty.slice.
[[0;32m  OK  [0m] Created slice [0;1;39msystem-serial\x2dgetty.slice[0m.
[   25.082710] systemd[1]: Started Dispatch Password Requests to Console Directory Watch.
[[0;32m  OK  [0m] Started [0;1;39mDispatch Password …ts to Console Directory Watch[0m.
[   25.093679] systemd[1]: Started Forward Password Requests to Wall Directory Watch.
[[0;32m  OK  [0m] Started [0;1;39mForward Password R…uests to Wall Directory Watch[0m.
[   25.109987] systemd[1]: Set up automount Arbitrary Executable File Formats File System Automount Point.
[[0;32m  OK  [0m] Set up automount [0;1;39mArbitrary…s File System Automount Point[0m.
[   25.122254] systemd[1]: Reached target Local Encrypted Volumes.
[[0;32m  OK  [0m] Reached target [0;1;39mLocal Encrypted Volumes[0m.
[   25.131037] systemd[1]: Reached target Paths.
[[0;32m  OK  [0m] Reached target [0;1;39mPaths[0m.
[   25.138160] systemd[1]: Reached target Remote File Systems.
[[0;32m  OK  [0m] Reached target [0;1;39mRemote File Systems[0m.
[   25.146290] systemd[1]: Reached target Slices.
[[0;32m  OK  [0m] Reached target [0;1;39mSlices[0m.
[   25.152902] systemd[1]: Reached target Swap.
[[0;32m  OK  [0m] Reached target [0;1;39mSwap[0m.
[   25.181221] systemd[1]: Listening on Syslog Socket.
[[0;32m  OK  [0m] Listening on [0;1;39mSyslog Socket[0m.
[   25.189882] systemd[1]: Listening on initctl Compatibility Named Pipe.
[[0;32m  OK  [0m] Listening on [0;1;39minitctl Compatibility Named Pipe[0m.
[   25.202391] systemd[1]: Listening on Journal Audit Socket.
[[0;32m  OK  [0m] Listening on [0;1;39mJournal Audit Socket[0m.
[   25.214239] systemd[1]: Listening on Journal Socket (/dev/log).
[[0;32m  OK  [0m] Listening on [0;1;39mJournal Socket (/dev/log)[0m.
[   25.231776] systemd[1]: Listening on Journal Socket.
[[0;32m  OK  [0m] Listening on [0;1;39mJournal Socket[0m.
[   25.251112] systemd[1]: Listening on udev Control Socket.
[[0;32m  OK  [0m] Listening on [0;1;39mudev Control Socket[0m.
[   25.264946] systemd[1]: Listening on udev Kernel Socket.
[[0;32m  OK  [0m] Listening on [0;1;39mudev Kernel Socket[0m.
[   25.272708] systemd[1]: Reached target Sockets.
[[0;32m  OK  [0m] Reached target [0;1;39mSockets[0m.
[   25.341594] systemd[1]: Mounting Huge Pages File System...
         Mounting [0;1;39mHuge Pages File System[0m...
[   25.411319] systemd[1]: Mounting POSIX Message Queue File System...
         Mounting [0;1;39mPOSIX Message Queue File System[0m...
[   25.460223] systemd[1]: Mounting /proc/sys/fs/binfmt_misc...
         Mounting [0;1;39m/proc/sys/fs/binfmt_misc[0m...
[   25.517884] systemd[1]: Mounting /sys/kernel/config...
         Mounting [0;1;39m/sys/kernel/config[0m...
[   25.572508] systemd[1]: Mounting /sys/kernel/debug...
         Mounting [0;1;39m/sys/kernel/debug[0m...
[   25.635276] systemd[1]: Mounting Kernel Trace File System...
         Mounting [0;1;39mKernel Trace File System[0m...
[   25.645619] systemd[1]: Condition check resulted in Create list of static device nodes for the current kernel being skipped.
[   25.707302] systemd[1]: Starting Load Kernel Module fuse...
         Starting [0;1;39mLoad Kernel Module fuse[0m...
[   25.802425] audit: type=1400 audit(1767750535.803:3): avc:  denied  { read } for  pid=134 comm="modprobe" name="modules.softdep" dev="sda" ino=9714092 scontext=system_u:system_r:kmod_t:s0 tcontext=system_u:object_r:unlabeled_t:s0 tclass=file permissive=1
[   25.814719] audit: type=1400 audit(1767750535.803:4): avc:  denied  { open } for  pid=134 comm="modprobe" path="/usr/lib/modules/6.18.0/modules.softdep" dev="sda" ino=9714092 scontext=system_u:system_r:kmod_t:s0 tcontext=system_u:object_r:unlabeled_t:s0 tclass=file permissive=1
[   25.825147] systemd[1]: Starting Journal Service...
[   25.827951] audit: type=1400 audit(1767750535.803:5): avc:  denied  { getattr } for  pid=134 comm="modprobe" path="/usr/lib/modules/6.18.0/modules.softdep" dev="sda" ino=9714092 scontext=system_u:system_r:kmod_t:s0 tcontext=system_u:object_r:unlabeled_t:s0 tclass=file permissive=1
[   25.841505] audit: type=1400 audit(1767750535.808:6): avc:  denied  { map } for  pid=134 comm="modprobe" path="/usr/lib/modules/6.18.0/modules.dep.bin" dev="sda" ino=9714089 scontext=system_u:system_r:kmod_t:s0 tcontext=system_u:object_r:unlabeled_t:s0 tclass=file permissive=1
         Starting [0;1;39mJournal Service[0m...
[   25.930537] systemd[1]: Starting Load Kernel Modules...
         Starting [0;1;39mLoad Kernel Modules[0m...
[   26.001667] systemd[1]: Starting Remount Root and Kernel File Systems...
         Starting [0;1;39mRemount Root and Kernel File Systems[0m...
[   26.075665] audit: type=1400 audit(1767750536.078:7): avc:  denied  { search } for  pid=136 comm="systemd-modules" name="6.18.0" dev="sda" ino=9712356 scontext=system_u:system_r:systemd_modules_load_t:s0 tcontext=system_u:object_r:unlabeled_t:s0 tclass=dir permissive=1
[   26.103759] audit: type=1400 audit(1767750536.078:8): avc:  denied  { read } for  pid=136 comm="systemd-modules" name="modules.softdep" dev="sda" ino=9714092 scontext=system_u:system_r:systemd_modules_load_t:s0 tcontext=system_u:object_r:unlabeled_t:s0 tclass=file permissive=1
[   26.117746] audit: type=1400 audit(1767750536.079:9): avc:  denied  { open } for  pid=136 comm="systemd-modules" path="/usr/lib/modules/6.18.0/modules.softdep" dev="sda" ino=9714092 scontext=system_u:system_r:systemd_modules_load_t:s0 tcontext=system_u:object_r:unlabeled_t:s0 tclass=file permissive=1
[   26.130384] audit: type=1400 audit(1767750536.079:10): avc:  denied  { getattr } for  pid=136 comm="systemd-modules" path="/usr/lib/modules/6.18.0/modules.softdep" dev="sda" ino=9714092 scontext=system_u:system_r:systemd_modules_load_t:s0 tcontext=system_u:object_r:unlabeled_t:s0 tclass=file permissive=1
[   26.143192] audit: type=1400 audit(1767750536.080:11): avc:  denied  { map } for  pid=136 comm="systemd-modules" path="/usr/lib/modules/6.18.0/modules.dep.bin" dev="sda" ino=9714089 scontext=system_u:system_r:systemd_modules_load_t:s0 tcontext=system_u:object_r:unlabeled_t:s0 tclass=file permissive=1
[   26.160806] systemd[1]: Starting Coldplug All udev Devices...
         Starting [0;1;39mColdplug All udev Devices[0m...
[   26.239151] systemd[1]: Mounted Huge Pages File System.
[[0;32m  OK  [0m] Mounted [0;1;39mHuge Pages File System[0m.
[   26.261749] systemd[1]: Mounted POSIX Message Queue File System.
[[0;32m  OK  [0m] Mounted [0;1;39mPOSIX Message Queue File System[0m.
[   26.289965] systemd[1]: Mounted /proc/sys/fs/binfmt_misc.
[[0;32m  OK  [0m] Mounted [0;1;39m/proc/sys/fs/binfmt_misc[0m.
[   26.318705] systemd[1]: Mounted /sys/kernel/config.
[[0;32m  OK  [0m] Mounted [0;1;39m/sys/kernel/config[0m.
[   26.340462] systemd[1]: Mounted /sys/kernel/debug.
[[0;32m  OK  [0m] Mounted [0;1;39m/sys/kernel/debug[0m.
[   26.361251] systemd[1]: Mounted Kernel Trace File System.
[[0;32m  OK  [0m] Mounted [0;1;39mKernel Trace File System[0m.
[   26.395221] EXT4-fs (sda): re-mounted 7aa2f14d-7352-4fb8-97c6-28d78a5d37aa r/w.
[   26.405038] systemd[1]: modprobe@fuse.service: Succeeded.
[   26.453256] systemd[1]: Finished Load Kernel Module fuse.
[[0;32m  OK  [0m] Finished [0;1;39mLoad Kernel Module fuse[0m.
[   26.533629] systemd[1]: Finished Load Kernel Modules.
[[0;32m  OK  [0m] Finished [0;1;39mLoad Kernel Modules[0m.
[   26.590398] systemd[1]: Finished Remount Root and Kernel File Systems.
[[0;32m  OK  [0m] Finished [0;1;39mRemount Root and Kernel File Systems[0m.
[   26.612198] systemd[1]: Condition check resulted in FUSE Control File System being skipped.
[   26.646726] systemd[1]: Condition check resulted in Set Up Additional Binary Formats being skipped.
[   26.677821] systemd[1]: Condition check resulted in Rebuild Hardware Database being skipped.
[   26.684097] systemd[1]: Condition check resulted in Platform Persistent Storage Archival being skipped.
[   26.757630] systemd[1]: Starting Load/Save Random Seed...
         Starting [0;1;39mLoad/Save Random Seed[0m...
[   26.837067] systemd[1]: Starting Apply Kernel Variables...
         Starting [0;1;39mApply Kernel Variables[0m...
[   26.919810] systemd[1]: Starting Create System Users...
         Starting [0;1;39mCreate System Users[0m...
[   26.952988] systemd[1]: Started Journal Service.
[[0;32m  OK  [0m] Started [0;1;39mJournal Service[0m.
         Starting [0;1;39mFlush Journal to Persistent Storage[0m...
[   27.214968] systemd-random- (144) used greatest stack depth: 24968 bytes left
[[0;32m  OK  [0m] Finished [0;1;39mApply Kernel Variables[0m.
[   27.259871] systemd-journald[135]: Received client request to flush runtime journal.
[[0;32m  OK  [0m] Finished [0;1;39mLoad/Save Random Seed[0m.
[[0;32m  OK  [0m] Finished [0;1;39mCreate System Users[0m.
         Starting [0;1;39mCreate Static Device Nodes in /dev[0m...
[[0;32m  OK  [0m] Finished [0;1;39mCreate Static Device Nodes in /dev[0m.
[[0;32m  OK  [0m] Reached target [0;1;39mLocal File Systems (Pre)[0m.
[[0;32m  OK  [0m] Reached target [0;1;39mLocal File Systems[0m.
         Starting [0;1;39mRule-based Manage…for Device Events and Files[0m...
[   28.346555] audit: type=1400 audit(1767750538.349:12): avc:  denied  { read } for  pid=150 comm="systemd-udevd" name="modules.softdep" dev="sda" ino=9714092 scontext=system_u:system_r:udev_t:s0-s0:c0.c1023 tcontext=system_u:object_r:unlabeled_t:s0 tclass=file permissive=1
[   28.360827] audit: type=1400 audit(1767750538.350:13): avc:  denied  { open } for  pid=150 comm="systemd-udevd" path="/usr/lib/modules/6.18.0/modules.softdep" dev="sda" ino=9714092 scontext=system_u:system_r:udev_t:s0-s0:c0.c1023 tcontext=system_u:object_r:unlabeled_t:s0 tclass=file permissive=1
[   28.393710] audit: type=1400 audit(1767750538.350:14): avc:  denied  { getattr } for  pid=150 comm="systemd-udevd" path="/usr/lib/modules/6.18.0/modules.softdep" dev="sda" ino=9714092 scontext=system_u:system_r:udev_t:s0-s0:c0.c1023 tcontext=system_u:object_r:unlabeled_t:s0 tclass=file permissive=1
[   28.429506] audit: type=1400 audit(1767750538.351:15): avc:  denied  { map } for  pid=150 comm="systemd-udevd" path="/usr/lib/modules/6.18.0/modules.dep.bin" dev="sda" ino=9714089 scontext=system_u:system_r:udev_t:s0-s0:c0.c1023 tcontext=system_u:object_r:unlabeled_t:s0 tclass=file permissive=1
[   28.870427] journal-offline (149) used greatest stack depth: 24576 bytes left
[[0;32m  OK  [0m] Started [0;1;39mRule-based Manager for Device Events and Files[0m.
[[0;32m  OK  [0m] Finished [0;1;39mFlush Journal to Persistent Storage[0m.
         Starting [0;1;39mCreate Volatile Files and Directories[0m...
[[0;32m  OK  [0m] Finished [0;1;39mCreate Volatile Files and Directories[0m.
         Starting [0;1;39mUpdate UTMP about System Boot/Shutdown[0m...
[[0;32m  OK  [0m] Finished [0;1;39mUpdate UTMP about System Boot/Shutdown[0m.
[   32.040289] audit: type=1400 audit(1767750542.039:16): avc:  denied  { module_load } for  pid=158 comm="systemd-udevd" path="/usr/lib/modules/6.18.0/kernel/drivers/ata/pata_acpi.ko" dev="sda" ino=9712425 scontext=system_u:system_r:udev_t:s0-s0:c0.c1023 tcontext=system_u:object_r:unlabeled_t:s0 tclass=system permissive=1
[[0;32m  OK  [0m] Finished [0;1;39mColdplug All udev Devices[0m.
[[0;32m  OK  [0m] Found device [0;1;39m/dev/ttyS0[0m.
[[0;32m  OK  [0m] Reached target [0;1;39mSystem Initialization[0m.
[   32.917669] piix4_smbus 0000:00:01.3: SMBus Host Controller at 0x700, revision 0
[[0;32m  OK  [0m] Started [0;1;39mDaily apt download activities[0m.
[[0;32m  OK  [0m] Started [0;1;39mDaily apt upgrade and clean activities[0m.
[[0;32m  OK  [0m] Started [0;1;39mPeriodic ext4 Onli…ata Check for All Filesystems[0m.
[[0;32m  OK  [0m] Started [0;1;39mDiscard unused blocks once a week[0m.
[[0;32m  OK  [0m] Started [0;1;39mDaily rotation of log files[0m.
[[0;32m  OK  [0m] Started [0;1;39mDaily Cleanup of Temporary Directories[0m.
[[0;32m  OK  [0m] Reached target [0;1;39mBasic System[0m.
[[0;32m  OK  [0m] Reached target [0;1;39mTimers[0m.
[[0;32m  OK  [0m] Started [0;1;39mRegular background program processing daemon[0m.
[   33.263554] audit: type=1400 audit(1767750543.245:17): avc:  denied  { create } for  pid=181 comm="ifquery" name="network" scontext=system_u:system_r:udev_t:s0-s0:c0.c1023 tcontext=system_u:object_r:var_run_t:s0 tclass=dir permissive=1
[   33.550006] cx18:  Start initialization, version 1.5.1
[   33.574665] cx18-0: Initializing card 0
[   33.577506] cx18-0: Unknown card: vendor/device: [14f1:5b7a]
[   33.581027] cx18-0:               subsystem vendor/device: [1af4:1100]
[   33.586530] cx18-0: Defaulting to Hauppauge HVR-1600 card
[   33.590110] cx18-0: Please mail the vendor/device and subsystem vendor/device IDs and what kind of
[   33.595414] cx18-0: card you have to the linux-media mailinglist (www.linuxtv.org)
[   33.600127] cx18-0: Prefix your subject line with [UNKNOWN CX18 CARD].
         Starting [0;1;39mRemove Stale Onli…t4 Metadata Check Snapshots[0m...
         Starting [0;1;39mgetty on tty2-tty…nd logind are not available[0m...
         Starting [0;1;39mHelper to synchronize boot up for ifupdown[0m...
         Starting [0;1;39mSystem Logging Service[0m...
[[0;32m  OK  [0m] Listening on [0;1;39mLoad/Save RF …itch Status /dev/rfkill Watch[0m.
[   34.638517] ln (199) used greatest stack depth: 24056 bytes left
[   34.654764] ACPI: bus type drm_connector registered
         Starting [0;1;39mRotate log files[0m...
[[0;32m  OK  [0m] Started [0;1;39mSystem Logging Service[0m.
[[0;32m  OK  [0m] Finished [0;1;39mgetty on tty2-tty… and logind are not available[0m.
[   35.265768] bochs-drm 0000:00:02.0: vgaarb: deactivate vga console
[   35.303926] Console: switching to colour dummy device 80x25
[   35.328891] [drm] Found bochs VGA, ID 0xb0c5.
[   35.331748] [drm] Framebuffer size 16384 kB @ 0xfd000000, mmio @ 0xfc070000.
[   35.392320] [drm] Initialized bochs-drm 1.0.0 for 0000:00:02.0 on minor 0
[[0;32m  OK  [0m] Finished [0;1;39mRemove Stale Onli…ext4 Metadata Check Snapshots[0m.
[[0;32m  OK  [0m] Finished [0;1;39mRotate log files[0m.
[[0m[0;31m*     [0m] A start job is running for Helper t…ot up for ifupdown (13s / 3min 9s)
M[K[[0;1;31m*[0m[0;31m*    [0m] A start job is running for Helper t…ot up for ifupdown (14s / 3min 9s)
M[K[[0;31m*[0;1;31m*[0m[0;31m*   [0m] A start job is running for Helper t…ot up for ifupdown (14s / 3min 9s)
[   40.244581] audit: type=1400 audit(1767750550.247:18): avc:  denied  { getattr } for  pid=150 comm="systemd-udevd" path="/usr/lib/modules/6.18.0/modules.dep.bin" dev="sda" ino=9714089 scontext=system_u:system_r:udev_t:s0-s0:c0.c1023 tcontext=system_u:object_r:unlabeled_t:s0 tclass=file permissive=1
M[K[ [0;31m*[0;1;31m*[0m[0;31m*  [0m] A start job is running for Helper t…ot up for ifupdown (15s / 3min 9s)
M[K[  [0;31m*[0;1;31m*[0m[0;31m* [0m] A start job is running for Helper t…ot up for ifupdown (15s / 3min 9s)
M[K[   [0;31m*[0;1;31m*[0m[0;31m*[0m] A start job is running for Helper t…ot up for ifupdown (16s / 3min 9s)
M[K[    [0;31m*[0;1;31m*[0m] A start job is running for Helper t…ot up for ifupdown (17s / 3min 9s)
M[K[     [0;31m*[0m] A start job is running for Helper t…ot up for ifupdown (17s / 3min 9s)
M[K[    [0;31m*[0;1;31m*[0m] A start job is running for Helper t…ot up for ifupdown (18s / 3min 9s)
M[K[   [0;31m*[0;1;31m*[0m[0;31m*[0m] A start job is running for Helper t…ot up for ifupdown (18s / 3min 9s)
M[K[  [0;31m*[0;1;31m*[0m[0;31m* [0m] A start job is running for Helper t…ot up for ifupdown (19s / 3min 9s)
M[K[ [0;31m*[0;1;31m*[0m[0;31m*  [0m] A start job is running for Helper t…ot up for ifupdown (20s / 3min 9s)
M[K[[0;31m*[0;1;31m*[0m[0;31m*   [0m] A start job is running for Helper t…ot up for ifupdown (20s / 3min 9s)
M[K[[0;1;31m*[0m[0;31m*    [0m] A start job is running for Helper t…ot up for ifupdown (21s / 3min 9s)
M[K[[0m[0;31m*     [0m] A start job is running for Helper t…ot up for ifupdown (21s / 3min 9s)
M[K[[0;1;31m*[0m[0;31m*    [0m] A start job is running for Helper t…ot up for ifupdown (22s / 3min 9s)
M[K[[0;31m*[0;1;31m*[0m[0;31m*   [0m] A start job is running for Helper t…ot up for ifupdown (22s / 3min 9s)
M[K[ [0;31m*[0;1;31m*[0m[0;31m*  [0m] A start job is running for Helper t…ot up for ifupdown (23s / 3min 9s)
M[K[  [0;31m*[0;1;31m*[0m[0;31m* [0m] A start job is running for Helper t…ot up for ifupdown (24s / 3min 9s)
M[K[   [0;31m*[0;1;31m*[0m[0;31m*[0m] A start job is running for Helper t…ot up for ifupdown (24s / 3min 9s)
M[K[    [0;31m*[0;1;31m*[0m] A start job is running for Helper t…ot up for ifupdown (25s / 3min 9s)
M[K[     [0;31m*[0m] A start job is running for Helper t…ot up for ifupdown (25s / 3min 9s)
M[K[    [0;31m*[0;1;31m*[0m] A start job is running for Helper t…ot up for ifupdown (26s / 3min 9s)
M[K[   [0;31m*[0;1;31m*[0m[0;31m*[0m] A start job is running for Helper t…ot up for ifupdown (27s / 3min 9s)
M[K[  [0;31m*[0;1;31m*[0m[0;31m* [0m] A start job is running for Helper t…ot up for ifupdown (27s / 3min 9s)
M[K[ [0;31m*[0;1;31m*[0m[0;31m*  [0m] A start job is running for Helper t…ot up for ifupdown (28s / 3min 9s)
M[K[[0;31m*[0;1;31m*[0m[0;31m*   [0m] A start job is running for Helper t…ot up for ifupdown (28s / 3min 9s)
M[K[[0;1;31m*[0m[0;31m*    [0m] A start job is running for Helper t…ot up for ifupdown (29s / 3min 9s)
M[K[[0m[0;31m*     [0m] A start job is running for Helper t…ot up for ifupdown (29s / 3min 9s)
M[K[[0;1;31m*[0m[0;31m*    [0m] A start job is running for Helper t…ot up for ifupdown (30s / 3min 9s)
M[K[[0;31m*[0;1;31m*[0m[0;31m*   [0m] A start job is running for Helper t…ot up for ifupdown (30s / 3min 9s)
M[K[ [0;31m*[0;1;31m*[0m[0;31m*  [0m] A start job is running for Helper t…ot up for ifupdown (31s / 3min 9s)
M[K[  [0;31m*[0;1;31m*[0m[0;31m* [0m] A start job is running for Helper t…ot up for ifupdown (31s / 3min 9s)
M[K[   [0;31m*[0;1;31m*[0m[0;31m*[0m] A start job is running for Helper t…ot up for ifupdown (32s / 3min 9s)
M[K[    [0;31m*[0;1;31m*[0m] A start job is running for Helper t…ot up for ifupdown (32s / 3min 9s)
M[K[     [0;31m*[0m] A start job is running for Helper t…ot up for ifupdown (33s / 3min 9s)
[   58.464275] i2c i2c-0: Memory type 0x07 not supported yet, not instantiating SPD
[   58.538120] ACPI: \_SB_.LNKC: Enabled at IRQ 11
M[K[    [0;31m*[0;1;31m*[0m] A start job is running for Helper t…ot up for ifupdown (33s / 3min 9s)
M[K[   [0;31m*[0;1;31m*[0m[0;31m*[0m] A start job is running for Helper t…ot up for ifupdown (34s / 3min 9s)
M[K[  [0;31m*[0;1;31m*[0m[0;31m* [0m] A start job is running for Helper t…ot up for ifupdown (34s / 3min 9s)
M[K[ [0;31m*[0;1;31m*[0m[0;31m*  [0m] A start job is running for Helper t…ot up for ifupdown (35s / 3min 9s)
M[K[[0;31m*[0;1;31m*[0m[0;31m*   [0m] A start job is running for Helper t…ot up for ifupdown (35s / 3min 9s)
M[K[[0;1;31m*[0m[0;31m*    [0m] A start job is running for Helper t…ot up for ifupdown (36s / 3min 9s)
M[K[[0m[0;31m*     [0m] A start job is running for Helper t…ot up for ifupdown (36s / 3min 9s)
M[K[[0;1;31m*[0m[0;31m*    [0m] A start job is running for Helper t…ot up for ifupdown (37s / 3min 9s)
M[K[[0;31m*[0;1;31m*[0m[0;31m*   [0m] A start job is running for Helper t…ot up for ifupdown (37s / 3min 9s)
M[K[ [0;31m*[0;1;31m*[0m[0;31m*  [0m] A start job is running for Helper t…ot up for ifupdown (38s / 3min 9s)
M[K[  [0;31m*[0;1;31m*[0m[0;31m* [0m] A start job is running for Helper t…ot up for ifupdown (38s / 3min 9s)
M[K[   [0;31m*[0;1;31m*[0m[0;31m*[0m] A start job is running for Helper t…ot up for ifupdown (39s / 3min 9s)
M[K[    [0;31m*[0;1;31m*[0m] A start job is running for Helper t…ot up for ifupdown (39s / 3min 9s)
M[K[     [0;31m*[0m] A start job is running for Helper t…ot up for ifupdown (40s / 3min 9s)
M[K[    [0;31m*[0;1;31m*[0m] A start job is running for Helper t…ot up for ifupdown (40s / 3min 9s)
M[K[   [0;31m*[0;1;31m*[0m[0;31m*[0m] A start job is running for Helper t…ot up for ifupdown (41s / 3min 9s)
M[K[  [0;31m*[0;1;31m*[0m[0;31m* [0m] A start job is running for Helper t…ot up for ifupdown (41s / 3min 9s)
M[K[ [0;31m*[0;1;31m*[0m[0;31m*  [0m] A start job is running for Helper t…ot up for ifupdown (42s / 3min 9s)
M[K[[0;31m*[0;1;31m*[0m[0;31m*   [0m] A start job is running for Helper t…ot up for ifupdown (42s / 3min 9s)
M[K[[0;1;31m*[0m[0;31m*    [0m] A start job is running for Helper t…ot up for ifupdown (43s / 3min 9s)
M[K[[0m[0;31m*     [0m] A start job is running for Helper t…ot up for ifupdown (43s / 3min 9s)
[   69.120070] ACPI: \_SB_.LNKA: Enabled at IRQ 10
[   69.123302] cx18-0: Unreasonably low latency timer, setting to 64 (was 0)
[   69.125918] cx18-0: cx23418 revision 00000000 (Unknown)
M[K[[0;1;31m*[0m[0;31m*    [0m] A start job is running for Helper t…ot up for ifupdown (44s / 3min 9s)
[   69.169106] ACPI: \_SB_.LNKD: Enabled at IRQ 11
M[K[[0;31m*[0;1;31m*[0m[0;31m*   [0m] A start job is running for Helper t…ot up for ifupdown (44s / 3min 9s)
M[K[ [0;31m*[0;1;31m*[0m[0;31m*  [0m] A start job is running for Helper t…ot up for ifupdown (45s / 3min 9s)
M[K[  [0;31m*[0;1;31m*[0m[0;31m* [0m] A start job is running for Helper t…ot up for ifupdown (45s / 3min 9s)
M[K[   [0;31m*[0;1;31m*[0m[0;31m*[0m] A start job is running for Helper t…ot up for ifupdown (46s / 3min 9s)
M[K[    [0;31m*[0;1;31m*[0m] A start job is running for Helper t…ot up for ifupdown (46s / 3min 9s)
M[K[     [0;31m*[0m] A start job is running for Helper t…ot up for ifupdown (47s / 3min 9s)
M[K[    [0;31m*[0;1;31m*[0m] A start job is running for Helper t…ot up for ifupdown (47s / 3min 9s)
M[K[   [0;31m*[0;1;31m*[0m[0;31m*[0m] A start job is running for Helper t…ot up for ifupdown (48s / 3min 9s)
M[K[  [0;31m*[0;1;31m*[0m[0;31m* [0m] A start job is running for Helper t…ot up for ifupdown (48s / 3min 9s)
M[K         Starting [0;1;39mOnline ext4 Metad…a Check for All Filesystems[0m...
[K[[0;32m  OK  [0m] Finished [0;1;39mOnline ext4 Metadata Check for All Filesystems[0m.
[ [0;31m*[0;1;31m*[0m[0;31m*  [0m] A start job is running for Helper t…ot up for ifupdown (50s / 3min 9s)
M[K[[0;31m*[0;1;31m*[0m[0;31m*   [0m] A start job is running for Helper t…ot up for ifupdown (51s / 3min 9s)
M[K[[0;1;31m*[0m[0;31m*    [0m] A start job is running for Helper t…ot up for ifupdown (51s / 3min 9s)
M[K[[0m[0;31m*     [0m] A start job is running for Helper t…ot up for ifupdown (52s / 3min 9s)
M[K[[0;1;31m*[0m[0;31m*    [0m] A start job is running for Helper t…ot up for ifupdown (52s / 3min 9s)
M[K[[0;31m*[0;1;31m*[0m[0;31m*   [0m] A start job is running for Helper t…ot up for ifupdown (53s / 3min 9s)
M[K[ [0;31m*[0;1;31m*[0m[0;31m*  [0m] A start job is running for Helper t…ot up for ifupdown (53s / 3min 9s)
M[K[  [0;31m*[0;1;31m*[0m[0;31m* [0m] A start job is running for Helper t…ot up for ifupdown (54s / 3min 9s)
M[K[   [0;31m*[0;1;31m*[0m[0;31m*[0m] A start job is running for Helper t…ot up for ifupdown (54s / 3min 9s)
M[K[    [0;31m*[0;1;31m*[0m] A start job is running for Helper t…ot up for ifupdown (55s / 3min 9s)
M[K[     [0;31m*[0m] A start job is running for Helper t…ot up for ifupdown (55s / 3min 9s)
M[K[    [0;31m*[0;1;31m*[0m] A start job is running for Helper t…ot up for ifupdown (56s / 3min 9s)
M[K[   [0;31m*[0;1;31m*[0m[0;31m*[0m] A start job is running for Helper t…ot up for ifupdown (56s / 3min 9s)
M[K[  [0;31m*[0;1;31m*[0m[0;31m* [0m] A start job is running for Helper t…ot up for ifupdown (57s / 3min 9s)
M[K[ [0;31m*[0;1;31m*[0m[0;31m*  [0m] A start job is running for Helper t…ot up for ifupdown (57s / 3min 9s)
M[K[[0;31m*[0;1;31m*[0m[0;31m*   [0m] A start job is running for Helper t…ot up for ifupdown (58s / 3min 9s)
M[K[[0;1;31m*[0m[0;31m*    [0m] A start job is running for Helper t…ot up for ifupdown (58s / 3min 9s)
M[K[[0m[0;31m*     [0m] A start job is running for Helper t…ot up for ifupdown (59s / 3min 9s)
M[K[[0;1;31m*[0m[0;31m*    [0m] A start job is running for Helper t…ot up for ifupdown (59s / 3min 9s)
M[K[[0;31m*[0;1;31m*[0m[0;31m*   [0m] A start job is running for Helper t…t up for ifupdown (1min / 3min 9s)
M[K[ [0;31m*[0;1;31m*[0m[0;31m*  [0m] A start job is running for Helper t…t up for ifupdown (1min / 3min 9s)
M[K[  [0;31m*[0;1;31m*[0m[0;31m* [0m] A start job is running for Helper t…p for ifupdown (1min 1s / 3min 9s)
[   86.642007] tveeprom: Huh, no eeprom present (err=-6)?
[   86.644199] cx18-0: Invalid EEPROM
[   86.645307] cx18-0: Simultaneous Digital and Analog TV capture supported
M[K[   [0;31m*[0;1;31m*[0m[0;31m*[0m] A start job is running for Helper t…p for ifupdown (1min 1s / 3min 9s)
M[K[    [0;31m*[0;1;31m*[0m] A start job is running for Helper t…p for ifupdown (1min 2s / 3min 9s)
M[K[     [0;31m*[0m] A start job is running for Helper t…p for ifupdown (1min 2s / 3min 9s)
[   88.088237] audit: type=1400 audit(1767750598.091:19): avc:  denied  { read } for  pid=217 comm="modprobe" name="modules.softdep" dev="sda" ino=9714092 scontext=system_u:system_r:kmod_t:s0 tcontext=system_u:object_r:unlabeled_t:s0 tclass=file permissive=1
[   88.095516] audit: type=1400 audit(1767750598.091:20): avc:  denied  { open } for  pid=217 comm="modprobe" path="/usr/lib/modules/6.18.0/modules.softdep" dev="sda" ino=9714092 scontext=system_u:system_r:kmod_t:s0 tcontext=system_u:object_r:unlabeled_t:s0 tclass=file permissive=1
[   88.105464] audit: type=1400 audit(1767750598.092:21): avc:  denied  { getattr } for  pid=217 comm="modprobe" path="/usr/lib/modules/6.18.0/modules.softdep" dev="sda" ino=9714092 scontext=system_u:system_r:kmod_t:s0 tcontext=system_u:object_r:unlabeled_t:s0 tclass=file permissive=1
[   88.119081] audit: type=1400 audit(1767750598.092:22): avc:  denied  { map } for  pid=217 comm="modprobe" path="/usr/lib/modules/6.18.0/modules.dep.bin" dev="sda" ino=9714089 scontext=system_u:system_r:kmod_t:s0 tcontext=system_u:object_r:unlabeled_t:s0 tclass=file permissive=1
M[K[    [0;31m*[0;1;31m*[0m] A start job is running for Helper t…p for ifupdown (1min 3s / 3min 9s)
M[K[   [0;31m*[0;1;31m*[0m[0;31m*[0m] A start job is running for Helper t…p for ifupdown (1min 3s / 3min 9s)
M[K[  [0;31m*[0;1;31m*[0m[0;31m* [0m] A start job is running for Helper t…p for ifupdown (1min 4s / 3min 9s)
M[K[ [0;31m*[0;1;31m*[0m[0;31m*  [0m] A start job is running for Helper t…p for ifupdown (1min 4s / 3min 9s)
M[K[[0;31m*[0;1;31m*[0m[0;31m*   [0m] A start job is running for Helper t…p for ifupdown (1min 5s / 3min 9s)
M[K[[0;1;31m*[0m[0;31m*    [0m] A start job is running for Helper t…p for ifupdown (1min 5s / 3min 9s)
M[K[[0m[0;31m*     [0m] A start job is running for Helper t…p for ifupdown (1min 6s / 3min 9s)
M[K[[0;1;31m*[0m[0;31m*    [0m] A start job is running for Helper t…p for ifupdown (1min 6s / 3min 9s)
M[K[[0;31m*[0;1;31m*[0m[0;31m*   [0m] A start job is running for Helper t…p for ifupdown (1min 7s / 3min 9s)
M[K[ [0;31m*[0;1;31m*[0m[0;31m*  [0m] A start job is running for Helper t…p for ifupdown (1min 7s / 3min 9s)
M[K[  [0;31m*[0;1;31m*[0m[0;31m* [0m] A start job is running for Helper t…p for ifupdown (1min 8s / 3min 9s)
M[K[   [0;31m*[0;1;31m*[0m[0;31m*[0m] A start job is running for Helper t…p for ifupdown (1min 8s / 3min 9s)
M[K[    [0;31m*[0;1;31m*[0m] A start job is running for Helper t…p for ifupdown (1min 9s / 3min 9s)
M[K[     [0;31m*[0m] A start job is running for Helper t…p for ifupdown (1min 9s / 3min 9s)
M[K[    [0;31m*[0;1;31m*[0m] A start job is running for Helper t… for ifupdown (1min 10s / 3min 9s)
M[K[   [0;31m*[0;1;31m*[0m[0;31m*[0m] A start job is running for Helper t… for ifupdown (1min 10s / 3min 9s)
M[K[  [0;31m*[0;1;31m*[0m[0;31m* [0m] A start job is running for Helper t… for ifupdown (1min 11s / 3min 9s)
M[K[ [0;31m*[0;1;31m*[0m[0;31m*  [0m] A start job is running for Helper t… for ifupdown (1min 11s / 3min 9s)
M[K[[0;31m*[0;1;31m*[0m[0;31m*   [0m] A start job is running for Helper t… for ifupdown (1min 12s / 3min 9s)
M[K[[0;1;31m*[0m[0;31m*    [0m] A start job is running for Helper t… for ifupdown (1min 12s / 3min 9s)
M[K[[0m[0;31m*     [0m] A start job is running for Helper t… for ifupdown (1min 13s / 3min 9s)
M[K[[0;1;31m*[0m[0;31m*    [0m] A start job is running for Helper t… for ifupdown (1min 13s / 3min 9s)
M[K[[0;31m*[0;1;31m*[0m[0;31m*   [0m] A start job is running for Helper t… for ifupdown (1min 14s / 3min 9s)
M[K[ [0;31m*[0;1;31m*[0m[0;31m*  [0m] A start job is running for Helper t… for ifupdown (1min 14s / 3min 9s)
M[K[  [0;31m*[0;1;31m*[0m[0;31m* [0m] A start job is running for Helper t… for ifupdown (1min 15s / 3min 9s)
M[K[   [0;31m*[0;1;31m*[0m[0;31m*[0m] A start job is running for Helper t… for ifupdown (1min 15s / 3min 9s)
M[K[    [0;31m*[0;1;31m*[0m] A start job is running for Helper t… for ifupdown (1min 16s / 3min 9s)
M[K[     [0;31m*[0m] A start job is running for Helper t… for ifupdown (1min 16s / 3min 9s)
M[K[    [0;31m*[0;1;31m*[0m] A start job is running for Helper t… for ifupdown (1min 17s / 3min 9s)
M[K[   [0;31m*[0;1;31m*[0m[0;31m*[0m] A start job is running for Helper t… for ifupdown (1min 17s / 3min 9s)
M[K[  [0;31m*[0;1;31m*[0m[0;31m* [0m] A start job is running for Helper t… for ifupdown (1min 18s / 3min 9s)
M[K[ [0;31m*[0;1;31m*[0m[0;31m*  [0m] A start job is running for Helper t… for ifupdown (1min 18s / 3min 9s)
M[K[[0;31m*[0;1;31m*[0m[0;31m*   [0m] A start job is running for Helper t… for ifupdown (1min 19s / 3min 9s)
M[K[[0;1;31m*[0m[0;31m*    [0m] A start job is running for Helper t… for ifupdown (1min 19s / 3min 9s)
M[K[[0m[0;31m*     [0m] A start job is running for Helper t… for ifupdown (1min 20s / 3min 9s)
M[K[[0;1;31m*[0m[0;31m*    [0m] A start job is running for Helper t… for ifupdown (1min 20s / 3min 9s)
M[K[[0;31m*[0;1;31m*[0m[0;31m*   [0m] A start job is running for Helper t… for ifupdown (1min 21s / 3min 9s)
M[K[ [0;31m*[0;1;31m*[0m[0;31m*  [0m] A start job is running for Helper t… for ifupdown (1min 21s / 3min 9s)
M[K[  [0;31m*[0;1;31m*[0m[0;31m* [0m] A start job is running for Helper t… for ifupdown (1min 22s / 3min 9s)
M[K[   [0;31m*[0;1;31m*[0m[0;31m*[0m] A start job is running for Helper t… for ifupdown (1min 22s / 3min 9s)
M[K[    [0;31m*[0;1;31m*[0m] A start job is running for Helper t… for ifupdown (1min 23s / 3min 9s)
M[K[     [0;31m*[0m] A start job is running for Helper t… for ifupdown (1min 23s / 3min 9s)
M[K[    [0;31m*[0;1;31m*[0m] A start job is running for Helper t… for ifupdown (1min 24s / 3min 9s)
M[K[   [0;31m*[0;1;31m*[0m[0;31m*[0m] A start job is running for Helper t… for ifupdown (1min 24s / 3min 9s)
M[K[  [0;31m*[0;1;31m*[0m[0;31m* [0m] A start job is running for Helper t… for ifupdown (1min 25s / 3min 9s)
M[K[ [0;31m*[0;1;31m*[0m[0;31m*  [0m] A start job is running for Helper t… for ifupdown (1min 25s / 3min 9s)
M[K[[0;31m*[0;1;31m*[0m[0;31m*   [0m] A start job is running for Helper t… for ifupdown (1min 26s / 3min 9s)
M[K[[0;1;31m*[0m[0;31m*    [0m] A start job is running for Helper t… for ifupdown (1min 26s / 3min 9s)
M[K[[0m[0;31m*     [0m] A start job is running for Helper t… for ifupdown (1min 27s / 3min 9s)
M[K[[0;1;31m*[0m[0;31m*    [0m] A start job is running for Helper t… for ifupdown (1min 27s / 3min 9s)
M[K[[0;31m*[0;1;31m*[0m[0;31m*   [0m] A start job is running for Helper t… for ifupdown (1min 28s / 3min 9s)
M[K[ [0;31m*[0;1;31m*[0m[0;31m*  [0m] A start job is running for Helper t… for ifupdown (1min 28s / 3min 9s)
M[K[  [0;31m*[0;1;31m*[0m[0;31m* [0m] A start job is running for Helper t… for ifupdown (1min 29s / 3min 9s)
M[K[   [0;31m*[0;1;31m*[0m[0;31m*[0m] A start job is running for Helper t… for ifupdown (1min 29s / 3min 9s)
M[K[    [0;31m*[0;1;31m*[0m] A start job is running for Helper t… for ifupdown (1min 30s / 3min 9s)
M[K[     [0;31m*[0m] A start job is running for Helper t… for ifupdown (1min 30s / 3min 9s)
M[K[    [0;31m*[0;1;31m*[0m] A start job is running for Helper t… for ifupdown (1min 31s / 3min 9s)
M[K[   [0;31m*[0;1;31m*[0m[0;31m*[0m] A start job is running for Helper t… for ifupdown (1min 31s / 3min 9s)
M[K[  [0;31m*[0;1;31m*[0m[0;31m* [0m] A start job is running for Helper t… for ifupdown (1min 32s / 3min 9s)
M[K[ [0;31m*[0;1;31m*[0m[0;31m*  [0m] A start job is running for Helper t… for ifupdown (1min 32s / 3min 9s)
M[K[[0;31m*[0;1;31m*[0m[0;31m*   [0m] A start job is running for Helper t… for ifupdown (1min 33s / 3min 9s)
M[K[[0;1;31m*[0m[0;31m*    [0m] A start job is running for Helper t… for ifupdown (1min 33s / 3min 9s)
M[K[[0m[0;31m*     [0m] A start job is running for Helper t… for ifupdown (1min 34s / 3min 9s)
M[K[[0;1;31m*[0m[0;31m*    [0m] A start job is running for Helper t… for ifupdown (1min 34s / 3min 9s)
M[K[[0;31m*[0;1;31m*[0m[0;31m*   [0m] A start job is running for Helper t… for ifupdown (1min 35s / 3min 9s)
M[K[ [0;31m*[0;1;31m*[0m[0;31m*  [0m] A start job is running for Helper t… for ifupdown (1min 35s / 3min 9s)
M[K[  [0;31m*[0;1;31m*[0m[0;31m* [0m] A start job is running for Helper t… for ifupdown (1min 36s / 3min 9s)
M[K[   [0;31m*[0;1;31m*[0m[0;31m*[0m] A start job is running for Helper t… for ifupdown (1min 36s / 3min 9s)
M[K[    [0;31m*[0;1;31m*[0m] A start job is running for Helper t… for ifupdown (1min 37s / 3min 9s)
M[K[     [0;31m*[0m] A start job is running for Helper t… for ifupdown (1min 37s / 3min 9s)
M[K[    [0;31m*[0;1;31m*[0m] A start job is running for Helper t… for ifupdown (1min 38s / 3min 9s)
M[K[   [0;31m*[0;1;31m*[0m[0;31m*[0m] A start job is running for Helper t… for ifupdown (1min 38s / 3min 9s)
M[K[  [0;31m*[0;1;31m*[0m[0;31m* [0m] A start job is running for Helper t… for ifupdown (1min 39s / 3min 9s)
M[K[ [0;31m*[0;1;31m*[0m[0;31m*  [0m] A start job is running for Helper t… for ifupdown (1min 39s / 3min 9s)
M[K[[0;31m*[0;1;31m*[0m[0;31m*   [0m] A start job is running for Helper t… for ifupdown (1min 40s / 3min 9s)
M[K[[0;1;31m*[0m[0;31m*    [0m] A start job is running for Helper t… for ifupdown (1min 40s / 3min 9s)
M[K[[0m[0;31m*     [0m] A start job is running for Helper t… for ifupdown (1min 41s / 3min 9s)
M[K[[0;1;31m*[0m[0;31m*    [0m] A start job is running for Helper t… for ifupdown (1min 41s / 3min 9s)
M[K[[0;31m*[0;1;31m*[0m[0;31m*   [0m] A start job is running for Helper t… for ifupdown (1min 42s / 3min 9s)
M[K[ [0;31m*[0;1;31m*[0m[0;31m*  [0m] A start job is running for Helper t… for ifupdown (1min 42s / 3min 9s)
M[K[  [0;31m*[0;1;31m*[0m[0;31m* [0m] A start job is running for Helper t… for ifupdown (1min 43s / 3min 9s)
M[K[   [0;31m*[0;1;31m*[0m[0;31m*[0m] A start job is running for Helper t… for ifupdown (1min 43s / 3min 9s)
M[K[    [0;31m*[0;1;31m*[0m] A start job is running for Helper t… for ifupdown (1min 44s / 3min 9s)
M[K[     [0;31m*[0m] A start job is running for Helper t… for ifupdown (1min 44s / 3min 9s)
M[K[    [0;31m*[0;1;31m*[0m] A start job is running for Helper t… for ifupdown (1min 45s / 3min 9s)
M[K[   [0;31m*[0;1;31m*[0m[0;31m*[0m] A start job is running for Helper t… for ifupdown (1min 45s / 3min 9s)
M[K[  [0;31m*[0;1;31m*[0m[0;31m* [0m] A start job is running for Helper t… for ifupdown (1min 46s / 3min 9s)
M[K[ [0;31m*[0;1;31m*[0m[0;31m*  [0m] A start job is running for Helper t… for ifupdown (1min 46s / 3min 9s)
M[K[[0;31m*[0;1;31m*[0m[0;31m*   [0m] A start job is running for Helper t… for ifupdown (1min 47s / 3min 9s)
M[K[[0;1;31m*[0m[0;31m*    [0m] A start job is running for Helper t… for ifupdown (1min 47s / 3min 9s)
M[K[[0m[0;31m*     [0m] A start job is running for Helper t… for ifupdown (1min 48s / 3min 9s)
M[K[[0;1;31m*[0m[0;31m*    [0m] A start job is running for Helper t… for ifupdown (1min 48s / 3min 9s)
M[K[[0;31m*[0;1;31m*[0m[0;31m*   [0m] A start job is running for Helper t… for ifupdown (1min 49s / 3min 9s)
M[K[ [0;31m*[0;1;31m*[0m[0;31m*  [0m] A start job is running for Helper t… for ifupdown (1min 49s / 3min 9s)
M[K[  [0;31m*[0;1;31m*[0m[0;31m* [0m] A start job is running for Helper t… for ifupdown (1min 50s / 3min 9s)
M[K[   [0;31m*[0;1;31m*[0m[0;31m*[0m] A start job is running for Helper t… for ifupdown (1min 50s / 3min 9s)
[  136.232496] audit: type=1400 audit(1767750646.235:23): avc:  denied  { module_load } for  pid=220 comm="modprobe" path="/usr/lib/modules/6.18.0/kernel/drivers/media/i2c/cs5345.ko" dev="sda" ino=9713455 scontext=system_u:system_r:kmod_t:s0 tcontext=system_u:object_r:unlabeled_t:s0 tclass=system permissive=1
[  136.274318] cs5345 1-004c: chip found @ 0x98 (cx18 i2c driver #0-0)
M[K[    [0;31m*[0;1;31m*[0m] A start job is running for Helper t… for ifupdown (1min 51s / 3min 9s)
M[K[     [0;31m*[0m] A start job is running for Helper t… for ifupdown (1min 51s / 3min 9s)
M[K[    [0;31m*[0;1;31m*[0m] A start job is running for Helper t… for ifupdown (1min 52s / 3min 9s)
M[K[   [0;31m*[0;1;31m*[0m[0;31m*[0m] A start job is running for Helper t… for ifupdown (1min 52s / 3min 9s)
M[K[  [0;31m*[0;1;31m*[0m[0;31m* [0m] A start job is running for Helper t… for ifupdown (1min 53s / 3min 9s)
M[K[ [0;31m*[0;1;31m*[0m[0;31m*  [0m] A start job is running for Helper t… for ifupdown (1min 53s / 3min 9s)
M[K[[0;31m*[0;1;31m*[0m[0;31m*   [0m] A start job is running for Helper t… for ifupdown (1min 54s / 3min 9s)
M[K[[0;1;31m*[0m[0;31m*    [0m] A start job is running for Helper t… for ifupdown (1min 54s / 3min 9s)
M[K[[0m[0;31m*     [0m] A start job is running for Helper t… for ifupdown (1min 55s / 3min 9s)
M[K[[0;1;31m*[0m[0;31m*    [0m] A start job is running for Helper t… for ifupdown (1min 55s / 3min 9s)
M[K[[0;31m*[0;1;31m*[0m[0;31m*   [0m] A start job is running for Helper t… for ifupdown (1min 56s / 3min 9s)
M[K[ [0;31m*[0;1;31m*[0m[0;31m*  [0m] A start job is running for Helper t… for ifupdown (1min 56s / 3min 9s)
M[K[  [0;31m*[0;1;31m*[0m[0;31m* [0m] A start job is running for Helper t… for ifupdown (1min 57s / 3min 9s)
M[K[   [0;31m*[0;1;31m*[0m[0;31m*[0m] A start job is running for Helper t… for ifupdown (1min 57s / 3min 9s)
M[K[    [0;31m*[0;1;31m*[0m] A start job is running for Helper t… for ifupdown (1min 58s / 3min 9s)
M[K[     [0;31m*[0m] A start job is running for Helper t… for ifupdown (1min 58s / 3min 9s)
M[K[    [0;31m*[0;1;31m*[0m] A start job is running for Helper t… for ifupdown (1min 59s / 3min 9s)
M[K[   [0;31m*[0;1;31m*[0m[0;31m*[0m] A start job is running for Helper t… for ifupdown (1min 59s / 3min 9s)
M[K[  [0;31m*[0;1;31m*[0m[0;31m* [0m] A start job is running for Helper t…t up for ifupdown (2min / 3min 9s)
M[K[ [0;31m*[0;1;31m*[0m[0;31m*  [0m] A start job is running for Helper t…t up for ifupdown (2min / 3min 9s)
M[K[[0;31m*[0;1;31m*[0m[0;31m*   [0m] A start job is running for Helper t…p for ifupdown (2min 1s / 3min 9s)
M[K[[0;1;31m*[0m[0;31m*    [0m] A start job is running for Helper t…p for ifupdown (2min 1s / 3min 9s)
M[K[[0m[0;31m*     [0m] A start job is running for Helper t…p for ifupdown (2min 2s / 3min 9s)
M[K[[0;1;31m*[0m[0;31m*    [0m] A start job is running for Helper t…p for ifupdown (2min 2s / 3min 9s)
M[K[[0;31m*[0;1;31m*[0m[0;31m*   [0m] A start job is running for Helper t…p for ifupdown (2min 3s / 3min 9s)
M[K[ [0;31m*[0;1;31m*[0m[0;31m*  [0m] A start job is running for Helper t…p for ifupdown (2min 3s / 3min 9s)
M[K[  [0;31m*[0;1;31m*[0m[0;31m* [0m] A start job is running for Helper t…p for ifupdown (2min 4s / 3min 9s)
M[K[   [0;31m*[0;1;31m*[0m[0;31m*[0m] A start job is running for Helper t…p for ifupdown (2min 4s / 3min 9s)
M[K[    [0;31m*[0;1;31m*[0m] A start job is running for Helper t…p for ifupdown (2min 5s / 3min 9s)
M[K[     [0;31m*[0m] A start job is running for Helper t…p for ifupdown (2min 5s / 3min 9s)
M[K[    [0;31m*[0;1;31m*[0m] A start job is running for Helper t…p for ifupdown (2min 6s / 3min 9s)
M[K[   [0;31m*[0;1;31m*[0m[0;31m*[0m] A start job is running for Helper t…p for ifupdown (2min 6s / 3min 9s)
M[K[  [0;31m*[0;1;31m*[0m[0;31m* [0m] A start job is running for Helper t…p for ifupdown (2min 7s / 3min 9s)
M[K[ [0;31m*[0;1;31m*[0m[0;31m*  [0m] A start job is running for Helper t…p for ifupdown (2min 7s / 3min 9s)
M[K[[0;31m*[0;1;31m*[0m[0;31m*   [0m] A start job is running for Helper t…p for ifupdown (2min 8s / 3min 9s)
M[K[[0;1;31m*[0m[0;31m*    [0m] A start job is running for Helper t…p for ifupdown (2min 8s / 3min 9s)
M[K[[0m[0;31m*     [0m] A start job is running for Helper t…p for ifupdown (2min 9s / 3min 9s)
M[K[[0;1;31m*[0m[0;31m*    [0m] A start job is running for Helper t…p for ifupdown (2min 9s / 3min 9s)
M[K[[0;31m*[0;1;31m*[0m[0;31m*   [0m] A start job is running for Helper t… for ifupdown (2min 10s / 3min 9s)
M[K[ [0;31m*[0;1;31m*[0m[0;31m*  [0m] A start job is running for Helper t… for ifupdown (2min 10s / 3min 9s)
M[K[[0;1;31mFAILED[0m] Failed to start [0;1;39mHelper to …chronize boot up for ifupdown[0m.
[KSee 'systemctl status ifupdown-pre.service' for details.
[[0;1;38;5;185mDEPEND[0m] Dependency failed for [0;1;39mRaise network interfaces[0m.
[[0;32m  OK  [0m] Reached target [0;1;39mNetwork[0m.
         Starting [0;1;39mOpenBSD Secure Shell server[0m...
         Starting [0;1;39mPermit User Sessions[0m...
[[0;32m  OK  [0m] Finished [0;1;39mPermit User Sessions[0m.
[[0;32m  OK  [0m] Started [0;1;39mGetty on tty1[0m.
[[0;32m  OK  [0m] Started [0;1;39mGetty on tty2[0m.
[[0;32m  OK  [0m] Started [0;1;39mGetty on tty3[0m.
[[0;32m  OK  [0m] Started [0;1;39mGetty on tty4[0m.
[[0;32m  OK  [0m] Started [0;1;39mGetty on tty5[0m.
[[0;32m  OK  [0m] Started [0;1;39mGetty on tty6[0m.
[[0;32m  OK  [0m] Started [0;1;39mSerial Getty on ttyS0[0m.
[[0;32m  OK  [0m] Reached target [0;1;39mLogin Prompts[0m.
[[0;32m  OK  [0m] Started [0;1;39mOpenBSD Secure Shell server[0m.
[[0;32m  OK  [0m] Reached target [0;1;39mMulti-User System[0m.
[[0;32m  OK  [0m] Reached target [0;1;39mGraphical Interface[0m.
         Starting [0;1;39mUpdate UTMP about System Runlevel Changes[0m...
[[0;32m  OK  [0m] Finished [0;1;39mUpdate UTMP about System Runlevel Changes[0m.
[  157.752269] audit: type=1400 audit(1767750667.752:24): avc:  denied  { checkpoint_restore } for  pid=231 comm="agetty" capability=40  scontext=system_u:system_r:getty_t:s0 tcontext=system_u:system_r:getty_t:s0 tclass=capability2 permissive=1

Debian GNU/Linux 11 syzkaller ttyS0

syzkaller login: [  248.460732] cx18-0: Registered device video0 for encoder MPEG (64 x 32.00 kB)
[  248.463438] dvbdev: DVB: registering new adapter (cx18)
[  248.471342] DVB: Unable to find symbol s5h1409_attach()
[  248.473117] cx18-0: frontend initialization failed
[  248.478783] cx18-0: DVB failed to register
[  248.482004] cx18-0: Registered device video32 for encoder YUV (20 x 101.25 kB)
[  248.488468] cx18-0: Registered device vbi0 for encoder VBI (20 x 51984 bytes)
[  248.494047] cx18-0: Registered device video24 for encoder PCM audio (256 x 4.00 kB)
[  248.500475] cx18-0: Registered device radio0 for encoder radio
[  248.508707] cx18-0: unregister DVB
[  248.540514] cx18-0: Error -1 registering devices
[  248.555231] cx18-0: Error -1 on initialization
[  248.556931] cx18 0000:00:05.0: probe with driver cx18 failed with error -1
[  248.560358] cx18:  End initialization
[  248.573905] systemd-udevd (166) used greatest stack depth: 23704 bytes left
[  252.464742] systemd-udevd (176) used greatest stack depth: 22376 bytes left
