failed to run ["ssh" "-p" "19686" "-F" "/dev/null" "-o" "UserKnownHostsFile=/dev/null" "-o" "IdentitiesOnly=yes" "-o" "BatchMode=yes" "-o" "StrictHostKeyChecking=no" "-o" "ConnectTimeout=10" "-i" "/home/wmy/Fuzzer/third_tool/Image-fuzz-6.18/bullseye.id_rsa" "root@localhost" "pwd"]: exit status 255[    0.000000] Linux version 6.18.0 (wmy@wmy) (gcc (Ubuntu 11.4.0-1ubuntu1~22.04.2) 11.4.0, GNU ld (GNU Binutils for Ubuntu) 2.38) #3 SMP PREEMPT_DYNAMIC Sat Dec 20 12:08:22 CST 2025
[    0.000000] Command line: root=/dev/sda console=ttyS0 
[    0.000000] x86/CPU: Model not found in latest microcode list
[    0.000000] BIOS-provided physical RAM map:
[    0.000000] BIOS-e820: [mem 0x0000000000000000-0x000000000009fbff] usable
[    0.000000] BIOS-e820: [mem 0x000000000009fc00-0x000000000009ffff] reserved
[    0.000000] BIOS-e820: [mem 0x00000000000f0000-0x00000000000fffff] reserved
[    0.000000] BIOS-e820: [mem 0x0000000000100000-0x00000000bffdffff] usable
[    0.000000] BIOS-e820: [mem 0x00000000bffe0000-0x00000000bfffffff] reserved
[    0.000000] BIOS-e820: [mem 0x00000000feffc000-0x00000000feffffff] reserved
[    0.000000] BIOS-e820: [mem 0x00000000fffc0000-0x00000000ffffffff] reserved
[    0.000000] BIOS-e820: [mem 0x0000000100000000-0x000000013fffffff] usable
[    0.000000] printk: legacy bootconsole [earlyser0] enabled
[    0.000000] ERROR: earlyprintk= earlyser already used
[    0.000000] ERROR: earlyprintk= earlyser already used
[    0.000000] Hash pointers mode set to never.
[    0.000000] Malformed early option 'vsyscall'
[    0.000000] Malformed early option 'numa'
[    0.000000] NX (Execute Disable) protection: active
[    0.000000] APIC: Static calls initialized
[    0.000000] SMBIOS 3.0.0 present.
[    0.000000] DMI: QEMU Standard PC (i440FX + PIIX, 1996), BIOS rel-1.16.3-0-ga6ed6b701f0a-prebuilt.qemu.org 04/01/2014
[    0.000000] DMI: Memory slots populated: 1/1
[    0.000000] Hypervisor detected: KVM
[    0.000000] last_pfn = 0xbffe0 max_arch_pfn = 0x400000000
[    0.000000] kvm-clock: Using msrs 4b564d01 and 4b564d00
[    0.000006] kvm-clock: using sched offset of 1096791772 cycles
[    0.002610] clocksource: kvm-clock: mask: 0xffffffffffffffff max_cycles: 0x1cd42e4dffb, max_idle_ns: 881590591483 ns
[    0.010614] tsc: Detected 2803.204 MHz processor
[    0.019545] last_pfn = 0x140000 max_arch_pfn = 0x400000000
[    0.022722] MTRR map: 4 entries (3 fixed + 1 variable; max 19), built from 8 variable MTRRs
[    0.026714] x86/PAT: Configuration [0-7]: WB  WC  UC- UC  WB  WP  UC- WT  
[    0.030676] last_pfn = 0xbffe0 max_arch_pfn = 0x400000000
[    0.042345] found SMP MP-table at [mem 0x000f5460-0x000f546f]
[    0.048153] ACPI: Early table checksum verification disabled
[    0.051178] ACPI: RSDP 0x00000000000F5250 000014 (v00 BOCHS )
[    0.054205] ACPI: RSDT 0x00000000BFFE1D7B 000034 (v01 BOCHS  BXPC     00000001 BXPC 00000001)
[    0.058763] ACPI: FACP 0x00000000BFFE1C17 000074 (v01 BOCHS  BXPC     00000001 BXPC 00000001)
[    0.063304] ACPI: DSDT 0x00000000BFFE0040 001BD7 (v01 BOCHS  BXPC     00000001 BXPC 00000001)
[    0.067925] ACPI: FACS 0x00000000BFFE0000 000040
[    0.070442] ACPI: APIC 0x00000000BFFE1C8B 000090 (v03 BOCHS  BXPC     00000001 BXPC 00000001)
[    0.074917] ACPI: HPET 0x00000000BFFE1D1B 000038 (v01 BOCHS  BXPC     00000001 BXPC 00000001)
[    0.079437] ACPI: WAET 0x00000000BFFE1D53 000028 (v01 BOCHS  BXPC     00000001 BXPC 00000001)
[    0.083935] ACPI: Reserving FACP table memory at [mem 0xbffe1c17-0xbffe1c8a]
[    0.087609] ACPI: Reserving DSDT table memory at [mem 0xbffe0040-0xbffe1c16]
[    0.091092] ACPI: Reserving FACS table memory at [mem 0xbffe0000-0xbffe003f]
[    0.094946] ACPI: Reserving APIC table memory at [mem 0xbffe1c8b-0xbffe1d1a]
[    0.099338] ACPI: Reserving HPET table memory at [mem 0xbffe1d1b-0xbffe1d52]
[    0.103854] ACPI: Reserving WAET table memory at [mem 0xbffe1d53-0xbffe1d7a]
[    0.111333] No NUMA configuration found
[    0.113752] Faking a node at [mem 0x0000000000000000-0x000000013fffffff]
[    0.118055] NODE_DATA(0) allocated [mem 0x13fff9300-0x13fffccbf]
[    0.210348] Zone ranges:
[    0.211690]   DMA      [mem 0x0000000000001000-0x0000000000ffffff]
[    0.214497]   DMA32    [mem 0x0000000001000000-0x00000000ffffffff]
[    0.217781]   Normal   [mem 0x0000000100000000-0x000000013fffffff]
[    0.220993] Movable zone start for each node
[    0.223018] Early memory node ranges
[    0.224799]   node   0: [mem 0x0000000000001000-0x000000000009efff]
[    0.227817]   node   0: [mem 0x0000000000100000-0x00000000bffdffff]
[    0.230866]   node   0: [mem 0x0000000100000000-0x000000013fffffff]
[    0.234190] Initmem setup node 0 [mem 0x0000000000001000-0x000000013fffffff]
[    0.237941] On node 0, zone DMA: 1 pages in unavailable ranges
[    0.241101] On node 0, zone DMA: 97 pages in unavailable ranges
[    0.277450] On node 0, zone Normal: 32 pages in unavailable ranges
[    1.099206] KernelAddressSanitizer initialized (generic)
[    1.105242] ACPI: PM-Timer IO Port: 0x608
[    1.107823] ACPI: LAPIC_NMI (acpi_id[0xff] dfl dfl lint[0x1])
[    1.111649] IOAPIC[0]: apic_id 0, version 17, address 0xfec00000, GSI 0-23
[    1.115637] ACPI: INT_SRC_OVR (bus 0 bus_irq 0 global_irq 2 dfl dfl)
[    1.119491] ACPI: INT_SRC_OVR (bus 0 bus_irq 5 global_irq 5 high level)
[    1.123233] ACPI: INT_SRC_OVR (bus 0 bus_irq 9 global_irq 9 high level)
[    1.127074] ACPI: INT_SRC_OVR (bus 0 bus_irq 10 global_irq 10 high level)
[    1.131088] ACPI: INT_SRC_OVR (bus 0 bus_irq 11 global_irq 11 high level)
[    1.134892] ACPI: Using ACPI (MADT) for SMP configuration information
[    1.139364] ACPI: HPET id: 0x8086a201 base: 0xfed00000
[    1.142712] CPU topo: Max. logical packages:   1
[    1.145638] CPU topo: Max. logical dies:       1
[    1.148275] CPU topo: Max. dies per package:   1
[    1.150673] CPU topo: Max. threads per core:   1
[    1.153286] CPU topo: Num. cores per package:     4
[    1.156110] CPU topo: Num. threads per package:   4
[    1.158933] CPU topo: Allowing 4 present CPUs plus 0 hotplug CPUs
[    1.162546] kvm-guest: APIC: eoi() replaced with kvm_guest_apic_eoi_write()
[    1.166633] PM: hibernation: Registered nosave memory: [mem 0x00000000-0x00000fff]
[    1.171136] PM: hibernation: Registered nosave memory: [mem 0x0009f000-0x000fffff]
[    1.175851] PM: hibernation: Registered nosave memory: [mem 0xbffe0000-0xffffffff]
[    1.180735] [mem 0xc0000000-0xfeffbfff] available for PCI devices
[    1.184660] Booting paravirtualized kernel on KVM
[    1.187748] clocksource: refined-jiffies: mask: 0xffffffff max_cycles: 0xffffffff, max_idle_ns: 1910969940391419 ns
[    1.220449] setup_percpu: NR_CPUS:64 nr_cpumask_bits:4 nr_cpu_ids:4 nr_node_ids:1
[    1.229231] percpu: Embedded 67 pages/cpu s237520 r8192 d28720 u524288
[    1.233415] Kernel command line: net.ifnames=0 earlyprintk=serial sysctl.kernel.hung_task_all_cpu_backtrace=1 ima_policy=tcb nf-conntrack-ftp.ports=20000 nf-conntrack-tftp.ports=20000 nf-conntrack-sip.ports=20000 nf-conntrack-irc.ports=20000 nf-conntrack-sane.ports=20000 binder.debug_mask=0 rcupdate.rcu_expedited=1 no_hash_pointers page_owner=on sysctl.vm.nr_hugepages=4 sysctl.vm.nr_overcommit_hugepages=4 root=/dev/sda console=ttyS0 vsyscall=native numa=fake=2 kvm-intel.nested=1 spec_store_bypass_disable=prctl nopcid vivid.n_devs=16 vivid.multiplanar=1,2,1,2,1,2,1,2,1,2,1,2,1,2,1,2 netrom.nr_ndevs=16 rose.rose_ndevs=16 dummy_hcd.num=8 watchdog_thresh=55 workqueue.watchdog_thresh=140 sysctl.net.core.netdev_unregister_timeout_secs=140 panic_on_warn=0 root=/dev/sda console=ttyS0 
[    1.275832] Unknown kernel command line parameters "ima_policy=tcb page_owner=on", will be passed to user space.
[    1.281740] printk: log buffer data + meta data: 262144 + 917504 = 1179648 bytes
[    1.291711] Dentry cache hash table entries: 524288 (order: 10, 4194304 bytes, linear)
[    1.298696] Inode-cache hash table entries: 262144 (order: 9, 2097152 bytes, linear)
[    1.304087] software IO TLB: area num 4.
[    1.426688] Fallback order for Node 0: 0 
[    1.426758] Built 1 zonelists, mobility grouping on.  Total pages: 1048446
[    1.434007] Policy zone: Normal
[    1.435992] mem auto-init: stack:off, heap alloc:off, heap free:off
[    1.439984] stackdepot: allocating hash table via alloc_large_system_hash
[    1.444313] stackdepot hash table entries: 1048576 (order: 12, 16777216 bytes, linear)
[    1.475317] stackdepot: allocating space for 8192 stack pools via memblock
[    1.538101] **********************************************************
[    1.541460] **   NOTICE NOTICE NOTICE NOTICE NOTICE NOTICE NOTICE   **
[    1.544762] **                                                      **
[    1.548114] ** This system shows unhashed kernel memory addresses   **
[    1.551492] ** via the console, logs, and other interfaces. This    **
[    1.555349] ** might reduce the security of your system.            **
[    1.559402] **                                                      **
[    1.563405] ** If you see this message and you are not debugging    **
[    1.567308] ** the kernel, report this immediately to your system   **
[    1.571126] ** administrator!                                       **
[    1.574859] **                                                      **
[    1.578580] ** Use hash_pointers=always to force this mode off      **
[    1.582081] **                                                      **
[    1.585437] **   NOTICE NOTICE NOTICE NOTICE NOTICE NOTICE NOTICE   **
[    1.588879] **********************************************************
[    1.593178] SLUB: HWalign=64, Order=0-3, MinObjects=0, CPUs=4, Nodes=1
[    1.597161] Kernel/User page tables isolation: enabled
[    1.675464] ftrace: allocating 76706 entries in 300 pages
[    1.679379] ftrace: allocated 300 pages with 4 groups
[    1.690973] Dynamic Preempt: voluntary
[    1.696012] Running RCU self tests
[    1.698188] Running RCU synchronous self tests
[    1.700840] rcu: Preemptible hierarchical RCU implementation.
[    1.704309] rcu: 	RCU event tracing is enabled.
[    1.706882] rcu: 	RCU lockdep checking is enabled.
[    1.709776] rcu: 	RCU restricting CPUs from NR_CPUS=64 to nr_cpu_ids=4.
[    1.713951] 	All grace periods are expedited (rcu_expedited).
[    1.717677] 	Trampoline variant of Tasks RCU enabled.
[    1.720930] 	Rude variant of Tasks RCU enabled.
[    1.723962] 	Tracing variant of Tasks RCU enabled.
[    1.726999] rcu: RCU calculated value of scheduler-enlistment delay is 100 jiffies.
[    1.731783] rcu: Adjusting geometry for rcu_fanout_leaf=16, nr_cpu_ids=4
[    1.736710] Running RCU synchronous self tests
[    1.739623] RCU Tasks: Setting shift to 2 and lim to 1 rcu_task_cb_adjust=1 rcu_task_cpu_ids=4.
[    1.745541] RCU Tasks Rude: Setting shift to 2 and lim to 1 rcu_task_cb_adjust=1 rcu_task_cpu_ids=4.
[    1.752155] RCU Tasks Trace: Setting shift to 2 and lim to 1 rcu_task_cb_adjust=1 rcu_task_cpu_ids=4.
[    1.909775] NR_IRQS: 4352, nr_irqs: 456, preallocated irqs: 16
[    1.914691] rcu: srcu_init: Setting srcu_struct sizes based on contention.
[    1.967282] Console: colour VGA+ 80x25
[    1.970017] printk: legacy console [ttyS0] enabled
[    1.970017] printk: legacy console [ttyS0] enabled
[    1.976411] printk: legacy bootconsole [earlyser0] disabled
[    1.976411] printk: legacy bootconsole [earlyser0] disabled
[    1.985212] Lock dependency validator: Copyright (c) 2006 Red Hat, Inc., Ingo Molnar
[    1.994992] ... MAX_LOCKDEP_SUBCLASSES:  8
[    1.997393] ... MAX_LOCK_DEPTH:          48
[    2.000055] ... MAX_LOCKDEP_KEYS:        8192
[    2.002919] ... CLASSHASH_SIZE:          4096
[    2.005617] ... MAX_LOCKDEP_ENTRIES:     32768
[    2.008517] ... MAX_LOCKDEP_CHAINS:      65536
[    2.011661] ... CHAINHASH_SIZE:          32768
[    2.014804]  memory used by lock dependency info: 6429 kB
[    2.018737]  memory used for stack traces: 4224 kB
[    2.021795]  per task-struct memory footprint: 1920 bytes
[    2.025501] ACPI: Core revision 20250807
[    2.030531] clocksource: hpet: mask: 0xffffffff max_cycles: 0xffffffff, max_idle_ns: 19112604467 ns
[    2.036800] APIC: Switch to symmetric I/O mode setup
[    2.056219] ..TIMER: vector=0x30 apic1=0 pin1=2 apic2=-1 pin2=-1
[    2.060942] clocksource: tsc-early: mask: 0xffffffffffffffff max_cycles: 0x2868139ef5d, max_idle_ns: 440795282642 ns
[    2.067715] Calibrating delay loop (skipped) preset value.. 5606.40 BogoMIPS (lpj=2803204)
[    2.071674] Last level iTLB entries: 4KB 0, 2MB 0, 4MB 0
[    2.071685] Last level dTLB entries: 4KB 0, 2MB 0, 4MB 0, 1GB 0
[    2.073727] mitigations: Enabled attack vectors: user_kernel, user_user, SMT mitigations: auto
[    2.074708] Speculative Store Bypass: Vulnerable
[    2.075694] Spectre V2 : Mitigation: Retpolines
[    2.076682] ITS: Mitigation: Aligned branch/return thunks
[    2.077680] MDS: Vulnerable: Clear CPU buffers attempted, no microcode
[    2.078696] Spectre V1 : Mitigation: usercopy/swapgs barriers and __user pointer sanitization
[    2.080683] Spectre V2 : Spectre v2 / SpectreRSB: Filling RSB on context switch and VMEXIT
[    2.081692] active return thunk: its_return_thunk
[    2.082726] x86/fpu: x87 FPU will use FXSAVE
[    2.221765] Freeing SMP alternatives memory: 60K
[    2.222714] pid_max: default: 32768 minimum: 301
[    2.224838] LSM: initializing lsm=capability,selinux
[    2.225982] SELinux:  Initializing.
[    2.228877] Mount-cache hash table entries: 8192 (order: 4, 65536 bytes, linear)
[    2.229783] Mountpoint-cache hash table entries: 8192 (order: 4, 65536 bytes, linear)
[    2.243126] Running RCU synchronous self tests
[    2.243684] Running RCU synchronous self tests
[    2.349215] smpboot: CPU0: Intel QEMU Virtual CPU version 2.5+ (family: 0xf, model: 0x6b, stepping: 0x1)
[    2.355265] Performance Events: unsupported Netburst CPU model 107 no PMU driver, software events only.
[    2.356946] signal: max sigframe size: 1440
[    2.358169] rcu: Hierarchical SRCU implementation.
[    2.358683] rcu: 	Max phase no-delay instances is 400.
[    2.361098] Timer migration: 1 hierarchy levels; 8 children per group; 1 crossnode level
[    2.389041] NMI watchdog: Perf NMI watchdog permanently disabled
[    2.391495] smp: Bringing up secondary CPUs ...
[    2.394552] smpboot: x86: Booting SMP configuration:
[    2.394730] .... node  #0, CPUs:      #1 #2 #3
[    2.421179] smp: Brought up 1 node, 4 CPUs
[    2.422684] smpboot: Total of 4 processors activated (22425.63 BogoMIPS)
[    2.429230] Memory: 3327776K/4193784K available (78319K kernel code, 14120K rwdata, 18148K rodata, 14700K init, 16336K bss, 855780K reserved, 0K cma-reserved)
[    2.437730] devtmpfs: initialized
[    2.468674] Running RCU synchronous self tests
[    2.468722] Running RCU synchronous self tests
[    2.473705] Running RCU Tasks wait API self tests
[    2.477860] Running RCU Tasks Rude wait API self tests
[    2.481687] Running RCU Tasks Trace wait API self tests
[    2.499729] clocksource: jiffies: mask: 0xffffffff max_cycles: 0xffffffff, max_idle_ns: 1911260446275000 ns
[    2.507014] posixtimers hash table entries: 2048 (order: 6, 147456 bytes, linear)
[    2.512905] futex hash table entries: 1024 (131072 bytes on 1 NUMA nodes, total 128 KiB, linear).
[    2.521258] pinctrl core: initialized pinctrl subsystem
[    2.526710] Callback from call_rcu_tasks_trace() invoked.
[    2.533598] PM: RTC time: 02:08:43, date: 2026-01-07
[    2.540691] NET: Registered PF_NETLINK/PF_ROUTE protocol family
[    2.553301] audit: initializing netlink subsys (disabled)
[    2.559717] audit: type=2000 audit(1767751723.885:1): state=initialized audit_enabled=0 res=1
[    2.561913] thermal_sys: Registered thermal governor 'step_wise'
[    2.561921] thermal_sys: Registered thermal governor 'user_space'
[    2.565983] cpuidle: using governor menu
[    2.579584] PCI: Using configuration type 1 for base access
[    2.587794] Callback from call_rcu_tasks() invoked.
[    2.588305] kprobes: kprobe jump-optimization is enabled. All kprobes are optimized if possible.
[    2.608955] HugeTLB: registered 2.00 MiB page size, pre-allocated 0 pages
[    2.609692] HugeTLB: 28 KiB vmemmap can be freed for a 2.00 MiB page
[    2.624821] ACPI: Added _OSI(Module Device)
[    2.625696] ACPI: Added _OSI(Processor Device)
[    2.626685] ACPI: Added _OSI(Processor Aggregator Device)
[    2.900989] ACPI: 1 ACPI AML tables successfully acquired and loaded
[    2.949671] ACPI: Interpreter enabled
[    2.950524] ACPI: PM: (supports S0 S3 S4 S5)
[    2.950718] ACPI: Using IOAPIC for interrupt routing
[    2.953127] PCI: Using host bridge windows from ACPI; if necessary, use "pci=nocrs" and report a bug
[    2.953684] PCI: Using E820 reservations for host bridge windows
[    2.967516] ACPI: Enabled 2 GPEs in block 00 to 0F
[    3.389996] ACPI: PCI Root Bridge [PCI0] (domain 0000 [bus 00-ff])
[    3.390851] acpi PNP0A03:00: _OSC: OS supports [ASPM ClockPM Segments MSI HPX-Type3]
[    3.392208] acpi PNP0A03:00: _OSC: not requesting OS control; OS requires [ExtendedConfig ASPM ClockPM MSI]
[    3.395685] acpi PNP0A03:00: fail to add MMCONFIG information, can't access extended configuration space under this bridge
[    3.404661] PCI host bridge to bus 0000:00
[    3.407004] pci_bus 0000:00: root bus resource [io  0x0000-0x0cf7 window]
[    3.407742] pci_bus 0000:00: root bus resource [io  0x0d00-0xffff window]
[    3.408745] pci_bus 0000:00: root bus resource [mem 0x000a0000-0x000bffff window]
[    3.409744] pci_bus 0000:00: root bus resource [mem 0xc0000000-0xfebfffff window]
[    3.410752] pci_bus 0000:00: root bus resource [mem 0x140000000-0x1bfffffff window]
[    3.411740] pci_bus 0000:00: root bus resource [bus 00-ff]
[    3.413202] pci 0000:00:00.0: [8086:1237] type 00 class 0x060000 conventional PCI endpoint
[    3.430461] pci 0000:00:01.0: [8086:7000] type 00 class 0x060100 conventional PCI endpoint
[    3.445275] pci 0000:00:01.1: [8086:7010] type 00 class 0x010180 conventional PCI endpoint
[    3.448972] pci 0000:00:01.1: BAR 4 [io  0xc0a0-0xc0af]
[    3.449944] pci 0000:00:01.1: BAR 0 [io  0x01f0-0x01f7]: legacy IDE quirk
[    3.450695] pci 0000:00:01.1: BAR 1 [io  0x03f6]: legacy IDE quirk
[    3.451691] pci 0000:00:01.1: BAR 2 [io  0x0170-0x0177]: legacy IDE quirk
[    3.452682] pci 0000:00:01.1: BAR 3 [io  0x0376]: legacy IDE quirk
[    3.462322] pci 0000:00:01.3: [8086:7113] type 00 class 0x068000 conventional PCI endpoint
[    3.465848] pci 0000:00:01.3: quirk: [io  0x0600-0x063f] claimed by PIIX4 ACPI
[    3.467685] pci 0000:00:01.3: quirk: [io  0x0700-0x070f] claimed by PIIX4 SMB
[    3.479674] pci 0000:00:02.0: [1234:1111] type 00 class 0x030000 conventional PCI endpoint
[    3.491224] pci 0000:00:02.0: BAR 0 [mem 0xfd000000-0xfdffffff pref]
[    3.493843] pci 0000:00:02.0: BAR 2 [mem 0xfc070000-0xfc070fff]
[    3.494908] pci 0000:00:02.0: ROM [mem 0xfc060000-0xfc06ffff pref]
[    3.505125] pci 0000:00:02.0: Video device with shadowed ROM at [mem 0x000c0000-0x000dffff]
[    3.533752] pci 0000:00:03.0: [1af4:1005] type 00 class 0x00ff00 conventional PCI endpoint
[    3.540685] pci 0000:00:03.0: BAR 0 [io  0xc080-0xc09f]
[    3.541739] pci 0000:00:03.0: BAR 1 [mem 0xfc071000-0xfc071fff]
[    3.542930] pci 0000:00:03.0: BAR 4 [mem 0xfe000000-0xfe003fff 64bit pref]
[    3.734870] pci 0000:00:04.0: [1af4:1009] type 00 class 0x000200 conventional PCI endpoint
[    3.745685] pci 0000:00:04.0: BAR 0 [io  0xc000-0xc03f]
[    3.749758] pci 0000:00:04.0: BAR 1 [mem 0xfc072000-0xfc072fff]
[    3.755913] pci 0000:00:04.0: BAR 4 [mem 0xfe004000-0xfe007fff 64bit pref]
[    3.932143] pci 0000:00:05.0: [14f1:5b7a] type 00 class 0x040000 conventional PCI endpoint
[    3.935687] pci 0000:00:05.0: BAR 0 [mem 0xf8000000-0xfbffffff]
[    4.105694] pci 0000:00:06.0: [8086:100e] type 00 class 0x020000 conventional PCI endpoint
[    4.110674] pci 0000:00:06.0: BAR 0 [mem 0xfc040000-0xfc05ffff]
[    4.110742] pci 0000:00:06.0: BAR 1 [io  0xc040-0xc07f]
[    4.112772] pci 0000:00:06.0: ROM [mem 0xfc000000-0xfc03ffff pref]
[    4.450065] ACPI: PCI: Interrupt link LNKA configured for IRQ 10
[    4.467083] ACPI: PCI: Interrupt link LNKB configured for IRQ 10
[    4.482595] ACPI: PCI: Interrupt link LNKC configured for IRQ 11
[    4.496913] ACPI: PCI: Interrupt link LNKD configured for IRQ 11
[    4.503674] ACPI: PCI: Interrupt link LNKS configured for IRQ 9
[    4.574908] iommu: Default domain type: Translated
[    4.575689] iommu: DMA domain TLB invalidation policy: lazy mode
[    4.596080] SCSI subsystem initialized
[    4.602723] ACPI: bus type USB registered
[    4.606889] usbcore: registered new interface driver usbfs
[    4.609983] usbcore: registered new interface driver hub
[    4.611940] usbcore: registered new device driver usb
[    4.617334] mc: Linux media interface: v0.10
[    4.618307] videodev: Linux video capture interface: v2.00
[    4.620719] pps_core: LinuxPPS API ver. 1 registered
[    4.622829] pps_core: Software ver. 5.3.6 - Copyright 2005-2007 Rodolfo Giometti <giometti@linux.it>
[    4.624852] PTP clock support registered
[    4.630173] EDAC MC: Ver: 3.0.0
[    4.642522] FPGA manager framework
[    4.647123] Advanced Linux Sound Architecture Driver Initialized.
[    4.659070] Bluetooth: Core ver 2.22
[    4.660800] NET: Registered PF_BLUETOOTH protocol family
[    4.661681] Bluetooth: HCI device and connection manager initialized
[    4.662937] Bluetooth: HCI socket layer initialized
[    4.663739] Bluetooth: L2CAP socket layer initialized
[    4.666046] Bluetooth: SCO socket layer initialized
[    4.668039] NET: Registered PF_ATMPVC protocol family
[    4.668684] NET: Registered PF_ATMSVC protocol family
[    4.671155] NetLabel: Initializing
[    4.672874] NetLabel:  domain hash size = 128
[    4.673688] NetLabel:  protocols = UNLABELED CIPSOv4 CALIPSO
[    4.677981] NetLabel:  unlabeled traffic allowed by default
[    4.685485] nfc: nfc_init: NFC Core ver 0.1
[    4.687464] NET: Registered PF_NFC protocol family
[    4.687911] mctp: management component transport protocol core
[    4.688705] NET: Registered PF_MCTP protocol family
[    4.691238] PCI: Using ACPI for IRQ routing
[    4.695144] pci 0000:00:02.0: vgaarb: setting as boot VGA device
[    4.695674] pci 0000:00:02.0: vgaarb: bridge control possible
[    4.695674] pci 0000:00:02.0: vgaarb: VGA device added: decodes=io+mem,owns=io+mem,locks=none
[    4.695803] vgaarb: loaded
[    4.702295] hpet: 3 channels of 0 reserved for per-cpu timers
[    4.702843] hpet0: at MMIO 0xfed00000, IRQs 2, 8, 0
[    4.703679] hpet0: 3 comparators, 64-bit 100.000000 MHz counter
[    4.709766] clocksource: Switched to clocksource kvm-clock
[    4.788855] VFS: Disk quotas dquot_6.6.0
[    4.792291] VFS: Dquot-cache hash table entries: 512 (order 0, 4096 bytes)
[    4.806310] pnp: PnP ACPI init
[    4.828115] pnp: PnP ACPI: found 6 devices
[    4.954223] clocksource: acpi_pm: mask: 0xffffff max_cycles: 0xffffff, max_idle_ns: 2085701024 ns
[    4.963464] NET: Registered PF_INET protocol family
[    4.969241] IP idents hash table entries: 65536 (order: 7, 524288 bytes, linear)
[    4.983235] tcp_listen_portaddr_hash hash table entries: 2048 (order: 6, 147456 bytes, linear)
[    4.988931] Table-perturb hash table entries: 65536 (order: 6, 262144 bytes, linear)
[    4.994223] TCP established hash table entries: 32768 (order: 6, 262144 bytes, linear)
[    5.003252] TCP bind hash table entries: 32768 (order: 11, 4718592 bytes, vmalloc hugepage)
[    5.019176] TCP: Hash tables configured (established 32768 bind 32768)
[    5.024173] UDP hash table entries: 2048 (order: 7, 524288 bytes, linear)
[    5.029111] UDP-Lite hash table entries: 2048 (order: 7, 524288 bytes, linear)
[    5.036325] NET: Registered PF_UNIX/PF_LOCAL protocol family
[    5.046939] RPC: Registered named UNIX socket transport module.
[    5.050826] RPC: Registered udp transport module.
[    5.053816] RPC: Registered tcp transport module.
[    5.056559] RPC: Registered tcp-with-tls transport module.
[    5.059916] RPC: Registered tcp NFSv4.1 backchannel transport module.
[    5.069746] pci_bus 0000:00: resource 4 [io  0x0000-0x0cf7 window]
[    5.073424] pci_bus 0000:00: resource 5 [io  0x0d00-0xffff window]
[    5.077641] pci_bus 0000:00: resource 6 [mem 0x000a0000-0x000bffff window]
[    5.082020] pci_bus 0000:00: resource 7 [mem 0xc0000000-0xfebfffff window]
[    5.086341] pci_bus 0000:00: resource 8 [mem 0x140000000-0x1bfffffff window]
[    5.094175] pci 0000:00:01.0: PIIX3: Enabling Passive Release
[    5.097260] pci 0000:00:00.0: Limiting direct PCI/PCI transfers
[    5.101153] PCI: CLS 0 bytes, default 64
[    5.104509] PCI-DMA: Using software bounce buffering for IO (SWIOTLB)
[    5.110032] software IO TLB: mapped [mem 0x00000000bbfe0000-0x00000000bffe0000] (64MB)
[    5.117810] clocksource: tsc: mask: 0xffffffffffffffff max_cycles: 0x2868139ef5d, max_idle_ns: 440795282642 ns
[    5.156948] Initialise system trusted keyrings
[    5.161486] workingset: timestamp_bits=40 max_order=20 bucket_order=0
[    5.174405] NFS: Registering the id_resolver key type
[    5.177709] Key type id_resolver registered
[    5.180046] Key type id_legacy registered
[    5.184219] 9p: Installing v9fs 9p2000 file system support
[    5.216204] Key type asymmetric registered
[    5.219156] Asymmetric key parser 'x509' registered
[    5.222668] Block layer SCSI generic (bsg) driver version 0.4 loaded (major 244)
[    5.227929] io scheduler mq-deadline registered
[    5.230098] io scheduler kyber registered
[    5.236679] IPMI message handler: version 39.2
[    5.242091] input: Power Button as /devices/LNXSYSTM:00/LNXPWRBN:00/input/input0
[    5.248352] ACPI: button: Power Button [PWRF]
[    5.264203] Serial: 8250/16550 driver, 4 ports, IRQ sharing enabled
[    5.271718] 00:04: ttyS0 at I/O 0x3f8 (irq = 4, base_baud = 115200) is a 16550A
[    5.293242] Non-volatile memory driver v1.3
[    5.296807] Linux agpgart interface v0.103
[    5.303050] parport_pc 00:03: reported by Plug and Play ACPI
[    5.309183] parport0: PC-style at 0x378, irq 7 [PCSPP(,...)]
[    5.428341] loop: module loaded
[    5.437664] megaraid cmm: 2.20.2.7 (Release Date: Sun Jul 16 00:01:03 EST 2006)
[    5.447387] hv_vmbus: registering driver hv_storvsc
[    5.498317] scsi host0: ata_piix
[    5.506304] scsi host1: ata_piix
[    5.511214] ata1: PATA max MWDMA2 cmd 0x1f0 ctl 0x3f6 bmdma 0xc0a0 irq 14 lpm-pol 0
[    5.517242] ata2: PATA max MWDMA2 cmd 0x170 ctl 0x376 bmdma 0xc0a8 irq 15 lpm-pol 0
[    5.529296] Rounding down aligned max_sectors from 4294967295 to 4294967288
[    5.534701] db_root: cannot open: /etc/target
[    5.539004] MACsec IEEE 802.1AE
[    5.551496] tun: Universal TUN/TAP device driver, 1.6
[    5.557331] arcnet: arcnet loaded
[    5.559839] CAN device driver interface
[    5.562622] sja1000 CAN netdevice driver
[    5.566326] e1000: Intel(R) PRO/1000 Network Driver
[    5.570968] e1000: Copyright (c) 1999-2006 Intel Corporation.
[    5.680318] ata1: found unknown device (class 0)
[    5.688921] ata2: found unknown device (class 0)
[    5.699448] ata1.00: ATA-7: QEMU HARDDISK, 2.5+, max UDMA/100
[    5.705431] ata1.00: 536870912 sectors, multi 16: LBA48 
[    5.711186] ata2.00: ATAPI: QEMU DVD-ROM, 2.5+, max UDMA/100
[    5.736218] scsi 0:0:0:0: Direct-Access     ATA      QEMU HARDDISK    2.5+ PQ: 0 ANSI: 5
[    5.754035] sd 0:0:0:0: Attached scsi generic sg0 type 0
[    5.755425] sd 0:0:0:0: [sda] 536870912 512-byte logical blocks: (275 GB/256 GiB)
[    5.769135] sd 0:0:0:0: [sda] Write Protect is off
[    5.770145] scsi 1:0:0:0: CD-ROM            QEMU     QEMU DVD-ROM     2.5+ PQ: 0 ANSI: 5
[    5.784673] sd 0:0:0:0: [sda] Write cache: enabled, read cache: enabled, doesn't support DPO or FUA
[    5.792740] sd 0:0:0:0: [sda] Preferred minimum I/O size 512 bytes
[    5.834775] sr 1:0:0:0: [sr0] scsi3-mmc drive: 4x/4x cd/rw xa/form2 tray
[    5.840282] cdrom: Uniform CD-ROM driver Revision: 3.20
[    5.844140] sd 0:0:0:0: [sda] Attached SCSI disk
[    5.886368] sr 1:0:0:0: Attached scsi generic sg1 type 5
[   14.316052] ACPI: \_SB_.LNKB: Enabled at IRQ 10
[   14.979319] e1000 0000:00:06.0 eth0: (PCI:33MHz:32-bit) 52:54:00:12:34:56
[   14.984777] e1000 0000:00:06.0 eth0: Intel(R) PRO/1000 Network Connection
[   14.993439] QLogic FastLinQ 4xxxx Core Module qed
[   14.996678] hdlc: HDLC support module revision 1.22
[   15.002679] usbcore: registered new device driver r8152-cfgselector
[   15.007237] usbcore: registered new interface driver r8152
[   15.011275] usbcore: registered new interface driver cdc_ether
[   15.015559] usbcore: registered new interface driver cdc_subset
[   15.019770] usbcore: registered new interface driver r8153_ecm
[   15.028629] VFIO - User Level meta-driver version: 0.3
[   15.038788] i8042: PNP: PS/2 Controller [PNP0303:KBD,PNP0f13:MOU] at 0x60,0x64 irq 1,12
[   15.048338] serio: i8042 KBD port at 0x60,0x64 irq 1
[   15.051333] serio: i8042 AUX port at 0x60,0x64 irq 12
[   15.055384] hv_vmbus: registering driver hyperv_keyboard
[   15.064695] input: AT Translated Set 2 keyboard as /devices/platform/i8042/serio0/input/input1
[   15.065566] rtc_cmos 00:05: RTC can wake from S4
[   15.082843] rtc_cmos 00:05: registered as rtc0
[   15.087250] rtc_cmos 00:05: alarms up to one day, y3k, 242 bytes nvram, hpet irqs
[   15.093529] i2c_dev: i2c /dev entries driver
[   15.098579] gspca_main: v2.14.0 registered
[   15.105250] Driver for 1-wire Dallas network protocol.
[   15.113369] device-mapper: ioctl: 4.50.0-ioctl (2025-04-28) initialised: dm-devel@lists.linux.dev
[   15.121129] Modular ISDN core version 1.1.29
[   15.126909] NET: Registered PF_ISDN protocol family
[   15.130068] intel_pstate: CPU model not supported
[   15.134192] sdhci: Secure Digital Host Controller Interface driver
[   15.138672] sdhci: Copyright(c) Pierre Ossman
[   15.151657] hid: raw HID events driver (C) Jiri Kosina
[   15.166128] usbcore: registered new interface driver usbhid
[   15.169260] usbhid: USB HID core driver
[   15.172100] comedi: version 0.7.76 - http://www.comedi.org
[   15.181895] SPI driver st-gyro-spi has no spi_device_id for st,l3g4200d-gyro
[   15.186081] SPI driver st-gyro-spi has no spi_device_id for st,lsm330d-gyro
[   15.189625] SPI driver st-gyro-spi has no spi_device_id for st,lsm330dl-gyro
[   15.193049] SPI driver st-gyro-spi has no spi_device_id for st,lsm330dlc-gyro
[   15.196362] SPI driver st-gyro-spi has no spi_device_id for st,l3gd20-gyro
[   15.199672] SPI driver st-gyro-spi has no spi_device_id for st,l3gd20h-gyro
[   15.203146] SPI driver st-gyro-spi has no spi_device_id for st,l3g4is-gyro
[   15.206801] SPI driver st-gyro-spi has no spi_device_id for st,lsm330-gyro
[   15.211228] SPI driver st-gyro-spi has no spi_device_id for st,lsm9ds0-gyro
[   15.217378] SPI driver st-magn-spi has no spi_device_id for st,lis3mdl-magn
[   15.222056] SPI driver st-magn-spi has no spi_device_id for st,lsm303agr-magn
[   15.227122] SPI driver st-magn-spi has no spi_device_id for st,lsm9ds1-magn
[   15.232092] SPI driver st-magn-spi has no spi_device_id for st,lsm303c-magn
[   15.240284] gnss: GNSS driver registered with major 508
[   15.259605] nf_conntrack_irc: failed to register helpers
[   15.530343] input: ImExPS/2 Generic Explorer Mouse as /devices/platform/i8042/serio1/input/input3
[   16.304953] nf_conntrack_sip: failed to register helpers
[   16.313301] Initializing XFRM netlink socket
[   16.317543] NET: Registered PF_INET6 protocol family
[   16.333630] Segment Routing with IPv6
[   16.336150] In-situ OAM (IOAM) with IPv6
[   16.339590] sit: IPv6, IPv4 and MPLS over IPv4 tunneling driver
[   16.352421] NET: Registered PF_PACKET protocol family
[   16.357346] can: controller area network core
[   16.360349] NET: Registered PF_CAN protocol family
[   16.362858] can: raw protocol
[   16.364772] can: broadcast manager protocol
[   16.367080] can: netlink gateway - max_hops=1
[   16.370673] RPC: Registered rdma transport module.
[   16.373614] RPC: Registered rdma backchannel transport module.
[   16.378735] NET: Registered PF_PHONET protocol family
[   16.383253] 8021q: 802.1Q VLAN Support v1.8
[   16.387483] 9pnet: Installing 9P2000 support
[   16.391928] NET: Registered PF_IEEE802154 protocol family
[   16.399020] Key type dns_resolver registered
[   16.412676] IPI shorthand broadcast: enabled
[   16.614457] sched_clock: Marking stable (16469090996, 144788067)->(17229359764, -615480701)
[   16.631565] registered taskstats version 1
[   16.634788] Loading compiled-in X.509 certificates
[   16.849370] Demotion targets for Node 0: null
[   16.853738] kmemleak: Kernel memory leak detector initialized (mem pool available: 14702)
[   16.853814] kmemleak: Automatic memory scanning thread started
[   16.864527] PM:   Magic number: 10:766:105
[   16.867513] netconsole: network logging started
[   16.873695] cfg80211: Loading compiled-in X.509 certificates for regulatory database
[   16.883270] kworker/u16:0 (106) used greatest stack depth: 28648 bytes left
[   16.890201] Loaded X.509 cert 'sforshee: 00b28ddf47aef9cea7'
[   16.895058] Loaded X.509 cert 'wens: 61c038651aabdcf94bd0ac7ff06c7248db18c600'
[   16.901310] faux_driver regulatory: Direct firmware load for regulatory.db failed with error -2
[   16.904771] clk: Disabling unused clocks
[   16.906622] cfg80211: failed to load regulatory.db
[   16.909414] ALSA device list:
[   16.915472]   No soundcards found.
[   16.922068] check access for rdinit=/init failed: -2, ignoring
[   16.923956] md: Waiting for all devices to be available before autodetect
[   16.925994] md: If you don't use raid, use raid=noautodetect
[   16.927882] md: Autodetecting RAID arrays.
[   16.929402] md: autorun ...
[   16.930437] md: ... autorun DONE.
[   17.270199] EXT4-fs (sda): mounted filesystem 7aa2f14d-7352-4fb8-97c6-28d78a5d37aa ro with ordered data mode. Quota mode: none.
[   17.275797] VFS: Mounted root (ext4 filesystem) readonly on device 8:0.
[   17.284561] devtmpfs: mounted
[   17.390255] Freeing unused kernel image (initmem) memory: 14700K
[   17.393887] Write protecting the kernel read-only data: 98304k
[   17.408931] Freeing unused kernel image (text/rodata gap) memory: 1552K
[   17.412786] Freeing unused kernel image (rodata/data gap) memory: 284K
[   17.578347] x86/mm: Checked W+X mappings: passed, no W+X pages found.
[   17.581113] x86/mm: Checking user space page tables
[   17.737148] x86/mm: Checked W+X mappings: passed, no W+X pages found.
[   17.748067] Run /sbin/init as init process
[   21.666728] SELinux:  Permission firmware_load in class system not defined in policy.
[   21.670451] SELinux:  Permission kexec_image_load in class system not defined in policy.
[   21.674373] SELinux:  Permission kexec_initramfs_load in class system not defined in policy.
[   21.678783] SELinux:  Permission policy_load in class system not defined in policy.
[   21.683130] SELinux:  Permission x509_certificate_load in class system not defined in policy.
[   21.688264] SELinux:  Permission watch_mountns in class file not defined in policy.
[   21.692796] SELinux:  Permission watch_mountns in class dir not defined in policy.
[   21.697466] SELinux:  Permission watch_mountns in class lnk_file not defined in policy.
[   21.702114] SELinux:  Permission watch_mountns in class chr_file not defined in policy.
[   21.706009] SELinux:  Permission watch_mountns in class blk_file not defined in policy.
[   21.709440] SELinux:  Permission watch_mountns in class sock_file not defined in policy.
[   21.712934] SELinux:  Permission watch_mountns in class fifo_file not defined in policy.
[   21.716569] SELinux:  Permission nlmsg in class netlink_route_socket not defined in policy.
[   21.720273] SELinux:  Permission nlmsg in class netlink_tcpdiag_socket not defined in policy.
[   21.724003] SELinux:  Permission nlmsg in class netlink_xfrm_socket not defined in policy.
[   21.727795] SELinux:  Permission nlmsg in class netlink_audit_socket not defined in policy.
[   21.731693] SELinux:  Class mctp_socket not defined in policy.
[   21.734373] SELinux:  Class anon_inode not defined in policy.
[   21.736512] SELinux:  Class io_uring not defined in policy.
[   21.738933] SELinux:  Class user_namespace not defined in policy.
[   21.741734] SELinux: the above unknown classes and permissions will be allowed
[   22.013742] SELinux:  policy capability network_peer_controls=1
[   22.015938] SELinux:  policy capability open_perms=1
[   22.017640] SELinux:  policy capability extended_socket_class=1
[   22.020303] SELinux:  policy capability always_check_network=0
[   22.022975] SELinux:  policy capability cgroup_seclabel=1
[   22.025436] SELinux:  policy capability nnp_nosuid_transition=1
[   22.027755] SELinux:  policy capability genfs_seclabel_symlinks=0
[   22.030348] SELinux:  policy capability ioctl_skip_cloexec=0
[   22.032198] SELinux:  policy capability userspace_initial_context=0
[   22.034257] SELinux:  policy capability netlink_xperm=0
[   22.036318] SELinux:  policy capability netif_wildcard=0
[   22.038527] SELinux:  policy capability genfs_seclabel_wildcard=0
[   22.041089] SELinux:  policy capability functionfs_seclabel=0
[   22.072072] audit: type=1403 audit(1767751743.397:2): auid=4294967295 ses=4294967295 lsm=selinux res=1
[   22.095577] systemd[1]: Successfully loaded SELinux policy in 3.732147s.
[   22.627646] systemd[1]: Relabelled /dev, /dev/shm, /run, /sys/fs/cgroup in 106.738ms.
[   22.670612] systemd[1]: systemd 247.3-7+deb11u5 running in system mode. (+PAM +AUDIT +SELINUX +IMA +APPARMOR +SMACK +SYSVINIT +UTMP +LIBCRYPTSETUP +GCRYPT +GNUTLS +ACL +XZ +LZ4 +ZSTD +SECCOMP +BLKID +ELFUTILS +KMOD +IDN2 -IDN +PCRE2 default-hierarchy=unified)
[   22.684613] systemd[1]: Detected virtualization kvm.
[   22.687101] systemd[1]: Detected architecture x86-64.

Welcome to [1mDebian GNU/Linux 11 (bullseye)[0m!

[   22.704140] systemd[1]: Set hostname to <syzkaller>.
[   22.723588] random: crng init done
[   22.906612] selinuxenabled (116) used greatest stack depth: 26008 bytes left
[   23.061620] systemd-bless-b (114) used greatest stack depth: 25192 bytes left
[   23.268641] grep (118) used greatest stack depth: 24920 bytes left
[   24.196397] systemd[1]: Queued start job for default target Graphical Interface.
[   24.200781] systemd[1]: system-getty.slice: unit configures an IP firewall, but the local system does not support BPF/cgroup firewalling.
[   24.208270] systemd[1]: (This warning is only shown for the first unit using IP firewalling.)
[   24.268566] systemd[1]: Created slice system-getty.slice.
[[0;32m  OK  [0m] Created slice [0;1;39msystem-getty.slice[0m.
[   24.298294] systemd[1]: Created slice system-modprobe.slice.
[[0;32m  OK  [0m] Created slice [0;1;39msystem-modprobe.slice[0m.
[   24.333297] systemd[1]: Created slice system-serial\x2dgetty.slice.
[[0;32m  OK  [0m] Created slice [0;1;39msystem-serial\x2dgetty.slice[0m.
[   24.343677] systemd[1]: Started Dispatch Password Requests to Console Directory Watch.
[[0;32m  OK  [0m] Started [0;1;39mDispatch Password …ts to Console Directory Watch[0m.
[   24.357713] systemd[1]: Started Forward Password Requests to Wall Directory Watch.
[[0;32m  OK  [0m] Started [0;1;39mForward Password R…uests to Wall Directory Watch[0m.
[   24.416188] systemd[1]: Set up automount Arbitrary Executable File Formats File System Automount Point.
[[0;32m  OK  [0m] Set up automount [0;1;39mArbitrary…s File System Automount Point[0m.
[   24.425819] systemd[1]: Reached target Local Encrypted Volumes.
[[0;32m  OK  [0m] Reached target [0;1;39mLocal Encrypted Volumes[0m.
[   24.433668] systemd[1]: Reached target Paths.
[[0;32m  OK  [0m] Reached target [0;1;39mPaths[0m.
[   24.440593] systemd[1]: Reached target Remote File Systems.
[[0;32m  OK  [0m] Reached target [0;1;39mRemote File Systems[0m.
[   24.447702] systemd[1]: Reached target Slices.
[[0;32m  OK  [0m] Reached target [0;1;39mSlices[0m.
[   24.452836] systemd[1]: Reached target Swap.
[[0;32m  OK  [0m] Reached target [0;1;39mSwap[0m.
[   24.489634] systemd[1]: Listening on Syslog Socket.
[[0;32m  OK  [0m] Listening on [0;1;39mSyslog Socket[0m.
[   24.499226] systemd[1]: Listening on initctl Compatibility Named Pipe.
[[0;32m  OK  [0m] Listening on [0;1;39minitctl Compatibility Named Pipe[0m.
[   24.516785] systemd[1]: Listening on Journal Audit Socket.
[[0;32m  OK  [0m] Listening on [0;1;39mJournal Audit Socket[0m.
[   24.529777] systemd[1]: Listening on Journal Socket (/dev/log).
[[0;32m  OK  [0m] Listening on [0;1;39mJournal Socket (/dev/log)[0m.
[   24.544929] systemd[1]: Listening on Journal Socket.
[[0;32m  OK  [0m] Listening on [0;1;39mJournal Socket[0m.
[   24.570770] systemd[1]: Listening on udev Control Socket.
[[0;32m  OK  [0m] Listening on [0;1;39mudev Control Socket[0m.
[   24.584160] systemd[1]: Listening on udev Kernel Socket.
[[0;32m  OK  [0m] Listening on [0;1;39mudev Kernel Socket[0m.
[   24.589941] systemd[1]: Reached target Sockets.
[[0;32m  OK  [0m] Reached target [0;1;39mSockets[0m.
[   24.653882] systemd[1]: Mounting Huge Pages File System...
         Mounting [0;1;39mHuge Pages File System[0m...
[   24.738639] systemd[1]: Mounting POSIX Message Queue File System...
         Mounting [0;1;39mPOSIX Message Queue File System[0m...
[   24.792367] systemd[1]: Mounting /proc/sys/fs/binfmt_misc...
         Mounting [0;1;39m/proc/sys/fs/binfmt_misc[0m...
[   24.860537] systemd[1]: Mounting /sys/kernel/config...
         Mounting [0;1;39m/sys/kernel/config[0m...
[   24.924445] systemd[1]: Mounting /sys/kernel/debug...
         Mounting [0;1;39m/sys/kernel/debug[0m...
[   24.984630] systemd[1]: Mounting Kernel Trace File System...
         Mounting [0;1;39mKernel Trace File System[0m...
[   24.992709] systemd[1]: Condition check resulted in Create list of static device nodes for the current kernel being skipped.
[   25.085269] systemd[1]: Starting Load Kernel Module fuse...
         Starting [0;1;39mLoad Kernel Module fuse[0m...
[   25.152927] audit: type=1400 audit(1767751746.476:3): avc:  denied  { read } for  pid=135 comm="modprobe" name="modules.softdep" dev="sda" ino=9714092 scontext=system_u:system_r:kmod_t:s0 tcontext=system_u:object_r:unlabeled_t:s0 tclass=file permissive=1
[   25.187306] audit: type=1400 audit(1767751746.477:4): avc:  denied  { open } for  pid=135 comm="modprobe" path="/usr/lib/modules/6.18.0/modules.softdep" dev="sda" ino=9714092 scontext=system_u:system_r:kmod_t:s0 tcontext=system_u:object_r:unlabeled_t:s0 tclass=file permissive=1
[   25.199784] audit: type=1400 audit(1767751746.478:5): avc:  denied  { getattr } for  pid=135 comm="modprobe" path="/usr/lib/modules/6.18.0/modules.softdep" dev="sda" ino=9714092 scontext=system_u:system_r:kmod_t:s0 tcontext=system_u:object_r:unlabeled_t:s0 tclass=file permissive=1
[   25.202773] systemd[1]: Starting Journal Service...
[   25.213603] audit: type=1400 audit(1767751746.484:6): avc:  denied  { map } for  pid=135 comm="modprobe" path="/usr/lib/modules/6.18.0/modules.dep.bin" dev="sda" ino=9714089 scontext=system_u:system_r:kmod_t:s0 tcontext=system_u:object_r:unlabeled_t:s0 tclass=file permissive=1
         Starting [0;1;39mJournal Service[0m...
[   25.311740] systemd[1]: Starting Load Kernel Modules...
         Starting [0;1;39mLoad Kernel Modules[0m...
[   25.407884] systemd[1]: Starting Remount Root and Kernel File Systems...
         Starting [0;1;39mRemount Root and Kernel File Systems[0m...
[   25.498778] systemd[1]: Starting Coldplug All udev Devices...
[   25.507166] audit: type=1400 audit(1767751746.832:7): avc:  denied  { search } for  pid=137 comm="systemd-modules" name="6.18.0" dev="sda" ino=9712356 scontext=system_u:system_r:systemd_modules_load_t:s0 tcontext=system_u:object_r:unlabeled_t:s0 tclass=dir permissive=1
         Starting [0;1;39mColdplug All udev Devices[0m...
[   25.534252] audit: type=1400 audit(1767751746.833:8): avc:  denied  { read } for  pid=137 comm="systemd-modules" name="modules.softdep" dev="sda" ino=9714092 scontext=system_u:system_r:systemd_modules_load_t:s0 tcontext=system_u:object_r:unlabeled_t:s0 tclass=file permissive=1
[   25.562488] audit: type=1400 audit(1767751746.833:9): avc:  denied  { open } for  pid=137 comm="systemd-modules" path="/usr/lib/modules/6.18.0/modules.softdep" dev="sda" ino=9714092 scontext=system_u:system_r:systemd_modules_load_t:s0 tcontext=system_u:object_r:unlabeled_t:s0 tclass=file permissive=1
[   25.591915] audit: type=1400 audit(1767751746.833:10): avc:  denied  { getattr } for  pid=137 comm="systemd-modules" path="/usr/lib/modules/6.18.0/modules.softdep" dev="sda" ino=9714092 scontext=system_u:system_r:systemd_modules_load_t:s0 tcontext=system_u:object_r:unlabeled_t:s0 tclass=file permissive=1
[   25.614882] systemd[1]: Mounted Huge Pages File System.
[[0;32m  OK  [0m] Mounted [0;1;39mHuge Pages File System[0m.
[   25.626330] audit: type=1400 audit(1767751746.835:11): avc:  denied  { map } for  pid=137 comm="systemd-modules" path="/usr/lib/modules/6.18.0/modules.dep.bin" dev="sda" ino=9714089 scontext=system_u:system_r:systemd_modules_load_t:s0 tcontext=system_u:object_r:unlabeled_t:s0 tclass=file permissive=1
[   25.646328] systemd[1]: Mounted POSIX Message Queue File System.
[[0;32m  OK  [0m] Mounted [0;1;39mPOSIX Message Queue File System[0m.
[   25.660419] systemd[1]: Mounted /proc/sys/fs/binfmt_misc.
[[0;32m  OK  [0m] Mounted [0;1;39m/proc/sys/fs/binfmt_misc[0m.
[   25.678287] systemd[1]: Mounted /sys/kernel/config.
[[0;32m  OK  [0m] Mounted [0;1;39m/sys/kernel/config[0m.
[   25.704031] systemd[1]: Mounted /sys/kernel/debug.
[[0;32m  OK  [0m] Mounted [0;1;39m/sys/kernel/debug[0m.
[   25.724735] systemd[1]: Mounted Kernel Trace File System.
[[0;32m  OK  [0m] Mounted [0;1;39mKernel Trace File System[0m.
[   25.749369] systemd[1]: modprobe@fuse.service: Succeeded.
[   25.795645] systemd[1]: Finished Load Kernel Module fuse.
[[0;32m  OK  [0m] Finished [0;1;39mLoad Kernel Module fuse[0m.
[   25.839379] EXT4-fs (sda): re-mounted 7aa2f14d-7352-4fb8-97c6-28d78a5d37aa r/w.
[   25.876266] systemd[1]: Finished Load Kernel Modules.
[[0;32m  OK  [0m] Finished [0;1;39mLoad Kernel Modules[0m.
[   25.925617] systemd[1]: Finished Remount Root and Kernel File Systems.
[[0;32m  OK  [0m] Finished [0;1;39mRemount Root and Kernel File Systems[0m.
[   25.952787] systemd[1]: Condition check resulted in FUSE Control File System being skipped.
[   25.972828] systemd[1]: Condition check resulted in Set Up Additional Binary Formats being skipped.
[   25.985301] systemd[1]: Condition check resulted in Rebuild Hardware Database being skipped.
[   25.989877] systemd[1]: Condition check resulted in Platform Persistent Storage Archival being skipped.
[   26.051390] systemd[1]: Starting Load/Save Random Seed...
         Starting [0;1;39mLoad/Save Random Seed[0m...
[   26.124142] systemd[1]: Starting Apply Kernel Variables...
         Starting [0;1;39mApply Kernel Variables[0m...
[   26.260208] systemd[1]: Starting Create System Users...
         Starting [0;1;39mCreate System Users[0m...
[   26.281799] systemd[1]: Started Journal Service.
[[0;32m  OK  [0m] Started [0;1;39mJournal Service[0m.
[[0;32m  OK  [0m] Finished [0;1;39mLoad/Save Random Seed[0m.
         Starting [0;1;39mFlush Journal to Persistent Storage[0m...
[[0;32m  OK  [0m] Finished [0;1;39mApply Kernel Variables[0m.
[[0;32m  OK  [0m] Finished [0;1;39mCreate System Users[0m.
[   26.957107] systemd-journald[136]: Received client request to flush runtime journal.
         Starting [0;1;39mCreate Static Device Nodes in /dev[0m...
[   27.470811] systemd-tmpfile (148) used greatest stack depth: 24888 bytes left
[[0;32m  OK  [0m] Finished [0;1;39mCreate Static Device Nodes in /dev[0m.
[[0;32m  OK  [0m] Reached target [0;1;39mLocal File Systems (Pre)[0m.
[[0;32m  OK  [0m] Reached target [0;1;39mLocal File Systems[0m.
         Starting [0;1;39mRule-based Manage…for Device Events and Files[0m...
[   28.021828] udevadm (139) used greatest stack depth: 24856 bytes left
[   28.079288] audit: type=1400 audit(1767751749.402:12): avc:  denied  { read } for  pid=150 comm="systemd-udevd" name="modules.softdep" dev="sda" ino=9714092 scontext=system_u:system_r:udev_t:s0-s0:c0.c1023 tcontext=system_u:object_r:unlabeled_t:s0 tclass=file permissive=1
[   28.108824] audit: type=1400 audit(1767751749.403:13): avc:  denied  { open } for  pid=150 comm="systemd-udevd" path="/usr/lib/modules/6.18.0/modules.softdep" dev="sda" ino=9714092 scontext=system_u:system_r:udev_t:s0-s0:c0.c1023 tcontext=system_u:object_r:unlabeled_t:s0 tclass=file permissive=1
[   28.126670] audit: type=1400 audit(1767751749.404:14): avc:  denied  { getattr } for  pid=150 comm="systemd-udevd" path="/usr/lib/modules/6.18.0/modules.softdep" dev="sda" ino=9714092 scontext=system_u:system_r:udev_t:s0-s0:c0.c1023 tcontext=system_u:object_r:unlabeled_t:s0 tclass=file permissive=1
[   28.148301] audit: type=1400 audit(1767751749.412:15): avc:  denied  { map } for  pid=150 comm="systemd-udevd" path="/usr/lib/modules/6.18.0/modules.dep.bin" dev="sda" ino=9714089 scontext=system_u:system_r:udev_t:s0-s0:c0.c1023 tcontext=system_u:object_r:unlabeled_t:s0 tclass=file permissive=1
[[0;32m  OK  [0m] Started [0;1;39mRule-based Manager for Device Events and Files[0m.
[[0;32m  OK  [0m] Finished [0;1;39mFlush Journal to Persistent Storage[0m.
         Starting [0;1;39mCreate Volatile Files and Directories[0m...
[[0;32m  OK  [0m] Finished [0;1;39mCreate Volatile Files and Directories[0m.
         Starting [0;1;39mUpdate UTMP about System Boot/Shutdown[0m...
[[0;32m  OK  [0m] Finished [0;1;39mUpdate UTMP about System Boot/Shutdown[0m.
[   31.779740] audit: type=1400 audit(1767751753.104:16): avc:  denied  { module_load } for  pid=158 comm="systemd-udevd" path="/usr/lib/modules/6.18.0/kernel/drivers/ata/pata_acpi.ko" dev="sda" ino=9712425 scontext=system_u:system_r:udev_t:s0-s0:c0.c1023 tcontext=system_u:object_r:unlabeled_t:s0 tclass=system permissive=1
[[0;32m  OK  [0m] Found device [0;1;39m/dev/ttyS0[0m.
[   32.687263] audit: type=1400 audit(1767751754.008:17): avc:  denied  { create } for  pid=182 comm="ifquery" name="network" scontext=system_u:system_r:udev_t:s0-s0:c0.c1023 tcontext=system_u:object_r:var_run_t:s0 tclass=dir permissive=1
[[0;32m  OK  [0m] Finished [0;1;39mColdplug All udev Devices[0m.
[[0;32m  OK  [0m] Reached target [0;1;39mSystem Initialization[0m.
[[0;32m  OK  [0m] Started [0;1;39mDaily apt download activities[0m.
[[0;32m  OK  [0m] Started [0;1;39mDaily apt upgrade and clean activities[0m.
[[0;32m  OK  [0m] Started [0;1;39mPeriodic ext4 Onli…ata Check for All Filesystems[0m.
[[0;32m  OK  [0m] Started [0;1;39mDiscard unused blocks once a week[0m.
[[0;32m  OK  [0m] Started [0;1;39mDaily rotation of log files[0m.
[[0;32m  OK  [0m] Started [0;1;39mDaily Cleanup of Temporary Directories[0m.
[[0;32m  OK  [0m] Reached target [0;1;39mBasic System[0m.
[[0;32m  OK  [0m] Reached target [0;1;39mTimers[0m.
[[0;32m  OK  [0m] Listening on [0;1;39mLoad/Save RF …itch Status /dev/rfkill Watch[0m.
[[0;32m  OK  [0m] Started [0;1;39mRegular background program processing daemon[0m.
         Starting [0;1;39mRemove Stale Onli…t4 Metadata Check Snapshots[0m...
         Starting [0;1;39mgetty on tty2-tty…nd logind are not available[0m..[   34.056640] cx18:  Start initialization, version 1.5.1
.
[   34.062969] ACPI: bus type drm_connector registered
[   34.063467] cx18-0: Initializing card 0
[   34.069085] cx18-0: Unknown card: vendor/device: [14f1:5b7a]
[   34.072065] cx18-0:               subsystem vendor/device: [1af4:1100]
[   34.076536] cx18-0: Defaulting to Hauppauge HVR-1600 card
[   34.080940] cx18-0: Please mail the vendor/device and subsystem vendor/device IDs and what kind of
[   34.093123] cx18-0: card you have to the linux-media mailinglist (www.linuxtv.org)
[   34.098755] cx18-0: Prefix your subject line with [UNKNOWN CX18 CARD].
         Starting [0;1;39mHelper to synchronize boot up for ifupdown[0m...
         Starting [0;1;39mSystem Logging Service[0m...
         Starting [0;1;39mOnline ext4 Metad…a Check for All Filesystems[0m...
         Starting [0;1;39mRotate log files[0m...
[   34.613468] bochs-drm 0000:00:02.0: vgaarb: deactivate vga console
[   34.664313] Console: switching to colour dummy device 80x25
[[0;32m  OK  [0m] Finished [0;1;39mOnline ext4 Metadata Check for All Filesystems[0m.
[   34.686232] [drm] Found bochs VGA, ID 0xb0c5.
[   34.689149] [drm] Framebuffer size 16384 kB @ 0xfd000000, mmio @ 0xfc070000.
[[0;32m  OK  [0m] Started [0;1;39mSystem Logging Service[0m.
[   34.721000] [drm] Initialized bochs-drm 1.0.0 for 0000:00:02.0 on minor 0
[   34.758940] systemctl (197) used greatest stack depth: 24776 bytes left
[[0;32m  OK  [0m] Finished [0;1;39mgetty on tty2-tty… and logind are not available[0m.
[   34.955632] e2scrub_all (195) used greatest stack depth: 24760 bytes left
[[0;32m  OK  [0m] Finished [0;1;39mRemove Stale Onli…ext4 Metadata Check Snapshots[0m.
[[0;32m  OK  [0m] Finished [0;1;39mRotate log files[0m.
[[0m[0;31m*     [0m] A start job is running for Helper t…ot up for ifupdown (13s / 3min 9s)
M[K[[0;1;31m*[0m[0;31m*    [0m] A start job is running for Helper t…ot up for ifupdown (14s / 3min 9s)
M[K[[0;31m*[0;1;31m*[0m[0;31m*   [0m] A start job is running for Helper t…ot up for ifupdown (14s / 3min 9s)
[   39.282265] audit: type=1400 audit(1767751760.607:18): avc:  denied  { getattr } for  pid=150 comm="systemd-udevd" path="/usr/lib/modules/6.18.0/modules.dep.bin" dev="sda" ino=9714089 scontext=system_u:system_r:udev_t:s0-s0:c0.c1023 tcontext=system_u:object_r:unlabeled_t:s0 tclass=file permissive=1
M[K[ [0;31m*[0;1;31m*[0m[0;31m*  [0m] A start job is running for Helper t…ot up for ifupdown (15s / 3min 9s)
M[K[  [0;31m*[0;1;31m*[0m[0;31m* [0m] A start job is running for Helper t…ot up for ifupdown (15s / 3min 9s)
M[K[   [0;31m*[0;1;31m*[0m[0;31m*[0m] A start job is running for Helper t…ot up for ifupdown (16s / 3min 9s)
M[K[    [0;31m*[0;1;31m*[0m] A start job is running for Helper t…ot up for ifupdown (16s / 3min 9s)
M[K[     [0;31m*[0m] A start job is running for Helper t…ot up for ifupdown (17s / 3min 9s)
M[K[    [0;31m*[0;1;31m*[0m] A start job is running for Helper t…ot up for ifupdown (17s / 3min 9s)
M[K[   [0;31m*[0;1;31m*[0m[0;31m*[0m] A start job is running for Helper t…ot up for ifupdown (18s / 3min 9s)
M[K[  [0;31m*[0;1;31m*[0m[0;31m* [0m] A start job is running for Helper t…ot up for ifupdown (18s / 3min 9s)
M[K[ [0;31m*[0;1;31m*[0m[0;31m*  [0m] A start job is running for Helper t…ot up for ifupdown (19s / 3min 9s)
M[K[[0;31m*[0;1;31m*[0m[0;31m*   [0m] A start job is running for Helper t…ot up for ifupdown (19s / 3min 9s)
M[K[[0;1;31m*[0m[0;31m*    [0m] A start job is running for Helper t…ot up for ifupdown (20s / 3min 9s)
M[K[[0m[0;31m*     [0m] A start job is running for Helper t…ot up for ifupdown (20s / 3min 9s)
[   45.379396] piix4_smbus 0000:00:01.3: SMBus Host Controller at 0x700, revision 0
M[K[[0;1;31m*[0m[0;31m*    [0m] A start job is running for Helper t…ot up for ifupdown (21s / 3min 9s)
M[K[[0;31m*[0;1;31m*[0m[0;31m*   [0m] A start job is running for Helper t…ot up for ifupdown (21s / 3min 9s)
M[K[ [0;31m*[0;1;31m*[0m[0;31m*  [0m] A start job is running for Helper t…ot up for ifupdown (22s / 3min 9s)
M[K[  [0;31m*[0;1;31m*[0m[0;31m* [0m] A start job is running for Helper t…ot up for ifupdown (22s / 3min 9s)
M[K[   [0;31m*[0;1;31m*[0m[0;31m*[0m] A start job is running for Helper t…ot up for ifupdown (23s / 3min 9s)
M[K[    [0;31m*[0;1;31m*[0m] A start job is running for Helper t…ot up for ifupdown (23s / 3min 9s)
M[K[     [0;31m*[0m] A start job is running for Helper t…ot up for ifupdown (24s / 3min 9s)
M[K[    [0;31m*[0;1;31m*[0m] A start job is running for Helper t…ot up for ifupdown (24s / 3min 9s)
M[K[   [0;31m*[0;1;31m*[0m[0;31m*[0m] A start job is running for Helper t…ot up for ifupdown (25s / 3min 9s)
M[K[  [0;31m*[0;1;31m*[0m[0;31m* [0m] A start job is running for Helper t…ot up for ifupdown (25s / 3min 9s)
M[K[ [0;31m*[0;1;31m*[0m[0;31m*  [0m] A start job is running for Helper t…ot up for ifupdown (26s / 3min 9s)
M[K[[0;31m*[0;1;31m*[0m[0;31m*   [0m] A start job is running for Helper t…ot up for ifupdown (26s / 3min 9s)
M[K[[0;1;31m*[0m[0;31m*    [0m] A start job is running for Helper t…ot up for ifupdown (27s / 3min 9s)
M[K[[0m[0;31m*     [0m] A start job is running for Helper t…ot up for ifupdown (27s / 3min 9s)
M[K[[0;1;31m*[0m[0;31m*    [0m] A start job is running for Helper t…ot up for ifupdown (28s / 3min 9s)
M[K[[0;31m*[0;1;31m*[0m[0;31m*   [0m] A start job is running for Helper t…ot up for ifupdown (28s / 3min 9s)
M[K[ [0;31m*[0;1;31m*[0m[0;31m*  [0m] A start job is running for Helper t…ot up for ifupdown (29s / 3min 9s)
M[K[  [0;31m*[0;1;31m*[0m[0;31m* [0m] A start job is running for Helper t…ot up for ifupdown (29s / 3min 9s)
M[K[   [0;31m*[0;1;31m*[0m[0;31m*[0m] A start job is running for Helper t…ot up for ifupdown (30s / 3min 9s)
M[K[    [0;31m*[0;1;31m*[0m] A start job is running for Helper t…ot up for ifupdown (30s / 3min 9s)
M[K[     [0;31m*[0m] A start job is running for Helper t…ot up for ifupdown (31s / 3min 9s)
M[K[    [0;31m*[0;1;31m*[0m] A start job is running for Helper t…ot up for ifupdown (31s / 3min 9s)
[   56.511486] i2c i2c-0: Memory type 0x07 not supported yet, not instantiating SPD
M[K[   [0;31m*[0;1;31m*[0m[0;31m*[0m] A start job is running for Helper t…ot up for ifupdown (32s / 3min 9s)
[   56.594970] ACPI: \_SB_.LNKA: Enabled at IRQ 11
[   56.600847] cx18-0: Unreasonably low latency timer, setting to 64 (was 0)
[   56.605359] cx18-0: cx23418 revision 00000000 (Unknown)
[   56.612039] ACPI: \_SB_.LNKC: Enabled at IRQ 11
M[K[  [0;31m*[0;1;31m*[0m[0;31m* [0m] A start job is running for Helper t…ot up for ifupdown (32s / 3min 9s)
M[K[ [0;31m*[0;1;31m*[0m[0;31m*  [0m] A start job is running for Helper t…ot up for ifupdown (33s / 3min 9s)
M[K[[0;31m*[0;1;31m*[0m[0;31m*   [0m] A start job is running for Helper t…ot up for ifupdown (33s / 3min 9s)
M[K[[0;1;31m*[0m[0;31m*    [0m] A start job is running for Helper t…ot up for ifupdown (34s / 3min 9s)
M[K[[0m[0;31m*     [0m] A start job is running for Helper t…ot up for ifupdown (34s / 3min 9s)
M[K[[0;1;31m*[0m[0;31m*    [0m] A start job is running for Helper t…ot up for ifupdown (35s / 3min 9s)
M[K[[0;31m*[0;1;31m*[0m[0;31m*   [0m] A start job is running for Helper t…ot up for ifupdown (35s / 3min 9s)
M[K[ [0;31m*[0;1;31m*[0m[0;31m*  [0m] A start job is running for Helper t…ot up for ifupdown (36s / 3min 9s)
M[K[  [0;31m*[0;1;31m*[0m[0;31m* [0m] A start job is running for Helper t…ot up for ifupdown (36s / 3min 9s)
M[K[   [0;31m*[0;1;31m*[0m[0;31m*[0m] A start job is running for Helper t…ot up for ifupdown (37s / 3min 9s)
M[K[    [0;31m*[0;1;31m*[0m] A start job is running for Helper t…ot up for ifupdown (37s / 3min 9s)
M[K[     [0;31m*[0m] A start job is running for Helper t…ot up for ifupdown (38s / 3min 9s)
M[K[    [0;31m*[0;1;31m*[0m] A start job is running for Helper t…ot up for ifupdown (38s / 3min 9s)
M[K[   [0;31m*[0;1;31m*[0m[0;31m*[0m] A start job is running for Helper t…ot up for ifupdown (39s / 3min 9s)
M[K[  [0;31m*[0;1;31m*[0m[0;31m* [0m] A start job is running for Helper t…ot up for ifupdown (39s / 3min 9s)
M[K[ [0;31m*[0;1;31m*[0m[0;31m*  [0m] A start job is running for Helper t…ot up for ifupdown (40s / 3min 9s)
M[K[[0;31m*[0;1;31m*[0m[0;31m*   [0m] A start job is running for Helper t…ot up for ifupdown (40s / 3min 9s)
M[K[[0;1;31m*[0m[0;31m*    [0m] A start job is running for Helper t…ot up for ifupdown (41s / 3min 9s)
M[K[[0m[0;31m*     [0m] A start job is running for Helper t…ot up for ifupdown (41s / 3min 9s)
M[K[[0;1;31m*[0m[0;31m*    [0m] A start job is running for Helper t…ot up for ifupdown (42s / 3min 9s)
M[K[[0;31m*[0;1;31m*[0m[0;31m*   [0m] A start job is running for Helper t…ot up for ifupdown (42s / 3min 9s)
M[K[ [0;31m*[0;1;31m*[0m[0;31m*  [0m] A start job is running for Helper t…ot up for ifupdown (43s / 3min 9s)
[   67.665680] ACPI: \_SB_.LNKD: Enabled at IRQ 10
M[K[  [0;31m*[0;1;31m*[0m[0;31m* [0m] A start job is running for Helper t…ot up for ifupdown (43s / 3min 9s)
M[K[   [0;31m*[0;1;31m*[0m[0;31m*[0m] A start job is running for Helper t…ot up for ifupdown (44s / 3min 9s)
M[K[    [0;31m*[0;1;31m*[0m] A start job is running for Helper t…ot up for ifupdown (44s / 3min 9s)
M[K[     [0;31m*[0m] A start job is running for Helper t…ot up for ifupdown (45s / 3min 9s)
M[K[    [0;31m*[0;1;31m*[0m] A start job is running for Helper t…ot up for ifupdown (45s / 3min 9s)
M[K[   [0;31m*[0;1;31m*[0m[0;31m*[0m] A start job is running for Helper t…ot up for ifupdown (46s / 3min 9s)
M[K[  [0;31m*[0;1;31m*[0m[0;31m* [0m] A start job is running for Helper t…ot up for ifupdown (46s / 3min 9s)
M[K[ [0;31m*[0;1;31m*[0m[0;31m*  [0m] A start job is running for Helper t…ot up for ifupdown (47s / 3min 9s)
M[K[[0;31m*[0;1;31m*[0m[0;31m*   [0m] A start job is running for Helper t…ot up for ifupdown (47s / 3min 9s)
M[K[[0;1;31m*[0m[0;31m*    [0m] A start job is running for Helper t…ot up for ifupdown (48s / 3min 9s)
M[K[[0m[0;31m*     [0m] A start job is running for Helper t…ot up for ifupdown (48s / 3min 9s)
M[K[[0;1;31m*[0m[0;31m*    [0m] A start job is running for Helper t…ot up for ifupdown (49s / 3min 9s)
M[K[[0;31m*[0;1;31m*[0m[0;31m*   [0m] A start job is running for Helper t…ot up for ifupdown (49s / 3min 9s)
M[K[ [0;31m*[0;1;31m*[0m[0;31m*  [0m] A start job is running for Helper t…ot up for ifupdown (50s / 3min 9s)
M[K[  [0;31m*[0;1;31m*[0m[0;31m* [0m] A start job is running for Helper t…ot up for ifupdown (50s / 3min 9s)
M[K[   [0;31m*[0;1;31m*[0m[0;31m*[0m] A start job is running for Helper t…ot up for ifupdown (51s / 3min 9s)
M[K[    [0;31m*[0;1;31m*[0m] A start job is running for Helper t…ot up for ifupdown (51s / 3min 9s)
M[K[     [0;31m*[0m] A start job is running for Helper t…ot up for ifupdown (52s / 3min 9s)
M[K[    [0;31m*[0;1;31m*[0m] A start job is running for Helper t…ot up for ifupdown (52s / 3min 9s)
M[K[   [0;31m*[0;1;31m*[0m[0;31m*[0m] A start job is running for Helper t…ot up for ifupdown (53s / 3min 9s)
M[K[  [0;31m*[0;1;31m*[0m[0;31m* [0m] A start job is running for Helper t…ot up for ifupdown (53s / 3min 9s)
M[K[ [0;31m*[0;1;31m*[0m[0;31m*  [0m] A start job is running for Helper t…ot up for ifupdown (54s / 3min 9s)
M[K[[0;31m*[0;1;31m*[0m[0;31m*   [0m] A start job is running for Helper t…ot up for ifupdown (54s / 3min 9s)
M[K[[0;1;31m*[0m[0;31m*    [0m] A start job is running for Helper t…ot up for ifupdown (55s / 3min 9s)
M[K[[0m[0;31m*     [0m] A start job is running for Helper t…ot up for ifupdown (55s / 3min 9s)
M[K[[0;1;31m*[0m[0;31m*    [0m] A start job is running for Helper t…ot up for ifupdown (56s / 3min 9s)
M[K[[0;31m*[0;1;31m*[0m[0;31m*   [0m] A start job is running for Helper t…ot up for ifupdown (56s / 3min 9s)
M[K[ [0;31m*[0;1;31m*[0m[0;31m*  [0m] A start job is running for Helper t…ot up for ifupdown (57s / 3min 9s)
M[K[  [0;31m*[0;1;31m*[0m[0;31m* [0m] A start job is running for Helper t…ot up for ifupdown (57s / 3min 9s)
M[K[   [0;31m*[0;1;31m*[0m[0;31m*[0m] A start job is running for Helper t…ot up for ifupdown (58s / 3min 9s)
M[K[    [0;31m*[0;1;31m*[0m] A start job is running for Helper t…ot up for ifupdown (58s / 3min 9s)
M[K[     [0;31m*[0m] A start job is running for Helper t…ot up for ifupdown (59s / 3min 9s)
[   83.619690] tveeprom: Huh, no eeprom present (err=-6)?
[   83.622139] cx18-0: Invalid EEPROM
[   83.624209] cx18-0: Simultaneous Digital and Analog TV capture supported
M[K[    [0;31m*[0;1;31m*[0m] A start job is running for Helper t…ot up for ifupdown (59s / 3min 9s)
M[K[   [0;31m*[0;1;31m*[0m[0;31m*[0m] A start job is running for Helper t…t up for ifupdown (1min / 3min 9s)
M[K[  [0;31m*[0;1;31m*[0m[0;31m* [0m] A start job is running for Helper t…t up for ifupdown (1min / 3min 9s)
[   85.102630] audit: type=1400 audit(1767751806.427:19): avc:  denied  { read } for  pid=218 comm="modprobe" name="modules.softdep" dev="sda" ino=9714092 scontext=system_u:system_r:kmod_t:s0 tcontext=system_u:object_r:unlabeled_t:s0 tclass=file permissive=1
[   85.110292] audit: type=1400 audit(1767751806.428:20): avc:  denied  { open } for  pid=218 comm="modprobe" path="/usr/lib/modules/6.18.0/modules.softdep" dev="sda" ino=9714092 scontext=system_u:system_r:kmod_t:s0 tcontext=system_u:object_r:unlabeled_t:s0 tclass=file permissive=1
[   85.123397] audit: type=1400 audit(1767751806.428:21): avc:  denied  { getattr } for  pid=218 comm="modprobe" path="/usr/lib/modules/6.18.0/modules.softdep" dev="sda" ino=9714092 scontext=system_u:system_r:kmod_t:s0 tcontext=system_u:object_r:unlabeled_t:s0 tclass=file permissive=1
[   85.139627] audit: type=1400 audit(1767751806.430:22): avc:  denied  { map } for  pid=218 comm="modprobe" path="/usr/lib/modules/6.18.0/modules.dep.bin" dev="sda" ino=9714089 scontext=system_u:system_r:kmod_t:s0 tcontext=system_u:object_r:unlabeled_t:s0 tclass=file permissive=1
M[K[ [0;31m*[0;1;31m*[0m[0;31m*  [0m] A start job is running for Helper t…p for ifupdown (1min 1s / 3min 9s)
M[K[[0;31m*[0;1;31m*[0m[0;31m*   [0m] A start job is running for Helper t…p for ifupdown (1min 1s / 3min 9s)
M[K[[0;1;31m*[0m[0;31m*    [0m] A start job is running for Helper t…p for ifupdown (1min 2s / 3min 9s)
M[K[[0m[0;31m*     [0m] A start job is running for Helper t…p for ifupdown (1min 2s / 3min 9s)
M[K[[0;1;31m*[0m[0;31m*    [0m] A start job is running for Helper t…p for ifupdown (1min 3s / 3min 9s)
M[K[[0;31m*[0;1;31m*[0m[0;31m*   [0m] A start job is running for Helper t…p for ifupdown (1min 3s / 3min 9s)
M[K[ [0;31m*[0;1;31m*[0m[0;31m*  [0m] A start job is running for Helper t…p for ifupdown (1min 4s / 3min 9s)
M[K[  [0;31m*[0;1;31m*[0m[0;31m* [0m] A start job is running for Helper t…p for ifupdown (1min 4s / 3min 9s)
M[K[   [0;31m*[0;1;31m*[0m[0;31m*[0m] A start job is running for Helper t…p for ifupdown (1min 5s / 3min 9s)
M[K[    [0;31m*[0;1;31m*[0m] A start job is running for Helper t…p for ifupdown (1min 5s / 3min 9s)
M[K[     [0;31m*[0m] A start job is running for Helper t…p for ifupdown (1min 6s / 3min 9s)
M[K[    [0;31m*[0;1;31m*[0m] A start job is running for Helper t…p for ifupdown (1min 6s / 3min 9s)
M[K[   [0;31m*[0;1;31m*[0m[0;31m*[0m] A start job is running for Helper t…p for ifupdown (1min 7s / 3min 9s)
M[K[  [0;31m*[0;1;31m*[0m[0;31m* [0m] A start job is running for Helper t…p for ifupdown (1min 7s / 3min 9s)
M[K[ [0;31m*[0;1;31m*[0m[0;31m*  [0m] A start job is running for Helper t…p for ifupdown (1min 8s / 3min 9s)
M[K[[0;31m*[0;1;31m*[0m[0;31m*   [0m] A start job is running for Helper t…p for ifupdown (1min 8s / 3min 9s)
M[K[[0;1;31m*[0m[0;31m*    [0m] A start job is running for Helper t…p for ifupdown (1min 9s / 3min 9s)
M[K[[0m[0;31m*     [0m] A start job is running for Helper t…p for ifupdown (1min 9s / 3min 9s)
M[K[[0;1;31m*[0m[0;31m*    [0m] A start job is running for Helper t… for ifupdown (1min 10s / 3min 9s)
M[K[[0;31m*[0;1;31m*[0m[0;31m*   [0m] A start job is running for Helper t… for ifupdown (1min 10s / 3min 9s)
M[K[ [0;31m*[0;1;31m*[0m[0;31m*  [0m] A start job is running for Helper t… for ifupdown (1min 11s / 3min 9s)
M[K[  [0;31m*[0;1;31m*[0m[0;31m* [0m] A start job is running for Helper t… for ifupdown (1min 11s / 3min 9s)
M[K[   [0;31m*[0;1;31m*[0m[0;31m*[0m] A start job is running for Helper t… for ifupdown (1min 12s / 3min 9s)
M[K[    [0;31m*[0;1;31m*[0m] A start job is running for Helper t… for ifupdown (1min 12s / 3min 9s)
M[K[     [0;31m*[0m] A start job is running for Helper t… for ifupdown (1min 13s / 3min 9s)
M[K[    [0;31m*[0;1;31m*[0m] A start job is running for Helper t… for ifupdown (1min 13s / 3min 9s)
M[K[   [0;31m*[0;1;31m*[0m[0;31m*[0m] A start job is running for Helper t… for ifupdown (1min 14s / 3min 9s)
M[K[  [0;31m*[0;1;31m*[0m[0;31m* [0m] A start job is running for Helper t… for ifupdown (1min 14s / 3min 9s)
M[K[ [0;31m*[0;1;31m*[0m[0;31m*  [0m] A start job is running for Helper t… for ifupdown (1min 15s / 3min 9s)
M[K[[0;31m*[0;1;31m*[0m[0;31m*   [0m] A start job is running for Helper t… for ifupdown (1min 15s / 3min 9s)
M[K[[0;1;31m*[0m[0;31m*    [0m] A start job is running for Helper t… for ifupdown (1min 16s / 3min 9s)
M[K[[0m[0;31m*     [0m] A start job is running for Helper t… for ifupdown (1min 16s / 3min 9s)
M[K[[0;1;31m*[0m[0;31m*    [0m] A start job is running for Helper t… for ifupdown (1min 17s / 3min 9s)
M[K[[0;31m*[0;1;31m*[0m[0;31m*   [0m] A start job is running for Helper t… for ifupdown (1min 17s / 3min 9s)
M[K[ [0;31m*[0;1;31m*[0m[0;31m*  [0m] A start job is running for Helper t… for ifupdown (1min 18s / 3min 9s)
M[K[  [0;31m*[0;1;31m*[0m[0;31m* [0m] A start job is running for Helper t… for ifupdown (1min 18s / 3min 9s)
M[K[   [0;31m*[0;1;31m*[0m[0;31m*[0m] A start job is running for Helper t… for ifupdown (1min 19s / 3min 9s)
M[K[    [0;31m*[0;1;31m*[0m] A start job is running for Helper t… for ifupdown (1min 19s / 3min 9s)
M[K[     [0;31m*[0m] A start job is running for Helper t… for ifupdown (1min 20s / 3min 9s)
M[K[    [0;31m*[0;1;31m*[0m] A start job is running for Helper t… for ifupdown (1min 20s / 3min 9s)
M[K[   [0;31m*[0;1;31m*[0m[0;31m*[0m] A start job is running for Helper t… for ifupdown (1min 21s / 3min 9s)
M[K[  [0;31m*[0;1;31m*[0m[0;31m* [0m] A start job is running for Helper t… for ifupdown (1min 21s / 3min 9s)
M[K[ [0;31m*[0;1;31m*[0m[0;31m*  [0m] A start job is running for Helper t… for ifupdown (1min 22s / 3min 9s)
M[K[[0;31m*[0;1;31m*[0m[0;31m*   [0m] A start job is running for Helper t… for ifupdown (1min 22s / 3min 9s)
M[K[[0;1;31m*[0m[0;31m*    [0m] A start job is running for Helper t… for ifupdown (1min 23s / 3min 9s)
M[K[[0m[0;31m*     [0m] A start job is running for Helper t… for ifupdown (1min 23s / 3min 9s)
M[K[[0;1;31m*[0m[0;31m*    [0m] A start job is running for Helper t… for ifupdown (1min 24s / 3min 9s)
M[K[[0;31m*[0;1;31m*[0m[0;31m*   [0m] A start job is running for Helper t… for ifupdown (1min 24s / 3min 9s)
M[K[ [0;31m*[0;1;31m*[0m[0;31m*  [0m] A start job is running for Helper t… for ifupdown (1min 25s / 3min 9s)
M[K[  [0;31m*[0;1;31m*[0m[0;31m* [0m] A start job is running for Helper t… for ifupdown (1min 25s / 3min 9s)
M[K[   [0;31m*[0;1;31m*[0m[0;31m*[0m] A start job is running for Helper t… for ifupdown (1min 26s / 3min 9s)
M[K[    [0;31m*[0;1;31m*[0m] A start job is running for Helper t… for ifupdown (1min 26s / 3min 9s)
M[K[     [0;31m*[0m] A start job is running for Helper t… for ifupdown (1min 27s / 3min 9s)
M[K[    [0;31m*[0;1;31m*[0m] A start job is running for Helper t… for ifupdown (1min 27s / 3min 9s)
M[K[   [0;31m*[0;1;31m*[0m[0;31m*[0m] A start job is running for Helper t… for ifupdown (1min 28s / 3min 9s)
M[K[  [0;31m*[0;1;31m*[0m[0;31m* [0m] A start job is running for Helper t… for ifupdown (1min 28s / 3min 9s)
M[K[ [0;31m*[0;1;31m*[0m[0;31m*  [0m] A start job is running for Helper t… for ifupdown (1min 29s / 3min 9s)
M[K[[0;31m*[0;1;31m*[0m[0;31m*   [0m] A start job is running for Helper t… for ifupdown (1min 29s / 3min 9s)
M[K[[0;1;31m*[0m[0;31m*    [0m] A start job is running for Helper t… for ifupdown (1min 30s / 3min 9s)
M[K[[0m[0;31m*     [0m] A start job is running for Helper t… for ifupdown (1min 30s / 3min 9s)
M[K[[0;1;31m*[0m[0;31m*    [0m] A start job is running for Helper t… for ifupdown (1min 31s / 3min 9s)
M[K[[0;31m*[0;1;31m*[0m[0;31m*   [0m] A start job is running for Helper t… for ifupdown (1min 31s / 3min 9s)
M[K[ [0;31m*[0;1;31m*[0m[0;31m*  [0m] A start job is running for Helper t… for ifupdown (1min 32s / 3min 9s)
M[K[  [0;31m*[0;1;31m*[0m[0;31m* [0m] A start job is running for Helper t… for ifupdown (1min 32s / 3min 9s)
M[K[   [0;31m*[0;1;31m*[0m[0;31m*[0m] A start job is running for Helper t… for ifupdown (1min 33s / 3min 9s)
M[K[    [0;31m*[0;1;31m*[0m] A start job is running for Helper t… for ifupdown (1min 33s / 3min 9s)
M[K[     [0;31m*[0m] A start job is running for Helper t… for ifupdown (1min 34s / 3min 9s)
M[K[    [0;31m*[0;1;31m*[0m] A start job is running for Helper t… for ifupdown (1min 34s / 3min 9s)
M[K[   [0;31m*[0;1;31m*[0m[0;31m*[0m] A start job is running for Helper t… for ifupdown (1min 35s / 3min 9s)
M[K[  [0;31m*[0;1;31m*[0m[0;31m* [0m] A start job is running for Helper t… for ifupdown (1min 35s / 3min 9s)
M[K[ [0;31m*[0;1;31m*[0m[0;31m*  [0m] A start job is running for Helper t… for ifupdown (1min 36s / 3min 9s)
M[K[[0;31m*[0;1;31m*[0m[0;31m*   [0m] A start job is running for Helper t… for ifupdown (1min 36s / 3min 9s)
M[K[[0;1;31m*[0m[0;31m*    [0m] A start job is running for Helper t… for ifupdown (1min 37s / 3min 9s)
M[K[[0m[0;31m*     [0m] A start job is running for Helper t… for ifupdown (1min 37s / 3min 9s)
M[K[[0;1;31m*[0m[0;31m*    [0m] A start job is running for Helper t… for ifupdown (1min 38s / 3min 9s)
M[K[[0;31m*[0;1;31m*[0m[0;31m*   [0m] A start job is running for Helper t… for ifupdown (1min 38s / 3min 9s)
M[K[ [0;31m*[0;1;31m*[0m[0;31m*  [0m] A start job is running for Helper t… for ifupdown (1min 39s / 3min 9s)
M[K[  [0;31m*[0;1;31m*[0m[0;31m* [0m] A start job is running for Helper t… for ifupdown (1min 39s / 3min 9s)
M[K[   [0;31m*[0;1;31m*[0m[0;31m*[0m] A start job is running for Helper t… for ifupdown (1min 40s / 3min 9s)
M[K[    [0;31m*[0;1;31m*[0m] A start job is running for Helper t… for ifupdown (1min 40s / 3min 9s)
M[K[     [0;31m*[0m] A start job is running for Helper t… for ifupdown (1min 41s / 3min 9s)
M[K[    [0;31m*[0;1;31m*[0m] A start job is running for Helper t… for ifupdown (1min 41s / 3min 9s)
M[K[   [0;31m*[0;1;31m*[0m[0;31m*[0m] A start job is running for Helper t… for ifupdown (1min 42s / 3min 9s)
M[K[  [0;31m*[0;1;31m*[0m[0;31m* [0m] A start job is running for Helper t… for ifupdown (1min 42s / 3min 9s)
M[K[ [0;31m*[0;1;31m*[0m[0;31m*  [0m] A start job is running for Helper t… for ifupdown (1min 43s / 3min 9s)
M[K[[0;31m*[0;1;31m*[0m[0;31m*   [0m] A start job is running for Helper t… for ifupdown (1min 43s / 3min 9s)
M[K[[0;1;31m*[0m[0;31m*    [0m] A start job is running for Helper t… for ifupdown (1min 44s / 3min 9s)
M[K[[0m[0;31m*     [0m] A start job is running for Helper t… for ifupdown (1min 44s / 3min 9s)
M[K[[0;1;31m*[0m[0;31m*    [0m] A start job is running for Helper t… for ifupdown (1min 45s / 3min 9s)
M[K[[0;31m*[0;1;31m*[0m[0;31m*   [0m] A start job is running for Helper t… for ifupdown (1min 45s / 3min 9s)
M[K[ [0;31m*[0;1;31m*[0m[0;31m*  [0m] A start job is running for Helper t… for ifupdown (1min 46s / 3min 9s)
M[K[  [0;31m*[0;1;31m*[0m[0;31m* [0m] A start job is running for Helper t… for ifupdown (1min 46s / 3min 9s)
M[K[   [0;31m*[0;1;31m*[0m[0;31m*[0m] A start job is running for Helper t… for ifupdown (1min 47s / 3min 9s)
M[K[    [0;31m*[0;1;31m*[0m] A start job is running for Helper t… for ifupdown (1min 47s / 3min 9s)
M[K[     [0;31m*[0m] A start job is running for Helper t… for ifupdown (1min 48s / 3min 9s)
M[K[    [0;31m*[0;1;31m*[0m] A start job is running for Helper t… for ifupdown (1min 48s / 3min 9s)
[  133.266003] audit: type=1400 audit(1767751854.591:23): avc:  denied  { module_load } for  pid=221 comm="modprobe" path="/usr/lib/modules/6.18.0/kernel/drivers/media/i2c/cs5345.ko" dev="sda" ino=9713455 scontext=system_u:system_r:kmod_t:s0 tcontext=system_u:object_r:unlabeled_t:s0 tclass=system permissive=1
[  133.302972] cs5345 1-004c: chip found @ 0x98 (cx18 i2c driver #0-0)
M[K[   [0;31m*[0;1;31m*[0m[0;31m*[0m] A start job is running for Helper t… for ifupdown (1min 49s / 3min 9s)
M[K[  [0;31m*[0;1;31m*[0m[0;31m* [0m] A start job is running for Helper t… for ifupdown (1min 49s / 3min 9s)
M[K[ [0;31m*[0;1;31m*[0m[0;31m*  [0m] A start job is running for Helper t… for ifupdown (1min 50s / 3min 9s)
M[K[[0;31m*[0;1;31m*[0m[0;31m*   [0m] A start job is running for Helper t… for ifupdown (1min 50s / 3min 9s)
M[K[[0;1;31m*[0m[0;31m*    [0m] A start job is running for Helper t… for ifupdown (1min 51s / 3min 9s)
M[K[[0m[0;31m*     [0m] A start job is running for Helper t… for ifupdown (1min 51s / 3min 9s)
M[K[[0;1;31m*[0m[0;31m*    [0m] A start job is running for Helper t… for ifupdown (1min 52s / 3min 9s)
M[K[[0;31m*[0;1;31m*[0m[0;31m*   [0m] A start job is running for Helper t… for ifupdown (1min 52s / 3min 9s)
M[K[ [0;31m*[0;1;31m*[0m[0;31m*  [0m] A start job is running for Helper t… for ifupdown (1min 53s / 3min 9s)
M[K[  [0;31m*[0;1;31m*[0m[0;31m* [0m] A start job is running for Helper t… for ifupdown (1min 53s / 3min 9s)
M[K[   [0;31m*[0;1;31m*[0m[0;31m*[0m] A start job is running for Helper t… for ifupdown (1min 54s / 3min 9s)
M[K[    [0;31m*[0;1;31m*[0m] A start job is running for Helper t… for ifupdown (1min 54s / 3min 9s)
M[K[     [0;31m*[0m] A start job is running for Helper t… for ifupdown (1min 55s / 3min 9s)
M[K[    [0;31m*[0;1;31m*[0m] A start job is running for Helper t… for ifupdown (1min 55s / 3min 9s)
M[K[   [0;31m*[0;1;31m*[0m[0;31m*[0m] A start job is running for Helper t… for ifupdown (1min 56s / 3min 9s)
M[K[  [0;31m*[0;1;31m*[0m[0;31m* [0m] A start job is running for Helper t… for ifupdown (1min 56s / 3min 9s)
M[K[ [0;31m*[0;1;31m*[0m[0;31m*  [0m] A start job is running for Helper t… for ifupdown (1min 57s / 3min 9s)
M[K[[0;31m*[0;1;31m*[0m[0;31m*   [0m] A start job is running for Helper t… for ifupdown (1min 57s / 3min 9s)
M[K[[0;1;31m*[0m[0;31m*    [0m] A start job is running for Helper t… for ifupdown (1min 58s / 3min 9s)
M[K[[0m[0;31m*     [0m] A start job is running for Helper t… for ifupdown (1min 58s / 3min 9s)
M[K[[0;1;31m*[0m[0;31m*    [0m] A start job is running for Helper t… for ifupdown (1min 59s / 3min 9s)
M[K[[0;31m*[0;1;31m*[0m[0;31m*   [0m] A start job is running for Helper t… for ifupdown (1min 59s / 3min 9s)
M[K[ [0;31m*[0;1;31m*[0m[0;31m*  [0m] A start job is running for Helper t…t up for ifupdown (2min / 3min 9s)
M[K[  [0;31m*[0;1;31m*[0m[0;31m* [0m] A start job is running for Helper t…t up for ifupdown (2min / 3min 9s)
M[K[   [0;31m*[0;1;31m*[0m[0;31m*[0m] A start job is running for Helper t…p for ifupdown (2min 1s / 3min 9s)
M[K[    [0;31m*[0;1;31m*[0m] A start job is running for Helper t…p for ifupdown (2min 1s / 3min 9s)
M[K[     [0;31m*[0m] A start job is running for Helper t…p for ifupdown (2min 2s / 3min 9s)
M[K[    [0;31m*[0;1;31m*[0m] A start job is running for Helper t…p for ifupdown (2min 2s / 3min 9s)
M[K[   [0;31m*[0;1;31m*[0m[0;31m*[0m] A start job is running for Helper t…p for ifupdown (2min 3s / 3min 9s)
M[K[  [0;31m*[0;1;31m*[0m[0;31m* [0m] A start job is running for Helper t…p for ifupdown (2min 3s / 3min 9s)
M[K[ [0;31m*[0;1;31m*[0m[0;31m*  [0m] A start job is running for Helper t…p for ifupdown (2min 4s / 3min 9s)
M[K[[0;31m*[0;1;31m*[0m[0;31m*   [0m] A start job is running for Helper t…p for ifupdown (2min 4s / 3min 9s)
M[K[[0;1;31m*[0m[0;31m*    [0m] A start job is running for Helper t…p for ifupdown (2min 5s / 3min 9s)
M[K[[0m[0;31m*     [0m] A start job is running for Helper t…p for ifupdown (2min 5s / 3min 9s)
M[K[[0;1;31m*[0m[0;31m*    [0m] A start job is running for Helper t…p for ifupdown (2min 6s / 3min 9s)
M[K[[0;31m*[0;1;31m*[0m[0;31m*   [0m] A start job is running for Helper t…p for ifupdown (2min 6s / 3min 9s)
M[K[ [0;31m*[0;1;31m*[0m[0;31m*  [0m] A start job is running for Helper t…p for ifupdown (2min 7s / 3min 9s)
M[K[  [0;31m*[0;1;31m*[0m[0;31m* [0m] A start job is running for Helper t…p for ifupdown (2min 7s / 3min 9s)
M[K[   [0;31m*[0;1;31m*[0m[0;31m*[0m] A start job is running for Helper t…p for ifupdown (2min 8s / 3min 9s)
M[K[    [0;31m*[0;1;31m*[0m] A start job is running for Helper t…p for ifupdown (2min 8s / 3min 9s)
M[K[     [0;31m*[0m] A start job is running for Helper t…p for ifupdown (2min 9s / 3min 9s)
M[K[    [0;31m*[0;1;31m*[0m] A start job is running for Helper t…p for ifupdown (2min 9s / 3min 9s)
M[K[   [0;31m*[0;1;31m*[0m[0;31m*[0m] A start job is running for Helper t… for ifupdown (2min 10s / 3min 9s)
M[K[[0;1;31mFAILED[0m] Failed to start [0;1;39mHelper to …chronize boot up for ifupdown[0m.
[KSee 'systemctl status ifupdown-pre.service' for details.
[[0;1;38;5;185mDEPEND[0m] Dependency failed for [0;1;39mRaise network interfaces[0m.
[[0;32m  OK  [0m] Reached target [0;1;39mNetwork[0m.
         Starting [0;1;39mOpenBSD Secure Shell server[0m...
         Starting [0;1;39mPermit User Sessions[0m...
[[0;32m  OK  [0m] Finished [0;1;39mPermit User Sessions[0m.
[[0;32m  OK  [0m] Started [0;1;39mGetty on tty1[0m.
[[0;32m  OK  [0m] Started [0;1;39mGetty on tty2[0m.
[[0;32m  OK  [0m] Started [0;1;39mGetty on tty3[0m.
[[0;32m  OK  [0m] Started [0;1;39mGetty on tty4[0m.
[[0;32m  OK  [0m] Started [0;1;39mGetty on tty5[0m.
[[0;32m  OK  [0m] Started [0;1;39mGetty on tty6[0m.
[[0;32m  OK  [0m] Started [0;1;39mSerial Getty on ttyS0[0m.
[[0;32m  OK  [0m] Reached target [0;1;39mLogin Prompts[0m.
[[0;32m  OK  [0m] Started [0;1;39mOpenBSD Secure Shell server[0m.
[[0;32m  OK  [0m] Reached target [0;1;39mMulti-User System[0m.
[[0;32m  OK  [0m] Reached target [0;1;39mGraphical Interface[0m.
         Starting [0;1;39mUpdate UTMP about System Runlevel Changes[0m...
[[0;32m  OK  [0m] Finished [0;1;39mUpdate UTMP about System Runlevel Changes[0m.
[  158.256063] audit: type=1400 audit(1767751879.454:24): avc:  denied  { checkpoint_restore } for  pid=226 comm="agetty" capability=40  scontext=system_u:system_r:getty_t:s0 tcontext=system_u:system_r:getty_t:s0 tclass=capability2 permissive=1

Debian GNU/Linux 11 syzkaller ttyS0

syzkaller login: [  245.521276] cx18-0: Registered device video0 for encoder MPEG (64 x 32.00 kB)
[  245.525207] dvbdev: DVB: registering new adapter (cx18)
[  245.542056] DVB: Unable to find symbol s5h1409_attach()
[  245.544943] cx18-0: frontend initialization failed
[  245.551330] cx18-0: DVB failed to register
[  245.556286] cx18-0: Registered device video32 for encoder YUV (20 x 101.25 kB)
[  245.564868] cx18-0: Registered device vbi0 for encoder VBI (20 x 51984 bytes)
[  245.570379] cx18-0: Registered device video24 for encoder PCM audio (256 x 4.00 kB)
[  245.580496] cx18-0: Registered device radio0 for encoder radio
[  245.598176] cx18-0: unregister DVB
[  245.645326] cx18-0: Error -1 registering devices
[  245.672982] cx18-0: Error -1 on initialization
[  245.675500] cx18 0000:00:05.0: probe with driver cx18 failed with error -1
[  245.681224] cx18:  End initialization
[  245.697296] systemd-udevd (172) used greatest stack depth: 23704 bytes left
[  249.397071] systemd-udevd (152) used greatest stack depth: 22056 bytes left
