failed to run ["ssh" "-p" "29534" "-F" "/dev/null" "-o" "UserKnownHostsFile=/dev/null" "-o" "IdentitiesOnly=yes" "-o" "BatchMode=yes" "-o" "StrictHostKeyChecking=no" "-o" "ConnectTimeout=10" "-i" "/home/wmy/Fuzzer/third_tool/Image-fuzz-6.18/bullseye.id_rsa" "root@localhost" "pwd"]: exit status 255[    0.000000] Linux version 6.18.0 (wmy@wmy) (gcc (Ubuntu 11.4.0-1ubuntu1~22.04.2) 11.4.0, GNU ld (GNU Binutils for Ubuntu) 2.38) #3 SMP PREEMPT_DYNAMIC Sat Dec 20 12:08:22 CST 2025
[    0.000000] Command line: root=/dev/sda console=ttyS0 
[    0.000000] x86/CPU: Model not found in latest microcode list
[    0.000000] BIOS-provided physical RAM map:
[    0.000000] BIOS-e820: [mem 0x0000000000000000-0x000000000009fbff] usable
[    0.000000] BIOS-e820: [mem 0x000000000009fc00-0x000000000009ffff] reserved
[    0.000000] BIOS-e820: [mem 0x00000000000f0000-0x00000000000fffff] reserved
[    0.000000] BIOS-e820: [mem 0x0000000000100000-0x00000000bffdffff] usable
[    0.000000] BIOS-e820: [mem 0x00000000bffe0000-0x00000000bfffffff] reserved
[    0.000000] BIOS-e820: [mem 0x00000000feffc000-0x00000000feffffff] reserved
[    0.000000] BIOS-e820: [mem 0x00000000fffc0000-0x00000000ffffffff] reserved
[    0.000000] BIOS-e820: [mem 0x0000000100000000-0x000000013fffffff] usable
[    0.000000] printk: legacy bootconsole [earlyser0] enabled
[    0.000000] ERROR: earlyprintk= earlyser already used
[    0.000000] ERROR: earlyprintk= earlyser already used
[    0.000000] Hash pointers mode set to never.
[    0.000000] Malformed early option 'vsyscall'
[    0.000000] Malformed early option 'numa'
[    0.000000] NX (Execute Disable) protection: active
[    0.000000] APIC: Static calls initialized
[    0.000000] SMBIOS 3.0.0 present.
[    0.000000] DMI: QEMU Standard PC (i440FX + PIIX, 1996), BIOS rel-1.16.3-0-ga6ed6b701f0a-prebuilt.qemu.org 04/01/2014
[    0.000000] DMI: Memory slots populated: 1/1
[    0.000000] Hypervisor detected: KVM
[    0.000000] last_pfn = 0xbffe0 max_arch_pfn = 0x400000000
[    0.000000] kvm-clock: Using msrs 4b564d01 and 4b564d00
[    0.000005] kvm-clock: using sched offset of 1233658612 cycles
[    0.002816] clocksource: kvm-clock: mask: 0xffffffffffffffff max_cycles: 0x1cd42e4dffb, max_idle_ns: 881590591483 ns
[    0.011856] tsc: Detected 2803.204 MHz processor
[    0.020824] last_pfn = 0x140000 max_arch_pfn = 0x400000000
[    0.024419] MTRR map: 4 entries (3 fixed + 1 variable; max 19), built from 8 variable MTRRs
[    0.029299] x86/PAT: Configuration [0-7]: WB  WC  UC- UC  WB  WP  UC- WT  
[    0.033964] last_pfn = 0xbffe0 max_arch_pfn = 0x400000000
[    0.047171] found SMP MP-table at [mem 0x000f5460-0x000f546f]
[    0.055225] ACPI: Early table checksum verification disabled
[    0.059399] ACPI: RSDP 0x00000000000F5250 000014 (v00 BOCHS )
[    0.064184] ACPI: RSDT 0x00000000BFFE1D7B 000034 (v01 BOCHS  BXPC     00000001 BXPC 00000001)
[    0.070104] ACPI: FACP 0x00000000BFFE1C17 000074 (v01 BOCHS  BXPC     00000001 BXPC 00000001)
[    0.075856] ACPI: DSDT 0x00000000BFFE0040 001BD7 (v01 BOCHS  BXPC     00000001 BXPC 00000001)
[    0.081562] ACPI: FACS 0x00000000BFFE0000 000040
[    0.084510] ACPI: APIC 0x00000000BFFE1C8B 000090 (v03 BOCHS  BXPC     00000001 BXPC 00000001)
[    0.089714] ACPI: HPET 0x00000000BFFE1D1B 000038 (v01 BOCHS  BXPC     00000001 BXPC 00000001)
[    0.094660] ACPI: WAET 0x00000000BFFE1D53 000028 (v01 BOCHS  BXPC     00000001 BXPC 00000001)
[    0.099614] ACPI: Reserving FACP table memory at [mem 0xbffe1c17-0xbffe1c8a]
[    0.103868] ACPI: Reserving DSDT table memory at [mem 0xbffe0040-0xbffe1c16]
[    0.108427] ACPI: Reserving FACS table memory at [mem 0xbffe0000-0xbffe003f]
[    0.112695] ACPI: Reserving APIC table memory at [mem 0xbffe1c8b-0xbffe1d1a]
[    0.116495] ACPI: Reserving HPET table memory at [mem 0xbffe1d1b-0xbffe1d52]
[    0.120259] ACPI: Reserving WAET table memory at [mem 0xbffe1d53-0xbffe1d7a]
[    0.126132] No NUMA configuration found
[    0.128170] Faking a node at [mem 0x0000000000000000-0x000000013fffffff]
[    0.131918] NODE_DATA(0) allocated [mem 0x13fff9300-0x13fffccbf]
[    0.234199] Zone ranges:
[    0.235995]   DMA      [mem 0x0000000000001000-0x0000000000ffffff]
[    0.239837]   DMA32    [mem 0x0000000001000000-0x00000000ffffffff]
[    0.243838]   Normal   [mem 0x0000000100000000-0x000000013fffffff]
[    0.248202] Movable zone start for each node
[    0.251255] Early memory node ranges
[    0.253862]   node   0: [mem 0x0000000000001000-0x000000000009efff]
[    0.258545]   node   0: [mem 0x0000000000100000-0x00000000bffdffff]
[    0.263340]   node   0: [mem 0x0000000100000000-0x000000013fffffff]
[    0.268249] Initmem setup node 0 [mem 0x0000000000001000-0x000000013fffffff]
[    0.273682] On node 0, zone DMA: 1 pages in unavailable ranges
[    0.278200] On node 0, zone DMA: 97 pages in unavailable ranges
[    0.328849] On node 0, zone Normal: 32 pages in unavailable ranges
[    1.141638] KernelAddressSanitizer initialized (generic)
[    1.148880] ACPI: PM-Timer IO Port: 0x608
[    1.152002] ACPI: LAPIC_NMI (acpi_id[0xff] dfl dfl lint[0x1])
[    1.157302] IOAPIC[0]: apic_id 0, version 17, address 0xfec00000, GSI 0-23
[    1.163141] ACPI: INT_SRC_OVR (bus 0 bus_irq 0 global_irq 2 dfl dfl)
[    1.168077] ACPI: INT_SRC_OVR (bus 0 bus_irq 5 global_irq 5 high level)
[    1.173417] ACPI: INT_SRC_OVR (bus 0 bus_irq 9 global_irq 9 high level)
[    1.178854] ACPI: INT_SRC_OVR (bus 0 bus_irq 10 global_irq 10 high level)
[    1.184904] ACPI: INT_SRC_OVR (bus 0 bus_irq 11 global_irq 11 high level)
[    1.190427] ACPI: Using ACPI (MADT) for SMP configuration information
[    1.195612] ACPI: HPET id: 0x8086a201 base: 0xfed00000
[    1.200136] CPU topo: Max. logical packages:   1
[    1.204100] CPU topo: Max. logical dies:       1
[    1.208341] CPU topo: Max. dies per package:   1
[    1.212532] CPU topo: Max. threads per core:   1
[    1.216770] CPU topo: Num. cores per package:     4
[    1.221400] CPU topo: Num. threads per package:   4
[    1.224899] CPU topo: Allowing 4 present CPUs plus 0 hotplug CPUs
[    1.229450] kvm-guest: APIC: eoi() replaced with kvm_guest_apic_eoi_write()
[    1.234480] PM: hibernation: Registered nosave memory: [mem 0x00000000-0x00000fff]
[    1.239283] PM: hibernation: Registered nosave memory: [mem 0x0009f000-0x000fffff]
[    1.244652] PM: hibernation: Registered nosave memory: [mem 0xbffe0000-0xffffffff]
[    1.249911] [mem 0xc0000000-0xfeffbfff] available for PCI devices
[    1.254317] Booting paravirtualized kernel on KVM
[    1.257984] clocksource: refined-jiffies: mask: 0xffffffff max_cycles: 0xffffffff, max_idle_ns: 1910969940391419 ns
[    1.293876] setup_percpu: NR_CPUS:64 nr_cpumask_bits:4 nr_cpu_ids:4 nr_node_ids:1
[    1.301807] percpu: Embedded 67 pages/cpu s237520 r8192 d28720 u524288
[    1.305842] Kernel command line: net.ifnames=0 earlyprintk=serial sysctl.kernel.hung_task_all_cpu_backtrace=1 ima_policy=tcb nf-conntrack-ftp.ports=20000 nf-conntrack-tftp.ports=20000 nf-conntrack-sip.ports=20000 nf-conntrack-irc.ports=20000 nf-conntrack-sane.ports=20000 binder.debug_mask=0 rcupdate.rcu_expedited=1 no_hash_pointers page_owner=on sysctl.vm.nr_hugepages=4 sysctl.vm.nr_overcommit_hugepages=4 root=/dev/sda console=ttyS0 vsyscall=native numa=fake=2 kvm-intel.nested=1 spec_store_bypass_disable=prctl nopcid vivid.n_devs=16 vivid.multiplanar=1,2,1,2,1,2,1,2,1,2,1,2,1,2,1,2 netrom.nr_ndevs=16 rose.rose_ndevs=16 dummy_hcd.num=8 watchdog_thresh=55 workqueue.watchdog_thresh=140 sysctl.net.core.netdev_unregister_timeout_secs=140 panic_on_warn=0 root=/dev/sda console=ttyS0 
[    1.344823] Unknown kernel command line parameters "ima_policy=tcb page_owner=on", will be passed to user space.
[    1.349923] printk: log buffer data + meta data: 262144 + 917504 = 1179648 bytes
[    1.359142] Dentry cache hash table entries: 524288 (order: 10, 4194304 bytes, linear)
[    1.365878] Inode-cache hash table entries: 262144 (order: 9, 2097152 bytes, linear)
[    1.370865] software IO TLB: area num 4.
[    1.477830] Fallback order for Node 0: 0 
[    1.477878] Built 1 zonelists, mobility grouping on.  Total pages: 1048446
[    1.484216] Policy zone: Normal
[    1.486016] mem auto-init: stack:off, heap alloc:off, heap free:off
[    1.489608] stackdepot: allocating hash table via alloc_large_system_hash
[    1.493569] stackdepot hash table entries: 1048576 (order: 12, 16777216 bytes, linear)
[    1.521143] stackdepot: allocating space for 8192 stack pools via memblock
[    1.583548] **********************************************************
[    1.588787] **   NOTICE NOTICE NOTICE NOTICE NOTICE NOTICE NOTICE   **
[    1.594283] **                                                      **
[    1.599515] ** This system shows unhashed kernel memory addresses   **
[    1.603201] ** via the console, logs, and other interfaces. This    **
[    1.606936] ** might reduce the security of your system.            **
[    1.610687] **                                                      **
[    1.614446] ** If you see this message and you are not debugging    **
[    1.618214] ** the kernel, report this immediately to your system   **
[    1.621945] ** administrator!                                       **
[    1.625681] **                                                      **
[    1.629439] ** Use hash_pointers=always to force this mode off      **
[    1.633017] **                                                      **
[    1.636423] **   NOTICE NOTICE NOTICE NOTICE NOTICE NOTICE NOTICE   **
[    1.639831] **********************************************************
[    1.643989] SLUB: HWalign=64, Order=0-3, MinObjects=0, CPUs=4, Nodes=1
[    1.647909] Kernel/User page tables isolation: enabled
[    1.704221] ftrace: allocating 76706 entries in 300 pages
[    1.707418] ftrace: allocated 300 pages with 4 groups
[    1.714566] Dynamic Preempt: voluntary
[    1.718969] Running RCU self tests
[    1.720986] Running RCU synchronous self tests
[    1.723578] rcu: Preemptible hierarchical RCU implementation.
[    1.726880] rcu: 	RCU event tracing is enabled.
[    1.729461] rcu: 	RCU lockdep checking is enabled.
[    1.732195] rcu: 	RCU restricting CPUs from NR_CPUS=64 to nr_cpu_ids=4.
[    1.735980] 	All grace periods are expedited (rcu_expedited).
[    1.739333] 	Trampoline variant of Tasks RCU enabled.
[    1.742232] 	Rude variant of Tasks RCU enabled.
[    1.744842] 	Tracing variant of Tasks RCU enabled.
[    1.747547] rcu: RCU calculated value of scheduler-enlistment delay is 100 jiffies.
[    1.751507] rcu: Adjusting geometry for rcu_fanout_leaf=16, nr_cpu_ids=4
[    1.755725] Running RCU synchronous self tests
[    1.758295] RCU Tasks: Setting shift to 2 and lim to 1 rcu_task_cb_adjust=1 rcu_task_cpu_ids=4.
[    1.763058] RCU Tasks Rude: Setting shift to 2 and lim to 1 rcu_task_cb_adjust=1 rcu_task_cpu_ids=4.
[    1.767864] RCU Tasks Trace: Setting shift to 2 and lim to 1 rcu_task_cb_adjust=1 rcu_task_cpu_ids=4.
[    1.928503] NR_IRQS: 4352, nr_irqs: 456, preallocated irqs: 16
[    1.934391] rcu: srcu_init: Setting srcu_struct sizes based on contention.
[    1.985780] Console: colour VGA+ 80x25
[    1.988569] printk: legacy console [ttyS0] enabled
[    1.988569] printk: legacy console [ttyS0] enabled
[    1.994541] printk: legacy bootconsole [earlyser0] disabled
[    1.994541] printk: legacy bootconsole [earlyser0] disabled
[    2.001530] Lock dependency validator: Copyright (c) 2006 Red Hat, Inc., Ingo Molnar
[    2.007034] ... MAX_LOCKDEP_SUBCLASSES:  8
[    2.009993] ... MAX_LOCK_DEPTH:          48
[    2.012990] ... MAX_LOCKDEP_KEYS:        8192
[    2.015714] ... CLASSHASH_SIZE:          4096
[    2.018286] ... MAX_LOCKDEP_ENTRIES:     32768
[    2.020613] ... MAX_LOCKDEP_CHAINS:      65536
[    2.023388] ... CHAINHASH_SIZE:          32768
[    2.026278]  memory used by lock dependency info: 6429 kB
[    2.029432]  memory used for stack traces: 4224 kB
[    2.032504]  per task-struct memory footprint: 1920 bytes
[    2.036772] ACPI: Core revision 20250807
[    2.042559] clocksource: hpet: mask: 0xffffffff max_cycles: 0xffffffff, max_idle_ns: 19112604467 ns
[    2.049576] APIC: Switch to symmetric I/O mode setup
[    2.067526] ..TIMER: vector=0x30 apic1=0 pin1=2 apic2=-1 pin2=-1
[    2.071305] clocksource: tsc-early: mask: 0xffffffffffffffff max_cycles: 0x2868139ef5d, max_idle_ns: 440795282642 ns
[    2.078631] Calibrating delay loop (skipped) preset value.. 5606.40 BogoMIPS (lpj=2803204)
[    2.083267] Last level iTLB entries: 4KB 0, 2MB 0, 4MB 0
[    2.083576] Last level dTLB entries: 4KB 0, 2MB 0, 4MB 0, 1GB 0
[    2.084624] mitigations: Enabled attack vectors: user_kernel, user_user, SMT mitigations: auto
[    2.085595] Speculative Store Bypass: Vulnerable
[    2.086587] Spectre V2 : Mitigation: Retpolines
[    2.087572] ITS: Mitigation: Aligned branch/return thunks
[    2.088573] MDS: Vulnerable: Clear CPU buffers attempted, no microcode
[    2.089588] Spectre V1 : Mitigation: usercopy/swapgs barriers and __user pointer sanitization
[    2.090575] Spectre V2 : Spectre v2 / SpectreRSB: Filling RSB on context switch and VMEXIT
[    2.091583] active return thunk: its_return_thunk
[    2.092610] x86/fpu: x87 FPU will use FXSAVE
[    2.220338] Freeing SMP alternatives memory: 60K
[    2.220637] pid_max: default: 32768 minimum: 301
[    2.222739] LSM: initializing lsm=capability,selinux
[    2.224716] SELinux:  Initializing.
[    2.227983] Mount-cache hash table entries: 8192 (order: 4, 65536 bytes, linear)
[    2.228660] Mountpoint-cache hash table entries: 8192 (order: 4, 65536 bytes, linear)
[    2.239167] Running RCU synchronous self tests
[    2.239582] Running RCU synchronous self tests
[    2.329539] smpboot: CPU0: Intel QEMU Virtual CPU version 2.5+ (family: 0xf, model: 0x6b, stepping: 0x1)
[    2.333566] Performance Events: unsupported Netburst CPU model 107 no PMU driver, software events only.
[    2.335673] signal: max sigframe size: 1440
[    2.337238] rcu: Hierarchical SRCU implementation.
[    2.337576] rcu: 	Max phase no-delay instances is 400.
[    2.340615] Timer migration: 1 hierarchy levels; 8 children per group; 1 crossnode level
[    2.368130] NMI watchdog: Perf NMI watchdog permanently disabled
[    2.371156] smp: Bringing up secondary CPUs ...
[    2.374356] smpboot: x86: Booting SMP configuration:
[    2.374604] .... node  #0, CPUs:      #1 #2 #3
[    2.401032] smp: Brought up 1 node, 4 CPUs
[    2.402577] smpboot: Total of 4 processors activated (22425.63 BogoMIPS)
[    2.410810] Memory: 3327776K/4193784K available (78319K kernel code, 14120K rwdata, 18148K rodata, 14700K init, 16336K bss, 855780K reserved, 0K cma-reserved)
[    2.417266] devtmpfs: initialized
[    2.443156] Running RCU synchronous self tests
[    2.443622] Running RCU synchronous self tests
[    2.449573] Running RCU Tasks wait API self tests
[    2.452585] Running RCU Tasks Rude wait API self tests
[    2.453573] Running RCU Tasks Trace wait API self tests
[    2.469596] clocksource: jiffies: mask: 0xffffffff max_cycles: 0xffffffff, max_idle_ns: 1911260446275000 ns
[    2.471570] posixtimers hash table entries: 2048 (order: 6, 147456 bytes, linear)
[    2.473638] futex hash table entries: 1024 (131072 bytes on 1 NUMA nodes, total 128 KiB, linear).
[    2.476965] pinctrl core: initialized pinctrl subsystem
[    2.483404] PM: RTC time: 02:18:49, date: 2026-01-07
[    2.487767] NET: Registered PF_NETLINK/PF_ROUTE protocol family
[    2.489591] Callback from call_rcu_tasks_trace() invoked.
[    2.496595] audit: initializing netlink subsys (disabled)
[    2.499026] audit: type=2000 audit(1767752329.743:1): state=initialized audit_enabled=0 res=1
[    2.505865] thermal_sys: Registered thermal governor 'step_wise'
[    2.505873] thermal_sys: Registered thermal governor 'user_space'
[    2.509806] cpuidle: using governor menu
[    2.522467] PCI: Using configuration type 1 for base access
[    2.527986] kprobes: kprobe jump-optimization is enabled. All kprobes are optimized if possible.
[    2.542146] HugeTLB: registered 2.00 MiB page size, pre-allocated 0 pages
[    2.547596] HugeTLB: 28 KiB vmemmap can be freed for a 2.00 MiB page
[    2.565603] ACPI: Added _OSI(Module Device)
[    2.566576] ACPI: Added _OSI(Processor Device)
[    2.568575] ACPI: Added _OSI(Processor Aggregator Device)
[    2.824886] ACPI: 1 ACPI AML tables successfully acquired and loaded
[    2.879271] ACPI: Interpreter enabled
[    2.881121] ACPI: PM: (supports S0 S3 S4 S5)
[    2.881613] ACPI: Using IOAPIC for interrupt routing
[    2.883856] PCI: Using host bridge windows from ACPI; if necessary, use "pci=nocrs" and report a bug
[    2.884576] PCI: Using E820 reservations for host bridge windows
[    2.899967] ACPI: Enabled 2 GPEs in block 00 to 0F
[    3.347206] ACPI: PCI Root Bridge [PCI0] (domain 0000 [bus 00-ff])
[    3.347745] acpi PNP0A03:00: _OSC: OS supports [ASPM ClockPM Segments MSI HPX-Type3]
[    3.348582] acpi PNP0A03:00: _OSC: not requesting OS control; OS requires [ExtendedConfig ASPM ClockPM MSI]
[    3.351180] acpi PNP0A03:00: fail to add MMCONFIG information, can't access extended configuration space under this bridge
[    3.357152] PCI host bridge to bus 0000:00
[    3.359197] pci_bus 0000:00: root bus resource [io  0x0000-0x0cf7 window]
[    3.361398] pci_bus 0000:00: root bus resource [io  0x0d00-0xffff window]
[    3.361605] pci_bus 0000:00: root bus resource [mem 0x000a0000-0x000bffff window]
[    3.362610] pci_bus 0000:00: root bus resource [mem 0xc0000000-0xfebfffff window]
[    3.363601] pci_bus 0000:00: root bus resource [mem 0x140000000-0x1bfffffff window]
[    3.364653] pci_bus 0000:00: root bus resource [bus 00-ff]
[    3.366913] pci 0000:00:00.0: [8086:1237] type 00 class 0x060000 conventional PCI endpoint
[    3.383186] pci 0000:00:01.0: [8086:7000] type 00 class 0x060100 conventional PCI endpoint
[    3.395294] pci 0000:00:01.1: [8086:7010] type 00 class 0x010180 conventional PCI endpoint
[    3.399832] pci 0000:00:01.1: BAR 4 [io  0xc0a0-0xc0af]
[    3.400793] pci 0000:00:01.1: BAR 0 [io  0x01f0-0x01f7]: legacy IDE quirk
[    3.401575] pci 0000:00:01.1: BAR 1 [io  0x03f6]: legacy IDE quirk
[    3.402581] pci 0000:00:01.1: BAR 2 [io  0x0170-0x0177]: legacy IDE quirk
[    3.403577] pci 0000:00:01.1: BAR 3 [io  0x0376]: legacy IDE quirk
[    3.413979] pci 0000:00:01.3: [8086:7113] type 00 class 0x068000 conventional PCI endpoint
[    3.418213] pci 0000:00:01.3: quirk: [io  0x0600-0x063f] claimed by PIIX4 ACPI
[    3.418622] pci 0000:00:01.3: quirk: [io  0x0700-0x070f] claimed by PIIX4 SMB
[    3.429067] pci 0000:00:02.0: [1234:1111] type 00 class 0x030000 conventional PCI endpoint
[    3.436693] pci 0000:00:02.0: BAR 0 [mem 0xfd000000-0xfdffffff pref]
[    3.440830] pci 0000:00:02.0: BAR 2 [mem 0xfc070000-0xfc070fff]
[    3.441786] pci 0000:00:02.0: ROM [mem 0xfc060000-0xfc06ffff pref]
[    3.447386] pci 0000:00:02.0: Video device with shadowed ROM at [mem 0x000c0000-0x000dffff]
[    3.469788] pci 0000:00:03.0: [1af4:1005] type 00 class 0x00ff00 conventional PCI endpoint
[    3.473638] pci 0000:00:03.0: BAR 0 [io  0xc080-0xc09f]
[    3.474748] pci 0000:00:03.0: BAR 1 [mem 0xfc071000-0xfc071fff]
[    3.475751] pci 0000:00:03.0: BAR 4 [mem 0xfe000000-0xfe003fff 64bit pref]
[    3.654204] pci 0000:00:04.0: [1af4:1009] type 00 class 0x000200 conventional PCI endpoint
[    3.661646] pci 0000:00:04.0: BAR 0 [io  0xc000-0xc03f]
[    3.666640] pci 0000:00:04.0: BAR 1 [mem 0xfc072000-0xfc072fff]
[    3.671794] pci 0000:00:04.0: BAR 4 [mem 0xfe004000-0xfe007fff 64bit pref]
[    3.820908] pci 0000:00:05.0: [14f1:5b7a] type 00 class 0x040000 conventional PCI endpoint
[    3.832652] pci 0000:00:05.0: BAR 0 [mem 0xf8000000-0xfbffffff]
[    4.001650] pci 0000:00:06.0: [8086:100e] type 00 class 0x020000 conventional PCI endpoint
[    4.006640] pci 0000:00:06.0: BAR 0 [mem 0xfc040000-0xfc05ffff]
[    4.007624] pci 0000:00:06.0: BAR 1 [io  0xc040-0xc07f]
[    4.008786] pci 0000:00:06.0: ROM [mem 0xfc000000-0xfc03ffff pref]
[    4.300309] ACPI: PCI: Interrupt link LNKA configured for IRQ 10
[    4.318566] ACPI: PCI: Interrupt link LNKB configured for IRQ 10
[    4.332296] ACPI: PCI: Interrupt link LNKC configured for IRQ 11
[    4.343658] ACPI: PCI: Interrupt link LNKD configured for IRQ 11
[    4.351326] ACPI: PCI: Interrupt link LNKS configured for IRQ 9
[    4.425797] iommu: Default domain type: Translated
[    4.426696] iommu: DMA domain TLB invalidation policy: lazy mode
[    4.458061] SCSI subsystem initialized
[    4.467610] ACPI: bus type USB registered
[    4.476503] usbcore: registered new interface driver usbfs
[    4.486038] usbcore: registered new interface driver hub
[    4.492853] usbcore: registered new device driver usb
[    4.504127] mc: Linux media interface: v0.10
[    4.507849] videodev: Linux video capture interface: v2.00
[    4.513168] pps_core: LinuxPPS API ver. 1 registered
[    4.516575] pps_core: Software ver. 5.3.6 - Copyright 2005-2007 Rodolfo Giometti <giometti@linux.it>
[    4.523299] PTP clock support registered
[    4.533303] EDAC MC: Ver: 3.0.0
[    4.549175] FPGA manager framework
[    4.557255] Advanced Linux Sound Architecture Driver Initialized.
[    4.575575] Bluetooth: Core ver 2.22
[    4.578870] NET: Registered PF_BLUETOOTH protocol family
[    4.582581] Bluetooth: HCI device and connection manager initialized
[    4.586061] Bluetooth: HCI socket layer initialized
[    4.589587] Bluetooth: L2CAP socket layer initialized
[    4.589662] Callback from call_rcu_tasks() invoked.
[    4.590002] Bluetooth: SCO socket layer initialized
[    4.594006] NET: Registered PF_ATMPVC protocol family
[    4.597576] NET: Registered PF_ATMSVC protocol family
[    4.601956] NetLabel: Initializing
[    4.603576] NetLabel:  domain hash size = 128
[    4.606574] NetLabel:  protocols = UNLABELED CIPSOv4 CALIPSO
[    4.611297] NetLabel:  unlabeled traffic allowed by default
[    4.622071] nfc: nfc_init: NFC Core ver 0.1
[    4.626720] NET: Registered PF_NFC protocol family
[    4.627757] mctp: management component transport protocol core
[    4.628611] NET: Registered PF_MCTP protocol family
[    4.631768] PCI: Using ACPI for IRQ routing
[    4.637049] pci 0000:00:02.0: vgaarb: setting as boot VGA device
[    4.637566] pci 0000:00:02.0: vgaarb: bridge control possible
[    4.637566] pci 0000:00:02.0: vgaarb: VGA device added: decodes=io+mem,owns=io+mem,locks=none
[    4.637590] vgaarb: loaded
[    4.645433] hpet: 3 channels of 0 reserved for per-cpu timers
[    4.645737] hpet0: at MMIO 0xfed00000, IRQs 2, 8, 0
[    4.646572] hpet0: 3 comparators, 64-bit 100.000000 MHz counter
[    4.655496] clocksource: Switched to clocksource kvm-clock
[    4.668533] VFS: Disk quotas dquot_6.6.0
[    4.671473] VFS: Dquot-cache hash table entries: 512 (order 0, 4096 bytes)
[    4.685701] pnp: PnP ACPI init
[    4.711801] pnp: PnP ACPI: found 6 devices
[    4.867965] clocksource: acpi_pm: mask: 0xffffff max_cycles: 0xffffff, max_idle_ns: 2085701024 ns
[    4.875081] NET: Registered PF_INET protocol family
[    4.879662] IP idents hash table entries: 65536 (order: 7, 524288 bytes, linear)
[    4.898656] tcp_listen_portaddr_hash hash table entries: 2048 (order: 6, 147456 bytes, linear)
[    4.905189] Table-perturb hash table entries: 65536 (order: 6, 262144 bytes, linear)
[    4.910012] TCP established hash table entries: 32768 (order: 6, 262144 bytes, linear)
[    4.917092] TCP bind hash table entries: 32768 (order: 11, 4718592 bytes, vmalloc hugepage)
[    4.931449] TCP: Hash tables configured (established 32768 bind 32768)
[    4.935884] UDP hash table entries: 2048 (order: 7, 524288 bytes, linear)
[    4.940354] UDP-Lite hash table entries: 2048 (order: 7, 524288 bytes, linear)
[    4.947435] NET: Registered PF_UNIX/PF_LOCAL protocol family
[    4.955761] RPC: Registered named UNIX socket transport module.
[    4.958763] RPC: Registered udp transport module.
[    4.961450] RPC: Registered tcp transport module.
[    4.963917] RPC: Registered tcp-with-tls transport module.
[    4.966711] RPC: Registered tcp NFSv4.1 backchannel transport module.
[    4.974100] pci_bus 0000:00: resource 4 [io  0x0000-0x0cf7 window]
[    4.977516] pci_bus 0000:00: resource 5 [io  0x0d00-0xffff window]
[    4.980659] pci_bus 0000:00: resource 6 [mem 0x000a0000-0x000bffff window]
[    4.984237] pci_bus 0000:00: resource 7 [mem 0xc0000000-0xfebfffff window]
[    4.987740] pci_bus 0000:00: resource 8 [mem 0x140000000-0x1bfffffff window]
[    4.992855] pci 0000:00:01.0: PIIX3: Enabling Passive Release
[    4.996182] pci 0000:00:00.0: Limiting direct PCI/PCI transfers
[    5.000244] PCI: CLS 0 bytes, default 64
[    5.003169] PCI-DMA: Using software bounce buffering for IO (SWIOTLB)
[    5.006664] software IO TLB: mapped [mem 0x00000000bbfe0000-0x00000000bffe0000] (64MB)
[    5.012714] clocksource: tsc: mask: 0xffffffffffffffff max_cycles: 0x2868139ef5d, max_idle_ns: 440795282642 ns
[    5.046335] Initialise system trusted keyrings
[    5.050609] workingset: timestamp_bits=40 max_order=20 bucket_order=0
[    5.067421] NFS: Registering the id_resolver key type
[    5.070545] Key type id_resolver registered
[    5.072829] Key type id_legacy registered
[    5.076705] 9p: Installing v9fs 9p2000 file system support
[    5.105649] Key type asymmetric registered
[    5.107944] Asymmetric key parser 'x509' registered
[    5.111114] Block layer SCSI generic (bsg) driver version 0.4 loaded (major 244)
[    5.116161] io scheduler mq-deadline registered
[    5.119568] io scheduler kyber registered
[    5.126688] IPMI message handler: version 39.2
[    5.131946] input: Power Button as /devices/LNXSYSTM:00/LNXPWRBN:00/input/input0
[    5.138091] ACPI: button: Power Button [PWRF]
[    5.151958] Serial: 8250/16550 driver, 4 ports, IRQ sharing enabled
[    5.160182] 00:04: ttyS0 at I/O 0x3f8 (irq = 4, base_baud = 115200) is a 16550A
[    5.181524] Non-volatile memory driver v1.3
[    5.183872] Linux agpgart interface v0.103
[    5.188508] parport_pc 00:03: reported by Plug and Play ACPI
[    5.192898] parport0: PC-style at 0x378, irq 7 [PCSPP(,...)]
[    5.282166] loop: module loaded
[    5.289688] megaraid cmm: 2.20.2.7 (Release Date: Sun Jul 16 00:01:03 EST 2006)
[    5.296619] hv_vmbus: registering driver hv_storvsc
[    5.331562] scsi host0: ata_piix
[    5.338635] scsi host1: ata_piix
[    5.342345] ata1: PATA max MWDMA2 cmd 0x1f0 ctl 0x3f6 bmdma 0xc0a0 irq 14 lpm-pol 0
[    5.346967] ata2: PATA max MWDMA2 cmd 0x170 ctl 0x376 bmdma 0xc0a8 irq 15 lpm-pol 0
[    5.356826] Rounding down aligned max_sectors from 4294967295 to 4294967288
[    5.363251] db_root: cannot open: /etc/target
[    5.367481] MACsec IEEE 802.1AE
[    5.378159] tun: Universal TUN/TAP device driver, 1.6
[    5.383173] arcnet: arcnet loaded
[    5.385540] CAN device driver interface
[    5.388155] sja1000 CAN netdevice driver
[    5.390897] e1000: Intel(R) PRO/1000 Network Driver
[    5.393978] e1000: Copyright (c) 1999-2006 Intel Corporation.
[    5.507815] ata1: found unknown device (class 0)
[    5.511902] ata2: found unknown device (class 0)
[    5.517691] ata1.00: ATA-7: QEMU HARDDISK, 2.5+, max UDMA/100
[    5.521441] ata1.00: 536870912 sectors, multi 16: LBA48 
[    5.526568] ata2.00: ATAPI: QEMU DVD-ROM, 2.5+, max UDMA/100
[    5.541189] scsi 0:0:0:0: Direct-Access     ATA      QEMU HARDDISK    2.5+ PQ: 0 ANSI: 5
[    5.555974] sd 0:0:0:0: Attached scsi generic sg0 type 0
[    5.558053] sd 0:0:0:0: [sda] 536870912 512-byte logical blocks: (275 GB/256 GiB)
[    5.567165] scsi 1:0:0:0: CD-ROM            QEMU     QEMU DVD-ROM     2.5+ PQ: 0 ANSI: 5
[    5.567465] sd 0:0:0:0: [sda] Write Protect is off
[    5.578414] sd 0:0:0:0: [sda] Write cache: enabled, read cache: enabled, doesn't support DPO or FUA
[    5.586972] sd 0:0:0:0: [sda] Preferred minimum I/O size 512 bytes
[    5.627447] sd 0:0:0:0: [sda] Attached SCSI disk
[    5.643463] sr 1:0:0:0: [sr0] scsi3-mmc drive: 4x/4x cd/rw xa/form2 tray
[    5.648131] cdrom: Uniform CD-ROM driver Revision: 3.20
[    5.688069] sr 1:0:0:0: Attached scsi generic sg1 type 5
[   13.803653] ACPI: \_SB_.LNKB: Enabled at IRQ 10
[   14.477339] e1000 0000:00:06.0 eth0: (PCI:33MHz:32-bit) 52:54:00:12:34:56
[   14.481483] e1000 0000:00:06.0 eth0: Intel(R) PRO/1000 Network Connection
[   14.488227] QLogic FastLinQ 4xxxx Core Module qed
[   14.491783] hdlc: HDLC support module revision 1.22
[   14.498204] usbcore: registered new device driver r8152-cfgselector
[   14.503046] usbcore: registered new interface driver r8152
[   14.507598] usbcore: registered new interface driver cdc_ether
[   14.513457] usbcore: registered new interface driver cdc_subset
[   14.519626] usbcore: registered new interface driver r8153_ecm
[   14.530011] VFIO - User Level meta-driver version: 0.3
[   14.541874] i8042: PNP: PS/2 Controller [PNP0303:KBD,PNP0f13:MOU] at 0x60,0x64 irq 1,12
[   14.553183] serio: i8042 KBD port at 0x60,0x64 irq 1
[   14.557736] serio: i8042 AUX port at 0x60,0x64 irq 12
[   14.563115] hv_vmbus: registering driver hyperv_keyboard
[   14.574895] rtc_cmos 00:05: RTC can wake from S4
[   14.579750] input: AT Translated Set 2 keyboard as /devices/platform/i8042/serio0/input/input1
[   14.590653] rtc_cmos 00:05: registered as rtc0
[   14.595341] rtc_cmos 00:05: alarms up to one day, y3k, 242 bytes nvram, hpet irqs
[   14.602040] i2c_dev: i2c /dev entries driver
[   14.608180] gspca_main: v2.14.0 registered
[   14.616670] Driver for 1-wire Dallas network protocol.
[   14.633469] device-mapper: ioctl: 4.50.0-ioctl (2025-04-28) initialised: dm-devel@lists.linux.dev
[   14.639803] Modular ISDN core version 1.1.29
[   14.644795] NET: Registered PF_ISDN protocol family
[   14.648321] intel_pstate: CPU model not supported
[   14.652694] sdhci: Secure Digital Host Controller Interface driver
[   14.656862] sdhci: Copyright(c) Pierre Ossman
[   14.668498] hid: raw HID events driver (C) Jiri Kosina
[   14.685777] usbcore: registered new interface driver usbhid
[   14.690622] usbhid: USB HID core driver
[   14.695098] comedi: version 0.7.76 - http://www.comedi.org
[   14.706601] SPI driver st-gyro-spi has no spi_device_id for st,l3g4200d-gyro
[   14.712111] SPI driver st-gyro-spi has no spi_device_id for st,lsm330d-gyro
[   14.717702] SPI driver st-gyro-spi has no spi_device_id for st,lsm330dl-gyro
[   14.723371] SPI driver st-gyro-spi has no spi_device_id for st,lsm330dlc-gyro
[   14.728591] SPI driver st-gyro-spi has no spi_device_id for st,l3gd20-gyro
[   14.733359] SPI driver st-gyro-spi has no spi_device_id for st,l3gd20h-gyro
[   14.738425] SPI driver st-gyro-spi has no spi_device_id for st,l3g4is-gyro
[   14.743550] SPI driver st-gyro-spi has no spi_device_id for st,lsm330-gyro
[   14.748430] SPI driver st-gyro-spi has no spi_device_id for st,lsm9ds0-gyro
[   14.755138] SPI driver st-magn-spi has no spi_device_id for st,lis3mdl-magn
[   14.760627] SPI driver st-magn-spi has no spi_device_id for st,lsm303agr-magn
[   14.765844] SPI driver st-magn-spi has no spi_device_id for st,lsm9ds1-magn
[   14.770723] SPI driver st-magn-spi has no spi_device_id for st,lsm303c-magn
[   14.780782] gnss: GNSS driver registered with major 508
[   14.801399] nf_conntrack_irc: failed to register helpers
[   15.078721] input: ImExPS/2 Generic Explorer Mouse as /devices/platform/i8042/serio1/input/input3
[   15.868848] nf_conntrack_sip: failed to register helpers
[   15.879863] Initializing XFRM netlink socket
[   15.885420] NET: Registered PF_INET6 protocol family
[   15.903063] Segment Routing with IPv6
[   15.906704] In-situ OAM (IOAM) with IPv6
[   15.911656] sit: IPv6, IPv4 and MPLS over IPv4 tunneling driver
[   15.928666] NET: Registered PF_PACKET protocol family
[   15.934776] can: controller area network core
[   15.938803] NET: Registered PF_CAN protocol family
[   15.942467] can: raw protocol
[   15.944898] can: broadcast manager protocol
[   15.948656] can: netlink gateway - max_hops=1
[   15.954667] RPC: Registered rdma transport module.
[   15.958160] RPC: Registered rdma backchannel transport module.
[   15.964033] NET: Registered PF_PHONET protocol family
[   15.969240] 8021q: 802.1Q VLAN Support v1.8
[   15.973858] 9pnet: Installing 9P2000 support
[   15.979534] NET: Registered PF_IEEE802154 protocol family
[   15.985742] Key type dns_resolver registered
[   16.007973] IPI shorthand broadcast: enabled
[   16.208823] sched_clock: Marking stable (16073108790, 135222578)->(16690788432, -482457064)
[   16.229870] registered taskstats version 1
[   16.234035] Loading compiled-in X.509 certificates
[   16.484626] Demotion targets for Node 0: null
[   16.490540] kmemleak: Kernel memory leak detector initialized (mem pool available: 14702)
[   16.490612] kmemleak: Automatic memory scanning thread started
[   16.506480] PM:   Magic number: 10:972:307
[   16.511897] tty tty36: hash matches
[   16.516766] netconsole: network logging started
[   16.526692] cfg80211: Loading compiled-in X.509 certificates for regulatory database
[   16.540360] kworker/u16:0 (105) used greatest stack depth: 28648 bytes left
[   16.550012] Loaded X.509 cert 'sforshee: 00b28ddf47aef9cea7'
[   16.557956] Loaded X.509 cert 'wens: 61c038651aabdcf94bd0ac7ff06c7248db18c600'
[   16.565933] clk: Disabling unused clocks
[   16.570727] ALSA device list:
[   16.573441] faux_driver regulatory: Direct firmware load for regulatory.db failed with error -2
[   16.573536]   No soundcards found.
[   16.580774] cfg80211: failed to load regulatory.db
[   16.594461] check access for rdinit=/init failed: -2, ignoring
[   16.598663] md: Waiting for all devices to be available before autodetect
[   16.601978] md: If you don't use raid, use raid=noautodetect
[   16.604101] md: Autodetecting RAID arrays.
[   16.605825] md: autorun ...
[   16.606877] md: ... autorun DONE.
[   16.992318] EXT4-fs (sda): mounted filesystem 7aa2f14d-7352-4fb8-97c6-28d78a5d37aa ro with ordered data mode. Quota mode: none.
[   16.997831] VFS: Mounted root (ext4 filesystem) readonly on device 8:0.
[   17.005242] devtmpfs: mounted
[   17.132006] Freeing unused kernel image (initmem) memory: 14700K
[   17.136688] Write protecting the kernel read-only data: 98304k
[   17.154725] Freeing unused kernel image (text/rodata gap) memory: 1552K
[   17.159575] Freeing unused kernel image (rodata/data gap) memory: 284K
[   17.317154] x86/mm: Checked W+X mappings: passed, no W+X pages found.
[   17.319981] x86/mm: Checking user space page tables
[   17.475613] x86/mm: Checked W+X mappings: passed, no W+X pages found.
[   17.489756] Run /sbin/init as init process
[   21.220732] SELinux:  Permission firmware_load in class system not defined in policy.
[   21.223836] SELinux:  Permission kexec_image_load in class system not defined in policy.
[   21.227032] SELinux:  Permission kexec_initramfs_load in class system not defined in policy.
[   21.230023] SELinux:  Permission policy_load in class system not defined in policy.
[   21.232945] SELinux:  Permission x509_certificate_load in class system not defined in policy.
[   21.236630] SELinux:  Permission watch_mountns in class file not defined in policy.
[   21.239979] SELinux:  Permission watch_mountns in class dir not defined in policy.
[   21.243480] SELinux:  Permission watch_mountns in class lnk_file not defined in policy.
[   21.247228] SELinux:  Permission watch_mountns in class chr_file not defined in policy.
[   21.250989] SELinux:  Permission watch_mountns in class blk_file not defined in policy.
[   21.255619] SELinux:  Permission watch_mountns in class sock_file not defined in policy.
[   21.260631] SELinux:  Permission watch_mountns in class fifo_file not defined in policy.
[   21.265618] SELinux:  Permission nlmsg in class netlink_route_socket not defined in policy.
[   21.269741] SELinux:  Permission nlmsg in class netlink_tcpdiag_socket not defined in policy.
[   21.274003] SELinux:  Permission nlmsg in class netlink_xfrm_socket not defined in policy.
[   21.278127] SELinux:  Permission nlmsg in class netlink_audit_socket not defined in policy.
[   21.282528] SELinux:  Class mctp_socket not defined in policy.
[   21.285423] SELinux:  Class anon_inode not defined in policy.
[   21.288203] SELinux:  Class io_uring not defined in policy.
[   21.290910] SELinux:  Class user_namespace not defined in policy.
[   21.293758] SELinux: the above unknown classes and permissions will be allowed
[   21.593374] SELinux:  policy capability network_peer_controls=1
[   21.596150] SELinux:  policy capability open_perms=1
[   21.598574] SELinux:  policy capability extended_socket_class=1
[   21.601841] SELinux:  policy capability always_check_network=0
[   21.606088] SELinux:  policy capability cgroup_seclabel=1
[   21.608924] SELinux:  policy capability nnp_nosuid_transition=1
[   21.612638] SELinux:  policy capability genfs_seclabel_symlinks=0
[   21.616702] SELinux:  policy capability ioctl_skip_cloexec=0
[   21.620309] SELinux:  policy capability userspace_initial_context=0
[   21.624123] SELinux:  policy capability netlink_xperm=0
[   21.626713] SELinux:  policy capability netif_wildcard=0
[   21.629612] SELinux:  policy capability genfs_seclabel_wildcard=0
[   21.632674] SELinux:  policy capability functionfs_seclabel=0
[   21.664800] audit: type=1403 audit(1767752348.908:2): auid=4294967295 ses=4294967295 lsm=selinux res=1
[   21.678143] systemd[1]: Successfully loaded SELinux policy in 3.565494s.
[   22.234700] systemd[1]: Relabelled /dev, /dev/shm, /run, /sys/fs/cgroup in 81.059ms.
[   22.294099] systemd[1]: systemd 247.3-7+deb11u5 running in system mode. (+PAM +AUDIT +SELINUX +IMA +APPARMOR +SMACK +SYSVINIT +UTMP +LIBCRYPTSETUP +GCRYPT +GNUTLS +ACL +XZ +LZ4 +ZSTD +SECCOMP +BLKID +ELFUTILS +KMOD +IDN2 -IDN +PCRE2 default-hierarchy=unified)
[   22.306000] systemd[1]: Detected virtualization kvm.
[   22.308187] systemd[1]: Detected architecture x86-64.

Welcome to [1mDebian GNU/Linux 11 (bullseye)[0m!

[   22.329651] systemd[1]: Set hostname to <syzkaller>.
[   22.505867] random: crng init done
[   22.590592] selinuxenabled (117) used greatest stack depth: 26008 bytes left
[   22.656154] systemd-cryptse (114) used greatest stack depth: 25512 bytes left
[   22.833164] systemd-fstab-g (116) used greatest stack depth: 25232 bytes left
[   22.910120] selinux-autorel (112) used greatest stack depth: 25192 bytes left
[   23.872834] systemd[1]: Queued start job for default target Graphical Interface.
[   23.877602] systemd[1]: system-getty.slice: unit configures an IP firewall, but the local system does not support BPF/cgroup firewalling.
[   23.883207] systemd[1]: (This warning is only shown for the first unit using IP firewalling.)
[   23.944606] systemd[1]: Created slice system-getty.slice.
[[0;32m  OK  [0m] Created slice [0;1;39msystem-getty.slice[0m.
[   23.970128] systemd[1]: Created slice system-modprobe.slice.
[[0;32m  OK  [0m] Created slice [0;1;39msystem-modprobe.slice[0m.
[   23.994096] systemd[1]: Created slice system-serial\x2dgetty.slice.
[[0;32m  OK  [0m] Created slice [0;1;39msystem-serial\x2dgetty.slice[0m.
[   24.009682] systemd[1]: Started Dispatch Password Requests to Console Directory Watch.
[[0;32m  OK  [0m] Started [0;1;39mDispatch Password ‚Ä¶ts to Console Directory Watch[0m.
[   24.019546] systemd[1]: Started Forward Password Requests to Wall Directory Watch.
[[0;32m  OK  [0m] Started [0;1;39mForward Password R‚Ä¶uests to Wall Directory Watch[0m.
[   24.035031] systemd[1]: Set up automount Arbitrary Executable File Formats File System Automount Point.
[[0;32m  OK  [0m] Set up automount [0;1;39mArbitrary‚Ä¶s File System Automount Point[0m.
[   24.044625] systemd[1]: Reached target Local Encrypted Volumes.
[[0;32m  OK  [0m] Reached target [0;1;39mLocal Encrypted Volumes[0m.
[   24.053447] systemd[1]: Reached target Paths.
[[0;32m  OK  [0m] Reached target [0;1;39mPaths[0m.
[   24.060110] systemd[1]: Reached target Remote File Systems.
[[0;32m  OK  [0m] Reached target [0;1;39mRemote File Systems[0m.
[   24.068500] systemd[1]: Reached target Slices.
[[0;32m  OK  [0m] Reached target [0;1;39mSlices[0m.
[   24.074885] systemd[1]: Reached target Swap.
[[0;32m  OK  [0m] Reached target [0;1;39mSwap[0m.
[   24.110708] systemd[1]: Listening on Syslog Socket.
[[0;32m  OK  [0m] Listening on [0;1;39mSyslog Socket[0m.
[   24.120170] systemd[1]: Listening on initctl Compatibility Named Pipe.
[[0;32m  OK  [0m] Listening on [0;1;39minitctl Compatibility Named Pipe[0m.
[   24.133680] systemd[1]: Listening on Journal Audit Socket.
[[0;32m  OK  [0m] Listening on [0;1;39mJournal Audit Socket[0m.
[   24.150770] systemd[1]: Listening on Journal Socket (/dev/log).
[[0;32m  OK  [0m] Listening on [0;1;39mJournal Socket (/dev/log)[0m.
[   24.169463] systemd[1]: Listening on Journal Socket.
[[0;32m  OK  [0m] Listening on [0;1;39mJournal Socket[0m.
[   24.188741] systemd[1]: Listening on udev Control Socket.
[[0;32m  OK  [0m] Listening on [0;1;39mudev Control Socket[0m.
[   24.198794] systemd[1]: Listening on udev Kernel Socket.
[[0;32m  OK  [0m] Listening on [0;1;39mudev Kernel Socket[0m.
[   24.204710] systemd[1]: Reached target Sockets.
[[0;32m  OK  [0m] Reached target [0;1;39mSockets[0m.
[   24.246178] systemd[1]: Mounting Huge Pages File System...
         Mounting [0;1;39mHuge Pages File System[0m...
[   24.296592] systemd[1]: Mounting POSIX Message Queue File System...
         Mounting [0;1;39mPOSIX Message Queue File System[0m...
[   24.360967] systemd[1]: Mounting /proc/sys/fs/binfmt_misc...
         Mounting [0;1;39m/proc/sys/fs/binfmt_misc[0m...
[   24.425613] systemd[1]: Mounting /sys/kernel/config...
         Mounting [0;1;39m/sys/kernel/config[0m...
[   24.475060] systemd[1]: Mounting /sys/kernel/debug...
         Mounting [0;1;39m/sys/kernel/debug[0m...
[   24.530647] systemd[1]: Mounting Kernel Trace File System...
         Mounting [0;1;39mKernel Trace File System[0m...
[   24.541538] systemd[1]: Condition check resulted in Create list of static device nodes for the current kernel being skipped.
[   24.604125] systemd[1]: Starting Load Kernel Module fuse...
         Starting [0;1;39mLoad Kernel Module fuse[0m...
[   24.652097] audit: type=1400 audit(1767752351.894:3): avc:  denied  { read } for  pid=134 comm="modprobe" name="modules.softdep" dev="sda" ino=9714092 scontext=system_u:system_r:kmod_t:s0 tcontext=system_u:object_r:unlabeled_t:s0 tclass=file permissive=1
[   24.652779] systemd[1]: Starting Journal Service...
[   24.665531] audit: type=1400 audit(1767752351.895:4): avc:  denied  { open } for  pid=134 comm="modprobe" path="/usr/lib/modules/6.18.0/modules.softdep" dev="sda" ino=9714092 scontext=system_u:system_r:kmod_t:s0 tcontext=system_u:object_r:unlabeled_t:s0 tclass=file permissive=1
[   24.678339] audit: type=1400 audit(1767752351.896:5): avc:  denied  { getattr } for  pid=134 comm="modprobe" path="/usr/lib/modules/6.18.0/modules.softdep" dev="sda" ino=9714092 scontext=system_u:system_r:kmod_t:s0 tcontext=system_u:object_r:unlabeled_t:s0 tclass=file permissive=1
[   24.691307] audit: type=1400 audit(1767752351.896:6): avc:  denied  { map } for  pid=134 comm="modprobe" path="/usr/lib/modules/6.18.0/modules.dep.bin" dev="sda" ino=9714089 scontext=system_u:system_r:kmod_t:s0 tcontext=system_u:object_r:unlabeled_t:s0 tclass=file permissive=1
         Starting [0;1;39mJournal Service[0m...
[   24.763140] systemd[1]: Starting Load Kernel Modules...
         Starting [0;1;39mLoad Kernel Modules[0m...
[   24.811811] systemd[1]: Starting Remount Root and Kernel File Systems...
         Starting [0;1;39mRemount Root and Kernel File Systems[0m...
[   24.875063] systemd[1]: Starting Coldplug All udev Devices...
         Starting [0;1;39mColdplug All udev Devices[0m...
[   24.883440] audit: type=1400 audit(1767752352.122:7): avc:  denied  { search } for  pid=136 comm="systemd-modules" name="6.18.0" dev="sda" ino=9712356 scontext=system_u:system_r:systemd_modules_load_t:s0 tcontext=system_u:object_r:unlabeled_t:s0 tclass=dir permissive=1
[   24.925866] audit: type=1400 audit(1767752352.122:8): avc:  denied  { read } for  pid=136 comm="systemd-modules" name="modules.softdep" dev="sda" ino=9714092 scontext=system_u:system_r:systemd_modules_load_t:s0 tcontext=system_u:object_r:unlabeled_t:s0 tclass=file permissive=1
[   24.929421] systemd[1]: Mounted Huge Pages File System.
[   24.942540] audit: type=1400 audit(1767752352.122:9): avc:  denied  { open } for  pid=136 comm="systemd-modules" path="/usr/lib/modules/6.18.0/modules.softdep" dev="sda" ino=9714092 scontext=system_u:system_r:systemd_modules_load_t:s0 tcontext=system_u:object_r:unlabeled_t:s0 tclass=file permissive=1
[[0;32m  OK  [0m] Mounted [0;1;39mHuge Pages File System[0m.
[   24.964980] systemd[1]: Mounted POSIX Message Queue File System.
[   24.967448] audit: type=1400 audit(1767752352.142:10): avc:  denied  { getattr } for  pid=136 comm="systemd-modules" path="/usr/lib/modules/6.18.0/modules.softdep" dev="sda" ino=9714092 scontext=system_u:system_r:systemd_modules_load_t:s0 tcontext=system_u:object_r:unlabeled_t:s0 tclass=file permissive=1
[   24.989012] audit: type=1400 audit(1767752352.142:11): avc:  denied  { map } for  pid=136 comm="systemd-modules" path="/usr/lib/modules/6.18.0/modules.dep.bin" dev="sda" ino=9714089 scontext=system_u:system_r:systemd_modules_load_t:s0 tcontext=system_u:object_r:unlabeled_t:s0 tclass=file permissive=1
[[0;32m  OK  [0m] Mounted [0;1;39mPOSIX Message Queue File System[0m.
[   25.035043] systemd[1]: Mounted /proc/sys/fs/binfmt_misc.
[[0;32m  OK  [0m] Mounted [0;1;39m/proc/sys/fs/binfmt_misc[0m.
[   25.060393] systemd[1]: Mounted /sys/kernel/config.
[[0;32m  OK  [0m] Mounted [0;1;39m/sys/kernel/config[0m.[   25.068368] EXT4-fs (sda): re-mounted 7aa2f14d-7352-4fb8-97c6-28d78a5d37aa r/w.

[   25.132657] systemd[1]: Mounted /sys/kernel/debug.
[[0;32m  OK  [0m] Mounted [0;1;39m/sys/kernel/debug[0m.
[   25.160372] systemd[1]: Mounted Kernel Trace File System.
[[0;32m  OK  [0m] Mounted [0;1;39mKernel Trace File System[0m.
[   25.201063] systemd[1]: modprobe@fuse.service: Succeeded.
[   25.239198] systemd[1]: Finished Load Kernel Module fuse.
[[0;32m  OK  [0m] Finished [0;1;39mLoad Kernel Module fuse[0m.
[   25.289570] systemd[1]: Finished Load Kernel Modules.
[[0;32m  OK  [0m] Finished [0;1;39mLoad Kernel Modules[0m.
[   25.344587] systemd[1]: Finished Remount Root and Kernel File Systems.
[[0;32m  OK  [0m] Finished [0;1;39mRemount Root and Kernel File Systems[0m.
[   25.360011] systemd[1]: Condition check resulted in FUSE Control File System being skipped.
[   25.383467] systemd[1]: Condition check resulted in Set Up Additional Binary Formats being skipped.
[   25.406520] systemd[1]: Condition check resulted in Rebuild Hardware Database being skipped.
[   25.422993] systemd[1]: Condition check resulted in Platform Persistent Storage Archival being skipped.
[   25.492660] systemd[1]: Starting Load/Save Random Seed...
         Starting [0;1;39mLoad/Save Random Seed[0m...
[   25.625463] systemd[1]: Starting Apply Kernel Variables...
         Starting [0;1;39mApply Kernel Variables[0m...
[   25.749840] systemd[1]: Starting Create System Users...
         Starting [0;1;39mCreate System Users[0m...
[   25.766752] systemd[1]: Started Journal Service.
[[0;32m  OK  [0m] Started [0;1;39mJournal Service[0m.
[[0;32m  OK  [0m] Finished [0;1;39mLoad/Save Random Seed[0m.
         Starting [0;1;39mFlush Journal to Persistent Storage[0m...
[[0;32m  OK  [0m] Finished [0;1;39mApply Kernel Variables[0m.
[   26.075081] systemd-journald[135]: Received client request to flush runtime journal.
[   26.264784] systemd-sysuser (145) used greatest stack depth: 25144 bytes left
[[0;32m  OK  [0m] Finished [0;1;39mCreate System Users[0m.
         Starting [0;1;39mCreate Static Device Nodes in /dev[0m...
[[0;32m  OK  [0m] Finished [0;1;39mCreate Static Device Nodes in /dev[0m.
[[0;32m  OK  [0m] Reached target [0;1;39mLocal File Systems (Pre)[0m.
[[0;32m  OK  [0m] Reached target [0;1;39mLocal File Systems[0m.
         Starting [0;1;39mRule-based Manage‚Ä¶for Device Events and Files[0m...
[   27.305562] udevadm (138) used greatest stack depth: 24856 bytes left
[   27.477096] audit: type=1400 audit(1767752354.720:12): avc:  denied  { read } for  pid=150 comm="systemd-udevd" name="modules.softdep" dev="sda" ino=9714092 scontext=system_u:system_r:udev_t:s0-s0:c0.c1023 tcontext=system_u:object_r:unlabeled_t:s0 tclass=file permissive=1
[   27.489529] audit: type=1400 audit(1767752354.720:13): avc:  denied  { open } for  pid=150 comm="systemd-udevd" path="/usr/lib/modules/6.18.0/modules.softdep" dev="sda" ino=9714092 scontext=system_u:system_r:udev_t:s0-s0:c0.c1023 tcontext=system_u:object_r:unlabeled_t:s0 tclass=file permissive=1
[   27.504021] audit: type=1400 audit(1767752354.721:14): avc:  denied  { getattr } for  pid=150 comm="systemd-udevd" path="/usr/lib/modules/6.18.0/modules.softdep" dev="sda" ino=9714092 scontext=system_u:system_r:udev_t:s0-s0:c0.c1023 tcontext=system_u:object_r:unlabeled_t:s0 tclass=file permissive=1
[   27.520142] audit: type=1400 audit(1767752354.722:15): avc:  denied  { map } for  pid=150 comm="systemd-udevd" path="/usr/lib/modules/6.18.0/modules.dep.bin" dev="sda" ino=9714089 scontext=system_u:system_r:udev_t:s0-s0:c0.c1023 tcontext=system_u:object_r:unlabeled_t:s0 tclass=file permissive=1
[[0;32m  OK  [0m] Finished [0;1;39mFlush Journal to Persistent Storage[0m.
[[0;32m  OK  [0m] Started [0;1;39mRule-based Manager for Device Events and Files[0m.
         Starting [0;1;39mCreate Volatile Files and Directories[0m...
[[0;32m  OK  [0m] Finished [0;1;39mCreate Volatile Files and Directories[0m.
         Starting [0;1;39mUpdate UTMP about System Boot/Shutdown[0m...
[[0;32m  OK  [0m] Finished [0;1;39mUpdate UTMP about System Boot/Shutdown[0m.
[   30.629932] audit: type=1400 audit(1767752357.868:16): avc:  denied  { module_load } for  pid=153 comm="systemd-udevd" path="/usr/lib/modules/6.18.0/kernel/drivers/ata/pata_acpi.ko" dev="sda" ino=9712425 scontext=system_u:system_r:udev_t:s0-s0:c0.c1023 tcontext=system_u:object_r:unlabeled_t:s0 tclass=system permissive=1
[   30.951084] piix4_smbus 0000:00:01.3: SMBus Host Controller at 0x700, revision 0
[[0;32m  OK  [0m] Found device [0;1;39m/dev/ttyS0[0m.
[   31.124535] i2c i2c-0: Memory type 0x07 not supported yet, not instantiating SPD
[[0;32m  OK  [0m] Listening on [0;1;39mLoad/Save RF ‚Ä¶itch Status /dev/rfkill Watch[0m.
[   31.402497] audit: type=1400 audit(1767752358.643:17): avc:  denied  { create } for  pid=182 comm="ifquery" name="network" scontext=system_u:system_r:udev_t:s0-s0:c0.c1023 tcontext=system_u:object_r:var_run_t:s0 tclass=dir permissive=1
[[0;32m  OK  [0m] Finished [0;1;39mColdplug All udev Devices[0m.
[[0;32m  OK  [0m] Reached target [0;1;39mSystem Initialization[0m.
[[0;32m  OK  [0m] Started [0;1;39mDaily apt download activiti[   31.756868] cx18:  Start initialization, version 1.5.1
es[0m.
[[0;32m  OK  [0m] Started [0;1;39mDaily apt upgrade and clean activities[0m.
[   31.794204] cx18-0: Initializing card 0
[   31.797220] cx18-0: Unknown card: vendor/device: [14f1:5b7a]
[   31.800691] cx18-0:               subsystem vendor/device: [1af4:1100]
[   31.805109] cx18-0: Defaulting to Hauppauge HVR-1600 card
[   31.809467] cx18-0: Please mail the vendor/device and subsystem vendor/device IDs and what kind of
[   31.816805] cx18-0: card you have to the linux-media mailinglist (www.linuxtv.org)
[   31.822988] cx18-0: Prefix your subject line with [UNKNOWN CX18 CARD].
[[0;32m  OK  [0m] Started [0;1;39mPeriodic ext4 Onli‚Ä¶ata Check for All Filesystems[0m.
[[0;32m  OK  [0m] Started [0;1;39mDiscard unused blocks once a week[0m.
[[0;32m  OK  [0m] Started [0;1;39mDaily rotation of log files[0m.
[[0;32m  OK  [0m] Started [0;1;39mDaily Cleanup of Temporary Directories[0m.
[[0;32m  OK  [0m] Reached target [0;1;39mBasic System[0m.
[[0;32m  OK  [0m] Reached target [0;1;39mTimers[0m.
[[0;32m  OK  [0m] Started [0;1;39mRegular background program processing daemon[0m.
         Starting [0;1;39mRemove Stale Onli‚Ä¶t4 Metadata Check Snapshots[0m...
         Starting [0;1;39mgetty on tty2-tty‚Ä¶nd logind are not available[0m...
[   32.506559] ACPI: bus type drm_connector registered
         Starting [0;1;39mHelper to synchronize boot up for ifupdown[0m...
         Starting [0;1;39mSystem Logging Service[0m...
[   32.828782] bochs-drm 0000:00:02.0: vgaarb: deactivate vga console
[   32.978440] Console: switching to colour dummy device 80x25
         Starting [0;1;39mRotate log files[0m...[   32.992984] [drm] Found bochs VGA, ID 0xb0c5.
[   32.995272] [drm] Framebuffer size 16384 kB @ 0xfd000000, mmio @ 0xfc070000.

[   33.016477] [drm] Initialized bochs-drm 1.0.0 for 0000:00:02.0 on minor 0
[[0;32m  OK  [0m] Started [0;1;39mSystem Logging Service[0m.
[[0;32m  OK  [0m] Finished [0;1;39mgetty on tty2-tty‚Ä¶ and logind are not available[0m.
[   33.375056] e2scrub_all (194) used greatest stack depth: 24760 bytes left
[[0;32m  OK  [0m] Finished [0;1;39mRemove Stale Onli‚Ä¶ext4 Metadata Check Snapshots[0m.
[[0;32m  OK  [0m] Finished [0;1;39mRotate log files[0m.
[   35.773511] audit: type=1400 audit(1767752363.016:18): avc:  denied  { getattr } for  pid=150 comm="systemd-udevd" path="/usr/lib/modules/6.18.0/modules.dep.bin" dev="sda" ino=9714089 scontext=system_u:system_r:udev_t:s0-s0:c0.c1023 tcontext=system_u:object_r:unlabeled_t:s0 tclass=file permissive=1
[[0m[0;31m*     [0m] A start job is running for Helper t‚Ä¶ot up for ifupdown (13s / 3min 8s)
M[K[[0;1;31m*[0m[0;31m*    [0m] A start job is running for Helper t‚Ä¶ot up for ifupdown (13s / 3min 8s)
M[K[[0;31m*[0;1;31m*[0m[0;31m*   [0m] A start job is running for Helper t‚Ä¶ot up for ifupdown (14s / 3min 8s)
M[K[ [0;31m*[0;1;31m*[0m[0;31m*  [0m] A start job is running for Helper t‚Ä¶ot up for ifupdown (14s / 3min 8s)
M[K[  [0;31m*[0;1;31m*[0m[0;31m* [0m] A start job is running for Helper t‚Ä¶ot up for ifupdown (15s / 3min 8s)
M[K[   [0;31m*[0;1;31m*[0m[0;31m*[0m] A start job is running for Helper t‚Ä¶ot up for ifupdown (15s / 3min 8s)
M[K[    [0;31m*[0;1;31m*[0m] A start job is running for Helper t‚Ä¶ot up for ifupdown (16s / 3min 8s)
M[K[     [0;31m*[0m] A start job is running for Helper t‚Ä¶ot up for ifupdown (16s / 3min 8s)
M[K[    [0;31m*[0;1;31m*[0m] A start job is running for Helper t‚Ä¶ot up for ifupdown (17s / 3min 8s)
M[K[   [0;31m*[0;1;31m*[0m[0;31m*[0m] A start job is running for Helper t‚Ä¶ot up for ifupdown (17s / 3min 8s)
M[K[  [0;31m*[0;1;31m*[0m[0;31m* [0m] A start job is running for Helper t‚Ä¶ot up for ifupdown (18s / 3min 8s)
M[K[ [0;31m*[0;1;31m*[0m[0;31m*  [0m] A start job is running for Helper t‚Ä¶ot up for ifupdown (18s / 3min 8s)
M[K[[0;31m*[0;1;31m*[0m[0;31m*   [0m] A start job is running for Helper t‚Ä¶ot up for ifupdown (19s / 3min 8s)
M[K         Starting [0;1;39mOnline ext4 Metad‚Ä¶a Check for All Filesystems[0m...
[K[[0;32m  OK  [0m] Finished [0;1;39mOnline ext4 Metadata Check for All Filesystems[0m.
[[0;1;31m*[0m[0;31m*    [0m] A start job is running for Helper t‚Ä¶ot up for ifupdown (21s / 3min 8s)
M[K[[0m[0;31m*     [0m] A start job is running for Helper t‚Ä¶ot up for ifupdown (21s / 3min 8s)
M[K[[0;1;31m*[0m[0;31m*    [0m] A start job is running for Helper t‚Ä¶ot up for ifupdown (22s / 3min 8s)
M[K[[0;31m*[0;1;31m*[0m[0;31m*   [0m] A start job is running for Helper t‚Ä¶ot up for ifupdown (22s / 3min 8s)
M[K[ [0;31m*[0;1;31m*[0m[0;31m*  [0m] A start job is running for Helper t‚Ä¶ot up for ifupdown (23s / 3min 8s)
M[K[  [0;31m*[0;1;31m*[0m[0;31m* [0m] A start job is running for Helper t‚Ä¶ot up for ifupdown (23s / 3min 8s)
M[K[   [0;31m*[0;1;31m*[0m[0;31m*[0m] A start job is running for Helper t‚Ä¶ot up for ifupdown (24s / 3min 8s)
M[K[    [0;31m*[0;1;31m*[0m] A start job is running for Helper t‚Ä¶ot up for ifupdown (24s / 3min 8s)
M[K[     [0;31m*[0m] A start job is running for Helper t‚Ä¶ot up for ifupdown (25s / 3min 8s)
M[K[    [0;31m*[0;1;31m*[0m] A start job is running for Helper t‚Ä¶ot up for ifupdown (25s / 3min 8s)
M[K[   [0;31m*[0;1;31m*[0m[0;31m*[0m] A start job is running for Helper t‚Ä¶ot up for ifupdown (26s / 3min 8s)
M[K[  [0;31m*[0;1;31m*[0m[0;31m* [0m] A start job is running for Helper t‚Ä¶ot up for ifupdown (26s / 3min 8s)
M[K[ [0;31m*[0;1;31m*[0m[0;31m*  [0m] A start job is running for Helper t‚Ä¶ot up for ifupdown (27s / 3min 8s)
M[K[[0;31m*[0;1;31m*[0m[0;31m*   [0m] A start job is running for Helper t‚Ä¶ot up for ifupdown (27s / 3min 8s)
M[K[[0;1;31m*[0m[0;31m*    [0m] A start job is running for Helper t‚Ä¶ot up for ifupdown (28s / 3min 8s)
M[K[[0m[0;31m*     [0m] A start job is running for Helper t‚Ä¶ot up for ifupdown (28s / 3min 8s)
M[K[[0;1;31m*[0m[0;31m*    [0m] A start job is running for Helper t‚Ä¶ot up for ifupdown (29s / 3min 8s)
M[K[[0;31m*[0;1;31m*[0m[0;31m*   [0m] A start job is running for Helper t‚Ä¶ot up for ifupdown (29s / 3min 8s)
M[K[ [0;31m*[0;1;31m*[0m[0;31m*  [0m] A start job is running for Helper t‚Ä¶ot up for ifupdown (30s / 3min 8s)
M[K[  [0;31m*[0;1;31m*[0m[0;31m* [0m] A start job is running for Helper t‚Ä¶ot up for ifupdown (30s / 3min 8s)
M[K[   [0;31m*[0;1;31m*[0m[0;31m*[0m] A start job is running for Helper t‚Ä¶ot up for ifupdown (31s / 3min 8s)
[   55.516772] ACPI: \_SB_.LNKA: Enabled at IRQ 11
[   55.520831] cx18-0: Unreasonably low latency timer, setting to 64 (was 0)
[   55.524098] cx18-0: cx23418 revision 00000000 (Unknown)
[   55.539902] ACPI: \_SB_.LNKC: Enabled at IRQ 11
M[K[    [0;31m*[0;1;31m*[0m] A start job is running for Helper t‚Ä¶ot up for ifupdown (31s / 3min 8s)
M[K[     [0;31m*[0m] A start job is running for Helper t‚Ä¶ot up for ifupdown (32s / 3min 8s)
M[K[    [0;31m*[0;1;31m*[0m] A start job is running for Helper t‚Ä¶ot up for ifupdown (32s / 3min 8s)
M[K[   [0;31m*[0;1;31m*[0m[0;31m*[0m] A start job is running for Helper t‚Ä¶ot up for ifupdown (33s / 3min 8s)
M[K[  [0;31m*[0;1;31m*[0m[0;31m* [0m] A start job is running for Helper t‚Ä¶ot up for ifupdown (33s / 3min 8s)
M[K[ [0;31m*[0;1;31m*[0m[0;31m*  [0m] A start job is running for Helper t‚Ä¶ot up for ifupdown (34s / 3min 8s)
M[K[[0;31m*[0;1;31m*[0m[0;31m*   [0m] A start job is running for Helper t‚Ä¶ot up for ifupdown (34s / 3min 8s)
M[K[[0;1;31m*[0m[0;31m*    [0m] A start job is running for Helper t‚Ä¶ot up for ifupdown (35s / 3min 8s)
M[K[[0m[0;31m*     [0m] A start job is running for Helper t‚Ä¶ot up for ifupdown (35s / 3min 8s)
M[K[[0;1;31m*[0m[0;31m*    [0m] A start job is running for Helper t‚Ä¶ot up for ifupdown (36s / 3min 8s)
M[K[[0;31m*[0;1;31m*[0m[0;31m*   [0m] A start job is running for Helper t‚Ä¶ot up for ifupdown (36s / 3min 8s)
M[K[ [0;31m*[0;1;31m*[0m[0;31m*  [0m] A start job is running for Helper t‚Ä¶ot up for ifupdown (37s / 3min 8s)
M[K[  [0;31m*[0;1;31m*[0m[0;31m* [0m] A start job is running for Helper t‚Ä¶ot up for ifupdown (37s / 3min 8s)
M[K[   [0;31m*[0;1;31m*[0m[0;31m*[0m] A start job is running for Helper t‚Ä¶ot up for ifupdown (38s / 3min 8s)
M[K[    [0;31m*[0;1;31m*[0m] A start job is running for Helper t‚Ä¶ot up for ifupdown (38s / 3min 8s)
M[K[     [0;31m*[0m] A start job is running for Helper t‚Ä¶ot up for ifupdown (39s / 3min 8s)
M[K[    [0;31m*[0;1;31m*[0m] A start job is running for Helper t‚Ä¶ot up for ifupdown (39s / 3min 8s)
M[K[   [0;31m*[0;1;31m*[0m[0;31m*[0m] A start job is running for Helper t‚Ä¶ot up for ifupdown (40s / 3min 8s)
M[K[  [0;31m*[0;1;31m*[0m[0;31m* [0m] A start job is running for Helper t‚Ä¶ot up for ifupdown (40s / 3min 8s)
M[K[ [0;31m*[0;1;31m*[0m[0;31m*  [0m] A start job is running for Helper t‚Ä¶ot up for ifupdown (41s / 3min 8s)
M[K[[0;31m*[0;1;31m*[0m[0;31m*   [0m] A start job is running for Helper t‚Ä¶ot up for ifupdown (41s / 3min 8s)
M[K[[0;1;31m*[0m[0;31m*    [0m] A start job is running for Helper t‚Ä¶ot up for ifupdown (42s / 3min 8s)
M[K[[0m[0;31m*     [0m] A start job is running for Helper t‚Ä¶ot up for ifupdown (42s / 3min 8s)
M[K[[0;1;31m*[0m[0;31m*    [0m] A start job is running for Helper t‚Ä¶ot up for ifupdown (43s / 3min 8s)
[   67.433239] ACPI: \_SB_.LNKD: Enabled at IRQ 10
M[K[[0;31m*[0;1;31m*[0m[0;31m*   [0m] A start job is running for Helper t‚Ä¶ot up for ifupdown (43s / 3min 8s)
M[K[ [0;31m*[0;1;31m*[0m[0;31m*  [0m] A start job is running for Helper t‚Ä¶ot up for ifupdown (44s / 3min 8s)
M[K[  [0;31m*[0;1;31m*[0m[0;31m* [0m] A start job is running for Helper t‚Ä¶ot up for ifupdown (44s / 3min 8s)
M[K[   [0;31m*[0;1;31m*[0m[0;31m*[0m] A start job is running for Helper t‚Ä¶ot up for ifupdown (45s / 3min 8s)
M[K[    [0;31m*[0;1;31m*[0m] A start job is running for Helper t‚Ä¶ot up for ifupdown (45s / 3min 8s)
M[K[     [0;31m*[0m] A start job is running for Helper t‚Ä¶ot up for ifupdown (46s / 3min 8s)
M[K[    [0;31m*[0;1;31m*[0m] A start job is running for Helper t‚Ä¶ot up for ifupdown (46s / 3min 8s)
M[K[   [0;31m*[0;1;31m*[0m[0;31m*[0m] A start job is running for Helper t‚Ä¶ot up for ifupdown (47s / 3min 8s)
M[K[  [0;31m*[0;1;31m*[0m[0;31m* [0m] A start job is running for Helper t‚Ä¶ot up for ifupdown (47s / 3min 8s)
M[K[ [0;31m*[0;1;31m*[0m[0;31m*  [0m] A start job is running for Helper t‚Ä¶ot up for ifupdown (48s / 3min 8s)
M[K[[0;31m*[0;1;31m*[0m[0;31m*   [0m] A start job is running for Helper t‚Ä¶ot up for ifupdown (48s / 3min 8s)
M[K[[0;1;31m*[0m[0;31m*    [0m] A start job is running for Helper t‚Ä¶ot up for ifupdown (49s / 3min 8s)
M[K[[0m[0;31m*     [0m] A start job is running for Helper t‚Ä¶ot up for ifupdown (49s / 3min 8s)
M[K[[0;1;31m*[0m[0;31m*    [0m] A start job is running for Helper t‚Ä¶ot up for ifupdown (50s / 3min 8s)
M[K[[0;31m*[0;1;31m*[0m[0;31m*   [0m] A start job is running for Helper t‚Ä¶ot up for ifupdown (50s / 3min 8s)
M[K[ [0;31m*[0;1;31m*[0m[0;31m*  [0m] A start job is running for Helper t‚Ä¶ot up for ifupdown (51s / 3min 8s)
M[K[  [0;31m*[0;1;31m*[0m[0;31m* [0m] A start job is running for Helper t‚Ä¶ot up for ifupdown (51s / 3min 8s)
M[K[   [0;31m*[0;1;31m*[0m[0;31m*[0m] A start job is running for Helper t‚Ä¶ot up for ifupdown (52s / 3min 8s)
M[K[    [0;31m*[0;1;31m*[0m] A start job is running for Helper t‚Ä¶ot up for ifupdown (52s / 3min 8s)
M[K[     [0;31m*[0m] A start job is running for Helper t‚Ä¶ot up for ifupdown (53s / 3min 8s)
M[K[    [0;31m*[0;1;31m*[0m] A start job is running for Helper t‚Ä¶ot up for ifupdown (53s / 3min 8s)
M[K[   [0;31m*[0;1;31m*[0m[0;31m*[0m] A start job is running for Helper t‚Ä¶ot up for ifupdown (54s / 3min 8s)
M[K[  [0;31m*[0;1;31m*[0m[0;31m* [0m] A start job is running for Helper t‚Ä¶ot up for ifupdown (54s / 3min 8s)
M[K[ [0;31m*[0;1;31m*[0m[0;31m*  [0m] A start job is running for Helper t‚Ä¶ot up for ifupdown (55s / 3min 8s)
M[K[[0;31m*[0;1;31m*[0m[0;31m*   [0m] A start job is running for Helper t‚Ä¶ot up for ifupdown (55s / 3min 8s)
M[K[[0;1;31m*[0m[0;31m*    [0m] A start job is running for Helper t‚Ä¶ot up for ifupdown (56s / 3min 8s)
M[K[[0m[0;31m*     [0m] A start job is running for Helper t‚Ä¶ot up for ifupdown (56s / 3min 8s)
M[K[[0;1;31m*[0m[0;31m*    [0m] A start job is running for Helper t‚Ä¶ot up for ifupdown (57s / 3min 8s)
M[K[[0;31m*[0;1;31m*[0m[0;31m*   [0m] A start job is running for Helper t‚Ä¶ot up for ifupdown (57s / 3min 8s)
M[K[ [0;31m*[0;1;31m*[0m[0;31m*  [0m] A start job is running for Helper t‚Ä¶ot up for ifupdown (58s / 3min 8s)
M[K[  [0;31m*[0;1;31m*[0m[0;31m* [0m] A start job is running for Helper t‚Ä¶ot up for ifupdown (58s / 3min 8s)
M[K[   [0;31m*[0;1;31m*[0m[0;31m*[0m] A start job is running for Helper t‚Ä¶ot up for ifupdown (59s / 3min 8s)
[   83.391217] tveeprom: Huh, no eeprom present (err=-6)?
[   83.393309] cx18-0: Invalid EEPROM
[   83.395078] cx18-0: Simultaneous Digital and Analog TV capture supported
M[K[    [0;31m*[0;1;31m*[0m] A start job is running for Helper t‚Ä¶ot up for ifupdown (59s / 3min 8s)
M[K[     [0;31m*[0m] A start job is running for Helper t‚Ä¶t up for ifupdown (1min / 3min 8s)
[   84.772415] audit: type=1400 audit(1767752412.015:19): avc:  denied  { read } for  pid=218 comm="modprobe" name="modules.softdep" dev="sda" ino=9714092 scontext=system_u:system_r:kmod_t:s0 tcontext=system_u:object_r:unlabeled_t:s0 tclass=file permissive=1
[   84.785229] audit: type=1400 audit(1767752412.015:20): avc:  denied  { open } for  pid=218 comm="modprobe" path="/usr/lib/modules/6.18.0/modules.softdep" dev="sda" ino=9714092 scontext=system_u:system_r:kmod_t:s0 tcontext=system_u:object_r:unlabeled_t:s0 tclass=file permissive=1
[   84.798490] audit: type=1400 audit(1767752412.016:21): avc:  denied  { getattr } for  pid=218 comm="modprobe" path="/usr/lib/modules/6.18.0/modules.softdep" dev="sda" ino=9714092 scontext=system_u:system_r:kmod_t:s0 tcontext=system_u:object_r:unlabeled_t:s0 tclass=file permissive=1
[   84.810130] audit: type=1400 audit(1767752412.016:22): avc:  denied  { map } for  pid=218 comm="modprobe" path="/usr/lib/modules/6.18.0/modules.dep.bin" dev="sda" ino=9714089 scontext=system_u:system_r:kmod_t:s0 tcontext=system_u:object_r:unlabeled_t:s0 tclass=file permissive=1
M[K[    [0;31m*[0;1;31m*[0m] A start job is running for Helper t‚Ä¶t up for ifupdown (1min / 3min 8s)
M[K[   [0;31m*[0;1;31m*[0m[0;31m*[0m] A start job is running for Helper t‚Ä¶p for ifupdown (1min 1s / 3min 8s)
M[K[  [0;31m*[0;1;31m*[0m[0;31m* [0m] A start job is running for Helper t‚Ä¶p for ifupdown (1min 1s / 3min 8s)
M[K[ [0;31m*[0;1;31m*[0m[0;31m*  [0m] A start job is running for Helper t‚Ä¶p for ifupdown (1min 2s / 3min 8s)
M[K[[0;31m*[0;1;31m*[0m[0;31m*   [0m] A start job is running for Helper t‚Ä¶p for ifupdown (1min 2s / 3min 8s)
M[K[[0;1;31m*[0m[0;31m*    [0m] A start job is running for Helper t‚Ä¶p for ifupdown (1min 3s / 3min 8s)
M[K[[0m[0;31m*     [0m] A start job is running for Helper t‚Ä¶p for ifupdown (1min 3s / 3min 8s)
M[K[[0;1;31m*[0m[0;31m*    [0m] A start job is running for Helper t‚Ä¶p for ifupdown (1min 4s / 3min 8s)
M[K[[0;31m*[0;1;31m*[0m[0;31m*   [0m] A start job is running for Helper t‚Ä¶p for ifupdown (1min 4s / 3min 8s)
M[K[ [0;31m*[0;1;31m*[0m[0;31m*  [0m] A start job is running for Helper t‚Ä¶p for ifupdown (1min 5s / 3min 8s)
M[K[  [0;31m*[0;1;31m*[0m[0;31m* [0m] A start job is running for Helper t‚Ä¶p for ifupdown (1min 5s / 3min 8s)
M[K[   [0;31m*[0;1;31m*[0m[0;31m*[0m] A start job is running for Helper t‚Ä¶p for ifupdown (1min 6s / 3min 8s)
M[K[    [0;31m*[0;1;31m*[0m] A start job is running for Helper t‚Ä¶p for ifupdown (1min 6s / 3min 8s)
M[K[     [0;31m*[0m] A start job is running for Helper t‚Ä¶p for ifupdown (1min 7s / 3min 8s)
M[K[    [0;31m*[0;1;31m*[0m] A start job is running for Helper t‚Ä¶p for ifupdown (1min 7s / 3min 8s)
M[K[   [0;31m*[0;1;31m*[0m[0;31m*[0m] A start job is running for Helper t‚Ä¶p for ifupdown (1min 8s / 3min 8s)
M[K[  [0;31m*[0;1;31m*[0m[0;31m* [0m] A start job is running for Helper t‚Ä¶p for ifupdown (1min 8s / 3min 8s)
M[K[ [0;31m*[0;1;31m*[0m[0;31m*  [0m] A start job is running for Helper t‚Ä¶p for ifupdown (1min 9s / 3min 8s)
M[K[[0;31m*[0;1;31m*[0m[0;31m*   [0m] A start job is running for Helper t‚Ä¶p for ifupdown (1min 9s / 3min 8s)
M[K[[0;1;31m*[0m[0;31m*    [0m] A start job is running for Helper t‚Ä¶ for ifupdown (1min 10s / 3min 8s)
M[K[[0m[0;31m*     [0m] A start job is running for Helper t‚Ä¶ for ifupdown (1min 10s / 3min 8s)
M[K[[0;1;31m*[0m[0;31m*    [0m] A start job is running for Helper t‚Ä¶ for ifupdown (1min 11s / 3min 8s)
M[K[[0;31m*[0;1;31m*[0m[0;31m*   [0m] A start job is running for Helper t‚Ä¶ for ifupdown (1min 11s / 3min 8s)
M[K[ [0;31m*[0;1;31m*[0m[0;31m*  [0m] A start job is running for Helper t‚Ä¶ for ifupdown (1min 12s / 3min 8s)
M[K[  [0;31m*[0;1;31m*[0m[0;31m* [0m] A start job is running for Helper t‚Ä¶ for ifupdown (1min 12s / 3min 8s)
M[K[   [0;31m*[0;1;31m*[0m[0;31m*[0m] A start job is running for Helper t‚Ä¶ for ifupdown (1min 13s / 3min 8s)
M[K[    [0;31m*[0;1;31m*[0m] A start job is running for Helper t‚Ä¶ for ifupdown (1min 13s / 3min 8s)
M[K[     [0;31m*[0m] A start job is running for Helper t‚Ä¶ for ifupdown (1min 14s / 3min 8s)
M[K[    [0;31m*[0;1;31m*[0m] A start job is running for Helper t‚Ä¶ for ifupdown (1min 14s / 3min 8s)
M[K[   [0;31m*[0;1;31m*[0m[0;31m*[0m] A start job is running for Helper t‚Ä¶ for ifupdown (1min 15s / 3min 8s)
M[K[  [0;31m*[0;1;31m*[0m[0;31m* [0m] A start job is running for Helper t‚Ä¶ for ifupdown (1min 15s / 3min 8s)
M[K[ [0;31m*[0;1;31m*[0m[0;31m*  [0m] A start job is running for Helper t‚Ä¶ for ifupdown (1min 16s / 3min 8s)
M[K[[0;31m*[0;1;31m*[0m[0;31m*   [0m] A start job is running for Helper t‚Ä¶ for ifupdown (1min 16s / 3min 8s)
M[K[[0;1;31m*[0m[0;31m*    [0m] A start job is running for Helper t‚Ä¶ for ifupdown (1min 17s / 3min 8s)
M[K[[0m[0;31m*     [0m] A start job is running for Helper t‚Ä¶ for ifupdown (1min 17s / 3min 8s)
M[K[[0;1;31m*[0m[0;31m*    [0m] A start job is running for Helper t‚Ä¶ for ifupdown (1min 18s / 3min 8s)
M[K[[0;31m*[0;1;31m*[0m[0;31m*   [0m] A start job is running for Helper t‚Ä¶ for ifupdown (1min 18s / 3min 8s)
M[K[ [0;31m*[0;1;31m*[0m[0;31m*  [0m] A start job is running for Helper t‚Ä¶ for ifupdown (1min 19s / 3min 8s)
M[K[  [0;31m*[0;1;31m*[0m[0;31m* [0m] A start job is running for Helper t‚Ä¶ for ifupdown (1min 19s / 3min 8s)
M[K[   [0;31m*[0;1;31m*[0m[0;31m*[0m] A start job is running for Helper t‚Ä¶ for ifupdown (1min 20s / 3min 8s)
M[K[    [0;31m*[0;1;31m*[0m] A start job is running for Helper t‚Ä¶ for ifupdown (1min 20s / 3min 8s)
M[K[     [0;31m*[0m] A start job is running for Helper t‚Ä¶ for ifupdown (1min 21s / 3min 8s)
M[K[    [0;31m*[0;1;31m*[0m] A start job is running for Helper t‚Ä¶ for ifupdown (1min 21s / 3min 8s)
M[K[   [0;31m*[0;1;31m*[0m[0;31m*[0m] A start job is running for Helper t‚Ä¶ for ifupdown (1min 22s / 3min 8s)
M[K[  [0;31m*[0;1;31m*[0m[0;31m* [0m] A start job is running for Helper t‚Ä¶ for ifupdown (1min 22s / 3min 8s)
M[K[ [0;31m*[0;1;31m*[0m[0;31m*  [0m] A start job is running for Helper t‚Ä¶ for ifupdown (1min 23s / 3min 8s)
M[K[[0;31m*[0;1;31m*[0m[0;31m*   [0m] A start job is running for Helper t‚Ä¶ for ifupdown (1min 23s / 3min 8s)
M[K[[0;1;31m*[0m[0;31m*    [0m] A start job is running for Helper t‚Ä¶ for ifupdown (1min 24s / 3min 8s)
M[K[[0m[0;31m*     [0m] A start job is running for Helper t‚Ä¶ for ifupdown (1min 24s / 3min 8s)
M[K[[0;1;31m*[0m[0;31m*    [0m] A start job is running for Helper t‚Ä¶ for ifupdown (1min 25s / 3min 8s)
M[K[[0;31m*[0;1;31m*[0m[0;31m*   [0m] A start job is running for Helper t‚Ä¶ for ifupdown (1min 25s / 3min 8s)
M[K[ [0;31m*[0;1;31m*[0m[0;31m*  [0m] A start job is running for Helper t‚Ä¶ for ifupdown (1min 26s / 3min 8s)
M[K[  [0;31m*[0;1;31m*[0m[0;31m* [0m] A start job is running for Helper t‚Ä¶ for ifupdown (1min 26s / 3min 8s)
M[K[   [0;31m*[0;1;31m*[0m[0;31m*[0m] A start job is running for Helper t‚Ä¶ for ifupdown (1min 27s / 3min 8s)
M[K[    [0;31m*[0;1;31m*[0m] A start job is running for Helper t‚Ä¶ for ifupdown (1min 27s / 3min 8s)
M[K[     [0;31m*[0m] A start job is running for Helper t‚Ä¶ for ifupdown (1min 28s / 3min 8s)
M[K[    [0;31m*[0;1;31m*[0m] A start job is running for Helper t‚Ä¶ for ifupdown (1min 28s / 3min 8s)
M[K[   [0;31m*[0;1;31m*[0m[0;31m*[0m] A start job is running for Helper t‚Ä¶ for ifupdown (1min 29s / 3min 8s)
M[K[  [0;31m*[0;1;31m*[0m[0;31m* [0m] A start job is running for Helper t‚Ä¶ for ifupdown (1min 29s / 3min 8s)
M[K[ [0;31m*[0;1;31m*[0m[0;31m*  [0m] A start job is running for Helper t‚Ä¶ for ifupdown (1min 30s / 3min 8s)
M[K[[0;31m*[0;1;31m*[0m[0;31m*   [0m] A start job is running for Helper t‚Ä¶ for ifupdown (1min 30s / 3min 8s)
M[K[[0;1;31m*[0m[0;31m*    [0m] A start job is running for Helper t‚Ä¶ for ifupdown (1min 31s / 3min 8s)
M[K[[0m[0;31m*     [0m] A start job is running for Helper t‚Ä¶ for ifupdown (1min 31s / 3min 8s)
M[K[[0;1;31m*[0m[0;31m*    [0m] A start job is running for Helper t‚Ä¶ for ifupdown (1min 32s / 3min 8s)
M[K[[0;31m*[0;1;31m*[0m[0;31m*   [0m] A start job is running for Helper t‚Ä¶ for ifupdown (1min 32s / 3min 8s)
M[K[ [0;31m*[0;1;31m*[0m[0;31m*  [0m] A start job is running for Helper t‚Ä¶ for ifupdown (1min 33s / 3min 8s)
M[K[  [0;31m*[0;1;31m*[0m[0;31m* [0m] A start job is running for Helper t‚Ä¶ for ifupdown (1min 33s / 3min 8s)
M[K[   [0;31m*[0;1;31m*[0m[0;31m*[0m] A start job is running for Helper t‚Ä¶ for ifupdown (1min 34s / 3min 8s)
M[K[    [0;31m*[0;1;31m*[0m] A start job is running for Helper t‚Ä¶ for ifupdown (1min 34s / 3min 8s)
M[K[     [0;31m*[0m] A start job is running for Helper t‚Ä¶ for ifupdown (1min 35s / 3min 8s)
M[K[    [0;31m*[0;1;31m*[0m] A start job is running for Helper t‚Ä¶ for ifupdown (1min 35s / 3min 8s)
M[K[   [0;31m*[0;1;31m*[0m[0;31m*[0m] A start job is running for Helper t‚Ä¶ for ifupdown (1min 36s / 3min 8s)
M[K[  [0;31m*[0;1;31m*[0m[0;31m* [0m] A start job is running for Helper t‚Ä¶ for ifupdown (1min 36s / 3min 8s)
M[K[ [0;31m*[0;1;31m*[0m[0;31m*  [0m] A start job is running for Helper t‚Ä¶ for ifupdown (1min 37s / 3min 8s)
M[K[[0;31m*[0;1;31m*[0m[0;31m*   [0m] A start job is running for Helper t‚Ä¶ for ifupdown (1min 37s / 3min 8s)
M[K[[0;1;31m*[0m[0;31m*    [0m] A start job is running for Helper t‚Ä¶ for ifupdown (1min 38s / 3min 8s)
M[K[[0m[0;31m*     [0m] A start job is running for Helper t‚Ä¶ for ifupdown (1min 38s / 3min 8s)
M[K[[0;1;31m*[0m[0;31m*    [0m] A start job is running for Helper t‚Ä¶ for ifupdown (1min 39s / 3min 8s)
M[K[[0;31m*[0;1;31m*[0m[0;31m*   [0m] A start job is running for Helper t‚Ä¶ for ifupdown (1min 39s / 3min 8s)
M[K[ [0;31m*[0;1;31m*[0m[0;31m*  [0m] A start job is running for Helper t‚Ä¶ for ifupdown (1min 40s / 3min 8s)
M[K[  [0;31m*[0;1;31m*[0m[0;31m* [0m] A start job is running for Helper t‚Ä¶ for ifupdown (1min 40s / 3min 8s)
M[K[   [0;31m*[0;1;31m*[0m[0;31m*[0m] A start job is running for Helper t‚Ä¶ for ifupdown (1min 41s / 3min 8s)
M[K[    [0;31m*[0;1;31m*[0m] A start job is running for Helper t‚Ä¶ for ifupdown (1min 41s / 3min 8s)
M[K[     [0;31m*[0m] A start job is running for Helper t‚Ä¶ for ifupdown (1min 42s / 3min 8s)
M[K[    [0;31m*[0;1;31m*[0m] A start job is running for Helper t‚Ä¶ for ifupdown (1min 42s / 3min 8s)
M[K[   [0;31m*[0;1;31m*[0m[0;31m*[0m] A start job is running for Helper t‚Ä¶ for ifupdown (1min 43s / 3min 8s)
M[K[  [0;31m*[0;1;31m*[0m[0;31m* [0m] A start job is running for Helper t‚Ä¶ for ifupdown (1min 43s / 3min 8s)
M[K[ [0;31m*[0;1;31m*[0m[0;31m*  [0m] A start job is running for Helper t‚Ä¶ for ifupdown (1min 44s / 3min 8s)
M[K[[0;31m*[0;1;31m*[0m[0;31m*   [0m] A start job is running for Helper t‚Ä¶ for ifupdown (1min 44s / 3min 8s)
M[K[[0;1;31m*[0m[0;31m*    [0m] A start job is running for Helper t‚Ä¶ for ifupdown (1min 45s / 3min 8s)
M[K[[0m[0;31m*     [0m] A start job is running for Helper t‚Ä¶ for ifupdown (1min 45s / 3min 8s)
M[K[[0;1;31m*[0m[0;31m*    [0m] A start job is running for Helper t‚Ä¶ for ifupdown (1min 46s / 3min 8s)
M[K[[0;31m*[0;1;31m*[0m[0;31m*   [0m] A start job is running for Helper t‚Ä¶ for ifupdown (1min 46s / 3min 8s)
M[K[ [0;31m*[0;1;31m*[0m[0;31m*  [0m] A start job is running for Helper t‚Ä¶ for ifupdown (1min 47s / 3min 8s)
M[K[  [0;31m*[0;1;31m*[0m[0;31m* [0m] A start job is running for Helper t‚Ä¶ for ifupdown (1min 47s / 3min 8s)
M[K[   [0;31m*[0;1;31m*[0m[0;31m*[0m] A start job is running for Helper t‚Ä¶ for ifupdown (1min 48s / 3min 8s)
M[K[    [0;31m*[0;1;31m*[0m] A start job is running for Helper t‚Ä¶ for ifupdown (1min 48s / 3min 8s)
[  132.927254] audit: type=1400 audit(1767752460.169:23): avc:  denied  { module_load } for  pid=221 comm="modprobe" path="/usr/lib/modules/6.18.0/kernel/drivers/media/i2c/cs5345.ko" dev="sda" ino=9713455 scontext=system_u:system_r:kmod_t:s0 tcontext=system_u:object_r:unlabeled_t:s0 tclass=system permissive=1
[  132.973018] cs5345 1-004c: chip found @ 0x98 (cx18 i2c driver #0-0)
M[K[     [0;31m*[0m] A start job is running for Helper t‚Ä¶ for ifupdown (1min 49s / 3min 8s)
M[K[    [0;31m*[0;1;31m*[0m] A start job is running for Helper t‚Ä¶ for ifupdown (1min 49s / 3min 8s)
M[K[   [0;31m*[0;1;31m*[0m[0;31m*[0m] A start job is running for Helper t‚Ä¶ for ifupdown (1min 50s / 3min 8s)
M[K[  [0;31m*[0;1;31m*[0m[0;31m* [0m] A start job is running for Helper t‚Ä¶ for ifupdown (1min 50s / 3min 8s)
M[K[ [0;31m*[0;1;31m*[0m[0;31m*  [0m] A start job is running for Helper t‚Ä¶ for ifupdown (1min 51s / 3min 8s)
M[K[[0;31m*[0;1;31m*[0m[0;31m*   [0m] A start job is running for Helper t‚Ä¶ for ifupdown (1min 51s / 3min 8s)
M[K[[0;1;31m*[0m[0;31m*    [0m] A start job is running for Helper t‚Ä¶ for ifupdown (1min 52s / 3min 8s)
M[K[[0m[0;31m*     [0m] A start job is running for Helper t‚Ä¶ for ifupdown (1min 52s / 3min 8s)
M[K[[0;1;31m*[0m[0;31m*    [0m] A start job is running for Helper t‚Ä¶ for ifupdown (1min 53s / 3min 8s)
M[K[[0;31m*[0;1;31m*[0m[0;31m*   [0m] A start job is running for Helper t‚Ä¶ for ifupdown (1min 53s / 3min 8s)
M[K[ [0;31m*[0;1;31m*[0m[0;31m*  [0m] A start job is running for Helper t‚Ä¶ for ifupdown (1min 54s / 3min 8s)
M[K[  [0;31m*[0;1;31m*[0m[0;31m* [0m] A start job is running for Helper t‚Ä¶ for ifupdown (1min 54s / 3min 8s)
M[K[   [0;31m*[0;1;31m*[0m[0;31m*[0m] A start job is running for Helper t‚Ä¶ for ifupdown (1min 55s / 3min 8s)
M[K[    [0;31m*[0;1;31m*[0m] A start job is running for Helper t‚Ä¶ for ifupdown (1min 55s / 3min 8s)
M[K[     [0;31m*[0m] A start job is running for Helper t‚Ä¶ for ifupdown (1min 56s / 3min 8s)
M[K[    [0;31m*[0;1;31m*[0m] A start job is running for Helper t‚Ä¶ for ifupdown (1min 56s / 3min 8s)
M[K[   [0;31m*[0;1;31m*[0m[0;31m*[0m] A start job is running for Helper t‚Ä¶ for ifupdown (1min 57s / 3min 8s)
M[K[  [0;31m*[0;1;31m*[0m[0;31m* [0m] A start job is running for Helper t‚Ä¶ for ifupdown (1min 57s / 3min 8s)
M[K[ [0;31m*[0;1;31m*[0m[0;31m*  [0m] A start job is running for Helper t‚Ä¶ for ifupdown (1min 58s / 3min 8s)
M[K[[0;31m*[0;1;31m*[0m[0;31m*   [0m] A start job is running for Helper t‚Ä¶ for ifupdown (1min 58s / 3min 8s)
M[K[[0;1;31m*[0m[0;31m*    [0m] A start job is running for Helper t‚Ä¶ for ifupdown (1min 59s / 3min 8s)
M[K[[0m[0;31m*     [0m] A start job is running for Helper t‚Ä¶ for ifupdown (1min 59s / 3min 8s)
M[K[[0;1;31m*[0m[0;31m*    [0m] A start job is running for Helper t‚Ä¶t up for ifupdown (2min / 3min 8s)
M[K[[0;31m*[0;1;31m*[0m[0;31m*   [0m] A start job is running for Helper t‚Ä¶t up for ifupdown (2min / 3min 8s)
M[K[ [0;31m*[0;1;31m*[0m[0;31m*  [0m] A start job is running for Helper t‚Ä¶p for ifupdown (2min 1s / 3min 8s)
M[K[  [0;31m*[0;1;31m*[0m[0;31m* [0m] A start job is running for Helper t‚Ä¶p for ifupdown (2min 1s / 3min 8s)
M[K[   [0;31m*[0;1;31m*[0m[0;31m*[0m] A start job is running for Helper t‚Ä¶p for ifupdown (2min 2s / 3min 8s)
M[K[    [0;31m*[0;1;31m*[0m] A start job is running for Helper t‚Ä¶p for ifupdown (2min 2s / 3min 8s)
M[K[     [0;31m*[0m] A start job is running for Helper t‚Ä¶p for ifupdown (2min 3s / 3min 8s)
M[K[    [0;31m*[0;1;31m*[0m] A start job is running for Helper t‚Ä¶p for ifupdown (2min 3s / 3min 8s)
M[K[   [0;31m*[0;1;31m*[0m[0;31m*[0m] A start job is running for Helper t‚Ä¶p for ifupdown (2min 4s / 3min 8s)
M[K[  [0;31m*[0;1;31m*[0m[0;31m* [0m] A start job is running for Helper t‚Ä¶p for ifupdown (2min 4s / 3min 8s)
M[K[ [0;31m*[0;1;31m*[0m[0;31m*  [0m] A start job is running for Helper t‚Ä¶p for ifupdown (2min 5s / 3min 8s)
M[K[[0;31m*[0;1;31m*[0m[0;31m*   [0m] A start job is running for Helper t‚Ä¶p for ifupdown (2min 5s / 3min 8s)
M[K[[0;1;31m*[0m[0;31m*    [0m] A start job is running for Helper t‚Ä¶p for ifupdown (2min 6s / 3min 8s)
M[K[[0m[0;31m*     [0m] A start job is running for Helper t‚Ä¶p for ifupdown (2min 6s / 3min 8s)
M[K[[0;1;31m*[0m[0;31m*    [0m] A start job is running for Helper t‚Ä¶p for ifupdown (2min 7s / 3min 8s)
M[K[[0;31m*[0;1;31m*[0m[0;31m*   [0m] A start job is running for Helper t‚Ä¶p for ifupdown (2min 7s / 3min 8s)
M[K[ [0;31m*[0;1;31m*[0m[0;31m*  [0m] A start job is running for Helper t‚Ä¶p for ifupdown (2min 8s / 3min 8s)
M[K[  [0;31m*[0;1;31m*[0m[0;31m* [0m] A start job is running for Helper t‚Ä¶p for ifupdown (2min 8s / 3min 8s)
M[K[[0;1;31mFAILED[0m] Failed to start [0;1;39mHelper to ‚Ä¶chronize boot up for ifupdown[0m.
[KSee 'systemctl status ifupdown-pre.service' for details.
[[0;1;38;5;185mDEPEND[0m] Dependency failed for [0;1;39mRaise network interfaces[0m.
[[0;32m  OK  [0m] Reached target [0;1;39mNetwork[0m.
         Starting [0;1;39mOpenBSD Secure Shell server[0m...
         Starting [0;1;39mPermit User Sessions[0m...
[[0;32m  OK  [0m] Finished [0;1;39mPermit User Sessions[0m.
[[0;32m  OK  [0m] Started [0;1;39mGetty on tty1[0m.
[[0;32m  OK  [0m] Started [0;1;39mGetty on tty2[0m.
[[0;32m  OK  [0m] Started [0;1;39mGetty on tty3[0m.
[[0;32m  OK  [0m] Started [0;1;39mGetty on tty4[0m.
[[0;32m  OK  [0m] Started [0;1;39mGetty on tty5[0m.
[[0;32m  OK  [0m] Started [0;1;39mGetty on tty6[0m.
[[0;32m  OK  [0m] Started [0;1;39mSerial Getty on ttyS0[0m.
[[0;32m  OK  [0m] Reached target [0;1;39mLogin Prompts[0m.
[[0;32m  OK  [0m] Started [0;1;39mOpenBSD Secure Shell server[0m.
[[0;32m  OK  [0m] Reached target [0;1;39mMulti-User System[0m.
[[0;32m  OK  [0m] Reached target [0;1;39mGraphical Interface[0m.
         Starting [0;1;39mUpdate UTMP about System Runlevel Changes[0m...
[[0;32m  OK  [0m] Finished [0;1;39mUpdate UTMP about System Runlevel Changes[0m.
[  154.286786] audit: type=1400 audit(1767752481.524:24): avc:  denied  { checkpoint_restore } for  pid=225 comm="agetty" capability=40  scontext=system_u:system_r:getty_t:s0 tcontext=system_u:system_r:getty_t:s0 tclass=capability2 permissive=1

Debian GNU/Linux 11 syzkaller ttyS0

syzkaller login: [  245.159281] cx18-0: Registered device video0 for encoder MPEG (64 x 32.00 kB)
[  245.162574] dvbdev: DVB: registering new adapter (cx18)
[  245.172206] DVB: Unable to find symbol s5h1409_attach()
[  245.174505] cx18-0: frontend initialization failed
[  245.181160] cx18-0: DVB failed to register
[  245.184199] cx18-0: Registered device video32 for encoder YUV (20 x 101.25 kB)
[  245.188197] cx18-0: Registered device vbi0 for encoder VBI (20 x 51984 bytes)
[  245.193926] cx18-0: Registered device video24 for encoder PCM audio (256 x 4.00 kB)
[  245.198475] cx18-0: Registered device radio0 for encoder radio
[  245.207708] cx18-0: unregister DVB
[  245.251841] cx18-0: Error -1 registering devices
[  245.276907] cx18-0: Error -1 on initialization
[  245.279615] cx18 0000:00:05.0: probe with driver cx18 failed with error -1
[  245.284191] cx18:  End initialization
[  245.297090] systemd-udevd (170) used greatest stack depth: 23104 bytes left
[  248.909046] systemd-udevd (168) used greatest stack depth: 22056 bytes left
