last executing test programs:

15.603389101s ago: executing program 3 (id=5894):
r0 = syz_open_dev$dri(&(0x7f0000000000), 0x50dd, 0x0)
ioctl$DRM_IOCTL_WAIT_VBLANK(r0, 0xc018643a, &(0x7f0000000cc0)={0x10000000, 0xae1, 0x6})
syz_open_dev$dri(&(0x7f0000000000), 0x0, 0x103000)
ioctl$DRM_IOCTL_MODE_CREATEPROPBLOB(0xffffffffffffffff, 0xc01064bd, &(0x7f0000000800)={0x0, 0x5b})
r1 = syz_open_dev$dri(&(0x7f0000000000), 0x1, 0x2000)
r2 = syz_open_dev$dri(&(0x7f0000000000), 0x1, 0x2000)
ioctl$DRM_IOCTL_MODE_GETRESOURCES(r2, 0xc04064a0, &(0x7f0000000340)={0x0, &(0x7f0000000280)=[<r3=>0x0], 0x0, 0x0, 0x0, 0x1})
ioctl$DRM_IOCTL_MODE_GETCRTC(r1, 0xc06864a1, &(0x7f0000000440)={0x0, 0x0, r3})
ioctl$DRM_IOCTL_MODE_GETPLANE(r0, 0xc02064b6, &(0x7f0000000200)={0x0, 0x0, <r4=>0x0, 0x0, 0x0, 0x7, &(0x7f00000001c0)=[0x0, 0x0, 0x0, 0x0, 0x0, 0x0, 0x0]})
ioctl$DRM_IOCTL_MODE_SETCRTC(0xffffffffffffffff, 0xc06864a2, &(0x7f00000003c0)={&(0x7f0000000180)=[0x0, 0x0, 0x0, 0x0], 0x4, r3, r4, 0x96ec, 0x6, 0x1, 0x5, {0x1, 0x1, 0xfff, 0xa565, 0xb7d, 0x4, 0x5, 0x400, 0x6, 0xf, 0x515, 0x0, 0x1, 0x5, "52376db8e2d8a1f5e828aea615367976a5adc944ebd5a94ac4d3a5156d224653"}})
ioctl$DRM_IOCTL_AGP_ALLOC(r0, 0xc0206434, &(0x7f0000000080)={0x7e13, <r5=>0x0, 0x10001})
ioctl$DRM_IOCTL_AGP_FREE(r0, 0x40206435, &(0x7f00000000c0)={0x0, r5})
r6 = syz_open_dev$dri(&(0x7f0000000680), 0x1, 0x100)
r7 = syz_open_dev$dri(&(0x7f0000000000), 0x1, 0x2000)
r8 = syz_open_dev$dri(&(0x7f0000000000), 0x1, 0x2000)
ioctl$DRM_IOCTL_MODE_GETRESOURCES(r8, 0xc04064a0, &(0x7f0000000340)={0x0, &(0x7f0000000280)=[<r9=>0x0], 0x0, 0x0, 0x0, 0x1})
ioctl$DRM_IOCTL_MODE_GETCRTC(r7, 0xc06864a1, &(0x7f0000000440)={0x0, 0x0, r9, <r10=>0x0})
ioctl$DRM_IOCTL_MODE_GETFB2(r7, 0xc06864ce, &(0x7f0000000040)={r10, 0x7, 0x5, 0xfffffff8, 0x3, [<r11=>0x0], [0x2, 0xbc01, 0xf, 0x8001], [0x7fff, 0x5, 0x4, 0x8], [0x9, 0x30, 0xfffffffffffffff9]})
ioctl$DRM_IOCTL_GEM_FLINK(r7, 0xc008640a, &(0x7f00000000c0)={r11, <r12=>0x0})
ioctl$DRM_IOCTL_GEM_OPEN(r7, 0xc010640b, &(0x7f0000000300)={r12})
ioctl$DRM_IOCTL_DROP_MASTER(0xffffffffffffffff, 0x641f)
ioctl$DRM_IOCTL_MODE_CREATEPROPBLOB(r6, 0xc01064bd, &(0x7f0000000000)={0x0, 0x46351d016c435ab5})
ioctl$DRM_IOCTL_MODE_SETGAMMA(0xffffffffffffffff, 0xc02064a5, &(0x7f0000000140)={0x0, 0x0, 0x0, 0x0, 0x0})
ioctl$DRM_IOCTL_MARK_BUFS(r0, 0x40206417, 0x0)
r13 = syz_open_dev$dri(&(0x7f0000000000), 0xfffffffffffffffb, 0x200)
ioctl$DRM_IOCTL_MODE_LIST_LESSEES(r13, 0xc01064c7, 0x0)
ioctl$DRM_IOCTL_SYNCOBJ_FD_TO_HANDLE_FD(0xffffffffffffffff, 0xc01864c2, &(0x7f0000000240)={<r14=>0x0})
ioctl$DRM_IOCTL_SYNCOBJ_TIMELINE_SIGNAL(0xffffffffffffffff, 0xc01864cd, &(0x7f0000000380)={&(0x7f0000000300)=[0x0, 0x0, 0x0, 0x0, 0x0, 0x0, 0x0, 0x0, 0x0, r14], &(0x7f0000000340), 0xa})
r15 = syz_open_dev$dri(&(0x7f0000000040), 0x200000000000, 0x181001)
ioctl$DRM_IOCTL_MODE_GET_LEASE(r15, 0xc01064c8, &(0x7f0000001b80)={0x0, 0x0, 0x0})

4.587803395s ago: executing program 0 (id=5943):
r0 = syz_open_dev$I2C(&(0x7f0000000000), 0x0, 0x848800)
r1 = openat$drirender128(0xffffffffffffff9c, &(0x7f0000002000), 0xd890f590df57407, 0x0)
ioctl$DRM_IOCTL_VERSION(r1, 0xc0406400, &(0x7f0000002340)={0xc, 0x400, 0x5, 0x0, 0x0, 0x0, 0x0, 0xb1, &(0x7f0000002280)=""/177})
ioctl$I2C_RDWR(r0, 0x707, &(0x7f0000000080)={&(0x7f0000002440)})

4.390860192s ago: executing program 0 (id=5946):
r0 = syz_open_dev$I2C(&(0x7f0000000000), 0x875a, 0x1)
ioctl$I2C_SMBUS(r0, 0x720, &(0x7f0000000180)={0x1, 0xff, 0x2, &(0x7f0000000140)={0xd, "1634a0c85dbf816610d225d13e74eba35b27ac88daced26d081954058c55a13a94"}})
r1 = syz_open_dev$dri(&(0x7f0000000080), 0x1, 0x600)
ioctl$DRM_IOCTL_GET_CAP(r1, 0xc010640c, &(0x7f0000000100))
r2 = syz_open_dev$dri(&(0x7f0000000440), 0x0, 0x103000)
ioctl$DRM_IOCTL_MODE_CREATE_DUMB(r2, 0xc02064b2, &(0x7f0000000080)={0x6, 0xe, 0x8, 0x0, <r3=>0x0})
r4 = syz_open_dev$dri(&(0x7f00000005c0), 0x1, 0x0)
ioctl$DRM_IOCTL_PRIME_FD_TO_HANDLE(r4, 0xc00c642e, &(0x7f00000008c0))
ioctl$DRM_IOCTL_MODE_MAP_DUMB(r2, 0xc01064b3, &(0x7f00000000c0)={r3})
ioctl$DRM_IOCTL_MODE_GETPROPBLOB(r2, 0xc01064ac, &(0x7f0000001480)={0x0, 0x0, 0x0})
r5 = syz_open_dev$dri(&(0x7f0000000000), 0x2, 0x1)
ioctl$DRM_IOCTL_MODE_ADDFB(r5, 0xc01c64ae, &(0x7f0000000100)={0x0, 0x4, 0x3, 0x10001, 0x4, 0x4, 0x70a})
r6 = syz_open_dev$dri(&(0x7f0000000000), 0x2, 0x1)
ioctl$DRM_IOCTL_INFO_BUFS(r6, 0xc0106418, &(0x7f0000000040)={0x4a8, 0x2, 0x6, 0x6, 0x1, 0x8})
ioctl$DRM_IOCTL_MODE_CREATE_LEASE(r6, 0xc01864c6, &(0x7f0000000d40)={0x0})
ioctl$DRM_IOCTL_ADD_BUFS(r6, 0xc0206416, &(0x7f0000000140)={0x4009, 0xf, 0x1, 0x7ff, 0x11, 0xa5fe})

4.143163257s ago: executing program 3 (id=5949):
r0 = syz_open_dev$dri(&(0x7f0000000700), 0x2, 0x101800)
r1 = syz_open_dev$I2C(&(0x7f0000000700), 0x0, 0x840000)
ioctl$I2C_RDWR(r1, 0x707, &(0x7f0000000440)={&(0x7f0000000080)=[{0x13, 0x0, 0x0, 0x0}, {0x3, 0x1800, 0x0, 0x0}], 0x2}) (async, rerun: 32)
r2 = syz_open_dev$dri(&(0x7f0000000040), 0x200000000000, 0x181001) (rerun: 32)
ioctl$DRM_IOCTL_MODE_GET_LEASE(r2, 0xc01064c8, &(0x7f0000001b80)={0x1, 0x0, &(0x7f0000001b40)=[<r3=>0x0]})
ioctl$DRM_IOCTL_MODE_DIRTYFB(r2, 0xc01864b1, &(0x7f0000003fc0)={r3, 0x2, 0x5, 0x0, 0x0}) (async)
ioctl$DRM_IOCTL_MODE_GETPROPBLOB(r0, 0xc01064ac, &(0x7f00000002c0)={r3, 0xfc, &(0x7f0000000180)=""/252})
ioctl$DRM_IOCTL_MODE_CREATE_DUMB(r0, 0xc02064b2, &(0x7f0000000000)={0x400, 0x38, 0x967, 0x0, <r4=>0x0}) (async, rerun: 32)
r5 = syz_open_dev$dri(&(0x7f0000000000), 0xa, 0x1) (rerun: 32)
ioctl$DRM_IOCTL_MODE_CREATEPROPBLOB(r5, 0xc01064bd, &(0x7f0000001840)={0x0}) (async, rerun: 64)
r6 = syz_open_dev$dri(&(0x7f0000000680), 0x1, 0x100) (rerun: 64)
ioctl$DRM_IOCTL_MODE_CREATEPROPBLOB(r6, 0xc01064bd, &(0x7f0000000800)={0x0, 0x0, <r7=>0x0}) (async)
r8 = syz_open_dev$dri(&(0x7f0000000000), 0x0, 0x0)
ioctl$DRM_IOCTL_MODE_SETGAMMA(r8, 0xc02064a5, &(0x7f0000000440)={0x0, 0x0, 0x0, 0x0, 0x0}) (async)
ioctl$DRM_IOCTL_MODE_SETGAMMA(r6, 0xc02064a5, &(0x7f0000000400)={r7, 0x1, &(0x7f0000000300)=[0x75b], &(0x7f0000000380)=[0x1e3, 0x6], &(0x7f00000003c0)=[0x74, 0xc314, 0xebad, 0x7fff, 0xf, 0x6, 0x6, 0x4]})
r9 = syz_open_dev$dri(&(0x7f0000000000), 0x1, 0x2000)
r10 = syz_open_dev$dri(&(0x7f0000000f40), 0x0, 0xa0a03)
ioctl$DRM_IOCTL_MODE_CREATE_DUMB(r10, 0xc02064b2, &(0x7f0000001200)={0x365d, 0x4c, 0xffffff6f}) (async)
r11 = syz_open_dev$dri(&(0x7f0000000300), 0xfffffffffffffffa, 0x40800)
ioctl$DRM_IOCTL_MODE_SETPLANE(r11, 0xc03064b7, &(0x7f0000000480)={0x0, 0x0, 0x0, 0xfffff800, 0x7c1, 0x7fffffff, 0x9, 0x4, 0x2, 0x9, 0x9, 0x1})
r12 = syz_open_dev$dri(&(0x7f0000000000), 0x1, 0x2000)
ioctl$DRM_IOCTL_MODE_GETRESOURCES(r12, 0xc04064a0, &(0x7f0000000340)={0x0, &(0x7f0000000280)=[<r13=>0x0], 0x0, 0x0, 0x0, 0x1})
ioctl$DRM_IOCTL_AGP_INFO(r9, 0x80386433, &(0x7f0000000100)=""/73) (async, rerun: 32)
ioctl$DRM_IOCTL_MODE_GETCRTC(r9, 0xc06864a1, &(0x7f0000000440)={0x0, 0x0, r13, <r14=>0x0}) (rerun: 32)
ioctl$DRM_IOCTL_MODE_OBJ_GETPROPERTIES(r5, 0xc02064b9, &(0x7f0000000540)={&(0x7f00000004c0), &(0x7f0000000500)=[0x0, 0x0], 0x0, r13, 0x90909090}) (async, rerun: 32)
ioctl$DRM_IOCTL_MODE_GETFB2(r9, 0xc06864ce, &(0x7f0000000040)={r14, 0x7, 0x5, 0xfffffff8, 0x3, [<r15=>0x0], [0x2, 0xbc01, 0xf, 0x8001], [0x7fff, 0x5, 0x4, 0x8], [0x9, 0x30, 0xfffffffffffffff9]}) (rerun: 32)
ioctl$DRM_IOCTL_GEM_FLINK(r0, 0xc008640a, &(0x7f00000000c0)={r15}) (async)
ioctl$DRM_IOCTL_MODE_DESTROY_DUMB(r0, 0xc00464b4, &(0x7f0000000040)={r4}) (async)
openat$drirender128(0xffffffffffffff9c, &(0x7f0000000a00), 0x60000, 0x0)

4.05724002s ago: executing program 0 (id=5957):
r0 = syz_open_dev$dri(&(0x7f0000000280), 0xfffffffffffffff8, 0x341401)
ioctl$DRM_IOCTL_GEM_OPEN(r0, 0xc010640b, &(0x7f0000000b80))

3.934681578s ago: executing program 0 (id=5951):
r0 = syz_open_dev$dri(&(0x7f0000000040), 0x200000000000, 0x181001)
ioctl$DRM_IOCTL_MODE_GET_LEASE(r0, 0xc01064c8, &(0x7f0000001b80)={0x1, 0x0, &(0x7f0000001b40)=[<r1=>0x0]})
r2 = syz_open_dev$dri(&(0x7f0000000000), 0x1ffffffffffffffe, 0x101001)
ioctl$DRM_IOCTL_MODE_CREATE_DUMB(r2, 0xc02064b2, &(0x7f0000000700)={0xf0d, 0x3cfe, 0x3})
ioctl$DRM_IOCTL_MODE_DIRTYFB(r0, 0xc01864b1, &(0x7f0000003fc0)={r1, 0x2, 0x5, 0x0, 0x0})

3.596706593s ago: executing program 0 (id=5953):
r0 = syz_open_dev$dri(&(0x7f0000000680), 0x1, 0x40000)
ioctl$DRM_IOCTL_WAIT_VBLANK(r0, 0xc018643a, &(0x7f0000000300)={0x40000000, 0x4, 0x18000000})
openat$drirender128(0xffffffffffffff9c, &(0x7f0000000bc0), 0x0, 0x0)
openat$drirender128(0xffffffffffffff9c, &(0x7f0000000cc0), 0x105000, 0x0)
r1 = openat$drirender128(0xffffffffffffff9c, &(0x7f0000000000), 0x2d4402, 0x0)
ioctl$DRM_IOCTL_GET_STATS(r1, 0x80f86406, &(0x7f00000038c0)=""/22)

3.514044934s ago: executing program 3 (id=5954):
r0 = syz_open_dev$I2C(&(0x7f00000000c0), 0x0, 0x101400)
ioctl$I2C_SMBUS(r0, 0x720, &(0x7f0000000100)={0x1, 0x7, 0x3, &(0x7f00000001c0)={0x5, "86ac7ff43d18dd1a9ea05cf666a773ebbcff0fc764df62139d7b3d15035f4b161d"}})
openat$drirender128(0xffffffffffffff9c, &(0x7f0000000bc0), 0x0, 0x0)
openat$drirender128(0xffffffffffffff9c, &(0x7f0000000cc0), 0x105000, 0x0)

3.513653663s ago: executing program 1 (id=5955):
r0 = syz_open_dev$dri(&(0x7f0000000000), 0x1, 0x0)
ioctl$DRM_IOCTL_MODE_CREATEPROPBLOB(r0, 0xc01064bd, &(0x7f0000000140)={&(0x7f0000000180)="2ae960363ec4038342bbfa4027583be827320378d136bfbacaf612de3bcb97396eb395c19da6c928e4ab379fd65a3bde34312d4b6dfdf84aa2453db63e62e4dbf99fa64fd42810794f75f418236e8d1072ac8ecb8a08618e8afc86ff524a891b206cc54f8496ac2759eb60543ed2740c2564b4a9d755e25dc4345b3456d834c2c3ee465b6c05c3f0b8130a44b9f3895eea1bbf1f2f258ffdc3ae556e8721fee9f6b82a42a9e703f8d9f6950c", 0xac})
r1 = syz_open_dev$dri(&(0x7f0000000000), 0x1ff, 0x40540)
r2 = syz_open_dev$dri(&(0x7f0000000000), 0x1ff, 0x40540)
r3 = syz_open_dev$I2C(&(0x7f0000000700), 0x0, 0x840000)
r4 = syz_open_dev$dri(&(0x7f0000000000), 0x0, 0x0)
ioctl$DRM_IOCTL_MODE_SETGAMMA(r4, 0xc02064a5, &(0x7f0000000440)={0x0, 0x0, 0x0, 0x0, 0x0})
r5 = syz_open_dev$dri(&(0x7f0000000480), 0x2, 0x101000)
ioctl$DRM_IOCTL_MODE_GETRESOURCES(r5, 0xc04064a0, &(0x7f0000000140)={0x0, &(0x7f0000000040)=[<r6=>0x0], 0x0, 0x0, 0x0, 0x1})
ioctl$DRM_IOCTL_MODE_SETGAMMA(r5, 0xc02064a5, &(0x7f0000000240)={r6, 0x0, 0x0, 0x0, 0x0})
ioctl$I2C_SMBUS(r3, 0x720, &(0x7f0000000780)={0x0, 0xd, 0x5, &(0x7f0000000100)={0x89, "3f6678c673bf0580a1b1eeb82bd0a633250000000000002000"}})
ioctl$DRM_IOCTL_MODE_GETRESOURCES(r2, 0xc04064a0, &(0x7f0000000200)={0x0, &(0x7f0000000140)=[<r7=>0x0], 0x0, 0x0, 0x0, 0x1})
ioctl$DRM_IOCTL_MODE_PAGE_FLIP(r1, 0xc01864b0, &(0x7f0000000100)={r7, 0x0, 0x1, 0x0, 0x7})
syz_open_dev$dri(&(0x7f0000000000), 0x1ff, 0x400)
ioctl$DRM_IOCTL_MODE_DESTROYPROPBLOB(r0, 0xc00464be, &(0x7f0000000700))

3.40107549s ago: executing program 0 (id=5958):
r0 = syz_open_dev$dri(&(0x7f0000000000), 0x50dd, 0x0)
ioctl$DRM_IOCTL_WAIT_VBLANK(r0, 0xc018643a, &(0x7f0000000cc0)={0x10000000, 0xae1, 0x6})
syz_open_dev$dri(&(0x7f0000000000), 0x0, 0x103000)
ioctl$DRM_IOCTL_MODE_CREATEPROPBLOB(0xffffffffffffffff, 0xc01064bd, &(0x7f0000000800)={0x0, 0x5b})
r1 = syz_open_dev$dri(&(0x7f0000000000), 0x1, 0x2000)
r2 = syz_open_dev$dri(&(0x7f0000000000), 0x1, 0x2000)
ioctl$DRM_IOCTL_MODE_GETRESOURCES(r2, 0xc04064a0, &(0x7f0000000340)={0x0, &(0x7f0000000280)=[<r3=>0x0], 0x0, 0x0, 0x0, 0x1})
ioctl$DRM_IOCTL_MODE_GETCRTC(r1, 0xc06864a1, &(0x7f0000000440)={0x0, 0x0, r3})
ioctl$DRM_IOCTL_MODE_GETPLANE(r0, 0xc02064b6, &(0x7f0000000200)={0x0, 0x0, <r4=>0x0, 0x0, 0x0, 0x7, &(0x7f00000001c0)=[0x0, 0x0, 0x0, 0x0, 0x0, 0x0, 0x0]})
ioctl$DRM_IOCTL_MODE_SETCRTC(0xffffffffffffffff, 0xc06864a2, &(0x7f00000003c0)={&(0x7f0000000180)=[0x0, 0x0, 0x0, 0x0], 0x4, r3, r4, 0x96ec, 0x6, 0x1, 0x5, {0x1, 0x1, 0xfff, 0xa565, 0xb7d, 0x4, 0x5, 0x400, 0x6, 0xf, 0x515, 0x0, 0x1, 0x5, "52376db8e2d8a1f5e828aea615367976a5adc944ebd5a94ac4d3a5156d224653"}})
ioctl$DRM_IOCTL_AGP_ALLOC(r0, 0xc0206434, &(0x7f0000000080)={0x7e13, <r5=>0x0, 0x10001})
ioctl$DRM_IOCTL_AGP_FREE(r0, 0x40206435, &(0x7f00000000c0)={0x0, r5})
r6 = syz_open_dev$dri(&(0x7f0000000680), 0x1, 0x100)
r7 = syz_open_dev$dri(&(0x7f0000000000), 0x1, 0x2000)
r8 = syz_open_dev$dri(&(0x7f0000000000), 0x1, 0x2000)
ioctl$DRM_IOCTL_MODE_GETRESOURCES(r8, 0xc04064a0, &(0x7f0000000340)={0x0, &(0x7f0000000280)=[<r9=>0x0], 0x0, 0x0, 0x0, 0x1})
ioctl$DRM_IOCTL_MODE_GETCRTC(r7, 0xc06864a1, &(0x7f0000000440)={0x0, 0x0, r9, <r10=>0x0})
ioctl$DRM_IOCTL_MODE_GETFB2(r7, 0xc06864ce, &(0x7f0000000040)={r10, 0x7, 0x5, 0xfffffff8, 0x3, [<r11=>0x0], [0x2, 0xbc01, 0xf, 0x8001], [0x7fff, 0x5, 0x4, 0x8], [0x9, 0x30, 0xfffffffffffffff9]})
ioctl$DRM_IOCTL_GEM_FLINK(r7, 0xc008640a, &(0x7f00000000c0)={r11, <r12=>0x0})
ioctl$DRM_IOCTL_GEM_OPEN(r7, 0xc010640b, &(0x7f0000000300)={r12})
ioctl$DRM_IOCTL_DROP_MASTER(0xffffffffffffffff, 0x641f)
ioctl$DRM_IOCTL_MODE_CREATEPROPBLOB(r6, 0xc01064bd, &(0x7f0000000000)={0x0, 0x46351d016c435ab5})
ioctl$DRM_IOCTL_MODE_SETGAMMA(0xffffffffffffffff, 0xc02064a5, &(0x7f0000000140)={0x0, 0x0, 0x0, 0x0, 0x0})
ioctl$DRM_IOCTL_MARK_BUFS(r0, 0x40206417, 0x0)
r13 = syz_open_dev$dri(&(0x7f0000000000), 0xfffffffffffffffb, 0x200)
ioctl$DRM_IOCTL_MODE_LIST_LESSEES(r13, 0xc01064c7, 0x0)
ioctl$DRM_IOCTL_SYNCOBJ_FD_TO_HANDLE_FD(0xffffffffffffffff, 0xc01864c2, &(0x7f0000000240)={<r14=>0x0})
ioctl$DRM_IOCTL_SYNCOBJ_TIMELINE_SIGNAL(0xffffffffffffffff, 0xc01864cd, &(0x7f0000000380)={&(0x7f0000000300)=[0x0, 0x0, 0x0, 0x0, 0x0, 0x0, 0x0, 0x0, 0x0, r14], &(0x7f0000000340), 0xa})
r15 = syz_open_dev$dri(&(0x7f0000000040), 0x200000000000, 0x181001)
ioctl$DRM_IOCTL_MODE_GET_LEASE(r15, 0xc01064c8, &(0x7f0000001b80)={0x0, 0x0, 0x0})

3.227472078s ago: executing program 1 (id=5967):
r0 = syz_open_dev$dri(&(0x7f0000000000), 0x1, 0x0) (async)
r1 = syz_open_dev$dri(&(0x7f0000000040), 0x1, 0x20000)
ioctl$DRM_IOCTL_MODE_GETRESOURCES(r1, 0xc04064a0, &(0x7f0000000340)={0x0, 0x0, &(0x7f00000002c0)=[<r2=>0x0], 0x0, 0x0, 0x0, 0x1}) (async)
r3 = syz_open_dev$dri(&(0x7f0000000000), 0x2, 0x1)
r4 = syz_open_dev$dri(&(0x7f0000000000), 0x2, 0x1) (async)
r5 = syz_open_dev$I2C(&(0x7f0000000700), 0x0, 0x840000)
ioctl$I2C_SMBUS(r5, 0x720, &(0x7f0000000780)={0x0, 0xd, 0x5, &(0x7f0000000100)={0x89, "3f6678c673bf0580a1b1eeb82bd0a6332500"}}) (async)
ioctl$DRM_IOCTL_MODE_GETCRTC(r4, 0xc06864a1, &(0x7f0000001800)={0x0, 0x0, 0x0, <r6=>0x0})
ioctl$DRM_IOCTL_MODE_DIRTYFB(r3, 0xc01864b1, &(0x7f0000000100)={r6, 0x1, 0x5, 0x8, &(0x7f00000000c0)=[{0x4, 0x8, 0x24, 0x1}, {0x4, 0x4, 0xfffa, 0xca2}, {0x101, 0xfffd, 0x6, 0x3}, {0x12b6, 0x124f, 0x8, 0x1d40}, {0x378, 0x321, 0x8}, {0x1ff, 0x7, 0x101, 0x8}, {0xba, 0xa, 0x4, 0x3}, {0xfff, 0x40, 0x5, 0x401}]}) (async)
r7 = syz_open_dev$I2C(&(0x7f0000000040), 0x0, 0x80)
ioctl$I2C_SMBUS(r7, 0x720, &(0x7f0000000380)={0x2, 0x9, 0x5, 0x0}) (async)
syz_open_dev$I2C(&(0x7f0000000000), 0x875a, 0x1)
ioctl$DRM_IOCTL_MODE_GETCONNECTOR(r0, 0xc05064a7, &(0x7f0000000100)={0x0, 0x0, 0x0, 0x0, 0x0, 0x0, 0xffffff4d, 0x0, r2})

3.10245434s ago: executing program 3 (id=5960):
r0 = syz_open_dev$dri(&(0x7f0000000040), 0x5, 0x7bb203)
ioctl$DRM_IOCTL_SET_VERSION(r0, 0xc0106407, &(0x7f0000000a40)={0x10001, 0x7, 0x5, 0x7f})
r1 = syz_open_dev$dri(&(0x7f0000000680), 0x1, 0x40000)
ioctl$DRM_IOCTL_SG_ALLOC(r1, 0xc0106438, &(0x7f0000000000)={0x400})
ioctl$DRM_IOCTL_WAIT_VBLANK(r1, 0xc018643a, &(0x7f0000000300)={0x40000000, 0x4, 0x18000000})

2.968648786s ago: executing program 1 (id=5962):
r0 = syz_open_dev$dri(&(0x7f0000000000), 0x2, 0x1)
r1 = syz_open_dev$dri(&(0x7f0000000a00), 0x1ff, 0x401)
ioctl$DRM_IOCTL_MODE_GETPLANERESOURCES(r1, 0xc01064b5, 0x0)
r2 = syz_open_dev$dri(&(0x7f0000000000), 0x660, 0x86140)
r3 = syz_open_dev$dri(&(0x7f0000000040), 0x1, 0x20000)
r4 = syz_open_dev$dri(&(0x7f0000000000), 0x2, 0x123c00)
ioctl$DRM_IOCTL_GET_CAP(r4, 0xc010640c, &(0x7f0000000280)={0x14})
ioctl$DRM_IOCTL_MODE_GETRESOURCES(r3, 0xc04064a0, &(0x7f0000000340)={0x0, 0x0, &(0x7f00000002c0)=[<r5=>0x0], 0x0, 0x0, 0x0, 0x1})
ioctl$DRM_IOCTL_SYNCOBJ_TIMELINE_WAIT(r2, 0xc03064ca, 0x0)
ioctl$DRM_IOCTL_MODE_GETCONNECTOR(r1, 0xc05064a7, &(0x7f0000000480)={0x0, 0x0, &(0x7f0000000400)=[<r6=>0x0, 0x0, 0x0, 0x0, 0x0], &(0x7f00000000c0)=[0x0, 0x0], 0x0, 0x3e1240b61d10f3fb, 0x0, 0x0, r5})
ioctl$DRM_IOCTL_MODE_OBJ_SETPROPERTY(r1, 0xc01864ba, &(0x7f0000000500)={0x7, r6, r5, 0xc0c0c0c0})
ioctl$DRM_IOCTL_MODE_CREATE_DUMB(r0, 0x4020940d, 0x0)
ioctl$DRM_IOCTL_AGP_ENABLE(r0, 0x40086432, &(0x7f0000000040)=0xfffffffe)
ioctl$DRM_IOCTL_MODE_MAP_DUMB(r0, 0xc01064b3, &(0x7f0000000080))

2.96714284s ago: executing program 3 (id=5963):
r0 = syz_open_dev$dri(0x0, 0x2, 0x109000)
ioctl$DRM_IOCTL_MODE_CREATE_DUMB(r0, 0xc02064b2, &(0x7f0000000300)={0x1, 0x3, 0x4})
ioctl$DRM_IOCTL_MODE_CREATE_DUMB(0xffffffffffffffff, 0xc02064b2, &(0x7f0000000000)={0x400, 0x38, 0x967})
ioctl$DRM_IOCTL_MODE_CREATE_DUMB(0xffffffffffffffff, 0xc02064b2, &(0x7f0000000300)={0x9, 0x1, 0x4})
r1 = syz_open_dev$dri(&(0x7f0000000700), 0x2, 0x101800)
ioctl$DRM_IOCTL_MODE_CREATE_DUMB(r1, 0xc02064b2, &(0x7f0000000000)={0x400, 0x38, 0x967, 0x0, <r2=>0x0})
r3 = syz_open_dev$dri(&(0x7f0000000000), 0x100005, 0x400100)
ioctl$DRM_IOCTL_WAIT_VBLANK(r3, 0xc018643a, &(0x7f0000000080)={0x20000000, 0x8, 0x8})
ioctl$DRM_IOCTL_MODE_CREATE_DUMB(r3, 0xc02064b2, &(0x7f0000000700)={0xf0d, 0x3cfe, 0x3})
r4 = syz_open_dev$dri(&(0x7f0000000000), 0x2, 0x109000)
ioctl$DRM_IOCTL_MODE_CREATE_DUMB(r4, 0xc02064b2, &(0x7f0000000300)={0x1, 0x7, 0x4})
ioctl$DRM_IOCTL_MODE_CREATE_DUMB(0xffffffffffffffff, 0xc02064b2, &(0x7f0000000000)={0x400, 0x38, 0x967, 0x0, <r5=>0x0})
ioctl$DRM_IOCTL_MODE_DESTROY_DUMB(0xffffffffffffffff, 0xc00464b4, &(0x7f0000000040)={r5})
ioctl$DRM_IOCTL_MODE_DESTROY_DUMB(r1, 0xc00464b4, &(0x7f0000000040)={r2})
r6 = syz_open_dev$dri(&(0x7f0000000000), 0x2000000000000000, 0x0)
ioctl$DRM_IOCTL_MODE_CREATE_DUMB(r6, 0xc02064b2, &(0x7f0000000700)={0xf0d, 0x3cfe, 0x3})
ioctl$DRM_IOCTL_MODE_DESTROY_DUMB(0xffffffffffffffff, 0xc00464b4, 0x0)
r7 = syz_open_dev$dri(&(0x7f0000000000), 0xa, 0x1)
ioctl$DRM_IOCTL_MODE_GETFB2(r7, 0xc06864ce, &(0x7f0000000400)={0x0, 0x5, 0x0, 0x7fff, 0x2, [], [0x7f, 0xffffff7f, 0x1, 0x90a], [0x0, 0x7, 0x393c, 0x4], [0x4169, 0xc9, 0x10000, 0x5]})
ioctl$DRM_IOCTL_SET_SAREA_CTX(r7, 0x4010641c, &(0x7f0000000140)={0x0, &(0x7f0000000740)=""/4096})
r8 = syz_open_dev$dri(&(0x7f0000000040), 0x1, 0x20000)
ioctl$DRM_IOCTL_MODE_CREATEPROPBLOB(r8, 0xc01064bd, &(0x7f0000000100)={0x0, 0x129b6e1c0f937398})

2.676898139s ago: executing program 1 (id=5965):
r0 = syz_open_dev$dri(&(0x7f0000000000), 0x1, 0x0) (async)
r1 = syz_open_dev$dri(&(0x7f0000000000), 0x0, 0x100) (async)
r2 = syz_open_dev$dri(&(0x7f0000000000), 0x1, 0x2000)
ioctl$DRM_IOCTL_MODE_ADDFB(r2, 0xc01c64ae, &(0x7f00000001c0)={0x0, 0x800, 0x2, 0xfe6c, 0x20, 0x337, 0x3}) (async)
ioctl$DRM_IOCTL_MODE_PAGE_FLIP(r1, 0xc01864b0, &(0x7f0000000780)={0x0, 0x0, 0x0, 0x3, 0x7b3}) (async)
ioctl$DRM_IOCTL_MODE_GETCONNECTOR(r0, 0xc05064a7, &(0x7f0000000380)={0x0, 0x0, 0x0, 0x0})

2.511313181s ago: executing program 1 (id=5968):
r0 = syz_open_dev$dri(&(0x7f0000000000), 0x2000000000000000, 0x0)
ioctl$DRM_IOCTL_MODE_CREATE_DUMB(r0, 0xc02064b2, &(0x7f0000000700)={0xf0d, 0x3cfe, 0x3})
r1 = syz_open_dev$dri(&(0x7f0000000000), 0x1, 0x2000)
r2 = syz_open_dev$dri(&(0x7f0000000000), 0x1, 0x2000)
ioctl$DRM_IOCTL_MODE_GETRESOURCES(r2, 0xc04064a0, &(0x7f0000000340)={0x0, &(0x7f0000000280)=[0x0], 0x0, 0x0, 0x0, 0x1})
r3 = syz_open_dev$dri(&(0x7f0000000040), 0x1, 0x20000)
ioctl$DRM_IOCTL_MODE_PAGE_FLIP(r3, 0xc01864b0, &(0x7f0000000280)={0x0, 0x0, 0x1, 0x0, 0x8})
r4 = syz_open_dev$dri(&(0x7f0000000000), 0x1, 0x0)
r5 = syz_open_dev$dri(&(0x7f0000000000), 0x1, 0x2000)
r6 = syz_open_dev$dri(&(0x7f00000001c0), 0xa8c, 0x0)
ioctl$DRM_IOCTL_MODE_OBJ_GETPROPERTIES(r6, 0x401c5820, 0x0)
ioctl$DRM_IOCTL_MODE_GETRESOURCES(r5, 0xc04064a0, &(0x7f0000000340)={0x0, &(0x7f0000000280)=[<r7=>0x0], 0x0, 0x0, 0x0, 0x1})
ioctl$DRM_IOCTL_MODE_CURSOR(r4, 0xc01c64a3, &(0x7f0000000080)={0x1, r7, 0x8, 0x7, 0x92, 0x4})
ioctl$DRM_IOCTL_MODE_GETCRTC(r2, 0xc06864a1, &(0x7f00000000c0)={0x0, 0x0, r7, <r8=>0x0})
r9 = syz_open_dev$dri(&(0x7f00000001c0), 0xa8c, 0x0)
ioctl$DRM_IOCTL_MODE_OBJ_GETPROPERTIES(r9, 0x401c5820, 0x0)
ioctl$DRM_IOCTL_MODE_GETFB2(r1, 0xc06864ce, &(0x7f0000000040)={r8, 0x7, 0x5, 0xfffffbf8, 0x3, [<r10=>0x0], [0x3, 0xbc01, 0xf, 0x8001], [0x7fff, 0x5, 0x4, 0x8], [0x9, 0x5, 0xfffffffffffffff9, 0x3]})
ioctl$DRM_IOCTL_PRIME_HANDLE_TO_FD(r0, 0xc00c642d, &(0x7f0000000080)={r10, 0x80000})

2.483794673s ago: executing program 1 (id=5969):
r0 = syz_open_dev$dri(&(0x7f0000000040), 0x1, 0x20000)
r1 = syz_open_dev$dri(&(0x7f0000000680), 0x1, 0x40000)
ioctl$DRM_IOCTL_WAIT_VBLANK(r1, 0xc018643a, &(0x7f0000000300)={0x1, 0x0, 0x10})
ioctl$DRM_IOCTL_MODE_GETRESOURCES(r1, 0xc04064a0, &(0x7f0000000340)={0x0, 0x0, &(0x7f00000002c0), 0x0, 0x2c, 0x0, 0x1})
r2 = syz_open_dev$dri(&(0x7f0000000000), 0x1, 0x8000)
r3 = syz_open_dev$dri(&(0x7f0000000000), 0x1, 0x2101)
ioctl$DRM_IOCTL_DROP_MASTER(r3, 0x641f)
r4 = syz_open_dev$dri(&(0x7f0000000000), 0x1, 0x8000)
ioctl$DRM_IOCTL_MODE_CREATE_DUMB(r4, 0xc02064b2, &(0x7f0000000080)={0x8, 0x4, 0x10000, 0x0, <r5=>0x0})
ioctl$DRM_IOCTL_MODE_CREATE_DUMB(r2, 0xc02064b2, &(0x7f00000001c0)={0x5, 0x20000401, 0x5})
r6 = syz_open_dev$dri(&(0x7f0000000000), 0x1, 0x8000)
ioctl$DRM_IOCTL_MODE_CREATE_DUMB(r6, 0xc02064b2, &(0x7f0000000080)={0x9, 0x4, 0x10000, 0x0, <r7=>0x0})
r8 = syz_open_dev$dri(&(0x7f0000000000), 0x1, 0x8000)
ioctl$DRM_IOCTL_MODE_CREATE_DUMB(r8, 0xc02064b2, &(0x7f0000000080)={0x8, 0x4, 0x10000, 0x0, <r9=>0x0})
ioctl$DRM_IOCTL_MODE_CREATE_DUMB(r8, 0xc02064b2, &(0x7f00000001c0)={0x1, 0x6, 0x40000007})
r10 = syz_open_dev$dri(&(0x7f0000000680), 0x1, 0x100)
ioctl$DRM_IOCTL_MODE_CREATEPROPBLOB(r10, 0xc01064bd, &(0x7f0000000000)={0x0, 0x46351d016c435ab5})
ioctl$DRM_IOCTL_MODE_DESTROY_DUMB(r8, 0xc00464b4, &(0x7f0000000780)={r9})
ioctl$DRM_IOCTL_MODE_CREATE_DUMB(r6, 0xc02064b2, &(0x7f00000001c0)={0x1, 0x1, 0x7})
ioctl$DRM_IOCTL_MODE_DESTROY_DUMB(r6, 0xc00464b4, &(0x7f0000000780)={r7})
ioctl$DRM_IOCTL_MODE_DESTROY_DUMB(r4, 0xc00464b4, &(0x7f0000000780)={r5})
ioctl$DRM_IOCTL_MODE_CREATE_DUMB(r2, 0xc02064b2, &(0x7f00000001c0)={0x1, 0x1, 0x7})
ioctl$DRM_IOCTL_AGP_ENABLE(r2, 0x40086432, &(0x7f0000000140)=0x3)
r11 = syz_open_dev$I2C(&(0x7f00000000c0), 0x0, 0x101400)
ioctl$I2C_SMBUS(r11, 0x720, &(0x7f0000000100)={0x1, 0x7, 0x3, &(0x7f00000001c0)={0x5, "86ac7ff43d18dd1a9ea05cf666a773ebbcff0fc764df62139d7b3d15035f4b161d"}})
syz_open_dev$dri(&(0x7f0000000280), 0x0, 0x4000)
ioctl$DRM_IOCTL_GET_CAP(r0, 0xc010640c, &(0x7f0000000080)={0x6})
ioctl$DRM_IOCTL_MODE_GET_LEASE(r6, 0xc01064c8, &(0x7f0000000200)={0x1, 0x0, &(0x7f0000000240)=[<r12=>0x0]})
ioctl$DRM_IOCTL_MODE_GETCONNECTOR(r0, 0xc05064a7, &(0x7f0000000380)={&(0x7f0000000000), 0x0, 0x0, 0x0, 0x0, 0x0, 0x0, 0x0, r12})

2.285057688s ago: executing program 2 (id=5970):
r0 = syz_open_dev$dri(&(0x7f0000000700), 0x2, 0x101800)
ioctl$DRM_IOCTL_MODE_CREATE_DUMB(r0, 0xc02064b2, &(0x7f0000000000)={0x400, 0x38, 0x967, 0x0, <r1=>0x0})
r2 = syz_open_dev$dri(&(0x7f0000000000), 0x2000000000000000, 0x0)
ioctl$DRM_IOCTL_MODE_CREATE_DUMB(r2, 0xc02064b2, &(0x7f0000000700)={0xf0d, 0x3cfe, 0x3})
r3 = syz_open_dev$dri(&(0x7f0000000000), 0x2, 0x109000)
r4 = syz_open_dev$dri(&(0x7f0000000700), 0x2, 0x101800)
ioctl$DRM_IOCTL_MODE_CREATE_DUMB(r4, 0xc02064b2, &(0x7f0000000000)={0x400, 0x38, 0x967, 0x0, <r5=>0x0})
r6 = syz_open_dev$dri(&(0x7f0000000000), 0x2000000000000000, 0x0)
r7 = syz_open_dev$I2C(&(0x7f0000000700), 0x0, 0x840000)
ioctl$I2C_PEC(r7, 0x708, 0xffffffffffffffff)
ioctl$I2C_SMBUS(r7, 0x720, &(0x7f0000000780)={0x0, 0xd, 0x2, &(0x7f0000000100)={0x9, "3f6678c673bf0580a1b1eeb82bd0a6332500"}})
ioctl$DRM_IOCTL_MODE_CREATE_DUMB(r6, 0xc02064b2, &(0x7f0000000700)={0xf0d, 0x3cfe, 0x3})
r8 = syz_open_dev$dri(&(0x7f0000000000), 0x2, 0x109000)
ioctl$DRM_IOCTL_MODE_CREATE_DUMB(r8, 0xc02064b2, &(0x7f0000000300)={0x1, 0x7, 0x4})
ioctl$DRM_IOCTL_MODE_DESTROY_DUMB(r4, 0xc00464b4, &(0x7f0000000040)={r5})
ioctl$DRM_IOCTL_MODE_CREATE_DUMB(r3, 0xc02064b2, &(0x7f00000000c0)={0x1, 0x4b31fb79, 0xfffffff7})
ioctl$DRM_IOCTL_MODE_DESTROY_DUMB(r0, 0xc00464b4, &(0x7f0000000040)={r1})

1.978199384s ago: executing program 2 (id=5971):
r0 = openat$drirender128(0xffffffffffffff9c, 0x0, 0x1910c1, 0x0) (async)
r1 = syz_open_dev$dri(&(0x7f00000005c0), 0x1, 0x0) (async)
r2 = syz_open_dev$dri(&(0x7f0000000040), 0x1, 0x3) (async)
r3 = syz_open_dev$dri(&(0x7f0000000000), 0x2, 0x100)
ioctl$DRM_IOCTL_GEM_FLINK(r3, 0xc008640a, &(0x7f0000000080))
r4 = syz_open_dev$dri(&(0x7f0000000000), 0x1, 0x2401)
ioctl$DRM_IOCTL_MODE_CREATE_LEASE(r4, 0xc01864c6, &(0x7f0000000080)={0x0, 0x0, 0x80800}) (async)
ioctl$DRM_IOCTL_MODE_LIST_LESSEES(r4, 0xc01064c7, &(0x7f0000000180)={0x0, 0x0, &(0x7f0000000140)}) (async)
ioctl$DRM_IOCTL_MODE_GETCRTC(0xffffffffffffffff, 0xc06864a1, &(0x7f0000000240)={&(0x7f00000001c0)=[0x0], 0x1, 0x0, <r5=>0x0})
ioctl$DRM_IOCTL_MODE_SETPROPERTY(0xffffffffffffffff, 0xc01064ab, 0x0) (async)
ioctl$DRM_IOCTL_MODE_SETCRTC(r2, 0xc06864a2, &(0x7f0000000d80)={0x0, 0x0, 0x0, r5, 0xffff0000, 0x7, 0x6, 0x1, {0xddf, 0x0, 0x8000, 0xd, 0x2, 0xfff, 0x8001, 0x2, 0x3, 0x40, 0x2, 0x9, 0x0, 0x6, "399220dab05a54394d6bd000a5ae8f5c495749e9c0e04fbc841223014c5bd20a"}})
ioctl$DRM_IOCTL_MODE_GETRESOURCES(r1, 0xc04064a0, &(0x7f00000000c0)={0x0, 0x0, &(0x7f0000000140)=[0x0, 0x0, 0x0, 0x0], 0x0, 0x0, 0x0, 0x1, 0x22}) (async)
r6 = syz_open_dev$I2C(&(0x7f0000000040), 0x0, 0x80) (async)
ioctl$DRM_IOCTL_MODE_GET_LEASE(r0, 0xc01064c8, &(0x7f0000000180)={0x8, 0x0, &(0x7f0000000100)=[<r7=>0x0, 0x0, 0x0, 0x0, 0x0, 0x0, 0x0, <r8=>0x0]})
ioctl$I2C_TENBIT(r6, 0x704, 0x1) (async)
r9 = syz_open_dev$dri(&(0x7f00000001c0), 0x8, 0x501100) (async)
r10 = syz_open_dev$dri(&(0x7f0000000700), 0x2, 0x101800)
ioctl$DRM_IOCTL_MODE_CREATE_DUMB(r10, 0xc02064b2, &(0x7f0000000000)={0x400, 0x38, 0x967, 0x0, <r11=>0x0})
r12 = syz_open_dev$dri(&(0x7f0000000000), 0x2000000000000000, 0x0)
ioctl$DRM_IOCTL_MODE_CREATE_DUMB(r12, 0xc02064b2, &(0x7f0000000700)={0xf0d, 0x3cfe, 0x3}) (async)
r13 = syz_open_dev$I2C(&(0x7f00000002c0), 0x80, 0x4304c0)
ioctl$I2C_RDWR(r13, 0x707, &(0x7f00000003c0)={&(0x7f0000000380)=[{0x5, 0x4000, 0x3d, &(0x7f0000000340)="aeedb89786a1190e621667437ebfc87b6f341411741d5449031ef4e4182bf6e5f912ba1eb78e7d85ea29aa9b1faa66fd0462e3569e8ea9c8d48ecf21ca"}], 0x1}) (async)
r14 = syz_open_dev$dri(&(0x7f0000000000), 0x2, 0x109000)
ioctl$DRM_IOCTL_MODE_CREATE_DUMB(r14, 0xc02064b2, &(0x7f0000000300)={0x1, 0x7, 0x4}) (async)
r15 = syz_open_dev$dri(&(0x7f0000000700), 0x2, 0x101800)
ioctl$DRM_IOCTL_MODE_CREATE_DUMB(r15, 0xc02064b2, &(0x7f0000000000)={0x400, 0x38, 0x967, 0x0, <r16=>0x0})
ioctl$DRM_IOCTL_MODE_DESTROY_DUMB(r15, 0xc00464b4, &(0x7f0000000040)={r16})
ioctl$DRM_IOCTL_MODE_DESTROY_DUMB(r10, 0xc00464b4, &(0x7f0000000040)={r11})
ioctl$DRM_IOCTL_MODE_GETCRTC(r1, 0xc06864a1, &(0x7f0000000240)={&(0x7f0000000200)=[0x0, 0x0], 0x2, r8}) (async)
ioctl$DRM_IOCTL_MODE_OBJ_GETPROPERTIES(r9, 0xc02064b9, &(0x7f0000000080)={&(0x7f0000000000), 0x0, 0x0, r7, 0xcccccccc})

1.691995301s ago: executing program 2 (id=5972):
syz_open_dev$I2C(&(0x7f00000000c0), 0x0, 0x101400)
syz_open_dev$dri(&(0x7f0000000280), 0x0, 0x4000)
syz_open_dev$I2C(&(0x7f00000000c0), 0x0, 0x101400) (async)
syz_open_dev$dri(&(0x7f0000000280), 0x0, 0x4000) (async)

1.460186182s ago: executing program 2 (id=5973):
r0 = syz_open_dev$dri(&(0x7f0000000700), 0x2, 0x101800)
ioctl$DRM_IOCTL_MODE_CREATE_DUMB(r0, 0xc02064b2, &(0x7f0000000000)={0x400, 0x38, 0x967, 0x0, <r1=>0x0})
ioctl$DRM_IOCTL_PRIME_HANDLE_TO_FD(r0, 0xc00c642d, &(0x7f0000000100)={0x0, 0x80000, <r2=>0xffffffffffffffff})
ioctl$DRM_IOCTL_MODE_CREATE_DUMB(r2, 0xc02064b2, &(0x7f0000000140)={0x80000000, 0x6, 0x81})
r3 = syz_open_dev$dri(&(0x7f0000000000), 0x1, 0x2000)
r4 = syz_open_dev$dri(&(0x7f0000000000), 0x1, 0x2000)
ioctl$DRM_IOCTL_MODE_GETRESOURCES(r4, 0xc04064a0, &(0x7f0000000340)={0x0, &(0x7f0000000280)=[0x0], 0x0, 0x0, 0x0, 0x1})
r5 = syz_open_dev$dri(&(0x7f0000000000), 0x2, 0x1)
ioctl$DRM_IOCTL_MODE_GETRESOURCES(r5, 0xc04064a0, &(0x7f0000000580)={&(0x7f0000000480)=[0x0], &(0x7f00000004c0)=[<r6=>0x0], &(0x7f0000000500), 0x0, 0x1, 0x1})
ioctl$DRM_IOCTL_MODE_GETENCODER(0xffffffffffffffff, 0xc01464a6, 0x0)
ioctl$DRM_IOCTL_INFO_BUFS(0xffffffffffffffff, 0xc0106418, 0x0)
ioctl$DRM_IOCTL_SYNCOBJ_FD_TO_HANDLE_FD(0xffffffffffffffff, 0xc01864c2, 0x0)
r7 = syz_open_dev$dri(&(0x7f0000000840), 0x1, 0x4000)
ioctl$DRM_IOCTL_MODE_ATOMIC(r7, 0xc03864bc, &(0x7f00000017c0)={0x200, 0x0, 0x0, 0x0, 0x0, 0x0, 0x0, 0x1})
ioctl$DRM_IOCTL_MODE_GETCRTC(r5, 0xc06864a1, &(0x7f0000001800)={0x0, 0x0, r6})
ioctl$DRM_IOCTL_MODE_GETCRTC(r4, 0xc06864a1, &(0x7f0000000180)={0x0, 0x0, r6, <r8=>0x0})
ioctl$DRM_IOCTL_MODE_GETFB2(r3, 0xc06864ce, &(0x7f0000000040)={r8, 0x7, 0x5, 0xfffffff8, 0x3, [<r9=>0x0], [0x2, 0xbc01, 0xf, 0x8001], [0x7fff, 0x5, 0x4, 0x8], [0x9, 0x30, 0xfffffffffffffff9]})
r10 = syz_open_dev$dri(&(0x7f00000001c0), 0xa8c, 0x0)
ioctl$DRM_IOCTL_SET_CLIENT_CAP(r10, 0x4010640d, &(0x7f0000000100)={0x9})
ioctl$DRM_IOCTL_GEM_FLINK(r0, 0xc008640a, &(0x7f00000000c0)={r9})
ioctl$DRM_IOCTL_MODE_DESTROY_DUMB(r0, 0xc00464b4, &(0x7f0000000040)={r1})

1.124825248s ago: executing program 2 (id=5974):
r0 = syz_open_dev$dri(&(0x7f0000000000), 0x1, 0x8000)
r1 = syz_open_dev$dri(&(0x7f0000000640), 0x200, 0x0)
r2 = openat$drirender128(0xffffffffffffff9c, &(0x7f0000000b80), 0x800, 0x0)
r3 = syz_open_dev$dri(&(0x7f0000000000), 0x1ff, 0x40540)
ioctl$DRM_IOCTL_MODE_CREATE_LEASE(r3, 0xc01864c6, &(0x7f0000000080)={0x0, 0x0, 0x0, 0x0, <r4=>0xffffffffffffffff})
ioctl$DRM_IOCTL_MODE_CREATEPROPBLOB(r3, 0xc01064bd, &(0x7f0000000600)={&(0x7f0000000780)="eed1343f352d4b53e783bc2e1820c2deb96a9192e203473280d7c8ed43fa4d539f6ded6292e138df5386a9f42f98ce8c6d6b9294755d1a0756ae73e125ebc6c3c2681d1f65f680cf12615dfd30ae9026df9c946e0d9d08b952f1bf18df4a4fa351233ad11e830ef6f6a31148ab0e6e3ad3ab34bcd05f7cf4679b2e77db8a9703e701cb85a7a3aceba183fd60602cf59b5210c9e98e771342555c8ef47f205fa2a835b2ccc5c7086b2bc65b8a0b2ac298ff0ae5761d290c88fd47e19c638bb3a45ce23f68c0a956552163afeecba82b06e6819c77e5e90b40ef829025741b80379a6eb40557a39b2e1535b73a363c1d2ff37b205fef6f815bd2fd73787a5246835eb3c5e4d4ca5f55c0d123d5b6431e51e4173c", 0x113, <r5=>0x0})
ioctl$DRM_IOCTL_MODE_DESTROYPROPBLOB(r4, 0xc00464be, &(0x7f00000001c0)={r5})
r6 = syz_open_dev$dri(&(0x7f0000000000), 0x2b2c, 0x80002)
ioctl$DRM_IOCTL_MODE_CREATE_DUMB(r6, 0xc02064b2, &(0x7f0000000a00)={0xfffffffa, 0x1, 0x7})
r7 = syz_open_dev$dri(&(0x7f0000000000), 0x50dd, 0x0)
ioctl$DRM_IOCTL_MODE_GETRESOURCES(r6, 0xc04064a0, &(0x7f0000000180)={&(0x7f0000000040)=[<r8=>0x0, 0x0], &(0x7f0000000080)=[0x0, 0x0, 0x0, 0x0, 0x0, 0x0], &(0x7f00000000c0)=[0x0], &(0x7f0000000100)=[0x0], 0x2, 0x6, 0x1, 0x1})
ioctl$DRM_IOCTL_MODE_GETFB2(r7, 0xc06864ce, &(0x7f0000000400)={0x0, 0x7, 0x8, 0x7, 0x0, [<r9=>0x0], [0x3, 0x6, 0x8, 0xcf4], [0x1, 0x6, 0x400f, 0x3], [0xf, 0xe, 0xcd, 0x6]})
ioctl$DRM_IOCTL_PRIME_FD_TO_HANDLE(r2, 0xc00c642e, &(0x7f00000002c0)={<r10=>0x0, 0x0, r2})
ioctl$DRM_IOCTL_MODE_GETFB2(r7, 0xc06864ce, &(0x7f0000000300)={r8, 0x6, 0xf4f, 0x1, 0x3, [0x0, 0x0, 0x0, <r11=>0x0], [0x1b2, 0x6, 0x7, 0x4], [0x6, 0x7b, 0x6, 0x7], [0x6, 0x2, 0x43, 0x40000000ad]})
ioctl$DRM_IOCTL_MODE_ADDFB2(r7, 0xc06864b8, &(0x7f0000000380)={r8, 0x6e, 0x8, 0x3, 0x1, [0x0, r9, r10, r11], [0x8, 0x4, 0x84, 0x1], [0x101, 0x5, 0x800, 0xb], [0x0, 0x9, 0x7, 0x3]})
ioctl$DRM_IOCTL_WAIT_VBLANK(r7, 0xc018643a, &(0x7f0000000cc0)={0x10000000, 0x100ae1, 0x6})
r12 = syz_open_dev$dri(&(0x7f0000000000), 0x1ff, 0x40540)
ioctl$DRM_IOCTL_MODE_GETRESOURCES(r12, 0xc04064a0, &(0x7f0000000200)={0x0, &(0x7f0000000140)=[0x0], 0x0, 0x0, 0x0, 0x1})
ioctl$DRM_IOCTL_SYNCOBJ_FD_TO_HANDLE_FD(r6, 0xc01864c2, &(0x7f0000000240)={<r13=>0x0})
ioctl$DRM_IOCTL_SYNCOBJ_FD_TO_HANDLE_SYNC_FILE(r2, 0xc01864c2, &(0x7f0000000280)={<r14=>0x0})
ioctl$DRM_IOCTL_SYNCOBJ_FD_TO_HANDLE_FD(0xffffffffffffffff, 0xc01864c2, &(0x7f0000000240)={<r15=>0x0})
ioctl$DRM_IOCTL_SYNCOBJ_TIMELINE_SIGNAL(0xffffffffffffffff, 0xc01864cd, &(0x7f0000000380)={&(0x7f0000000300)=[0x0, 0x0, 0x0, 0x0, 0x0, 0x0, 0x0, 0x0, 0x0, r15], &(0x7f0000000340), 0xa})
ioctl$DRM_IOCTL_SYNCOBJ_FD_TO_HANDLE_FD(r12, 0xc01864c2, &(0x7f0000000480)={<r16=>0x0})
ioctl$DRM_IOCTL_ADD_CTX(r1, 0xc0086420, &(0x7f0000000540)={<r17=>0x0})
ioctl$DRM_IOCTL_SET_SAREA_CTX(r3, 0x4010641c, &(0x7f0000000580)={r17, &(0x7f0000000680)=""/255})
ioctl$DRM_IOCTL_SYNCOBJ_SIGNAL(r7, 0xc01064c5, &(0x7f0000000500)={&(0x7f00000004c0)=[r13, r14, r15, r16], 0x4})
ioctl$DRM_IOCTL_SYNCOBJ_FD_TO_HANDLE_FD(r0, 0xc01864c2, &(0x7f0000000040)={<r18=>0x0})
ioctl$DRM_IOCTL_SYNCOBJ_TRANSFER(r1, 0xc02064cc, &(0x7f0000000100)={r13, r18, 0x400, 0xa, 0x5})
ioctl$DRM_IOCTL_MODE_CREATE_DUMB(r0, 0xc02064b2, &(0x7f0000000080)={0x8, 0x4, 0x10000, 0x0, <r19=>0x0})
ioctl$DRM_IOCTL_MODE_DESTROY_DUMB(r1, 0xc00464b4, &(0x7f00000000c0)={r19})

7.435704ms ago: executing program 3 (id=5975):
r0 = syz_open_dev$dri(&(0x7f0000000000), 0x2, 0x1)
r1 = syz_open_dev$dri(&(0x7f0000000a00), 0x1ff, 0x401)
ioctl$DRM_IOCTL_MODE_GETPLANERESOURCES(r1, 0xc01064b5, 0x0)
r2 = syz_open_dev$dri(&(0x7f0000000000), 0x660, 0x86140)
r3 = syz_open_dev$dri(&(0x7f0000000040), 0x1, 0x20000)
r4 = syz_open_dev$dri(&(0x7f0000000000), 0x2, 0x123c00)
ioctl$DRM_IOCTL_GET_CAP(r4, 0xc010640c, &(0x7f0000000280)={0x14})
ioctl$DRM_IOCTL_MODE_GETRESOURCES(r3, 0xc04064a0, &(0x7f0000000340)={0x0, 0x0, &(0x7f00000002c0)=[<r5=>0x0], 0x0, 0x0, 0x0, 0x1})
ioctl$DRM_IOCTL_SYNCOBJ_TIMELINE_WAIT(r2, 0xc03064ca, 0x0)
ioctl$DRM_IOCTL_MODE_GETCONNECTOR(r1, 0xc05064a7, &(0x7f0000000480)={0x0, 0x0, &(0x7f0000000400)=[<r6=>0x0, 0x0, 0x0, 0x0, 0x0], &(0x7f00000000c0)=[0x0, 0x0], 0x0, 0x3e1240b61d10f3fb, 0x0, 0x0, r5})
ioctl$DRM_IOCTL_MODE_OBJ_SETPROPERTY(r1, 0xc01864ba, &(0x7f0000000500)={0x7, r6, r5, 0xc0c0c0c0})
ioctl$DRM_IOCTL_MODE_CREATE_DUMB(r0, 0x4020940d, 0x0)
ioctl$DRM_IOCTL_AGP_ENABLE(r0, 0x40086432, &(0x7f0000000040)=0xfffffffe)
ioctl$DRM_IOCTL_MODE_MAP_DUMB(r0, 0xc01064b3, &(0x7f0000000080))

0s ago: executing program 2 (id=5983):
ioctl$DRM_IOCTL_PRIME_HANDLE_TO_FD(0xffffffffffffffff, 0xc00c642d, &(0x7f0000000000)={0x0, 0x0, <r0=>0xffffffffffffffff})
ioctl$DRM_IOCTL_GET_MAGIC(r0, 0x80046402, &(0x7f0000000040)=0x2)
ioctl$DRM_IOCTL_VERSION(r0, 0xc0406400, &(0x7f0000001180)={0x2, 0x15, 0x4, 0x7a, &(0x7f0000000080)=""/122, 0x53, &(0x7f0000000100)=""/83, 0x1000, &(0x7f0000000180)=""/4096}) (async)
ioctl$DRM_IOCTL_AGP_INFO(r0, 0x80386433, &(0x7f00000011c0)=""/44) (async)
r1 = syz_open_dev$dri(&(0x7f0000001200), 0x0, 0x80)
ioctl$DRM_IOCTL_AGP_ENABLE(r1, 0x40086432, &(0x7f0000001240)=0x1) (async)
ioctl$DRM_IOCTL_GEM_FLINK(r1, 0xc008640a, &(0x7f0000001280)={0x0, <r2=>0x0})
ioctl$DRM_IOCTL_GEM_OPEN(r0, 0xc010640b, &(0x7f00000012c0)={r2}) (async)
r3 = openat$drirender128(0xffffffffffffff9c, &(0x7f0000001300), 0x40000, 0x0)
ioctl$DRM_IOCTL_GET_MAGIC(r3, 0x80046402, &(0x7f0000001340)=0xc) (async, rerun: 32)
r4 = syz_open_dev$dri(&(0x7f0000001380), 0x4, 0xc0100) (async, rerun: 32)
r5 = syz_open_dev$dri(&(0x7f00000013c0), 0x800, 0x1)
ioctl$DRM_IOCTL_PRIME_FD_TO_HANDLE(r4, 0xc00c642e, &(0x7f0000001400)={0x0, 0x0, r5}) (async)
ioctl$DRM_IOCTL_SYNCOBJ_CREATE(r1, 0xc00864bf, &(0x7f0000001440)={<r6=>0x0, 0x1})
ioctl$DRM_IOCTL_SYNCOBJ_DESTROY(0xffffffffffffffff, 0xc00864c0, &(0x7f0000001480)={r6}) (async)
r7 = syz_open_dev$dri(&(0x7f00000014c0), 0x7, 0x80000)
ioctl$DRM_IOCTL_AUTH_MAGIC(r7, 0x40046411, &(0x7f0000001500)=0x1) (async)
ioctl$DRM_IOCTL_MODE_GET_LEASE(r3, 0xc01064c8, &(0x7f0000001580)={0x2, 0x0, &(0x7f0000001540)=[0x0, <r8=>0x0]})
ioctl$DRM_IOCTL_MODE_GETRESOURCES(0xffffffffffffffff, 0xc04064a0, &(0x7f00000016c0)={&(0x7f00000015c0)=[0x0, 0x0], &(0x7f0000001600)=[0x0, 0x0, 0x0, 0x0, 0x0, 0x0], &(0x7f0000001640)=[<r9=>0x0, 0x0, 0x0, 0x0, 0x0, 0x0, 0x0, 0x0, 0x0, 0x0], &(0x7f0000001680)=[0x0, 0x0, 0x0, 0x0], 0x2, 0x6, 0xa, 0x4}) (async)
ioctl$DRM_IOCTL_MODE_GETRESOURCES(r7, 0xc04064a0, &(0x7f0000001800)={&(0x7f0000001700)=[0x0, 0x0, 0x0, 0x0], &(0x7f0000001740)=[0x0], &(0x7f0000001780)=[<r10=>0x0, 0x0, 0x0], &(0x7f00000017c0)=[0x0, 0x0, 0x0], 0x4, 0x1, 0x3, 0x3})
ioctl$DRM_IOCTL_MODE_GETPLANE(r7, 0xc02064b6, &(0x7f00000018c0)={0x0, <r11=>0x0, 0x0, 0x0, 0x0, 0xa, &(0x7f0000001880)=[0x0, 0x0, 0x0, 0x0, 0x0, 0x0, 0x0, 0x0, 0x0, 0x0]})
ioctl$DRM_IOCTL_MODE_SETCRTC(r0, 0xc06864a2, &(0x7f0000001900)={&(0x7f0000001840)=[r8, r9, r10], 0x3, r11, 0x0, 0x8, 0x4, 0x1, 0x4068, {0x3, 0x3, 0x7, 0x1ff, 0x1dcc, 0x894, 0x0, 0x6, 0x5, 0x5, 0x1, 0x6, 0x2, 0x5, "782bf450c19a0e800b66965f4b508736494879edeaf2fbc8b6ae026674e06a46"}}) (async)
ioctl$DRM_IOCTL_AGP_ALLOC(r1, 0xc0206434, &(0x7f0000001980)={0xffff, <r12=>0x0, 0x10000})
ioctl$DRM_IOCTL_SG_FREE(r3, 0x40106439, &(0x7f00000019c0)={0x5, r12}) (async, rerun: 64)
ioctl$DRM_IOCTL_SYNCOBJ_SIGNAL(r0, 0xc01064c5, &(0x7f0000001a40)={&(0x7f0000001a00)=[r6, r6, r6, r6, r6, r6], 0x6}) (async, rerun: 64)
ioctl$DRM_IOCTL_SYNCOBJ_FD_TO_HANDLE_FD(r1, 0xc01864c2, &(0x7f0000001a80)={<r13=>0x0})
ioctl$DRM_IOCTL_SYNCOBJ_CREATE(r4, 0xc00864bf, &(0x7f0000001ac0)={<r14=>0x0, 0x1})
ioctl$DRM_IOCTL_SYNCOBJ_QUERY(r3, 0xc01864cb, &(0x7f0000001b80)={&(0x7f0000001b00)=[r6, r6, r13, r14, r6, r6, r6], &(0x7f0000001b40)=[0x40, 0x8], 0x7, 0x1}) (async)
ioctl$DRM_IOCTL_SYNCOBJ_TIMELINE_SIGNAL(r3, 0xc01864cd, &(0x7f0000001c80)={&(0x7f0000001bc0), &(0x7f0000001c00)=[0x4, 0x8001, 0x6000000000000, 0x2, 0x9, 0x0, 0x40, 0x3, 0x66b4], 0x0, 0x1}) (async)
ioctl$DRM_IOCTL_SYNCOBJ_FD_TO_HANDLE_FD(r5, 0xc01864c2, &(0x7f0000001d00))

kernel console output (not intermixed with test programs):

 shmem_thp:0kB shmem_pmdmapped:0kB anon_thp:0kB kernel_stack:6512kB pagetables:3568kB sec_pagetables:0kB all_unreclaimable? no Balloon:0kB
[  634.858263][T24238] Node 0 DMA free:15360kB boost:0kB min:452kB low:564kB high:676kB reserved_highatomic:0KB free_highatomic:0KB active_anon:0kB inactive_anon:0kB active_file:0kB inactive_file:0kB unevictable:0kB writepending:0kB zspages:0kB present:15992kB managed:15360kB mlocked:0kB bounce:0kB free_pcp:0kB local_pcp:0kB free_cma:0kB
[  634.882493][T24238] lowmem_reserve[]: 0 1176 1176 1176 1176
[  634.885854][T24238] Node 0 DMA32 free:368744kB boost:0kB min:34836kB low:43544kB high:52252kB reserved_highatomic:0KB free_highatomic:0KB active_anon:9672kB inactive_anon:0kB active_file:6032kB inactive_file:79428kB unevictable:5072kB writepending:960kB zspages:0kB present:2080772kB managed:1204832kB mlocked:0kB bounce:0kB free_pcp:22644kB local_pcp:224kB free_cma:0kB
[  634.911210][T24238] lowmem_reserve[]: 0 0 0 0 0
[  634.918534][T24238] Node 1 DMA32 free:897024kB boost:0kB min:29136kB low:36420kB high:43704kB reserved_highatomic:0KB free_highatomic:0KB active_anon:272kB inactive_anon:0kB active_file:8kB inactive_file:100kB unevictable:0kB writepending:4kB zspages:0kB present:1048444kB managed:982908kB mlocked:0kB bounce:0kB free_pcp:24424kB local_pcp:15760kB free_cma:0kB
[  634.967219][T24238] lowmem_reserve[]: 0 0 846 846 846
[  634.976844][T24238] Node 1 Normal free:93780kB boost:0kB min:25680kB low:32100kB high:38520kB reserved_highatomic:0KB free_highatomic:0KB active_anon:17920kB inactive_anon:0kB active_file:6352kB inactive_file:131300kB unevictable:5072kB writepending:7244kB zspages:0kB present:1048576kB managed:866440kB mlocked:0kB bounce:0kB free_pcp:8788kB local_pcp:4948kB free_cma:0kB
[  635.007552][T24238] lowmem_reserve[]: 0 0 0 0 0
[  635.011518][T24238] Node 0 DMA: 0*4kB 0*8kB 0*16kB 0*32kB 0*64kB 0*128kB 0*256kB 0*512kB 1*1024kB (U) 1*2048kB (M) 3*4096kB (M) = 15360kB
[  635.020241][T24238] Node 0 DMA32: 3*4kB (E) 1*8kB (M) 4*16kB (ME) 67*32kB (UME) 50*64kB (ME) 20*128kB (UME) 15*256kB (UME) 179*512kB (UM) 133*1024kB (UME) 17*2048kB (UM) 23*4096kB (UM) = 368692kB
[  635.058138][T24238] Node 1 DMA32: 71*4kB (UM) 58*8kB (UME) 90*16kB (UME) 106*32kB (UM) 89*64kB (UME) 96*128kB (UME) 77*256kB (UME) 79*512kB (UE) 66*1024kB (UME) 22*2048kB (UME) 177*4096kB (UM) = 921356kB
[  635.108736][T24238] Node 1 Normal: 60*4kB (ME) 126*8kB (M) 68*16kB (M) 27*32kB (UM) 22*64kB (UME) 63*128kB (UME) 65*256kB (UME) 41*512kB (UME) 21*1024kB (UM) 1*2048kB (M) 0*4096kB = 73856kB
[  635.130300][T24238] Node 0 hugepages_total=2 hugepages_free=2 hugepages_surp=0 hugepages_size=2048kB
[  635.147056][T24238] Node 1 hugepages_total=2 hugepages_free=2 hugepages_surp=0 hugepages_size=2048kB
[  635.188727][T24238] 59376 total pagecache pages
[  635.191272][T24238] 0 pages in swap cache
[  635.224695][T24238] Free swap  = 124996kB
[  635.226688][T24238] Total swap = 124996kB
[  635.230371][T24238] 1048446 pages RAM
[  635.232166][T24238] 0 pages HighMem/MovableOnly
[  635.234366][T24238] 281061 pages reserved
[  635.236227][T24238] 0 pages cma reserved
[  637.776778][T24496] EDID block 0 (tag 0x00) checksum is invalid, remainder is 6
[  638.036131][T24516] i2c i2c-0: Invalid block write size 137
[  638.962679][    C1] vkms_vblank_simulate: vblank timer overrun
[  639.291550][    C1] vkms_vblank_simulate: vblank timer overrun
[  640.413839][    C1] vkms_vblank_simulate: vblank timer overrun
[  640.652762][    C1] vkms_vblank_simulate: vblank timer overrun
[  640.974251][    C1] vkms_vblank_simulate: vblank timer overrun
[  641.015454][T24553] i2c i2c-0: Invalid block write size 137
[  641.095843][T24553] i2c i2c-0: Invalid block write size 133
[  643.513859][T24616] i2c i2c-0: Invalid block write size 137
[  643.615624][    C1] vkms_vblank_simulate: vblank timer overrun
[  643.853725][    C1] vkms_vblank_simulate: vblank timer overrun
[  644.889089][T24665] i2c i2c-0: Invalid block write size 137
[  644.899167][T24666] i2c i2c-0: Invalid block write size 137
[  644.909340][T24571] warn_alloc: 8 callbacks suppressed
[  644.909358][T24571] syz.0.4433: vmalloc error: size 261324800, failed to allocated page array size 510400, mode:0xdc2(GFP_KERNEL|__GFP_HIGHMEM|__GFP_ZERO), nodemask=(null),cpuset=/,mems_allowed=0-1
[  644.909516][T24571] CPU: 1 UID: 0 PID: 24571 Comm: syz.0.4433 Not tainted 6.18.0 #1 PREEMPT(full) 
[  644.909540][T24571] Hardware name: QEMU Standard PC (i440FX + PIIX, 1996), BIOS rel-1.16.3-0-ga6ed6b701f0a-prebuilt.qemu.org 04/01/2014
[  644.909552][T24571] Call Trace:
[  644.909560][T24571]  <TASK>
[  644.909568][T24571]  dump_stack_lvl+0x180/0x1b0
[  644.909604][T24571]  warn_alloc+0x211/0x360
[  644.909630][T24571]  ? __pfx_warn_alloc+0x10/0x10
[  644.909652][T24571]  ? __pfx_alloc_vmap_area+0x10/0x10
[  644.909679][T24571]  ? __get_vm_area_node+0x10c/0x340
[  644.909715][T24571]  ? drm_property_create_blob.part.0+0x34/0x320
[  644.909744][T24571]  ? __vmalloc_node_noprof+0xac/0xf0
[  644.909778][T24571]  __vmalloc_node_range_noprof+0xfaa/0x13b0
[  644.909827][T24571]  ? drm_property_create_blob.part.0+0x34/0x320
[  644.909860][T24571]  ? __pfx___vmalloc_node_range_noprof+0x10/0x10
[  644.909899][T24571]  __kvmalloc_node_noprof+0x41f/0x9d0
[  644.909957][T24571]  ? drm_property_create_blob.part.0+0x34/0x320
[  644.909987][T24571]  ? drm_property_create_blob.part.0+0x34/0x320
[  644.913811][T24571]  ? drm_property_create_blob.part.0+0x34/0x320
[  644.913842][T24571]  drm_property_create_blob.part.0+0x34/0x320
[  644.913877][T24571]  drm_mode_createblob_ioctl+0x139/0x490
[  644.913912][T24571]  drm_ioctl_kernel+0x1ed/0x3e0
[  644.913931][T24571]  ? __pfx_drm_mode_createblob_ioctl+0x10/0x10
[  644.913963][T24571]  ? __pfx_drm_ioctl_kernel+0x10/0x10
[  644.913991][T24571]  drm_ioctl+0x574/0xb90
[  644.914013][T24571]  ? __pfx_drm_mode_createblob_ioctl+0x10/0x10
[  644.914045][T24571]  ? __pfx_drm_ioctl+0x10/0x10
[  644.914066][T24571]  ? hook_file_ioctl_common+0x146/0x3f0
[  644.914100][T24571]  ? __fget_files+0x1fb/0x3b0
[  644.914129][T24571]  ? __pfx_drm_ioctl+0x10/0x10
[  644.914149][T24571]  __x64_sys_ioctl+0x18f/0x210
[  644.914172][T24571]  do_syscall_64+0xcb/0xfa0
[  644.914206][T24571]  entry_SYSCALL_64_after_hwframe+0x77/0x7f
[  644.914226][T24571] RIP: 0033:0x7f83125b059d
[  644.914244][T24571] Code: 02 b8 ff ff ff ff c3 66 0f 1f 44 00 00 f3 0f 1e fa 48 89 f8 48 89 f7 48 89 d6 48 89 ca 4d 89 c2 4d 89 c8 4c 8b 4c 24 08 0f 05 <48> 3d 01 f0 ff ff 73 01 c3 48 c7 c1 a8 ff ff ff f7 d8 64 89 01 48
[  644.914263][T24571] RSP: 002b:00007f83133d4f98 EFLAGS: 00000246 ORIG_RAX: 0000000000000010
[  644.914282][T24571] RAX: ffffffffffffffda RBX: 00007f8312825fa0 RCX: 00007f83125b059d
[  644.914364][T24571] RDX: 0000200000000100 RSI: 00000000c01064bd RDI: 0000000000000009
[  644.914375][T24571] RBP: 00007f831264e078 R08: 0000000000000000 R09: 0000000000000000
[  644.914384][T24571] R10: 0000000000000000 R11: 0000000000000246 R12: 0000000000000000
[  644.914395][T24571] R13: 00007f8312826038 R14: 00007f8312825fa0 R15: 00007f83133b5000
[  644.914420][T24571]  </TASK>
[  644.914597][T24571] Mem-Info:
[  645.099461][    C1] vkms_vblank_simulate: vblank timer overrun
[  645.147534][    C1] vkms_vblank_simulate: vblank timer overrun
[  645.259361][T24571] active_anon:6911 inactive_anon:0 isolated_anon:0
[  645.259361][T24571]  active_file:3098 inactive_file:52719 isolated_file:0
[  645.259361][T24571]  unevictable:2536 dirty:2239 writeback:0
[  645.259361][T24571]  slab_reclaimable:13096 slab_unreclaimable:64726
[  645.259361][T24571]  mapped:27802 shmem:3567 pagetables:1894
[  645.259361][T24571]  sec_pagetables:0 bounce:0
[  645.259361][T24571]  kernel_misc_reclaimable:0
[  645.259361][T24571]  free:473249 free_pcp:16632 free_cma:0
[  645.308045][    C1] vkms_vblank_simulate: vblank timer overrun
[  645.321845][T24571] Node 0 active_anon:9124kB inactive_anon:0kB active_file:6032kB inactive_file:79428kB unevictable:5072kB isolated(anon):0kB isolated(file):0kB mapped:45612kB dirty:1564kB writeback:0kB shmem:7108kB shmem_thp:0kB shmem_pmdmapped:0kB anon_thp:0kB kernel_stack:5648kB pagetables:3936kB sec_pagetables:0kB all_unreclaimable? no Balloon:0kB
[  645.362396][    C1] vkms_vblank_simulate: vblank timer overrun
[  645.371911][T24571] Node 1 active_anon:18520kB inactive_anon:0kB active_file:6360kB inactive_file:131448kB unevictable:5072kB isolated(anon):0kB isolated(file):0kB mapped:65596kB dirty:7392kB writeback:0kB shmem:7160kB shmem_thp:0kB shmem_pmdmapped:0kB anon_thp:0kB kernel_stack:6548kB pagetables:3764kB sec_pagetables:0kB all_unreclaimable? no Balloon:0kB
[  645.410447][    C1] vkms_vblank_simulate: vblank timer overrun
[  645.418345][T24571] Node 0 DMA free:15360kB boost:0kB min:452kB low:564kB high:676kB reserved_highatomic:0KB free_highatomic:0KB active_anon:0kB inactive_anon:0kB active_file:0kB inactive_file:0kB unevictable:0kB writepending:0kB zspages:0kB present:15992kB managed:15360kB mlocked:0kB bounce:0kB free_pcp:0kB local_pcp:0kB free_cma:0kB
[  645.445642][T24571] lowmem_reserve[]: 0 1176 1176 1176 1176
[  645.456681][T24571] Node 0 DMA32 free:667944kB boost:0kB min:34836kB low:43544kB high:52252kB reserved_highatomic:0KB free_highatomic:0KB active_anon:9124kB inactive_anon:0kB active_file:6032kB inactive_file:79428kB unevictable:5072kB writepending:1564kB zspages:0kB present:2080772kB managed:1204832kB mlocked:0kB bounce:0kB free_pcp:36668kB local_pcp:192kB free_cma:0kB
[  645.499975][    C1] vkms_vblank_simulate: vblank timer overrun
[  645.517152][T24571] lowmem_reserve[]: 0 0 0 0 0
[  645.537871][T24571] Node 1 DMA32 free:962720kB boost:0kB min:29136kB low:36420kB high:43704kB reserved_highatomic:0KB free_highatomic:0KB active_anon:148kB inactive_anon:0kB active_file:8kB inactive_file:100kB unevictable:0kB writepending:4kB zspages:0kB present:1048444kB managed:982908kB mlocked:0kB bounce:0kB free_pcp:17856kB local_pcp:17520kB free_cma:0kB
[  645.579776][    C1] vkms_vblank_simulate: vblank timer overrun
[  645.583318][T24571] lowmem_reserve[]: 0 0 846 846 846
[  645.614068][    C1] vkms_vblank_simulate: vblank timer overrun
[  645.626045][T24571] Node 1 Normal free:247564kB boost:0kB min:25680kB low:32100kB high:38520kB reserved_highatomic:0KB free_highatomic:0KB active_anon:18340kB inactive_anon:0kB active_file:6352kB inactive_file:131348kB unevictable:5072kB writepending:7380kB zspages:0kB present:1048576kB managed:866440kB mlocked:0kB bounce:0kB free_pcp:12444kB local_pcp:5516kB free_cma:0kB
[  645.676897][    C1] vkms_vblank_simulate: vblank timer overrun
[  645.696441][    C1] vkms_vblank_simulate: vblank timer overrun
[  645.705424][T24571] lowmem_reserve[]: 0 0 0 0 0
[  645.712743][T24571] Node 0 DMA: 0*4kB 0*8kB 0*16kB 0*32kB 0*64kB 0*128kB 0*256kB 0*512kB 1*1024kB (U) 1*2048kB (M) 3*4096kB (M) = 15360kB
[  645.737779][T24571] Node 0 DMA32: 1497*4kB (UME) 1494*8kB (UME) 1061*16kB (UME) 1087*32kB (UME) 863*64kB (UME) 568*128kB (UME) 309*256kB (UME) 237*512kB (UME) 130*1024kB (UME) 16*2048kB (UM) 26*4096kB (UM) = 670468kB
[  645.762036][    C1] vkms_vblank_simulate: vblank timer overrun
[  645.779149][T24571] Node 1 DMA32: 43*4kB (UM) 55*8kB (UME) 50*16kB (UME) 90*32kB (UM) 84*64kB (UME) 73*128kB (UME) 73*256kB (UME) 59*512kB (UME) 52*1024kB (UME) 32*2048kB (UME) 190*4096kB (UM) = 964932kB
[  645.807114][T24571] Node 1 Normal: 208*4kB (UME) 45*8kB (UME) 10*16kB (UME) 1193*32kB (UME) 422*64kB (UE) 427*128kB (UME) 210*256kB (UME) 70*512kB (UME) 34*1024kB (UM) 1*2048kB (U) 0*4096kB = 247656kB
[  645.858873][    C1] vkms_vblank_simulate: vblank timer overrun
[  645.905875][    C1] vkms_vblank_simulate: vblank timer overrun
[  645.912593][T24571] Node 0 hugepages_total=2 hugepages_free=2 hugepages_surp=0 hugepages_size=2048kB
[  645.931591][T24571] Node 1 hugepages_total=2 hugepages_free=2 hugepages_surp=0 hugepages_size=2048kB
[  645.945191][T24571] 59391 total pagecache pages
[  645.952696][T24571] 0 pages in swap cache
[  645.954399][T24571] Free swap  = 124996kB
[  645.967857][T24571] Total swap = 124996kB
[  645.973563][T24571] 1048446 pages RAM
[  645.975639][T24571] 0 pages HighMem/MovableOnly
[  645.992198][T24571] 281061 pages reserved
[  645.994155][T24571] 0 pages cma reserved
[  648.327210][T24818] i2c i2c-0: Invalid block write size 137
[  648.656909][    C1] vkms_vblank_simulate: vblank timer overrun
[  648.865988][T24855] i2c i2c-0: Invalid block write size 133
[  649.310733][    C1] vkms_vblank_simulate: vblank timer overrun
[  649.334595][    C1] vkms_vblank_simulate: vblank timer overrun
[  649.494870][    C1] vkms_vblank_simulate: vblank timer overrun
[  650.284352][T24891] i2c i2c-0: Invalid block write size 34
[  651.216327][    C1] vkms_vblank_simulate: vblank timer overrun
[  651.631711][    C1] vkms_vblank_simulate: vblank timer overrun
[  651.642671][T24967] EDID block 0 (tag 0x00) checksum is invalid, remainder is 6
[  651.741528][    C1] vkms_vblank_simulate: vblank timer overrun
[  653.309019][T25043] i2c i2c-0: Invalid block write size 137
[  653.473953][    C1] vkms_vblank_simulate: vblank timer overrun
[  654.838193][T25119] i2c i2c-0: Invalid block write size 133
[  654.993257][T25129] i2c i2c-0: Invalid block write size 137
[  657.778025][T25048] warn_alloc: 1 callbacks suppressed
[  657.812967][T25048] syz.0.4610: vmalloc error: size 3551232, failed to allocated page array size 6936, mode:0xdc2(GFP_KERNEL|__GFP_HIGHMEM|__GFP_ZERO), nodemask=(null),cpuset=/,mems_allowed=0-1
[  657.824946][T25048] CPU: 2 UID: 0 PID: 25048 Comm: syz.0.4610 Not tainted 6.18.0 #1 PREEMPT(full) 
[  657.824975][T25048] Hardware name: QEMU Standard PC (i440FX + PIIX, 1996), BIOS rel-1.16.3-0-ga6ed6b701f0a-prebuilt.qemu.org 04/01/2014
[  657.825072][T25048] Call Trace:
[  657.825113][T25048]  <TASK>
[  657.825171][T25048]  dump_stack_lvl+0x180/0x1b0
[  657.825836][T25048]  warn_alloc+0x211/0x360
[  657.826064][T25048]  ? __pfx_warn_alloc+0x10/0x10
[  657.826081][T25048]  ? rcu_is_watching+0x12/0xc0
[  657.826209][T25048]  ? __pfx_alloc_vmap_area+0x10/0x10
[  657.826291][T25048]  ? __get_vm_area_node+0x10c/0x340
[  657.826323][T25048]  ? drm_property_create_blob.part.0+0x34/0x320
[  657.826497][T25048]  ? __vmalloc_node_noprof+0xac/0xf0
[  657.826529][T25048]  __vmalloc_node_range_noprof+0xfaa/0x13b0
[  657.826583][T25048]  ? alloc_vmap_area+0x55c/0x2860
[  657.826607][T25048]  ? drm_property_create_blob.part.0+0x34/0x320
[  657.826642][T25048]  ? __pfx___vmalloc_node_range_noprof+0x10/0x10
[  657.826668][T25048]  ? __pfx_alloc_vmap_area+0x10/0x10
[  657.826691][T25048]  ? stack_trace_save+0x8e/0xc0
[  657.829932][T25048]  ? __get_vm_area_node+0x10c/0x340
[  657.829970][T25048]  ? drm_property_create_blob.part.0+0x34/0x320
[  657.830000][T25048]  __vmalloc_node_noprof+0xac/0xf0
[  657.830031][T25048]  ? drm_property_create_blob.part.0+0x34/0x320
[  657.830063][T25048]  __vmalloc_node_range_noprof+0x40d/0x13b0
[  657.830095][T25048]  ? do_raw_spin_lock+0x12b/0x2b0
[  657.830157][T25048]  ? drm_property_create_blob.part.0+0x34/0x320
[  657.830194][T25048]  ? __pfx___vmalloc_node_range_noprof+0x10/0x10
[  657.830236][T25048]  __kvmalloc_node_noprof+0x41f/0x9d0
[  657.830289][T25048]  ? drm_property_create_blob.part.0+0x34/0x320
[  657.830320][T25048]  ? drm_property_create_blob.part.0+0x34/0x320
[  657.830355][T25048]  ? drm_property_create_blob.part.0+0x34/0x320
[  657.830385][T25048]  drm_property_create_blob.part.0+0x34/0x320
[  657.830417][T25048]  drm_mode_createblob_ioctl+0x139/0x490
[  657.830451][T25048]  drm_ioctl_kernel+0x1ed/0x3e0
[  657.830484][T25048]  ? __pfx_drm_mode_createblob_ioctl+0x10/0x10
[  657.830513][T25048]  ? __pfx_drm_ioctl_kernel+0x10/0x10
[  657.830540][T25048]  drm_ioctl+0x574/0xb90
[  657.830561][T25048]  ? __pfx_drm_mode_createblob_ioctl+0x10/0x10
[  657.830591][T25048]  ? __pfx_drm_ioctl+0x10/0x10
[  657.830611][T25048]  ? hook_file_ioctl_common+0x146/0x3f0
[  657.830813][T25048]  ? __fget_files+0x1fb/0x3b0
[  657.830883][T25048]  ? __pfx_drm_ioctl+0x10/0x10
[  657.830900][T25048]  __x64_sys_ioctl+0x18f/0x210
[  657.830931][T25048]  do_syscall_64+0xcb/0xfa0
[  657.830999][T25048]  entry_SYSCALL_64_after_hwframe+0x77/0x7f
[  657.831076][T25048] RIP: 0033:0x7f83125b059d
[  657.831177][T25048] Code: 02 b8 ff ff ff ff c3 66 0f 1f 44 00 00 f3 0f 1e fa 48 89 f8 48 89 f7 48 89 d6 48 89 ca 4d 89 c2 4d 89 c8 4c 8b 4c 24 08 0f 05 <48> 3d 01 f0 ff ff 73 01 c3 48 c7 c1 a8 ff ff ff f7 d8 64 89 01 48
[  657.831197][T25048] RSP: 002b:00007f83133d4f98 EFLAGS: 00000246 ORIG_RAX: 0000000000000010
[  657.831254][T25048] RAX: ffffffffffffffda RBX: 00007f8312825fa0 RCX: 00007f83125b059d
[  657.831266][T25048] RDX: 0000200000000000 RSI: 00000000c01064bd RDI: 0000000000000005
[  657.831309][T25048] RBP: 00007f831264e078 R08: 0000000000000000 R09: 0000000000000000
[  657.831320][T25048] R10: 0000000000000000 R11: 0000000000000246 R12: 0000000000000000
[  657.831332][T25048] R13: 00007f8312826038 R14: 00007f8312825fa0 R15: 00007f83133b5000
[  657.831360][T25048]  </TASK>
[  658.276180][T25048] Mem-Info:
[  658.293427][T25048] active_anon:6914 inactive_anon:0 isolated_anon:0
[  658.293427][T25048]  active_file:3197 inactive_file:52736 isolated_file:0
[  658.293427][T25048]  unevictable:2536 dirty:2183 writeback:0
[  658.293427][T25048]  slab_reclaimable:13120 slab_unreclaimable:64312
[  658.293427][T25048]  mapped:25753 shmem:3567 pagetables:1737
[  658.293427][T25048]  sec_pagetables:0 bounce:0
[  658.293427][T25048]  kernel_misc_reclaimable:0
[  658.293427][T25048]  free:433792 free_pcp:10560 free_cma:0
[  658.339519][T25048] Node 0 active_anon:9624kB inactive_anon:0kB active_file:6040kB inactive_file:79456kB unevictable:5072kB isolated(anon):0kB isolated(file):0kB mapped:44280kB dirty:1368kB writeback:0kB shmem:7116kB shmem_thp:0kB shmem_pmdmapped:0kB anon_thp:0kB kernel_stack:5648kB pagetables:3688kB sec_pagetables:0kB all_unreclaimable? no Balloon:0kB
[  658.485751][T25048] Node 1 active_anon:18624kB inactive_anon:0kB active_file:6748kB inactive_file:131488kB unevictable:5072kB isolated(anon):0kB isolated(file):0kB mapped:58740kB dirty:7316kB writeback:0kB shmem:7152kB shmem_thp:0kB shmem_pmdmapped:0kB anon_thp:0kB kernel_stack:6608kB pagetables:3356kB sec_pagetables:0kB all_unreclaimable? no Balloon:0kB
[  658.513398][T25048] Node 0 DMA free:15360kB boost:0kB min:452kB low:564kB high:676kB reserved_highatomic:0KB free_highatomic:0KB active_anon:0kB inactive_anon:0kB active_file:0kB inactive_file:0kB unevictable:0kB writepending:0kB zspages:0kB present:15992kB managed:15360kB mlocked:0kB bounce:0kB free_pcp:0kB local_pcp:0kB free_cma:0kB
[  658.537057][T25048] lowmem_reserve[]: 0 1176 1176 1176 1176
[  658.543115][T25048] Node 0 DMA32 free:557988kB boost:0kB min:34836kB low:43544kB high:52252kB reserved_highatomic:0KB free_highatomic:0KB active_anon:9724kB inactive_anon:0kB active_file:6040kB inactive_file:79456kB unevictable:5072kB writepending:1364kB zspages:0kB present:2080772kB managed:1204832kB mlocked:0kB bounce:0kB free_pcp:13212kB local_pcp:5564kB free_cma:0kB
[  658.583887][T25048] lowmem_reserve[]: 0 0 0 0 0
[  658.586065][T25048] Node 1 DMA32 free:967420kB boost:0kB min:29136kB low:36420kB high:43704kB reserved_highatomic:0KB free_highatomic:0KB active_anon:144kB inactive_anon:0kB active_file:8kB inactive_file:100kB unevictable:0kB writepending:0kB zspages:0kB present:1048444kB managed:982908kB mlocked:0kB bounce:0kB free_pcp:13984kB local_pcp:8884kB free_cma:0kB
[  658.645964][T25048] lowmem_reserve[]: 0 0 846 846 846
[  658.648359][T25048] Node 1 Normal free:187232kB boost:0kB min:25680kB low:32100kB high:38520kB reserved_highatomic:0KB free_highatomic:0KB active_anon:18560kB inactive_anon:0kB active_file:6740kB inactive_file:131388kB unevictable:5072kB writepending:7352kB zspages:0kB present:1048576kB managed:866440kB mlocked:0kB bounce:0kB free_pcp:12228kB local_pcp:192kB free_cma:0kB
[  658.681755][T25048] lowmem_reserve[]: 0 0 0 0 0
[  658.684151][T25048] Node 0 DMA: 0*4kB 0*8kB 0*16kB 0*32kB 0*64kB 0*128kB 0*256kB 0*512kB 1*1024kB (U) 1*2048kB (M) 3*4096kB (M) = 15360kB
[  658.701086][T25048] Node 0 DMA32: 520*4kB (UME) 34*8kB (ME) 87*16kB (UME) 89*32kB (UME) 49*64kB (ME) 542*128kB (UME) 320*256kB (UME) 237*512kB (UME) 129*1024kB (UME) 18*2048kB (UM) 26*4096kB (UM) = 557824kB
[  658.720272][T25048] Node 1 DMA32: 43*4kB (UM) 50*8kB (UME) 52*16kB (UME) 70*32kB (UM) 69*64kB (UME) 53*128kB (UME) 57*256kB (UME) 48*512kB (UME) 46*1024kB (UME) 31*2048kB (UME) 196*4096kB (UM) = 967420kB
[  658.741636][T25048] Node 1 Normal: 3*4kB (UME) 53*8kB (UME) 6*16kB (UM) 12*32kB (UME) 5*64kB (E) 425*128kB (UME) 218*256kB (UME) 76*512kB (UME) 34*1024kB (UM) 1*2048kB (U) 0*4096kB = 187220kB
[  658.757377][T25048] Node 0 hugepages_total=2 hugepages_free=2 hugepages_surp=0 hugepages_size=2048kB
[  658.769146][T25048] Node 1 hugepages_total=2 hugepages_free=2 hugepages_surp=0 hugepages_size=2048kB
[  658.780134][T25048] 59507 total pagecache pages
[  658.783805][T25048] 0 pages in swap cache
[  658.787286][T25048] Free swap  = 124996kB
[  658.794454][T25048] Total swap = 124996kB
[  658.802586][T25048] 1048446 pages RAM
[  658.805187][T25048] 0 pages HighMem/MovableOnly
[  658.822151][T25048] 281061 pages reserved
[  658.860015][T25048] 0 pages cma reserved
[  658.893342][T25231] Bluetooth: hci3: unexpected cc 0x0c03 length: 249 > 1
[  658.907272][T25231] Bluetooth: hci3: unexpected cc 0x1003 length: 249 > 9
[  658.908776][   T12] netdevsim netdevsim2 netdevsim3 (unregistering): unset [1, 0] type 2 family 0 port 6081 - 0
[  658.916200][T25231] Bluetooth: hci3: unexpected cc 0x1001 length: 249 > 9
[  658.933384][T25231] Bluetooth: hci3: unexpected cc 0x0c23 length: 249 > 4
[  658.946993][T25231] Bluetooth: hci3: unexpected cc 0x0c38 length: 249 > 2
[  659.142009][   T12] netdevsim netdevsim2 netdevsim2 (unregistering): unset [1, 0] type 2 family 0 port 6081 - 0
[  659.367673][   T12] netdevsim netdevsim2 netdevsim1 (unregistering): unset [1, 0] type 2 family 0 port 6081 - 0
[  659.609427][   T12] netdevsim netdevsim2 netdevsim0 (unregistering): unset [1, 0] type 2 family 0 port 6081 - 0
[  660.456176][   T12] bridge_slave_1: left allmulticast mode
[  660.459109][   T12] bridge_slave_1: left promiscuous mode
[  660.522044][   T12] bridge0: port 2(bridge_slave_1) entered disabled state
[  660.603798][   T12] bridge_slave_0: left allmulticast mode
[  660.612995][   T12] bridge_slave_0: left promiscuous mode
[  660.624282][   T12] bridge0: port 1(bridge_slave_0) entered disabled state
[  661.040690][ T5209] Bluetooth: hci3: command tx timeout
[  661.728931][   T12] bond0 (unregistering): (slave bond_slave_0): Releasing backup interface
[  661.762280][   T12] bond0 (unregistering): (slave bond_slave_1): Releasing backup interface
[  661.784286][   T12] bond0 (unregistering): Released all slaves
[  662.626105][T25227] chnl_net:caif_netlink_parms(): no params data found
[  663.123832][ T5209] Bluetooth: hci3: command tx timeout
[  663.523594][   T12] hsr_slave_0: left promiscuous mode
[  663.535526][   T12] hsr_slave_1: left promiscuous mode
[  663.540276][   T12] batman_adv: batadv0: Interface deactivated: batadv_slave_0
[  663.558031][   T12] batman_adv: batadv0: Removing interface: batadv_slave_0
[  663.571771][   T12] batman_adv: batadv0: Interface deactivated: batadv_slave_1
[  663.587778][   T12] batman_adv: batadv0: Removing interface: batadv_slave_1
[  663.622973][   T12] veth1_macvtap: left promiscuous mode
[  663.630426][   T12] veth0_macvtap: left promiscuous mode
[  663.638187][   T12] veth1_vlan: left promiscuous mode
[  663.641545][   T12] veth0_vlan: left promiscuous mode
[  665.206879][ T5209] Bluetooth: hci3: command tx timeout
[  665.467101][    C3] vkms_vblank_simulate: vblank timer overrun
[  665.552070][    C3] vkms_vblank_simulate: vblank timer overrun
[  665.927835][    C3] vkms_vblank_simulate: vblank timer overrun
[  666.061357][    C3] vkms_vblank_simulate: vblank timer overrun
[  666.222375][   T12] team0 (unregistering): Port device team_slave_1 removed
[  666.368791][   T12] team0 (unregistering): Port device team_slave_0 removed
[  667.291794][ T5209] Bluetooth: hci3: command tx timeout
[  667.756793][T25227] bridge0: port 1(bridge_slave_0) entered blocking state
[  667.790679][T25227] bridge0: port 1(bridge_slave_0) entered disabled state
[  667.809967][T25227] bridge_slave_0: entered allmulticast mode
[  667.824074][T25227] bridge_slave_0: entered promiscuous mode
[  667.840045][T25227] bridge0: port 2(bridge_slave_1) entered blocking state
[  667.848363][T25227] bridge0: port 2(bridge_slave_1) entered disabled state
[  667.860329][T25227] bridge_slave_1: entered allmulticast mode
[  667.876324][T25227] bridge_slave_1: entered promiscuous mode
[  667.956430][T25227] bond0: (slave bond_slave_0): Enslaving as an active interface with an up link
[  667.988008][T25227] bond0: (slave bond_slave_1): Enslaving as an active interface with an up link
[  668.046039][T25227] team0: Port device team_slave_0 added
[  668.051590][T25227] team0: Port device team_slave_1 added
[  668.140433][T25227] batman_adv: batadv0: Adding interface: batadv_slave_0
[  668.153231][T25227] batman_adv: batadv0: The MTU of interface batadv_slave_0 is too small (1500) to handle the transport of batman-adv packets. Packets going over this interface will be fragmented on layer2 which could impact the performance. Setting the MTU to 1532 would solve the problem.
[  668.204936][T25227] batman_adv: batadv0: Not using interface batadv_slave_0 (retrying later): interface not active
[  668.224243][T25227] batman_adv: batadv0: Adding interface: batadv_slave_1
[  668.471053][    C3] vkms_vblank_simulate: vblank timer overrun
[  668.496007][    C3] vkms_vblank_simulate: vblank timer overrun
[  668.548706][T25227] batman_adv: batadv0: The MTU of interface batadv_slave_1 is too small (1500) to handle the transport of batman-adv packets. Packets going over this interface will be fragmented on layer2 which could impact the performance. Setting the MTU to 1532 would solve the problem.
[  668.601054][T25227] batman_adv: batadv0: Not using interface batadv_slave_1 (retrying later): interface not active
[  669.278213][T25227] hsr_slave_0: entered promiscuous mode
[  669.296517][T25227] hsr_slave_1: entered promiscuous mode
[  669.312888][T25227] debugfs: 'hsr0' already exists in 'hsr'
[  669.320880][T25227] Cannot create hsr debugfs directory
[  669.906326][T25501] warn_alloc: 4 callbacks suppressed
[  669.906344][T25501] syz.1.4726: vmalloc error: size 3551232, failed to allocated page array size 6936, mode:0xdc2(GFP_KERNEL|__GFP_HIGHMEM|__GFP_ZERO), nodemask=(null),cpuset=/,mems_allowed=0-1
[  669.925195][T25501] CPU: 2 UID: 0 PID: 25501 Comm: syz.1.4726 Not tainted 6.18.0 #1 PREEMPT(full) 
[  669.925217][T25501] Hardware name: QEMU Standard PC (i440FX + PIIX, 1996), BIOS rel-1.16.3-0-ga6ed6b701f0a-prebuilt.qemu.org 04/01/2014
[  669.925302][T25501] Call Trace:
[  669.925330][T25501]  <TASK>
[  669.928719][T25501]  dump_stack_lvl+0x180/0x1b0
[  669.929681][T25501]  warn_alloc+0x211/0x360
[  669.929867][T25501]  ? __pfx_warn_alloc+0x10/0x10
[  669.929882][T25501]  ? rcu_is_watching+0x12/0xc0
[  669.930015][T25501]  ? __pfx_alloc_vmap_area+0x10/0x10
[  669.930078][T25501]  ? __get_vm_area_node+0x10c/0x340
[  669.930107][T25501]  ? drm_property_create_blob.part.0+0x34/0x320
[  669.930240][T25501]  ? __vmalloc_node_noprof+0xac/0xf0
[  669.930269][T25501]  __vmalloc_node_range_noprof+0xfaa/0x13b0
[  669.930299][T25501]  ? alloc_vmap_area+0x55c/0x2860
[  669.930320][T25501]  ? drm_property_create_blob.part.0+0x34/0x320
[  669.930353][T25501]  ? __pfx___vmalloc_node_range_noprof+0x10/0x10
[  669.930379][T25501]  ? __pfx_alloc_vmap_area+0x10/0x10
[  669.930399][T25501]  ? stack_trace_save+0x8e/0xc0
[  669.930489][T25501]  ? __get_vm_area_node+0x10c/0x340
[  669.930519][T25501]  ? drm_property_create_blob.part.0+0x34/0x320
[  669.930543][T25501]  __vmalloc_node_noprof+0xac/0xf0
[  669.930569][T25501]  ? drm_property_create_blob.part.0+0x34/0x320
[  669.930597][T25501]  __vmalloc_node_range_noprof+0x40d/0x13b0
[  669.930626][T25501]  ? do_raw_spin_lock+0x12b/0x2b0
[  669.930681][T25501]  ? drm_property_create_blob.part.0+0x34/0x320
[  669.930712][T25501]  ? __pfx___vmalloc_node_range_noprof+0x10/0x10
[  669.930747][T25501]  __kvmalloc_node_noprof+0x41f/0x9d0
[  669.930780][T25501]  ? drm_property_create_blob.part.0+0x34/0x320
[  669.930805][T25501]  ? drm_property_create_blob.part.0+0x34/0x320
[  669.930832][T25501]  ? drm_property_create_blob.part.0+0x34/0x320
[  669.930854][T25501]  drm_property_create_blob.part.0+0x34/0x320
[  669.930882][T25501]  drm_mode_createblob_ioctl+0x139/0x490
[  669.930909][T25501]  drm_ioctl_kernel+0x1ed/0x3e0
[  669.930952][T25501]  ? __pfx_drm_mode_createblob_ioctl+0x10/0x10
[  669.930978][T25501]  ? __pfx_drm_ioctl_kernel+0x10/0x10
[  669.931001][T25501]  drm_ioctl+0x574/0xb90
[  669.931019][T25501]  ? __pfx_drm_mode_createblob_ioctl+0x10/0x10
[  669.931045][T25501]  ? __pfx_drm_ioctl+0x10/0x10
[  669.931063][T25501]  ? hook_file_ioctl_common+0x146/0x3f0
[  669.931203][T25501]  ? __fget_files+0x1fb/0x3b0
[  669.931276][T25501]  ? __pfx_drm_ioctl+0x10/0x10
[  669.931293][T25501]  __x64_sys_ioctl+0x18f/0x210
[  669.931324][T25501]  do_syscall_64+0xcb/0xfa0
[  669.931418][T25501]  entry_SYSCALL_64_after_hwframe+0x77/0x7f
[  669.931493][T25501] RIP: 0033:0x7f755b3b059d
[  669.931588][T25501] Code: 02 b8 ff ff ff ff c3 66 0f 1f 44 00 00 f3 0f 1e fa 48 89 f8 48 89 f7 48 89 d6 48 89 ca 4d 89 c2 4d 89 c8 4c 8b 4c 24 08 0f 05 <48> 3d 01 f0 ff ff 73 01 c3 48 c7 c1 a8 ff ff ff f7 d8 64 89 01 48
[  669.931606][T25501] RSP: 002b:00007f755c353f98 EFLAGS: 00000246 ORIG_RAX: 0000000000000010
[  669.931657][T25501] RAX: ffffffffffffffda RBX: 00007f755b625fa0 RCX: 00007f755b3b059d
[  669.931668][T25501] RDX: 0000200000000000 RSI: 00000000c01064bd RDI: 0000000000000004
[  669.931677][T25501] RBP: 00007f755b44e078 R08: 0000000000000000 R09: 0000000000000000
[  669.931687][T25501] R10: 0000000000000000 R11: 0000000000000246 R12: 0000000000000000
[  669.931697][T25501] R13: 00007f755b626038 R14: 00007f755b625fa0 R15: 00007f755c334000
[  669.931722][T25501]  </TASK>
[  670.256905][T25501] Mem-Info:
[  670.293277][T25501] active_anon:6930 inactive_anon:0 isolated_anon:0
[  670.293277][T25501]  active_file:3197 inactive_file:52755 isolated_file:0
[  670.293277][T25501]  unevictable:2536 dirty:2109 writeback:0
[  670.293277][T25501]  slab_reclaimable:12974 slab_unreclaimable:62872
[  670.293277][T25501]  mapped:27805 shmem:3570 pagetables:1745
[  670.293277][T25501]  sec_pagetables:0 bounce:0
[  670.293277][T25501]  kernel_misc_reclaimable:0
[  670.293277][T25501]  free:437234 free_pcp:6855 free_cma:0
[  670.313755][    C3] vkms_vblank_simulate: vblank timer overrun
[  670.321639][T25501] Node 0 active_anon:9224kB inactive_anon:0kB active_file:6044kB inactive_file:79484kB unevictable:5072kB isolated(anon):0kB isolated(file):0kB mapped:44388kB dirty:1024kB writeback:0kB shmem:7116kB shmem_thp:0kB shmem_pmdmapped:0kB anon_thp:0kB kernel_stack:5712kB pagetables:3652kB sec_pagetables:0kB all_unreclaimable? no Balloon:0kB
[  670.358853][T25501] Node 1 active_anon:18496kB inactive_anon:0kB active_file:6744kB inactive_file:131536kB unevictable:5072kB isolated(anon):0kB isolated(file):0kB mapped:66832kB dirty:7412kB writeback:0kB shmem:7164kB shmem_thp:0kB shmem_pmdmapped:0kB anon_thp:0kB kernel_stack:6308kB pagetables:3328kB sec_pagetables:0kB all_unreclaimable? no Balloon:0kB
[  670.394071][T25501] Node 0 DMA free:15360kB boost:0kB min:452kB low:564kB high:676kB reserved_highatomic:0KB free_highatomic:0KB active_anon:0kB inactive_anon:0kB active_file:0kB inactive_file:0kB unevictable:0kB writepending:0kB zspages:0kB present:15992kB managed:15360kB mlocked:0kB bounce:0kB free_pcp:0kB local_pcp:0kB free_cma:0kB
[  670.394155][    C3] vkms_vblank_simulate: vblank timer overrun
[  670.421783][T25501] lowmem_reserve[]: 0 1176 1176 1176 1176
[  670.421948][T25501] Node 0 DMA32 free:584616kB boost:0kB min:34836kB low:43544kB high:52252kB reserved_highatomic:0KB free_highatomic:0KB active_anon:9224kB inactive_anon:0kB active_file:6044kB inactive_file:79484kB unevictable:5072kB writepending:1024kB zspages:0kB present:2080772kB managed:1204832kB mlocked:0kB bounce:0kB free_pcp:5648kB local_pcp:32kB free_cma:0kB
[  670.422147][T25501] lowmem_reserve[]: 0 0 0 0 0
[  670.422176][T25501] Node 1 DMA32 free:968684kB boost:0kB min:29136kB low:36420kB high:43704kB reserved_highatomic:0KB free_highatomic:0KB active_anon:144kB inactive_anon:0kB active_file:4kB inactive_file:100kB unevictable:0kB writepending:4kB zspages:0kB present:1048444kB managed:982908kB mlocked:0kB bounce:0kB free_pcp:12940kB local_pcp:8996kB free_cma:0kB
[  670.422221][T25501] lowmem_reserve[]: 0 0 846 846 846
[  670.422249][T25501] Node 1 Normal free:180276kB boost:0kB min:25680kB low:32100kB high:38520kB reserved_highatomic:0KB free_highatomic:0KB active_anon:18352kB inactive_anon:0kB active_file:6740kB inactive_file:131436kB unevictable:5072kB writepending:7408kB zspages:0kB present:1048576kB managed:866440kB mlocked:0kB bounce:0kB free_pcp:9012kB local_pcp:2036kB free_cma:0kB
[  670.422293][T25501] lowmem_reserve[]: 0 0 0 0 0
[  670.422321][T25501] Node 0 DMA: 0*4kB 0*8kB 0*16kB 0*32kB 0*64kB 0*128kB 0*256kB 0*512kB 1*1024kB (U) 1*2048kB (M) 3*4096kB (M) = 15360kB
[  670.422415][T25501] Node 0 DMA32: 639*4kB (UME) 164*8kB (UME) 104*16kB (UME) 90*32kB (UME) 450*64kB (UME) 514*128kB (UME) 321*256kB (UME) 242*512kB (UME) 131*1024kB (UME) 17*2048kB (UM) 26*4096kB (UM) = 584540kB
[  670.422620][T25501] Node 1 DMA32: 44*4kB (UM) 52*8kB (UME) 49*16kB (UME) 66*32kB (UM) 66*64kB (UME) 52*128kB (UME) 54*256kB (UME) 45*512kB (UME) 42*1024kB (UME) 27*2048kB (UME) 200*4096kB (UM) = 968736kB
[  670.422749][T25501] Node 1 Normal: 164*4kB (ME) 70*8kB (UME) 16*16kB (UM) 14*32kB (UME) 6*64kB (UE) 326*128kB (UE) 234*256kB (UE) 77*512kB (UME) 34*1024kB (UM) 1*2048kB (U) 0*4096kB = 180224kB
[  670.422894][T25501] Node 0 hugepages_total=2 hugepages_free=2 hugepages_surp=0 hugepages_size=2048kB
[  670.422906][T25501] Node 1 hugepages_total=2 hugepages_free=2 hugepages_surp=0 hugepages_size=2048kB
[  670.422918][T25501] 59523 total pagecache pages
[  670.422924][T25501] 0 pages in swap cache
[  670.422953][T25501] Free swap  = 124996kB
[  670.422959][T25501] Total swap = 124996kB
[  670.422965][T25501] 1048446 pages RAM
[  670.422970][T25501] 0 pages HighMem/MovableOnly
[  670.422982][T25501] 281061 pages reserved
[  670.422988][T25501] 0 pages cma reserved
[  670.673484][    C3] vkms_vblank_simulate: vblank timer overrun
[  670.753130][    C3] vkms_vblank_simulate: vblank timer overrun
[  671.513331][T25227] netdevsim netdevsim2 netdevsim0: renamed from eth0
[  671.543951][T25227] netdevsim netdevsim2 netdevsim1: renamed from eth1
[  671.577733][T25227] netdevsim netdevsim2 netdevsim2: renamed from eth2
[  671.609536][T25227] netdevsim netdevsim2 netdevsim3: renamed from eth3
[  671.868030][T25227] 8021q: adding VLAN 0 to HW filter on device bond0
[  671.950737][T25227] 8021q: adding VLAN 0 to HW filter on device team0
[  671.979779][ T3567] bridge0: port 1(bridge_slave_0) entered blocking state
[  671.988862][ T3567] bridge0: port 1(bridge_slave_0) entered forwarding state
[  672.021176][ T3567] bridge0: port 2(bridge_slave_1) entered blocking state
[  672.031135][ T3567] bridge0: port 2(bridge_slave_1) entered forwarding state
[  672.578992][    C3] vkms_vblank_simulate: vblank timer overrun
[  672.702593][T25227] 8021q: adding VLAN 0 to HW filter on device batadv0
[  672.833861][T25227] veth0_vlan: entered promiscuous mode
[  672.865134][T25227] veth1_vlan: entered promiscuous mode
[  672.944271][T25227] veth0_macvtap: entered promiscuous mode
[  672.995731][T25227] veth1_macvtap: entered promiscuous mode
[  673.046582][T25227] batman_adv: batadv0: Interface activated: batadv_slave_0
[  673.061208][T25227] batman_adv: batadv0: Interface activated: batadv_slave_1
[  673.097837][T10637] netdevsim netdevsim2 netdevsim0: set [1, 0] type 2 family 0 port 6081 - 0
[  673.102739][T10637] netdevsim netdevsim2 netdevsim1: set [1, 0] type 2 family 0 port 6081 - 0
[  673.107603][T10637] netdevsim netdevsim2 netdevsim2: set [1, 0] type 2 family 0 port 6081 - 0
[  673.121076][T10637] netdevsim netdevsim2 netdevsim3: set [1, 0] type 2 family 0 port 6081 - 0
[  673.154550][    C3] vkms_vblank_simulate: vblank timer overrun
[  673.442134][ T3567] wlan0: Created IBSS using preconfigured BSSID 50:50:50:50:50:50
[  673.455126][ T3567] wlan0: Creating new IBSS network, BSSID 50:50:50:50:50:50
[  673.569244][ T3567] wlan1: Created IBSS using preconfigured BSSID 50:50:50:50:50:50
[  673.579804][ T3567] wlan1: Creating new IBSS network, BSSID 50:50:50:50:50:50
[  673.918542][    C3] vkms_vblank_simulate: vblank timer overrun
[  674.170075][ T1362] ieee802154 phy0 wpan0: encryption failed: -22
[  674.177330][ T1362] ieee802154 phy1 wpan1: encryption failed: -22
[  674.883542][T25231] Bluetooth: hci1: unexpected cc 0x0c03 length: 249 > 1
[  674.908444][T25231] Bluetooth: hci1: unexpected cc 0x1003 length: 249 > 9
[  674.936729][T25231] Bluetooth: hci1: unexpected cc 0x1001 length: 249 > 9
[  674.974123][T25231] Bluetooth: hci1: unexpected cc 0x0c23 length: 249 > 4
[  675.006668][T25231] Bluetooth: hci1: unexpected cc 0x0c38 length: 249 > 2
[  675.111013][   T12] netdevsim netdevsim0 netdevsim3 (unregistering): unset [1, 0] type 2 family 0 port 6081 - 0
[  675.294940][   T12] netdevsim netdevsim0 netdevsim2 (unregistering): unset [1, 0] type 2 family 0 port 6081 - 0
[  675.483156][   T12] netdevsim netdevsim0 netdevsim1 (unregistering): unset [1, 0] type 2 family 0 port 6081 - 0
[  675.648521][   T12] netdevsim netdevsim0 netdevsim0 (unregistering): unset [1, 0] type 2 family 0 port 6081 - 0
[  676.184740][T25829] chnl_net:caif_netlink_parms(): no params data found
[  676.283813][   T12] bridge_slave_1: left allmulticast mode
[  676.295241][   T12] bridge_slave_1: left promiscuous mode
[  676.312708][   T12] bridge0: port 2(bridge_slave_1) entered disabled state
[  676.430740][   T12] bridge_slave_0: left allmulticast mode
[  676.487457][   T12] bridge_slave_0: left promiscuous mode
[  676.505904][   T12] bridge0: port 1(bridge_slave_0) entered disabled state
[  676.886444][    C1] vkms_vblank_simulate: vblank timer overrun
[  676.915581][    C1] vkms_vblank_simulate: vblank timer overrun
[  677.006098][    C1] vkms_vblank_simulate: vblank timer overrun
[  677.139517][ T5209] Bluetooth: hci1: command tx timeout
[  677.916480][   T12] bond0 (unregistering): (slave bond_slave_0): Releasing backup interface
[  677.978804][   T12] bond0 (unregistering): (slave bond_slave_1): Releasing backup interface
[  678.000888][   T12] bond0 (unregistering): Released all slaves
[  678.659749][    C1] vkms_vblank_simulate: vblank timer overrun
[  678.906593][    C1] vkms_vblank_simulate: vblank timer overrun
[  678.938602][T26028] i2c i2c-0: Invalid block write size 137
[  678.990467][    C1] vkms_vblank_simulate: vblank timer overrun
[  679.221592][ T5209] Bluetooth: hci1: command tx timeout
[  679.412506][    C1] vkms_vblank_simulate: vblank timer overrun
[  679.425289][T25829] bridge0: port 1(bridge_slave_0) entered blocking state
[  679.429712][T25829] bridge0: port 1(bridge_slave_0) entered disabled state
[  679.466663][T25829] bridge_slave_0: entered allmulticast mode
[  679.479407][T25829] bridge_slave_0: entered promiscuous mode
[  679.551137][    C1] vkms_vblank_simulate: vblank timer overrun
[  679.617826][T25829] bridge0: port 2(bridge_slave_1) entered blocking state
[  679.666071][T25829] bridge0: port 2(bridge_slave_1) entered disabled state
[  679.672598][    C1] vkms_vblank_simulate: vblank timer overrun
[  679.675355][T25829] bridge_slave_1: entered allmulticast mode
[  679.709306][T25829] bridge_slave_1: entered promiscuous mode
[  680.306680][    C1] vkms_vblank_simulate: vblank timer overrun
[  680.389571][   T12] hsr_slave_0: left promiscuous mode
[  680.445494][   T12] hsr_slave_1: left promiscuous mode
[  680.466629][   T12] batman_adv: batadv0: Interface deactivated: batadv_slave_0
[  680.478311][   T12] batman_adv: batadv0: Removing interface: batadv_slave_0
[  680.496754][   T12] batman_adv: batadv0: Interface deactivated: batadv_slave_1
[  680.500332][   T12] batman_adv: batadv0: Removing interface: batadv_slave_1
[  680.550424][   T12] veth1_macvtap: left promiscuous mode
[  680.554756][   T12] veth0_macvtap: left promiscuous mode
[  680.567528][   T12] veth1_vlan: left promiscuous mode
[  680.578048][   T12] veth0_vlan: left promiscuous mode
[  681.316334][ T5209] Bluetooth: hci1: command tx timeout
[  681.721182][T26169] EDID block 0 (tag 0x00) checksum is invalid, remainder is 6
[  682.127085][    C3] vkms_vblank_simulate: vblank timer overrun
[  682.246843][   T12] team0 (unregistering): Port device team_slave_1 removed
[  682.369770][   T12] team0 (unregistering): Port device team_slave_0 removed
[  683.358626][ T5209] Bluetooth: hci1: command tx timeout
[  683.611200][T25829] bond0: (slave bond_slave_0): Enslaving as an active interface with an up link
[  683.621310][T25829] bond0: (slave bond_slave_1): Enslaving as an active interface with an up link
[  683.701311][T25829] team0: Port device team_slave_0 added
[  683.717008][T25829] team0: Port device team_slave_1 added
[  683.783580][T25829] batman_adv: batadv0: Adding interface: batadv_slave_0
[  683.789301][T25829] batman_adv: batadv0: The MTU of interface batadv_slave_0 is too small (1500) to handle the transport of batman-adv packets. Packets going over this interface will be fragmented on layer2 which could impact the performance. Setting the MTU to 1532 would solve the problem.
[  683.811768][T25829] batman_adv: batadv0: Not using interface batadv_slave_0 (retrying later): interface not active
[  683.857990][T25829] batman_adv: batadv0: Adding interface: batadv_slave_1
[  683.881612][T25829] batman_adv: batadv0: The MTU of interface batadv_slave_1 is too small (1500) to handle the transport of batman-adv packets. Packets going over this interface will be fragmented on layer2 which could impact the performance. Setting the MTU to 1532 would solve the problem.
[  683.953028][T25829] batman_adv: batadv0: Not using interface batadv_slave_1 (retrying later): interface not active
[  684.077214][T25829] hsr_slave_0: entered promiscuous mode
[  684.087717][T25829] hsr_slave_1: entered promiscuous mode
[  684.098143][T25829] debugfs: 'hsr0' already exists in 'hsr'
[  684.105978][T25829] Cannot create hsr debugfs directory
[  684.432426][T26405] i2c i2c-0: Invalid block write size 133
[  684.546971][    C3] vkms_vblank_simulate: vblank timer overrun
[  684.577571][    C3] vkms_vblank_simulate: vblank timer overrun
[  684.775784][    C3] vkms_vblank_simulate: vblank timer overrun
[  685.326308][T25829] netdevsim netdevsim0 netdevsim0: renamed from eth0
[  685.350606][T25829] netdevsim netdevsim0 netdevsim1: renamed from eth1
[  685.366845][T25829] netdevsim netdevsim0 netdevsim2: renamed from eth2
[  685.396965][T25829] netdevsim netdevsim0 netdevsim3: renamed from eth3
[  685.485630][    C3] vkms_vblank_simulate: vblank timer overrun
[  685.751418][T25829] 8021q: adding VLAN 0 to HW filter on device bond0
[  685.795384][T25829] 8021q: adding VLAN 0 to HW filter on device team0
[  685.837702][   T80] bridge0: port 1(bridge_slave_0) entered blocking state
[  685.844762][   T80] bridge0: port 1(bridge_slave_0) entered forwarding state
[  685.860402][   T80] bridge0: port 2(bridge_slave_1) entered blocking state
[  685.873345][   T80] bridge0: port 2(bridge_slave_1) entered forwarding state
[  685.968233][T25829] hsr0: Slave B (hsr_slave_1) is not up; please bring it up to get a fully working HSR network
[  686.163479][T26436] warn_alloc: 4 callbacks suppressed
[  686.163499][T26436] syz.1.4885: vmalloc error: size 261324800, failed to allocated page array size 510400, mode:0xdc2(GFP_KERNEL|__GFP_HIGHMEM|__GFP_ZERO), nodemask=(null),cpuset=/,mems_allowed=0-1
[  686.181707][T26436] CPU: 0 UID: 0 PID: 26436 Comm: syz.1.4885 Not tainted 6.18.0 #1 PREEMPT(full) 
[  686.181739][T26436] Hardware name: QEMU Standard PC (i440FX + PIIX, 1996), BIOS rel-1.16.3-0-ga6ed6b701f0a-prebuilt.qemu.org 04/01/2014
[  686.181776][T26436] Call Trace:
[  686.181815][T26436]  <TASK>
[  686.181850][T26436]  dump_stack_lvl+0x180/0x1b0
[  686.182338][T26436]  warn_alloc+0x211/0x360
[  686.182569][T26436]  ? __pfx_warn_alloc+0x10/0x10
[  686.182587][T26436]  ? __pfx_alloc_vmap_area+0x10/0x10
[  686.182652][T26436]  ? __get_vm_area_node+0x10c/0x340
[  686.182680][T26436]  ? drm_property_create_blob.part.0+0x34/0x320
[  686.182836][T26436]  ? __vmalloc_node_noprof+0xac/0xf0
[  686.182868][T26436]  __vmalloc_node_range_noprof+0xfaa/0x13b0
[  686.182905][T26436]  ? drm_property_create_blob.part.0+0x34/0x320
[  686.182954][T26436]  ? __pfx___vmalloc_node_range_noprof+0x10/0x10
[  686.182999][T26436]  __kvmalloc_node_noprof+0x41f/0x9d0
[  686.183063][T26436]  ? drm_property_create_blob.part.0+0x34/0x320
[  686.183091][T26436]  ? drm_property_create_blob.part.0+0x34/0x320
[  686.183122][T26436]  ? drm_property_create_blob.part.0+0x34/0x320
[  686.183147][T26436]  drm_property_create_blob.part.0+0x34/0x320
[  686.183182][T26436]  drm_mode_createblob_ioctl+0x139/0x490
[  686.183217][T26436]  drm_ioctl_kernel+0x1ed/0x3e0
[  686.183247][T26436]  ? __pfx_drm_mode_createblob_ioctl+0x10/0x10
[  686.183273][T26436]  ? __pfx_drm_ioctl_kernel+0x10/0x10
[  686.183298][T26436]  drm_ioctl+0x574/0xb90
[  686.183318][T26436]  ? __pfx_drm_mode_createblob_ioctl+0x10/0x10
[  686.183344][T26436]  ? __pfx_drm_ioctl+0x10/0x10
[  686.183363][T26436]  ? hook_file_ioctl_common+0x146/0x3f0
[  686.183519][T26436]  ? __fget_files+0x1fb/0x3b0
[  686.183594][T26436]  ? __pfx_drm_ioctl+0x10/0x10
[  686.183612][T26436]  __x64_sys_ioctl+0x18f/0x210
[  686.183644][T26436]  do_syscall_64+0xcb/0xfa0
[  686.183714][T26436]  entry_SYSCALL_64_after_hwframe+0x77/0x7f
[  686.183800][T26436] RIP: 0033:0x7f755b3b059d
[  686.183838][T26436] Code: 02 b8 ff ff ff ff c3 66 0f 1f 44 00 00 f3 0f 1e fa 48 89 f8 48 89 f7 48 89 d6 48 89 ca 4d 89 c2 4d 89 c8 4c 8b 4c 24 08 0f 05 <48> 3d 01 f0 ff ff 73 01 c3 48 c7 c1 a8 ff ff ff f7 d8 64 89 01 48
[  686.183854][T26436] RSP: 002b:00007f755c353f98 EFLAGS: 00000246 ORIG_RAX: 0000000000000010
[  686.183907][T26436] RAX: ffffffffffffffda RBX: 00007f755b625fa0 RCX: 00007f755b3b059d
[  686.183918][T26436] RDX: 0000200000000100 RSI: 00000000c01064bd RDI: 0000000000000006
[  686.183929][T26436] RBP: 00007f755b44e078 R08: 0000000000000000 R09: 0000000000000000
[  686.183989][T26436] R10: 0000000000000000 R11: 0000000000000246 R12: 0000000000000000
[  686.183998][T26436] R13: 00007f755b626038 R14: 00007f755b625fa0 R15: 00007f755c334000
[  686.184024][T26436]  </TASK>
[  686.184030][T26436] Mem-Info:
[  686.289122][T25829] 8021q: adding VLAN 0 to HW filter on device batadv0
[  686.293489][T26436] active_anon:7563 inactive_anon:0 isolated_anon:0
[  686.293489][T26436]  active_file:3261 inactive_file:52785 isolated_file:0
[  686.293489][T26436]  unevictable:2536 dirty:2097 writeback:0
[  686.293489][T26436]  slab_reclaimable:13091 slab_unreclaimable:63015
[  686.293489][T26436]  mapped:27851 shmem:3567 pagetables:1831
[  686.293489][T26436]  sec_pagetables:0 bounce:0
[  686.293489][T26436]  kernel_misc_reclaimable:0
[  686.293489][T26436]  free:483971 free_pcp:6581 free_cma:0
[  686.293556][T26436] Node 0 active_anon:9884kB inactive_anon:0kB active_file:6304kB inactive_file:79504kB unevictable:5072kB isolated(anon):0kB isolated(file):0kB mapped:44436kB dirty:952kB writeback:0kB shmem:7100kB shmem_thp:0kB shmem_pmdmapped:0kB anon_thp:0kB kernel_stack:5648kB pagetables:3680kB sec_pagetables:0kB all_unreclaimable? no Balloon:0kB
[  686.293593][T26436] Node 1 active_anon:20368kB inactive_anon:0kB active_file:6740kB inactive_file:131636kB unevictable:5072kB isolated(anon):0kB isolated(file):0kB mapped:66968kB dirty:7436kB writeback:0kB shmem:7168kB shmem_thp:0kB shmem_pmdmapped:0kB anon_thp:0kB kernel_stack:6796kB pagetables:3644kB sec_pagetables:0kB all_unreclaimable? no Balloon:0kB
[  686.293630][T26436] Node 0 DMA free:15360kB boost:0kB min:452kB low:564kB high:676kB reserved_highatomic:0KB free_highatomic:0KB active_anon:0kB inactive_anon:0kB active_file:0kB inactive_file:0kB unevictable:0kB writepending:0kB zspages:0kB present:15992kB managed:15360kB mlocked:0kB bounce:0kB free_pcp:0kB local_pcp:0kB free_cma:0kB
[  686.293673][T26436] lowmem_reserve[]: 0 1176 1176 1176 1176
[  686.293703][T26436] Node 0 DMA32 free:658612kB boost:0kB min:34836kB low:43544kB high:52252kB reserved_highatomic:0KB free_highatomic:0KB active_anon:9884kB inactive_anon:0kB active_file:6304kB inactive_file:79504kB unevictable:5072kB writepending:952kB zspages:0kB present:2080772kB managed:1204832kB mlocked:0kB bounce:0kB free_pcp:10016kB local_pcp:5036kB free_cma:0kB
[  686.293765][T26436] lowmem_reserve[]: 0 0 0 0 0
[  686.293793][T26436] Node 1 DMA32 free:977352kB boost:0kB min:29136kB low:36420kB high:43704kB reserved_highatomic:0KB free_highatomic:0KB active_anon:144kB inactive_anon:0kB active_file:4kB inactive_file:100kB unevictable:0kB writepending:0kB zspages:0kB present:1048444kB managed:982908kB mlocked:0kB bounce:0kB free_pcp:4400kB local_pcp:852kB free_cma:0kB
[  686.293836][T26436] lowmem_reserve[]: 0 0 846 846 846
[  686.293864][T26436] Node 1 Normal free:284560kB boost:0kB min:25680kB low:32100kB high:38520kB reserved_highatomic:0KB free_highatomic:0KB active_anon:20224kB inactive_anon:0kB active_file:6736kB inactive_file:131536kB unevictable:5072kB writepending:7436kB zspages:0kB present:1048576kB managed:866440kB mlocked:0kB bounce:0kB free_pcp:11908kB local_pcp:208kB free_cma:0kB
[  686.293908][T26436] lowmem_reserve[]: 0 0 0 0 0
[  686.293949][T26436] Node 0 DMA: 0*4kB 0*8kB 0*16kB 0*32kB 0*64kB 0*128kB 0*256kB 0*512kB 1*1024kB (U) 1*2048kB (M) 3*4096kB (M) = 15360kB
[  686.294042][T26436] Node 0 DMA32: 1881*4kB (UME) 689*8kB (UME) 1278*16kB (UME) 845*32kB (UME) 889*64kB (UME) 558*128kB (UME) 335*256kB (UME) 242*512kB (UME) 130*1024kB (UME) 10*2048kB (UM) 26*4096kB (UM) = 658604kB
[  686.294172][T26436] Node 1 DMA32: 40*4kB (UM) 47*8kB (UME) 45*16kB (UME) 55*32kB (UM) 53*64kB (UME) 46*128kB (UME) 44*256kB (UME) 37*512kB (UME) 37*1024kB (UME) 14*2048kB (UME) 212*4096kB (UM) = 977416kB
[  686.294302][T26436] Node 1 Normal: 2265*4kB (UM) 1499*8kB (UME) 238*16kB (UME) 872*32kB (UME) 536*64kB (UM) 461*128kB (UME) 245*256kB (UME) 78*512kB (UE) 33*1024kB (U) 1*2048kB (U) 0*4096kB = 284572kB
[  686.294470][T26436] Node 0 hugepages_total=2 hugepages_free=2 hugepages_surp=0 hugepages_size=2048kB
[  686.294483][T26436] Node 1 hugepages_total=2 hugepages_free=2 hugepages_surp=0 hugepages_size=2048kB
[  686.294495][T26436] 59613 total pagecache pages
[  686.294501][T26436] 0 pages in swap cache
[  686.294520][T26436] Free swap  = 124996kB
[  686.294526][T26436] Total swap = 124996kB
[  686.294532][T26436] 1048446 pages RAM
[  686.294537][T26436] 0 pages HighMem/MovableOnly
[  686.294543][T26436] 281061 pages reserved
[  686.294548][T26436] 0 pages cma reserved
[  686.512634][    C3] vkms_vblank_simulate: vblank timer overrun
[  686.576491][    C3] vkms_vblank_simulate: vblank timer overrun
[  686.626700][    C3] vkms_vblank_simulate: vblank timer overrun
[  686.675000][    C3] vkms_vblank_simulate: vblank timer overrun
[  686.689847][T26543] i2c i2c-0: Invalid block write size 34
[  686.789500][T25829] veth0_vlan: entered promiscuous mode
[  686.827848][T25829] veth1_vlan: entered promiscuous mode
[  686.861273][T25829] veth0_macvtap: entered promiscuous mode
[  686.870563][T25829] veth1_macvtap: entered promiscuous mode
[  686.902606][T25829] batman_adv: batadv0: Interface activated: batadv_slave_0
[  686.924130][T25829] batman_adv: batadv0: Interface activated: batadv_slave_1
[  686.953191][   T12] netdevsim netdevsim0 netdevsim0: set [1, 0] type 2 family 0 port 6081 - 0
[  686.974135][   T12] netdevsim netdevsim0 netdevsim1: set [1, 0] type 2 family 0 port 6081 - 0
[  687.003855][   T12] netdevsim netdevsim0 netdevsim2: set [1, 0] type 2 family 0 port 6081 - 0
[  687.017455][   T12] netdevsim netdevsim0 netdevsim3: set [1, 0] type 2 family 0 port 6081 - 0
[  687.201386][ T3613] wlan0: Created IBSS using preconfigured BSSID 50:50:50:50:50:50
[  687.213781][ T3613] wlan0: Creating new IBSS network, BSSID 50:50:50:50:50:50
[  687.264206][ T3613] wlan1: Created IBSS using preconfigured BSSID 50:50:50:50:50:50
[  687.280657][ T3613] wlan1: Creating new IBSS network, BSSID 50:50:50:50:50:50
[  687.726783][    C3] vkms_vblank_simulate: vblank timer overrun
[  688.516493][    C3] vkms_vblank_simulate: vblank timer overrun
[  688.635704][T25231] Bluetooth: hci0: unexpected cc 0x0c03 length: 249 > 1
[  688.677870][T25231] Bluetooth: hci0: unexpected cc 0x1003 length: 249 > 9
[  688.697901][T25231] Bluetooth: hci0: unexpected cc 0x1001 length: 249 > 9
[  688.728188][T25231] Bluetooth: hci0: unexpected cc 0x0c23 length: 249 > 4
[  688.737558][T25231] Bluetooth: hci0: unexpected cc 0x0c38 length: 249 > 2
[  689.213406][   T12] netdevsim netdevsim1 netdevsim3 (unregistering): unset [1, 0] type 2 family 0 port 6081 - 0
[  689.466022][   T12] netdevsim netdevsim1 netdevsim2 (unregistering): unset [1, 0] type 2 family 0 port 6081 - 0
[  689.635682][   T12] netdevsim netdevsim1 netdevsim1 (unregistering): unset [1, 0] type 2 family 0 port 6081 - 0
[  689.831754][   T12] netdevsim netdevsim1 netdevsim0 (unregistering): unset [1, 0] type 2 family 0 port 6081 - 0
[  689.884606][T26631] chnl_net:caif_netlink_parms(): no params data found
[  690.297094][T26631] bridge0: port 1(bridge_slave_0) entered blocking state
[  690.310312][T26631] bridge0: port 1(bridge_slave_0) entered disabled state
[  690.319757][T26631] bridge_slave_0: entered allmulticast mode
[  690.330301][T26631] bridge_slave_0: entered promiscuous mode
[  690.387760][T26631] bridge0: port 2(bridge_slave_1) entered blocking state
[  690.418686][T26631] bridge0: port 2(bridge_slave_1) entered disabled state
[  690.440049][T26631] bridge_slave_1: entered allmulticast mode
[  690.447412][T26631] bridge_slave_1: entered promiscuous mode
[  690.650364][T26631] bond0: (slave bond_slave_0): Enslaving as an active interface with an up link
[  690.707327][T26631] bond0: (slave bond_slave_1): Enslaving as an active interface with an up link
[  690.738685][   T12] bridge_slave_1: left allmulticast mode
[  690.747001][   T12] bridge_slave_1: left promiscuous mode
[  690.757764][   T12] bridge0: port 2(bridge_slave_1) entered disabled state
[  690.796689][   T12] bridge_slave_0: left allmulticast mode
[  690.811489][ T5209] Bluetooth: hci0: command tx timeout
[  690.827499][   T12] bridge_slave_0: left promiscuous mode
[  690.841391][   T12] bridge0: port 1(bridge_slave_0) entered disabled state
[  691.575550][   T12] bond0 (unregistering): (slave bond_slave_0): Releasing backup interface
[  691.622461][   T12] bond0 (unregistering): (slave bond_slave_1): Releasing backup interface
[  691.641752][   T12] bond0 (unregistering): Released all slaves
[  692.016217][T26631] team0: Port device team_slave_0 added
[  692.050745][T26631] team0: Port device team_slave_1 added
[  692.189493][T26631] batman_adv: batadv0: Adding interface: batadv_slave_0
[  692.198559][T26631] batman_adv: batadv0: The MTU of interface batadv_slave_0 is too small (1500) to handle the transport of batman-adv packets. Packets going over this interface will be fragmented on layer2 which could impact the performance. Setting the MTU to 1532 would solve the problem.
[  692.264311][T26631] batman_adv: batadv0: Not using interface batadv_slave_0 (retrying later): interface not active
[  692.283850][T26631] batman_adv: batadv0: Adding interface: batadv_slave_1
[  692.296905][T26631] batman_adv: batadv0: The MTU of interface batadv_slave_1 is too small (1500) to handle the transport of batman-adv packets. Packets going over this interface will be fragmented on layer2 which could impact the performance. Setting the MTU to 1532 would solve the problem.
[  692.325245][    C3] vkms_vblank_simulate: vblank timer overrun
[  692.341738][T26631] batman_adv: batadv0: Not using interface batadv_slave_1 (retrying later): interface not active
[  692.852557][   T12] hsr_slave_0: left promiscuous mode
[  692.868039][   T12] hsr_slave_1: left promiscuous mode
[  692.890489][   T12] batman_adv: batadv0: Interface deactivated: batadv_slave_0
[  692.900131][ T5209] Bluetooth: hci0: command tx timeout
[  692.919489][   T12] batman_adv: batadv0: Removing interface: batadv_slave_0
[  692.951696][   T12] batman_adv: batadv0: Interface deactivated: batadv_slave_1
[  692.960793][   T12] batman_adv: batadv0: Removing interface: batadv_slave_1
[  693.127890][   T12] veth1_macvtap: left promiscuous mode
[  693.143772][   T12] veth0_macvtap: left promiscuous mode
[  693.161023][   T12] veth1_vlan: left promiscuous mode
[  693.171245][   T12] veth0_vlan: left promiscuous mode
[  694.683250][    C3] vkms_vblank_simulate: vblank timer overrun
[  694.747843][   T12] team0 (unregistering): Port device team_slave_1 removed
[  694.833017][   T12] team0 (unregistering): Port device team_slave_0 removed
[  694.967048][ T5209] Bluetooth: hci0: command tx timeout
[  696.017139][    C3] vkms_vblank_simulate: vblank timer overrun
[  696.193372][T26631] hsr_slave_0: entered promiscuous mode
[  696.223159][T26631] hsr_slave_1: entered promiscuous mode
[  696.477174][    C3] vkms_vblank_simulate: vblank timer overrun
[  696.976149][T27056] warn_alloc: 1 callbacks suppressed
[  696.976247][T27056] syz.3.5019: vmalloc error: size 3551232, failed to allocated page array size 6936, mode:0xdc2(GFP_KERNEL|__GFP_HIGHMEM|__GFP_ZERO), nodemask=(null),cpuset=/,mems_allowed=0-1
[  696.994969][T27056] CPU: 3 UID: 0 PID: 27056 Comm: syz.3.5019 Not tainted 6.18.0 #1 PREEMPT(full) 
[  696.995015][T27056] Hardware name: QEMU Standard PC (i440FX + PIIX, 1996), BIOS rel-1.16.3-0-ga6ed6b701f0a-prebuilt.qemu.org 04/01/2014
[  696.995026][T27056] Call Trace:
[  696.995032][T27056]  <TASK>
[  696.995039][T27056]  dump_stack_lvl+0x180/0x1b0
[  696.995071][T27056]  warn_alloc+0x211/0x360
[  696.995093][T27056]  ? __pfx_warn_alloc+0x10/0x10
[  696.995109][T27056]  ? rcu_is_watching+0x12/0xc0
[  696.995290][T27056]  ? __pfx_alloc_vmap_area+0x10/0x10
[  696.995314][T27056]  ? __get_vm_area_node+0x10c/0x340
[  696.995385][T27056]  ? drm_property_create_blob.part.0+0x34/0x320
[  696.995412][T27056]  ? __vmalloc_node_noprof+0xac/0xf0
[  696.995441][T27056]  __vmalloc_node_range_noprof+0xfaa/0x13b0
[  696.995489][T27056]  ? alloc_vmap_area+0x55c/0x2860
[  696.995515][T27056]  ? drm_property_create_blob.part.0+0x34/0x320
[  696.995546][T27056]  ? __pfx___vmalloc_node_range_noprof+0x10/0x10
[  696.995573][T27056]  ? __pfx_alloc_vmap_area+0x10/0x10
[  696.995596][T27056]  ? stack_trace_save+0x8e/0xc0
[  696.995662][T27056]  ? __get_vm_area_node+0x10c/0x340
[  696.995694][T27056]  ? drm_property_create_blob.part.0+0x34/0x320
[  696.995718][T27056]  __vmalloc_node_noprof+0xac/0xf0
[  696.995742][T27056]  ? drm_property_create_blob.part.0+0x34/0x320
[  696.995769][T27056]  __vmalloc_node_range_noprof+0x40d/0x13b0
[  696.995801][T27056]  ? do_raw_spin_lock+0x12b/0x2b0
[  696.995892][T27056]  ? drm_property_create_blob.part.0+0x34/0x320
[  696.995925][T27056]  ? __pfx___vmalloc_node_range_noprof+0x10/0x10
[  696.995962][T27056]  __kvmalloc_node_noprof+0x41f/0x9d0
[  696.996023][T27056]  ? drm_property_create_blob.part.0+0x34/0x320
[  696.996051][T27056]  ? drm_property_create_blob.part.0+0x34/0x320
[  696.996082][T27056]  ? drm_property_create_blob.part.0+0x34/0x320
[  696.996107][T27056]  drm_property_create_blob.part.0+0x34/0x320
[  696.996136][T27056]  drm_mode_createblob_ioctl+0x139/0x490
[  696.996165][T27056]  drm_ioctl_kernel+0x1ed/0x3e0
[  696.996183][T27056]  ? __pfx_drm_mode_createblob_ioctl+0x10/0x10
[  696.996210][T27056]  ? __pfx_drm_ioctl_kernel+0x10/0x10
[  696.996235][T27056]  drm_ioctl+0x574/0xb90
[  696.996257][T27056]  ? __pfx_drm_mode_createblob_ioctl+0x10/0x10
[  696.996285][T27056]  ? __pfx_drm_ioctl+0x10/0x10
[  696.996305][T27056]  ? hook_file_ioctl_common+0x146/0x3f0
[  696.996335][T27056]  ? __fget_files+0x1fb/0x3b0
[  696.996360][T27056]  ? __pfx_drm_ioctl+0x10/0x10
[  696.996377][T27056]  __x64_sys_ioctl+0x18f/0x210
[  696.996397][T27056]  do_syscall_64+0xcb/0xfa0
[  696.996429][T27056]  entry_SYSCALL_64_after_hwframe+0x77/0x7f
[  696.996448][T27056] RIP: 0033:0x7fcea79b059d
[  696.996465][T27056] Code: 02 b8 ff ff ff ff c3 66 0f 1f 44 00 00 f3 0f 1e fa 48 89 f8 48 89 f7 48 89 d6 48 89 ca 4d 89 c2 4d 89 c8 4c 8b 4c 24 08 0f 05 <48> 3d 01 f0 ff ff 73 01 c3 48 c7 c1 a8 ff ff ff f7 d8 64 89 01 48
[  696.996495][T27056] RSP: 002b:00007fcea8945f98 EFLAGS: 00000246 ORIG_RAX: 0000000000000010
[  696.996529][T27056] RAX: ffffffffffffffda RBX: 00007fcea7c25fa0 RCX: 00007fcea79b059d
[  696.996561][T27056] RDX: 0000200000000000 RSI: 00000000c01064bd RDI: 000000000000000b
[  696.996573][T27056] RBP: 00007fcea7a4e078 R08: 0000000000000000 R09: 0000000000000000
[  696.996584][T27056] R10: 0000000000000000 R11: 0000000000000246 R12: 0000000000000000
[  696.996595][T27056] R13: 00007fcea7c26038 R14: 00007fcea7c25fa0 R15: 00007fcea8926000
[  696.996623][T27056]  </TASK>
[  696.997613][T27056] Mem-Info:
[  697.046814][ T5209] Bluetooth: hci0: command tx timeout
[  697.315310][T27056] active_anon:7785 inactive_anon:0 isolated_anon:0
[  697.315310][T27056]  active_file:3261 inactive_file:52809 isolated_file:0
[  697.315310][T27056]  unevictable:2536 dirty:1900 writeback:0
[  697.315310][T27056]  slab_reclaimable:13074 slab_unreclaimable:63586
[  697.315310][T27056]  mapped:27893 shmem:3573 pagetables:1968
[  697.315310][T27056]  sec_pagetables:0 bounce:0
[  697.315310][T27056]  kernel_misc_reclaimable:0
[  697.315310][T27056]  free:437205 free_pcp:4892 free_cma:0
[  697.361119][T27056] Node 0 active_anon:10124kB inactive_anon:0kB active_file:6308kB inactive_file:79544kB unevictable:5072kB isolated(anon):0kB isolated(file):0kB mapped:44524kB dirty:372kB writeback:0kB shmem:7108kB shmem_thp:0kB shmem_pmdmapped:0kB anon_thp:0kB kernel_stack:5552kB pagetables:4076kB sec_pagetables:0kB all_unreclaimable? no Balloon:0kB
