last executing test programs:

4.555495646s ago: executing program 2 (id=17931):
syz_open_dev$sndpcmc(&(0x7f0000000080), 0xfffffffffffffffb, 0x8c140)
r0 = openat$sndseq(0xffffffffffffff9c, 0x0, 0x402)
ioctl$SNDRV_SEQ_IOCTL_CREATE_QUEUE(r0, 0xc08c5332, 0x0)
openat$sndseq(0xffffffffffffff9c, &(0x7f0000000000), 0x402)
ioctl$SNDRV_TIMER_IOCTL_SELECT(0xffffffffffffffff, 0x40345410, &(0x7f0000000100)={{0x0, 0x2, 0x4000fff}})
mmap$snddsp_control(&(0x7f0000ffb000/0x3000)=nil, 0xc00000, 0xf, 0x9e832, 0xffffffffffffffff, 0x83000000)
mmap$snddsp(&(0x7f0000ffd000/0x3000)=nil, 0x3000, 0x200000c, 0x82031, 0xffffffffffffffff, 0xd000)
r1 = syz_open_dev$sndpcmp(&(0x7f00000008c0), 0x95a7, 0x183000)
ioctl$SNDRV_PCM_IOCTL_STATUS_EXT32(r1, 0xc06c4124, &(0x7f0000000040)={0x0, 0x0, 0x0, 0x0, 0x0, 0x0, 0x0, 0x0, 0x0, 0x0, 0x0, 0x0, 0x3})
r2 = syz_open_dev$sndpcmp(&(0x7f0000000080), 0x95a7, 0x1a1000)
r3 = openat$sndseq(0xffffffffffffff9c, 0x0, 0x0)
r4 = syz_open_dev$sndpcmp(&(0x7f0000000000), 0x0, 0x8000)
ioctl$SNDRV_PCM_IOCTL_HW_REFINE(r4, 0xc2604110, &(0x7f0000000180)={0x7, [[0xea7, 0x901, 0x800, 0x3, 0x9, 0x1, 0x1, 0x6], [0x10000, 0x7, 0x5, 0x7, 0x81, 0x8000, 0xc, 0xb], [0x1, 0x7fffffff, 0x3, 0xe, 0xb, 0x7ff, 0xdc63, 0x8]], '\x00', [{0x9, 0xe, 0x1, 0x1, 0x1}, {0x2, 0x7ff, 0x0, 0x1}, {0x401, 0x7fffffff}, {0x2, 0x157c, 0x1}, {0x783, 0x1, 0x1}, {0x6, 0x81, 0x0, 0x1, 0x1}, {0x6, 0x8, 0x1, 0x0, 0x1}, {0xffffffff, 0x8, 0x0, 0x1, 0x1}, {0x7, 0x7, 0x0, 0x0, 0x0, 0x1}, {0x1ff, 0x9, 0x0, 0x1}, {0xffffff01, 0x8a16, 0x1, 0x0, 0x1}, {0xcfa7, 0x1000, 0x1, 0x0, 0x1, 0x1}], '\x00', 0x34800})
ioctl$SNDRV_SEQ_IOCTL_SET_QUEUE_INFO(r3, 0xc08c5335, &(0x7f00000002c0)={0x1ba, 0x2819, 0x0, 'queue1\x00', 0x9})
mmap$snddsp_control(&(0x7f00007cd000/0x4000)=nil, 0xc00000, 0x0, 0x96012, r2, 0x83000000)
ioctl$SNDRV_TIMER_IOCTL_START(0xffffffffffffffff, 0x54a0)
r5 = openat$sndseq(0xffffffffffffff9c, &(0x7f0000000140), 0x100)
ioctl$SNDRV_SEQ_IOCTL_SET_QUEUE_TEMPO(r5, 0x402c5342, &(0x7f00000000c0)={0x0, 0x6, 0x3, {0x401}, 0x5, 0x8000000})

3.74779062s ago: executing program 2 (id=17935):
r0 = syz_open_dev$sndpcmp(&(0x7f0000000000), 0x0, 0x2000)
mmap$snddsp_control(&(0x7f0000ffb000/0x3000)=nil, 0xc00000, 0x200000f, 0x9e831, 0xffffffffffffffff, 0x83000000) (async, rerun: 64)
ioctl$SNDRV_PCM_IOCTL_USER_PVERSION(r0, 0x40044104, &(0x7f0000000000)=0xd) (rerun: 64)

3.440658233s ago: executing program 1 (id=17936):
syz_open_dev$dmmidi(&(0x7f0000000000), 0x2, 0x4000)

3.309751729s ago: executing program 1 (id=17937):
r0 = syz_open_dev$dri(&(0x7f0000000000), 0x1, 0x2000)
syz_open_dev$dri(&(0x7f0000000000), 0x1, 0x800)
ioctl$DRM_IOCTL_WAIT_VBLANK(r0, 0xc018643a, &(0x7f0000000180)={0x1, 0x0, 0x8})

2.820091083s ago: executing program 1 (id=17946):
mmap$snddsp_control(&(0x7f0000000000/0x1000)=nil, 0xc00000, 0xaf0116a9d9d08fd3, 0x110, 0xffffffffffffffff, 0x83000000)
r0 = syz_open_dev$sndpcmp(&(0x7f0000000000), 0x0, 0x2000)
ioctl$SNDRV_PCM_IOCTL_READN_FRAMES(r0, 0x80184153, 0x0)
ioctl$SNDRV_PCM_IOCTL_HW_PARAMS_OLD(r0, 0xc1004111, &(0x7f0000000080)={0x488, [0x8, 0x6, 0x3], [{0x6, 0x6, 0x1, 0x0, 0x1, 0x1}, {0x7, 0x1, 0x0, 0x1, 0x0, 0x1}, {0x6, 0x7ff}, {0x8, 0x4, 0x1, 0x0, 0x1, 0x1}, {0x5, 0x61, 0x1, 0x1}, {0x5, 0x7, 0x0, 0x1, 0x1}, {0x1000, 0x4, 0x0, 0x0, 0x1, 0x1}, {0x9, 0x7fffffff, 0x1, 0x1}, {0x7fff, 0x7, 0x0, 0x0, 0x1, 0x1}, {0x3ff, 0xae3, 0x0, 0x1, 0x1, 0x1}, {0xee, 0x2, 0x0, 0x1, 0x1, 0x1}, {0x5, 0xbc17, 0x1, 0x0, 0x0, 0x1}], 0x1})
syz_open_dev$dri(&(0x7f0000000040), 0x1, 0x10d840)
ioctl$SNDRV_PCM_IOCTL_HW_PARAMS_OLD(r0, 0xc1004111, &(0x7f0000000180)={0x3, [0x4, 0x1000, 0x7ff], [{0x4d, 0x5, 0x0, 0x1, 0x1}, {0x933, 0xfff, 0x0, 0x1, 0x1, 0x1}, {0x5, 0x4, 0x0, 0x1, 0x0, 0x1}, {0x5, 0xe8, 0x1, 0x1, 0x0, 0x1}, {0x9d63, 0x3ff}, {0x9, 0x80, 0x1}, {0x8, 0x2}, {0x3117, 0x1000, 0x1, 0x0, 0x1, 0x1}, {0xfffffff8, 0xfffffff9}, {0x1, 0x1, 0x0, 0x1}, {0x8}, {0x0, 0x8, 0x0, 0x1}], 0x6})

2.661444732s ago: executing program 1 (id=17939):
openat$sndtimer(0xffffffffffffff9c, 0x0, 0x800100)
syz_open_dev$sndpcmp(&(0x7f0000000080), 0x95a7, 0x1a1000)
r0 = syz_open_dev$sndpcmp(&(0x7f0000000000), 0x0, 0x2000)
r1 = syz_open_dev$dri(0x0, 0x1, 0x2000)
r2 = syz_open_dev$dri(&(0x7f0000000000), 0x1, 0x800)
r3 = syz_open_dev$dri(&(0x7f0000000000), 0x50dd, 0x0)
ioctl$DRM_IOCTL_WAIT_VBLANK(r3, 0xc018643a, &(0x7f0000000cc0)={0x0, 0xfffffff7, 0x6})
mmap$snddsp_status(&(0x7f0000000000/0x4000)=nil, 0x1000, 0x1000005, 0x42033, 0xffffffffffffffff, 0x82000000)
ioctl$DRM_IOCTL_MODE_GETRESOURCES(r2, 0xc04064a0, 0x0)
ioctl$DRM_IOCTL_MODE_GETCRTC(r1, 0xc06864a1, &(0x7f00000001c0)={0x0, 0x0, 0x0, <r4=>0x0})
ioctl$DRM_IOCTL_MODE_DIRTYFB(r1, 0xc01864b1, 0x0)
r5 = syz_open_dev$sndpcmp(&(0x7f00000008c0), 0x95a7, 0x183000)
mmap$snddsp_status(&(0x7f0000ffa000/0x4000)=nil, 0x1000, 0x4, 0x11, r5, 0x82000000)
mmap$snddsp_control(&(0x7f0000ffb000/0x3000)=nil, 0xc00000, 0xf, 0x9e832, 0xffffffffffffffff, 0x83000000)
r6 = syz_open_dev$sndpcmp(&(0x7f0000000040), 0x2, 0x80000)
r7 = syz_open_dev$dri(&(0x7f0000000180), 0x0, 0x1)
ioctl$DRM_IOCTL_DROP_MASTER(r7, 0x641f)
ioctl$DRM_IOCTL_DROP_MASTER(r7, 0x641f)
mmap$snddsp_control(&(0x7f0000ffc000/0x1000)=nil, 0xc00000, 0x200000f, 0x96012, r6, 0x83000000)
mmap$snddsp_control(&(0x7f0000ffb000/0x3000)=nil, 0xc00000, 0xf, 0x9e832, 0xffffffffffffffff, 0x83000000)
mmap$snddsp_control(&(0x7f0000ffc000/0x1000)=nil, 0x1021, 0x3000005, 0x12, 0xffffffffffffffff, 0x83000000)
mmap$snddsp_status(&(0x7f0000e0d000/0x3000)=nil, 0x1000, 0x0, 0x11, r0, 0x82000000)
mmap$snddsp_control(&(0x7f0000ffb000/0x3000)=nil, 0xc00000, 0xf, 0x9e832, 0xffffffffffffffff, 0x83000000)
ioctl$DRM_IOCTL_MODE_CREATE_DUMB(0xffffffffffffffff, 0xc02064b2, &(0x7f0000000080)={0x8, 0x4, 0x5ef12f90})
r8 = syz_open_dev$dri(0x0, 0x495c, 0x400)
ioctl$DRM_IOCTL_MODE_GETFB(r2, 0xc01c64ad, &(0x7f0000000880)={r4})
ioctl$DRM_IOCTL_MODE_GET_LEASE(0xffffffffffffffff, 0xc01064c8, &(0x7f00000000c0)={0x0, 0x0, &(0x7f0000000040)})
ioctl$DRM_IOCTL_MODE_GETPROPBLOB(r8, 0xc01064ac, &(0x7f0000000200)={0x0, 0x0, 0x0})
ioctl$DRM_IOCTL_MODE_GETENCODER(r1, 0xc01464a6, 0x0)
mmap$snddsp_control(&(0x7f0000ffa000/0x4000)=nil, 0xc00000, 0x200000f, 0x9e831, 0xffffffffffffffff, 0x83000000)

2.446502181s ago: executing program 2 (id=17941):
r0 = syz_open_dev$sndpcmp(&(0x7f0000000080), 0x95a7, 0x1a1000)
r1 = openat$sndseq(0xffffffffffffff9c, &(0x7f0000000000), 0x402)
ioctl$SNDRV_SEQ_IOCTL_REMOVE_EVENTS(r1, 0x4040534e, &(0x7f0000000040)={0x192, @tick=0xffff607e, 0x83, {0x7, 0x40}, 0xfb, 0x2, 0xf})
r2 = syz_open_dev$sndpcmp(&(0x7f0000000000), 0x4, 0x2000)
r3 = syz_open_dev$sndctrl(&(0x7f0000000000), 0xa, 0x480)
r4 = syz_open_dev$dri(&(0x7f0000000000), 0xfffffffffffffffc, 0x40000)
mmap$snddsp_control(&(0x7f0000000000/0x4000)=nil, 0x1000, 0x1000009, 0x32, 0xffffffffffffffff, 0x83000000)
ioctl$DRM_IOCTL_MODE_CREATEPROPBLOB(r4, 0xc01064bd, &(0x7f0000000100)={0x0, 0x56})
ioctl$SNDRV_CTL_IOCTL_PVERSION(r3, 0x80045500, 0xfffffffffffffffd)
r5 = syz_open_dev$dri(&(0x7f0000000000), 0x1, 0x2000)
r6 = syz_open_dev$dri(&(0x7f0000000000), 0x1, 0x800)
ioctl$DRM_IOCTL_MODE_GETRESOURCES(r6, 0xc04064a0, &(0x7f0000000340)={0x0, &(0x7f0000000280)=[<r7=>0x0], 0x0, 0x0, 0x0, 0x1})
ioctl$DRM_IOCTL_MODE_GETCRTC(r5, 0xc06864a1, &(0x7f00000001c0)={0x0, 0x0, r7, <r8=>0x0})
mmap$snddsp_control(&(0x7f0000902000/0x4000)=nil, 0x1000, 0x3000021, 0x2812, r0, 0x83000000)
syz_open_dev$sndpcmp(&(0x7f00000008c0), 0x95a7, 0x183000)
mmap$snddsp_status(&(0x7f0000ffa000/0x4000)=nil, 0x1000, 0x4, 0x11, r2, 0x82000000)
openat$sndseq(0xffffffffffffff9c, &(0x7f0000000140), 0x800)
r9 = syz_open_dev$sndpcmp(&(0x7f0000000000), 0x8, 0x406002)
mmap$snddsp_control(&(0x7f0000ffb000/0x3000)=nil, 0xc00000, 0xf, 0x9e832, 0xffffffffffffffff, 0x83000000)
r10 = syz_open_dev$sndpcmp(&(0x7f0000000040), 0x2, 0x80803)
mmap$snddsp_control(&(0x7f0000ffc000/0x1000)=nil, 0xc00000, 0x200000f, 0x96012, r10, 0x83000000)
mmap$snddsp_control(&(0x7f0000ffb000/0x3000)=nil, 0xc00000, 0xf, 0x9e832, 0xffffffffffffffff, 0x83000000)
mmap$snddsp_control(&(0x7f0000ffc000/0x1000)=nil, 0x1021, 0x3000005, 0x12, r9, 0x83000000)
mmap$snddsp_status(&(0x7f0000e0d000/0x3000)=nil, 0x1000, 0x0, 0x11, r0, 0x82000000)
mmap$snddsp_control(&(0x7f0000ffb000/0x3000)=nil, 0xc00000, 0xf, 0x9e832, 0xffffffffffffffff, 0x83000000)
r11 = syz_open_dev$dri(&(0x7f0000000000), 0x3fffc0, 0x20000)
ioctl$DRM_IOCTL_MODE_CREATE_DUMB(r11, 0xc02064b2, &(0x7f0000000080)={0x8, 0x4, 0x10000})
syz_open_dev$dri(&(0x7f0000000840), 0x495c, 0x400)
ioctl$DRM_IOCTL_MODE_GETFB(r4, 0xc01c64ad, &(0x7f0000000880)={r8})
ioctl$DRM_IOCTL_MODE_GET_LEASE(r11, 0xc01064c8, &(0x7f00000000c0)={0x1, 0x0, &(0x7f0000000040)=[0x0]})

2.284435303s ago: executing program 0 (id=17943):
syz_open_dev$sndpcmc(&(0x7f0000000080), 0xfffffffffffffffb, 0x8c140)
r0 = openat$sndseq(0xffffffffffffff9c, 0x0, 0x402)
ioctl$SNDRV_SEQ_IOCTL_CREATE_QUEUE(r0, 0xc08c5332, 0x0)
openat$sndseq(0xffffffffffffff9c, &(0x7f0000000000), 0x402)
ioctl$SNDRV_TIMER_IOCTL_SELECT(0xffffffffffffffff, 0x40345410, &(0x7f0000000100)={{0x0, 0x2, 0x4000fff}})
mmap$snddsp_control(&(0x7f0000ffb000/0x3000)=nil, 0xc00000, 0xf, 0x9e832, 0xffffffffffffffff, 0x83000000)
mmap$snddsp(&(0x7f0000ffd000/0x3000)=nil, 0x3000, 0x200000c, 0x82031, 0xffffffffffffffff, 0xd000)
r1 = syz_open_dev$sndpcmp(&(0x7f00000008c0), 0x95a7, 0x183000)
ioctl$SNDRV_PCM_IOCTL_STATUS_EXT32(r1, 0xc06c4124, &(0x7f0000000040)={0x0, 0x0, 0x0, 0x0, 0x0, 0x0, 0x0, 0x0, 0x0, 0x0, 0x0, 0x0, 0x3})
r2 = syz_open_dev$sndpcmp(&(0x7f0000000080), 0x95a7, 0x1a1000)
r3 = openat$sndseq(0xffffffffffffff9c, 0x0, 0x0)
r4 = syz_open_dev$sndpcmp(&(0x7f0000000000), 0x0, 0x8000)
ioctl$SNDRV_PCM_IOCTL_HW_REFINE(r4, 0xc2604110, &(0x7f0000000180)={0x7, [[0xea7, 0x901, 0x800, 0x3, 0x9, 0x1, 0x1, 0x6], [0x10000, 0x7, 0x5, 0x7, 0x81, 0x8000, 0xc, 0xb], [0x1, 0x7fffffff, 0x3, 0xe, 0xb, 0x7ff, 0xdc63, 0x8]], '\x00', [{0x9, 0xe, 0x1, 0x1, 0x1}, {0x2, 0x7ff, 0x0, 0x1}, {0x401, 0x7fffffff}, {0x2, 0x157c, 0x1}, {0x783, 0x1, 0x1}, {0x6, 0x81, 0x0, 0x1, 0x1}, {0x6, 0x8, 0x1, 0x0, 0x1}, {0xffffffff, 0x8, 0x0, 0x1, 0x1}, {0x7, 0x7, 0x0, 0x0, 0x0, 0x1}, {0x1ff, 0x9, 0x0, 0x1}, {0xffffff01, 0x8a16, 0x1, 0x0, 0x1}, {0xcfa7, 0x1000, 0x1, 0x0, 0x1, 0x1}], '\x00', 0x34800})
ioctl$SNDRV_SEQ_IOCTL_SET_QUEUE_INFO(r3, 0xc08c5335, &(0x7f00000002c0)={0x1ba, 0x2819, 0x0, 'queue1\x00', 0x9})
mmap$snddsp_control(&(0x7f00007cd000/0x4000)=nil, 0xc00000, 0x0, 0x96012, r2, 0x83000000)
ioctl$SNDRV_TIMER_IOCTL_START(0xffffffffffffffff, 0x54a0)
r5 = openat$sndseq(0xffffffffffffff9c, &(0x7f0000000140), 0x100)
ioctl$SNDRV_SEQ_IOCTL_SET_QUEUE_TEMPO(r5, 0x402c5342, &(0x7f00000000c0)={0x0, 0x6, 0x3, {0x401}, 0x5, 0x8000000})

1.532678013s ago: executing program 0 (id=17945):
r0 = openat$sndtimer(0xffffffffffffff9c, &(0x7f00000000c0), 0x8000)
ioctl$SNDRV_TIMER_IOCTL_SELECT(r0, 0x40345410, &(0x7f0000000000)={{0x0, 0x3, 0x6, 0x1, 0x5}})
ioctl$SNDRV_TIMER_IOCTL_PAUSE(r0, 0x54a3)

1.493443395s ago: executing program 0 (id=17947):
mmap$snddsp_control(&(0x7f0000ffb000/0x3000)=nil, 0xc00000, 0xf, 0x9e832, 0xffffffffffffffff, 0x83000000)
r0 = openat$sndtimer(0xffffffffffffff9c, &(0x7f0000000000), 0x101240)
r1 = syz_open_dev$dri(&(0x7f0000000000), 0x2, 0x1)
ioctl$DRM_IOCTL_MODE_ADDFB(r1, 0xc01c64ae, &(0x7f0000000040)={0x0, 0x2000, 0x1, 0x1000, 0x18, 0x18, 0x5})
r2 = openat$sndseq(0xffffffffffffff9c, &(0x7f0000000000), 0x402)
ioctl$SNDRV_SEQ_IOCTL_CREATE_QUEUE(r2, 0xc08c5332, &(0x7f0000000100)={0x7ff, 0x9, 0x0, 'queue1\x00', 0x73fa})
ioctl$SNDRV_SEQ_IOCTL_SET_QUEUE_TIMER(r2, 0x40605346, &(0x7f0000000480)={0x0, 0x0, {0x2, 0x3, 0xffffff01, 0x2, 0x2}, 0x7b0d76ee})
ioctl$SNDRV_SEQ_IOCTL_GET_QUEUE_TIMER(r2, 0xc0605345, &(0x7f00000002c0)={0x7, 0x0, {0x1, 0x3, 0x3, 0x0, 0xa22}, 0x2})
ioctl$SNDRV_TIMER_IOCTL_SELECT(r0, 0x40345410, &(0x7f00000000c0)={{0x0, 0x1, 0x1, 0x2, 0x10000000}})
ioctl$SNDRV_TIMER_IOCTL_SELECT(r0, 0x40345410, 0x0)
r3 = openat$sndseq(0xffffffffffffff9c, &(0x7f0000000580), 0x2001)
r4 = openat$sndseq(0xffffffffffffff9c, &(0x7f0000000000), 0x402)
write$sndseq(r4, &(0x7f0000000300)=[{0x6, 0x7f, 0x2, 0xfd, @tick=0x8, {0x2c, 0x6}, {0xe, 0x40}, @raw32={[0x1, 0x7fff, 0x6]}}], 0x1c)
write$sndseq(r3, &(0x7f0000000040)=[{0xbd, 0x0, 0x6, 0x2, @time={0x3, 0x1ad6}, {0x68, 0x5}, {0x6, 0x3}, @quote={{0x2, 0x1}}}], 0xfffffffffffffec1)
r5 = syz_open_dev$amidi(&(0x7f0000000080), 0x2, 0x103042)
write$midi(r5, 0x0, 0x3f)
r6 = syz_open_dev$dri(&(0x7f0000000300), 0xfffffffffffffffa, 0xe500)
r7 = syz_open_dev$dri(&(0x7f0000000000), 0x2, 0x1)
ioctl$DRM_IOCTL_MODE_ADDFB(r7, 0xc01c64ae, &(0x7f0000000040)={0x0, 0x7, 0x1, 0x1000, 0x18, 0x18, 0x5})
r8 = syz_open_dev$dri(&(0x7f0000000000), 0x2, 0x1)
ioctl$DRM_IOCTL_GET_CAP(r1, 0xc010640c, &(0x7f0000000100)={0x7})
r9 = syz_open_dev$sndpcmp(&(0x7f0000000040), 0x2, 0x80000)
ioctl$DRM_IOCTL_MODE_CREATE_DUMB(r8, 0xc02064b2, &(0x7f0000000080)={0x9, 0x8, 0x2})
mmap$snddsp_control(&(0x7f0000ffc000/0x1000)=nil, 0xc00000, 0x200000f, 0x96012, r9, 0x83000000)
ioctl$DRM_IOCTL_SYNCOBJ_TIMELINE_SIGNAL(0xffffffffffffffff, 0xc01864cd, &(0x7f0000000380)={&(0x7f0000000300), &(0x7f0000000340)})
ioctl$DRM_IOCTL_SYNCOBJ_FD_TO_HANDLE_FD(0xffffffffffffffff, 0xc01864c2, &(0x7f0000000480)={<r10=>0x0})
ioctl$DRM_IOCTL_SYNCOBJ_SIGNAL(0xffffffffffffffff, 0xc01064c5, &(0x7f0000000500)={&(0x7f00000004c0)=[0x0, 0x0, 0x0, r10], 0x4})
ioctl$DRM_IOCTL_SYNCOBJ_FD_TO_HANDLE_FD(r8, 0xc01864c2, &(0x7f0000000240)={<r11=>0x0, 0x0, r5})
ioctl$DRM_IOCTL_SYNCOBJ_WAIT(r6, 0xc02864c3, &(0x7f0000000340)={&(0x7f0000000280)=[0x0, 0x0, 0x0, 0x0, 0x0, r11], 0xffffffff, 0x6, 0x4})
mmap$snddsp(&(0x7f0000ffd000/0x3000)=nil, 0x3000, 0x200000c, 0x82031, 0xffffffffffffffff, 0xd000)

1.35524658s ago: executing program 2 (id=17949):
r0 = openat$sndseq(0xffffffffffffff9c, &(0x7f00000000c0), 0x400)
ioctl$SNDRV_SEQ_IOCTL_CREATE_PORT(r0, 0xc0a85320, &(0x7f0000000800)={{0x80, 0xfe}, 'port1\x00', 0x3f, 0x30826, 0x1, 0x8, 0xff, 0x5, 0xc, 0x0, 0x5, 0x9c})
r1 = openat$sndtimer(0xffffffffffffff9c, &(0x7f0000000140), 0x8200)
read$midi(r1, 0x0, 0x0)
ioctl$SNDRV_SEQ_IOCTL_GET_PORT_INFO(r0, 0xc0a85322, &(0x7f0000000000))

1.191180566s ago: executing program 2 (id=17950):
mmap$snddsp_control(&(0x7f0000ffb000/0x3000)=nil, 0xc00000, 0x200000f, 0x9e831, 0xffffffffffffffff, 0x83000000)
r0 = syz_open_dev$sndpcmp(&(0x7f0000000000), 0x0, 0x2000)
mmap$snddsp_status(&(0x7f0000ffc000/0x3000)=nil, 0x1000, 0x5, 0x82012, r0, 0x82000000)
r1 = openat$sndseq(0xffffffffffffff9c, &(0x7f00000000c0), 0x400)
ioctl$SNDRV_SEQ_IOCTL_GET_QUEUE_INFO(r1, 0xc08c5334, &(0x7f00000002c0)={0x0, 0x6, 0x0, 'queue0\x00', 0x4})
mmap$snddsp(&(0x7f0000ffb000/0x3000)=nil, 0x3000, 0x0, 0x20031, 0xffffffffffffffff, 0xb000)
r2 = syz_open_dev$sndpcmp(&(0x7f00000008c0), 0x95a7, 0x183000)
mmap$snddsp_status(&(0x7f0000ffa000/0x4000)=nil, 0x1000, 0x4, 0x11, r2, 0x82000000)
r3 = syz_open_dev$sndpcmp(&(0x7f0000000000), 0x0, 0x2000)
mmap$snddsp_control(&(0x7f0000ffc000/0x1000)=nil, 0x1021, 0x3000005, 0x12, r3, 0x83000000)
mmap$snddsp(&(0x7f0000ffe000/0x2000)=nil, 0x2000, 0x7, 0x12, r3, 0x10000)

1.190554899s ago: executing program 3 (id=17951):
r0 = syz_open_dev$dri(&(0x7f0000000000), 0x3fffc0, 0x20000)
ioctl$DRM_IOCTL_MODE_CREATE_DUMB(r0, 0xc02064b2, &(0x7f0000000080)={0x8, 0x4, 0x10000}) (async)
r1 = syz_open_dev$dri(&(0x7f0000000840), 0x495c, 0x400)
ioctl$DRM_IOCTL_MODE_GETFB(r1, 0xc01c64ad, &(0x7f0000000880)) (async)
ioctl$DRM_IOCTL_MODE_GET_LEASE(r0, 0xc01064c8, &(0x7f00000000c0)={0x1, 0x0, &(0x7f0000000040)=[<r2=>0x0]}) (async)
ioctl$DRM_IOCTL_MODE_CREATE_DUMB(r1, 0xc02064b2, &(0x7f0000000140)={0x3, 0x33c, 0xf6})
r3 = openat$drirender128(0xffffffffffffff9c, &(0x7f0000000b80), 0x800, 0x0) (async)
r4 = syz_open_dev$dri(&(0x7f00000000c0), 0x0, 0x8000)
syz_open_dev$sndpcmp(&(0x7f0000000080), 0x95a7, 0x1a1000) (async)
r5 = openat$sndseq(0xffffffffffffff9c, &(0x7f0000000000), 0x402)
ioctl$SNDRV_SEQ_IOCTL_CREATE_QUEUE(r5, 0xc08c5332, &(0x7f0000000100)={0x9, 0x9, 0x0, 'queue0\x00', 0x73fa})
write$sndseq(r5, &(0x7f0000000300)=[{0x6, 0x7f, 0x2, 0x0, @time={0x1, 0x80000001}, {0x2c, 0x6}, {0x8}, @control={0x9, 0x9, 0x5}}], 0x1c) (async)
write$sndseq(r5, &(0x7f0000000080)=[{0x4, 0x1, 0x9, 0x0, @tick=0x3, {0x2c, 0x6}, {0x21, 0xfc}, @queue={0x3, {0x8, 0x2}}}], 0x1c) (async)
ioctl$DRM_IOCTL_GEM_CLOSE(r4, 0x40086409, &(0x7f0000000000))
r6 = syz_open_dev$dri(&(0x7f0000000000), 0x50dd, 0x0)
ioctl$DRM_IOCTL_AGP_ALLOC(r3, 0xc0206434, &(0x7f0000000240)={0xd, <r7=>0x0, 0x1})
ioctl$DRM_IOCTL_AGP_UNBIND(r3, 0x40106437, &(0x7f0000000280)={r7, 0x10000})
ioctl$DRM_IOCTL_PRIME_FD_TO_HANDLE(r3, 0xc00c642e, &(0x7f00000002c0)={0x0, 0x0, r3}) (async)
syz_open_dev$dri(&(0x7f0000000100), 0x9, 0x103401)
ioctl$DRM_IOCTL_WAIT_VBLANK(r6, 0xc018643a, &(0x7f0000000cc0)={0x10000000, 0x100ae1, 0x6})
ioctl$DRM_IOCTL_MODE_GETPROPBLOB(r3, 0xc01064ac, &(0x7f0000000200)={r2, 0x9a, &(0x7f00000004c0)=""/154}) (async)
r8 = syz_open_dev$dri(&(0x7f0000000000), 0x1, 0x22000)
ioctl$DRM_IOCTL_MODE_ATOMIC(r8, 0xc03864bc, &(0x7f0000000380)={0x200, 0x1, &(0x7f0000000280)=[0x0], 0x0, 0x0, 0x0, 0x0, 0x47}) (async)
ioctl$DRM_IOCTL_MODE_CREATE_DUMB(r0, 0xc02064b2, &(0x7f00000001c0)={0x1, 0x1, 0x7}) (async)
r9 = syz_open_dev$dri(&(0x7f0000000340), 0x3fffc0, 0x1ab440)
ioctl$DRM_IOCTL_MODE_CREATE_DUMB(r9, 0xc02064b2, &(0x7f0000000380)={0x1, 0x1, 0x7})

963.951256ms ago: executing program 3 (id=17952):
r0 = syz_open_dev$sndpcmp(&(0x7f0000000080), 0x95a7, 0x1a1000)
mmap$snddsp_control(&(0x7f0000902000/0x4000)=nil, 0x1000, 0x3000021, 0x2812, r0, 0x83000000)
r1 = syz_open_dev$sndpcmp(&(0x7f00000008c0), 0x95a7, 0x183000)
mmap$snddsp_status(&(0x7f0000ffa000/0x4000)=nil, 0x1000, 0x4, 0x11, r1, 0x82000000)
r2 = syz_open_dev$sndpcmp(&(0x7f0000000000), 0x0, 0x2000)
mmap$snddsp_control(&(0x7f0000ffc000/0x1000)=nil, 0x1021, 0x3000005, 0x12, r2, 0x83000000)
mmap$snddsp(&(0x7f0000d71000/0x2000)=nil, 0x2000, 0x0, 0x20031, 0xffffffffffffffff, 0xb000)
r3 = openat$sndseq(0xffffffffffffff9c, &(0x7f00000000c0), 0x0)
ioctl$SNDRV_SEQ_IOCTL_CLIENT_ID(r3, 0x80045301, &(0x7f0000000100))
r4 = openat$sndtimer(0xffffffffffffff9c, &(0x7f0000000000), 0x101240)
ioctl$SNDRV_TIMER_IOCTL_SELECT(r4, 0x40345410, &(0x7f0000000080)={{0x0, 0x2, 0x1400001, 0x0, 0x4381cdc2}})
ioctl$SNDRV_TIMER_IOCTL_SELECT(r4, 0x40345410, 0x0)
syz_open_dev$sndmidi(&(0x7f0000000040), 0x2, 0x103a00)

859.180313ms ago: executing program 1 (id=17953):
mmap$snddsp_control(&(0x7f0000ffb000/0x3000)=nil, 0xc00000, 0x200000f, 0x9e831, 0xffffffffffffffff, 0x83000000)
r0 = syz_open_dev$sndpcmp(&(0x7f0000000000), 0x0, 0x2000)
mmap$snddsp_status(&(0x7f0000ffc000/0x3000)=nil, 0x1000, 0x5, 0x10, r0, 0x82000000)
r1 = syz_open_dev$dri(&(0x7f0000000180), 0x0, 0x1)
r2 = syz_open_dev$dri(&(0x7f0000000300), 0xfffffffffffffffa, 0x40800)
ioctl$DRM_IOCTL_MODE_CREATE_DUMB(r2, 0xc02064b2, &(0x7f0000000240)={0x9, 0x7ffe, 0x7, 0x0, <r3=>0x0})
r4 = openat$sndseq(0xffffffffffffff9c, &(0x7f0000000040), 0x410041)
ioctl$SNDRV_SEQ_IOCTL_SET_CLIENT_INFO(r4, 0x40bc5311, &(0x7f0000000080)={0xe644, 0x1, 'client1\x00', 0x2, "520ef5c800acb1a6", "b64d33901dc2537e89210cb8595ff9594b75a95c3863f93b7422492f6cd3b646", 0x2, 0xa})
ioctl$DRM_IOCTL_MODE_DESTROY_DUMB(r1, 0xc00464b4, &(0x7f0000000780)={r3})
mmap$snddsp(&(0x7f0000ffb000/0x3000)=nil, 0x3000, 0x0, 0x20031, 0xffffffffffffffff, 0xb000)

858.554946ms ago: executing program 0 (id=17954):
r0 = syz_open_dev$sndctrl(&(0x7f0000000940), 0x0, 0xa8401)
ioctl$SNDRV_CTL_IOCTL_PCM_PREFER_SUBDEVICE(r0, 0x40045532, &(0x7f00000009c0)=0x3)
syz_open_dev$sndpcmp(&(0x7f0000000000), 0x0, 0x8000)
r1 = syz_open_dev$sndctrl(&(0x7f0000000040), 0x2, 0x3)
ioctl$SNDRV_CTL_IOCTL_TLV_COMMAND(r1, 0xc008551c, &(0x7f00000000c0)={0x2, 0xc, [0x5, 0x4, 0x11d9]})
r2 = syz_open_dev$dri(0x0, 0x3fffc0, 0x20000)
ioctl$DRM_IOCTL_MODE_CREATE_DUMB(r2, 0xc02064b2, &(0x7f0000000080)={0x8, 0x4, 0x10000, 0x0, <r3=>0x0})
r4 = syz_open_dev$dri(&(0x7f0000000840), 0x495c, 0x400)
ioctl$DRM_IOCTL_MODE_GETFB(r4, 0xc01c64ad, &(0x7f0000000880))
ioctl$DRM_IOCTL_MODE_GETPROPBLOB(r4, 0xc01064ac, &(0x7f0000000200)={0x0, 0x8d, &(0x7f0000000100)=""/141})
ioctl$DRM_IOCTL_MODE_CREATE_DUMB(r2, 0xc02064b2, &(0x7f00000001c0)={0x1, 0x1, 0x7})
ioctl$SNDRV_PCM_IOCTL_DRAIN(0xffffffffffffffff, 0x4144, 0x0)
r5 = syz_open_dev$sndpcmp(0x0, 0x0, 0x8000)
ioctl$SNDRV_PCM_IOCTL_HW_REFINE_OLD(r5, 0xc1004110, 0x0)
mmap$snddsp_control(&(0x7f0000ffb000/0x3000)=nil, 0xc00000, 0x200000f, 0x9e832, 0xffffffffffffffff, 0x83000000)
r6 = syz_open_dev$sndpcmp(&(0x7f0000000080), 0x95a7, 0x1a1000)
mmap$snddsp_control(&(0x7f00007cd000/0x4000)=nil, 0xc00000, 0x0, 0x96012, r6, 0x83000000)
mmap$snddsp_control(&(0x7f00007d0000/0x2000)=nil, 0x1000, 0x3000021, 0x2812, r6, 0x83000000)
syz_open_dev$sndpcmp(&(0x7f0000000080), 0x2, 0x1a1000)
ioctl$DRM_IOCTL_MODE_DESTROY_DUMB(r2, 0xc00464b4, &(0x7f0000000780)={r3})
syz_open_dev$dri(&(0x7f0000000000), 0x0, 0x100)
r7 = syz_open_dev$sndpcmp(&(0x7f0000000080), 0x95a7, 0x1a1000)
mmap$snddsp_control(&(0x7f00007cd000/0x4000)=nil, 0xc00000, 0x0, 0x96012, r7, 0x83000000)
r8 = syz_open_dev$sndpcmp(&(0x7f0000000080), 0x95a7, 0x1a1000)
mmap$snddsp_control(&(0x7f00007cd000/0x2000)=nil, 0x1000, 0x2f, 0x2812, r8, 0x83000000)
syz_open_dev$sndpcmp(&(0x7f0000000080), 0x0, 0x60400)

852.626444ms ago: executing program 3 (id=17955):
syz_open_dev$sndpcmc(&(0x7f0000000080), 0xfffffffffffffffb, 0x8c140)
r0 = openat$sndseq(0xffffffffffffff9c, 0x0, 0x402)
ioctl$SNDRV_SEQ_IOCTL_CREATE_QUEUE(r0, 0xc08c5332, 0x0)
openat$sndseq(0xffffffffffffff9c, &(0x7f0000000000), 0x402)
ioctl$SNDRV_TIMER_IOCTL_SELECT(0xffffffffffffffff, 0x40345410, &(0x7f0000000100)={{0x0, 0x2, 0x4000fff}})
mmap$snddsp_control(&(0x7f0000ffb000/0x3000)=nil, 0xc00000, 0xf, 0x9e832, 0xffffffffffffffff, 0x83000000)
mmap$snddsp(&(0x7f0000ffd000/0x3000)=nil, 0x3000, 0x200000c, 0x82031, 0xffffffffffffffff, 0xd000)
r1 = syz_open_dev$sndpcmp(&(0x7f00000008c0), 0x95a7, 0x183000)
ioctl$SNDRV_PCM_IOCTL_STATUS_EXT32(r1, 0xc06c4124, &(0x7f0000000040)={0x0, 0x0, 0x0, 0x0, 0x0, 0x0, 0x0, 0x0, 0x0, 0x0, 0x0, 0x0, 0x3})
r2 = syz_open_dev$sndpcmp(&(0x7f0000000080), 0x95a7, 0x1a1000)
r3 = openat$sndseq(0xffffffffffffff9c, 0x0, 0x0)
r4 = syz_open_dev$sndpcmp(&(0x7f0000000000), 0x0, 0x8000)
ioctl$SNDRV_PCM_IOCTL_HW_REFINE(r4, 0xc2604110, &(0x7f0000000180)={0x7, [[0xea7, 0x901, 0x800, 0x3, 0x9, 0x1, 0x1, 0x6], [0x10000, 0x7, 0x5, 0x7, 0x81, 0x8000, 0xc, 0xb], [0x1, 0x7fffffff, 0x3, 0xe, 0xb, 0x7ff, 0xdc63, 0x8]], '\x00', [{0x9, 0xe, 0x1, 0x1, 0x1}, {0x2, 0x7ff, 0x0, 0x1}, {0x401, 0x7fffffff}, {0x2, 0x157c, 0x1}, {0x783, 0x1, 0x1}, {0x6, 0x81, 0x0, 0x1, 0x1}, {0x6, 0x8, 0x1, 0x0, 0x1}, {0xffffffff, 0x8, 0x0, 0x1, 0x1}, {0x7, 0x7, 0x0, 0x0, 0x0, 0x1}, {0x1ff, 0x9, 0x0, 0x1}, {0xffffff01, 0x8a16, 0x1, 0x0, 0x1}, {0xcfa7, 0x1000, 0x1, 0x0, 0x1, 0x1}], '\x00', 0x34800})
ioctl$SNDRV_SEQ_IOCTL_SET_QUEUE_INFO(r3, 0xc08c5335, &(0x7f00000002c0)={0x1ba, 0x2819, 0x0, 'queue1\x00', 0x9})
mmap$snddsp_control(&(0x7f00007cd000/0x4000)=nil, 0xc00000, 0x0, 0x96012, r2, 0x83000000)
ioctl$SNDRV_TIMER_IOCTL_START(0xffffffffffffffff, 0x54a0)
r5 = openat$sndseq(0xffffffffffffff9c, &(0x7f0000000140), 0x100)
ioctl$SNDRV_SEQ_IOCTL_SET_QUEUE_TEMPO(r5, 0x402c5342, &(0x7f00000000c0)={0x0, 0x6, 0x3, {0x401}, 0x5, 0x8000000})

358.562902ms ago: executing program 2 (id=17956):
r0 = syz_open_dev$sndpcmp(&(0x7f0000000000), 0x0, 0x2000)
mmap$snddsp_control(&(0x7f0000ffc000/0x1000)=nil, 0x1000, 0x2000000, 0xaa113, r0, 0x83000000)
r1 = openat$sndseq(0xffffffffffffff9c, &(0x7f0000000080), 0x2a4e40)
ioctl$SNDRV_SEQ_IOCTL_CREATE_QUEUE(r1, 0xc08c5332, &(0x7f00000001c0)={0x7, 0xc46, 0x0, 'queue1\x00', 0x6})
write$sndseq(r1, &(0x7f0000000300)=[{0x6, 0x7f, 0x0, 0x0, @time={0x1, 0x80000001}, {0x2c, 0x6}, {0xd}, @control={0x9, 0x2000009, 0x5}}], 0xfede)
r2 = syz_open_dev$sndpcmp(&(0x7f00000008c0), 0x95a7, 0x3e32c2)
ioctl$SNDRV_PCM_IOCTL_DROP(r2, 0x4143, 0x0)
r3 = syz_open_dev$sndctrl(&(0x7f00000000c0), 0x0, 0x1a3683)
ioctl$SNDRV_CTL_IOCTL_PCM_PREFER_SUBDEVICE(r3, 0x40045532, &(0x7f00000009c0)=0x3)
syz_open_dev$sndpcmp(&(0x7f0000000000), 0x0, 0x8000)
r4 = syz_open_dev$sndpcmp(&(0x7f0000000000), 0x0, 0x2000)
ioctl$SNDRV_PCM_IOCTL_USER_PVERSION(r4, 0x40044104, &(0x7f0000000000)=0xd)
syz_open_dev$sndpcmp(&(0x7f0000000040), 0x0, 0x12dc01)
r5 = openat$sndtimer(0xffffffffffffff9c, &(0x7f0000000000), 0x101240)
ioctl$SNDRV_TIMER_IOCTL_SELECT(r5, 0x40345410, &(0x7f0000000100)={{0x1, 0x2, 0x80fe}})
syz_open_dev$sndctrl(0xfffffffffffffffc, 0xffffffff80000001, 0x1e7dc1)
r6 = openat$sndtimer(0xffffffffffffff9c, &(0x7f0000000040), 0x0)
ioctl$SNDRV_TIMER_IOCTL_GPARAMS(r6, 0x40485404, &(0x7f0000000180)={{0x1, 0x3, 0x10}, 0x1, 0x5})
ioctl$SNDRV_SEQ_IOCTL_RUNNING_MODE(r1, 0xc0105303, &(0x7f0000000040)={0x7, 0xf8, 0x3})

246.604561ms ago: executing program 3 (id=17957):
ioctl$DRM_IOCTL_WAIT_VBLANK(0xffffffffffffffff, 0xc018643a, &(0x7f0000000180)={0x1, 0x0, 0x8})

164.238402ms ago: executing program 0 (id=17958):
syz_open_dev$sndctrl(&(0x7f0000000000), 0xa, 0x480)
mmap$snddsp_control(&(0x7f0000000000/0x4000)=nil, 0x1000, 0x1, 0x32, 0xffffffffffffffff, 0x83000000)
ioctl$DRM_IOCTL_MODE_CREATE_LEASE(0xffffffffffffffff, 0xc01864c6, &(0x7f00000001c0)={&(0x7f0000000180)=[0x0, 0x0, 0x0], 0x3, 0x80c00, 0x0, <r0=>0xffffffffffffffff})
ioctl$SNDRV_CTL_IOCTL_HWDEP_NEXT_DEVICE(r0, 0xc0045520, &(0x7f0000000140)=0x5)
r1 = openat$sndseq(0xffffffffffffff9c, &(0x7f0000000080), 0x20100)
ioctl$SNDRV_SEQ_IOCTL_QUERY_SUBS(r1, 0xc058534f, &(0x7f00000000c0)={{}, 0x1, 0xac9f, 0x1ea4, {0x81, 0x4c}, 0x1, 0x5})
syz_open_dev$sndmidi(&(0x7f0000000040), 0x0, 0x88040)
r2 = syz_open_dev$dri(&(0x7f0000000300), 0xfffffffffffffffa, 0x40800)
ioctl$DRM_IOCTL_MODE_GETCONNECTOR(r2, 0xc05064a7, 0x0)
ioctl$DRM_IOCTL_MODE_ATOMIC(r2, 0xc03864bc, &(0x7f0000000a80)={0x0, 0x0, 0x0, 0x0, 0x0, 0x0, 0x0, 0x200})
syz_open_dev$sndmidi(&(0x7f0000000040), 0x2, 0x103801)

137.405446ms ago: executing program 3 (id=17959):
r0 = syz_open_dev$sndctrl(&(0x7f0000000680), 0x2009, 0x101883) (async)
r1 = syz_open_dev$sndpcmp(&(0x7f0000000080), 0x95a7, 0x1a1000)
mmap$snddsp_control(&(0x7f0000ffd000/0x1000)=nil, 0x1000, 0x5, 0x96012, r1, 0x83000000) (async)
ioctl$SNDRV_CTL_IOCTL_ELEM_READ(r0, 0xc4c85512, &(0x7f0000000140)={{0xd, 0x2, 0x5, 0x0, '\x00', 0xf8}, 0x0, [0x40004, 0x26, 0xfffffffffffffff9, 0x1, 0x6, 0x4, 0xd, 0x3, 0x7fff, 0x0, 0x8, 0x4, 0x4, 0x6, 0x1, 0xe, 0x7fffffffffffffff, 0x2, 0x100000000, 0x801d, 0x4, 0xe80a, 0xfffffffffffffffd, 0x80, 0x0, 0x3ff, 0x4, 0x2, 0x7, 0x4, 0x1, 0x7ff, 0x9, 0x6, 0x300, 0x1, 0x9, 0xd, 0x9, 0xfffffffffffffff7, 0x70, 0x6, 0xffffffffffffffff, 0x6, 0x9, 0xffffffffffffeeb8, 0x1, 0x0, 0x9, 0x3, 0xe, 0x4, 0x0, 0xfffffffffffffff8, 0xffffffffffffffff, 0x80000000, 0x9820, 0x9, 0x0, 0x5, 0xb3f, 0x8b4, 0x9, 0xd77, 0x10000, 0x0, 0x1, 0x1, 0xffffffffffffff7f, 0x5, 0x9f6, 0x40, 0x3, 0x8, 0xfffffffffffffffb, 0x6, 0xfffffffffffffffa, 0x5, 0x4, 0x7, 0x6, 0x1, 0x9, 0x3a3, 0x1, 0x6, 0x4, 0x6, 0xfb9, 0xffffffffffffff0e, 0x8, 0x1, 0x6897, 0x9, 0x3, 0xfffffffffffffffa, 0x3, 0x9cbc, 0x7ff, 0x400, 0x5, 0x8, 0xfffffffffffffff4, 0xffffffffffffffcd, 0x78, 0x5, 0x7, 0x7fffffff, 0x80000001, 0x2, 0xfffffffffffffffe, 0x4, 0x4, 0x0, 0x8, 0x40, 0x9, 0x3, 0x3, 0x80006, 0x400, 0x86, 0x4, 0x0, 0x6, 0x8000000000000000, 0x9, 0x1]})

549.404µs ago: executing program 0 (id=17960):
r0 = syz_open_dev$dri(&(0x7f0000000000), 0x3fffc0, 0x2a500)
ioctl$DRM_IOCTL_MODE_CREATE_DUMB(r0, 0xc02064b2, &(0x7f0000000080)={0x8, 0x1fa, 0x10000})
ioctl$DRM_IOCTL_MODE_CREATE_DUMB(r0, 0xc02064d2, &(0x7f0000000040)={0x1, 0xffffffff, 0x206})

242.761µs ago: executing program 1 (id=17961):
r0 = syz_open_dev$dri(&(0x7f0000000000), 0x0, 0x0)
r1 = syz_open_dev$dri(&(0x7f0000000000), 0x3fffc0, 0x2a500)
ioctl$DRM_IOCTL_MODE_CREATE_DUMB(r1, 0x40086602, &(0x7f0000000140)={0xfffffffc, 0xba, 0x8})
r2 = syz_open_dev$dri(&(0x7f0000000000), 0x1, 0x2000)
syz_open_dev$dri(&(0x7f00000001c0), 0x9, 0x1)
ioctl$DRM_IOCTL_SYNCOBJ_CREATE(r2, 0xc00864bf, &(0x7f0000000240))
mmap$snddsp_control(&(0x7f0000000000/0x4000)=nil, 0x1000, 0x1, 0x32, 0xffffffffffffffff, 0x83000000)
r3 = openat$sndseq(0xffffffffffffff9c, &(0x7f0000000040), 0x200000)
ioctl$SNDRV_SEQ_IOCTL_SET_CLIENT_INFO(r3, 0x40bc5311, &(0x7f0000000080)={0xc9b0, 0x2, 'client1\x00', 0x80000001, "d2c0b70a01359e5c", "953f2ec1718d6467ea2d5a6d88d28d4da132c9916aa8aff382bb3baedd4f3279", 0xfffff001, 0x7})
ioctl$DRM_IOCTL_GET_CAP(r2, 0xc010640c, &(0x7f0000000200)={0x4})
ioctl$DRM_IOCTL_MODE_LIST_LESSEES(r0, 0xc01064c7, &(0x7f0000000140)={0x0, 0x0, 0x0})
ioctl$SNDRV_SEQ_IOCTL_PVERSION(r3, 0x80045300, &(0x7f0000000180))

0s ago: executing program 3 (id=17962):
ioctl$DRM_IOCTL_PRIME_HANDLE_TO_FD(0xffffffffffffffff, 0xc00c642d, &(0x7f0000000040)={0x0, 0x0, <r0=>0xffffffffffffffff}) (async)
r1 = syz_open_dev$amidi(&(0x7f0000000080), 0x2, 0x103042)
write$midi(r1, 0x0, 0x3f) (async)
r2 = syz_open_dev$dri(&(0x7f0000000300), 0xfffffffffffffffa, 0xe500)
r3 = syz_open_dev$dri(&(0x7f0000000000), 0x2, 0x1)
ioctl$DRM_IOCTL_MODE_CREATE_DUMB(r3, 0xc02064b2, &(0x7f0000000080)={0x9, 0x8, 0x2}) (async)
ioctl$DRM_IOCTL_SYNCOBJ_FD_TO_HANDLE_FD(r3, 0xc01864c2, &(0x7f0000000240)={<r4=>0x0, 0x0, r1})
ioctl$DRM_IOCTL_SYNCOBJ_WAIT(r2, 0xc02864c3, &(0x7f0000000340)={&(0x7f0000000280)=[0x0, 0x0, 0x0, 0x0, 0x0, r4], 0xffffffff, 0x6, 0x4})
ioctl$DRM_IOCTL_SYNCOBJ_CREATE(0xffffffffffffffff, 0xc00864bf, &(0x7f0000000080)={0x0, 0x1}) (async, rerun: 64)
ioctl$DRM_IOCTL_SYNCOBJ_FD_TO_HANDLE_SYNC_FILE(0xffffffffffffffff, 0xc01864c2, &(0x7f00000000c0)={<r5=>0x0}) (async, rerun: 64)
ioctl$DRM_IOCTL_SYNCOBJ_CREATE(0xffffffffffffffff, 0xc00864bf, &(0x7f0000000100)={<r6=>0x0, 0x1}) (async)
r7 = syz_open_dev$amidi(&(0x7f0000000080), 0x2, 0x103042)
write$midi(r7, 0x0, 0x3f) (async)
r8 = syz_open_dev$dri(&(0x7f0000000300), 0xfffffffffffffffa, 0xe500) (async)
r9 = syz_open_dev$dri(&(0x7f0000000000), 0x2, 0x1)
ioctl$DRM_IOCTL_MODE_CREATE_DUMB(r9, 0xc02064b2, &(0x7f0000000080)={0x9, 0x8, 0x2})
ioctl$DRM_IOCTL_SYNCOBJ_FD_TO_HANDLE_FD(r9, 0xc01864c2, &(0x7f0000000240)={<r10=>0x0, 0x0, r7})
ioctl$DRM_IOCTL_SYNCOBJ_WAIT(r8, 0xc02864c3, &(0x7f0000000340)={&(0x7f0000000280)=[0x0, 0x0, 0x0, 0x0, 0x0, r10], 0xffffffff, 0x6, 0x4}) (async, rerun: 32)
ioctl$DRM_IOCTL_SYNCOBJ_CREATE(0xffffffffffffffff, 0xc00864bf, &(0x7f0000000140)={<r11=>0x0, 0x1}) (async, rerun: 32)
ioctl$DRM_IOCTL_SYNCOBJ_FD_TO_HANDLE_FD(0xffffffffffffffff, 0xc01864c2, &(0x7f0000000180)={<r12=>0x0})
ioctl$DRM_IOCTL_SYNCOBJ_SIGNAL(r0, 0xc01064c5, &(0x7f0000000200)={&(0x7f00000001c0)=[r4, r12, r5, r6, r10, r11, r12, 0x0], 0x3ca0})
syz_open_dev$sndpcmp(&(0x7f00000008c0), 0x95a7, 0x183000) (async)
r13 = syz_open_dev$sndpcmp(&(0x7f0000000000), 0x0, 0x2000)
mmap$snddsp(&(0x7f0000ffb000/0x2000)=nil, 0x2000, 0x2000000, 0x13, r13, 0xe000) (async)
r14 = syz_open_dev$sndmidi(&(0x7f0000001f40), 0x200, 0x101881)
mmap$snddsp_status(&(0x7f0000000000/0x4000)=nil, 0x1000, 0x1, 0x42033, 0xffffffffffffffff, 0x82000000) (async)
write$midi(r14, &(0x7f0000001f80)='\x00', 0x1)
r15 = openat$sndtimer(0xffffffffffffff9c, &(0x7f0000000000), 0x101240)
ioctl$SNDRV_TIMER_IOCTL_SELECT(r15, 0x40345410, &(0x7f0000000100)={{0x1, 0x2, 0x8000, 0x3}}) (async, rerun: 64)
ioctl$SNDRV_TIMER_IOCTL_PARAMS(r15, 0x40505412, &(0x7f0000000140)={0x4, 0x4262a359, 0xb6, 0x0, 0xe}) (rerun: 64)

kernel console output (not intermixed with test programs):

0 netdevsim3 (unregistering): unset [1, 0] type 2 family 0 port 6081 - 0
[ 2654.715500][   T13] netdevsim netdevsim0 netdevsim2 (unregistering): unset [1, 0] type 2 family 0 port 6081 - 0
[ 2654.744439][    C0] vkms_vblank_simulate: vblank timer overrun
[ 2654.921521][   T13] netdevsim netdevsim0 netdevsim1 (unregistering): unset [1, 0] type 2 family 0 port 6081 - 0
[ 2655.122659][    C0] vkms_vblank_simulate: vblank timer overrun
[ 2655.219255][   T13] netdevsim netdevsim0 netdevsim0 (unregistering): unset [1, 0] type 2 family 0 port 6081 - 0
[ 2655.281340][T66284] chnl_net:caif_netlink_parms(): no params data found
[ 2655.310545][    C0] vkms_vblank_simulate: vblank timer overrun
[ 2655.589011][T66284] bridge0: port 1(bridge_slave_0) entered blocking state
[ 2655.602828][T66284] bridge0: port 1(bridge_slave_0) entered disabled state
[ 2655.613119][T66284] bridge_slave_0: entered allmulticast mode
[ 2655.629901][T66284] bridge_slave_0: entered promiscuous mode
[ 2655.650101][T66284] bridge0: port 2(bridge_slave_1) entered blocking state
[ 2655.662259][T66284] bridge0: port 2(bridge_slave_1) entered disabled state
[ 2655.673684][T66284] bridge_slave_1: entered allmulticast mode
[ 2655.687392][T66284] bridge_slave_1: entered promiscuous mode
[ 2655.873295][T66284] bond0: (slave bond_slave_0): Enslaving as an active interface with an up link
[ 2655.875409][    C0] vkms_vblank_simulate: vblank timer overrun
[ 2655.976364][T66284] bond0: (slave bond_slave_1): Enslaving as an active interface with an up link
[ 2656.131104][T66284] team0: Port device team_slave_0 added
[ 2656.161058][T66284] team0: Port device team_slave_1 added
[ 2656.412004][T66284] batman_adv: batadv0: Adding interface: batadv_slave_0
[ 2656.416209][T66284] batman_adv: batadv0: The MTU of interface batadv_slave_0 is too small (1500) to handle the transport of batman-adv packets. Packets going over this interface will be fragmented on layer2 which could impact the performance. Setting the MTU to 1532 would solve the problem.
[ 2656.452077][T66284] batman_adv: batadv0: Not using interface batadv_slave_0 (retrying later): interface not active
[ 2656.495604][   T13] bridge_slave_1: left allmulticast mode
[ 2656.502039][   T13] bridge_slave_1: left promiscuous mode
[ 2656.508873][   T13] bridge0: port 2(bridge_slave_1) entered disabled state
[ 2656.518748][T62067] Bluetooth: hci2: command tx timeout
[ 2656.543797][   T13] bridge_slave_0: left allmulticast mode
[ 2656.548532][   T13] bridge_slave_0: left promiscuous mode
[ 2656.554001][   T13] bridge0: port 1(bridge_slave_0) entered disabled state
[ 2657.665470][   T13] bond0 (unregistering): (slave bond_slave_0): Releasing backup interface
[ 2657.750014][    C0] vkms_vblank_simulate: vblank timer overrun
[ 2657.934388][   T13] bond0 (unregistering): (slave bond_slave_1): Releasing backup interface
[ 2657.984189][   T13] bond0 (unregistering): Released all slaves
[ 2658.237215][T66284] batman_adv: batadv0: Adding interface: batadv_slave_1
[ 2658.246850][T66284] batman_adv: batadv0: The MTU of interface batadv_slave_1 is too small (1500) to handle the transport of batman-adv packets. Packets going over this interface will be fragmented on layer2 which could impact the performance. Setting the MTU to 1532 would solve the problem.
[ 2658.276234][T66284] batman_adv: batadv0: Not using interface batadv_slave_1 (retrying later): interface not active
[ 2658.280516][    C0] vkms_vblank_simulate: vblank timer overrun
[ 2658.309543][    C0] vkms_vblank_simulate: vblank timer overrun
[ 2658.353025][    C0] vkms_vblank_simulate: vblank timer overrun
[ 2658.439504][    C0] vkms_vblank_simulate: vblank timer overrun
[ 2658.530245][T66284] hsr_slave_0: entered promiscuous mode
[ 2658.538637][T66284] hsr_slave_1: entered promiscuous mode
[ 2658.542950][T66284] debugfs: 'hsr0' already exists in 'hsr'
[ 2658.546364][T66284] Cannot create hsr debugfs directory
[ 2658.602097][T62067] Bluetooth: hci2: command tx timeout
[ 2658.794735][T66543] ALSA: seq fatal error: cannot create timer (-22)
[ 2659.163464][    C0] vkms_vblank_simulate: vblank timer overrun
[ 2659.337854][    C0] vkms_vblank_simulate: vblank timer overrun
[ 2659.484733][    C0] vkms_vblank_simulate: vblank timer overrun
[ 2659.931831][   T13] hsr_slave_0: left promiscuous mode
[ 2659.961338][   T13] hsr_slave_1: left promiscuous mode
[ 2659.966839][   T13] batman_adv: batadv0: Interface deactivated: batadv_slave_0
[ 2659.970143][   T13] batman_adv: batadv0: Removing interface: batadv_slave_0
[ 2659.981915][   T13] batman_adv: batadv0: Interface deactivated: batadv_slave_1
[ 2659.995660][   T13] batman_adv: batadv0: Removing interface: batadv_slave_1
[ 2660.035267][   T13] veth1_macvtap: left promiscuous mode
[ 2660.044984][   T13] veth0_macvtap: left promiscuous mode
[ 2660.059014][   T13] veth1_vlan: left promiscuous mode
[ 2660.067510][   T13] veth0_vlan: left promiscuous mode
[ 2660.393790][    C0] vkms_vblank_simulate: vblank timer overrun
[ 2660.681255][T62067] Bluetooth: hci2: command tx timeout
[ 2661.021544][    C0] vkms_vblank_simulate: vblank timer overrun
[ 2661.063337][    C0] vkms_vblank_simulate: vblank timer overrun
[ 2661.157817][    C0] vkms_vblank_simulate: vblank timer overrun
[ 2661.668337][   T13] team0 (unregistering): Port device team_slave_1 removed
[ 2662.017097][   T13] team0 (unregistering): Port device team_slave_0 removed
[ 2662.536667][    C0] vkms_vblank_simulate: vblank timer overrun
[ 2662.566390][T66699] ALSA: seq fatal error: cannot create timer (-19)
[ 2662.750763][T62067] Bluetooth: hci2: command tx timeout
[ 2662.827776][    C0] vkms_vblank_simulate: vblank timer overrun
[ 2662.945756][    C0] vkms_vblank_simulate: vblank timer overrun
[ 2663.441376][T66719] warn_alloc: 1 callbacks suppressed
[ 2663.441396][T66719] syz.1.16474: vmalloc error: size 35651584, failed to allocated page array size 69632, mode:0xdc2(GFP_KERNEL|__GFP_HIGHMEM|__GFP_ZERO), nodemask=(null),cpuset=/,mems_allowed=0-1
[ 2663.472360][T66719] CPU: 0 UID: 0 PID: 66719 Comm: syz.1.16474 Not tainted 6.18.0 #1 PREEMPT(full) 
[ 2663.472385][T66719] Hardware name: QEMU Standard PC (i440FX + PIIX, 1996), BIOS rel-1.16.3-0-ga6ed6b701f0a-prebuilt.qemu.org 04/01/2014
[ 2663.472396][T66719] Call Trace:
[ 2663.472404][T66719]  <TASK>
[ 2663.472411][T66719]  dump_stack_lvl+0x180/0x1b0
[ 2663.472443][T66719]  warn_alloc+0x211/0x360
[ 2663.472466][T66719]  ? __pfx_warn_alloc+0x10/0x10
[ 2663.472487][T66719]  ? __pfx_alloc_vmap_area+0x10/0x10
[ 2663.472551][T66719]  ? __get_vm_area_node+0x10c/0x340
[ 2663.472582][T66719]  ? drm_property_create_blob.part.0+0x34/0x320
[ 2663.472609][T66719]  ? __vmalloc_node_noprof+0xac/0xf0
[ 2663.472640][T66719]  __vmalloc_node_range_noprof+0xfaa/0x13b0
[ 2663.472674][T66719]  ? drm_property_create_blob.part.0+0x34/0x320
[ 2663.472706][T66719]  ? __pfx___vmalloc_node_range_noprof+0x10/0x10
[ 2663.472743][T66719]  __kvmalloc_node_noprof+0x41f/0x9d0
[ 2663.472767][T66719]  ? drm_property_create_blob.part.0+0x34/0x320
[ 2663.472794][T66719]  ? drm_property_create_blob.part.0+0x34/0x320
[ 2663.472825][T66719]  ? drm_property_create_blob.part.0+0x34/0x320
[ 2663.472849][T66719]  drm_property_create_blob.part.0+0x34/0x320
[ 2663.472880][T66719]  drm_mode_createblob_ioctl+0x139/0x490
[ 2663.472909][T66719]  drm_ioctl_kernel+0x1ed/0x3e0
[ 2663.472926][T66719]  ? __pfx_drm_mode_createblob_ioctl+0x10/0x10
[ 2663.472952][T66719]  ? __pfx_drm_ioctl_kernel+0x10/0x10
[ 2663.472978][T66719]  drm_ioctl+0x574/0xb90
[ 2663.472998][T66719]  ? __pfx_drm_mode_createblob_ioctl+0x10/0x10
[ 2663.473039][T66719]  ? __pfx_drm_ioctl+0x10/0x10
[ 2663.473059][T66719]  ? hook_file_ioctl_common+0x146/0x3f0
[ 2663.473089][T66719]  ? __fget_files+0x1fb/0x3b0
[ 2663.473113][T66719]  ? __pfx_drm_ioctl+0x10/0x10
[ 2663.473131][T66719]  __x64_sys_ioctl+0x18f/0x210
[ 2663.473151][T66719]  do_syscall_64+0xcb/0xfa0
[ 2663.473180][T66719]  entry_SYSCALL_64_after_hwframe+0x77/0x7f
[ 2663.473198][T66719] RIP: 0033:0x7f8be13b059d
[ 2663.473215][T66719] Code: 02 b8 ff ff ff ff c3 66 0f 1f 44 00 00 f3 0f 1e fa 48 89 f8 48 89 f7 48 89 d6 48 89 ca 4d 89 c2 4d 89 c8 4c 8b 4c 24 08 0f 05 <48> 3d 01 f0 ff ff 73 01 c3 48 c7 c1 a8 ff ff ff f7 d8 64 89 01 48
[ 2663.473232][T66719] RSP: 002b:00007f8be2186f98 EFLAGS: 00000246 ORIG_RAX: 0000000000000010
[ 2663.473250][T66719] RAX: ffffffffffffffda RBX: 00007f8be1625fa0 RCX: 00007f8be13b059d
[ 2663.473262][T66719] RDX: 0000200000000180 RSI: 00000000c01064bd RDI: 0000000000000006
[ 2663.473273][T66719] RBP: 00007f8be144e078 R08: 0000000000000000 R09: 0000000000000000
[ 2663.473283][T66719] R10: 0000000000000000 R11: 0000000000000246 R12: 0000000000000000
[ 2663.473294][T66719] R13: 00007f8be1626038 R14: 00007f8be1625fa0 R15: 00007f8be2167000
[ 2663.473321][T66719]  </TASK>
[ 2663.473328][T66719] Mem-Info:
[ 2663.817997][T66719] active_anon:9168 inactive_anon:0 isolated_anon:0
[ 2663.817997][T66719]  active_file:6230 inactive_file:64484 isolated_file:0
[ 2663.817997][T66719]  unevictable:1781 dirty:2695 writeback:0
[ 2663.817997][T66719]  slab_reclaimable:13303 slab_unreclaimable:64649
[ 2663.817997][T66719]  mapped:29683 shmem:2823 pagetables:1222
[ 2663.817997][T66719]  sec_pagetables:0 bounce:0
[ 2663.817997][T66719]  kernel_misc_reclaimable:0
[ 2663.817997][T66719]  free:460877 free_pcp:17374 free_cma:0
[ 2663.873225][    C0] vkms_vblank_simulate: vblank timer overrun
[ 2663.889195][T66719] Node 0 active_anon:16544kB inactive_anon:0kB active_file:8716kB inactive_file:139288kB unevictable:3548kB isolated(anon):0kB isolated(file):0kB mapped:51864kB dirty:4292kB writeback:0kB shmem:5812kB shmem_thp:0kB shmem_pmdmapped:0kB anon_thp:0kB kernel_stack:3376kB pagetables:2628kB sec_pagetables:0kB all_unreclaimable? no Balloon:0kB
[ 2663.912803][    C0] vkms_vblank_simulate: vblank timer overrun
[ 2663.977376][T66719] Node 1 active_anon:14396kB inactive_anon:0kB active_file:16204kB inactive_file:118648kB unevictable:3568kB isolated(anon):0kB isolated(file):0kB mapped:66928kB dirty:6492kB writeback:0kB shmem:5392kB shmem_thp:0kB shmem_pmdmapped:0kB anon_thp:0kB kernel_stack:9164kB pagetables:2332kB sec_pagetables:0kB all_unreclaimable? no Balloon:0kB
[ 2664.030732][T66719] Node 0 DMA free:15132kB boost:0kB min:452kB low:564kB high:676kB reserved_highatomic:0KB free_highatomic:0KB active_anon:0kB inactive_anon:0kB active_file:0kB inactive_file:0kB unevictable:0kB writepending:0kB zspages:0kB present:15992kB managed:15360kB mlocked:0kB bounce:0kB free_pcp:228kB local_pcp:84kB free_cma:0kB
[ 2664.068037][T66719] lowmem_reserve[]: 0 1176 1176 1176 1176
[ 2664.123989][T66719] Node 0 DMA32 free:587256kB boost:0kB min:34836kB low:43544kB high:52252kB reserved_highatomic:0KB free_highatomic:0KB active_anon:16296kB inactive_anon:0kB active_file:8716kB inactive_file:139288kB unevictable:3548kB writepending:4292kB zspages:0kB present:2080772kB managed:1204832kB mlocked:12kB bounce:0kB free_pcp:40744kB local_pcp:24000kB free_cma:0kB
[ 2664.161936][    C0] vkms_vblank_simulate: vblank timer overrun
[ 2664.211544][T66719] lowmem_reserve[]: 0 0 0 0 0
[ 2664.215862][T66719] Node 1 DMA32 free:934972kB boost:0kB min:29136kB low:36420kB high:43704kB reserved_highatomic:0KB free_highatomic:0KB active_anon:12kB inactive_anon:0kB active_file:3720kB inactive_file:23832kB unevictable:0kB writepending:3712kB zspages:0kB present:1048444kB managed:982908kB mlocked:0kB bounce:0kB free_pcp:19932kB local_pcp:6488kB free_cma:0kB
[ 2664.251028][    C0] vkms_vblank_simulate: vblank timer overrun
[ 2664.263094][T66719] lowmem_reserve[]: 0 0 846 846 846
[ 2664.272973][T66719] Node 1 Normal free:297580kB boost:0kB min:25680kB low:32100kB high:38520kB reserved_highatomic:0KB free_highatomic:0KB active_anon:14384kB inactive_anon:0kB active_file:12484kB inactive_file:94816kB unevictable:3568kB writepending:2780kB zspages:0kB present:1048576kB managed:866440kB mlocked:32kB bounce:0kB free_pcp:20728kB local_pcp:124kB free_cma:0kB
[ 2664.309436][    C0] vkms_vblank_simulate: vblank timer overrun
[ 2664.376521][T66719] lowmem_reserve[]: 0 0 0 0 0
[ 2664.392649][T66719] Node 0 DMA: 3*4kB (U) 2*8kB (U) 2*16kB (U) 3*32kB (U) 2*64kB (U) 4*128kB (U) 4*256kB (U) 4*512kB (U) 5*1024kB (U) 3*2048kB (U) 0*4096kB = 15132kB
[ 2664.419752][T66719] Node 0 DMA32: 216*4kB (UME) 233*8kB (UME) 546*16kB (UME) 696*32kB (UM) 310*64kB (UME) 202*128kB (UME) 322*256kB (UME) 326*512kB (UM) 251*1024kB (UM) 1*2048kB (U) 0*4096kB = 587848kB
[ 2664.439283][T66719] Node 1 DMA32: 16*4kB (UME) 16*8kB (UME) 15*16kB (UME) 20*32kB (UME) 19*64kB (UME) 15*128kB (UME) 12*256kB (UME) 8*512kB (UME) 6*1024kB (UM) 10*2048kB (UME) 219*4096kB (UM) = 935024kB
[ 2664.461370][    C0] vkms_vblank_simulate: vblank timer overrun
[ 2664.470517][T66719] Node 1 Normal: 1593*4kB (UM) 537*8kB (UM) 24*16kB (UM) 99*32kB (UM) 66*64kB (UM) 127*128kB (UM) 132*256kB (UM) 164*512kB (UM) 141*1024kB (U) 0*2048kB 0*4096kB = 296844kB
[ 2664.496235][T66719] Node 0 hugepages_total=2 hugepages_free=2 hugepages_surp=0 hugepages_size=2048kB
[ 2664.506310][T66719] Node 1 hugepages_total=2 hugepages_free=2 hugepages_surp=0 hugepages_size=2048kB
[ 2664.525268][T66719] 73653 total pagecache pages
[ 2664.528770][T66719] 0 pages in swap cache
[ 2664.533860][T66719] Free swap  = 124996kB
[ 2664.541723][T66719] Total swap = 124996kB
[ 2664.545999][T66719] 1048446 pages RAM
[ 2664.552825][T66719] 0 pages HighMem/MovableOnly
[ 2664.585538][T66719] 281061 pages reserved
[ 2664.587672][T66719] 0 pages cma reserved
[ 2665.632475][T66284] netdevsim netdevsim0 netdevsim0: renamed from eth0
[ 2665.727574][T66284] netdevsim netdevsim0 netdevsim1: renamed from eth1
[ 2665.847276][T66284] netdevsim netdevsim0 netdevsim2: renamed from eth2
[ 2665.944011][T66284] netdevsim netdevsim0 netdevsim3: renamed from eth3
[ 2666.206219][T66284] 8021q: adding VLAN 0 to HW filter on device bond0
[ 2666.306253][T66284] 8021q: adding VLAN 0 to HW filter on device team0
[ 2666.329055][   T82] bridge0: port 1(bridge_slave_0) entered blocking state
[ 2666.340836][   T82] bridge0: port 1(bridge_slave_0) entered forwarding state
[ 2666.375362][    C0] vkms_vblank_simulate: vblank timer overrun
[ 2666.375541][   T82] bridge0: port 2(bridge_slave_1) entered blocking state
[ 2666.386245][   T82] bridge0: port 2(bridge_slave_1) entered forwarding state
[ 2666.648726][    C0] vkms_vblank_simulate: vblank timer overrun
[ 2666.755689][    C0] vkms_vblank_simulate: vblank timer overrun
[ 2666.809831][    C0] vkms_vblank_simulate: vblank timer overrun
[ 2666.926343][T66284] 8021q: adding VLAN 0 to HW filter on device batadv0
[ 2667.076188][T66284] veth0_vlan: entered promiscuous mode
[ 2667.102339][T66284] veth1_vlan: entered promiscuous mode
[ 2667.235816][T66284] veth0_macvtap: entered promiscuous mode
[ 2667.247007][T66284] veth1_macvtap: entered promiscuous mode
[ 2667.294855][T66284] batman_adv: batadv0: Interface activated: batadv_slave_0
[ 2667.320703][T66284] batman_adv: batadv0: Interface activated: batadv_slave_1
[ 2667.355544][T31153] netdevsim netdevsim0 netdevsim0: set [1, 0] type 2 family 0 port 6081 - 0
[ 2667.360924][T31153] netdevsim netdevsim0 netdevsim1: set [1, 0] type 2 family 0 port 6081 - 0
[ 2667.366293][T31153] netdevsim netdevsim0 netdevsim2: set [1, 0] type 2 family 0 port 6081 - 0
[ 2667.414731][T31153] netdevsim netdevsim0 netdevsim3: set [1, 0] type 2 family 0 port 6081 - 0
[ 2667.618122][   T66] wlan0: Created IBSS using preconfigured BSSID 50:50:50:50:50:50
[ 2667.640244][   T66] wlan0: Creating new IBSS network, BSSID 50:50:50:50:50:50
[ 2667.741162][   T66] wlan1: Created IBSS using preconfigured BSSID 50:50:50:50:50:50
[ 2667.745250][   T66] wlan1: Creating new IBSS network, BSSID 50:50:50:50:50:50
[ 2667.865809][    C0] vkms_vblank_simulate: vblank timer overrun
[ 2667.972702][    C0] vkms_vblank_simulate: vblank timer overrun
[ 2668.128038][    C0] vkms_vblank_simulate: vblank timer overrun
[ 2668.280694][    C0] vkms_vblank_simulate: vblank timer overrun
[ 2668.479620][    C0] vkms_vblank_simulate: vblank timer overrun
[ 2668.644663][    C0] vkms_vblank_simulate: vblank timer overrun
[ 2668.868218][    C0] vkms_vblank_simulate: vblank timer overrun
[ 2669.059098][    C0] vkms_vblank_simulate: vblank timer overrun
[ 2669.126059][    C0] vkms_vblank_simulate: vblank timer overrun
[ 2669.976679][    C0] vkms_vblank_simulate: vblank timer overrun
[ 2670.182076][ T5201] Bluetooth: hci3: unexpected cc 0x0c03 length: 249 > 1
[ 2670.215102][ T5201] Bluetooth: hci3: unexpected cc 0x1003 length: 249 > 9
[ 2670.236463][ T5201] Bluetooth: hci3: unexpected cc 0x1001 length: 249 > 9
[ 2670.259994][ T5201] Bluetooth: hci3: unexpected cc 0x0c23 length: 249 > 4
[ 2670.274524][ T5201] Bluetooth: hci3: unexpected cc 0x0c38 length: 249 > 2
[ 2670.554696][    C0] vkms_vblank_simulate: vblank timer overrun
[ 2670.678230][T42586] netdevsim netdevsim1 netdevsim3 (unregistering): unset [1, 0] type 2 family 0 port 6081 - 0
[ 2670.952788][T42586] netdevsim netdevsim1 netdevsim2 (unregistering): unset [1, 0] type 2 family 0 port 6081 - 0
[ 2671.263559][T42586] netdevsim netdevsim1 netdevsim1 (unregistering): unset [1, 0] type 2 family 0 port 6081 - 0
[ 2671.409211][    C0] vkms_vblank_simulate: vblank timer overrun
[ 2671.553457][T42586] netdevsim netdevsim1 netdevsim0 (unregistering): unset [1, 0] type 2 family 0 port 6081 - 0
[ 2671.610221][T66882] chnl_net:caif_netlink_parms(): no params data found
[ 2671.737098][    C0] vkms_vblank_simulate: vblank timer overrun
[ 2671.878142][    C0] vkms_vblank_simulate: vblank timer overrun
[ 2672.205287][T66882] bridge0: port 1(bridge_slave_0) entered blocking state
[ 2672.208117][T66882] bridge0: port 1(bridge_slave_0) entered disabled state
[ 2672.220136][    C0] vkms_vblank_simulate: vblank timer overrun
[ 2672.233220][T66882] bridge_slave_0: entered allmulticast mode
[ 2672.238732][T66882] bridge_slave_0: entered promiscuous mode
[ 2672.254351][T66882] bridge0: port 2(bridge_slave_1) entered blocking state
[ 2672.263060][T66882] bridge0: port 2(bridge_slave_1) entered disabled state
[ 2672.320732][T66882] bridge_slave_1: entered allmulticast mode
[ 2672.344978][T66882] bridge_slave_1: entered promiscuous mode
[ 2672.361335][ T5201] Bluetooth: hci3: command tx timeout
[ 2672.408621][    C0] vkms_vblank_simulate: vblank timer overrun
[ 2672.603525][T66882] bond0: (slave bond_slave_0): Enslaving as an active interface with an up link
[ 2672.664171][T66882] bond0: (slave bond_slave_1): Enslaving as an active interface with an up link
[ 2672.782141][T42586] bridge_slave_1: left allmulticast mode
[ 2672.812133][T42586] bridge_slave_1: left promiscuous mode
[ 2672.815432][T42586] bridge0: port 2(bridge_slave_1) entered disabled state
[ 2672.892218][    C0] vkms_vblank_simulate: vblank timer overrun
[ 2673.007953][T42586] bridge_slave_0: left allmulticast mode
[ 2673.015229][T42586] bridge_slave_0: left promiscuous mode
[ 2673.025330][    C0] vkms_vblank_simulate: vblank timer overrun
[ 2673.048403][T42586] bridge0: port 1(bridge_slave_0) entered disabled state
[ 2673.177512][    C0] vkms_vblank_simulate: vblank timer overrun
[ 2673.246462][ T1358] ieee802154 phy0 wpan0: encryption failed: -22
[ 2673.255676][ T1358] ieee802154 phy1 wpan1: encryption failed: -22
[ 2673.360852][    C0] vkms_vblank_simulate: vblank timer overrun
[ 2673.648379][    C0] vkms_vblank_simulate: vblank timer overrun
[ 2673.686613][T67085] ALSA: seq fatal error: cannot create timer (-19)
[ 2674.342566][T42586] bond0 (unregistering): (slave bond_slave_0): Releasing backup interface
[ 2674.389086][T42586] bond0 (unregistering): (slave bond_slave_1): Releasing backup interface
[ 2674.403113][T42586] bond0 (unregistering): Released all slaves
[ 2674.440595][ T5201] Bluetooth: hci3: command tx timeout
[ 2674.478073][T66882] team0: Port device team_slave_0 added
[ 2674.496859][T66882] team0: Port device team_slave_1 added
[ 2674.816547][T66882] batman_adv: batadv0: Adding interface: batadv_slave_0
[ 2674.878583][T66882] batman_adv: batadv0: The MTU of interface batadv_slave_0 is too small (1500) to handle the transport of batman-adv packets. Packets going over this interface will be fragmented on layer2 which could impact the performance. Setting the MTU to 1532 would solve the problem.
[ 2674.910028][T66882] batman_adv: batadv0: Not using interface batadv_slave_0 (retrying later): interface not active
[ 2674.980203][T66882] batman_adv: batadv0: Adding interface: batadv_slave_1
[ 2675.007225][T66882] batman_adv: batadv0: The MTU of interface batadv_slave_1 is too small (1500) to handle the transport of batman-adv packets. Packets going over this interface will be fragmented on layer2 which could impact the performance. Setting the MTU to 1532 would solve the problem.
[ 2675.031230][    C0] vkms_vblank_simulate: vblank timer overrun
[ 2675.036815][T66882] batman_adv: batadv0: Not using interface batadv_slave_1 (retrying later): interface not active
[ 2675.541184][T42586] hsr_slave_0: left promiscuous mode
[ 2675.552127][T42586] hsr_slave_1: left promiscuous mode
[ 2675.579767][T42586] batman_adv: batadv0: Interface deactivated: batadv_slave_0
[ 2675.604173][T42586] batman_adv: batadv0: Removing interface: batadv_slave_0
[ 2675.666924][T42586] batman_adv: batadv0: Interface deactivated: batadv_slave_1
[ 2675.690501][T42586] batman_adv: batadv0: Removing interface: batadv_slave_1
[ 2675.817634][T42586] veth1_macvtap: left promiscuous mode
[ 2675.831119][T42586] veth0_macvtap: left promiscuous mode
[ 2675.838407][T42586] veth1_vlan: left promiscuous mode
[ 2675.856479][T42586] veth0_vlan: left promiscuous mode
[ 2676.521056][ T5201] Bluetooth: hci3: command tx timeout
[ 2676.862407][    C0] vkms_vblank_simulate: vblank timer overrun
[ 2677.029360][    C0] vkms_vblank_simulate: vblank timer overrun
[ 2677.123198][    C0] vkms_vblank_simulate: vblank timer overrun
[ 2677.258994][    C0] vkms_vblank_simulate: vblank timer overrun
[ 2678.066688][T42586] team0 (unregistering): Port device team_slave_1 removed
[ 2678.189368][T42586] team0 (unregistering): Port device team_slave_0 removed
[ 2678.600643][ T5201] Bluetooth: hci3: command tx timeout
[ 2678.693895][    C0] vkms_vblank_simulate: vblank timer overrun
[ 2679.067702][    C0] vkms_vblank_simulate: vblank timer overrun
[ 2679.727946][    C0] vkms_vblank_simulate: vblank timer overrun
[ 2679.793643][T66882] hsr_slave_0: entered promiscuous mode
[ 2679.804406][T66882] hsr_slave_1: entered promiscuous mode
[ 2680.201293][    C0] vkms_vblank_simulate: vblank timer overrun
[ 2681.122065][    C0] vkms_vblank_simulate: vblank timer overrun
[ 2681.557315][T66882] netdevsim netdevsim1 netdevsim0: renamed from eth0
[ 2681.597311][T66882] netdevsim netdevsim1 netdevsim1: renamed from eth1
[ 2681.639394][T66882] netdevsim netdevsim1 netdevsim2: renamed from eth2
[ 2681.665629][T66882] netdevsim netdevsim1 netdevsim3: renamed from eth3
[ 2682.046607][T66882] 8021q: adding VLAN 0 to HW filter on device bond0
[ 2682.098009][T66882] 8021q: adding VLAN 0 to HW filter on device team0
[ 2682.123888][   T36] bridge0: port 1(bridge_slave_0) entered blocking state
[ 2682.139716][   T36] bridge0: port 1(bridge_slave_0) entered forwarding state
[ 2682.160623][    C0] vkms_vblank_simulate: vblank timer overrun
[ 2682.212256][   T39] bridge0: port 2(bridge_slave_1) entered blocking state
[ 2682.220227][   T39] bridge0: port 2(bridge_slave_1) entered forwarding state
[ 2682.523886][    C0] vkms_vblank_simulate: vblank timer overrun
[ 2682.745651][T66882] 8021q: adding VLAN 0 to HW filter on device batadv0
[ 2682.858980][T66882] veth0_vlan: entered promiscuous mode
[ 2682.892355][    C0] vkms_vblank_simulate: vblank timer overrun
[ 2682.942717][T66882] veth1_vlan: entered promiscuous mode
[ 2683.008879][    C0] vkms_vblank_simulate: vblank timer overrun
[ 2683.025651][T66882] veth0_macvtap: entered promiscuous mode
[ 2683.046967][T66882] veth1_macvtap: entered promiscuous mode
[ 2683.124478][T66882] batman_adv: batadv0: Interface activated: batadv_slave_0
[ 2683.155149][T66882] batman_adv: batadv0: Interface activated: batadv_slave_1
[ 2683.206515][T42586] netdevsim netdevsim1 netdevsim0: set [1, 0] type 2 family 0 port 6081 - 0
[ 2683.210978][T42586] netdevsim netdevsim1 netdevsim1: set [1, 0] type 2 family 0 port 6081 - 0
[ 2683.242566][    C0] vkms_vblank_simulate: vblank timer overrun
[ 2683.253147][T42586] netdevsim netdevsim1 netdevsim2: set [1, 0] type 2 family 0 port 6081 - 0
[ 2683.293449][T42586] netdevsim netdevsim1 netdevsim3: set [1, 0] type 2 family 0 port 6081 - 0
[ 2683.523993][T26474] wlan0: Created IBSS using preconfigured BSSID 50:50:50:50:50:50
[ 2683.543023][T26474] wlan0: Creating new IBSS network, BSSID 50:50:50:50:50:50
[ 2683.675804][    C0] vkms_vblank_simulate: vblank timer overrun
[ 2683.702319][   T39] wlan1: Created IBSS using preconfigured BSSID 50:50:50:50:50:50
[ 2683.713635][   T39] wlan1: Creating new IBSS network, BSSID 50:50:50:50:50:50
[ 2683.949016][T67430] warn_alloc: 3 callbacks suppressed
[ 2683.949046][T67430] syz.0.16569: vmalloc error: size 35651584, failed to allocated page array size 69632, mode:0xdc2(GFP_KERNEL|__GFP_HIGHMEM|__GFP_ZERO), nodemask=(null),cpuset=/,mems_allowed=0-1
[ 2684.000372][T67430] CPU: 3 UID: 0 PID: 67430 Comm: syz.0.16569 Not tainted 6.18.0 #1 PREEMPT(full) 
[ 2684.000401][T67430] Hardware name: QEMU Standard PC (i440FX + PIIX, 1996), BIOS rel-1.16.3-0-ga6ed6b701f0a-prebuilt.qemu.org 04/01/2014
[ 2684.000413][T67430] Call Trace:
[ 2684.000419][T67430]  <TASK>
[ 2684.000426][T67430]  dump_stack_lvl+0x180/0x1b0
[ 2684.000461][T67430]  warn_alloc+0x211/0x360
[ 2684.000482][T67430]  ? __pfx_warn_alloc+0x10/0x10
[ 2684.000499][T67430]  ? __pfx_alloc_vmap_area+0x10/0x10
[ 2684.000522][T67430]  ? __get_vm_area_node+0x10c/0x340
[ 2684.000549][T67430]  ? drm_property_create_blob.part.0+0x34/0x320
[ 2684.000574][T67430]  ? __vmalloc_node_noprof+0xac/0xf0
[ 2684.000601][T67430]  __vmalloc_node_range_noprof+0xfaa/0x13b0
[ 2684.000631][T67430]  ? drm_property_create_blob.part.0+0x34/0x320
[ 2684.000658][T67430]  ? __pfx___vmalloc_node_range_noprof+0x10/0x10
[ 2684.000693][T67430]  __kvmalloc_node_noprof+0x41f/0x9d0
[ 2684.000753][T67430]  ? drm_property_create_blob.part.0+0x34/0x320
[ 2684.000789][T67430]  ? drm_property_create_blob.part.0+0x34/0x320
[ 2684.000819][T67430]  ? drm_property_create_blob.part.0+0x34/0x320
[ 2684.000841][T67430]  drm_property_create_blob.part.0+0x34/0x320
[ 2684.000866][T67430]  drm_mode_createblob_ioctl+0x139/0x490
[ 2684.000893][T67430]  drm_ioctl_kernel+0x1ed/0x3e0
[ 2684.000909][T67430]  ? __pfx_drm_mode_createblob_ioctl+0x10/0x10
[ 2684.000935][T67430]  ? __pfx_drm_ioctl_kernel+0x10/0x10
[ 2684.000958][T67430]  drm_ioctl+0x574/0xb90
[ 2684.000978][T67430]  ? __pfx_drm_mode_createblob_ioctl+0x10/0x10
[ 2684.001005][T67430]  ? __pfx_drm_ioctl+0x10/0x10
[ 2684.001024][T67430]  ? hook_file_ioctl_common+0x146/0x3f0
[ 2684.001053][T67430]  ? __fget_files+0x1fb/0x3b0
[ 2684.001078][T67430]  ? __pfx_drm_ioctl+0x10/0x10
[ 2684.001096][T67430]  __x64_sys_ioctl+0x18f/0x210
[ 2684.001116][T67430]  do_syscall_64+0xcb/0xfa0
[ 2684.001145][T67430]  entry_SYSCALL_64_after_hwframe+0x77/0x7f
[ 2684.001165][T67430] RIP: 0033:0x7f3cd17b059d
[ 2684.001182][T67430] Code: 02 b8 ff ff ff ff c3 66 0f 1f 44 00 00 f3 0f 1e fa 48 89 f8 48 89 f7 48 89 d6 48 89 ca 4d 89 c2 4d 89 c8 4c 8b 4c 24 08 0f 05 <48> 3d 01 f0 ff ff 73 01 c3 48 c7 c1 a8 ff ff ff f7 d8 64 89 01 48
[ 2684.001199][T67430] RSP: 002b:00007f3cd260ef98 EFLAGS: 00000246 ORIG_RAX: 0000000000000010
[ 2684.001229][T67430] RAX: ffffffffffffffda RBX: 00007f3cd1a26180 RCX: 00007f3cd17b059d
[ 2684.001240][T67430] RDX: 0000200000000180 RSI: 00000000c01064bd RDI: 0000000000000007
[ 2684.001249][T67430] RBP: 00007f3cd184e078 R08: 0000000000000000 R09: 0000000000000000
[ 2684.001259][T67430] R10: 0000000000000000 R11: 0000000000000246 R12: 0000000000000000
[ 2684.001269][T67430] R13: 00007f3cd1a26218 R14: 00007f3cd1a26180 R15: 00007f3cd25ef000
[ 2684.001298][T67430]  </TASK>
[ 2684.001305][T67430] Mem-Info:
[ 2684.311104][T67430] active_anon:7725 inactive_anon:0 isolated_anon:0
[ 2684.311104][T67430]  active_file:6366 inactive_file:64515 isolated_file:0
[ 2684.311104][T67430]  unevictable:3975 dirty:2233 writeback:0
[ 2684.311104][T67430]  slab_reclaimable:13314 slab_unreclaimable:64334
[ 2684.311104][T67430]  mapped:29719 shmem:2800 pagetables:1261
[ 2684.311104][T67430]  sec_pagetables:0 bounce:0
[ 2684.311104][T67430]  kernel_misc_reclaimable:0
[ 2684.311104][T67430]  free:453118 free_pcp:18785 free_cma:0
[ 2684.388035][T67430] Node 0 active_anon:16728kB inactive_anon:0kB active_file:8744kB inactive_file:139332kB unevictable:9768kB isolated(anon):0kB isolated(file):0kB mapped:51904kB dirty:3888kB writeback:0kB shmem:5816kB shmem_thp:0kB shmem_pmdmapped:0kB anon_thp:0kB kernel_stack:3376kB pagetables:2664kB sec_pagetables:0kB all_unreclaimable? no Balloon:0kB
[ 2684.429992][T67430] Node 1 active_anon:14772kB inactive_anon:0kB active_file:16720kB inactive_file:118728kB unevictable:8136kB isolated(anon):0kB isolated(file):0kB mapped:66972kB dirty:5044kB writeback:0kB shmem:5384kB shmem_thp:0kB shmem_pmdmapped:0kB anon_thp:0kB kernel_stack:9076kB pagetables:2380kB sec_pagetables:0kB all_unreclaimable? no Balloon:0kB
[ 2684.481443][T67430] Node 0 DMA free:15116kB boost:0kB min:452kB low:564kB high:676kB reserved_highatomic:0KB free_highatomic:0KB active_anon:0kB inactive_anon:0kB active_file:0kB inactive_file:0kB unevictable:0kB writepending:0kB zspages:0kB present:15992kB managed:15360kB mlocked:0kB bounce:0kB free_pcp:244kB local_pcp:60kB free_cma:0kB
[ 2684.531786][T67430] lowmem_reserve[]: 0 1176 1176 1176 1176
[ 2684.551209][T67430] Node 0 DMA32 free:594008kB boost:0kB min:34836kB low:43544kB high:52252kB reserved_highatomic:0KB free_highatomic:0KB active_anon:23672kB inactive_anon:0kB active_file:8744kB inactive_file:139332kB unevictable:3692kB writepending:3888kB zspages:0kB present:2080772kB managed:1204832kB mlocked:156kB bounce:0kB free_pcp:26808kB local_pcp:9772kB free_cma:0kB
[ 2684.581109][T67430] lowmem_reserve[]: 0 0 0 0 0
[ 2684.588237][T67430] Node 1 DMA32 free:928068kB boost:0kB min:29136kB low:36420kB high:43704kB reserved_highatomic:0KB free_highatomic:0KB active_anon:12kB inactive_anon:0kB active_file:3716kB inactive_file:23832kB unevictable:0kB writepending:3200kB zspages:0kB present:1048444kB managed:982908kB mlocked:0kB bounce:0kB free_pcp:16044kB local_pcp:4268kB free_cma:0kB
[ 2684.621464][T67430] lowmem_reserve[]: 0 0 846 846 846
[ 2684.630052][T67430] Node 1 Normal free:299040kB boost:0kB min:25680kB low:32100kB high:38520kB reserved_highatomic:0KB free_highatomic:0KB active_anon:16860kB inactive_anon:0kB active_file:13004kB inactive_file:94896kB unevictable:3536kB writepending:1928kB zspages:0kB present:1048576kB managed:866440kB mlocked:0kB bounce:0kB free_pcp:19452kB local_pcp:2752kB free_cma:0kB
[ 2684.679072][T67430] lowmem_reserve[]: 0 0 0 0 0
[ 2684.681317][T67430] Node 0 DMA: 3*4kB (U) 0*8kB 2*16kB (U) 1*32kB (U) 3*64kB (U) 4*128kB (U) 4*256kB (U) 4*512kB (U) 5*1024kB (U) 3*2048kB (U) 0*4096kB = 15116kB
[ 2684.697870][T67430] Node 0 DMA32: 41*4kB (UME) 36*8kB (UME) 302*16kB (UME) 810*32kB (UME) 417*64kB (UME) 223*128kB (UME) 317*256kB (UME) 327*512kB (UM) 251*1024kB (UM) 1*2048kB (U) 0*4096kB = 594084kB
[ 2684.731272][T67430] Node 1 DMA32: 21*4kB (UME) 19*8kB (UME) 15*16kB (UME) 15*32kB (UME) 11*64kB (UME) 13*128kB (UME) 18*256kB (UME) 11*512kB (UME) 5*1024kB (UM) 8*2048kB (UME) 220*4096kB (UM) = 936188kB
[ 2684.765736][T67430] Node 1 Normal: 1105*4kB (UM) 354*8kB (UM) 287*16kB (UM) 183*32kB (UM) 75*64kB (UM) 121*128kB (UM) 136*256kB (UM) 160*512kB (U) 141*1024kB (U) 0*2048kB 0*4096kB = 299108kB
[ 2684.793946][T67430] Node 0 hugepages_total=2 hugepages_free=2 hugepages_surp=0 hugepages_size=2048kB
[ 2684.834177][T67430] Node 1 hugepages_total=2 hugepages_free=2 hugepages_surp=0 hugepages_size=2048kB
[ 2684.857911][    C0] vkms_vblank_simulate: vblank timer overrun
[ 2684.897861][T67430] 75415 total pagecache pages
[ 2684.907549][T67430] 0 pages in swap cache
[ 2684.910089][T67430] Free swap  = 124996kB
[ 2684.919975][T67430] Total swap = 124996kB
[ 2684.930262][T67430] 1048446 pages RAM
[ 2684.940573][T67430] 0 pages HighMem/MovableOnly
[ 2684.951353][T67430] 281061 pages reserved
[ 2684.964176][T67430] 0 pages cma reserved
[ 2685.173670][T67456] FAULT_INJECTION: forcing a failure.
[ 2685.173670][T67456] name failslab, interval 1, probability 0, space 0, times 0
[ 2685.193565][T67456] CPU: 3 UID: 0 PID: 67456 Comm: syz.0.16581 Not tainted 6.18.0 #1 PREEMPT(full) 
[ 2685.193589][T67456] Hardware name: QEMU Standard PC (i440FX + PIIX, 1996), BIOS rel-1.16.3-0-ga6ed6b701f0a-prebuilt.qemu.org 04/01/2014
[ 2685.193601][T67456] Call Trace:
[ 2685.193607][T67456]  <TASK>
[ 2685.193614][T67456]  dump_stack_lvl+0x180/0x1b0
[ 2685.193646][T67456]  should_fail_ex+0x520/0x650
[ 2685.193669][T67456]  ? tomoyo_encode2.part.0+0xe9/0x3a0
[ 2685.193692][T67456]  should_failslab+0xc2/0x120
[ 2685.193755][T67456]  __kmalloc_noprof+0xdc/0x8c0
[ 2685.193775][T67456]  ? d_absolute_path+0x12a/0x1a0
[ 2685.193805][T67456]  ? tomoyo_encode2.part.0+0xe9/0x3a0
[ 2685.193825][T67456]  tomoyo_encode2.part.0+0xe9/0x3a0
[ 2685.193851][T67456]  tomoyo_encode+0x2b/0x60
[ 2685.193872][T67456]  tomoyo_realpath_from_path+0x188/0x600
[ 2685.193903][T67456]  tomoyo_path_number_perm+0x221/0x550
[ 2685.193922][T67456]  ? tomoyo_path_number_perm+0x213/0x550
[ 2685.193944][T67456]  ? __pfx_tomoyo_path_number_perm+0x10/0x10
[ 2685.193963][T67456]  ? proc_fail_nth_write+0x97/0x220
[ 2685.194008][T67456]  ? hook_file_ioctl_common+0x146/0x3f0
[ 2685.194027][T67456]  ? __fget_files+0x1f1/0x3b0
[ 2685.194052][T67456]  ? __fget_files+0x1fb/0x3b0
[ 2685.194075][T67456]  security_file_ioctl+0x9f/0x260
[ 2685.194098][T67456]  __x64_sys_ioctl+0xb7/0x210
[ 2685.194117][T67456]  do_syscall_64+0xcb/0xfa0
[ 2685.194144][T67456]  entry_SYSCALL_64_after_hwframe+0x77/0x7f
[ 2685.194162][T67456] RIP: 0033:0x7f3cd17b059d
[ 2685.194178][T67456] Code: 02 b8 ff ff ff ff c3 66 0f 1f 44 00 00 f3 0f 1e fa 48 89 f8 48 89 f7 48 89 d6 48 89 ca 4d 89 c2 4d 89 c8 4c 8b 4c 24 08 0f 05 <48> 3d 01 f0 ff ff 73 01 c3 48 c7 c1 a8 ff ff ff f7 d8 64 89 01 48
[ 2685.194194][T67456] RSP: 002b:00007f3cd2650f98 EFLAGS: 00000246 ORIG_RAX: 0000000000000010
[ 2685.194269][T67456] RAX: ffffffffffffffda RBX: 00007f3cd1a25fa0 RCX: 00007f3cd17b059d
[ 2685.194282][T67456] RDX: 0000200000000240 RSI: 00000000c02064b9 RDI: 0000000000000003
[ 2685.194292][T67456] RBP: 00007f3cd2651010 R08: 0000000000000000 R09: 0000000000000000
[ 2685.194303][T67456] R10: 0000000000000000 R11: 0000000000000246 R12: 0000000000000001
[ 2685.194313][T67456] R13: 00007f3cd1a26038 R14: 00007f3cd1a25fa0 R15: 00007f3cd2631000
[ 2685.194339][T67456]  </TASK>
[ 2685.194359][T67456] ERROR: Out of memory at tomoyo_realpath_from_path.
[ 2686.239024][T67489] FAULT_INJECTION: forcing a failure.
[ 2686.239024][T67489] name fail_usercopy, interval 1, probability 0, space 0, times 0
[ 2686.251569][T67489] CPU: 3 UID: 0 PID: 67489 Comm: syz.1.16597 Not tainted 6.18.0 #1 PREEMPT(full) 
[ 2686.251595][T67489] Hardware name: QEMU Standard PC (i440FX + PIIX, 1996), BIOS rel-1.16.3-0-ga6ed6b701f0a-prebuilt.qemu.org 04/01/2014
[ 2686.251607][T67489] Call Trace:
[ 2686.251614][T67489]  <TASK>
[ 2686.251622][T67489]  dump_stack_lvl+0x180/0x1b0
[ 2686.251654][T67489]  should_fail_ex+0x520/0x650
[ 2686.251678][T67489]  _copy_from_user+0x30/0xd0
[ 2686.251700][T67489]  drm_ioctl+0x4df/0xb90
[ 2686.251879][T67489]  ? __pfx_drm_mode_obj_get_properties_ioctl+0x10/0x10
[ 2686.251905][T67489]  ? __pfx_drm_ioctl+0x10/0x10
[ 2686.251923][T67489]  ? hook_file_ioctl_common+0x146/0x3f0
[ 2686.251952][T67489]  ? __fget_files+0x1fb/0x3b0
[ 2686.251976][T67489]  ? __pfx_drm_ioctl+0x10/0x10
[ 2686.251993][T67489]  __x64_sys_ioctl+0x18f/0x210
[ 2686.252012][T67489]  do_syscall_64+0xcb/0xfa0
[ 2686.252040][T67489]  entry_SYSCALL_64_after_hwframe+0x77/0x7f
[ 2686.252058][T67489] RIP: 0033:0x7f78ed9b059d
[ 2686.252074][T67489] Code: 02 b8 ff ff ff ff c3 66 0f 1f 44 00 00 f3 0f 1e fa 48 89 f8 48 89 f7 48 89 d6 48 89 ca 4d 89 c2 4d 89 c8 4c 8b 4c 24 08 0f 05 <48> 3d 01 f0 ff ff 73 01 c3 48 c7 c1 a8 ff ff ff f7 d8 64 89 01 48
[ 2686.252090][T67489] RSP: 002b:00007f78ee903f98 EFLAGS: 00000246 ORIG_RAX: 0000000000000010
[ 2686.252108][T67489] RAX: ffffffffffffffda RBX: 00007f78edc25fa0 RCX: 00007f78ed9b059d
[ 2686.252120][T67489] RDX: 0000200000000240 RSI: 00000000c02064b9 RDI: 0000000000000003
[ 2686.252131][T67489] RBP: 00007f78ee904010 R08: 0000000000000000 R09: 0000000000000000
[ 2686.252142][T67489] R10: 0000000000000000 R11: 0000000000000246 R12: 0000000000000001
[ 2686.252152][T67489] R13: 00007f78edc26038 R14: 00007f78edc25fa0 R15: 00007f78ee8e4000
[ 2686.252177][T67489]  </TASK>
[ 2687.957046][    C0] vkms_vblank_simulate: vblank timer overrun
[ 2688.113925][    C0] vkms_vblank_simulate: vblank timer overrun
[ 2689.473855][    C0] vkms_vblank_simulate: vblank timer overrun
[ 2689.551154][T62067] Bluetooth: hci0: unexpected cc 0x0c03 length: 249 > 1
[ 2689.558645][T62067] Bluetooth: hci0: unexpected cc 0x1003 length: 249 > 9
[ 2689.578674][T62067] Bluetooth: hci0: unexpected cc 0x1001 length: 249 > 9
[ 2689.593294][T62067] Bluetooth: hci0: unexpected cc 0x0c23 length: 249 > 4
[ 2689.598469][T62067] Bluetooth: hci0: unexpected cc 0x0c38 length: 249 > 2
[ 2689.745581][   T13] netdevsim netdevsim3 netdevsim3 (unregistering): unset [1, 0] type 2 family 0 port 6081 - 0
[ 2689.836196][    C0] vkms_vblank_simulate: vblank timer overrun
[ 2690.006972][   T13] netdevsim netdevsim3 netdevsim2 (unregistering): unset [1, 0] type 2 family 0 port 6081 - 0
[ 2690.233956][   T13] netdevsim netdevsim3 netdevsim1 (unregistering): unset [1, 0] type 2 family 0 port 6081 - 0
[ 2690.412647][   T13] netdevsim netdevsim3 netdevsim0 (unregistering): unset [1, 0] type 2 family 0 port 6081 - 0
[ 2690.481745][T67585] chnl_net:caif_netlink_parms(): no params data found
[ 2690.948556][T67585] bridge0: port 1(bridge_slave_0) entered blocking state
[ 2690.952181][T67585] bridge0: port 1(bridge_slave_0) entered disabled state
[ 2690.957428][T67585] bridge_slave_0: entered allmulticast mode
[ 2690.965929][T67585] bridge_slave_0: entered promiscuous mode
[ 2691.075744][   T13] bridge_slave_1: left allmulticast mode
[ 2691.082828][   T13] bridge_slave_1: left promiscuous mode
[ 2691.090031][   T13] bridge0: port 2(bridge_slave_1) entered disabled state
[ 2691.171303][   T13] bridge_slave_0: left allmulticast mode
[ 2691.177601][   T13] bridge_slave_0: left promiscuous mode
[ 2691.188975][   T13] bridge0: port 1(bridge_slave_0) entered disabled state
[ 2691.642731][ T5201] Bluetooth: hci0: command tx timeout
[ 2691.708298][    C0] vkms_vblank_simulate: vblank timer overrun
[ 2692.054553][    C0] vkms_vblank_simulate: vblank timer overrun
[ 2692.546036][   T13] bond0 (unregistering): (slave bond_slave_0): Releasing backup interface
[ 2692.571339][   T13] bond0 (unregistering): (slave bond_slave_1): Releasing backup interface
[ 2692.598389][   T13] bond0 (unregistering): Released all slaves
[ 2692.644494][T67585] bridge0: port 2(bridge_slave_1) entered blocking state
[ 2692.666585][T67585] bridge0: port 2(bridge_slave_1) entered disabled state
[ 2692.674586][T67585] bridge_slave_1: entered allmulticast mode
[ 2692.686691][T67585] bridge_slave_1: entered promiscuous mode
[ 2692.867164][T67585] bond0: (slave bond_slave_0): Enslaving as an active interface with an up link
[ 2692.973426][T67585] bond0: (slave bond_slave_1): Enslaving as an active interface with an up link
[ 2693.325394][    C0] vkms_vblank_simulate: vblank timer overrun
[ 2693.336144][T67585] team0: Port device team_slave_0 added
[ 2693.433447][T67585] team0: Port device team_slave_1 added
[ 2693.720644][ T5201] Bluetooth: hci0: command tx timeout
[ 2693.761310][T67585] batman_adv: batadv0: Adding interface: batadv_slave_0
[ 2693.764734][T67585] batman_adv: batadv0: The MTU of interface batadv_slave_0 is too small (1500) to handle the transport of batman-adv packets. Packets going over this interface will be fragmented on layer2 which could impact the performance. Setting the MTU to 1532 would solve the problem.
[ 2693.790445][T67585] batman_adv: batadv0: Not using interface batadv_slave_0 (retrying later): interface not active
[ 2693.878709][T67585] batman_adv: batadv0: Adding interface: batadv_slave_1
[ 2693.896769][T67585] batman_adv: batadv0: The MTU of interface batadv_slave_1 is too small (1500) to handle the transport of batman-adv packets. Packets going over this interface will be fragmented on layer2 which could impact the performance. Setting the MTU to 1532 would solve the problem.
[ 2693.960623][T67585] batman_adv: batadv0: Not using interface batadv_slave_1 (retrying later): interface not active
[ 2694.167420][   T13] hsr_slave_0: left promiscuous mode
[ 2694.194882][   T13] hsr_slave_1: left promiscuous mode
[ 2694.198887][   T13] batman_adv: batadv0: Interface deactivated: batadv_slave_0
[ 2694.220786][   T13] batman_adv: batadv0: Removing interface: batadv_slave_0
[ 2694.239086][   T13] batman_adv: batadv0: Interface deactivated: batadv_slave_1
[ 2694.254985][   T13] batman_adv: batadv0: Removing interface: batadv_slave_1
[ 2694.295789][    C0] vkms_vblank_simulate: vblank timer overrun
[ 2694.389556][   T13] veth1_macvtap: left promiscuous mode
[ 2694.403069][   T13] veth0_macvtap: left promiscuous mode
[ 2694.415443][   T13] veth1_vlan: left promiscuous mode
[ 2694.424864][   T13] veth0_vlan: left promiscuous mode
[ 2694.809873][T67886] ALSA: seq fatal error: cannot create timer (-22)
[ 2695.802126][ T5201] Bluetooth: hci0: command tx timeout
[ 2696.412749][   T13] team0 (unregistering): Port device team_slave_1 removed
[ 2696.589354][   T13] team0 (unregistering): Port device team_slave_0 removed
[ 2697.124681][    C0] vkms_vblank_simulate: vblank timer overrun
[ 2697.876510][ T5201] Bluetooth: hci0: command tx timeout
[ 2698.037214][T67585] hsr_slave_0: entered promiscuous mode
[ 2698.051192][T67585] hsr_slave_1: entered promiscuous mode
[ 2698.059035][T67585] debugfs: 'hsr0' already exists in 'hsr'
[ 2698.069938][T67585] Cannot create hsr debugfs directory
[ 2699.554397][T67585] netdevsim netdevsim3 netdevsim0: renamed from eth0
[ 2699.585806][T67585] netdevsim netdevsim3 netdevsim1: renamed from eth1
[ 2699.586027][T68080] FAULT_INJECTION: forcing a failure.
[ 2699.586027][T68080] name failslab, interval 1, probability 0, space 0, times 0
[ 2699.615603][T68080] CPU: 3 UID: 0 PID: 68080 Comm: syz.2.16689 Not tainted 6.18.0 #1 PREEMPT(full) 
[ 2699.615635][T68080] Hardware name: QEMU Standard PC (i440FX + PIIX, 1996), BIOS rel-1.16.3-0-ga6ed6b701f0a-prebuilt.qemu.org 04/01/2014
[ 2699.615646][T68080] Call Trace:
[ 2699.615654][T68080]  <TASK>
[ 2699.615660][T68080]  dump_stack_lvl+0x180/0x1b0
[ 2699.615702][T68080]  should_fail_ex+0x520/0x650
[ 2699.615725][T68080]  ? tomoyo_realpath_from_path+0xc3/0x600
[ 2699.615749][T68080]  should_failslab+0xc2/0x120
[ 2699.615774][T68080]  __kmalloc_noprof+0xdc/0x8c0
[ 2699.615791][T68080]  ? kfree+0x3b1/0x6c0
[ 2699.615812][T68080]  ? tomoyo_realpath_from_path+0xc3/0x600
[ 2699.615834][T68080]  tomoyo_realpath_from_path+0xc3/0x600
[ 2699.615859][T68080]  ? tomoyo_profile+0x46/0x60
[ 2699.615887][T68080]  tomoyo_path_number_perm+0x221/0x550
[ 2699.615906][T68080]  ? tomoyo_path_number_perm+0x213/0x550
[ 2699.615929][T68080]  ? __pfx_tomoyo_path_number_perm+0x10/0x10
[ 2699.615950][T68080]  ? proc_fail_nth_write+0x97/0x220
[ 2699.616033][T68080]  ? hook_file_ioctl_common+0x146/0x3f0
[ 2699.616056][T68080]  ? __fget_files+0x1f1/0x3b0
[ 2699.616083][T68080]  ? __fget_files+0x1fb/0x3b0
[ 2699.616109][T68080]  security_file_ioctl+0x9f/0x260
[ 2699.616133][T68080]  __x64_sys_ioctl+0xb7/0x210
[ 2699.616154][T68080]  do_syscall_64+0xcb/0xfa0
[ 2699.616185][T68080]  entry_SYSCALL_64_after_hwframe+0x77/0x7f
[ 2699.616204][T68080] RIP: 0033:0x7fa880bb059d
[ 2699.616221][T68080] Code: 02 b8 ff ff ff ff c3 66 0f 1f 44 00 00 f3 0f 1e fa 48 89 f8 48 89 f7 48 89 d6 48 89 ca 4d 89 c2 4d 89 c8 4c 8b 4c 24 08 0f 05 <48> 3d 01 f0 ff ff 73 01 c3 48 c7 c1 a8 ff ff ff f7 d8 64 89 01 48
[ 2699.616239][T68080] RSP: 002b:00007fa881ac2f98 EFLAGS: 00000246 ORIG_RAX: 0000000000000010
[ 2699.616258][T68080] RAX: ffffffffffffffda RBX: 00007fa880e25fa0 RCX: 00007fa880bb059d
[ 2699.616270][T68080] RDX: 0000200000000140 RSI: 00000000c00464be RDI: 0000000000000003
[ 2699.616281][T68080] RBP: 00007fa881ac3010 R08: 0000000000000000 R09: 0000000000000000
[ 2699.616292][T68080] R10: 0000000000000000 R11: 0000000000000246 R12: 0000000000000001
[ 2699.616303][T68080] R13: 00007fa880e26038 R14: 00007fa880e25fa0 R15: 00007fa881aa3000
[ 2699.616331][T68080]  </TASK>
[ 2699.616547][T68080] ERROR: Out of memory at tomoyo_realpath_from_path.
[ 2699.626252][T67585] netdevsim netdevsim3 netdevsim2: renamed from eth2
[ 2699.869903][T67585] netdevsim netdevsim3 netdevsim3: renamed from eth3
[ 2700.196393][T67585] 8021q: adding VLAN 0 to HW filter on device bond0
[ 2700.274386][    C0] vkms_vblank_simulate: vblank timer overrun
[ 2700.308665][T67585] 8021q: adding VLAN 0 to HW filter on device team0
[ 2700.357187][T18628] bridge0: port 1(bridge_slave_0) entered blocking state
[ 2700.372227][T18628] bridge0: port 1(bridge_slave_0) entered forwarding state
[ 2700.414378][T18628] bridge0: port 2(bridge_slave_1) entered blocking state
[ 2700.425274][T18628] bridge0: port 2(bridge_slave_1) entered forwarding state
[ 2700.649631][T67585] hsr0: Slave A (hsr_slave_0) is not up; please bring it up to get a fully working HSR network
[ 2700.669409][T67585] hsr0: Slave B (hsr_slave_1) is not up; please bring it up to get a fully working HSR network
[ 2701.060049][T67585] 8021q: adding VLAN 0 to HW filter on device batadv0
[ 2701.371988][T67585] veth0_vlan: entered promiscuous mode
[ 2701.417759][T67585] veth1_vlan: entered promiscuous mode
[ 2701.485665][T67585] veth0_macvtap: entered promiscuous mode
[ 2701.518783][T67585] veth1_macvtap: entered promiscuous mode
[ 2701.579925][T67585] batman_adv: batadv0: Interface activated: batadv_slave_0
[ 2701.599734][T67585] batman_adv: batadv0: Interface activated: batadv_slave_1
[ 2701.629276][T31153] netdevsim netdevsim3 netdevsim0: set [1, 0] type 2 family 0 port 6081 - 0
[ 2701.659906][T31153] netdevsim netdevsim3 netdevsim1: set [1, 0] type 2 family 0 port 6081 - 0
[ 2701.668958][T31153] netdevsim netdevsim3 netdevsim2: set [1, 0] type 2 family 0 port 6081 - 0
[ 2701.702636][T31153] netdevsim netdevsim3 netdevsim3: set [1, 0] type 2 family 0 port 6081 - 0
[ 2701.946959][   T95] wlan0: Created IBSS using preconfigured BSSID 50:50:50:50:50:50
[ 2701.980337][   T95] wlan0: Creating new IBSS network, BSSID 50:50:50:50:50:50
[ 2702.250778][T32382] wlan1: Created IBSS using preconfigured BSSID 50:50:50:50:50:50
[ 2702.285751][T68131] FAULT_INJECTION: forcing a failure.
[ 2702.285751][T68131] name failslab, interval 1, probability 0, space 0, times 0
[ 2702.352388][    C0] vkms_vblank_simulate: vblank timer overrun
[ 2702.362099][T32382] wlan1: Creating new IBSS network, BSSID 50:50:50:50:50:50
[ 2702.390455][T68131] CPU: 3 UID: 0 PID: 68131 Comm: syz.0.16697 Not tainted 6.18.0 #1 PREEMPT(full) 
[ 2702.390481][T68131] Hardware name: QEMU Standard PC (i440FX + PIIX, 1996), BIOS rel-1.16.3-0-ga6ed6b701f0a-prebuilt.qemu.org 04/01/2014
[ 2702.390493][T68131] Call Trace:
[ 2702.390501][T68131]  <TASK>
[ 2702.390509][T68131]  dump_stack_lvl+0x180/0x1b0
[ 2702.390543][T68131]  should_fail_ex+0x520/0x650
[ 2702.390568][T68131]  ? tomoyo_encode2.part.0+0xe9/0x3a0
[ 2702.390592][T68131]  should_failslab+0xc2/0x120
[ 2702.390618][T68131]  __kmalloc_noprof+0xdc/0x8c0
[ 2702.390640][T68131]  ? d_absolute_path+0x12a/0x1a0
[ 2702.390670][T68131]  ? tomoyo_encode2.part.0+0xe9/0x3a0
[ 2702.390707][T68131]  tomoyo_encode2.part.0+0xe9/0x3a0
[ 2702.390735][T68131]  tomoyo_encode+0x2b/0x60
[ 2702.390758][T68131]  tomoyo_realpath_from_path+0x188/0x600
[ 2702.390789][T68131]  tomoyo_path_number_perm+0x221/0x550
[ 2702.390808][T68131]  ? tomoyo_path_number_perm+0x213/0x550
[ 2702.390831][T68131]  ? __pfx_tomoyo_path_number_perm+0x10/0x10
[ 2702.390852][T68131]  ? proc_fail_nth_write+0x97/0x220
[ 2702.390902][T68131]  ? hook_file_ioctl_common+0x146/0x3f0
[ 2702.390922][T68131]  ? __fget_files+0x1f1/0x3b0
[ 2702.390949][T68131]  ? __fget_files+0x1fb/0x3b0
[ 2702.390973][T68131]  security_file_ioctl+0x9f/0x260
[ 2702.390997][T68131]  __x64_sys_ioctl+0xb7/0x210
[ 2702.391016][T68131]  do_syscall_64+0xcb/0xfa0
[ 2702.391045][T68131]  entry_SYSCALL_64_after_hwframe+0x77/0x7f
[ 2702.391064][T68131] RIP: 0033:0x7f3cd17b059d
[ 2702.391080][T68131] Code: 02 b8 ff ff ff ff c3 66 0f 1f 44 00 00 f3 0f 1e fa 48 89 f8 48 89 f7 48 89 d6 48 89 ca 4d 89 c2 4d 89 c8 4c 8b 4c 24 08 0f 05 <48> 3d 01 f0 ff ff 73 01 c3 48 c7 c1 a8 ff ff ff f7 d8 64 89 01 48
[ 2702.391096][T68131] RSP: 002b:00007f3cd2650f98 EFLAGS: 00000246 ORIG_RAX: 0000000000000010
[ 2702.391114][T68131] RAX: ffffffffffffffda RBX: 00007f3cd1a25fa0 RCX: 00007f3cd17b059d
[ 2702.391126][T68131] RDX: 0000200000000140 RSI: 00000000c00464be RDI: 0000000000000003
[ 2702.391137][T68131] RBP: 00007f3cd2651010 R08: 0000000000000000 R09: 0000000000000000
[ 2702.391148][T68131] R10: 0000000000000000 R11: 0000000000000246 R12: 0000000000000001
[ 2702.391159][T68131] R13: 00007f3cd1a26038 R14: 00007f3cd1a25fa0 R15: 00007f3cd2631000
[ 2702.391223][T68131]  </TASK>
[ 2702.391245][T68131] ERROR: Out of memory at tomoyo_realpath_from_path.
[ 2702.833559][    C0] vkms_vblank_simulate: vblank timer overrun
[ 2703.334335][    C0] vkms_vblank_simulate: vblank timer overrun
[ 2703.722218][T68158] FAULT_INJECTION: forcing a failure.
[ 2703.722218][T68158] name fail_usercopy, interval 1, probability 0, space 0, times 0
[ 2703.769807][T68158] CPU: 1 UID: 0 PID: 68158 Comm: syz.3.16708 Not tainted 6.18.0 #1 PREEMPT(full) 
[ 2703.769834][T68158] Hardware name: QEMU Standard PC (i440FX + PIIX, 1996), BIOS rel-1.16.3-0-ga6ed6b701f0a-prebuilt.qemu.org 04/01/2014
[ 2703.769846][T68158] Call Trace:
[ 2703.769852][T68158]  <TASK>
[ 2703.769859][T68158]  dump_stack_lvl+0x180/0x1b0
[ 2703.769891][T68158]  should_fail_ex+0x520/0x650
[ 2703.769916][T68158]  _copy_from_user+0x30/0xd0
[ 2703.769938][T68158]  drm_ioctl+0x4df/0xb90
[ 2703.769959][T68158]  ? __pfx_drm_mode_destroyblob_ioctl+0x10/0x10
[ 2703.769986][T68158]  ? __pfx_drm_ioctl+0x10/0x10
[ 2703.770007][T68158]  ? hook_file_ioctl_common+0x146/0x3f0
[ 2703.770037][T68158]  ? __fget_files+0x1fb/0x3b0
[ 2703.770067][T68158]  ? __pfx_drm_ioctl+0x10/0x10
[ 2703.770085][T68158]  __x64_sys_ioctl+0x18f/0x210
[ 2703.770106][T68158]  do_syscall_64+0xcb/0xfa0
[ 2703.770135][T68158]  entry_SYSCALL_64_after_hwframe+0x77/0x7f
[ 2703.770155][T68158] RIP: 0033:0x7efc179b059d
[ 2703.770172][T68158] Code: 02 b8 ff ff ff ff c3 66 0f 1f 44 00 00 f3 0f 1e fa 48 89 f8 48 89 f7 48 89 d6 48 89 ca 4d 89 c2 4d 89 c8 4c 8b 4c 24 08 0f 05 <48> 3d 01 f0 ff ff 73 01 c3 48 c7 c1 a8 ff ff ff f7 d8 64 89 01 48
[ 2703.770235][T68158] RSP: 002b:00007efc188c3f98 EFLAGS: 00000246 ORIG_RAX: 0000000000000010
[ 2703.770255][T68158] RAX: ffffffffffffffda RBX: 00007efc17c25fa0 RCX: 00007efc179b059d
[ 2703.770267][T68158] RDX: 0000200000000140 RSI: 00000000c00464be RDI: 0000000000000003
[ 2703.770279][T68158] RBP: 00007efc188c4010 R08: 0000000000000000 R09: 0000000000000000
[ 2703.770290][T68158] R10: 0000000000000000 R11: 0000000000000246 R12: 0000000000000001
[ 2703.770301][T68158] R13: 00007efc17c26038 R14: 00007efc17c25fa0 R15: 00007efc188a4000
[ 2703.770329][T68158]  </TASK>
[ 2705.008669][T68198] FAULT_INJECTION: forcing a failure.
[ 2705.008669][T68198] name fail_usercopy, interval 1, probability 0, space 0, times 0
[ 2705.025422][T68198] CPU: 2 UID: 0 PID: 68198 Comm: syz.2.16722 Not tainted 6.18.0 #1 PREEMPT(full) 
[ 2705.025446][T68198] Hardware name: QEMU Standard PC (i440FX + PIIX, 1996), BIOS rel-1.16.3-0-ga6ed6b701f0a-prebuilt.qemu.org 04/01/2014
[ 2705.025457][T68198] Call Trace:
[ 2705.025463][T68198]  <TASK>
[ 2705.025471][T68198]  dump_stack_lvl+0x180/0x1b0
[ 2705.025501][T68198]  should_fail_ex+0x520/0x650
[ 2705.025524][T68198]  _copy_to_user+0x32/0xd0
[ 2705.025544][T68198]  drm_ioctl+0x59a/0xb90
[ 2705.025563][T68198]  ? __pfx_drm_mode_destroyblob_ioctl+0x10/0x10
[ 2705.025588][T68198]  ? __pfx_drm_ioctl+0x10/0x10
[ 2705.025604][T68198]  ? hook_file_ioctl_common+0x146/0x3f0
[ 2705.025629][T68198]  ? __fget_files+0x1fb/0x3b0
[ 2705.025650][T68198]  ? __pfx_drm_ioctl+0x10/0x10
[ 2705.025665][T68198]  __x64_sys_ioctl+0x18f/0x210
[ 2705.025695][T68198]  do_syscall_64+0xcb/0xfa0
[ 2705.025725][T68198]  entry_SYSCALL_64_after_hwframe+0x77/0x7f
[ 2705.025742][T68198] RIP: 0033:0x7fa880bb059d
[ 2705.025756][T68198] Code: 02 b8 ff ff ff ff c3 66 0f 1f 44 00 00 f3 0f 1e fa 48 89 f8 48 89 f7 48 89 d6 48 89 ca 4d 89 c2 4d 89 c8 4c 8b 4c 24 08 0f 05 <48> 3d 01 f0 ff ff 73 01 c3 48 c7 c1 a8 ff ff ff f7 d8 64 89 01 48
[ 2705.025771][T68198] RSP: 002b:00007fa881ac2f98 EFLAGS: 00000246 ORIG_RAX: 0000000000000010
[ 2705.025787][T68198] RAX: ffffffffffffffda RBX: 00007fa880e25fa0 RCX: 00007fa880bb059d
[ 2705.025797][T68198] RDX: 0000200000000140 RSI: 00000000c00464be RDI: 0000000000000003
[ 2705.025806][T68198] RBP: 00007fa881ac3010 R08: 0000000000000000 R09: 0000000000000000
[ 2705.025816][T68198] R10: 0000000000000000 R11: 0000000000000246 R12: 0000000000000001
[ 2705.025825][T68198] R13: 00007fa880e26038 R14: 00007fa880e25fa0 R15: 00007fa881aa3000
[ 2705.025847][T68198]  </TASK>
[ 2706.218425][T68224] FAULT_INJECTION: forcing a failure.
[ 2706.218425][T68224] name fail_usercopy, interval 1, probability 0, space 0, times 0
[ 2706.226327][T68224] CPU: 0 UID: 0 PID: 68224 Comm: syz.2.16732 Not tainted 6.18.0 #1 PREEMPT(full) 
[ 2706.226351][T68224] Hardware name: QEMU Standard PC (i440FX + PIIX, 1996), BIOS rel-1.16.3-0-ga6ed6b701f0a-prebuilt.qemu.org 04/01/2014
[ 2706.226362][T68224] Call Trace:
[ 2706.226368][T68224]  <TASK>
[ 2706.226374][T68224]  dump_stack_lvl+0x180/0x1b0
[ 2706.226405][T68224]  should_fail_ex+0x520/0x650
[ 2706.226428][T68224]  _copy_to_user+0x32/0xd0
[ 2706.226448][T68224]  simple_read_from_buffer+0xcb/0x180
[ 2706.226468][T68224]  proc_fail_nth_read+0x18a/0x240
[ 2706.226489][T68224]  ? __pfx_proc_fail_nth_read+0x10/0x10
[ 2706.226509][T68224]  ? rw_verify_area+0xcf/0x6e0
[ 2706.226526][T68224]  ? __pfx_proc_fail_nth_read+0x10/0x10
[ 2706.226544][T68224]  vfs_read+0x1e6/0xc70
[ 2706.226565][T68224]  ? __pfx___mutex_lock+0x10/0x10
[ 2706.226580][T68224]  ? __pfx_vfs_read+0x10/0x10
[ 2706.226598][T68224]  ? __fget_files+0x1f1/0x3b0
[ 2706.226625][T68224]  ? __fget_files+0x1fb/0x3b0
[ 2706.226648][T68224]  ksys_read+0x121/0x240
[ 2706.226667][T68224]  ? __pfx_ksys_read+0x10/0x10
[ 2706.226756][T68224]  do_syscall_64+0xcb/0xfa0
[ 2706.226785][T68224]  entry_SYSCALL_64_after_hwframe+0x77/0x7f
[ 2706.226804][T68224] RIP: 0033:0x7fa880baef6c
[ 2706.226821][T68224] Code: ec 28 48 89 54 24 18 48 89 74 24 10 89 7c 24 08 e8 09 0e 03 00 48 8b 54 24 18 48 8b 74 24 10 41 89 c0 8b 7c 24 08 31 c0 0f 05 <48> 3d 00 f0 ff ff 77 34 44 89 c7 48 89 44 24 08 e8 4f 0e 03 00 48
[ 2706.226837][T68224] RSP: 002b:00007fa881ac2f90 EFLAGS: 00000246 ORIG_RAX: 0000000000000000
[ 2706.226856][T68224] RAX: ffffffffffffffda RBX: 00007fa880e25fa0 RCX: 00007fa880baef6c
[ 2706.226869][T68224] RDX: 000000000000000f RSI: 00007fa881ac3020 RDI: 0000000000000005
[ 2706.226881][T68224] RBP: 00007fa881ac3010 R08: 0000000000000000 R09: 0000000000000000
[ 2706.226892][T68224] R10: 0000000000000000 R11: 0000000000000246 R12: 0000000000000001
[ 2706.226904][T68224] R13: 00007fa880e26038 R14: 00007fa880e25fa0 R15: 00007fa881aa3000
[ 2706.226932][T68224]  </TASK>
[ 2706.377628][    C0] vkms_vblank_simulate: vblank timer overrun
[ 2707.758345][    C0] vkms_vblank_simulate: vblank timer overrun
[ 2708.924285][    C0] vkms_vblank_simulate: vblank timer overrun
[ 2708.972282][    C0] vkms_vblank_simulate: vblank timer overrun
[ 2709.231812][    C0] vkms_vblank_simulate: vblank timer overrun
[ 2710.122862][    C0] vkms_vblank_simulate: vblank timer overrun
[ 2710.260447][T68335] FAULT_INJECTION: forcing a failure.
[ 2710.260447][T68335] name failslab, interval 1, probability 0, space 0, times 0
[ 2710.277113][T68335] CPU: 1 UID: 0 PID: 68335 Comm: syz.0.16771 Not tainted 6.18.0 #1 PREEMPT(full) 
[ 2710.277138][T68335] Hardware name: QEMU Standard PC (i440FX + PIIX, 1996), BIOS rel-1.16.3-0-ga6ed6b701f0a-prebuilt.qemu.org 04/01/2014
[ 2710.277151][T68335] Call Trace:
[ 2710.277157][T68335]  <TASK>
[ 2710.277165][T68335]  dump_stack_lvl+0x180/0x1b0
[ 2710.277211][T68335]  should_fail_ex+0x520/0x650
[ 2710.277235][T68335]  ? tomoyo_realpath_from_path+0xc3/0x600
[ 2710.277258][T68335]  should_failslab+0xc2/0x120
[ 2710.277284][T68335]  __kmalloc_noprof+0xdc/0x8c0
[ 2710.277302][T68335]  ? kfree+0x3b1/0x6c0
[ 2710.277325][T68335]  ? tomoyo_realpath_from_path+0xc3/0x600
[ 2710.277347][T68335]  tomoyo_realpath_from_path+0xc3/0x600
[ 2710.277373][T68335]  ? tomoyo_profile+0x46/0x60
[ 2710.277400][T68335]  tomoyo_path_number_perm+0x221/0x550
[ 2710.277419][T68335]  ? tomoyo_path_number_perm+0x213/0x550
[ 2710.277440][T68335]  ? __pfx_tomoyo_path_number_perm+0x10/0x10
[ 2710.277461][T68335]  ? proc_fail_nth_write+0x97/0x220
[ 2710.277510][T68335]  ? hook_file_ioctl_common+0x146/0x3f0
[ 2710.277530][T68335]  ? __fget_files+0x1f1/0x3b0
[ 2710.277555][T68335]  ? __fget_files+0x1fb/0x3b0
[ 2710.277579][T68335]  security_file_ioctl+0x9f/0x260
[ 2710.277602][T68335]  __x64_sys_ioctl+0xb7/0x210
[ 2710.277621][T68335]  do_syscall_64+0xcb/0xfa0
[ 2710.277648][T68335]  entry_SYSCALL_64_after_hwframe+0x77/0x7f
[ 2710.277666][T68335] RIP: 0033:0x7f3cd17b059d
[ 2710.279444][T68335] Code: 02 b8 ff ff ff ff c3 66 0f 1f 44 00 00 f3 0f 1e fa 48 89 f8 48 89 f7 48 89 d6 48 89 ca 4d 89 c2 4d 89 c8 4c 8b 4c 24 08 0f 05 <48> 3d 01 f0 ff ff 73 01 c3 48 c7 c1 a8 ff ff ff f7 d8 64 89 01 48
[ 2710.279458][T68335] RSP: 002b:00007f3cd2650f98 EFLAGS: 00000246 ORIG_RAX: 0000000000000010
[ 2710.279473][T68335] RAX: ffffffffffffffda RBX: 00007f3cd1a25fa0 RCX: 00007f3cd17b059d
[ 2710.279483][T68335] RDX: 0000200000000000 RSI: 00000000c0145401 RDI: 0000000000000003
[ 2710.279492][T68335] RBP: 00007f3cd2651010 R08: 0000000000000000 R09: 0000000000000000
[ 2710.279501][T68335] R10: 0000000000000000 R11: 0000000000000246 R12: 0000000000000001
[ 2710.279509][T68335] R13: 00007f3cd1a26038 R14: 00007f3cd1a25fa0 R15: 00007f3cd2631000
[ 2710.279531][T68335]  </TASK>
[ 2710.279629][T68335] ERROR: Out of memory at tomoyo_realpath_from_path.
[ 2711.209259][T68356] ALSA: seq fatal error: cannot create timer (-22)
[ 2711.713883][T68361] ALSA: seq fatal error: cannot create timer (-19)
[ 2713.290399][    C0] vkms_vblank_simulate: vblank timer overrun
[ 2713.473521][    C0] vkms_vblank_simulate: vblank timer overrun
[ 2713.855418][    C0] vkms_vblank_simulate: vblank timer overrun
[ 2714.330357][    C0] vkms_vblank_simulate: vblank timer overrun
[ 2717.455972][    C0] vkms_vblank_simulate: vblank timer overrun
[ 2718.171958][    C0] vkms_vblank_simulate: vblank timer overrun
[ 2720.373097][    C0] vkms_vblank_simulate: vblank timer overrun
[ 2724.474609][T68689] ALSA: seq fatal error: cannot create timer (-19)
[ 2724.886200][T68708] ALSA: seq fatal error: cannot create timer (-19)
[ 2725.375810][T68705] warn_alloc: 3 callbacks suppressed
[ 2725.375828][T68705] syz.2.16897: vmalloc error: size 33558528, failed to allocated page array size 65544, mode:0xdc2(GFP_KERNEL|__GFP_HIGHMEM|__GFP_ZERO), nodemask=(null),cpuset=/,mems_allowed=0-1
[ 2725.402317][T68705] CPU: 2 UID: 0 PID: 68705 Comm: syz.2.16897 Not tainted 6.18.0 #1 PREEMPT(full) 
[ 2725.402342][T68705] Hardware name: QEMU Standard PC (i440FX + PIIX, 1996), BIOS rel-1.16.3-0-ga6ed6b701f0a-prebuilt.qemu.org 04/01/2014
[ 2725.402355][T68705] Call Trace:
[ 2725.402362][T68705]  <TASK>
[ 2725.402370][T68705]  dump_stack_lvl+0x180/0x1b0
[ 2725.402402][T68705]  warn_alloc+0x211/0x360
[ 2725.402461][T68705]  ? __pfx_warn_alloc+0x10/0x10
[ 2725.402494][T68705]  ? __pfx_alloc_vmap_area+0x10/0x10
[ 2725.402519][T68705]  ? __get_vm_area_node+0x10c/0x340
[ 2725.402550][T68705]  ? drm_property_create_blob.part.0+0x34/0x320
[ 2725.402577][T68705]  ? __vmalloc_node_noprof+0xac/0xf0
[ 2725.402608][T68705]  __vmalloc_node_range_noprof+0xfaa/0x13b0
[ 2725.402645][T68705]  ? drm_property_create_blob.part.0+0x34/0x320
[ 2725.402679][T68705]  ? __pfx___vmalloc_node_range_noprof+0x10/0x10
[ 2725.402719][T68705]  __kvmalloc_node_noprof+0x41f/0x9d0
[ 2725.402743][T68705]  ? drm_property_create_blob.part.0+0x34/0x320
[ 2725.402771][T68705]  ? drm_property_create_blob.part.0+0x34/0x320
[ 2725.402802][T68705]  ? drm_property_create_blob.part.0+0x34/0x320
[ 2725.402827][T68705]  drm_property_create_blob.part.0+0x34/0x320
[ 2725.402858][T68705]  drm_mode_createblob_ioctl+0x139/0x490
[ 2725.402888][T68705]  drm_ioctl_kernel+0x1ed/0x3e0
[ 2725.402905][T68705]  ? __pfx_drm_mode_createblob_ioctl+0x10/0x10
[ 2725.402932][T68705]  ? __pfx_drm_ioctl_kernel+0x10/0x10
[ 2725.402958][T68705]  drm_ioctl+0x574/0xb90
[ 2725.402978][T68705]  ? __pfx_drm_mode_createblob_ioctl+0x10/0x10
[ 2725.403005][T68705]  ? __pfx_drm_ioctl+0x10/0x10
[ 2725.403024][T68705]  ? hook_file_ioctl_common+0x146/0x3f0
[ 2725.403066][T68705]  ? __fget_files+0x1fb/0x3b0
[ 2725.403091][T68705]  ? __pfx_drm_ioctl+0x10/0x10
[ 2725.403109][T68705]  __x64_sys_ioctl+0x18f/0x210
[ 2725.403129][T68705]  do_syscall_64+0xcb/0xfa0
[ 2725.403157][T68705]  entry_SYSCALL_64_after_hwframe+0x77/0x7f
[ 2725.403176][T68705] RIP: 0033:0x7fa880bb059d
[ 2725.403192][T68705] Code: 02 b8 ff ff ff ff c3 66 0f 1f 44 00 00 f3 0f 1e fa 48 89 f8 48 89 f7 48 89 d6 48 89 ca 4d 89 c2 4d 89 c8 4c 8b 4c 24 08 0f 05 <48> 3d 01 f0 ff ff 73 01 c3 48 c7 c1 a8 ff ff ff f7 d8 64 89 01 48
[ 2725.403209][T68705] RSP: 002b:00007fa881ac2f98 EFLAGS: 00000246 ORIG_RAX: 0000000000000010
[ 2725.403227][T68705] RAX: ffffffffffffffda RBX: 00007fa880e25fa0 RCX: 00007fa880bb059d
[ 2725.403239][T68705] RDX: 0000200000000180 RSI: 00000000c01064bd RDI: 0000000000000005
[ 2725.403250][T68705] RBP: 00007fa880c4e078 R08: 0000000000000000 R09: 0000000000000000
[ 2725.403260][T68705] R10: 0000000000000000 R11: 0000000000000246 R12: 0000000000000000
[ 2725.403271][T68705] R13: 00007fa880e26038 R14: 00007fa880e25fa0 R15: 00007fa881aa3000
[ 2725.403298][T68705]  </TASK>
[ 2725.403305][T68705] Mem-Info:
[ 2725.671055][T68705] active_anon:9006 inactive_anon:0 isolated_anon:0
[ 2725.671055][T68705]  active_file:6369 inactive_file:64571 isolated_file:0
[ 2725.671055][T68705]  unevictable:5851 dirty:2509 writeback:0
[ 2725.671055][T68705]  slab_reclaimable:13409 slab_unreclaimable:65465
[ 2725.671055][T68705]  mapped:33854 shmem:8944 pagetables:1133
[ 2725.671055][T68705]  sec_pagetables:0 bounce:0
[ 2725.671055][T68705]  kernel_misc_reclaimable:0
[ 2725.671055][T68705]  free:454472 free_pcp:14173 free_cma:0
[ 2725.713101][T68705] Node 0 active_anon:19064kB inactive_anon:0kB active_file:8780kB inactive_file:139476kB unevictable:19440kB isolated(anon):0kB isolated(file):0kB mapped:68020kB dirty:3864kB writeback:0kB shmem:25744kB shmem_thp:0kB shmem_pmdmapped:0kB anon_thp:0kB kernel_stack:3440kB pagetables:2332kB sec_pagetables:0kB all_unreclaimable? no Balloon:0kB
[ 2725.739519][T68705] Node 1 active_anon:16960kB inactive_anon:0kB active_file:16696kB inactive_file:118808kB unevictable:4764kB isolated(anon):0kB isolated(file):0kB mapped:68196kB dirty:6272kB writeback:0kB shmem:10932kB shmem_thp:0kB shmem_pmdmapped:0kB anon_thp:0kB kernel_stack:8660kB pagetables:2300kB sec_pagetables:0kB all_unreclaimable? no Balloon:0kB
[ 2725.759750][T68705] Node 0 DMA free:15088kB boost:0kB min:452kB low:564kB high:676kB reserved_highatomic:0KB free_highatomic:0KB active_anon:0kB inactive_anon:0kB active_file:0kB inactive_file:0kB unevictable:0kB writepending:0kB zspages:0kB present:15992kB managed:15360kB mlocked:0kB bounce:0kB free_pcp:264kB local_pcp:60kB free_cma:0kB
[ 2725.804931][    C0] vkms_vblank_simulate: vblank timer overrun
[ 2725.810532][T68705] lowmem_reserve[]: 0 1176 1176 1176 1176
[ 2725.818302][T68705] Node 0 DMA32 free:599760kB boost:0kB min:34836kB low:43544kB high:52252kB reserved_highatomic:0KB free_highatomic:0KB active_anon:19052kB inactive_anon:0kB active_file:8780kB inactive_file:139468kB unevictable:19532kB writepending:3948kB zspages:0kB present:2080772kB managed:1204832kB mlocked:15952kB bounce:0kB free_pcp:11752kB local_pcp:3292kB free_cma:0kB
[ 2725.848409][T68705] lowmem_reserve[]: 0 0 0 0 0
[ 2725.852027][T68705] Node 1 DMA32 free:907896kB boost:0kB min:29136kB low:36420kB high:43704kB reserved_highatomic:0KB free_highatomic:0KB active_anon:1708kB inactive_anon:0kB active_file:3716kB inactive_file:23832kB unevictable:0kB writepending:3712kB zspages:0kB present:1048444kB managed:982908kB mlocked:0kB bounce:0kB free_pcp:28488kB local_pcp:2532kB free_cma:0kB
[ 2725.872289][T68705] lowmem_reserve[]: 0 0 846 846 846
[ 2725.875108][T68705] Node 1 Normal free:299360kB boost:0kB min:25680kB low:32100kB high:38520kB reserved_highatomic:0KB free_highatomic:0KB active_anon:15148kB inactive_anon:0kB active_file:12988kB inactive_file:94992kB unevictable:6928kB writepending:2568kB zspages:0kB present:1048576kB managed:866440kB mlocked:3384kB bounce:0kB free_pcp:15984kB local_pcp:96kB free_cma:0kB
[ 2725.896765][T68705] lowmem_reserve[]: 0 0 0 0 0
[ 2725.900742][T68705] Node 0 DMA: 4*4kB (U) 1*8kB (U) 0*16kB 3*32kB (U) 2*64kB (U) 2*128kB (U) 3*256kB (U) 3*512kB (U) 4*1024kB (U) 4*2048kB (U) 0*4096kB = 15096kB
[ 2725.911266][T68705] Node 0 DMA32: 1075*4kB (UME) 717*8kB (UM) 419*16kB (UME) 779*32kB (UME) 458*64kB (UME) 245*128kB (UME) 296*256kB (UME) 318*512kB (UM) 253*1024kB (UM) 0*2048kB 0*4096kB = 600004kB
[ 2725.923166][T68705] Node 1 DMA32: 11*4kB (UM) 6*8kB (UME) 11*16kB (UME) 11*32kB (UME) 8*64kB (UE) 3*128kB (UE) 3*256kB (UE) 4*512kB (UE) 7*1024kB (UM) 4*2048kB (ME) 216*4096kB (UM) = 904428kB
[ 2725.935817][T68705] Node 1 Normal: 1322*4kB (UM) 672*8kB (UME) 428*16kB (UM) 130*32kB (UME) 64*64kB (UM) 103*128kB (UM) 127*256kB (U) 161*512kB (U) 141*1024kB (U) 0*2048kB 0*4096kB = 298280kB
[ 2725.948034][T68705] Node 0 hugepages_total=2 hugepages_free=1 hugepages_surp=0 hugepages_size=2048kB
[ 2725.955719][T68705] Node 1 hugepages_total=2 hugepages_free=1 hugepages_surp=0 hugepages_size=2048kB
[ 2725.966034][T68705] 81103 total pagecache pages
[ 2725.974042][T68705] 0 pages in swap cache
[ 2725.979932][T68705] Free swap  = 124996kB
[ 2725.982638][T68705] Total swap = 124996kB
[ 2725.990514][T68705] 1048446 pages RAM
[ 2725.992631][T68705] 0 pages HighMem/MovableOnly
[ 2725.998787][T68705] 281061 pages reserved
[ 2726.001298][T68705] 0 pages cma reserved
[ 2727.811784][    C0] vkms_vblank_simulate: vblank timer overrun
[ 2732.208363][    C0] vkms_vblank_simulate: vblank timer overrun
[ 2732.873617][    C0] vkms_vblank_simulate: vblank timer overrun
[ 2732.952258][    C0] vkms_vblank_simulate: vblank timer overrun
[ 2733.270346][    C0] vkms_vblank_simulate: vblank timer overrun
[ 2733.953596][    C0] vkms_vblank_simulate: vblank timer overrun
[ 2734.188415][    C0] vkms_vblank_simulate: vblank timer overrun
[ 2734.689845][ T1358] ieee802154 phy0 wpan0: encryption failed: -22
[ 2734.696727][ T1358] ieee802154 phy1 wpan1: encryption failed: -22
[ 2734.879943][    C0] vkms_vblank_simulate: vblank timer overrun
[ 2735.057406][    C0] vkms_vblank_simulate: vblank timer overrun
[ 2735.149353][    C0] vkms_vblank_simulate: vblank timer overrun
[ 2735.592357][    C0] vkms_vblank_simulate: vblank timer overrun
[ 2735.855321][    C0] vkms_vblank_simulate: vblank timer overrun
[ 2735.919815][    C0] vkms_vblank_simulate: vblank timer overrun
[ 2736.505325][    C0] vkms_vblank_simulate: vblank timer overrun
[ 2737.457877][    C0] vkms_vblank_simulate: vblank timer overrun
[ 2737.520721][    C0] vkms_vblank_simulate: vblank timer overrun
[ 2737.730346][    C0] vkms_vblank_simulate: vblank timer overrun
[ 2737.859505][    C0] vkms_vblank_simulate: vblank timer overrun
[ 2737.994515][    C0] vkms_vblank_simulate: vblank timer overrun
[ 2738.285304][    C0] vkms_vblank_simulate: vblank timer overrun
[ 2738.454647][    C0] vkms_vblank_simulate: vblank timer overrun
[ 2738.500407][    C0] vkms_vblank_simulate: vblank timer overrun
[ 2738.563434][    C0] vkms_vblank_simulate: vblank timer overrun
[ 2739.558533][T69004] ALSA: seq fatal error: cannot create timer (-19)
[ 2740.879431][    C0] vkms_vblank_simulate: vblank timer overrun
[ 2742.102749][    C0] vkms_vblank_simulate: vblank timer overrun
