last executing test programs:

2.46482733s ago: executing program 3 (id=18649):
ioctl$DRM_IOCTL_DROP_MASTER(0xffffffffffffffff, 0x641f)
r0 = syz_open_dev$dri(&(0x7f0000000000), 0x1, 0x2000)
ioctl$DRM_IOCTL_MODE_GETRESOURCES(r0, 0xc04064a0, 0x0)
r1 = syz_open_dev$dri(&(0x7f0000000000), 0x1, 0x2000)
r2 = syz_open_dev$dri(&(0x7f0000000000), 0x1, 0x2000)
ioctl$DRM_IOCTL_MODE_GETRESOURCES(r2, 0xc04064a0, &(0x7f0000000340)={0x0, &(0x7f0000000280)=[<r3=>0x0], 0x0, 0x0, 0x0, 0x1})
ioctl$DRM_IOCTL_MODE_GETCRTC(r1, 0xc06864a1, &(0x7f0000000440)={0x0, 0x0, r3, <r4=>0x0})
ioctl$DRM_IOCTL_MODE_GETFB(r0, 0xc01c64ad, &(0x7f0000000000)={r4})
r5 = syz_open_dev$dri(&(0x7f0000000000), 0xfffffffffffffffc, 0x0)
ioctl$DRM_IOCTL_MODE_LIST_LESSEES(0xffffffffffffffff, 0xc01064c7, 0x0)
ioctl$DRM_IOCTL_MODE_CREATEPROPBLOB(r5, 0xc01064bd, &(0x7f0000000180)={&(0x7f0000000080)="7c2772857a834be7ae4d44d445cf9005999d5e56438892322b2223a8aaaf9e9f14a4b2fd8f003c5fc63d45c1284d4415120f0f47da6951fb126bf521dc909d6e7ec264529cc196ac9ee1382d36f63eda11484bd7668d5ccf64cf963a2818cfc4fa70eac3ef17b361938f4e7f0057adae5fcf13357a6af880bf70e132cc8655cfc24841ec657da1d381584e00fe0891949c717f9fc004f503131ab7f85d821ba515686ef591c936b831c077a03a13cd7894151eef069b62a937663176b4a373018f", 0x2000000})
r6 = syz_open_dev$dri(0xfffffffffffffffe, 0xf2b, 0x21ab43)
ioctl$DRM_IOCTL_GEM_OPEN(r5, 0xc010640b, 0x0)
r7 = syz_open_dev$dri(&(0x7f0000000000), 0xfffffffffffffffc, 0x0)
ioctl$DRM_IOCTL_MODE_CREATEPROPBLOB(r7, 0xc01064bd, &(0x7f0000000180)={&(0x7f0000000080)="7c2772857a834be7ae4d44d445cf9005999d5e56438892322b2223a8aaaf9e9f14a4b2fd8f003c5fc63d45c1284d4415120f0f47da6951fb126bf521dc909d6e7ec264529cc196ac9ee1382d36f63eda11484bd7668d5ccf64cf963a2818cfc4fa70eac3ef17b361938f4e7f0057adae5fcf13357a6af880bf70e132cc8655cfc24841ec657da1d381584e00fe0891949c717f9fc004f503131ab7f85d821ba515686ef591c936b831c077a03a13cd7894151eef069b62a937663176b4a373018f", 0x2000000})
ioctl$DRM_IOCTL_MODE_GETGAMMA(0xffffffffffffffff, 0xc02064a4, 0x0)
ioctl$DRM_IOCTL_GEM_CLOSE(r6, 0x40086409, 0x0)
ioctl$DRM_IOCTL_SYNCOBJ_FD_TO_HANDLE_FD(0xffffffffffffffff, 0xc01864c2, &(0x7f0000000040)={<r8=>0x0})
ioctl$DRM_IOCTL_SYNCOBJ_CREATE(r7, 0xc00864bf, &(0x7f00000001c0)={<r9=>0x0})
ioctl$DRM_IOCTL_SYNCOBJ_SIGNAL(r7, 0xc01064c5, &(0x7f0000000240)={&(0x7f0000000200)=[r8, r9], 0x2})

1.652842714s ago: executing program 3 (id=18658):
r0 = syz_open_dev$dri(&(0x7f0000000000), 0x1, 0x141000)
ioctl$DRM_IOCTL_ADD_CTX(r0, 0xc0086420, &(0x7f0000000040)={<r1=>0x0})
r2 = syz_open_dev$dri(&(0x7f00000004c0), 0x2, 0x101102)
r3 = syz_open_dev$dri(&(0x7f0000000000), 0x0, 0x141000)
ioctl$DRM_IOCTL_GET_MAGIC(r3, 0x80046402, 0x0)
ioctl$DRM_IOCTL_AGP_ALLOC(r2, 0xc0206434, &(0x7f0000000100)={0x7, 0x0, 0x10001})
ioctl$DRM_IOCTL_MODE_CREATE_LEASE(r2, 0xc01864c6, &(0x7f0000000780)={&(0x7f0000000740)=[0x0, 0x0], 0x2, 0x80800})
ioctl$DRM_IOCTL_RM_CTX(r0, 0xc0086421, &(0x7f00000000c0)={r1, 0x1})
ioctl$DRM_IOCTL_SYNCOBJ_SIGNAL(0xffffffffffffffff, 0xc01064c5, &(0x7f0000000500)={0x0})
ioctl$DRM_IOCTL_PRIME_HANDLE_TO_FD(0xffffffffffffffff, 0xc00c642d, 0x0)
ioctl$DRM_IOCTL_SYNCOBJ_HANDLE_TO_FD_FD(0xffffffffffffffff, 0xc01864c1, 0x0)
ioctl$DRM_IOCTL_SYNCOBJ_FD_TO_HANDLE_FD(0xffffffffffffffff, 0xc01864c2, &(0x7f0000000200))
r4 = openat$drirender128(0xffffffffffffff9c, 0x0, 0x800, 0x0)
ioctl$DRM_IOCTL_MODE_DESTROY_DUMB(0xffffffffffffffff, 0xc00464b4, 0x0)
r5 = syz_open_dev$dri(&(0x7f0000000000), 0x50dd, 0x0)
ioctl$DRM_IOCTL_MODE_GETFB2(r5, 0xc06864ce, 0x0)
ioctl$DRM_IOCTL_PRIME_FD_TO_HANDLE(0xffffffffffffffff, 0xc00c642e, &(0x7f00000002c0)={<r6=>0x0, 0x0, r4})
ioctl$DRM_IOCTL_MODE_GETRESOURCES(0xffffffffffffffff, 0xc04064a0, 0x0)
syz_open_dev$dri(&(0x7f0000000840), 0x2, 0x80900)
ioctl$DRM_IOCTL_WAIT_VBLANK(r5, 0xc018643a, &(0x7f0000000cc0)={0x10000000, 0x100ae1, 0x6})
ioctl$DRM_IOCTL_MODE_CREATE_LEASE(0xffffffffffffffff, 0xc01864c6, &(0x7f0000000080)={&(0x7f0000000540), 0x0, 0x0, 0x0, <r7=>0xffffffffffffffff})
ioctl$DRM_IOCTL_SYNCOBJ_FD_TO_HANDLE_FD(r5, 0xc01864c2, &(0x7f00000000c0)={0x0, 0x0, r7})
ioctl$DRM_IOCTL_MODE_CREATE_DUMB(0xffffffffffffffff, 0xc02064b2, 0x0)
ioctl$DRM_IOCTL_GET_MAGIC(0xffffffffffffffff, 0x80046402, &(0x7f0000000100))
r8 = syz_open_dev$dri(&(0x7f0000000000), 0xfffffffffffffffc, 0x40000)
ioctl$DRM_IOCTL_MODE_CREATE_LEASE(r8, 0xc01864c6, &(0x7f00000000c0)={0x0, 0x0, 0x0, 0x0, <r9=>0xffffffffffffffff})
ioctl$DRM_IOCTL_MODE_SETCRTC(r9, 0xc06864a2, &(0x7f0000000400)={0x0, 0x0, 0x0, 0x0, 0x9, 0x7, 0x82db, 0x6, {0x4, 0x1, 0xc, 0x3, 0x8, 0x1, 0x7fff, 0x36, 0xfff8, 0xefe, 0xd8, 0xfffffffd, 0x6, 0x9, "86a9d654c459a12d4a40ec9beb6e35ea5aa73b1e2a1c2d2fde3b02067f858e0f"}})
ioctl$DRM_IOCTL_PRIME_HANDLE_TO_FD(r4, 0xc00c642d, &(0x7f0000000340)={r6, 0x80000})
r10 = syz_open_dev$dri(&(0x7f0000000000), 0x50dd, 0x0)
ioctl$DRM_IOCTL_WAIT_VBLANK(r10, 0xc018643a, &(0x7f00000004c0)={0x4000000, 0x100ae1, 0x4000000000006})

1.467031436s ago: executing program 1 (id=18663):
r0 = syz_open_dev$dri(&(0x7f0000000000), 0x0, 0x141000)
ioctl$DRM_IOCTL_VERSION(r0, 0xc0406400, &(0x7f0000000040)={0x1, 0x3, 0x7, 0x0, 0x0, 0x0, 0x0, 0x17, 0x0}) (async)
r1 = syz_open_dev$dri(&(0x7f0000000000), 0x2, 0x1) (async)
r2 = syz_open_dev$dri(&(0x7f0000000840), 0x2, 0x0)
ioctl$DRM_IOCTL_MODE_ADDFB(r1, 0xc01c64ae, &(0x7f0000000040)={0x0, 0x7, 0x1, 0x1000, 0x18, 0x18, 0x5}) (async)
ioctl$DRM_IOCTL_MODE_CREATE_DUMB(r2, 0xc02064b2, &(0x7f0000000080)={0xd, 0xff, 0xfffffffd, 0x0, <r3=>0x0})
ioctl$DRM_IOCTL_MODE_DESTROY_DUMB(r2, 0xc00464b4, &(0x7f00000000c0)={r3})

1.465732317s ago: executing program 2 (id=18664):
r0 = syz_open_dev$dri(&(0x7f0000000000), 0x0, 0x0)
r1 = syz_open_dev$dri(&(0x7f0000000300), 0xfffffffffffffffa, 0x40800)
ioctl$DRM_IOCTL_SYNCOBJ_HANDLE_TO_FD_FD(r1, 0xc01864c1, &(0x7f0000000340))
ioctl$DRM_IOCTL_MODE_LIST_LESSEES(r0, 0xc01064c7, &(0x7f0000000140)={0x0, 0x0, 0x0})
ioctl$DRM_IOCTL_FREE_BUFS(r0, 0x4010641a, &(0x7f0000000200)={0x7, &(0x7f0000000100)=[0x4, 0x6, 0x35, 0x3, 0x10000, 0x280, 0xffffff1d]})
r2 = syz_open_dev$dri(&(0x7f0000000000), 0x1, 0x2000)
ioctl$DRM_IOCTL_MODE_GETRESOURCES(0xffffffffffffffff, 0xc04064a0, &(0x7f0000000340)={0x0, &(0x7f0000000280)=[<r3=>0x0], 0x0, 0x0, 0x0, 0x1})
ioctl$DRM_IOCTL_MODE_GETCRTC(r2, 0xc06864a1, &(0x7f0000000440)={0x0, 0x0, r3, <r4=>0x0})
r5 = openat$drirender128(0xffffffffffffff9c, 0x0, 0x800, 0x0)
r6 = syz_open_dev$dri(0x0, 0x2b2c, 0x80002)
r7 = syz_open_dev$dri(&(0x7f0000000000), 0x50dd, 0x0)
ioctl$DRM_IOCTL_MODE_GETFB2(r7, 0xc06864ce, 0x0)
ioctl$DRM_IOCTL_PRIME_FD_TO_HANDLE(0xffffffffffffffff, 0xc00c642e, &(0x7f00000002c0)={<r8=>0x0, 0x0, r5})
ioctl$DRM_IOCTL_MODE_GETRESOURCES(r6, 0xc04064a0, &(0x7f0000000300)={&(0x7f0000000180)=[<r9=>0x0, 0x0], &(0x7f00000001c0)=[0x0], &(0x7f0000000240)=[0x0, 0x0], &(0x7f0000000280)=[0x0, 0x0, 0x0, 0x0, 0x0], 0x2, 0x1, 0x2, 0x5})
ioctl$DRM_IOCTL_MODE_ADDFB2(r7, 0xc06864b8, &(0x7f0000000380)={r9, 0x2, 0xb71, 0x3, 0x2, [0x0, 0x0, r8], [0x8, 0x4, 0x87, 0x11], [0x102, 0x5, 0x800, 0xb], [0x5, 0xd, 0x6, 0xfff]})
ioctl$DRM_IOCTL_PRIME_HANDLE_TO_FD(r5, 0xc00c642d, &(0x7f0000000340)={r8, 0x80000})
ioctl$DRM_IOCTL_GEM_FLINK(r2, 0xc008640a, &(0x7f00000000c0)={r8})
r10 = syz_open_dev$dri(&(0x7f0000000f40), 0x0, 0xa0a03)
ioctl$DRM_IOCTL_SYNCOBJ_CREATE(r10, 0x5450, 0x0)
ioctl$DRM_IOCTL_MODE_GETFB2(r2, 0xc06864ce, &(0x7f0000000040)={r4, 0x7, 0x6, 0xfffffffa, 0x1, [<r11=>0x0], [0x2, 0x9, 0xf, 0x8001], [0x8, 0x5, 0x80, 0x8], [0x9, 0x30, 0xfffffffffffffff9, 0x9db]})
ioctl$DRM_IOCTL_SET_MASTER(r6, 0x641e)
ioctl$DRM_IOCTL_PRIME_HANDLE_TO_FD(r2, 0xc00c642d, &(0x7f0000000080)={r11, 0x80000, <r12=>0xffffffffffffffff})
ioctl$DRM_IOCTL_MODE_MAP_DUMB(r12, 0xc01064b3, 0x0)

1.350991323s ago: executing program 1 (id=18666):
r0 = syz_open_dev$dri(&(0x7f0000000000), 0x2, 0x1)
ioctl$DRM_IOCTL_MODE_ADDFB(r0, 0xc01c64ae, &(0x7f0000000040)={0x0, 0x2000, 0x1, 0x1000, 0x18, 0x18, 0x5})
r1 = syz_open_dev$dri(&(0x7f0000000000), 0x50dd, 0x0)
ioctl$DRM_IOCTL_MODE_ADDFB2(r1, 0xc06864b8, &(0x7f0000000380)={0x0, 0x2, 0xb71, 0x1003, 0x2, [], [0x8, 0x4, 0x87, 0x11], [0x8, 0x5, 0x800, 0xb], [0x5, 0xc, 0x200000006, 0xfff]})
syz_open_dev$dri(0xfffffffffffffffd, 0x0, 0x101000)
r2 = syz_open_dev$dri(&(0x7f0000000000), 0xfffffffffffffffc, 0x40000)
r3 = syz_open_dev$dri(&(0x7f0000000000), 0xfffffffffffffffc, 0x0)
ioctl$DRM_IOCTL_MODE_GETRESOURCES(r3, 0xc04064a0, &(0x7f0000000340)={0x0, 0x0, &(0x7f0000000240)=[<r4=>0x0], 0x0, 0x0, 0x0, 0x1})
ioctl$DRM_IOCTL_MODE_GETCONNECTOR(r2, 0xc05064a7, &(0x7f00000007c0)={&(0x7f00000004c0)=[0x0, 0x0, 0x0, 0x0, 0x0, 0x0, 0x0, 0x0, 0x0], &(0x7f0000000580)=[{}, {}, {}, {}], 0x0, 0x0, 0x4, 0x0, 0x9, 0x0, r4})
r5 = syz_open_dev$dri(&(0x7f0000000840), 0x2, 0x0)
ioctl$DRM_IOCTL_GEM_OPEN(r1, 0xc010640b, &(0x7f0000000040)={0x0, <r6=>0x0})
r7 = syz_open_dev$dri(&(0x7f0000000000), 0x660, 0x62002)
ioctl$DRM_IOCTL_GET_CAP(r7, 0xc010640c, &(0x7f0000000040)={0x15})
r8 = openat$drirender128(0xffffffffffffff9c, &(0x7f0000000b80), 0x800, 0x0)
ioctl$DRM_IOCTL_AGP_ALLOC(r8, 0xc0206434, &(0x7f0000000240)={0xd, <r9=>0x0, 0x1})
ioctl$DRM_IOCTL_AGP_UNBIND(r8, 0x40106437, &(0x7f0000000280)={r9, 0x10000})
ioctl$DRM_IOCTL_AGP_BIND(r5, 0x40106436, &(0x7f00000000c0)={r9, 0x5})
ioctl$DRM_IOCTL_GEM_FLINK(r5, 0xc008640a, &(0x7f0000000080)={r6})

1.350625525s ago: executing program 2 (id=18667):
ioctl$DRM_IOCTL_AGP_INFO(0xffffffffffffffff, 0x80386433, &(0x7f00000007c0)=""/154) (async)
ioctl$DRM_IOCTL_MODE_GET_LEASE(0xffffffffffffffff, 0xc01064c8, 0x0)
ioctl$DRM_IOCTL_MODE_CREATE_LEASE(0xffffffffffffffff, 0xc01864c6, &(0x7f0000000280)={&(0x7f0000000240)=[0x0, 0x0, 0x0], 0x3, 0x800, 0x0, <r0=>0xffffffffffffffff})
ioctl$DRM_IOCTL_MODE_SETPROPERTY(r0, 0xc01064ab, &(0x7f0000000340)={0x800})
r1 = syz_open_dev$dri(&(0x7f0000000000), 0xfffffffffffffffc, 0x0)
ioctl$DRM_IOCTL_MODE_CREATEPROPBLOB(r1, 0xc01064bd, &(0x7f0000000180)={&(0x7f00000004c0)="7c2772857a834be7ae4d44d445cf9005999d5e5643889232b9093459aaaf9e9f14a4b2fd8f003c5fc63d45c1284d4415120f0f47da6951aa485d79e079be6b6e7ec264529cc196ac9ee1382d36f63eda11484bd7668d5ccf64cf963a2818cfc4fa70eac3ef17b361938f4e7f0057adae5fcf13357a6af880bf70e132cc8655cfc24841ec657da1d381584e00fe0891949c717f9fc004f503131ab7f85d821ba515686ef591c936b831c077931d13cd7894151eef069b62a937663176b4a373018f54b362f382ade0b55ef93aadd1733f5715a2db2f4aab6e7720fa7e077accb5e10439f8b9b669b91770fba3bb2a714b5feaa800000000000000000000000000df6391e9b5abd8dee90f36dc759104ac259c8405962dabd36539a2b141bd4c620f033546e04cc6c28b48a8ccab886ad9dcded23ceb1953cb0dc52eb8fdd7be000000000000000537e21d3a9f3b5cb0652fc85bd723399efc20455c69705a097aee81031670f33c48a0cf64863b03f15911281024833028442ee27f000000000000000000000000007c10184c07d4417ddfa18c2929add0f47f6bbb1a8e0ecbe3bf8bdd46c272886e02b0645d14e09224ff00291a2c217b0a578c55cdcf0f2231523eb70eb96f837c7d0639366eec31d8b0a9fce5f36325072fa8a067df057bb28ef42f64be861935393a8b221d15b07e238fd30ac839968dd8d030e2b618f18d82f595acdc929c1fef622e69a0bed78cc8217e967a29ef041391662161efaf4cd3ccdcb7a7a7fce45d918e3aeaaf589e735dff96edc216c2fa43d12bcb80a5f9d13faaa9a8dcb7f72580d9f2220615573a8e85a821f339cefc4eeb5d53b62b0dd95d6af7696dca7abbac0ced89ea93984f41567e242f5629e7a3dc6f7b3bad5096a0ea52c5bd32dc64a1d2bcad4c91bf18361bd4dbdedf23f8f34d55e938b984e46fe31bf636d7765d739b6a5a343552b57f73920dd456cfd981e739f4ca38c56739bf339b9e8ef45bf175ac3704b23ff48750", 0xc81423}) (async)
syz_open_dev$dri(&(0x7f0000000000), 0x1, 0x2000) (async)
r2 = syz_open_dev$dri(&(0x7f0000000000), 0x660, 0x62002)
ioctl$DRM_IOCTL_SYNCOBJ_SIGNAL(0xffffffffffffffff, 0xc01064c5, &(0x7f0000000500)={0x0}) (async)
ioctl$DRM_IOCTL_MODE_GETCRTC(r2, 0xc06864a1, 0x0) (async)
ioctl$DRM_IOCTL_MODE_RMFB(r2, 0xc00464af, 0x0)
ioctl$DRM_IOCTL_SYNCOBJ_FD_TO_HANDLE_FD(0xffffffffffffffff, 0xc01864c2, 0x0) (async)
ioctl$DRM_IOCTL_SYNCOBJ_FD_TO_HANDLE_FD(0xffffffffffffffff, 0xc01864c2, 0x0)
r3 = openat$drirender128(0xffffffffffffff9c, 0x0, 0x800, 0x0)
r4 = syz_open_dev$dri(&(0x7f0000000000), 0x50dd, 0x20000)
r5 = syz_open_dev$dri(&(0x7f0000000040), 0x92f, 0x0)
ioctl$DRM_IOCTL_MODE_GETRESOURCES(r5, 0xc04064a0, &(0x7f0000000340)={0x0, 0x0, &(0x7f0000000240)=[<r6=>0x0], 0x0, 0x0, 0x0, 0x1})
ioctl$DRM_IOCTL_MODE_GETCONNECTOR(r4, 0xc05064a7, &(0x7f0000000380)={&(0x7f0000000080)=[0x0, 0x0], 0x0, 0x0, 0x0, 0x0, 0x0, 0x2, 0x0, r6}) (async)
ioctl$DRM_IOCTL_MODE_CREATE_DUMB(0xffffffffffffffff, 0xc02064b2, &(0x7f0000000a00)={0xfffffffa, 0x1, 0x7}) (async)
r7 = syz_open_dev$dri(&(0x7f0000000000), 0x50dd, 0x0)
ioctl$DRM_IOCTL_MODE_GETFB2(r7, 0xc06864ce, &(0x7f0000000400)={0x0, 0x7, 0x8, 0x7, 0x0, [], [0x3, 0x6, 0x8, 0xcf4], [0x1, 0x6, 0x400f, 0x3], [0xf, 0xe, 0xcd, 0x6]})
ioctl$DRM_IOCTL_PRIME_FD_TO_HANDLE(r3, 0xc00c642e, &(0x7f00000002c0)={0x0, 0x0, r3}) (async)
syz_open_dev$dri(&(0x7f0000000180), 0x0, 0x2241) (async)
r8 = syz_open_dev$dri(&(0x7f0000000000), 0xa, 0x1)
openat$drirender128(0xffffffffffffff9c, &(0x7f0000001a00), 0xac800, 0x0) (async)
ioctl$DRM_IOCTL_MODE_SETPROPERTY(r8, 0xc01064ab, &(0x7f0000000380)={0x4})
r9 = syz_open_dev$dri(&(0x7f0000000000), 0x3fffc0, 0x48003)
ioctl$DRM_IOCTL_MODE_CREATE_DUMB(r9, 0xc02064b2, &(0x7f0000000080)={0x8, 0x4, 0x10000}) (async)
r10 = syz_open_dev$dri(&(0x7f0000000000), 0x3fffc0, 0x48000)
ioctl$DRM_IOCTL_MODE_CREATE_DUMB(r10, 0xc02064b2, &(0x7f0000000040)={0x8, 0x8, 0x10000})

1.219828622s ago: executing program 1 (id=18668):
r0 = syz_open_dev$dri(&(0x7f0000000040), 0x650, 0x21e342)
ioctl$DRM_IOCTL_MODE_GET_LEASE(r0, 0xc01064c8, &(0x7f0000000180)={0x0, 0x0, &(0x7f0000000140)})
r1 = syz_open_dev$dri(&(0x7f0000000000), 0x1, 0x1a3602)
ioctl$DRM_IOCTL_MODE_GETRESOURCES(r1, 0xc04064a0, &(0x7f0000000240)={0x0, 0x0, 0x0, &(0x7f0000000200)=[<r2=>0x0], 0x0, 0x0, 0x0, 0x1})
ioctl$DRM_IOCTL_AGP_ACQUIRE(r0, 0x6430)
ioctl$DRM_IOCTL_MODE_GETENCODER(r1, 0xc01464a6, &(0x7f0000000600)={r2})
ioctl$DRM_IOCTL_SET_VERSION(0xffffffffffffffff, 0xc0106407, 0x0)
ioctl$DRM_IOCTL_SYNCOBJ_HANDLE_TO_FD_FD(r0, 0xc01864c1, &(0x7f00000000c0)={0x0, 0x0, <r3=>0xffffffffffffffff})
ioctl$DRM_IOCTL_SYNCOBJ_FD_TO_HANDLE_FD(r0, 0xc01864c2, &(0x7f0000000080)={0x0, 0x0, r3})
ioctl$DRM_IOCTL_SYNCOBJ_SIGNAL(0xffffffffffffffff, 0xc01064c5, 0x0)
ioctl$DRM_IOCTL_SYNCOBJ_HANDLE_TO_FD_SYNC_FILE(0xffffffffffffffff, 0xc01864c1, 0x0)

1.219173666s ago: executing program 2 (id=18669):
r0 = syz_open_dev$dri(&(0x7f0000000700), 0x2, 0x101800)
ioctl$DRM_IOCTL_MODE_CREATE_DUMB(r0, 0xc02064b2, &(0x7f0000000180)={0x400, 0x38, 0x967})
r1 = syz_open_dev$dri(&(0x7f0000000000), 0x2000000000000000, 0x0)
ioctl$DRM_IOCTL_MODE_CREATE_DUMB(r1, 0xc02064b2, &(0x7f0000000700)={0xf0d, 0x3cfe, 0x3})
ioctl$DRM_IOCTL_MODE_DESTROY_DUMB(r0, 0xc00464b4, &(0x7f0000000040))
r2 = syz_open_dev$dri(&(0x7f0000000000), 0xfffffffffffffffc, 0x40000)
r3 = syz_open_dev$dri(&(0x7f0000000000), 0xfffffffffffffffc, 0x0)
ioctl$DRM_IOCTL_MODE_GETRESOURCES(r3, 0xc04064a0, &(0x7f0000000340)={0x0, 0x0, &(0x7f0000000240)=[<r4=>0x0], 0x0, 0x0, 0x0, 0x1})
r5 = syz_open_dev$dri(&(0x7f00000001c0), 0xa8c, 0x0)
ioctl$DRM_IOCTL_PRIME_HANDLE_TO_FD(r5, 0xc00c642d, &(0x7f0000000400)={0x0, 0x80000, <r6=>0xffffffffffffffff})
r7 = openat$drirender128(0xffffffffffffff9c, &(0x7f0000000080), 0x2, 0x0)
ioctl$DRM_IOCTL_MODE_CREATE_LEASE(r7, 0xc01864c6, &(0x7f0000000540)={&(0x7f0000000500)=[0x0, 0x0, 0x0], 0x3, 0xc0000, 0x0, <r8=>0xffffffffffffffff})
ioctl$DRM_IOCTL_SYNCOBJ_FD_TO_HANDLE_SYNC_FILE(r3, 0xc01864c2, &(0x7f0000000580)={<r9=>0x0, 0x1, r8})
openat$drirender128(0xffffffffffffff9c, 0x0, 0x410000, 0x0)
r10 = syz_open_dev$dri(&(0x7f0000000000), 0x0, 0x141000)
ioctl$DRM_IOCTL_GET_CAP(r10, 0xc010640c, &(0x7f0000000080)={0x6})
ioctl$DRM_IOCTL_SYNCOBJ_HANDLE_TO_FD_FD(r6, 0xc01864c1, &(0x7f00000005c0)={r9})
ioctl$DRM_IOCTL_MODE_GETCONNECTOR(r2, 0xc05064a7, &(0x7f00000001c0)={0x0, 0x0, &(0x7f0000000180)=[<r11=>0x0, 0x0, 0x0, 0x0], &(0x7f0000000040)=[0x0, 0x0, 0x0], 0x0, 0x4, 0x0, 0x0, r4})
ioctl$DRM_IOCTL_MODE_OBJ_SETPROPERTY(r2, 0xc01864ba, &(0x7f0000000300)={0xfffffffffffffeff, r11, r4})
ioctl$DRM_IOCTL_MODE_CREATEPROPBLOB(0xffffffffffffffff, 0xc01064bd, &(0x7f0000000180)={0x0})
syz_open_dev$dri(&(0x7f00000000c0), 0x1, 0x101002)
r12 = openat$drirender128(0xffffffffffffff9c, &(0x7f0000000b80), 0x800, 0x0)
ioctl$DRM_IOCTL_AGP_ALLOC(r12, 0xc0206434, &(0x7f0000000240)={0xd, <r13=>0x0, 0x1})
ioctl$DRM_IOCTL_AGP_UNBIND(r12, 0x40106437, 0x0)
ioctl$DRM_IOCTL_AGP_UNBIND(0xffffffffffffffff, 0x40106437, &(0x7f0000000640)={r13})
ioctl$DRM_IOCTL_AGP_UNBIND(0xffffffffffffffff, 0x40106437, 0x0)
ioctl$DRM_IOCTL_AGP_BIND(r6, 0x40106436, &(0x7f0000000600)={0x0, 0x9})
r14 = syz_open_dev$dri(&(0x7f0000000000), 0x5, 0x0)
ioctl$DRM_IOCTL_MODE_GETPLANERESOURCES(r14, 0xc01064b5, &(0x7f0000000040)={0x0})
ioctl$DRM_IOCTL_SET_CLIENT_CAP(r2, 0x4010640d, 0x0)

1.118717229s ago: executing program 1 (id=18670):
r0 = syz_open_dev$dri(0xfffffffffffffffc, 0xdb5, 0x60100)
r1 = syz_open_dev$dri(&(0x7f0000000300), 0xfffffffffffffffa, 0x40800)
ioctl$DRM_IOCTL_MODE_CREATE_DUMB(r1, 0xc02064b2, &(0x7f0000000140)={0xf51, 0x3, 0x8}) (async)
r2 = syz_open_dev$dri(&(0x7f0000000000), 0x3fffc0, 0x2a500)
ioctl$DRM_IOCTL_MODE_CREATE_DUMB(r2, 0xc02064b2, &(0x7f0000000080)={0x8, 0x4, 0x10000, 0x0, <r3=>0x0})
ioctl$DRM_IOCTL_MODE_DESTROY_DUMB(r0, 0xc00464b4, &(0x7f00000000c0)={r3}) (async)
ioctl$DRM_IOCTL_MODE_DESTROY_DUMB(r2, 0xc00464b4, &(0x7f0000000780)={r3})

1.011107453s ago: executing program 1 (id=18672):
r0 = syz_open_dev$dri(&(0x7f0000000000), 0x3fffc0, 0x48000)
r1 = syz_open_dev$dri(&(0x7f00000000c0), 0x1ff, 0x8000)
ioctl$DRM_IOCTL_MODE_DESTROYPROPBLOB(r1, 0xc00464be, &(0x7f0000000e80))
ioctl$DRM_IOCTL_MODE_CREATE_DUMB(r0, 0xc02064b2, &(0x7f0000000080)={0x8, 0x4, 0x10000})
syz_open_dev$dri(&(0x7f0000000180), 0x0, 0x1)
ioctl$DRM_IOCTL_MODE_CREATE_LEASE(0xffffffffffffffff, 0xc01864c6, 0x0)
r2 = syz_open_dev$dri(&(0x7f0000000380), 0x3fffc0, 0x48000)
r3 = syz_open_dev$dri(&(0x7f0000000000), 0x3fffc0, 0x48000)
ioctl$DRM_IOCTL_MODE_CREATE_DUMB(r3, 0xc02064b2, &(0x7f0000000040)={0xa, 0x8, 0x10000})
ioctl$DRM_IOCTL_MODE_DESTROY_DUMB(r2, 0xc00464b4, &(0x7f0000000780))
r4 = syz_open_dev$dri(&(0x7f0000000000), 0x3fffc0, 0x20000)
ioctl$DRM_IOCTL_MODE_CREATE_LEASE(r4, 0xc01864c6, &(0x7f0000000440)={&(0x7f0000000400)=[0x0], 0x1, 0x80000})
ioctl$DRM_IOCTL_SYNCOBJ_SIGNAL(0xffffffffffffffff, 0xc01064c5, &(0x7f0000000500)={0x0})
ioctl$DRM_IOCTL_PRIME_HANDLE_TO_FD(0xffffffffffffffff, 0xc00c642d, 0x0)
r5 = syz_open_dev$dri(&(0x7f0000000000), 0x4, 0x371d80)
ioctl$DRM_IOCTL_SYNCOBJ_HANDLE_TO_FD_FD(0xffffffffffffffff, 0xc01864c1, 0x0)
ioctl$DRM_IOCTL_SYNCOBJ_FD_TO_HANDLE_FD(r5, 0xc01864c2, &(0x7f0000000200))
r6 = openat$drirender128(0xffffffffffffff9c, 0x0, 0x800, 0x0)
ioctl$DRM_IOCTL_MODE_DESTROY_DUMB(0xffffffffffffffff, 0xc00464b4, 0x0)
r7 = syz_open_dev$dri(0x0, 0x2b2c, 0x80002)
r8 = syz_open_dev$dri(&(0x7f0000000000), 0x50dd, 0x0)
ioctl$DRM_IOCTL_MODE_GETFB2(r8, 0xc06864ce, 0x0)
ioctl$DRM_IOCTL_PRIME_FD_TO_HANDLE(0xffffffffffffffff, 0xc00c642e, &(0x7f00000002c0)={<r9=>0x0, 0x0, r6})
ioctl$DRM_IOCTL_MODE_GETRESOURCES(r7, 0xc04064a0, &(0x7f0000000300)={&(0x7f0000000180)=[<r10=>0x0, 0x0], &(0x7f00000001c0)=[0x0], &(0x7f0000000240)=[0x0, 0x0], &(0x7f0000000280)=[0x0, 0x0, 0x0, 0x0, 0x0], 0x2, 0x1, 0x2, 0x5})
syz_open_dev$dri(&(0x7f0000000840), 0x2, 0x80900)
ioctl$DRM_IOCTL_MODE_ADDFB2(r8, 0xc06864b8, &(0x7f0000000380)={r10, 0x2, 0xb71, 0x3, 0x2, [0x0, 0x0, r9], [0x8, 0x4, 0x87, 0x11], [0x102, 0x5, 0x800, 0xb], [0x5, 0xd, 0x6, 0xfff]})
ioctl$DRM_IOCTL_WAIT_VBLANK(r8, 0xc018643a, &(0x7f0000000cc0)={0x10000000, 0x100ae1, 0x6})
ioctl$DRM_IOCTL_MODE_CREATE_LEASE(r5, 0xc01864c6, &(0x7f0000000080)={&(0x7f0000000540)=[0x0], 0x1, 0x0, 0x0, <r11=>0xffffffffffffffff})
ioctl$DRM_IOCTL_SYNCOBJ_FD_TO_HANDLE_FD(r8, 0xc01864c2, &(0x7f00000000c0)={0x0, 0x0, r11})
syz_open_dev$dri(&(0x7f0000000000), 0x0, 0x100)

1.010908357s ago: executing program 2 (id=18673):
ioctl$DRM_IOCTL_PRIME_HANDLE_TO_FD(0xffffffffffffffff, 0xc00c642d, &(0x7f00000000c0)={0x0, 0x80000, <r0=>0xffffffffffffffff})
ioctl$DRM_IOCTL_ADD_CTX(r0, 0xc0086420, &(0x7f0000000100))
r1 = syz_open_dev$dri(&(0x7f0000000000), 0x0, 0x141000)
ioctl$DRM_IOCTL_GET_CAP(r1, 0xc010640c, &(0x7f00000001c0)={0x5})
r2 = syz_open_dev$dri(&(0x7f0000000000), 0x0, 0x103000)
r3 = syz_open_dev$dri(&(0x7f0000000000), 0x1, 0x2000)
r4 = syz_open_dev$dri(&(0x7f0000000000), 0x1, 0x2000)
ioctl$DRM_IOCTL_MODE_GETRESOURCES(r4, 0xc04064a0, &(0x7f0000000340)={0x0, &(0x7f0000000280)=[<r5=>0x0], 0x0, 0x0, 0x0, 0x1})
ioctl$DRM_IOCTL_MODE_GETCRTC(r3, 0xc06864a1, &(0x7f0000000440)={0x0, 0x0, r5, <r6=>0x0})
ioctl$DRM_IOCTL_MODE_GETFB2(r3, 0xc06864ce, &(0x7f0000000040)={r6, 0x7, 0x6, 0xfffffffa, 0x3, [], [0x2, 0x9, 0xf, 0x8001], [0x8, 0x5, 0x80, 0x8], [0x9, 0x30, 0xfffffffffffffff9, 0x9db]})
ioctl$DRM_IOCTL_MODE_GETFB2(r3, 0xc06864ce, &(0x7f00000004c0)={r6, 0x204, 0x8, 0xfffffffc, 0x1, [0x0, 0x0, 0x0, <r7=>0x0], [0x8, 0x100, 0x61, 0xdd8d], [0xfffff84f, 0x0, 0x3, 0xc3], [0x5, 0x3a, 0x4, 0x6]})
r8 = syz_open_dev$dri(&(0x7f0000000180), 0x0, 0x1)
ioctl$DRM_IOCTL_MODE_ADDFB2(r8, 0xc06864b8, &(0x7f0000000200)={0x0, 0x5, 0x0, 0x2, 0x0, [0x0, r7], [0x5, 0x9, 0xd159a400, 0x85a], [0x5d, 0x7, 0x1, 0x5e], [0x100000000, 0x7, 0x7, 0x2]})
ioctl$DRM_IOCTL_MODE_SETPLANE(r2, 0xc03064b7, &(0x7f00000001c0)={0x0, 0x0, 0x0, 0x1, 0x6, 0x3, 0xffffff80, 0xd4, 0x4, 0x10, 0x9, 0x3})

856.762518ms ago: executing program 2 (id=18674):
r0 = syz_open_dev$dri(&(0x7f0000000700), 0x2, 0x101800)
syz_open_dev$dri(&(0x7f0000000000), 0xfffffffffffffffc, 0x10d000)
ioctl$DRM_IOCTL_MODE_CREATE_DUMB(r0, 0xc02064b2, &(0x7f0000000180)={0x400, 0x38, 0x967, 0x0, <r1=>0x0})
r2 = syz_open_dev$dri(&(0x7f0000000000), 0x2000000000000000, 0x0)
r3 = syz_open_dev$dri(&(0x7f0000000000), 0xfffffffffffffffc, 0x0)
ioctl$DRM_IOCTL_MODE_CREATEPROPBLOB(r3, 0xc01064bd, &(0x7f0000000180)={&(0x7f0000000080)="7c2772857a834be7ae4d44d445cf9005999d5e56438892322b2223a8aaaf9e9f14a4b2fd8f003c5fc63d45c1284d4415120f0f47da6951fb126bf521dc909d6e7ec264529cc196ac9ee1382d36f63eda11484bd7668d5ccf64cf963a2818cfc4fa70eac3ef17b361938f4e7f0057adae5fcf13357a6af880bf70e132cc8655cfc24841ec657da1d381584e00fe0891949c717f9fc004f503131ab7f85d821ba515686ef591c936b831c077a03a13cd7894151eef069b62a937663176b4a373018f", 0x2000000})
ioctl$DRM_IOCTL_MODE_CREATE_DUMB(r2, 0xc02064b2, &(0x7f0000000700)={0xf0d, 0x3cfe, 0x3})
ioctl$DRM_IOCTL_MODE_DESTROY_DUMB(r0, 0xc00464b4, &(0x7f0000000040)={r1})

733.089685ms ago: executing program 0 (id=18675):
r0 = syz_open_dev$dri(&(0x7f00000000c0), 0x3fffc0, 0x48000)
ioctl$DRM_IOCTL_MODE_CREATE_DUMB(r0, 0xc02064b2, &(0x7f0000000140)={0x80008, 0x5, 0x10000, 0x0, <r1=>0x0})
r2 = syz_open_dev$dri(&(0x7f0000000180), 0x0, 0x1)
ioctl$DRM_IOCTL_MODE_CREATE_LEASE(0xffffffffffffffff, 0xc01864c6, 0x0)
r3 = syz_open_dev$dri(&(0x7f0000000380), 0x3fffc0, 0x48000)
ioctl$DRM_IOCTL_MODE_CREATE_DUMB(r3, 0xc02064b2, &(0x7f0000000080)={0x8, 0x4, 0x10000, 0x0, <r4=>0x0})
r5 = syz_open_dev$dri(&(0x7f0000000000), 0x3fffc0, 0x48000)
ioctl$DRM_IOCTL_MODE_CREATE_DUMB(r5, 0xc02064b2, &(0x7f0000000040)={0xa, 0x8, 0x10000})
r6 = openat$drirender128(0xffffffffffffff9c, &(0x7f0000000100), 0x141000, 0x0)
ioctl$DRM_IOCTL_GET_MAP(r6, 0xc0286404, &(0x7f00000001c0)={&(0x7f0000ff9000/0x4000)=nil})
r7 = syz_open_dev$dri(&(0x7f0000000080), 0x0, 0x20000)
ioctl$DRM_IOCTL_MODE_CREATEPROPBLOB(r7, 0xc01064bd, &(0x7f00000002c0)={&(0x7f00000001c0)="f33157eaee8b09", 0x7})
ioctl$DRM_IOCTL_MODE_DESTROY_DUMB(r3, 0xc00464b4, &(0x7f0000000780)={r4})
r8 = syz_open_dev$dri(&(0x7f0000000000), 0x3fffc0, 0x2a500)
ioctl$DRM_IOCTL_MODE_CREATE_DUMB(r8, 0xc02064b2, &(0x7f0000000380)={0x1, 0x1, 0x7, 0x0, <r9=>0x0})
ioctl$DRM_IOCTL_INFO_BUFS(r8, 0xc0106418, &(0x7f0000000200)={0x5, 0x80000001, 0x75, 0x2, 0x14, 0x4})
ioctl$DRM_IOCTL_MODE_DESTROY_DUMB(r8, 0xc00464d2, &(0x7f0000000040)={r9})
ioctl$DRM_IOCTL_MODE_CREATE_DUMB(r2, 0xc02064b2, 0x0)
ioctl$DRM_IOCTL_MODE_DESTROY_DUMB(r0, 0xc00464b4, &(0x7f0000000780)={r1})

636.703546ms ago: executing program 3 (id=18676):
r0 = syz_open_dev$dri(&(0x7f0000000000), 0x2, 0x2000) (async)
r1 = syz_open_dev$dri(&(0x7f0000000080), 0x0, 0x20000)
ioctl$DRM_IOCTL_MODE_CREATEPROPBLOB(r1, 0xc01064bd, 0x0) (async)
ioctl$DRM_IOCTL_SYNCOBJ_FD_TO_HANDLE_SYNC_FILE(0xffffffffffffffff, 0xc01864c2, 0x0) (async)
ioctl$DRM_IOCTL_MODESET_CTL(r0, 0x40086408, &(0x7f0000000040)={0x1, 0xa8f})
r2 = syz_open_dev$dri(&(0x7f0000000000), 0x3fffc0, 0x2a500)
ioctl$DRM_IOCTL_MODE_CREATE_DUMB(r2, 0x401c5820, &(0x7f0000000380)={0xc6, 0xc0, 0x4})
ioctl$DRM_IOCTL_SYNCOBJ_QUERY(0xffffffffffffffff, 0xc01864cb, &(0x7f00000005c0)={0x0, &(0x7f0000000580)=[0x8], 0x0, 0x1}) (async)
ioctl$DRM_IOCTL_MODE_SETCRTC(r2, 0xc06864a2, &(0x7f0000000280)={0x0, 0x0, 0x0, 0x0, 0x4a4989a3, 0xd1, 0x0, 0xbf3, {0xc, 0x100, 0x5, 0x2, 0x6, 0x8, 0xb, 0x8000, 0x24b, 0x4, 0xf5d, 0x4, 0xfffffbff, 0x270a, "95f015bf35769fce4b1be7df8a016271f24a0294d0d9ca5d13f8315c68552def"}})
r3 = syz_open_dev$dri(&(0x7f0000000000), 0x3fffc0, 0x48000)
ioctl$DRM_IOCTL_MODE_CREATE_DUMB(r3, 0xc02064b2, 0x0)
ioctl$DRM_IOCTL_MODE_CREATE_DUMB(r3, 0xc02064b2, &(0x7f00000001c0)={0x1, 0x1, 0x7})
r4 = syz_open_dev$dri(&(0x7f0000000000), 0x3fffc0, 0x48000)
ioctl$DRM_IOCTL_MODE_CREATE_DUMB(r4, 0xc02064b2, &(0x7f0000000080)={0x8, 0x4, 0x10000}) (async)
ioctl$DRM_IOCTL_MODE_CREATE_DUMB(r4, 0xc02064b2, &(0x7f00000001c0)={0x1, 0x1, 0x7})

636.272376ms ago: executing program 0 (id=18677):
r0 = syz_open_dev$dri(&(0x7f0000000040), 0x7fff, 0x4100)
ioctl$DRM_IOCTL_MODE_CURSOR(r0, 0xc01c64a3, &(0x7f0000000240)={0x0, 0x0, 0x8, 0x480000, 0x9, 0x7, 0x5})

517.681809ms ago: executing program 3 (id=18678):
r0 = openat$drirender128(0xffffffffffffff9c, &(0x7f00000000c0), 0x0, 0x0)
ioctl$DRM_IOCTL_SYNCOBJ_FD_TO_HANDLE_FD(r0, 0xc01864c2, &(0x7f0000000100)={<r1=>0x0})
ioctl$DRM_IOCTL_SYNCOBJ_SIGNAL(r0, 0xc01064c5, &(0x7f0000000500)={&(0x7f00000004c0)=[0x0, r1, 0x0, 0x0], 0x4})
ioctl$DRM_IOCTL_SYNCOBJ_FD_TO_HANDLE_FD(0xffffffffffffffff, 0xc01864c2, &(0x7f0000000140))
ioctl$DRM_IOCTL_SYNCOBJ_FD_TO_HANDLE_FD(0xffffffffffffffff, 0xc01864c2, &(0x7f0000000200))
r2 = openat$drirender128(0xffffffffffffff9c, &(0x7f0000000b80), 0x800, 0x0)
r3 = syz_open_dev$dri(&(0x7f0000000280), 0xad72, 0x80002)
syz_open_dev$dri(0xfffffffffffffffc, 0xdb5, 0x60100)
r4 = syz_open_dev$dri(0x0, 0xfaa, 0x800)
ioctl$DRM_IOCTL_SET_VERSION(r4, 0xc0106407, 0x0)
r5 = syz_open_dev$dri(&(0x7f0000000340), 0xfaa, 0x800)
ioctl$DRM_IOCTL_GET_CAP(r5, 0xc010640c, &(0x7f00000000c0)={0x13})
r6 = syz_open_dev$dri(&(0x7f0000000300), 0xfffffffffffffffa, 0x40800)
ioctl$DRM_IOCTL_MODE_CREATE_DUMB(r6, 0xc02064b2, &(0x7f0000000140)={0xf51, 0x3, 0x8, 0x0, <r7=>0x0})
r8 = syz_open_dev$dri(&(0x7f0000000000), 0x3fffc0, 0x2a500)
ioctl$DRM_IOCTL_MODE_CREATE_DUMB(r8, 0xc02064b2, &(0x7f0000000080)={0x8, 0x4, 0x5, 0x0, <r9=>0x0})
ioctl$DRM_IOCTL_MODE_DESTROY_DUMB(r6, 0xc00464b4, &(0x7f0000000100)={r7})
ioctl$DRM_IOCTL_MODE_CREATE_DUMB(r8, 0xc02064b2, &(0x7f0000000380)={0x1, 0x1, 0x7})
ioctl$DRM_IOCTL_MODE_DESTROY_DUMB(r8, 0xc00464b4, &(0x7f0000000780)={r9})
ioctl$DRM_IOCTL_MODE_CREATE_DUMB(r3, 0xc02064b2, &(0x7f0000000a00)={0xfffffffa, 0x1, 0x7})
r10 = syz_open_dev$dri(&(0x7f0000000240), 0x7ffe, 0x10000)
ioctl$DRM_IOCTL_MODE_GETFB2(r10, 0xc06864ce, &(0x7f0000000400)={0x0, 0x7, 0x8, 0x7, 0x0, [], [0x3, 0x3, 0x8, 0xcf4], [0x21, 0x6, 0x400f, 0x3], [0xf, 0xe, 0xcd, 0x6]})
ioctl$DRM_IOCTL_PRIME_FD_TO_HANDLE(r2, 0xc00c642e, &(0x7f00000002c0)={0x0, 0x0, r2})
syz_open_dev$dri(&(0x7f0000000180), 0x10001, 0x250a83)
r11 = syz_open_dev$dri(&(0x7f0000000000), 0x3fffc0, 0x48000)
ioctl$DRM_IOCTL_MODE_CREATE_DUMB(r11, 0xc02064b2, &(0x7f0000000080)={0x8, 0x4, 0x10000})
r12 = syz_open_dev$dri(&(0x7f0000000000), 0x3fffc0, 0x48000)
ioctl$DRM_IOCTL_MODE_CREATE_DUMB(r12, 0xc02064b2, &(0x7f0000000040)={0x8, 0x8, 0x10000})
ioctl$DRM_IOCTL_MODE_CREATE_DUMB(r12, 0xc02064b2, 0x0)
syz_open_dev$dri(&(0x7f00000001c0), 0x100000000000, 0x6d2402)

516.951945ms ago: executing program 0 (id=18679):
r0 = syz_open_dev$dri(&(0x7f0000000180), 0x8, 0x12180)
r1 = syz_open_dev$dri(&(0x7f0000000000), 0x50dd, 0x0)
openat$drirender128(0xffffffffffffff9c, 0x0, 0x20002, 0x0)
ioctl$DRM_IOCTL_WAIT_VBLANK(r1, 0xc018643a, &(0x7f0000000cc0)={0x8000000, 0x100ae1, 0x800000000000006})
ioctl$DRM_IOCTL_SYNCOBJ_FD_TO_HANDLE_SYNC_FILE(r0, 0xc01864c2, 0x0)
r2 = syz_open_dev$dri(&(0x7f0000000000), 0x2, 0x2000)
r3 = syz_open_dev$dri(&(0x7f0000000000), 0x1, 0x2000)
ioctl$DRM_IOCTL_MODE_GETGAMMA(r3, 0xc02064a4, 0x0)
ioctl$DRM_IOCTL_MODE_PAGE_FLIP(r3, 0xc01864b0, &(0x7f0000000540)={0x0, 0x0, 0xe, 0x23, 0x3})
ioctl$DRM_IOCTL_MODE_GETRESOURCES(r0, 0xc04064a0, &(0x7f0000000140)={&(0x7f0000000040)=[0x0, 0x0, 0x0, 0x0, 0x0, 0x0, <r4=>0x0, 0x0, 0x0], &(0x7f0000000080)=[0x0, 0x0], &(0x7f00000000c0)=[0x0], &(0x7f0000000100)=[0x0, 0x0, 0x0, 0x0, 0x0], 0x9, 0x2, 0x1, 0x5})
ioctl$DRM_IOCTL_MODE_RMFB(r2, 0xc00464af, &(0x7f0000000180)=r4)
r5 = syz_open_dev$dri(&(0x7f0000000000), 0xfffffffffffffffc, 0x40000)
r6 = syz_open_dev$dri(&(0x7f0000000000), 0xfffffffffffffffc, 0x0)
ioctl$DRM_IOCTL_MODE_GETRESOURCES(r6, 0xc04064a0, &(0x7f0000000340)={0x0, 0x0, &(0x7f0000000240)=[<r7=>0x0], 0x0, 0x0, 0x0, 0x1})
ioctl$DRM_IOCTL_MODE_GETCONNECTOR(r5, 0xc05064a7, &(0x7f00000001c0)={0x0, 0x0, &(0x7f0000000180)=[<r8=>0x0], &(0x7f00000002c0), 0x0, 0x1, 0x0, 0x0, r7})
ioctl$DRM_IOCTL_MODE_GETPROPERTY(r6, 0xc04064aa, &(0x7f0000000280)={&(0x7f0000000040)=[0x0], &(0x7f00000000c0)=[{}], r8, 0x0, '\x00', 0x1, 0x1})
r9 = syz_open_dev$dri(&(0x7f0000000000), 0x660, 0x62002)
ioctl$DRM_IOCTL_GET_CAP(r9, 0xc010640c, &(0x7f0000000040)={0x12})
ioctl$DRM_IOCTL_MODE_GETPROPERTY(r0, 0xc04064aa, &(0x7f00000002c0)={&(0x7f0000000200)=[0x0, 0x0, 0x0, 0x0], &(0x7f0000000240)=[{}, {}], r8, 0x0, '\x00', 0x4, 0x2})
syz_open_dev$dri(&(0x7f00000001c0), 0xa8c, 0x400800)

397.577425ms ago: executing program 3 (id=18680):
r0 = syz_open_dev$dri(&(0x7f0000000000), 0x1, 0x2000)
r1 = syz_open_dev$dri(&(0x7f0000000000), 0x1, 0x2000)
ioctl$DRM_IOCTL_MODE_GETRESOURCES(r1, 0xc04064a0, &(0x7f0000000340)={0x0, &(0x7f0000000280)=[<r2=>0x0], 0x0, 0x0, 0x0, 0x1})
ioctl$DRM_IOCTL_MODE_GETCRTC(r0, 0xc06864a1, &(0x7f0000000440)={0x0, 0x0, r2, <r3=>0x0})
ioctl$DRM_IOCTL_MODE_GETFB2(r0, 0xc06864ce, &(0x7f0000000040)={r3, 0x7, 0x6, 0xfffffffa, 0x3, [<r4=>0x0], [0x2, 0x9, 0xf, 0x8001], [0x8, 0x5, 0x80, 0x8], [0x9, 0x30, 0xfffffffffffffff9, 0x9db]})
ioctl$DRM_IOCTL_PRIME_HANDLE_TO_FD(r0, 0xc00c642d, &(0x7f0000000080)={r4, 0x80000, <r5=>0xffffffffffffffff})
ioctl$DRM_IOCTL_MODE_MAP_DUMB(r5, 0xc01064b3, 0x0) (fail_nth: 2)

396.19826ms ago: executing program 2 (id=18681):
r0 = syz_open_dev$dri(&(0x7f0000000000), 0xfffffffffffffffc, 0x10d000)
r1 = syz_open_dev$dri(&(0x7f0000000000), 0xfffffffffffffffc, 0x2)
ioctl$DRM_IOCTL_MODE_CREATE_DUMB(r1, 0xc02064b2, &(0x7f0000000040)={0x10001, 0x5, 0x9, 0x0, <r2=>0x0})
ioctl$DRM_IOCTL_MODE_MAP_DUMB(r1, 0xc01064b3, &(0x7f0000000200)={r2})
ioctl$DRM_IOCTL_MODE_CREATEPROPBLOB(r1, 0xc01064bd, &(0x7f0000000180)={&(0x7f0000000080)="7c2772857a834be7ae4d44d445cf9005999d5e56438892322b2223a8aaaf9e9f14a4b2fd8f003c5fc63d45c1284d4415120f0f47da6951fb126bf521dc909d6e7ec264529cc196ac9ee1382d36f63eda11484bd7668d5ccf64cf963a2818cfc4fa70eac3ef17b361938f4e7f0057adae5fcf13357a6af880bf70e132cc8655cfc24841ec657da1d381584e00fe0891949c717f9fc004f503131ab7f85d821ba515686ef591c936b831c077a03a13cd7894151eef069b62a937663176b4a373018f", 0x2000000})
r3 = syz_open_dev$dri(&(0x7f0000000000), 0xfffffffffffffffc, 0x0)
ioctl$DRM_IOCTL_MODE_LIST_LESSEES(0xffffffffffffffff, 0xc01064c7, 0x0)
ioctl$DRM_IOCTL_MODE_CREATEPROPBLOB(r3, 0xc01064bd, &(0x7f0000000180)={&(0x7f0000000080)="7c2772857a834be7ae4d44d445cf9005999d5e56438892322b2223a8aaaf9e9f14a4b2fd8f003c5fc63d45c1284d4415120f0f47da6951fb126bf521dc909d6e7ec264529cc196ac9ee1382d36f63eda11484bd7668d5ccf64cf963a2818cfc4fa70eac3ef17b361938f4e7f0057adae5fcf13357a6af880bf70e132cc8655cfc24841ec657da1d381584e00fe0891949c717f9fc004f503131ab7f85d821ba515686ef591c936b831c077a03a13cd7894151eef069b62a937663176b4a373018f", 0x2000000})
r4 = syz_open_dev$dri(0xfffffffffffffffe, 0xf2b, 0x21ab43)
syz_open_dev$dri(&(0x7f0000000080), 0x0, 0x20000)
ioctl$DRM_IOCTL_GEM_OPEN(r3, 0xc010640b, 0x0)
ioctl$DRM_IOCTL_PRIME_FD_TO_HANDLE(r0, 0xc00c642e, &(0x7f00000001c0)={<r5=>0x0, 0x0, r1})
ioctl$DRM_IOCTL_GEM_CLOSE(r0, 0x40086409, &(0x7f0000000240)={r5})
syz_open_dev$dri(&(0x7f0000000d40), 0x3, 0x434480)
r6 = syz_open_dev$dri(&(0x7f0000000000), 0xfffffffffffffffc, 0x0)
ioctl$DRM_IOCTL_MODE_CREATEPROPBLOB(r6, 0xc01064bd, &(0x7f0000000180)={&(0x7f0000000080)="7c2772857a834be7ae4d44d445cf9005999d5e56438892322b2223a8aaaf9e9f14a4b2fd8f003c5fc63d45c1284d4415120f0f47da6951fb126bf521dc909d6e7ec264529cc196ac9ee1382d36f63eda11484bd7668d5ccf64cf963a2818cfc4fa70eac3ef17b361938f4e7f0057adae5fcf13357a6af880bf70e132cc8655cfc24841ec657da1d381584e00fe0891949c717f9fc004f503131ab7f85d821ba515686ef591c936b831c077a03a13cd7894151eef069b62a937663176b4a373018f", 0x2000000})
ioctl$DRM_IOCTL_GEM_CLOSE(r4, 0x40086409, 0x0)
ioctl$DRM_IOCTL_MODE_CREATE_LEASE(0xffffffffffffffff, 0xc01864c6, 0x0)
openat$drirender128(0xffffffffffffff9c, &(0x7f0000000080), 0x2acc0, 0x0)
r7 = syz_open_dev$dri(&(0x7f0000000000), 0xfffffffffffffffc, 0x0)
ioctl$DRM_IOCTL_MODE_CREATEPROPBLOB(r7, 0xc01064bd, &(0x7f0000000180)={&(0x7f0000000080)="7c2772857a834be7ae4d44d445cf9005999d5e56438892322b2223a8aaaf9e9f14a4b2fd8f003c5fc63d45c1284d4415120f0f47da6951fb126bf521dc909d6e7ec264529cc196ac9ee1382d36f63eda11484bd7668d5ccf64cf963a2818cfc4fa70eac3ef17b361938f4e7f0057adae5fcf13357a6af880bf70e132cc8655cfc24841ec657da1d381584e00fe0891949c717f9fc004f503131ab7f85d821ba515686ef591c936b831c077a03a13cd7894151eef069b62a937663176b4a373018f", 0x2000000})
ioctl$DRM_IOCTL_SET_CLIENT_CAP(r7, 0x4010640d, &(0x7f00000002c0))

312.119951ms ago: executing program 0 (id=18682):
ioctl$DRM_IOCTL_SYNCOBJ_SIGNAL(0xffffffffffffffff, 0xc01064c5, &(0x7f0000000500)={0x0}) (async)
ioctl$DRM_IOCTL_PRIME_HANDLE_TO_FD(0xffffffffffffffff, 0xc00c642d, 0x0)
r0 = syz_open_dev$dri(&(0x7f0000000000), 0x4, 0x371d80)
ioctl$DRM_IOCTL_SYNCOBJ_HANDLE_TO_FD_FD(0xffffffffffffffff, 0xc01864c1, 0x0) (async)
ioctl$DRM_IOCTL_SYNCOBJ_FD_TO_HANDLE_FD(r0, 0xc01864c2, &(0x7f0000000200)) (async)
r1 = openat$drirender128(0xffffffffffffff9c, 0x0, 0x800, 0x0) (async)
ioctl$DRM_IOCTL_MODE_DESTROY_DUMB(0xffffffffffffffff, 0xc00464b4, 0x0) (async)
r2 = syz_open_dev$dri(0x0, 0x2b2c, 0x80002) (async)
r3 = syz_open_dev$dri(&(0x7f0000000000), 0x50dd, 0x0)
ioctl$DRM_IOCTL_MODE_GETFB2(r3, 0xc06864ce, 0x0) (async)
ioctl$DRM_IOCTL_PRIME_FD_TO_HANDLE(0xffffffffffffffff, 0xc00c642e, &(0x7f00000002c0)={<r4=>0x0, 0x0, r1}) (async)
ioctl$DRM_IOCTL_MODE_GETRESOURCES(r2, 0xc04064a0, &(0x7f0000000300)={&(0x7f0000000180)=[<r5=>0x0, 0x0], &(0x7f00000001c0)=[0x0], &(0x7f0000000240)=[0x0, 0x0], &(0x7f0000000280)=[0x0, 0x0, 0x0, 0x0, 0x0], 0x2, 0x1, 0x2, 0x5})
syz_open_dev$dri(&(0x7f0000000840), 0x2, 0x80900) (async)
ioctl$DRM_IOCTL_MODE_ADDFB2(r3, 0xc06864b8, &(0x7f0000000380)={r5, 0x2, 0xb71, 0x3, 0x2, [0x0, 0x0, r4], [0x8, 0x4, 0x87, 0x11], [0x102, 0x5, 0x800, 0xb], [0x5, 0xd, 0x6, 0xfff]}) (async)
ioctl$DRM_IOCTL_WAIT_VBLANK(r3, 0xc018643a, &(0x7f0000000cc0)={0x10000000, 0x100ae1, 0x6}) (async)
ioctl$DRM_IOCTL_MODE_CREATE_LEASE(r0, 0xc01864c6, &(0x7f0000000080)={&(0x7f0000000540)=[0x0], 0x1, 0x0, 0x0, <r6=>0xffffffffffffffff})
ioctl$DRM_IOCTL_SYNCOBJ_FD_TO_HANDLE_FD(r3, 0xc01864c2, &(0x7f00000000c0)={0x0, 0x0, r6}) (async)
r7 = syz_open_dev$dri(&(0x7f0000000000), 0xfffffffffffffffc, 0x0)
ioctl$DRM_IOCTL_MODE_GETRESOURCES(r7, 0xc04064a0, &(0x7f0000000340)={0x0, 0x0, &(0x7f0000000240)=[<r8=>0x0], 0x0, 0x0, 0x0, 0x1})
r9 = syz_open_dev$dri(&(0x7f0000000000), 0x1, 0x800)
ioctl$DRM_IOCTL_MODE_OBJ_GETPROPERTIES(r9, 0xc02064b9, &(0x7f0000000100)={0x0, 0x0, 0x0, r8, 0xb0b0b0b0}) (async)
r10 = syz_open_dev$dri(&(0x7f0000000000), 0x0, 0xa0000)
ioctl$DRM_IOCTL_MODE_CREATE_DUMB(r10, 0xc02064b2, 0x0)
ioctl$DRM_IOCTL_SET_MASTER(r10, 0x641e)
ioctl$DRM_IOCTL_GET_MAGIC(r10, 0x80046402, &(0x7f0000000100))
r11 = syz_open_dev$dri(&(0x7f0000000000), 0xfffffffffffffffc, 0x40000)
ioctl$DRM_IOCTL_MODE_CREATE_LEASE(r11, 0xc01864c6, &(0x7f00000000c0)={0x0, 0x0, 0x0, 0x0, <r12=>0xffffffffffffffff})
ioctl$DRM_IOCTL_MODE_SETCRTC(r12, 0xc06864a2, &(0x7f0000000400)={0x0, 0x0, 0x0, 0x0, 0x9, 0x7, 0x82db, 0x6, {0x4, 0x1, 0xc, 0x3, 0x8, 0x1, 0x7fff, 0x36, 0xfff8, 0xefe, 0xd8, 0xfffffffd, 0x6, 0x9, "86a9d654c459a12d4a40ec9beb6e35ea5aa73b1e2a1c2d2fde3b02067f858e0f"}}) (async)
ioctl$DRM_IOCTL_SYNCOBJ_FD_TO_HANDLE_SYNC_FILE(r3, 0xc01864c2, &(0x7f0000000140)={0x0, 0x1, r12})
ioctl$DRM_IOCTL_PRIME_HANDLE_TO_FD(r1, 0xc00c642d, &(0x7f0000000340)={r4, 0x80000})

177.738944ms ago: executing program 0 (id=18683):
r0 = syz_open_dev$dri(&(0x7f00000000c0), 0x1ff, 0x8000)
ioctl$DRM_IOCTL_MODE_DESTROYPROPBLOB(r0, 0xc00464be, &(0x7f0000000e80)) (async)
ioctl$DRM_IOCTL_MODE_GETCRTC(0xffffffffffffffff, 0xc06864a1, &(0x7f0000000100)={&(0x7f0000000040)=[0x0, 0x0, 0x0, 0x0], 0x4}) (async)
r1 = syz_open_dev$dri(&(0x7f0000000000), 0xf98a, 0x0)
r2 = syz_open_dev$dri(&(0x7f0000000b80), 0xa, 0x40800)
r3 = syz_open_dev$dri(&(0x7f0000000000), 0xfffffffffffffffc, 0x0)
ioctl$DRM_IOCTL_MODE_GETRESOURCES(r3, 0xc04064a0, &(0x7f0000000340)={0x0, 0x0, &(0x7f0000000240)=[<r4=>0x0], 0x0, 0x0, 0x0, 0x1})
ioctl$DRM_IOCTL_MODE_GETCONNECTOR(r2, 0xc05064a7, &(0x7f00000001c0)={0x0, 0x0, &(0x7f0000000180)=[<r5=>0x0], &(0x7f0000000040), 0x0, 0x1, 0x0, 0x0, r4})
ioctl$DRM_IOCTL_MODE_GETPROPERTY(r1, 0xc04064aa, &(0x7f00000001c0)={0x0, 0x0, r5, 0x0, '\x00', 0x300}) (async)
ioctl$DRM_IOCTL_MODE_OBJ_GETPROPERTIES(0xffffffffffffffff, 0xc02064b9, &(0x7f0000000280)={&(0x7f00000001c0)=[0x0, 0x0, 0x0, 0x0, 0x0], &(0x7f0000000200)=[0x0, 0x0, 0x0, 0x0, 0x0, 0x0, 0x0, 0x0, 0x0], 0x5, 0x0, 0xdededede})
ioctl$DRM_IOCTL_MODE_GETCONNECTOR(0xffffffffffffffff, 0xc05064a7, &(0x7f0000000400)={&(0x7f00000002c0)=[0x0, 0x0, 0x0, 0x0, 0x0, 0x0, 0x0], &(0x7f0000000300)=[{}], &(0x7f0000000380)=[0x0, 0x0, 0x0], &(0x7f00000005c0)=[0x0, 0x0, 0x0, 0x0, 0x0, 0x0], 0x1, 0x3, 0x7}) (async)
r6 = syz_open_dev$dri(&(0x7f0000000380), 0xfaa, 0x800) (async)
r7 = syz_open_dev$dri(&(0x7f0000000000), 0x0, 0x141000)
ioctl$DRM_IOCTL_VERSION(r7, 0xc0406400, &(0x7f0000000040)={0x1, 0x3, 0x7, 0x0, 0x0, 0x0, 0x0, 0x17, 0x0}) (async)
ioctl$DRM_IOCTL_SET_VERSION(r6, 0xc0106407, &(0x7f0000000100)={0x1, 0x2, 0x5, 0x8}) (async)
r8 = syz_open_dev$dri(&(0x7f0000000000), 0xa, 0x1)
ioctl$DRM_IOCTL_GET_UNIQUE(r8, 0xc0106401, &(0x7f0000000340)={0xfffffffffffffe09, 0x0}) (async)
ioctl$DRM_IOCTL_MODE_GETCONNECTOR(r8, 0xc05064a7, &(0x7f0000000540)={&(0x7f0000000480)=[0x0, 0x0, 0x0, 0x0, 0x0], &(0x7f0000000c80)=[{}, {}], &(0x7f00000005c0), &(0x7f00000004c0)=[0x0, 0x0, 0x0, 0x0, 0x0, 0x0, 0x0, 0x0, 0x0, 0x0], 0x2, 0x400000000000027e, 0x5, 0x0, r4})
ioctl$DRM_IOCTL_MODE_GETCONNECTOR(0xffffffffffffffff, 0xc05064a7, &(0x7f00000007c0)={&(0x7f0000000680)=[0x0, 0x0, 0x0, 0x0, 0x0], &(0x7f00000006c0)=[{}], &(0x7f0000000740)=[0x0, 0x0, 0x0, 0x0], &(0x7f0000000780)=[0x0, 0x0, 0x0, 0x0, 0x0, 0x0, 0x0], 0x1, 0x4, 0x5}) (async)
r9 = syz_open_dev$dri(&(0x7f0000000000), 0x660, 0x62002)
ioctl$DRM_IOCTL_MODE_OBJ_GETPROPERTIES(r9, 0xc02064b9, &(0x7f0000000a80)={0x0, 0x0, 0x0, 0x0, 0xcccccccc}) (async)
ioctl$DRM_IOCTL_MODE_OBJ_GETPROPERTIES(0xffffffffffffffff, 0xc02064b9, &(0x7f00000008c0)={&(0x7f0000000840)=[0x0, 0x0], &(0x7f0000000880)=[0x0, 0x0, 0x0, 0x0, 0x0], 0x2, 0x0, 0xdededede}) (async)
ioctl$DRM_IOCTL_MODE_OBJ_GETPROPERTIES(0xffffffffffffffff, 0xc02064b9, &(0x7f0000000980)={&(0x7f0000000900)=[0x0, 0x0, 0x0], &(0x7f0000000940)=[0x0, 0x0, 0x0], 0x3, 0x0, 0xbbbbbbbb}) (async)
ioctl$DRM_IOCTL_MODE_GETCONNECTOR(0xffffffffffffffff, 0xc05064a7, &(0x7f0000000b00)={&(0x7f00000009c0)=[0x0, 0x0, 0x0, 0x0, 0x0, 0x0], &(0x7f0000000a00)=[{}], &(0x7f0000000a80)=[0x0, 0x0, 0x0, 0x0, 0x0, 0x0], &(0x7f0000000ac0)=[0x0, 0x0, 0x0, 0x0, 0x0, 0x0, 0x0], 0x1, 0x6, 0x6}) (async)
r10 = syz_open_dev$dri(&(0x7f0000000000), 0x3fffc0, 0x48000)
r11 = syz_open_dev$dri(&(0x7f00000000c0), 0x1ff, 0x8000)
ioctl$DRM_IOCTL_MODE_DESTROYPROPBLOB(r11, 0xc00464be, &(0x7f0000000e80)) (async)
ioctl$DRM_IOCTL_MODE_CREATE_DUMB(r10, 0xc02064b2, &(0x7f0000000080)={0x8, 0x4, 0x10000}) (async)
syz_open_dev$dri(&(0x7f0000000180), 0x0, 0x1) (async)
ioctl$DRM_IOCTL_MODE_CREATE_LEASE(0xffffffffffffffff, 0xc01864c6, 0x0)

2.346045ms ago: executing program 1 (id=18684):
r0 = syz_open_dev$dri(&(0x7f0000000000), 0x1, 0x2000)
r1 = syz_open_dev$dri(&(0x7f0000000300), 0xfffffffffffffffa, 0x40800)
r2 = syz_open_dev$dri(&(0x7f0000000000), 0x3fffc0, 0x48000)
ioctl$DRM_IOCTL_MODE_CREATE_DUMB(r2, 0xc02064b2, &(0x7f00000001c0)={0x6, 0x0, 0x7})
ioctl$DRM_IOCTL_MODE_MAP_DUMB(r1, 0xc01064b3, &(0x7f0000000100))
syz_open_dev$dri(&(0x7f0000000000), 0xfffffffffffffffc, 0x10d000)
r3 = syz_open_dev$dri(&(0x7f0000000000), 0x0, 0x141000)
ioctl$DRM_IOCTL_MODE_SETCRTC(r3, 0xc06864a2, &(0x7f0000000ac0)={0x0, 0x0, 0x0, 0x0, 0xf, 0x0, 0x5, 0x556f, {0xffff36b0, 0x3, 0xb4, 0x400, 0x9, 0x4, 0x0, 0x100, 0xab50, 0xa9, 0x9, 0x5, 0x0, 0x9, "f23eeb780d9e5ad71a7cc9ad72a5e28931bc59ef9964b4e43997223619ae3db4"}})
r4 = syz_open_dev$dri(&(0x7f0000000000), 0xf98a, 0x0)
r5 = syz_open_dev$dri(&(0x7f0000000000), 0xfffffffffffffffc, 0x40000)
r6 = syz_open_dev$dri(&(0x7f0000000000), 0xfffffffffffffffc, 0x0)
ioctl$DRM_IOCTL_MODE_GETRESOURCES(r6, 0xc04064a0, &(0x7f0000000340)={0x0, 0x0, &(0x7f0000000240)=[<r7=>0x0], 0x0, 0x0, 0x0, 0x1})
r8 = syz_open_dev$dri(&(0x7f0000000000), 0x660, 0x62002)
ioctl$DRM_IOCTL_MODE_OBJ_GETPROPERTIES(r8, 0xc02064b9, &(0x7f0000000a80)={0x0, 0x0, 0x0, 0x0, 0xcccccccc})
ioctl$DRM_IOCTL_MODE_GETCONNECTOR(r5, 0xc05064a7, &(0x7f00000001c0)={0x0, 0x0, &(0x7f0000000180)=[<r9=>0x0], &(0x7f0000000040), 0x0, 0x1, 0x0, 0x0, r7})
ioctl$DRM_IOCTL_MODE_GETPROPERTY(r4, 0xc04064aa, &(0x7f00000001c0)={0x0, 0x0, r9})
ioctl$DRM_IOCTL_MODE_GETCONNECTOR(r8, 0xc05064a7, &(0x7f0000000440)={&(0x7f0000000040)=[0x0, 0x0, 0x0, 0x0, 0x0, 0x0], &(0x7f0000000380)=[{}, {}], &(0x7f0000000140)=[0x0, 0x0, 0x0, 0x0, 0x0, 0x0, 0x0, 0x0], &(0x7f0000000280)=[0x0, 0x0, 0x0, 0x0, 0x0, 0x0, 0x0, 0x0], 0x2, 0x8, 0x6, 0x0, r7})
ioctl$DRM_IOCTL_GET_CAP(r0, 0xc010640c, &(0x7f0000000200)={0x4})
r10 = syz_open_dev$dri(&(0x7f0000000000), 0xfffffffffffffffb, 0x0)
ioctl$DRM_IOCTL_MODE_CREATEPROPBLOB(r10, 0xc01064bd, &(0x7f0000000180)={&(0x7f0000000080)="7c2772857a834be7ae4d44d445cf9005999d5e56438892322b2223a8aaaf9e9f14a4b2fd8f003c5fc63d45c1284d4415120f0f47da6951fb126bf521dc909d6e7ec264529cc196ac9ee1382d36f63eda11484bd7668d5ccf64cf963a2818cfc4fa70eac3ef17b361938f4e7f0057adae5fcf13357a6af880bf70e132cc8655cfc24841ec657da1d381584e00fe0891949c717f9fc004f503131ab7f85d821ba515686ef591c936b831c077a03a13cd7894151eef069b62a9376631", 0xbb})

603.751µs ago: executing program 0 (id=18685):
r0 = syz_open_dev$dri(&(0x7f0000000000), 0xa, 0x1)
ioctl$DRM_IOCTL_SET_CLIENT_CAP(r0, 0x4010640d, &(0x7f0000000080)={0x1, 0x1000000}) (async)
r1 = syz_open_dev$dri(&(0x7f0000000000), 0x1, 0x2000)
r2 = syz_open_dev$dri(&(0x7f0000000000), 0x1, 0x2000)
ioctl$DRM_IOCTL_MODE_GETRESOURCES(r2, 0xc04064a0, &(0x7f0000000340)={0x0, &(0x7f0000000280)=[<r3=>0x0], 0x0, 0x0, 0x0, 0x1})
ioctl$DRM_IOCTL_MODE_GETCRTC(r1, 0xc06864a1, &(0x7f0000000440)={0x0, 0x0, r3, <r4=>0x0})
ioctl$DRM_IOCTL_MODE_CREATE_LEASE(r1, 0xc01864c6, &(0x7f0000000140)={&(0x7f00000000c0)=[r4], 0x1, 0x800}) (async)
r5 = syz_open_dev$dri(&(0x7f0000000000), 0xfffffffffffffffc, 0x40000) (async)
r6 = syz_open_dev$dri(&(0x7f0000000000), 0xfffffffffffffffc, 0x0)
ioctl$DRM_IOCTL_MODE_GETRESOURCES(r6, 0xc04064a0, &(0x7f0000000340)={0x0, 0x0, &(0x7f0000000240)=[<r7=>0x0], 0x0, 0x0, 0x0, 0x1})
ioctl$DRM_IOCTL_MODE_CREATE_LEASE(r5, 0xc01864c6, 0x0) (async)
ioctl$DRM_IOCTL_MODE_GETCONNECTOR(r5, 0xc05064a7, &(0x7f00000001c0)={0x0, 0x0, &(0x7f0000000180)=[0x0, 0x0, 0x0], &(0x7f0000000040), 0x0, 0x3, 0x0, 0x0, r7})

0s ago: executing program 3 (id=18686):
r0 = syz_open_dev$dri(&(0x7f0000000000), 0xfffffffffffffffc, 0x40840)
r1 = syz_open_dev$dri(&(0x7f0000000000), 0xfffffffffffffffc, 0x0)
ioctl$DRM_IOCTL_MODE_GETRESOURCES(r1, 0xc04064a0, &(0x7f0000000340)={0x0, 0x0, &(0x7f0000000240)=[<r2=>0x0], 0x0, 0x0, 0x0, 0x1})
ioctl$DRM_IOCTL_MODE_GETCONNECTOR(r0, 0xc05064a7, &(0x7f00000001c0)={0x0, 0x0, 0x0, 0x0, 0x0, 0x0, 0x0, <r3=>0x0, r2})
ioctl$DRM_IOCTL_MODE_GETENCODER(r1, 0xc01464a6, &(0x7f0000000280)={r3})
r4 = syz_open_dev$dri(&(0x7f0000000000), 0x3fffc0, 0x20000)
r5 = syz_open_dev$dri(0x0, 0x1, 0x2000)
r6 = syz_open_dev$dri(&(0x7f0000000000), 0x1, 0x800)
ioctl$DRM_IOCTL_MODE_GETRESOURCES(r6, 0xc04064a0, 0x0)
ioctl$DRM_IOCTL_MODE_GETCRTC(r5, 0xc06864a1, &(0x7f00000001c0)={0x0, 0x0, 0x0, <r7=>0x0})
r8 = syz_open_dev$dri(&(0x7f0000000000), 0x0, 0x141000)
ioctl$DRM_IOCTL_GET_CAP(r8, 0xc010640c, &(0x7f0000000040)={0x14})
ioctl$DRM_IOCTL_MODE_DIRTYFB(r5, 0xc01864b1, 0x0)
ioctl$DRM_IOCTL_MODE_CREATE_DUMB(0xffffffffffffffff, 0xc02064b2, &(0x7f0000000080)={0x8, 0x4, 0x5ef12f90})
r9 = syz_open_dev$dri(0x0, 0x495c, 0x400)
ioctl$DRM_IOCTL_MODE_GETFB(r6, 0xc01c64ad, &(0x7f0000000880)={r7})
ioctl$DRM_IOCTL_MODE_GET_LEASE(0xffffffffffffffff, 0xc01064c8, &(0x7f00000000c0)={0x0, 0x0, &(0x7f0000000040)})
ioctl$DRM_IOCTL_MODE_GETPROPBLOB(r9, 0xc01064ac, &(0x7f0000000200)={0x0, 0x0, 0x0})
ioctl$DRM_IOCTL_MODE_GETENCODER(r5, 0xc01464a6, 0x0)
syz_open_dev$dri(&(0x7f0000000300), 0xfffffffffffffffa, 0x181981)
syz_open_dev$dri(0x0, 0x0, 0x103000)
ioctl$DRM_IOCTL_MODE_CURSOR(r4, 0xc01c64a3, &(0x7f0000000240)={0x0, 0x0, 0x8, 0x480000, 0x9, 0x7, 0x5})
r10 = syz_open_dev$dri(&(0x7f0000000000), 0x3fffc0, 0x2a500)
ioctl$DRM_IOCTL_MODE_CREATE_DUMB(r10, 0xc02064b2, &(0x7f0000000080)={0xa, 0x4, 0x10000, 0x0, <r11=>0x0})
ioctl$DRM_IOCTL_MODE_CREATE_DUMB(r10, 0xc02064d2, &(0x7f0000000380)={0x1, 0xfffffffd, 0x9})
ioctl$DRM_IOCTL_MODE_DESTROY_DUMB(r10, 0xc00464b4, &(0x7f0000000780)={r11})

kernel console output (not intermixed with test programs):

evsim3 (unregistering): unset [1, 0] type 2 family 0 port 6081 - 0
[ 1835.590562][T24809] netdevsim netdevsim0 netdevsim2 (unregistering): unset [1, 0] type 2 family 0 port 6081 - 0
[ 1835.720976][T24809] netdevsim netdevsim0 netdevsim1 (unregistering): unset [1, 0] type 2 family 0 port 6081 - 0
[ 1835.886544][T24809] netdevsim netdevsim0 netdevsim0 (unregistering): unset [1, 0] type 2 family 0 port 6081 - 0
[ 1836.295438][T24809] bridge_slave_1: left allmulticast mode
[ 1836.301922][T24809] bridge_slave_1: left promiscuous mode
[ 1836.324792][T24809] bridge0: port 2(bridge_slave_1) entered disabled state
[ 1836.377429][T24809] bridge_slave_0: left allmulticast mode
[ 1836.380946][T24809] bridge_slave_0: left promiscuous mode
[ 1836.388400][T24809] bridge0: port 1(bridge_slave_0) entered disabled state
[ 1836.860980][T35696] Bluetooth: hci3: command tx timeout
[ 1837.317801][    C3] vkms_vblank_simulate: vblank timer overrun
[ 1837.674038][T24809] bond0 (unregistering): (slave bond_slave_0): Releasing backup interface
[ 1837.714524][T24809] bond0 (unregistering): (slave bond_slave_1): Releasing backup interface
[ 1837.737165][T24809] bond0 (unregistering): Released all slaves
[ 1837.836500][T65746] chnl_net:caif_netlink_parms(): no params data found
[ 1838.243579][    C3] vkms_vblank_simulate: vblank timer overrun
[ 1838.710988][T65746] bridge0: port 1(bridge_slave_0) entered blocking state
[ 1838.725001][T65746] bridge0: port 1(bridge_slave_0) entered disabled state
[ 1838.737347][T65746] bridge_slave_0: entered allmulticast mode
[ 1838.760520][T65746] bridge_slave_0: entered promiscuous mode
[ 1838.776232][T65746] bridge0: port 2(bridge_slave_1) entered blocking state
[ 1838.787456][T65746] bridge0: port 2(bridge_slave_1) entered disabled state
[ 1838.804588][T65746] bridge_slave_1: entered allmulticast mode
[ 1838.842481][T65746] bridge_slave_1: entered promiscuous mode
[ 1838.937334][T35696] Bluetooth: hci3: command tx timeout
[ 1839.089467][T65988] FAULT_INJECTION: forcing a failure.
[ 1839.089467][T65988] name failslab, interval 1, probability 0, space 0, times 0
[ 1839.120745][T65988] CPU: 3 UID: 0 PID: 65988 Comm: syz.2.17737 Not tainted 6.18.0 #1 PREEMPT(full) 
[ 1839.120772][T65988] Hardware name: QEMU Standard PC (i440FX + PIIX, 1996), BIOS rel-1.16.3-0-ga6ed6b701f0a-prebuilt.qemu.org 04/01/2014
[ 1839.120784][T65988] Call Trace:
[ 1839.120791][T65988]  <TASK>
[ 1839.120799][T65988]  dump_stack_lvl+0x180/0x1b0
[ 1839.120832][T65988]  should_fail_ex+0x520/0x650
[ 1839.120977][T65988]  ? tomoyo_realpath_from_path+0xc3/0x600
[ 1839.121027][T65988]  should_failslab+0xc2/0x120
[ 1839.121091][T65988]  __kmalloc_noprof+0xdc/0x8c0
[ 1839.121122][T65988]  ? kfree+0x3b1/0x6c0
[ 1839.121143][T65988]  ? tomoyo_realpath_from_path+0xc3/0x600
[ 1839.121164][T65988]  tomoyo_realpath_from_path+0xc3/0x600
[ 1839.121188][T65988]  ? tomoyo_profile+0x46/0x60
[ 1839.121250][T65988]  tomoyo_path_number_perm+0x221/0x550
[ 1839.121268][T65988]  ? tomoyo_path_number_perm+0x213/0x550
[ 1839.121288][T65988]  ? __pfx_tomoyo_path_number_perm+0x10/0x10
[ 1839.121307][T65988]  ? proc_fail_nth_write+0x97/0x220
[ 1839.121420][T65988]  ? hook_file_ioctl_common+0x146/0x3f0
[ 1839.121440][T65988]  ? __fget_files+0x1f1/0x3b0
[ 1839.121466][T65988]  ? __fget_files+0x1fb/0x3b0
[ 1839.121488][T65988]  security_file_ioctl+0x9f/0x260
[ 1839.121545][T65988]  __x64_sys_ioctl+0xb7/0x210
[ 1839.121564][T65988]  do_syscall_64+0xcb/0xfa0
[ 1839.121592][T65988]  entry_SYSCALL_64_after_hwframe+0x77/0x7f
[ 1839.121625][T65988] RIP: 0033:0x7f5519fb059d
[ 1839.121642][T65988] Code: 02 b8 ff ff ff ff c3 66 0f 1f 44 00 00 f3 0f 1e fa 48 89 f8 48 89 f7 48 89 d6 48 89 ca 4d 89 c2 4d 89 c8 4c 8b 4c 24 08 0f 05 <48> 3d 01 f0 ff ff 73 01 c3 48 c7 c1 a8 ff ff ff f7 d8 64 89 01 48
[ 1839.121658][T65988] RSP: 002b:00007f551ae6ff98 EFLAGS: 00000246 ORIG_RAX: 0000000000000010
[ 1839.121676][T65988] RAX: ffffffffffffffda RBX: 00007f551a225fa0 RCX: 00007f5519fb059d
[ 1839.121688][T65988] RDX: 00002000000004c0 RSI: 00000000c06864ce RDI: 0000000000000003
[ 1839.121698][T65988] RBP: 00007f551ae70010 R08: 0000000000000000 R09: 0000000000000000
[ 1839.121708][T65988] R10: 0000000000000000 R11: 0000000000000246 R12: 0000000000000001
[ 1839.121717][T65988] R13: 00007f551a226038 R14: 00007f551a225fa0 R15: 00007f551ae50000
[ 1839.121743][T65988]  </TASK>
[ 1839.121918][T65988] ERROR: Out of memory at tomoyo_realpath_from_path.
[ 1839.210011][T65746] bond0: (slave bond_slave_0): Enslaving as an active interface with an up link
[ 1839.489216][T65746] bond0: (slave bond_slave_1): Enslaving as an active interface with an up link
[ 1839.786767][    C3] vkms_vblank_simulate: vblank timer overrun
[ 1839.848816][T24809] hsr_slave_0: left promiscuous mode
[ 1839.900887][T24809] hsr_slave_1: left promiscuous mode
[ 1839.908589][T24809] batman_adv: batadv0: Interface deactivated: batadv_slave_0
[ 1839.945888][T24809] batman_adv: batadv0: Removing interface: batadv_slave_0
[ 1840.027025][T24809] batman_adv: batadv0: Interface deactivated: batadv_slave_1
[ 1840.048562][T24809] batman_adv: batadv0: Removing interface: batadv_slave_1
[ 1840.209081][T24809] veth1_macvtap: left promiscuous mode
[ 1840.238670][T24809] veth0_macvtap: left promiscuous mode
[ 1840.268085][T24809] veth1_vlan: left promiscuous mode
[ 1840.280194][T24809] veth0_vlan: left promiscuous mode
[ 1840.457738][    C3] vkms_vblank_simulate: vblank timer overrun
[ 1840.533145][T66052] FAULT_INJECTION: forcing a failure.
[ 1840.533145][T66052] name failslab, interval 1, probability 0, space 0, times 0
[ 1840.550988][T66052] CPU: 2 UID: 0 PID: 66052 Comm: syz.1.17746 Not tainted 6.18.0 #1 PREEMPT(full) 
[ 1840.551010][T66052] Hardware name: QEMU Standard PC (i440FX + PIIX, 1996), BIOS rel-1.16.3-0-ga6ed6b701f0a-prebuilt.qemu.org 04/01/2014
[ 1840.551020][T66052] Call Trace:
[ 1840.551026][T66052]  <TASK>
[ 1840.551033][T66052]  dump_stack_lvl+0x180/0x1b0
[ 1840.551064][T66052]  should_fail_ex+0x520/0x650
[ 1840.551084][T66052]  ? tomoyo_encode2.part.0+0xe9/0x3a0
[ 1840.551117][T66052]  should_failslab+0xc2/0x120
[ 1840.551140][T66052]  __kmalloc_noprof+0xdc/0x8c0
[ 1840.551196][T66052]  ? d_absolute_path+0x12a/0x1a0
[ 1840.551275][T66052]  ? tomoyo_encode2.part.0+0xe9/0x3a0
[ 1840.551294][T66052]  tomoyo_encode2.part.0+0xe9/0x3a0
[ 1840.551318][T66052]  tomoyo_encode+0x2b/0x60
[ 1840.551338][T66052]  tomoyo_realpath_from_path+0x188/0x600
[ 1840.551365][T66052]  tomoyo_path_number_perm+0x221/0x550
[ 1840.551381][T66052]  ? tomoyo_path_number_perm+0x213/0x550
[ 1840.551401][T66052]  ? __pfx_tomoyo_path_number_perm+0x10/0x10
[ 1840.551418][T66052]  ? proc_fail_nth_write+0x97/0x220
[ 1840.551458][T66052]  ? hook_file_ioctl_common+0x146/0x3f0
[ 1840.551476][T66052]  ? __fget_files+0x1f1/0x3b0
[ 1840.551497][T66052]  ? __fget_files+0x1fb/0x3b0
[ 1840.551517][T66052]  security_file_ioctl+0x9f/0x260
[ 1840.551537][T66052]  __x64_sys_ioctl+0xb7/0x210
[ 1840.551553][T66052]  do_syscall_64+0xcb/0xfa0
[ 1840.551577][T66052]  entry_SYSCALL_64_after_hwframe+0x77/0x7f
[ 1840.551603][T66052] RIP: 0033:0x7fcbf49b059d
[ 1840.551617][T66052] Code: 02 b8 ff ff ff ff c3 66 0f 1f 44 00 00 f3 0f 1e fa 48 89 f8 48 89 f7 48 89 d6 48 89 ca 4d 89 c2 4d 89 c8 4c 8b 4c 24 08 0f 05 <48> 3d 01 f0 ff ff 73 01 c3 48 c7 c1 a8 ff ff ff f7 d8 64 89 01 48
[ 1840.551631][T66052] RSP: 002b:00007fcbf58ddf98 EFLAGS: 00000246 ORIG_RAX: 0000000000000010
[ 1840.551647][T66052] RAX: ffffffffffffffda RBX: 00007fcbf4c25fa0 RCX: 00007fcbf49b059d
[ 1840.551657][T66052] RDX: 00002000000004c0 RSI: 00000000c06864ce RDI: 0000000000000003
[ 1840.551666][T66052] RBP: 00007fcbf58de010 R08: 0000000000000000 R09: 0000000000000000
[ 1840.551675][T66052] R10: 0000000000000000 R11: 0000000000000246 R12: 0000000000000001
[ 1840.551684][T66052] R13: 00007fcbf4c26038 R14: 00007fcbf4c25fa0 R15: 00007fcbf58be000
[ 1840.551707][T66052]  </TASK>
[ 1840.551727][T66052] ERROR: Out of memory at tomoyo_realpath_from_path.
[ 1840.719906][    C3] vkms_vblank_simulate: vblank timer overrun
[ 1840.854557][    C3] vkms_vblank_simulate: vblank timer overrun
[ 1841.015551][T35696] Bluetooth: hci3: command tx timeout
[ 1841.151229][    C3] vkms_vblank_simulate: vblank timer overrun
[ 1842.464447][T24809] team0 (unregistering): Port device team_slave_1 removed
[ 1842.584362][T24809] team0 (unregistering): Port device team_slave_0 removed
[ 1843.095102][T35696] Bluetooth: hci3: command tx timeout
[ 1844.294771][T65746] team0: Port device team_slave_0 added
[ 1844.354522][    C3] vkms_vblank_simulate: vblank timer overrun
[ 1844.434429][    C3] vkms_vblank_simulate: vblank timer overrun
[ 1844.531119][    C3] vkms_vblank_simulate: vblank timer overrun
[ 1844.571353][T65746] team0: Port device team_slave_1 added
[ 1844.686608][T65746] batman_adv: batadv0: Adding interface: batadv_slave_0
[ 1844.696868][T65746] batman_adv: batadv0: The MTU of interface batadv_slave_0 is too small (1500) to handle the transport of batman-adv packets. Packets going over this interface will be fragmented on layer2 which could impact the performance. Setting the MTU to 1532 would solve the problem.
[ 1844.732362][T65746] batman_adv: batadv0: Not using interface batadv_slave_0 (retrying later): interface not active
[ 1844.751639][    C3] vkms_vblank_simulate: vblank timer overrun
[ 1844.793080][T65746] batman_adv: batadv0: Adding interface: batadv_slave_1
[ 1844.797285][    C3] vkms_vblank_simulate: vblank timer overrun
[ 1844.810917][T65746] batman_adv: batadv0: The MTU of interface batadv_slave_1 is too small (1500) to handle the transport of batman-adv packets. Packets going over this interface will be fragmented on layer2 which could impact the performance. Setting the MTU to 1532 would solve the problem.
[ 1844.838472][T65746] batman_adv: batadv0: Not using interface batadv_slave_1 (retrying later): interface not active
[ 1845.011725][T65746] hsr_slave_0: entered promiscuous mode
[ 1845.021564][T65746] hsr_slave_1: entered promiscuous mode
[ 1845.033121][T65746] debugfs: 'hsr0' already exists in 'hsr'
[ 1845.044891][T65746] Cannot create hsr debugfs directory
[ 1846.853238][T65746] netdevsim netdevsim0 netdevsim0: renamed from eth0
[ 1846.893748][T65746] netdevsim netdevsim0 netdevsim1: renamed from eth1
[ 1846.965088][T65746] netdevsim netdevsim0 netdevsim2: renamed from eth2
[ 1846.999728][T65746] netdevsim netdevsim0 netdevsim3: renamed from eth3
[ 1847.073931][    C3] vkms_vblank_simulate: vblank timer overrun
[ 1847.510906][T65746] 8021q: adding VLAN 0 to HW filter on device bond0
[ 1847.552580][T65746] 8021q: adding VLAN 0 to HW filter on device team0
[ 1847.569170][ T2229] bridge0: port 1(bridge_slave_0) entered blocking state
[ 1847.580028][ T2229] bridge0: port 1(bridge_slave_0) entered forwarding state
[ 1847.616462][   T65] bridge0: port 2(bridge_slave_1) entered blocking state
[ 1847.626283][   T65] bridge0: port 2(bridge_slave_1) entered forwarding state
[ 1848.284814][T65746] 8021q: adding VLAN 0 to HW filter on device batadv0
[ 1848.535807][T65746] veth0_vlan: entered promiscuous mode
[ 1848.582193][T65746] veth1_vlan: entered promiscuous mode
[ 1848.605333][    C3] vkms_vblank_simulate: vblank timer overrun
[ 1848.777505][T65746] veth0_macvtap: entered promiscuous mode
[ 1848.851834][    C3] vkms_vblank_simulate: vblank timer overrun
[ 1848.865621][T65746] veth1_macvtap: entered promiscuous mode
[ 1848.898856][T65746] batman_adv: batadv0: Interface activated: batadv_slave_0
[ 1848.935025][T65746] batman_adv: batadv0: Interface activated: batadv_slave_1
[ 1848.980989][   T12] netdevsim netdevsim0 netdevsim0: set [1, 0] type 2 family 0 port 6081 - 0
[ 1849.018690][   T12] netdevsim netdevsim0 netdevsim1: set [1, 0] type 2 family 0 port 6081 - 0
[ 1849.098681][   T12] netdevsim netdevsim0 netdevsim2: set [1, 0] type 2 family 0 port 6081 - 0
[ 1849.262975][   T12] netdevsim netdevsim0 netdevsim3: set [1, 0] type 2 family 0 port 6081 - 0
[ 1849.707897][   T65] wlan0: Created IBSS using preconfigured BSSID 50:50:50:50:50:50
[ 1849.720440][   T65] wlan0: Creating new IBSS network, BSSID 50:50:50:50:50:50
[ 1849.796313][    C3] vkms_vblank_simulate: vblank timer overrun
[ 1849.842561][ T2229] wlan1: Created IBSS using preconfigured BSSID 50:50:50:50:50:50
[ 1849.863498][T66404] warn_alloc: 4 callbacks suppressed
[ 1849.863518][T66404] syz.3.17817: vmalloc error: size 35651584, failed to allocated page array size 69632, mode:0xdc2(GFP_KERNEL|__GFP_HIGHMEM|__GFP_ZERO), nodemask=(null)
[ 1849.866283][ T2229] wlan1: Creating new IBSS network, BSSID 50:50:50:50:50:50
[ 1849.880877][T66404] ,cpuset=/,mems_allowed=0-1
[ 1849.919195][T66404] CPU: 3 UID: 0 PID: 66404 Comm: syz.3.17817 Not tainted 6.18.0 #1 PREEMPT(full) 
[ 1849.919241][T66404] Hardware name: QEMU Standard PC (i440FX + PIIX, 1996), BIOS rel-1.16.3-0-ga6ed6b701f0a-prebuilt.qemu.org 04/01/2014
[ 1849.919252][T66404] Call Trace:
[ 1849.919260][T66404]  <TASK>
[ 1849.919268][T66404]  dump_stack_lvl+0x180/0x1b0
[ 1849.919310][T66404]  warn_alloc+0x211/0x360
[ 1849.919331][T66404]  ? __pfx_warn_alloc+0x10/0x10
[ 1849.919348][T66404]  ? __pfx_alloc_vmap_area+0x10/0x10
[ 1849.919371][T66404]  ? __get_vm_area_node+0x10c/0x340
[ 1849.919400][T66404]  ? drm_property_create_blob.part.0+0x34/0x320
[ 1849.919426][T66404]  ? __vmalloc_node_noprof+0xac/0xf0
[ 1849.919455][T66404]  __vmalloc_node_range_noprof+0xfaa/0x13b0
[ 1849.919490][T66404]  ? drm_property_create_blob.part.0+0x34/0x320
[ 1849.919519][T66404]  ? __pfx___vmalloc_node_range_noprof+0x10/0x10
[ 1849.919555][T66404]  __kvmalloc_node_noprof+0x41f/0x9d0
[ 1849.919577][T66404]  ? drm_property_create_blob.part.0+0x34/0x320
[ 1849.919603][T66404]  ? drm_property_create_blob.part.0+0x34/0x320
[ 1849.919632][T66404]  ? drm_property_create_blob.part.0+0x34/0x320
[ 1849.919655][T66404]  drm_property_create_blob.part.0+0x34/0x320
[ 1849.919680][T66404]  drm_mode_createblob_ioctl+0x139/0x490
[ 1849.919707][T66404]  drm_ioctl_kernel+0x1ed/0x3e0
[ 1849.919725][T66404]  ? __pfx_drm_mode_createblob_ioctl+0x10/0x10
[ 1849.919750][T66404]  ? __pfx_drm_ioctl_kernel+0x10/0x10
[ 1849.919773][T66404]  drm_ioctl+0x574/0xb90
[ 1849.919823][T66404]  ? __pfx_drm_mode_createblob_ioctl+0x10/0x10
[ 1849.919849][T66404]  ? __pfx_drm_ioctl+0x10/0x10
[ 1849.919864][T66404]  ? hook_file_ioctl_common+0x146/0x3f0
[ 1849.919890][T66404]  ? __fget_files+0x1fb/0x3b0
[ 1849.919911][T66404]  ? __pfx_drm_ioctl+0x10/0x10
[ 1849.919928][T66404]  __x64_sys_ioctl+0x18f/0x210
[ 1849.919947][T66404]  do_syscall_64+0xcb/0xfa0
[ 1849.919976][T66404]  entry_SYSCALL_64_after_hwframe+0x77/0x7f
[ 1849.919994][T66404] RIP: 0033:0x7f38aefb059d
[ 1849.920010][T66404] Code: 02 b8 ff ff ff ff c3 66 0f 1f 44 00 00 f3 0f 1e fa 48 89 f8 48 89 f7 48 89 d6 48 89 ca 4d 89 c2 4d 89 c8 4c 8b 4c 24 08 0f 05 <48> 3d 01 f0 ff ff 73 01 c3 48 c7 c1 a8 ff ff ff f7 d8 64 89 01 48
[ 1849.920026][T66404] RSP: 002b:00007f38afedcf98 EFLAGS: 00000246 ORIG_RAX: 0000000000000010
[ 1849.920043][T66404] RAX: ffffffffffffffda RBX: 00007f38af225fa0 RCX: 00007f38aefb059d
[ 1849.920054][T66404] RDX: 0000200000000180 RSI: 00000000c01064bd RDI: 0000000000000003
[ 1849.920065][T66404] RBP: 00007f38af04e078 R08: 0000000000000000 R09: 0000000000000000
[ 1849.920075][T66404] R10: 0000000000000000 R11: 0000000000000246 R12: 0000000000000000
[ 1849.920085][T66404] R13: 00007f38af226038 R14: 00007f38af225fa0 R15: 00007f38afebd000
[ 1849.922797][T66404]  </TASK>
[ 1849.922809][T66404] Mem-Info:
[ 1850.269186][T66404] active_anon:7579 inactive_anon:0 isolated_anon:0
[ 1850.269186][T66404]  active_file:15824 inactive_file:63755 isolated_file:0
[ 1850.269186][T66404]  unevictable:1768 dirty:2543 writeback:0
[ 1850.269186][T66404]  slab_reclaimable:13644 slab_unreclaimable:64598
[ 1850.269186][T66404]  mapped:29690 shmem:2797 pagetables:1114
[ 1850.269186][T66404]  sec_pagetables:0 bounce:0
[ 1850.269186][T66404]  kernel_misc_reclaimable:0
[ 1850.269186][T66404]  free:452125 free_pcp:17454 free_cma:0
[ 1850.321231][    C3] vkms_vblank_simulate: vblank timer overrun
[ 1850.349813][T66404] Node 0 active_anon:20132kB inactive_anon:0kB active_file:27848kB inactive_file:209356kB unevictable:3536kB isolated(anon):0kB isolated(file):0kB mapped:65760kB dirty:2044kB writeback:0kB shmem:5732kB shmem_thp:0kB shmem_pmdmapped:0kB anon_thp:0kB kernel_stack:6628kB pagetables:2452kB sec_pagetables:0kB all_unreclaimable? no Balloon:0kB
[ 1850.377181][    C3] vkms_vblank_simulate: vblank timer overrun
[ 1850.396745][T66404] Node 1 active_anon:10308kB inactive_anon:0kB active_file:35448kB inactive_file:45664kB unevictable:3536kB isolated(anon):0kB isolated(file):0kB mapped:53744kB dirty:8128kB writeback:0kB shmem:5456kB shmem_thp:0kB shmem_pmdmapped:0kB anon_thp:0kB kernel_stack:5628kB pagetables:1880kB sec_pagetables:0kB all_unreclaimable? no Balloon:0kB
[ 1850.426010][    C3] vkms_vblank_simulate: vblank timer overrun
[ 1850.434896][T66404] Node 0 DMA free:8820kB boost:0kB min:452kB low:564kB high:676kB reserved_highatomic:0KB free_highatomic:0KB active_anon:0kB inactive_anon:0kB active_file:0kB inactive_file:0kB unevictable:0kB writepending:0kB zspages:0kB present:15992kB managed:15360kB mlocked:0kB bounce:0kB free_pcp:392kB local_pcp:132kB free_cma:0kB
[ 1850.469318][    C3] vkms_vblank_simulate: vblank timer overrun
[ 1850.495342][T66404] lowmem_reserve[]: 0 1176 1176 1176 1176
[ 1850.501112][T66404] Node 0 DMA32 free:498080kB boost:0kB min:34836kB low:43544kB high:52252kB reserved_highatomic:0KB free_highatomic:0KB active_anon:20132kB inactive_anon:0kB active_file:27848kB inactive_file:209356kB unevictable:3536kB writepending:2044kB zspages:0kB present:2080772kB managed:1204832kB mlocked:0kB bounce:0kB free_pcp:10168kB local_pcp:400kB free_cma:0kB
[ 1850.540129][    C3] vkms_vblank_simulate: vblank timer overrun
[ 1850.549355][T66404] lowmem_reserve[]: 0 0 0 0 0
[ 1850.553998][T66404] Node 1 DMA32 free:817724kB boost:0kB min:29136kB low:36420kB high:43704kB reserved_highatomic:0KB free_highatomic:0KB active_anon:0kB inactive_anon:0kB active_file:19984kB inactive_file:4612kB unevictable:0kB writepending:4096kB zspages:0kB present:1048444kB managed:982908kB mlocked:0kB bounce:0kB free_pcp:42276kB local_pcp:8260kB free_cma:0kB
[ 1850.585630][    C3] vkms_vblank_simulate: vblank timer overrun
[ 1850.590112][T66404] lowmem_reserve[]: 0 0 846 846 846
[ 1850.597537][T66404] Node 1 Normal free:366400kB boost:0kB min:25680kB low:32100kB high:38520kB reserved_highatomic:0KB free_highatomic:0KB active_anon:10308kB inactive_anon:0kB active_file:15464kB inactive_file:41052kB unevictable:3536kB writepending:4032kB zspages:0kB present:1048576kB managed:866440kB mlocked:0kB bounce:0kB free_pcp:12892kB local_pcp:1336kB free_cma:0kB
[ 1850.623503][    C3] vkms_vblank_simulate: vblank timer overrun
[ 1850.634446][T66404] lowmem_reserve[]: 0 0 0 0 0
[ 1850.637010][T66404] Node 0 DMA: 4*4kB (U) 3*8kB (U) 3*16kB (U) 3*32kB (U) 3*64kB (U) 2*128kB (U) 4*256kB (U) 4*512kB (U) 5*1024kB (U) 0*2048kB 0*4096kB = 8824kB
[ 1850.655808][T66404] Node 0 DMA32: 55*4kB (U) 18*8kB (UE) 135*16kB (UME) 297*32kB (UME) 320*64kB (UME) 317*128kB (UM) 344*256kB (UME) 248*512kB (UM) 205*1024kB (UME) 0*2048kB 0*4096kB = 498044kB
[ 1850.668220][T66404] Node 1 DMA32: 9*4kB (UM) 11*8kB (UME) 14*16kB (UME) 11*32kB (UME) 12*64kB (UME) 9*128kB (UE) 12*256kB (UME) 4*512kB (UE) 9*1024kB (UME) 5*2048kB (UME) 184*4096kB (UM) = 780860kB
[ 1850.693341][T66404] Node 1 Normal: 167*4kB (M) 126*8kB (UME) 124*16kB (UM) 535*32kB (UME) 100*64kB (UME) 118*128kB (UE) 206*256kB (UE) 200*512kB (UE) 165*1024kB (U) 0*2048kB 0*4096kB = 366380kB
[ 1850.717727][    C3] vkms_vblank_simulate: vblank timer overrun
[ 1850.807206][    C3] vkms_vblank_simulate: vblank timer overrun
[ 1850.814348][T66404] Node 0 hugepages_total=2 hugepages_free=2 hugepages_surp=0 hugepages_size=2048kB
[ 1850.833090][T66404] Node 1 hugepages_total=2 hugepages_free=2 hugepages_surp=0 hugepages_size=2048kB
[ 1850.874441][T66404] 82378 total pagecache pages
[ 1850.891863][T66404] 0 pages in swap cache
[ 1850.894909][T66404] Free swap  = 124996kB
[ 1850.902797][T66404] Total swap = 124996kB
[ 1850.939382][T66404] 1048446 pages RAM
[ 1850.941929][T66404] 0 pages HighMem/MovableOnly
[ 1850.974372][T66404] 281061 pages reserved
[ 1850.984871][T66404] 0 pages cma reserved
[ 1853.020775][    C3] vkms_vblank_simulate: vblank timer overrun
[ 1854.235867][    C3] vkms_vblank_simulate: vblank timer overrun
[ 1854.892735][    C3] vkms_vblank_simulate: vblank timer overrun
[ 1855.435851][    C3] vkms_vblank_simulate: vblank timer overrun
[ 1855.670866][    C3] vkms_vblank_simulate: vblank timer overrun
[ 1855.772464][    C3] vkms_vblank_simulate: vblank timer overrun
[ 1860.125385][T57393] Bluetooth: hci1: unexpected cc 0x0c03 length: 249 > 1
[ 1860.225435][T57393] Bluetooth: hci1: unexpected cc 0x1003 length: 249 > 9
[ 1860.239904][T57393] Bluetooth: hci1: unexpected cc 0x1001 length: 249 > 9
[ 1860.289171][T57393] Bluetooth: hci1: unexpected cc 0x0c23 length: 249 > 4
[ 1860.334519][T57393] Bluetooth: hci1: unexpected cc 0x0c38 length: 249 > 2
[ 1860.963792][T24946] netdevsim netdevsim2 netdevsim3 (unregistering): unset [1, 0] type 2 family 0 port 6081 - 0
[ 1861.313132][T24946] netdevsim netdevsim2 netdevsim2 (unregistering): unset [1, 0] type 2 family 0 port 6081 - 0
[ 1861.648721][T24946] netdevsim netdevsim2 netdevsim1 (unregistering): unset [1, 0] type 2 family 0 port 6081 - 0
[ 1862.128883][T24946] netdevsim netdevsim2 netdevsim0 (unregistering): unset [1, 0] type 2 family 0 port 6081 - 0
[ 1862.465726][T57393] Bluetooth: hci1: command tx timeout
[ 1862.592571][T24946] bridge_slave_1: left allmulticast mode
[ 1862.595219][T24946] bridge_slave_1: left promiscuous mode
[ 1862.602451][T24946] bridge0: port 2(bridge_slave_1) entered disabled state
[ 1862.638809][T24946] bridge_slave_0: left allmulticast mode
[ 1862.650236][T24946] bridge_slave_0: left promiscuous mode
[ 1862.685384][    C3] vkms_vblank_simulate: vblank timer overrun
[ 1862.688397][T24946] bridge0: port 1(bridge_slave_0) entered disabled state
[ 1862.756614][    C3] vkms_vblank_simulate: vblank timer overrun
[ 1862.969611][    C3] vkms_vblank_simulate: vblank timer overrun
[ 1863.434532][    C3] vkms_vblank_simulate: vblank timer overrun
[ 1864.500742][    C3] vkms_vblank_simulate: vblank timer overrun
[ 1864.538519][T57393] Bluetooth: hci1: command tx timeout
[ 1864.573192][T24946] bond0 (unregistering): (slave bond_slave_0): Releasing backup interface
[ 1864.632195][T24946] bond0 (unregistering): (slave bond_slave_1): Releasing backup interface
[ 1864.678247][T24946] bond0 (unregistering): Released all slaves
[ 1864.756184][T66681] chnl_net:caif_netlink_parms(): no params data found
[ 1865.449027][T66681] bridge0: port 1(bridge_slave_0) entered blocking state
[ 1865.460280][T66681] bridge0: port 1(bridge_slave_0) entered disabled state
[ 1865.485233][T66681] bridge_slave_0: entered allmulticast mode
[ 1865.490623][T66681] bridge_slave_0: entered promiscuous mode
[ 1865.499112][T66681] bridge0: port 2(bridge_slave_1) entered blocking state
[ 1865.503793][T66681] bridge0: port 2(bridge_slave_1) entered disabled state
[ 1865.509545][T66681] bridge_slave_1: entered allmulticast mode
[ 1865.524383][T66681] bridge_slave_1: entered promiscuous mode
[ 1866.625798][T57393] Bluetooth: hci1: command tx timeout
[ 1866.995565][T66681] bond0: (slave bond_slave_0): Enslaving as an active interface with an up link
[ 1867.104605][T24946] hsr_slave_0: left promiscuous mode
[ 1867.146333][T24946] hsr_slave_1: left promiscuous mode
[ 1867.149902][T24946] batman_adv: batadv0: Interface deactivated: batadv_slave_0
[ 1867.153379][T24946] batman_adv: batadv0: Removing interface: batadv_slave_0
[ 1867.189636][T24946] batman_adv: batadv0: Interface deactivated: batadv_slave_1
[ 1867.200327][T24946] batman_adv: batadv0: Removing interface: batadv_slave_1
[ 1867.295540][T24946] veth1_macvtap: left promiscuous mode
[ 1867.301850][T24946] veth0_macvtap: left promiscuous mode
[ 1867.315764][T24946] veth1_vlan: left promiscuous mode
[ 1867.323643][T24946] veth0_vlan: left promiscuous mode
[ 1867.594795][T66985] warn_alloc: 6 callbacks suppressed
[ 1867.594814][T66985] syz.3.17933: vmalloc error: size 35651584, failed to allocated page array size 69632, mode:0xdc2(GFP_KERNEL|__GFP_HIGHMEM|__GFP_ZERO), nodemask=(null),cpuset=/,mems_allowed=0-1
[ 1867.629755][T66985] CPU: 0 UID: 0 PID: 66985 Comm: syz.3.17933 Not tainted 6.18.0 #1 PREEMPT(full) 
[ 1867.629781][T66985] Hardware name: QEMU Standard PC (i440FX + PIIX, 1996), BIOS rel-1.16.3-0-ga6ed6b701f0a-prebuilt.qemu.org 04/01/2014
[ 1867.629798][T66985] Call Trace:
[ 1867.629805][T66985]  <TASK>
[ 1867.629812][T66985]  dump_stack_lvl+0x180/0x1b0
[ 1867.629898][T66985]  warn_alloc+0x211/0x360
[ 1867.629919][T66985]  ? __pfx_warn_alloc+0x10/0x10
[ 1867.629937][T66985]  ? __pfx_alloc_vmap_area+0x10/0x10
[ 1867.629968][T66985]  ? __get_vm_area_node+0x10c/0x340
[ 1867.629996][T66985]  ? drm_property_create_blob.part.0+0x34/0x320
[ 1867.630020][T66985]  ? __vmalloc_node_noprof+0xac/0xf0
[ 1867.630047][T66985]  __vmalloc_node_range_noprof+0xfaa/0x13b0
[ 1867.630079][T66985]  ? drm_property_create_blob.part.0+0x34/0x320
[ 1867.630114][T66985]  ? __pfx___vmalloc_node_range_noprof+0x10/0x10
[ 1867.630149][T66985]  __kvmalloc_node_noprof+0x41f/0x9d0
[ 1867.630171][T66985]  ? drm_property_create_blob.part.0+0x34/0x320
[ 1867.630195][T66985]  ? drm_property_create_blob.part.0+0x34/0x320
[ 1867.630223][T66985]  ? drm_property_create_blob.part.0+0x34/0x320
[ 1867.630245][T66985]  drm_property_create_blob.part.0+0x34/0x320
[ 1867.630271][T66985]  drm_mode_createblob_ioctl+0x139/0x490
[ 1867.630298][T66985]  drm_ioctl_kernel+0x1ed/0x3e0
[ 1867.630313][T66985]  ? __pfx_drm_mode_createblob_ioctl+0x10/0x10
[ 1867.630374][T66985]  ? __pfx_drm_ioctl_kernel+0x10/0x10
[ 1867.630397][T66985]  drm_ioctl+0x574/0xb90
[ 1867.630440][T66985]  ? __pfx_drm_mode_createblob_ioctl+0x10/0x10
[ 1867.630466][T66985]  ? __pfx_drm_ioctl+0x10/0x10
[ 1867.630484][T66985]  ? hook_file_ioctl_common+0x146/0x3f0
[ 1867.630512][T66985]  ? __fget_files+0x1fb/0x3b0
[ 1867.630535][T66985]  ? __pfx_drm_ioctl+0x10/0x10
[ 1867.630554][T66985]  __x64_sys_ioctl+0x18f/0x210
[ 1867.630574][T66985]  do_syscall_64+0xcb/0xfa0
[ 1867.630603][T66985]  entry_SYSCALL_64_after_hwframe+0x77/0x7f
[ 1867.630626][T66985] RIP: 0033:0x7f38aefb059d
[ 1867.630642][T66985] Code: 02 b8 ff ff ff ff c3 66 0f 1f 44 00 00 f3 0f 1e fa 48 89 f8 48 89 f7 48 89 d6 48 89 ca 4d 89 c2 4d 89 c8 4c 8b 4c 24 08 0f 05 <48> 3d 01 f0 ff ff 73 01 c3 48 c7 c1 a8 ff ff ff f7 d8 64 89 01 48
[ 1867.630658][T66985] RSP: 002b:00007f38afebbf98 EFLAGS: 00000246 ORIG_RAX: 0000000000000010
[ 1867.630693][T66985] RAX: ffffffffffffffda RBX: 00007f38af226090 RCX: 00007f38aefb059d
[ 1867.630705][T66985] RDX: 0000200000000180 RSI: 00000000c01064bd RDI: 0000000000000004
[ 1867.630716][T66985] RBP: 00007f38af04e078 R08: 0000000000000000 R09: 0000000000000000
[ 1867.630728][T66985] R10: 0000000000000000 R11: 0000000000000246 R12: 0000000000000000
[ 1867.630738][T66985] R13: 00007f38af226128 R14: 00007f38af226090 R15: 00007f38afe9c000
[ 1867.630763][T66985]  </TASK>
[ 1867.630771][T66985] Mem-Info:
[ 1867.709007][    C3] vkms_vblank_simulate: vblank timer overrun
[ 1867.713600][T66985] active_anon:8051 inactive_anon:0 isolated_anon:0
[ 1867.713600][T66985]  active_file:15824 inactive_file:63783 isolated_file:0
[ 1867.713600][T66985]  unevictable:1768 dirty:2406 writeback:0
[ 1867.713600][T66985]  slab_reclaimable:13640 slab_unreclaimable:64647
[ 1867.713600][T66985]  mapped:29843 shmem:2802 pagetables:1214
[ 1867.713600][T66985]  sec_pagetables:0 bounce:0
[ 1867.713600][T66985]  kernel_misc_reclaimable:0
[ 1867.713600][T66985]  free:454510 free_pcp:15841 free_cma:0
[ 1868.038049][T66985] Node 0 active_anon:22884kB inactive_anon:0kB active_file:27840kB inactive_file:209376kB unevictable:3536kB isolated(anon):0kB isolated(file):0kB mapped:77956kB dirty:1568kB writeback:0kB shmem:5744kB shmem_thp:0kB shmem_pmdmapped:0kB anon_thp:0kB kernel_stack:6660kB pagetables:2372kB sec_pagetables:0kB all_unreclaimable? no Balloon:0kB
[ 1868.084491][T66985] Node 1 active_anon:9160kB inactive_anon:0kB active_file:35448kB inactive_file:45760kB unevictable:3536kB isolated(anon):0kB isolated(file):0kB mapped:41324kB dirty:8140kB writeback:0kB shmem:5460kB shmem_thp:0kB shmem_pmdmapped:0kB anon_thp:0kB kernel_stack:5756kB pagetables:1876kB sec_pagetables:0kB all_unreclaimable? no Balloon:0kB
[ 1868.135901][T66985] Node 0 DMA free:15092kB boost:0kB min:452kB low:564kB high:676kB reserved_highatomic:0KB free_highatomic:0KB active_anon:0kB inactive_anon:0kB active_file:0kB inactive_file:0kB unevictable:0kB writepending:0kB zspages:0kB present:15992kB managed:15360kB mlocked:0kB bounce:0kB free_pcp:264kB local_pcp:20kB free_cma:0kB
[ 1868.186326][T66985] lowmem_reserve[]: 0 1176 1176 1176 1176
[ 1868.197239][T66985] Node 0 DMA32 free:483288kB boost:0kB min:34836kB low:43544kB high:52252kB reserved_highatomic:0KB free_highatomic:0KB active_anon:22880kB inactive_anon:0kB active_file:27840kB inactive_file:209376kB unevictable:3536kB writepending:1568kB zspages:0kB present:2080772kB managed:1204832kB mlocked:0kB bounce:0kB free_pcp:10276kB local_pcp:6144kB free_cma:0kB
[ 1868.247520][T66985] lowmem_reserve[]: 0 0 0 0 0
[ 1868.250335][T66985] Node 1 DMA32 free:912860kB boost:0kB min:29136kB low:36420kB high:43704kB reserved_highatomic:0KB free_highatomic:0KB active_anon:0kB inactive_anon:0kB active_file:19984kB inactive_file:4620kB unevictable:0kB writepending:4096kB zspages:0kB present:1048444kB managed:982908kB mlocked:0kB bounce:0kB free_pcp:45436kB local_pcp:11812kB free_cma:0kB
[ 1868.283612][T66985] lowmem_reserve[]: 0 0 846 846 846
[ 1868.293186][T66985] Node 1 Normal free:407448kB boost:0kB min:25680kB low:32100kB high:38520kB reserved_highatomic:0KB free_highatomic:0KB active_anon:9160kB inactive_anon:0kB active_file:15464kB inactive_file:41140kB unevictable:3536kB writepending:4044kB zspages:0kB present:1048576kB managed:866440kB mlocked:0kB bounce:0kB free_pcp:7148kB local_pcp:0kB free_cma:0kB
[ 1868.328382][T66985] lowmem_reserve[]: 0 0 0 0 0
[ 1868.332478][T66985] Node 0 DMA: 2*4kB (U) 4*8kB (U) 3*16kB (U) 5*32kB (U) 2*64kB (U) 5*128kB (U) 5*256kB (U) 5*512kB (U) 4*1024kB (U) 1*2048kB (U) 1*4096kB (U) = 15096kB
[ 1868.352505][T66985] Node 0 DMA32: 19*4kB (UM) 234*8kB (UME) 166*16kB (UME) 193*32kB (UE) 233*64kB (UME) 289*128kB (U) 336*256kB (UE) 245*512kB (UM) 204*1024kB (UME) 0*2048kB 0*4096kB = 483036kB
[ 1868.372929][T66985] Node 1 DMA32: 5*4kB (UM) 5*8kB (UME) 4*16kB (UME) 5*32kB (UE) 3*64kB (UME) 4*128kB (UME) 4*256kB (UME) 3*512kB (UE) 10*1024kB (UME) 19*2048kB (UME) 210*4096kB (UM) = 912860kB
[ 1868.390994][T66985] Node 1 Normal: 243*4kB (UME) 228*8kB (UM) 386*16kB (UME) 644*32kB (UME) 521*64kB (UME) 148*128kB (UME) 208*256kB (UE) 202*512kB (UE) 165*1024kB (U) 0*2048kB 0*4096kB = 407500kB
[ 1868.418837][T66985] Node 0 hugepages_total=2 hugepages_free=2 hugepages_surp=0 hugepages_size=2048kB
[ 1868.423070][T66985] Node 1 hugepages_total=2 hugepages_free=2 hugepages_surp=0 hugepages_size=2048kB
[ 1868.431417][T66985] 82412 total pagecache pages
[ 1868.445244][T66985] 0 pages in swap cache
[ 1868.459516][T66985] Free swap  = 124996kB
[ 1868.465346][T66985] Total swap = 124996kB
[ 1868.467314][T66985] 1048446 pages RAM
[ 1868.473836][T66985] 0 pages HighMem/MovableOnly
[ 1868.481091][T66985] 281061 pages reserved
[ 1868.483403][T66985] 0 pages cma reserved
[ 1868.547017][    C3] vkms_vblank_simulate: vblank timer overrun
[ 1868.717652][T57393] Bluetooth: hci1: command tx timeout
[ 1869.055231][    C3] vkms_vblank_simulate: vblank timer overrun
[ 1869.227342][    C3] vkms_vblank_simulate: vblank timer overrun
[ 1869.823342][T24946] team0 (unregistering): Port device team_slave_1 removed
[ 1869.896858][T24946] team0 (unregistering): Port device team_slave_0 removed
[ 1870.699446][T66681] bond0: (slave bond_slave_1): Enslaving as an active interface with an up link
[ 1870.819990][T66681] team0: Port device team_slave_0 added
[ 1870.831448][T66681] team0: Port device team_slave_1 added
[ 1870.910903][T66681] batman_adv: batadv0: Adding interface: batadv_slave_0
[ 1870.916505][T66681] batman_adv: batadv0: The MTU of interface batadv_slave_0 is too small (1500) to handle the transport of batman-adv packets. Packets going over this interface will be fragmented on layer2 which could impact the performance. Setting the MTU to 1532 would solve the problem.
[ 1870.937556][T66681] batman_adv: batadv0: Not using interface batadv_slave_0 (retrying later): interface not active
[ 1870.950670][T66681] batman_adv: batadv0: Adding interface: batadv_slave_1
[ 1870.955688][T66681] batman_adv: batadv0: The MTU of interface batadv_slave_1 is too small (1500) to handle the transport of batman-adv packets. Packets going over this interface will be fragmented on layer2 which could impact the performance. Setting the MTU to 1532 would solve the problem.
[ 1870.970698][T66681] batman_adv: batadv0: Not using interface batadv_slave_1 (retrying later): interface not active
[ 1871.066837][T66681] hsr_slave_0: entered promiscuous mode
[ 1871.075659][T66681] hsr_slave_1: entered promiscuous mode
[ 1871.083039][T66681] debugfs: 'hsr0' already exists in 'hsr'
[ 1871.087693][T66681] Cannot create hsr debugfs directory
[ 1872.032019][T66681] netdevsim netdevsim2 netdevsim0: renamed from eth0
[ 1872.051838][T66681] netdevsim netdevsim2 netdevsim1: renamed from eth1
[ 1872.078042][T66681] netdevsim netdevsim2 netdevsim2: renamed from eth2
[ 1872.108246][T66681] netdevsim netdevsim2 netdevsim3: renamed from eth3
[ 1872.278107][T66681] 8021q: adding VLAN 0 to HW filter on device bond0
[ 1872.319401][T66681] 8021q: adding VLAN 0 to HW filter on device team0
[ 1872.346528][T65118] bridge0: port 1(bridge_slave_0) entered blocking state
[ 1872.353413][T65118] bridge0: port 1(bridge_slave_0) entered forwarding state
[ 1872.380909][T65118] bridge0: port 2(bridge_slave_1) entered blocking state
[ 1872.391863][T65118] bridge0: port 2(bridge_slave_1) entered forwarding state
[ 1872.482056][    C3] vkms_vblank_simulate: vblank timer overrun
[ 1872.781360][T66681] 8021q: adding VLAN 0 to HW filter on device batadv0
[ 1872.900553][T66681] veth0_vlan: entered promiscuous mode
[ 1872.920217][T66681] veth1_vlan: entered promiscuous mode
[ 1872.984726][T66681] veth0_macvtap: entered promiscuous mode
[ 1872.998840][T66681] veth1_macvtap: entered promiscuous mode
[ 1873.036840][T66681] batman_adv: batadv0: Interface activated: batadv_slave_0
[ 1873.063409][T66681] batman_adv: batadv0: Interface activated: batadv_slave_1
[ 1873.091180][   T12] netdevsim netdevsim2 netdevsim0: set [1, 0] type 2 family 0 port 6081 - 0
[ 1873.113051][   T12] netdevsim netdevsim2 netdevsim1: set [1, 0] type 2 family 0 port 6081 - 0
[ 1873.123324][   T12] netdevsim netdevsim2 netdevsim2: set [1, 0] type 2 family 0 port 6081 - 0
[ 1873.151341][T24809] netdevsim netdevsim2 netdevsim3: set [1, 0] type 2 family 0 port 6081 - 0
[ 1873.272330][ T2229] wlan0: Created IBSS using preconfigured BSSID 50:50:50:50:50:50
[ 1873.287562][ T2229] wlan0: Creating new IBSS network, BSSID 50:50:50:50:50:50
[ 1873.354403][ T2229] wlan1: Created IBSS using preconfigured BSSID 50:50:50:50:50:50
[ 1873.368347][ T2229] wlan1: Creating new IBSS network, BSSID 50:50:50:50:50:50
[ 1873.516760][    C3] vkms_vblank_simulate: vblank timer overrun
[ 1874.493107][    C3] vkms_vblank_simulate: vblank timer overrun
[ 1874.505918][ T1357] ieee802154 phy0 wpan0: encryption failed: -22
[ 1874.513920][ T1357] ieee802154 phy1 wpan1: encryption failed: -22
[ 1874.666032][T35696] Bluetooth: hci0: unexpected cc 0x0c03 length: 249 > 1
[ 1874.704008][T35696] Bluetooth: hci0: unexpected cc 0x1003 length: 249 > 9
[ 1874.731232][T35696] Bluetooth: hci0: unexpected cc 0x1001 length: 249 > 9
[ 1874.762107][T35696] Bluetooth: hci0: unexpected cc 0x0c23 length: 249 > 4
[ 1874.798313][T35696] Bluetooth: hci0: unexpected cc 0x0c38 length: 249 > 2
[ 1875.116734][   T12] netdevsim netdevsim1 netdevsim3 (unregistering): unset [1, 0] type 2 family 0 port 6081 - 0
[ 1875.352981][   T12] netdevsim netdevsim1 netdevsim2 (unregistering): unset [1, 0] type 2 family 0 port 6081 - 0
[ 1875.503296][   T12] netdevsim netdevsim1 netdevsim1 (unregistering): unset [1, 0] type 2 family 0 port 6081 - 0
[ 1875.734004][   T12] netdevsim netdevsim1 netdevsim0 (unregistering): unset [1, 0] type 2 family 0 port 6081 - 0
[ 1876.084262][T67212] chnl_net:caif_netlink_parms(): no params data found
[ 1876.225302][   T12] bridge_slave_1: left allmulticast mode
[ 1876.231271][   T12] bridge_slave_1: left promiscuous mode
[ 1876.243015][   T12] bridge0: port 2(bridge_slave_1) entered disabled state
[ 1876.387622][   T12] bridge_slave_0: left allmulticast mode
[ 1876.390438][   T12] bridge_slave_0: left promiscuous mode
[ 1876.428916][   T12] bridge0: port 1(bridge_slave_0) entered disabled state
[ 1876.879439][T35696] Bluetooth: hci0: command tx timeout
[ 1877.307683][    C3] vkms_vblank_simulate: vblank timer overrun
[ 1877.640513][    C3] vkms_vblank_simulate: vblank timer overrun
[ 1877.897083][   T12] bond0 (unregistering): (slave bond_slave_0): Releasing backup interface
[ 1877.961864][   T12] bond0 (unregistering): (slave bond_slave_1): Releasing backup interface
[ 1877.999845][   T12] bond0 (unregistering): Released all slaves
[ 1878.483607][    C3] vkms_vblank_simulate: vblank timer overrun
[ 1878.675533][T67212] bridge0: port 1(bridge_slave_0) entered blocking state
[ 1878.690176][T67212] bridge0: port 1(bridge_slave_0) entered disabled state
[ 1878.701006][T67212] bridge_slave_0: entered allmulticast mode
[ 1878.706320][T67212] bridge_slave_0: entered promiscuous mode
[ 1878.721440][T67212] bridge0: port 2(bridge_slave_1) entered blocking state
[ 1878.726710][T67212] bridge0: port 2(bridge_slave_1) entered disabled state
[ 1878.734173][T67212] bridge_slave_1: entered allmulticast mode
[ 1878.749048][T67212] bridge_slave_1: entered promiscuous mode
[ 1878.921824][T67212] bond0: (slave bond_slave_0): Enslaving as an active interface with an up link
[ 1878.938429][T67212] bond0: (slave bond_slave_1): Enslaving as an active interface with an up link
[ 1878.951406][T35696] Bluetooth: hci0: command tx timeout
[ 1879.175648][    C3] vkms_vblank_simulate: vblank timer overrun
[ 1879.338170][    C3] vkms_vblank_simulate: vblank timer overrun
[ 1879.618117][    C3] vkms_vblank_simulate: vblank timer overrun
[ 1879.723495][    C3] vkms_vblank_simulate: vblank timer overrun
[ 1880.092510][    C3] vkms_vblank_simulate: vblank timer overrun
[ 1880.103013][   T12] hsr_slave_0: left promiscuous mode
[ 1880.140038][   T12] hsr_slave_1: left promiscuous mode
[ 1880.143120][   T12] batman_adv: batadv0: Interface deactivated: batadv_slave_0
[ 1880.159603][   T12] batman_adv: batadv0: Removing interface: batadv_slave_0
[ 1880.246973][   T12] batman_adv: batadv0: Interface deactivated: batadv_slave_1
[ 1880.265861][   T12] batman_adv: batadv0: Removing interface: batadv_slave_1
[ 1880.300014][    C3] vkms_vblank_simulate: vblank timer overrun
[ 1880.383468][   T12] veth1_macvtap: left promiscuous mode
[ 1880.393698][   T12] veth0_macvtap: left promiscuous mode
[ 1880.407771][   T12] veth1_vlan: left promiscuous mode
[ 1880.419660][   T12] veth0_vlan: left promiscuous mode
[ 1881.044604][T35696] Bluetooth: hci0: command tx timeout
[ 1881.180960][T67568] warn_alloc: 7 callbacks suppressed
[ 1881.180978][T67568] syz.0.18006: vmalloc error: size 33558528, failed to allocated page array size 65544, mode:0xdc2(GFP_KERNEL|__GFP_HIGHMEM|__GFP_ZERO), nodemask=(null)
[ 1881.183324][    C3] vkms_vblank_simulate: vblank timer overrun
[ 1881.209030][T67568] ,cpuset=/,mems_allowed=0-1
[ 1881.209132][T67568] CPU: 0 UID: 0 PID: 67568 Comm: syz.0.18006 Not tainted 6.18.0 #1 PREEMPT(full) 
[ 1881.209154][T67568] Hardware name: QEMU Standard PC (i440FX + PIIX, 1996), BIOS rel-1.16.3-0-ga6ed6b701f0a-prebuilt.qemu.org 04/01/2014
[ 1881.209167][T67568] Call Trace:
[ 1881.209175][T67568]  <TASK>
[ 1881.209183][T67568]  dump_stack_lvl+0x180/0x1b0
[ 1881.209309][T67568]  warn_alloc+0x211/0x360
[ 1881.209333][T67568]  ? __pfx_warn_alloc+0x10/0x10
[ 1881.209351][T67568]  ? __pfx_alloc_vmap_area+0x10/0x10
[ 1881.209407][T67568]  ? __get_vm_area_node+0x10c/0x340
[ 1881.209438][T67568]  ? drm_property_create_blob.part.0+0x34/0x320
[ 1881.209506][T67568]  ? __vmalloc_node_noprof+0xac/0xf0
[ 1881.209566][T67568]  __vmalloc_node_range_noprof+0xfaa/0x13b0
[ 1881.209631][T67568]  ? drm_property_create_blob.part.0+0x34/0x320
[ 1881.209668][T67568]  ? __pfx___vmalloc_node_range_noprof+0x10/0x10
[ 1881.209708][T67568]  __kvmalloc_node_noprof+0x41f/0x9d0
[ 1881.209762][T67568]  ? drm_property_create_blob.part.0+0x34/0x320
[ 1881.209804][T67568]  ? drm_property_create_blob.part.0+0x34/0x320
[ 1881.209858][T67568]  ? drm_property_create_blob.part.0+0x34/0x320
[ 1881.209885][T67568]  drm_property_create_blob.part.0+0x34/0x320
[ 1881.209918][T67568]  drm_mode_createblob_ioctl+0x139/0x490
[ 1881.209950][T67568]  drm_ioctl_kernel+0x1ed/0x3e0
[ 1881.209967][T67568]  ? __pfx_drm_mode_createblob_ioctl+0x10/0x10
[ 1881.209995][T67568]  ? __pfx_drm_ioctl_kernel+0x10/0x10
[ 1881.210021][T67568]  drm_ioctl+0x574/0xb90
[ 1881.210041][T67568]  ? __pfx_drm_mode_createblob_ioctl+0x10/0x10
[ 1881.210070][T67568]  ? __pfx_drm_ioctl+0x10/0x10
[ 1881.210090][T67568]  ? hook_file_ioctl_common+0x146/0x3f0
[ 1881.210150][T67568]  ? __fget_files+0x1fb/0x3b0
[ 1881.210177][T67568]  ? __pfx_drm_ioctl+0x10/0x10
[ 1881.210196][T67568]  __x64_sys_ioctl+0x18f/0x210
[ 1881.210217][T67568]  do_syscall_64+0xcb/0xfa0
[ 1881.210249][T67568]  entry_SYSCALL_64_after_hwframe+0x77/0x7f
[ 1881.210270][T67568] RIP: 0033:0x7ff2df1b059d
[ 1881.210321][T67568] Code: 02 b8 ff ff ff ff c3 66 0f 1f 44 00 00 f3 0f 1e fa 48 89 f8 48 89 f7 48 89 d6 48 89 ca 4d 89 c2 4d 89 c8 4c 8b 4c 24 08 0f 05 <48> 3d 01 f0 ff ff 73 01 c3 48 c7 c1 a8 ff ff ff f7 d8 64 89 01 48
[ 1881.210340][T67568] RSP: 002b:00007ff2e00c8f98 EFLAGS: 00000246 ORIG_RAX: 0000000000000010
[ 1881.210359][T67568] RAX: ffffffffffffffda RBX: 00007ff2df426090 RCX: 00007ff2df1b059d
[ 1881.210372][T67568] RDX: 0000200000000180 RSI: 00000000c01064bd RDI: 000000000000000e
[ 1881.210384][T67568] RBP: 00007ff2df24e078 R08: 0000000000000000 R09: 0000000000000000
[ 1881.210395][T67568] R10: 0000000000000000 R11: 0000000000000246 R12: 0000000000000000
[ 1881.210406][T67568] R13: 00007ff2df426128 R14: 00007ff2df426090 R15: 00007ff2e00a9000
[ 1881.210434][T67568]  </TASK>
[ 1881.210474][T67568] Mem-Info:
[ 1881.210487][T67568] active_anon:7934 inactive_anon:0 isolated_anon:0
[ 1881.210487][T67568]  active_file:15824 inactive_file:63809 isolated_file:0
[ 1881.210487][T67568]  unevictable:1768 dirty:2407 writeback:0
[ 1881.210487][T67568]  slab_reclaimable:13533 slab_unreclaimable:64924
[ 1881.210487][T67568]  mapped:29878 shmem:2802 pagetables:1060
[ 1881.210487][T67568]  sec_pagetables:0 bounce:0
[ 1881.210487][T67568]  kernel_misc_reclaimable:0
[ 1881.210487][T67568]  free:425497 free_pcp:13188 free_cma:0
[ 1881.210533][T67568] Node 0 active_anon:21724kB inactive_anon:0kB active_file:27748kB inactive_file:209412kB unevictable:3536kB isolated(anon):0kB isolated(file):0kB mapped:79964kB dirty:1732kB writeback:0kB shmem:5768kB shmem_thp:0kB shmem_pmdmapped:0kB anon_thp:0kB kernel_stack:7140kB pagetables:2600kB sec_pagetables:0kB all_unreclaimable? no Balloon:0kB
[ 1881.210577][T67568] Node 1 active_anon:10012kB inactive_anon:0kB active_file:35548kB inactive_file:45824kB unevictable:3536kB isolated(anon):0kB isolated(file):0kB mapped:39548kB dirty:7896kB writeback:0kB shmem:5440kB shmem_thp:0kB shmem_pmdmapped:0kB anon_thp:0kB kernel_stack:5372kB pagetables:1640kB sec_pagetables:0kB all_unreclaimable? no Balloon:0kB
[ 1881.210621][T67568] Node 0 DMA free:8888kB boost:0kB min:452kB low:564kB high:676kB reserved_highatomic:0KB free_highatomic:0KB active_anon:0kB inactive_anon:0kB active_file:0kB inactive_file:0kB unevictable:0kB writepending:0kB zspages:0kB present:15992kB managed:15360kB mlocked:0kB bounce:0kB free_pcp:328kB local_pcp:84kB free_cma:0kB
[ 1881.210673][T67568] lowmem_reserve[]: 0 1176 1176 1176 1176
[ 1881.210714][T67568] Node 0 DMA32 free:468004kB boost:0kB min:34836kB low:43544kB high:52252kB reserved_highatomic:0KB free_highatomic:0KB active_anon:21724kB inactive_anon:0kB active_file:27748kB inactive_file:209412kB unevictable:3536kB writepending:1732kB zspages:0kB present:2080772kB managed:1204832kB mlocked:0kB bounce:0kB free_pcp:11308kB local_pcp:4996kB free_cma:0kB
[ 1881.210767][T67568] lowmem_reserve[]: 0 0 0 0 0
[ 1881.210818][T67568] Node 1 DMA32 free:824440kB boost:0kB min:29136kB low:36420kB high:43704kB reserved_highatomic:0KB free_highatomic:0KB active_anon:0kB inactive_anon:0kB active_file:19984kB inactive_file:4620kB unevictable:0kB writepending:4096kB zspages:0kB present:1048444kB managed:982908kB mlocked:0kB bounce:0kB free_pcp:35452kB local_pcp:9976kB free_cma:0kB
[ 1881.210889][T67568] lowmem_reserve[]: 0 0 846 846 846
[ 1881.210927][T67568] Node 1 Normal free:400656kB boost:0kB min:25680kB low:32100kB high:38520kB reserved_highatomic:0KB free_highatomic:0KB active_anon:10012kB inactive_anon:0kB active_file:15564kB inactive_file:41204kB unevictable:3536kB writepending:3800kB zspages:0kB present:1048576kB managed:866440kB mlocked:0kB bounce:0kB free_pcp:5664kB local_pcp:40kB free_cma:0kB
[ 1881.210980][T67568] lowmem_reserve[]: 0 0 0 0 0
[ 1881.211017][T67568] Node 0 DMA: 4*4kB (U) 3*8kB (U) 3*16kB (U) 1*32kB (U) 1*64kB (U) 4*128kB (U) 4*256kB (U) 4*512kB (U) 5*1024kB (U) 0*2048kB 0*4096kB = 8888kB
[ 1881.211174][T67568] Node 0 DMA32: 321*4kB (M) 128*8kB (ME) 91*16kB (UME) 56*32kB (UME) 196*64kB (UME) 231*128kB (UM) 336*256kB (UE) 245*512kB (UM) 204*1024kB (UME) 0*2048kB 0*4096kB = 468020kB
[ 1881.211372][T67568] Node 1 DMA32: 9*4kB (UM) 7*8kB (UME) 12*16kB (UME) 6*32kB (UME) 10*64kB (UME) 5*128kB (UE) 8*256kB (UME) 5*512kB (UE) 9*1024kB (UME) 15*2048kB (UME) 190*4096kB (UM) = 824540kB
[ 1881.211543][T67568] Node 1 Normal: 5*4kB (UME) 154*8kB (UME) 239*16kB (UME) 504*32kB (UME) 536*64kB (UME) 152*128kB (UME) 208*256kB (UE) 202*512kB (UE) 165*1024kB (U) 0*2048kB 0*4096kB = 400596kB
[ 1881.211704][T67568] Node 0 hugepages_total=2 hugepages_free=2 hugepages_surp=0 hugepages_size=2048kB
[ 1881.211720][T67568] Node 1 hugepages_total=2 hugepages_free=2 hugepages_surp=0 hugepages_size=2048kB
[ 1881.211734][T67568] 82437 total pagecache pages
[ 1881.211743][T67568] 0 pages in swap cache
[ 1881.211751][T67568] Free swap  = 124996kB
[ 1881.211759][T67568] Total swap = 124996kB
[ 1881.211768][T67568] 1048446 pages RAM
[ 1881.211802][T67568] 0 pages HighMem/MovableOnly
[ 1881.211808][T67568] 281061 pages reserved
[ 1881.211816][T67568] 0 pages cma reserved
[ 1882.231453][    C3] vkms_vblank_simulate: vblank timer overrun
[ 1882.309371][    C3] vkms_vblank_simulate: vblank timer overrun
[ 1882.400112][    C3] vkms_vblank_simulate: vblank timer overrun
[ 1882.718983][    C3] vkms_vblank_simulate: vblank timer overrun
[ 1883.099302][    C3] vkms_vblank_simulate: vblank timer overrun
[ 1883.129185][T35696] Bluetooth: hci0: command tx timeout
[ 1883.162773][    C3] vkms_vblank_simulate: vblank timer overrun
[ 1883.618389][    C3] vkms_vblank_simulate: vblank timer overrun
[ 1883.766066][    C3] vkms_vblank_simulate: vblank timer overrun
[ 1884.049543][    C3] vkms_vblank_simulate: vblank timer overrun
[ 1884.171440][    C3] vkms_vblank_simulate: vblank timer overrun
[ 1884.654175][   T12] team0 (unregistering): Port device team_slave_1 removed
[ 1885.203179][   T12] team0 (unregistering): Port device team_slave_0 removed
[ 1886.420461][T67212] team0: Port device team_slave_0 added
[ 1886.426657][T67212] team0: Port device team_slave_1 added
[ 1886.448833][    C3] vkms_vblank_simulate: vblank timer overrun
[ 1886.520075][T67212] batman_adv: batadv0: Adding interface: batadv_slave_0
[ 1886.534241][T67212] batman_adv: batadv0: The MTU of interface batadv_slave_0 is too small (1500) to handle the transport of batman-adv packets. Packets going over this interface will be fragmented on layer2 which could impact the performance. Setting the MTU to 1532 would solve the problem.
[ 1886.582037][T67212] batman_adv: batadv0: Not using interface batadv_slave_0 (retrying later): interface not active
[ 1886.604977][T67212] batman_adv: batadv0: Adding interface: batadv_slave_1
[ 1886.622042][T67212] batman_adv: batadv0: The MTU of interface batadv_slave_1 is too small (1500) to handle the transport of batman-adv packets. Packets going over this interface will be fragmented on layer2 which could impact the performance. Setting the MTU to 1532 would solve the problem.
[ 1886.689729][T67212] batman_adv: batadv0: Not using interface batadv_slave_1 (retrying later): interface not active
[ 1886.765049][    C3] vkms_vblank_simulate: vblank timer overrun
[ 1886.899449][T67212] hsr_slave_0: entered promiscuous mode
[ 1886.909803][T67212] hsr_slave_1: entered promiscuous mode
[ 1887.229351][    C3] vkms_vblank_simulate: vblank timer overrun
[ 1888.270043][T67212] netdevsim netdevsim1 netdevsim0: renamed from eth0
[ 1888.283523][T67212] netdevsim netdevsim1 netdevsim1: renamed from eth1
[ 1888.308936][T67212] netdevsim netdevsim1 netdevsim2: renamed from eth2
[ 1888.328820][T67212] netdevsim netdevsim1 netdevsim3: renamed from eth3
[ 1888.532363][T67212] 8021q: adding VLAN 0 to HW filter on device bond0
[ 1888.572695][T67212] 8021q: adding VLAN 0 to HW filter on device team0
[ 1888.596003][  T158] bridge0: port 1(bridge_slave_0) entered blocking state
[ 1888.604763][  T158] bridge0: port 1(bridge_slave_0) entered forwarding state
[ 1888.615136][  T158] bridge0: port 2(bridge_slave_1) entered blocking state
[ 1888.623189][  T158] bridge0: port 2(bridge_slave_1) entered forwarding state
[ 1888.782092][    C3] vkms_vblank_simulate: vblank timer overrun
[ 1888.818280][T67212] hsr0: Slave B (hsr_slave_1) is not up; please bring it up to get a fully working HSR network
[ 1889.015310][    C3] vkms_vblank_simulate: vblank timer overrun
[ 1889.114880][    C3] vkms_vblank_simulate: vblank timer overrun
[ 1889.250821][T67212] 8021q: adding VLAN 0 to HW filter on device batadv0
[ 1889.356109][T67212] veth0_vlan: entered promiscuous mode
[ 1889.378089][T67212] veth1_vlan: entered promiscuous mode
[ 1889.454579][    C3] vkms_vblank_simulate: vblank timer overrun
[ 1889.467744][T67212] veth0_macvtap: entered promiscuous mode
[ 1889.532818][T67212] veth1_macvtap: entered promiscuous mode
[ 1889.601038][T67212] batman_adv: batadv0: Interface activated: batadv_slave_0
[ 1889.649094][T67212] batman_adv: batadv0: Interface activated: batadv_slave_1
[ 1889.689520][T24809] netdevsim netdevsim1 netdevsim0: set [1, 0] type 2 family 0 port 6081 - 0
[ 1889.722352][T24809] netdevsim netdevsim1 netdevsim1: set [1, 0] type 2 family 0 port 6081 - 0
[ 1889.769201][T24809] netdevsim netdevsim1 netdevsim2: set [1, 0] type 2 family 0 port 6081 - 0
[ 1889.817237][T24809] netdevsim netdevsim1 netdevsim3: set [1, 0] type 2 family 0 port 6081 - 0
[ 1890.163044][ T2229] wlan0: Created IBSS using preconfigured BSSID 50:50:50:50:50:50
[ 1890.166903][ T2229] wlan0: Creating new IBSS network, BSSID 50:50:50:50:50:50
[ 1890.328131][   T50] wlan1: Created IBSS using preconfigured BSSID 50:50:50:50:50:50
[ 1890.344933][   T50] wlan1: Creating new IBSS network, BSSID 50:50:50:50:50:50
[ 1891.500520][    C3] vkms_vblank_simulate: vblank timer overrun
[ 1891.986313][    C3] vkms_vblank_simulate: vblank timer overrun
[ 1892.120101][    C3] vkms_vblank_simulate: vblank timer overrun
[ 1892.326752][    C3] vkms_vblank_simulate: vblank timer overrun
[ 1893.409366][    C3] vkms_vblank_simulate: vblank timer overrun
[ 1895.100795][    C3] vkms_vblank_simulate: vblank timer overrun
[ 1896.634928][    C3] vkms_vblank_simulate: vblank timer overrun
[ 1896.776344][T68056] warn_alloc: 1 callbacks suppressed
[ 1896.776364][T68056] syz.2.18108: vmalloc error: size 35651584, failed to allocated page array size 69632, mode:0xdc2(GFP_KERNEL|__GFP_HIGHMEM|__GFP_ZERO), nodemask=(null),cpuset=/,mems_allowed=0-1
[ 1896.811803][T68056] CPU: 1 UID: 0 PID: 68056 Comm: syz.2.18108 Not tainted 6.18.0 #1 PREEMPT(full) 
[ 1896.811831][T68056] Hardware name: QEMU Standard PC (i440FX + PIIX, 1996), BIOS rel-1.16.3-0-ga6ed6b701f0a-prebuilt.qemu.org 04/01/2014
[ 1896.811843][T68056] Call Trace:
[ 1896.811851][T68056]  <TASK>
[ 1896.811860][T68056]  dump_stack_lvl+0x180/0x1b0
[ 1896.811895][T68056]  warn_alloc+0x211/0x360
[ 1896.811916][T68056]  ? __pfx_warn_alloc+0x10/0x10
[ 1896.811936][T68056]  ? __pfx_alloc_vmap_area+0x10/0x10
[ 1896.811960][T68056]  ? __get_vm_area_node+0x10c/0x340
[ 1896.811991][T68056]  ? drm_property_create_blob.part.0+0x34/0x320
[ 1896.812022][T68056]  ? __vmalloc_node_noprof+0xac/0xf0
[ 1896.812052][T68056]  __vmalloc_node_range_noprof+0xfaa/0x13b0
[ 1896.812088][T68056]  ? drm_property_create_blob.part.0+0x34/0x320
[ 1896.812121][T68056]  ? __pfx___vmalloc_node_range_noprof+0x10/0x10
[ 1896.812170][T68056]  __kvmalloc_node_noprof+0x41f/0x9d0
[ 1896.812194][T68056]  ? drm_property_create_blob.part.0+0x34/0x320
[ 1896.812221][T68056]  ? drm_property_create_blob.part.0+0x34/0x320
[ 1896.812252][T68056]  ? drm_property_create_blob.part.0+0x34/0x320
[ 1896.812276][T68056]  drm_property_create_blob.part.0+0x34/0x320
[ 1896.812302][T68056]  drm_mode_createblob_ioctl+0x139/0x490
[ 1896.812331][T68056]  drm_ioctl_kernel+0x1ed/0x3e0
[ 1896.812348][T68056]  ? __pfx_drm_mode_createblob_ioctl+0x10/0x10
[ 1896.812373][T68056]  ? __pfx_drm_ioctl_kernel+0x10/0x10
[ 1896.812436][T68056]  drm_ioctl+0x574/0xb90
[ 1896.812456][T68056]  ? __pfx_drm_mode_createblob_ioctl+0x10/0x10
[ 1896.812482][T68056]  ? __pfx_drm_ioctl+0x10/0x10
[ 1896.812501][T68056]  ? hook_file_ioctl_common+0x146/0x3f0
[ 1896.812527][T68056]  ? __fget_files+0x1fb/0x3b0
[ 1896.812748][T68056]  ? __pfx_drm_ioctl+0x10/0x10
[ 1896.812766][T68056]  __x64_sys_ioctl+0x18f/0x210
[ 1896.812787][T68056]  do_syscall_64+0xcb/0xfa0
[ 1896.812817][T68056]  entry_SYSCALL_64_after_hwframe+0x77/0x7f
