last executing test programs:

1.644198591s ago: executing program 0 (id=11611):
syz_open_dev$dri(&(0x7f0000000580), 0x1, 0x100)
syz_open_dev$dri(&(0x7f0000000180), 0x0, 0x1)
r0 = syz_open_dev$dri(&(0x7f0000000000), 0x3fffc0, 0x48000)
r1 = syz_open_dev$dri(&(0x7f0000000000), 0x3fffc0, 0x48000)
ioctl$DRM_IOCTL_MODE_CREATE_DUMB(r1, 0xc02064b2, &(0x7f0000000080)={0x8, 0x4, 0x10000})
r2 = syz_open_dev$dri(&(0x7f0000000000), 0x3fffc0, 0x48000)
ioctl$DRM_IOCTL_MODE_CREATE_DUMB(r2, 0xc02064b2, &(0x7f0000000080)={0x8, 0x4, 0x10000})
ioctl$DRM_IOCTL_MODE_CREATE_DUMB(r2, 0xc02064b2, &(0x7f00000001c0)={0x1, 0x1, 0x7})
ioctl$DRM_IOCTL_MODE_CREATE_DUMB(r0, 0xc02064b2, &(0x7f0000000080)={0x8, 0x4, 0x10000})
syz_open_dev$dri(&(0x7f0000000000), 0x3fffc0, 0x48000)
r3 = syz_open_dev$dri(&(0x7f0000000040), 0x2, 0x80001)
ioctl$DRM_IOCTL_SET_CLIENT_CAP(r3, 0x4010640d, &(0x7f0000000140)={0x6})
syz_open_dev$dri(&(0x7f0000000000), 0x1, 0x2000)
r4 = syz_open_dev$dri(&(0x7f0000000000), 0x1, 0x2000)
ioctl$DRM_IOCTL_MODE_GETRESOURCES(r4, 0xc04064a0, &(0x7f0000000340)={0x0, &(0x7f0000000280)=[0x0], 0x0, 0x0, 0x0, 0x1})
r5 = syz_open_dev$dri(&(0x7f0000000000), 0x1, 0x2000)
r6 = syz_open_dev$dri(&(0x7f0000000000), 0x1, 0x2000)
ioctl$DRM_IOCTL_MODE_GETRESOURCES(r6, 0xc04064a0, &(0x7f0000000340)={0x0, &(0x7f0000000280)=[<r7=>0x0], 0x0, 0x0, 0x0, 0x1})
ioctl$DRM_IOCTL_MODE_GETCRTC(r5, 0xc06864a1, &(0x7f0000000440)={0x0, 0x0, r7, <r8=>0x0})
r9 = syz_open_dev$dri(&(0x7f0000000000), 0x1, 0x2000)
syz_open_dev$dri(&(0x7f0000000000), 0x1, 0x2000)
ioctl$DRM_IOCTL_MODE_GETRESOURCES(0xffffffffffffffff, 0xc04064a0, &(0x7f0000000340)={0x0, &(0x7f00000000c0)=[0x0, 0x0, 0x0, 0x0, 0x0, 0x0], 0x0, 0x0, 0x0, 0x6})
r10 = syz_open_dev$dri(&(0x7f0000000000), 0x1, 0x2000)
ioctl$DRM_IOCTL_MODE_GETRESOURCES(0xffffffffffffffff, 0xc04064a0, &(0x7f0000000340)={0x0, &(0x7f0000000280)=[<r11=>0x0], 0x0, 0x0, 0x0, 0x1})
ioctl$DRM_IOCTL_MODE_GETCRTC(r10, 0xc06864a1, &(0x7f0000000440)={0x0, 0x0, r11})
ioctl$DRM_IOCTL_MODE_GETCRTC(r9, 0xc06864a1, &(0x7f0000000440)={0x0, 0x0, 0x0, <r12=>0x0})
ioctl$DRM_IOCTL_MODE_GETFB2(r9, 0xc06864ce, &(0x7f0000000040)={r12, 0x7, 0x5, 0xfffffff8, 0x3, [], [0x2, 0xbc01, 0xf, 0x8001], [0x7fff, 0x5, 0x4, 0x8], [0x9, 0x30, 0xfffffffffffffff9]})
ioctl$DRM_IOCTL_MODE_GETFB2(r5, 0xc06864ce, &(0x7f0000000040)={r8, 0x7, 0x6, 0xfffffffa, 0x3, [], [0x2, 0x9, 0xf, 0x8001], [0x8, 0x5, 0x80, 0x8], [0x9, 0x30, 0xfffffffffffffff9, 0x9db]})
r13 = syz_open_dev$dri(&(0x7f0000000000), 0x1, 0x0)
ioctl$DRM_IOCTL_MODE_ADDFB(r13, 0xc01c64ae, &(0x7f0000000bc0)={0x0, 0x9, 0x80000000, 0x2, 0x20, 0x6, 0x1})

1.416762841s ago: executing program 3 (id=11615):
r0 = syz_open_dev$dri(&(0x7f0000000000), 0x3fffc0, 0x48000)
ioctl$DRM_IOCTL_MODE_CREATE_DUMB(r0, 0xc02064b2, &(0x7f0000000080)={0x8, 0x4, 0x10000, 0x0, <r1=>0x0})
r2 = syz_open_dev$dri(&(0x7f0000000180), 0x0, 0x1)
ioctl$DRM_IOCTL_MODE_CREATE_LEASE(0xffffffffffffffff, 0xc01864c6, 0x0)
r3 = syz_open_dev$dri(&(0x7f0000000380), 0x3fffc0, 0x48000)
ioctl$DRM_IOCTL_MODE_CREATE_DUMB(r3, 0xc02064b2, &(0x7f0000000080)={0x8, 0x4, 0x10000, 0x0, <r4=>0x0})
r5 = syz_open_dev$dri(&(0x7f0000000000), 0x3fffc0, 0x48000)
ioctl$DRM_IOCTL_MODE_CREATE_DUMB(r5, 0xc02064b2, &(0x7f00000000c0)={0xa, 0x8, 0x10004})
ioctl$DRM_IOCTL_MODE_DESTROY_DUMB(r3, 0xc00464b4, &(0x7f0000000780)={r4})
ioctl$DRM_IOCTL_MODE_CREATE_DUMB(r2, 0xc02064b2, 0x0)
ioctl$DRM_IOCTL_MODE_DESTROY_DUMB(r0, 0xc00464b4, &(0x7f0000000780)={r1})
r6 = syz_open_dev$dri(&(0x7f0000000540), 0xffffffffeffffd35, 0x8018b3bdd48dc58b)
ioctl$DRM_IOCTL_IRQ_BUSID(0xffffffffffffffff, 0xc0106403, 0x0)
ioctl$DRM_IOCTL_MODE_GETFB(0xffffffffffffffff, 0xc01c64ad, 0x0)
r7 = syz_open_dev$dri(&(0x7f0000000000), 0x1, 0x2000)
r8 = syz_open_dev$dri(&(0x7f0000000000), 0x1, 0x800)
ioctl$DRM_IOCTL_MODE_GETRESOURCES(r8, 0xc04064a0, &(0x7f0000000340)={0x0, &(0x7f0000000040)=[<r9=>0x0, 0x0], 0x0, 0x0, 0x0, 0x1, 0x0, 0x1b})
ioctl$DRM_IOCTL_MODE_GETCRTC(r7, 0xc06864a1, &(0x7f00000001c0)={0x0, 0x0, r9, <r10=>0x0})
ioctl$DRM_IOCTL_MODE_DIRTYFB(r8, 0xc01864b1, &(0x7f0000000100)={r10, 0x2, 0x8, 0x0, 0x0})
ioctl$DRM_IOCTL_SYNCOBJ_TRANSFER(0xffffffffffffffff, 0xc02064cc, 0x0)
r11 = syz_open_dev$dri(0x0, 0x9, 0x0)
ioctl$DRM_IOCTL_MODE_GETCONNECTOR(r11, 0xc05064a7, 0x0)
ioctl$DRM_IOCTL_GET_MAGIC(r6, 0x80046402, 0x0)
ioctl$DRM_IOCTL_AGP_UNBIND(0xffffffffffffffff, 0x40106437, 0x0)
ioctl$DRM_IOCTL_AUTH_MAGIC(r6, 0x40046411, 0x0)
ioctl$DRM_IOCTL_ADD_CTX(0xffffffffffffffff, 0xc0086420, 0x0)
ioctl$DRM_IOCTL_SWITCH_CTX(r11, 0x40086424, 0x0)
ioctl$DRM_IOCTL_MODE_GETENCODER(0xffffffffffffffff, 0xc01464a6, 0x0)
ioctl$DRM_IOCTL_MODE_OBJ_GETPROPERTIES(0xffffffffffffffff, 0xc02064b9, 0x0)
ioctl$DRM_IOCTL_PRIME_HANDLE_TO_FD(0xffffffffffffffff, 0xc00c642d, 0x0)

1.344134062s ago: executing program 0 (id=11619):
r0 = syz_open_dev$dri(&(0x7f0000000000), 0x3, 0x10000)
ioctl$DRM_IOCTL_SYNCOBJ_FD_TO_HANDLE_FD(0xffffffffffffffff, 0xc01864c2, &(0x7f0000000040)={<r1=>0x0})
ioctl$DRM_IOCTL_SYNCOBJ_FD_TO_HANDLE_SYNC_FILE(0xffffffffffffffff, 0xc01864c2, &(0x7f0000000080)={<r2=>0x0})
ioctl$DRM_IOCTL_SYNCOBJ_CREATE(0xffffffffffffffff, 0xc00864bf, &(0x7f00000000c0)={<r3=>0x0})
ioctl$DRM_IOCTL_SYNCOBJ_FD_TO_HANDLE_SYNC_FILE(0xffffffffffffffff, 0xc01864c2, &(0x7f0000000100)={<r4=>0x0})
ioctl$DRM_IOCTL_SYNCOBJ_FD_TO_HANDLE_FD(0xffffffffffffffff, 0xc01864c2, &(0x7f0000000140)={<r5=>0x0})
ioctl$DRM_IOCTL_SYNCOBJ_CREATE(0xffffffffffffffff, 0xc00864bf, &(0x7f0000000180)={<r6=>0x0, 0x1})
ioctl$DRM_IOCTL_SYNCOBJ_CREATE(0xffffffffffffffff, 0xc00864bf, &(0x7f00000001c0)={<r7=>0x0, 0x1})
ioctl$DRM_IOCTL_SYNCOBJ_WAIT(r0, 0xc02864c3, &(0x7f0000000240)={&(0x7f0000000200)=[r1, r2, r3, r4, r5, r6, r7], 0x8, 0x7})
ioctl$DRM_IOCTL_SYNCOBJ_CREATE(r0, 0xc00864bf, &(0x7f0000000280)={<r8=>0x0, 0x1})
ioctl$DRM_IOCTL_SYNCOBJ_TIMELINE_WAIT(r0, 0xc03064ca, &(0x7f0000000340)={&(0x7f00000002c0)=[r1, r6, r7, r7, r8], &(0x7f0000000300)=[0x9, 0x7f, 0x30000, 0x100000001], 0x7fffffff, 0x5, 0x4})
ioctl$DRM_IOCTL_ADD_CTX(r0, 0xc0086420, &(0x7f0000000380)={<r9=>0x0})
ioctl$DRM_IOCTL_GET_CTX(r0, 0xc0086423, &(0x7f00000003c0)={r9, 0x1})
ioctl$DRM_IOCTL_SYNCOBJ_HANDLE_TO_FD_FD(r0, 0xc01864c1, &(0x7f0000000400)={r4})
r10 = openat$drirender128(0xffffffffffffff9c, &(0x7f0000000440), 0x4a0680, 0x0)
ioctl$DRM_IOCTL_MODE_GETRESOURCES(r10, 0xc04064a0, &(0x7f0000000580)={&(0x7f0000000480)=[0x0, 0x0, 0x0, 0x0, 0x0], &(0x7f00000004c0)=[0x0, 0x0, 0x0, 0x0, 0x0, 0x0], &(0x7f0000000500)=[0x0, 0x0, 0x0, 0x0], &(0x7f0000000540)=[<r11=>0x0], 0x5, 0x6, 0x4, 0x1})
ioctl$DRM_IOCTL_SYNCOBJ_HANDLE_TO_FD_SYNC_FILE(r0, 0xc01864c1, &(0x7f00000005c0)={r4, 0x1, <r12=>0xffffffffffffffff})
ioctl$DRM_IOCTL_SYNCOBJ_FD_TO_HANDLE_SYNC_FILE(r0, 0xc01864c2, &(0x7f0000000600)={0x0, 0x1, r12})
ioctl$DRM_IOCTL_SYNCOBJ_HANDLE_TO_FD_FD(r0, 0xc01864c1, &(0x7f0000000640)={r2})
ioctl$DRM_IOCTL_WAIT_VBLANK(0xffffffffffffffff, 0xc018643a, &(0x7f0000000680)={0x8000000, 0x7, 0x3})
ioctl$DRM_IOCTL_SET_SAREA_CTX(r10, 0x4010641c, &(0x7f0000000740)={r9, &(0x7f00000006c0)=""/125})
ioctl$DRM_IOCTL_RM_MAP(r0, 0x4028641b, &(0x7f0000000780)={0x0, 0x0, 0x0, 0x0, &(0x7f0000ffa000/0x3000)=nil})
ioctl$DRM_IOCTL_MODE_GETENCODER(r10, 0xc01464a6, &(0x7f00000007c0)={r11})
ioctl$DRM_IOCTL_RM_MAP(r0, 0x4028641b, &(0x7f0000000800)={0x0, 0x0, 0x0, 0x0, &(0x7f0000ffb000/0x3000)=nil})
ioctl$DRM_IOCTL_MODE_GETENCODER(r0, 0xc01464a6, &(0x7f0000000840)={r11})
ioctl$DRM_IOCTL_SET_UNIQUE(r10, 0x40106410, &(0x7f00000008c0)={0x24, &(0x7f0000000880)="f1ed06d45ace4c82835d98a6f71b422a13abdc211e5ffeb09a41fbba507e087f94255504"})
r13 = openat$drirender128(0xffffffffffffff9c, &(0x7f0000000900), 0x30d40, 0x0)
ioctl$DRM_IOCTL_SYNCOBJ_RESET(r13, 0xc01064c4, &(0x7f0000000980)={&(0x7f0000000940)=[0x0, r2, r2], 0x3})
ioctl$DRM_IOCTL_AGP_RELEASE(r0, 0x6431)
ioctl$DRM_IOCTL_MODE_GETENCODER(0xffffffffffffffff, 0xc01464a6, &(0x7f0000000a00)={r11})

1.329391936s ago: executing program 3 (id=11620):
r0 = syz_open_dev$dri(&(0x7f0000000000), 0x1, 0x2000)
ioctl$DRM_IOCTL_MODE_CREATE_LEASE(r0, 0xc01864c6, &(0x7f0000000100)={0x0, 0x0, 0x800, 0x0, <r1=>0xffffffffffffffff})
r2 = syz_open_dev$dri(&(0x7f0000000000), 0x1, 0x800)
ioctl$DRM_IOCTL_MODE_GETRESOURCES(r2, 0xc04064a0, &(0x7f0000000340)={0x0, &(0x7f0000000280), 0x0, 0x0})
ioctl$DRM_IOCTL_MODE_GETCRTC(r1, 0xc06864a1, &(0x7f00000003c0)={0x0})

1.23796272s ago: executing program 0 (id=11622):
ioctl$DRM_IOCTL_MODE_GET_LEASE(0xffffffffffffffff, 0xc01064c8, 0x0)
syz_open_dev$dri(&(0x7f0000000180), 0x0, 0x1) (async, rerun: 32)
r0 = syz_open_dev$dri(&(0x7f0000000000), 0xfffffffffffffffc, 0x0) (rerun: 32)
ioctl$DRM_IOCTL_MODE_GETRESOURCES(r0, 0xc04064a0, &(0x7f0000000340)={0x0, 0x0, &(0x7f0000000240)=[<r1=>0x0], 0x0, 0x0, 0x0, 0x1})
ioctl$DRM_IOCTL_MODE_GETCONNECTOR(r0, 0xc05064a7, &(0x7f0000000180)={&(0x7f0000000080)=[0x0], &(0x7f0000000380)=[{}], 0x0, 0x0, 0x1, 0x0, 0x1, 0x0, r1}) (async)
ioctl$DRM_IOCTL_MODE_CREATE_LEASE(r0, 0xc01864c6, &(0x7f0000000280)={&(0x7f0000000240)=[0x0, 0x0, 0x0], 0x3, 0x800, 0x0, <r2=>0xffffffffffffffff})
ioctl$DRM_IOCTL_MODE_SETPROPERTY(r2, 0xc01064ab, &(0x7f0000000340)={0x5})
r3 = syz_open_dev$dri(&(0x7f0000000000), 0xfffffffffffffffc, 0x0)
ioctl$DRM_IOCTL_MODE_CREATEPROPBLOB(r3, 0xc01064bd, &(0x7f0000000180)={&(0x7f00000004c0)="7c2772857a834be7ae4d44d445cf9005999d5e5643889232b9093459aaaf9e9f14a4b2fd8f003c5fc63d45c1284d4415120f0f47da6951aa485d79e079be6b6e7ec264529cc196ac9ee1382d36f63eda11484bd7668d5ccf64cf963a2818cfc4fa70eac3ef17b361938f4e7f0057adae5fcf13357a6af880bf70e132cc8655cfc24841ec657da1d381584e00fe0891949c717f9fc004f503131ab7f85d821ba515686ef591c936b831c077931d13cd7894151eef069b62a937663176b4a373018f54b362f382ade0b55ef93aadd1733f5715a2db2f4aab6e7720fa7e077accb5e10439f8b9b669b91770fba3bb2a714b5feaa800000000000000000000000000df6391e9b5abd8dee90f36dc759104ac259c8405962dabd36539a2b141bd4c620f033546e04cc6c28b48a8ccab886ad9dcded23ceb1953cb0dc52eb8fdd7be000000000000000537e21d3a9f3b5cb0652fc85bd723399efc20455c69705a097aee81031670f33c48a0cf64863b03f15911281024833028442ee27f000000000000000000000000007c10184c07d4417ddfa18c2929add0f47f6bbb1a8e0ecbe3bf8bdd46c272886e02b0645d14e09224ff00291a2c217b0a578c55cdcf0f2231523eb70eb96f837c7d0639366eec31d8b0a9fce5f36325072fa8a067df057bb28ef42f64be861935393a8b221d15b07e238fd30ac839968dd8d030e2b618f18d82f595acdc929c1fef622e69a0bed78cc8217e967a29ef041391662161efaf4cd3ccdcb7a7a7fce45d918e3aeaaf589e735dff96edc216c2fa43d12bcb80a5f9d13faaa9a8dcb7f72580d9f2220615573a8e85a821f339cefc4eeb5d53b62b0dd95d6af7696dca7abbac0ced89ea93984f41567e242f5629e7a3dc6f7b3bad5096a0ea52c5bd32dc64a1d2bcad4c91bf18361bd4dbdedf23f8f34d55e938b984e46fe31bf636d7765d739b6a5a343552b57f73920dd456cfd981e739f4ca38c56739bf339b9e8ef45bf175ac3704b23ff48750", 0xc81423, <r4=>0x0}) (async)
r5 = syz_open_dev$dri(&(0x7f0000000000), 0x1, 0x2000)
r6 = syz_open_dev$dri(&(0x7f0000000000), 0x1, 0x2000)
ioctl$DRM_IOCTL_MODE_GETRESOURCES(r6, 0xc04064a0, &(0x7f0000000340)={0x0, &(0x7f0000000280)=[<r7=>0x0], 0x0, 0x0, 0x0, 0x1})
ioctl$DRM_IOCTL_MODE_GETCRTC(r5, 0xc06864a1, &(0x7f0000000440)={0x0, 0x0, r7, <r8=>0x0})
ioctl$DRM_IOCTL_MODE_GETFB2(r5, 0xc06864ce, &(0x7f0000000040)={r8, 0x7, 0x6, 0xfffffffa, 0x3, [<r9=>0x0], [0x2, 0x9, 0xf, 0x8001], [0x8, 0x5, 0x80, 0x8], [0x9, 0x30, 0xfffffffffffffff9, 0x9db]})
r10 = syz_open_dev$dri(&(0x7f0000000000), 0x3fffc0, 0x48000)
ioctl$DRM_IOCTL_MODE_CREATE_DUMB(r10, 0xc02064b2, &(0x7f0000000080)={0x8, 0x4, 0x10000, 0x0, <r11=>0x0})
ioctl$DRM_IOCTL_MODE_DESTROY_DUMB(r10, 0xc00464b4, &(0x7f0000000780)={r11}) (async, rerun: 64)
ioctl$DRM_IOCTL_PRIME_HANDLE_TO_FD(r5, 0xc00c642d, &(0x7f0000000080)={r9, 0x80000, <r12=>0xffffffffffffffff}) (rerun: 64)
ioctl$DRM_IOCTL_MAP_BUFS(r12, 0x40046201, 0x0)
r13 = syz_open_dev$dri(&(0x7f0000000000), 0x1, 0x2000) (async)
r14 = syz_open_dev$dri(&(0x7f0000000300), 0xfffffffffffffffa, 0x40800)
ioctl$DRM_IOCTL_MODE_GETCONNECTOR(r14, 0xc05064a7, 0x0)
ioctl$DRM_IOCTL_MODE_ATOMIC(r14, 0xc03864bc, &(0x7f0000000a80)={0x0, 0x0, 0x0, 0x0, 0x0, 0x0, 0x0, 0x200}) (async)
ioctl$DRM_IOCTL_MODE_OBJ_SETPROPERTY(r13, 0xc01864ba, &(0x7f0000000040)={0x5, 0x0, r4})
r15 = openat$drirender128(0xffffffffffffff9c, &(0x7f0000000200), 0x80, 0x0)
ioctl$DRM_IOCTL_SET_MASTER(r15, 0x641e)
ioctl$DRM_IOCTL_MODE_GETGAMMA(r13, 0xc02064a4, &(0x7f00000001c0)={0x0, 0x0, 0x0, 0x0, 0x0}) (async)
ioctl$DRM_IOCTL_RM_MAP(r2, 0x4028641b, &(0x7f0000000380)={0x0, 0x0, 0x0, 0x0, &(0x7f0000ff9000/0x4000)=nil})

1.23655063s ago: executing program 3 (id=11624):
r0 = openat$drirender128(0xffffffffffffff9c, &(0x7f0000000a80), 0x200382, 0x0)
r1 = syz_open_dev$dri(&(0x7f0000000000), 0xfffffffffffffffc, 0x10d000)
r2 = syz_open_dev$dri(&(0x7f0000000000), 0xfffffffffffffffc, 0x2)
ioctl$DRM_IOCTL_MODE_CREATE_DUMB(r2, 0xc02064b2, &(0x7f0000000040)={0x10001, 0x5, 0x9, 0x0, <r3=>0x0})
ioctl$DRM_IOCTL_MODE_MAP_DUMB(r2, 0xc01064b3, &(0x7f0000000200)={r3})
ioctl$DRM_IOCTL_MODE_CREATEPROPBLOB(r2, 0xc01064bd, &(0x7f0000000180)={&(0x7f0000000080)="7c2772857a834be7ae4d44d445cf9005999d5e56438892322b2223a8aaaf9e9f14a4b2fd8f003c5fc63d45c1284d4415120f0f47da6951fb126bf521dc909d6e7ec264529cc196ac9ee1382d36f63eda11484bd7668d5ccf64cf963a2818cfc4fa70eac3ef17b361938f4e7f0057adae5fcf13357a6af880bf70e132cc8655cfc24841ec657da1d381584e00fe0891949c717f9fc004f503131ab7f85d821ba515686ef591c936b831c077a03a13cd7894151eef069b62a937663176b4a373018f", 0x2000000})
r4 = syz_open_dev$dri(&(0x7f0000000000), 0xfffffffffffffffc, 0x0)
ioctl$DRM_IOCTL_MODE_LIST_LESSEES(0xffffffffffffffff, 0xc01064c7, 0x0)
ioctl$DRM_IOCTL_MODE_CREATEPROPBLOB(r1, 0xc01064bd, &(0x7f0000000180)={&(0x7f0000000340)="7c2772857a834be7ae4dfecd0000000000001e5e000000002b003c5fe83d45c1284d4415120f0f47da6950bb126bf521dc909d6e7ec264529cc196ac9ee1382d36f63eda11484bd7668d5ccf65cf963a2818cfc4fa0000000000000000000000003e9bb17937b03b76577e9487059504c5536e28c4d75755bb13c1eea2bfab60bbe07ec3bc7fb841046dfc2dadb054ccaba3632e050f74e3a8fb43081300c2e4c46779d9daa601e27c3651fec0d4fc39c2ce9a5f090dae0282c1c5a5f5aa7f106aeb83006dc64361a254b89b902a04b6d5cb70203ff2447a6dec82acb42e0140f5d32a38b62177542263e5e5ce1b8d9020a885735099f487dfb901e8f3965d390de731b2", 0x104})
r5 = syz_open_dev$dri(0xfffffffffffffffe, 0xf2b, 0x21ab43)
r6 = syz_open_dev$dri(&(0x7f0000000080), 0x0, 0x20000)
ioctl$DRM_IOCTL_MODE_CREATEPROPBLOB(r6, 0xc01064bd, 0x0)
ioctl$DRM_IOCTL_GEM_OPEN(r4, 0xc010640b, 0x0)
syz_open_dev$dri(&(0x7f0000000d40), 0x3, 0x434480)
r7 = syz_open_dev$dri(&(0x7f0000000000), 0xfffffffffffffffc, 0x0)
ioctl$DRM_IOCTL_MODE_CREATEPROPBLOB(r7, 0xc01064bd, &(0x7f0000000180)={&(0x7f0000000080)="7c2772857a834be7ae4d44d445cf9005999d5e56438892322b2223a8aaaf9e9f14a4b2fd8f003c5fc63d45c1284d4415120f0f47da6951fb126bf521dc909d6e7ec264529cc196ac9ee1382d36f63eda11484bd7668d5ccf64cf963a2818cfc4fa70eac3ef17b361938f4e7f0057adae5fcf13357a6af880bf70e132cc8655cfc24841ec657da1d381584e00fe0891949c717f9fc004f503131ab7f85d821ba515686ef591c936b831c077a03a13cd7894151eef069b62a937663176b4a373018f", 0x2000000})
ioctl$DRM_IOCTL_GEM_CLOSE(r5, 0x40086409, 0x0)
openat$drirender128(0xffffffffffffff9c, &(0x7f0000000080), 0x2acc0, 0x0)
r8 = syz_open_dev$dri(&(0x7f0000000000), 0xfffffffffffffffc, 0x0)
ioctl$DRM_IOCTL_MODE_CREATEPROPBLOB(r8, 0xc01064bd, &(0x7f0000000180)={&(0x7f0000000080)="7c2772857a834be7ae4d44d445cf9005999d5e56438892322b2223a8aaaf9e9f14a4b2fd8f003c5fc63d45c1284d4415120f0f47da6951fb126bf521dc909d6e7ec264529cc196ac9ee1382d36f63eda11484bd7668d5ccf64cf963a2818cfc4fa70eac3ef17b361938f4e7f0057adae5fcf13357a6af880bf70e132cc8655cfc24841ec657da1d381584e00fe0891949c717f9fc004f503131ab7f85d821ba515686ef591c936b831c077a03a13cd7894151eef069b62a937663176b4a373018f", 0x2000000})
ioctl$DRM_IOCTL_SET_CLIENT_CAP(r8, 0x4010640d, &(0x7f00000002c0))
ioctl$DRM_IOCTL_MODE_DESTROY_DUMB(r0, 0xc00464b4, 0x0)
r9 = syz_open_dev$dri(&(0x7f0000000000), 0x2, 0x1)
ioctl$DRM_IOCTL_MODE_ADDFB(r9, 0xc01c64ae, &(0x7f0000000040)={0x0, 0x2000, 0x1, 0x1000, 0x18, 0x18, 0x5})
syz_open_dev$dri(&(0x7f0000000300), 0xfffffffffffffffa, 0xe500)
r10 = syz_open_dev$dri(&(0x7f0000000100), 0x2, 0x80000)
ioctl$DRM_IOCTL_MODE_RMFB(r10, 0xc00464af, &(0x7f0000000b00))
r11 = syz_open_dev$dri(&(0x7f0000000000), 0x2, 0x1)
ioctl$DRM_IOCTL_MODE_ADDFB(r11, 0xc01c64ae, &(0x7f0000000040)={0x0, 0x7, 0x1, 0x1000, 0x18, 0x18, 0x5})
syz_open_dev$dri(&(0x7f0000000000), 0x2, 0x1)

1.086609111s ago: executing program 2 (id=11626):
r0 = syz_open_dev$dri(&(0x7f0000000000), 0x1, 0x2000)
r1 = syz_open_dev$dri(&(0x7f0000000000), 0x1, 0x2000)
ioctl$DRM_IOCTL_MODE_CREATEPROPBLOB(r0, 0xc01064bd, &(0x7f00000001c0)={&(0x7f00000000c0)="28f52eaa", 0x4, <r2=>0x0})
r3 = syz_open_dev$dri(&(0x7f0000000040), 0x54, 0x80000)
ioctl$DRM_IOCTL_MODE_GETPLANE(r0, 0xc02064b6, &(0x7f0000000100)={0x0, 0x0, <r4=>0x0, 0x0, 0x0, 0x5, &(0x7f0000000080)=[0x0, 0x0, 0x0, 0x0, 0x0]})
ioctl$DRM_IOCTL_MODE_RMFB(r3, 0xc00464af, &(0x7f0000000140)=r4)
ioctl$DRM_IOCTL_MODE_DESTROYPROPBLOB(r1, 0xc00464be, &(0x7f0000000200)={r2})
syz_open_dev$dri(&(0x7f0000000000), 0x1, 0x2000) (async)
syz_open_dev$dri(&(0x7f0000000000), 0x1, 0x2000) (async)
ioctl$DRM_IOCTL_MODE_CREATEPROPBLOB(r0, 0xc01064bd, &(0x7f00000001c0)={&(0x7f00000000c0)="28f52eaa", 0x4}) (async)
syz_open_dev$dri(&(0x7f0000000040), 0x54, 0x80000) (async)
ioctl$DRM_IOCTL_MODE_GETPLANE(r0, 0xc02064b6, &(0x7f0000000100)={0x0, 0x0, 0x0, 0x0, 0x0, 0x5, &(0x7f0000000080)=[0x0, 0x0, 0x0, 0x0, 0x0]}) (async)
ioctl$DRM_IOCTL_MODE_RMFB(r3, 0xc00464af, &(0x7f0000000140)=r4) (async)
ioctl$DRM_IOCTL_MODE_DESTROYPROPBLOB(r1, 0xc00464be, &(0x7f0000000200)={r2}) (async)

895.64184ms ago: executing program 2 (id=11628):
syz_open_dev$dri(&(0x7f0000000580), 0x1, 0x100)
syz_open_dev$dri(&(0x7f0000000180), 0x0, 0x1)
r0 = syz_open_dev$dri(&(0x7f0000000000), 0x3fffc0, 0x48000)
r1 = syz_open_dev$dri(&(0x7f0000000000), 0x3fffc0, 0x48000)
ioctl$DRM_IOCTL_MODE_CREATE_DUMB(r1, 0xc02064b2, &(0x7f0000000080)={0x8, 0x4, 0x10000})
r2 = syz_open_dev$dri(&(0x7f0000000000), 0x3fffc0, 0x48000)
ioctl$DRM_IOCTL_MODE_CREATE_DUMB(r2, 0xc02064b2, &(0x7f0000000080)={0x8, 0x4, 0x10000})
ioctl$DRM_IOCTL_MODE_CREATE_DUMB(r2, 0xc02064b2, &(0x7f00000001c0)={0x1, 0x1, 0x7})
ioctl$DRM_IOCTL_MODE_CREATE_DUMB(r0, 0xc02064b2, &(0x7f0000000080)={0x8, 0x4, 0x10000})
syz_open_dev$dri(&(0x7f0000000000), 0x3fffc0, 0x48000)
r3 = syz_open_dev$dri(&(0x7f0000000040), 0x2, 0x80001)
ioctl$DRM_IOCTL_SET_CLIENT_CAP(r3, 0x4010640d, &(0x7f0000000140)={0x6})
syz_open_dev$dri(&(0x7f0000000000), 0x1, 0x2000)
r4 = syz_open_dev$dri(&(0x7f0000000000), 0x1, 0x2000)
ioctl$DRM_IOCTL_MODE_GETRESOURCES(r4, 0xc04064a0, &(0x7f0000000340)={0x0, &(0x7f0000000280)=[0x0], 0x0, 0x0, 0x0, 0x1})
r5 = syz_open_dev$dri(&(0x7f0000000000), 0x1, 0x2000)
r6 = syz_open_dev$dri(&(0x7f0000000000), 0x1, 0x2000)
ioctl$DRM_IOCTL_MODE_GETRESOURCES(r6, 0xc04064a0, &(0x7f0000000340)={0x0, &(0x7f0000000280)=[<r7=>0x0], 0x0, 0x0, 0x0, 0x1})
ioctl$DRM_IOCTL_MODE_GETCRTC(r5, 0xc06864a1, &(0x7f0000000440)={0x0, 0x0, r7, <r8=>0x0})
r9 = syz_open_dev$dri(&(0x7f0000000000), 0x1, 0x2000)
syz_open_dev$dri(&(0x7f0000000000), 0x1, 0x2000)
ioctl$DRM_IOCTL_MODE_GETRESOURCES(0xffffffffffffffff, 0xc04064a0, &(0x7f0000000340)={0x0, &(0x7f00000000c0)=[0x0, 0x0, 0x0, 0x0, 0x0, 0x0], 0x0, 0x0, 0x0, 0x6})
r10 = syz_open_dev$dri(&(0x7f0000000000), 0x1, 0x2000)
ioctl$DRM_IOCTL_MODE_GETRESOURCES(0xffffffffffffffff, 0xc04064a0, &(0x7f0000000340)={0x0, &(0x7f0000000280)=[<r11=>0x0], 0x0, 0x0, 0x0, 0x1})
ioctl$DRM_IOCTL_MODE_GETCRTC(r10, 0xc06864a1, &(0x7f0000000440)={0x0, 0x0, r11})
ioctl$DRM_IOCTL_MODE_GETCRTC(r9, 0xc06864a1, &(0x7f0000000440)={0x0, 0x0, 0x0, <r12=>0x0})
ioctl$DRM_IOCTL_MODE_GETFB2(r9, 0xc06864ce, &(0x7f0000000040)={r12, 0x7, 0x5, 0xfffffff8, 0x3, [], [0x2, 0xbc01, 0xf, 0x8001], [0x7fff, 0x5, 0x4, 0x8], [0x9, 0x30, 0xfffffffffffffff9]})
ioctl$DRM_IOCTL_MODE_GETFB2(r5, 0xc06864ce, &(0x7f0000000040)={r8, 0x7, 0x6, 0xfffffffa, 0x3, [], [0x2, 0x9, 0xf, 0x8001], [0x8, 0x5, 0x80, 0x8], [0x9, 0x30, 0xfffffffffffffff9, 0x9db]})
r13 = syz_open_dev$dri(&(0x7f0000000000), 0x1, 0x0)
ioctl$DRM_IOCTL_MODE_ADDFB(r13, 0xc01c64ae, &(0x7f0000000bc0)={0x0, 0x9, 0x80000000, 0x2, 0x20, 0x6, 0x1})

824.971048ms ago: executing program 0 (id=11629):
r0 = syz_open_dev$dri(&(0x7f0000000000), 0x1, 0x40001)
ioctl$DRM_IOCTL_MODE_GETPROPBLOB(r0, 0xc01064ac, &(0x7f0000000780)={0x0, 0x0, 0x0})
r1 = syz_open_dev$dri(&(0x7f0000000000), 0xfffffffffffffffc, 0x40000)
ioctl$DRM_IOCTL_MODE_CREATE_LEASE(r1, 0xc01864c6, &(0x7f00000000c0)={0x0, 0x0, 0x0, 0x0, <r2=>0xffffffffffffffff})
ioctl$DRM_IOCTL_MODE_SETCRTC(r2, 0xc06864a2, &(0x7f0000000400)={0x0, 0x0, 0x0, 0x0, 0x9, 0x7, 0x82db, 0x6, {0x4, 0x1, 0xc, 0x3, 0x8, 0x1, 0x7fff, 0x36, 0xfff8, 0xefe, 0xd8, 0xfffffffd, 0x6, 0x9, "86a9d654c459a12d4a40ec9beb6e35ea5aa73b1e2a1c2d2fde3b02067f858e0f"}})

744.957615ms ago: executing program 1 (id=11630):
r0 = syz_open_dev$dri(&(0x7f0000000000), 0x3fffc0, 0x48000)
ioctl$DRM_IOCTL_MODE_CREATE_DUMB(r0, 0xc02064b2, &(0x7f00000001c0)={0x6, 0x0, 0x7})
r1 = syz_open_dev$dri(&(0x7f0000000340), 0xfaa, 0x800)
ioctl$DRM_IOCTL_GET_CAP(r1, 0xc010640c, &(0x7f00000000c0)={0x13})

743.547581ms ago: executing program 0 (id=11631):
syz_open_dev$dri(&(0x7f0000000000), 0xfffffffffffffffc, 0x10d000)
r0 = syz_open_dev$dri(&(0x7f0000000000), 0xfffffffffffffffc, 0x2)
ioctl$DRM_IOCTL_MODE_CREATE_DUMB(r0, 0xc02064b2, &(0x7f0000000040)={0x10001, 0x5, 0x9, 0x0, <r1=>0x0})
ioctl$DRM_IOCTL_MODE_MAP_DUMB(r0, 0xc01064b3, &(0x7f0000000200)={r1})
ioctl$DRM_IOCTL_MODE_CREATEPROPBLOB(r0, 0xc01064bd, &(0x7f0000000180)={&(0x7f0000000080)="7c2772857a834be7ae4d44d445cf9005999d5e56438892322b2223a8aaaf9e9f14a4b2fd8f003c5fc63d45c1284d4415120f0f47da6951fb126bf521dc909d6e7ec264529cc196ac9ee1382d36f63eda11484bd7668d5ccf64cf963a2818cfc4fa70eac3ef17b361938f4e7f0057adae5fcf13357a6af880bf70e132cc8655cfc24841ec657da1d381584e00fe0891949c717f9fc004f503131ab7f85d821ba515686ef591c936b831c077a03a13cd7894151eef06", 0xb5})
r2 = syz_open_dev$dri(&(0x7f0000000000), 0xfffffffffffffffc, 0x0)
ioctl$DRM_IOCTL_MODE_LIST_LESSEES(0xffffffffffffffff, 0xc01064c7, 0x0)
ioctl$DRM_IOCTL_MODE_CREATEPROPBLOB(r2, 0xc01064bd, &(0x7f0000000180)={&(0x7f0000000080)="7c2772857a834be7ae4d44d445cf9005999d5e56438892322b2223a8aaaf9e9f14a4b2fd8f003c5fc63d45c1284d4415120f0f47da6951fb126bf521dc909d6e7ec264529cc196ac9ee1382d36f63eda11484bd7668d5ccf64cf963a2818cfc4fa70eac3ef17b361938f4e7f0057adae5fcf13357a6af880bf70e132cc8655cfc24841ec657da1d381584e00fe0891949c717f9fc004f503131ab7f85d821ba515686ef591c936b831c077a03a13cd7894151eef069b62a937663176b4a373018f", 0x2000000})
r3 = syz_open_dev$dri(0xfffffffffffffffe, 0xf2b, 0x21ab43)
r4 = syz_open_dev$dri(&(0x7f0000000080), 0x0, 0x20000)
ioctl$DRM_IOCTL_MODE_CREATEPROPBLOB(r4, 0xc01064bd, 0x0)
ioctl$DRM_IOCTL_GEM_OPEN(r2, 0xc010640b, 0x0)
syz_open_dev$dri(&(0x7f0000000d40), 0x3, 0x434480)
r5 = syz_open_dev$dri(&(0x7f0000000000), 0xfffffffffffffffc, 0x0)
ioctl$DRM_IOCTL_MODE_CREATEPROPBLOB(r5, 0xc01064bd, &(0x7f0000000180)={&(0x7f0000000080)="7c2772857a834be7ae4d44d445cf9005999d5e56438892322b2223a8aaaf9e9f14a4b2fd8f003c5fc63d45c1284d4415120f0f47da6951fb126bf521dc909d6e7ec264529cc196ac9ee1382d36f63eda11484bd7668d5ccf64cf963a2818cfc4fa70eac3ef17b361938f4e7f0057adae5fcf13357a6af880bf70e132cc8655cfc24841ec657da1d381584e00fe0891949c717f9fc004f503131ab7f85d821ba515686ef591c936b831c077a03a13cd7894151eef069b62a937663176b4a373018f", 0x2000000})
ioctl$DRM_IOCTL_GEM_CLOSE(r3, 0x40086409, 0x0)
ioctl$DRM_IOCTL_ADD_MAP(r4, 0xc0286415, &(0x7f00000001c0)={&(0x7f0000ffc000/0x1000)=nil, 0x0, 0x2, 0x11})
ioctl$DRM_IOCTL_MODE_CREATE_LEASE(0xffffffffffffffff, 0xc01864c6, 0x0)
r6 = syz_open_dev$dri(&(0x7f0000000000), 0x0, 0x0)
ioctl$DRM_IOCTL_GET_CAP(r6, 0xc010640c, &(0x7f0000000140)={0x8})
r7 = openat$drirender128(0xffffffffffffff9c, &(0x7f0000000080), 0x2acc0, 0x0)
r8 = syz_open_dev$dri(&(0x7f0000000000), 0xfffffffffffffffc, 0x0)
ioctl$DRM_IOCTL_MODE_CREATEPROPBLOB(r8, 0xc01064bd, &(0x7f0000000180)={&(0x7f0000000080)="7c2772857a834be7ae4d44d445cf9005999d5e56438892322b2223a8aaaf9e9f14a4b2fd8f003c5fc63d45c1284d4415120f0f47da6951fb126bf521dc909d6e7ec264529cc196ac9ee1382d36f63eda11484bd7668d5ccf64cf963a2818cfc4fa70eac3ef17b361938f4e7f0057adae5fcf13357a6af880bf70e132cc8655cfc24841ec657da1d381584e00fe0891949c717f9fc004f503131ab7f85d821ba515686ef591c936b831c077a03a13cd7894151eef069b62a937663176b4a373018f", 0x2000000})
r9 = syz_open_dev$dri(&(0x7f00000001c0), 0xa8c, 0x0)
ioctl$DRM_IOCTL_MODE_GETFB2(r7, 0xc06864ce, &(0x7f0000000240)={0x0, 0x4, 0x4, 0x80, 0x1, [0x0, 0x0, <r10=>0x0], [0x3, 0x5, 0x80000000, 0x3], [0x8001, 0x4888, 0xff, 0x5], [0x2, 0xfffffffffffffff9, 0x9, 0x2]})
ioctl$DRM_IOCTL_GEM_FLINK(0xffffffffffffffff, 0xc008640a, &(0x7f0000000300)={r10})
ioctl$DRM_IOCTL_PRIME_HANDLE_TO_FD(r9, 0xc00c642d, &(0x7f0000000400)={0x0, 0x80000})
ioctl$DRM_IOCTL_SET_CLIENT_CAP(r8, 0x4010640d, &(0x7f00000002c0))

661.303402ms ago: executing program 2 (id=11632):
r0 = syz_open_dev$dri(&(0x7f0000000000), 0xfffffffffffffffc, 0x40000)
r1 = syz_open_dev$dri(&(0x7f0000000000), 0xfffffffffffffffc, 0x0)
ioctl$DRM_IOCTL_MODE_GETRESOURCES(r1, 0xc04064a0, &(0x7f0000000340)={0x0, 0x0, &(0x7f0000000240)=[<r2=>0x0], 0x0, 0x0, 0x0, 0x1})
ioctl$DRM_IOCTL_MODE_OBJ_GETPROPERTIES(r0, 0xc02064b9, &(0x7f00000002c0)={0x0, 0x0, 0x3f, r2})
r3 = syz_open_dev$dri(&(0x7f0000000700), 0x2, 0x101800)
ioctl$DRM_IOCTL_MODE_CREATE_DUMB(r3, 0xc02064b2, &(0x7f0000000180)={0x400, 0x38, 0x967, 0x0, <r4=>0x0})
r5 = syz_open_dev$dri(&(0x7f0000000000), 0x1, 0x2000)
ioctl$DRM_IOCTL_MODE_SETGAMMA(r5, 0xc02064a5, &(0x7f00000009c0)={0x0, 0x0, 0x0, 0x0, 0x0})
syz_open_dev$dri(&(0x7f0000000000), 0x2000000000000000, 0x0)
r6 = syz_open_dev$dri(&(0x7f0000000000), 0xa0, 0x400)
ioctl$DRM_IOCTL_MODE_CREATE_DUMB(r6, 0xc02064b2, &(0x7f0000000a00)={0xfffffffa, 0x1, 0x7})
ioctl$DRM_IOCTL_MODE_CREATE_DUMB(r6, 0xc02064b2, &(0x7f0000000700)={0xf4d, 0x3cfe, 0x7})
r7 = syz_open_dev$dri(&(0x7f0000000000), 0x1ff, 0x0)
ioctl$DRM_IOCTL_MODE_GETRESOURCES(r7, 0xc04064a0, &(0x7f0000000600)={0x0, 0x0, &(0x7f0000000580)=[<r8=>0x0], 0x0, 0x0, 0x0, 0x1})
ioctl$DRM_IOCTL_MODE_GETCONNECTOR(r7, 0xc05064a7, &(0x7f0000000340)={0x0, 0x0, 0x0, 0x0, 0x0, 0x0, 0x0, 0x0, r8})
ioctl$DRM_IOCTL_MODE_DESTROY_DUMB(r3, 0xc00464b4, &(0x7f0000000040)={r4})

661.049974ms ago: executing program 1 (id=11633):
r0 = syz_open_dev$dri(&(0x7f0000000000), 0x1, 0x2000)
ioctl$DRM_IOCTL_MODE_CREATE_LEASE(r0, 0xc01864c6, &(0x7f0000000100)={0x0, 0x0, 0x800, 0x0, <r1=>0xffffffffffffffff})
r2 = syz_open_dev$dri(&(0x7f0000000000), 0x1, 0x800)
ioctl$DRM_IOCTL_MODE_GETRESOURCES(r2, 0xc04064a0, &(0x7f0000000340)={0x0, &(0x7f0000000280), 0x0, 0x0})
ioctl$DRM_IOCTL_MODE_GETCRTC(r1, 0xc06864a1, &(0x7f00000003c0)={0x0})

585.161824ms ago: executing program 2 (id=11634):
r0 = syz_open_dev$dri(0x0, 0x1, 0x0)
ioctl$DRM_IOCTL_MODE_GETRESOURCES(r0, 0xc04064a0, &(0x7f00000018c0)={0x0, 0x0, 0x0, &(0x7f0000000000)=[<r1=>0x0], 0x0, 0x0, 0x0, 0x1})
ioctl$DRM_IOCTL_MODE_GETENCODER(r0, 0xc01464a6, &(0x7f00000001c0)={r1})

516.18972ms ago: executing program 1 (id=11635):
r0 = syz_open_dev$dri(&(0x7f0000000000), 0x1, 0x2000)
r1 = syz_open_dev$dri(&(0x7f0000000000), 0x1, 0x2000)
ioctl$DRM_IOCTL_MODE_GETRESOURCES(r1, 0xc04064a0, &(0x7f0000000340)={0x0, &(0x7f0000000280)=[<r2=>0x0], 0x0, 0x0, 0x0, 0x1})
ioctl$DRM_IOCTL_MODE_GETPLANE(r0, 0xc02064b6, &(0x7f0000000100)={0x0, r2, <r3=>0x0, 0x0, 0x0, 0x4, &(0x7f00000000c0)=[0x0, 0x0, 0x0, 0x0]})
ioctl$DRM_IOCTL_MODE_DIRTYFB(r0, 0xc01864b1, &(0x7f0000000180)={r3, 0x1, 0x0, 0x5, &(0x7f0000000140)=[{0x5, 0xdb, 0x10, 0x1}, {0xb5a, 0x7ff, 0x2, 0x8}, {0x1ff, 0x5, 0x400, 0x7}, {0x1ff, 0x2, 0x4, 0x401}, {0x400, 0x8, 0x3, 0x10}]})
r4 = syz_open_dev$dri(&(0x7f0000000000), 0x1, 0x2000)
r5 = syz_open_dev$dri(&(0x7f0000000000), 0x1, 0x2000)
ioctl$DRM_IOCTL_MODE_GETRESOURCES(r5, 0xc04064a0, &(0x7f0000000340)={0x0, &(0x7f0000000280)=[<r6=>0x0], 0x0, 0x0, 0x0, 0x1})
ioctl$DRM_IOCTL_MODE_GETCRTC(r4, 0xc06864a1, &(0x7f0000000440)={0x0, 0x0, r6, <r7=>0x0})
r8 = syz_open_dev$dri(&(0x7f0000000000), 0x1, 0x2000)
r9 = syz_open_dev$dri(&(0x7f0000000000), 0x1, 0x2000)
ioctl$DRM_IOCTL_MODE_CREATE_DUMB(r1, 0xc02064b2, &(0x7f00000001c0)={0x5, 0x200000, 0x4})
ioctl$DRM_IOCTL_MODE_GETRESOURCES(r9, 0xc04064a0, &(0x7f0000000340)={0x0, &(0x7f0000000280)=[<r10=>0x0], 0x0, 0x0, 0x0, 0x1})
r11 = syz_open_dev$dri(&(0x7f0000000000), 0x1, 0x2000)
ioctl$DRM_IOCTL_MODE_GETRESOURCES(0xffffffffffffffff, 0xc04064a0, &(0x7f0000000340)={0x0, &(0x7f0000000280)=[<r12=>0x0], 0x0, 0x0, 0x0, 0x1})
ioctl$DRM_IOCTL_MODE_GETCRTC(r11, 0xc06864a1, &(0x7f0000000440)={0x0, 0x0, r12})
ioctl$DRM_IOCTL_MODE_GETCRTC(r8, 0xc06864a1, &(0x7f0000000440)={0x0, 0x0, r10, <r13=>0x0})
ioctl$DRM_IOCTL_MODE_GETFB2(r8, 0xc06864ce, &(0x7f0000000040)={r13, 0x7, 0x5, 0xfffffff8, 0x3, [], [0x2, 0xbc01, 0xf, 0x8001], [0x7fff, 0x5, 0x4, 0x8], [0x9, 0x30, 0xfffffffffffffff9]})
ioctl$DRM_IOCTL_MODE_GETFB2(r4, 0xc06864ce, &(0x7f0000000040)={r7, 0x7, 0x6, 0xfffffffa, 0x3, [], [0x2, 0x9, 0xf, 0x8001], [0x8, 0x5, 0x80, 0x8], [0x9, 0x30, 0xfffffffffffffff9, 0x9db]})
r14 = syz_open_dev$dri(&(0x7f0000000000), 0x0, 0x0)
r15 = syz_open_dev$dri(&(0x7f0000000180), 0x0, 0x1)
ioctl$DRM_IOCTL_MODE_PAGE_FLIP(r15, 0xc01864b0, &(0x7f0000000140)={0x0, 0x0, 0x2, 0x5e0e, 0x8})
ioctl$DRM_IOCTL_MODE_GETPROPERTY(r14, 0xc04064aa, &(0x7f00000004c0)={0x0, 0x0})
syz_open_dev$dri(&(0x7f0000000000), 0x1, 0x2000)

437.111152ms ago: executing program 3 (id=11636):
ioctl$DRM_IOCTL_MODE_CREATE_LEASE(0xffffffffffffffff, 0xc01864c6, &(0x7f0000000280)={&(0x7f0000000240)=[0x0, 0x0, 0x0], 0x3, 0x800, 0x0, <r0=>0xffffffffffffffff}) (async)
r1 = syz_open_dev$dri(&(0x7f0000000000), 0xfffffffffffffffc, 0x0)
ioctl$DRM_IOCTL_MODE_CREATEPROPBLOB(r1, 0xc01064bd, &(0x7f0000000180)={&(0x7f0000000080)="7c2772857a834be7ae4d44d445cf9005999d5e56438892322b2223a8aaaf9e9f14a4b2fd8f003c5fc63d45c1284d4415120f0f47da6951fb126bf521dc909d6e7ec264529cc196ac9ee1382d36f63eda11484bd7668d5ccf64cf963a2818cfc4fa70eac3ef17b361938f4e7f0057adae5fcf13357a6af880bf70e132cc8655cfc24841ec657da1d381584e00fe0891949c717f9fc004f503131ab7f85d821ba515686ef591c936b831c077a03a13cd7894151eef069b62a937663176b4a373018f", 0x2000000}) (async)
r2 = syz_open_dev$dri(&(0x7f0000000000), 0x1, 0x2000) (async)
r3 = openat$drirender128(0xffffffffffffff9c, &(0x7f0000000200), 0x80, 0x0)
ioctl$DRM_IOCTL_SET_MASTER(r3, 0x641e) (async)
ioctl$DRM_IOCTL_MODE_GETGAMMA(r2, 0xc02064a4, &(0x7f00000001c0)={0x0, 0x0, 0x0, 0x0, 0x0}) (async)
syz_open_dev$dri(&(0x7f0000000640), 0x3, 0x380)
r4 = syz_open_dev$dri(&(0x7f0000000840), 0x495c, 0x400)
ioctl$DRM_IOCTL_MODE_GET_LEASE(0xffffffffffffffff, 0xc01064c8, &(0x7f00000000c0)={0x1, 0x0, &(0x7f0000000040)=[<r5=>0x0]})
ioctl$DRM_IOCTL_MODE_GETPROPBLOB(r4, 0xc01064ac, &(0x7f0000000200)={r5, 0x0, 0x0}) (async)
ioctl$DRM_IOCTL_MODE_SETPROPERTY(0xffffffffffffffff, 0xc01064ab, 0x0) (async)
r6 = syz_open_dev$dri(&(0x7f0000000000), 0x3fffc0, 0x20000)
r7 = syz_open_dev$dri(&(0x7f0000000840), 0x495c, 0x400)
ioctl$DRM_IOCTL_MODE_GETFB(r7, 0xc01c64ad, &(0x7f0000000600)) (async)
ioctl$DRM_IOCTL_MODE_GET_LEASE(r6, 0xc01064c8, &(0x7f00000000c0)={0x1, 0x0, &(0x7f0000000040)=[<r8=>0x0]})
ioctl$DRM_IOCTL_MODE_GETPROPBLOB(r7, 0xc01064ac, &(0x7f0000000200)={r8, 0x8d, &(0x7f0000000100)=""/141})
ioctl$DRM_IOCTL_MODE_GET_LEASE(r2, 0xc01064c8, &(0x7f0000000940)={0x4, 0x0, &(0x7f0000000900)=[0x0, <r9=>0x0, 0x0, 0x0]})
ioctl$DRM_IOCTL_MODE_SETCRTC(r0, 0xc06864a2, &(0x7f0000000980)={&(0x7f0000000880)=[0x0, 0x0, 0x0, r5], 0x4, r8, r9, 0x9, 0x4, 0xd7f1, 0x6, {0x9, 0x8, 0x8, 0x0, 0x7, 0x3, 0x6, 0x7f, 0xfff, 0x1d, 0x2, 0x9, 0xfffffffe, 0x8, "b7d1381472016f5d7db9674e0dd2660f1f3cb359cb3903a5148a6d97a295dcf6"}})
ioctl$DRM_IOCTL_PRIME_HANDLE_TO_FD(0xffffffffffffffff, 0xc00c642d, &(0x7f0000000000)={0x0, 0x80000, <r10=>0xffffffffffffffff}) (async)
ioctl$DRM_IOCTL_MODE_GETCONNECTOR(r6, 0xc05064a7, &(0x7f0000000380)={&(0x7f00000007c0)=[0x0, 0x0, 0x0, 0x0, 0x0, 0x0], &(0x7f0000000080), &(0x7f0000000300)=[0x0, 0x0], &(0x7f00000002c0)=[0x0, 0x0, 0x0, 0x0, 0x0, 0x0], 0x0, 0x2, 0x6, 0x0, r5})
ioctl$DRM_IOCTL_MODE_GETCRTC(0xffffffffffffffff, 0xc06864a1, &(0x7f0000000540)={&(0x7f0000000740)=[0x0, 0x0, 0x0, 0x0, 0x0, 0x0, 0x0], 0x7, 0x0, <r11=>0x0})
ioctl$DRM_IOCTL_MODE_OBJ_SETPROPERTY(r10, 0xc01864ba, &(0x7f00000004c0)={0x8000000000000001, 0x0, r11, 0xcccccccc})

436.30207ms ago: executing program 2 (id=11637):
r0 = syz_open_dev$dri(&(0x7f0000000000), 0xa, 0x1)
ioctl$DRM_IOCTL_GET_MAGIC(r0, 0x80046402, 0x0)
syz_open_dev$dri(&(0x7f0000000000), 0xfffffffffffffffc, 0x10d000)
r1 = syz_open_dev$dri(0x0, 0xfffffffffffffffc, 0x2)
ioctl$DRM_IOCTL_MODE_CREATE_DUMB(r1, 0xc02064b2, &(0x7f0000000040)={0x10001, 0x5, 0x9, 0x0, <r2=>0x0})
ioctl$DRM_IOCTL_MODE_MAP_DUMB(r1, 0xc01064b3, &(0x7f0000000200)={r2})
r3 = syz_open_dev$dri(&(0x7f0000000000), 0xfffffffffffffffc, 0x0)
ioctl$DRM_IOCTL_MODE_LIST_LESSEES(0xffffffffffffffff, 0xc01064c7, 0x0)
ioctl$DRM_IOCTL_MODE_CREATEPROPBLOB(r3, 0xc01064bd, &(0x7f0000000180)={&(0x7f0000000080)="7c2772857a834be7ae4d44d445cf9005999d5e56438892322b2223a8aaaf9e9f14a4b2fd8f003c5fc63d45c1284d4415120f0f47da6951fb126bf521dc909d6e7ec264529cc196ac9ee1382d36f63eda11484bd7668d5ccf64cf963a2818cfc4fa70eac3ef17b361938f4e7f0057adae5fcf13357a6af880bf70e132cc8655cfc24841ec657da1d381584e00fe0891949c717f9fc004f503131ab7f85d821ba515686ef591c936b831c077a03a13cd7894151eef069b62a937663176b4a373018f", 0x2000000})
r4 = syz_open_dev$dri(0xfffffffffffffffe, 0xf2b, 0x21ab43)
r5 = syz_open_dev$dri(&(0x7f0000000080), 0x0, 0x20000)
ioctl$DRM_IOCTL_MODE_CREATEPROPBLOB(r5, 0xc01064bd, 0x0)
ioctl$DRM_IOCTL_GEM_OPEN(r3, 0xc010640b, 0x0)
syz_open_dev$dri(&(0x7f0000000d40), 0x3, 0x434480)
syz_open_dev$dri(&(0x7f0000000000), 0xfffffffffffffffc, 0x0)
ioctl$DRM_IOCTL_GEM_CLOSE(r4, 0x40086409, 0x0)
ioctl$DRM_IOCTL_MODE_CREATE_LEASE(0xffffffffffffffff, 0xc01864c6, 0x0)
openat$drirender128(0xffffffffffffff9c, &(0x7f0000000080), 0x2acc0, 0x0)
r6 = syz_open_dev$dri(&(0x7f0000000000), 0xfffffffffffffffc, 0x0)
ioctl$DRM_IOCTL_MODE_CREATEPROPBLOB(r6, 0xc01064bd, &(0x7f0000000180)={&(0x7f0000000080)="7c2772857a834be7ae4d44d445cf9005999d5e56438892322b2223a8aaaf9e9f14a4b2fd8f003c5fc63d45c1284d4415120f0f47da6951fb126bf521dc909d6e7ec264529cc196ac9ee1382d36f63eda11484bd7668d5ccf64cf963a2818cfc4fa70eac3ef17b361938f4e7f0057adae5fcf13357a6af880bf70e132cc8655cfc24841ec657da1d381584e00fe0891949c717f9fc004f503131ab7f85d821ba515686ef591c936b831c077a03a13cd7894151eef069b62a937663176b4a37301", 0xc0})
ioctl$DRM_IOCTL_SET_CLIENT_CAP(r6, 0x4010640d, &(0x7f00000002c0))
ioctl$DRM_IOCTL_AUTH_MAGIC(r0, 0x40046411, &(0x7f00000000c0)=0x1)

296.270536ms ago: executing program 1 (id=11638):
r0 = syz_open_dev$dri(&(0x7f0000000000), 0x1, 0x2000)
r1 = syz_open_dev$dri(&(0x7f0000000000), 0x1, 0x2000)
r2 = syz_open_dev$dri(&(0x7f0000000000), 0x1, 0x2000)
r3 = syz_open_dev$dri(&(0x7f0000000000), 0x0, 0x103000)
ioctl$DRM_IOCTL_MODE_SETPLANE(r3, 0xc03064b7, &(0x7f00000001c0)={0x0, 0x0, 0x0, 0x1, 0x6, 0x3, 0xffffff80, 0xd4, 0x4, 0x10, 0x9, 0x3})
ioctl$DRM_IOCTL_MODE_GETRESOURCES(r2, 0xc04064a0, &(0x7f0000000340)={0x0, &(0x7f0000000280)=[<r4=>0x0], 0x0, 0x0, 0x0, 0x1})
ioctl$DRM_IOCTL_MODE_GETCRTC(r1, 0xc06864a1, &(0x7f0000000440)={0x0, 0x0, r4, <r5=>0x0})
ioctl$DRM_IOCTL_GEM_FLINK(r3, 0xc008640a, &(0x7f0000000040)={0x0, <r6=>0x0})
ioctl$DRM_IOCTL_GEM_OPEN(r0, 0xc010640b, &(0x7f0000000080)={r6})
ioctl$DRM_IOCTL_MODE_GETFB(r0, 0xc01c64ad, &(0x7f00000002c0)={r5})

98.682677ms ago: executing program 3 (id=11639):
ioctl$DRM_IOCTL_SYNCOBJ_SIGNAL(0xffffffffffffffff, 0xc01064c5, &(0x7f0000000500)={&(0x7f00000004c0)=[0x0, 0x0, 0x0, 0x0], 0x4}) (async)
ioctl$DRM_IOCTL_SYNCOBJ_FD_TO_HANDLE_FD(0xffffffffffffffff, 0xc01864c2, &(0x7f0000000140)) (async)
r0 = openat$drirender128(0xffffffffffffff9c, &(0x7f0000000100), 0x40000, 0x0)
ioctl$DRM_IOCTL_SYNCOBJ_FD_TO_HANDLE_FD(r0, 0xc01864c2, &(0x7f0000000200)) (async)
r1 = openat$drirender128(0xffffffffffffff9c, &(0x7f0000000b80), 0x800, 0x0) (async)
r2 = syz_open_dev$dri(&(0x7f0000000000), 0x2b2c, 0x80002)
ioctl$DRM_IOCTL_MODE_CREATE_DUMB(r2, 0xc02064b2, &(0x7f0000000a00)={0xfffffffa, 0x1, 0x7}) (async)
r3 = syz_open_dev$dri(&(0x7f0000000000), 0x50dd, 0x0)
ioctl$DRM_IOCTL_MODE_GETFB2(r3, 0xc06864ce, &(0x7f0000000400)={0x0, 0x7, 0x8, 0x7, 0x0, [], [0x3, 0x6, 0x8, 0xcf4], [0x2, 0x6, 0x400f, 0x3], [0xf, 0xe, 0xcd, 0x6]}) (async)
ioctl$DRM_IOCTL_RES_CTX(r3, 0xc0106426, &(0x7f0000000240)={0x8, &(0x7f00000001c0)=[{}, {}, {}, {}, {}, {}, {}, {}]}) (async)
ioctl$DRM_IOCTL_PRIME_FD_TO_HANDLE(r1, 0xc00c642e, &(0x7f00000002c0)={0x0, 0x0, r1})
r4 = syz_open_dev$dri(&(0x7f0000000180), 0x0, 0x1)
r5 = syz_open_dev$dri(&(0x7f00000000c0), 0x3fffc0, 0x48000)
ioctl$DRM_IOCTL_MODE_CREATE_DUMB(r5, 0xc02064b2, &(0x7f0000000080)={0x8, 0x4, 0x10000, 0x0, <r6=>0x0})
r7 = syz_open_dev$dri(&(0x7f0000000000), 0x3fffc0, 0x48000)
ioctl$DRM_IOCTL_MODE_CREATE_DUMB(r7, 0xc02064b2, &(0x7f0000000040)={0x8, 0x8, 0x10000}) (async)
ioctl$DRM_IOCTL_MODE_CREATE_DUMB(r7, 0xc02064b2, 0x0)
syz_open_dev$dri(&(0x7f0000000000), 0x3fffc0, 0x48000) (async)
ioctl$DRM_IOCTL_MODE_DESTROY_DUMB(r5, 0xc00464b4, &(0x7f0000000780)={r6}) (async)
r8 = syz_open_dev$dri(&(0x7f0000000000), 0x0, 0x100)
ioctl$DRM_IOCTL_MODE_CREATE_DUMB(r8, 0xc02064b2, &(0x7f0000000080)={0x8, 0x2, 0x7}) (async)
ioctl$DRM_IOCTL_MODE_CREATE_DUMB(r4, 0xc02064b2, &(0x7f0000000000)={0x9, 0x8000, 0x7})

96.841416ms ago: executing program 1 (id=11640):
r0 = syz_open_dev$dri(&(0x7f0000000000), 0x3fffc0, 0x2a500)
ioctl$DRM_IOCTL_MODE_CREATE_DUMB(r0, 0xc02064b2, &(0x7f0000000080)={0x0, 0x4, 0x10000, 0x0, <r1=>0x0})
ioctl$DRM_IOCTL_MODE_CREATE_DUMB(r0, 0xc02064d2, &(0x7f0000000380)={0x1, 0x1, 0x7})
ioctl$DRM_IOCTL_MODE_DESTROY_DUMB(r0, 0xc00464b4, &(0x7f0000000780)={r1})

2.537408ms ago: executing program 1 (id=11641):
r0 = syz_open_dev$dri(&(0x7f0000000000), 0x0, 0x400600)
ioctl$DRM_IOCTL_MODE_GETPLANE(0xffffffffffffffff, 0xc02064b6, &(0x7f0000000080)={0x0, 0x0, <r1=>0x0, 0x0, 0x0, 0x9, &(0x7f0000000040)=[0x0, 0x0, 0x0, 0x0, 0x0, 0x0, 0x0, 0x0, 0x0]})
ioctl$DRM_IOCTL_MODE_GETRESOURCES(0xffffffffffffffff, 0xc04064a0, &(0x7f00000001c0)={&(0x7f00000000c0)=[0x0, <r2=>0x0], &(0x7f0000000100)=[<r3=>0x0, <r4=>0x0], &(0x7f0000000140)=[0x0], &(0x7f0000000180)=[0x0, 0x0, 0x0], 0x2, 0x2, 0x1, 0x3})
ioctl$DRM_IOCTL_MODE_OBJ_GETPROPERTIES(0xffffffffffffffff, 0xc02064b9, &(0x7f0000000300)={&(0x7f0000000280)=[0x0, 0x0, 0x0, 0x0, 0x0, 0x0, <r5=>0x0, 0x0, 0x0], &(0x7f00000002c0)=[0x0], 0x9, 0x0, 0xeeeeeeee})
ioctl$DRM_IOCTL_MODE_OBJ_GETPROPERTIES(0xffffffffffffffff, 0xc02064b9, &(0x7f00000003c0)={&(0x7f0000000340)=[<r6=>0x0], &(0x7f0000000380)=[0x0, 0x0], 0x1, 0x0, 0xc0c0c0c0})
ioctl$DRM_IOCTL_MODE_GETCONNECTOR(0xffffffffffffffff, 0xc05064a7, &(0x7f00000006c0)={&(0x7f0000000400)=[0x0, 0x0, 0x0, 0x0, 0x0, 0x0, 0x0], &(0x7f0000000440)=[{}, {}, {}, {}, {}, {}, {}], &(0x7f0000000640)=[0x0, <r7=>0x0], &(0x7f0000000680)=[0x0, 0x0], 0x7, 0x2, 0x7})
ioctl$DRM_IOCTL_MODE_OBJ_GETPROPERTIES(0xffffffffffffffff, 0xc02064b9, &(0x7f00000007c0)={&(0x7f0000000740)=[0x0, 0x0, 0x0, <r8=>0x0, 0x0, 0x0], &(0x7f0000000780)=[0x0, 0x0, 0x0, 0x0, 0x0], 0x6, 0x0, 0xe0e0e0e0})
ioctl$DRM_IOCTL_MODE_ATOMIC(r0, 0xc03864bc, &(0x7f0000000880)={0x0, 0x3, &(0x7f0000000200)=[r1, r4, 0x0], &(0x7f0000000240)=[0x3ff], &(0x7f0000000800)=[0x0, 0x0, r5, 0x0, r6, r7, r8], &(0x7f0000000840)=[0xf3b, 0x3, 0x4, 0x1, 0x7fffffffffffffff], 0x0, 0x2})
ioctl$DRM_IOCTL_INFO_BUFS(0xffffffffffffffff, 0xc0106418, &(0x7f00000008c0)={0x7fff, 0x2, 0x6, 0x8001, 0x14, 0x6})
ioctl$DRM_IOCTL_RES_CTX(r0, 0xc0106426, &(0x7f0000000940)={0x1, &(0x7f0000000900)=[{<r9=>0x0}]})
ioctl$DRM_IOCTL_SWITCH_CTX(0xffffffffffffffff, 0x40086424, &(0x7f0000000980)={r9, 0x1})
ioctl$DRM_IOCTL_MODE_GETPLANE(r0, 0xc02064b6, &(0x7f0000000a00)={0x0, <r10=>r3, r2, 0x0, 0x0, 0x1, &(0x7f00000009c0)=[0x0]})
ioctl$DRM_IOCTL_MODE_CURSOR2(r0, 0xc02464bb, &(0x7f0000000a40)={0x0, r10, 0xa000000, 0x7, 0x0, 0x5, 0x2, 0x7, 0x5})
ioctl$DRM_IOCTL_GET_MAP(r0, 0xc0286404, &(0x7f0000000a80)={&(0x7f0000ffc000/0x1000)=nil})
ioctl$DRM_IOCTL_MODE_DESTROYPROPBLOB(r0, 0xc00464be, &(0x7f0000000ac0))
r11 = syz_open_dev$dri(&(0x7f0000000b00), 0xf239, 0x0)
ioctl$DRM_IOCTL_SYNCOBJ_CREATE(r0, 0xc00864bf, &(0x7f0000000b40)={<r12=>0x0})
ioctl$DRM_IOCTL_SYNCOBJ_HANDLE_TO_FD_FD(r11, 0xc01864c1, &(0x7f0000000b80)={r12})
r13 = syz_open_dev$dri(&(0x7f0000000bc0), 0x8, 0x220000)
ioctl$DRM_IOCTL_SYNCOBJ_FD_TO_HANDLE_SYNC_FILE(r11, 0xc01864c2, &(0x7f0000000c00)={<r14=>0x0})
ioctl$DRM_IOCTL_SYNCOBJ_RESET(r13, 0xc01064c4, &(0x7f0000000c80)={&(0x7f0000000c40)=[r14, r12, r12, r12, r12], 0x5})
ioctl$DRM_IOCTL_RES_CTX(r11, 0xc0106426, &(0x7f0000000d00)={0x6, &(0x7f0000000cc0)=[{}, {<r15=>0x0}, {}, {}, {}, {}]})
ioctl$DRM_IOCTL_SET_SAREA_CTX(r11, 0x4010641c, &(0x7f0000001d40)={r15, &(0x7f0000000d40)=""/4096})
ioctl$DRM_IOCTL_MODE_CURSOR(r0, 0xc01c64a3, &(0x7f0000001d80)={0x2, r4, 0x401, 0x800, 0x2, 0x7, 0xffffffff})
ioctl$DRM_IOCTL_RES_CTX(r0, 0xc0106426, &(0x7f0000001e00)={0x2, &(0x7f0000001dc0)=[{}, {}]})
ioctl$DRM_IOCTL_PRIME_HANDLE_TO_FD(r13, 0xc00c642d, &(0x7f0000001e40)={0x0, 0x80000, <r16=>0xffffffffffffffff})
ioctl$DRM_IOCTL_RES_CTX(r11, 0xc0106426, &(0x7f0000001ec0)={0x7, &(0x7f0000001e80)=[{}, {}, {}, {}, {}, {<r17=>0x0}, {}]})
ioctl$DRM_IOCTL_DMA(r16, 0xc0406429, &(0x7f0000002000)={r17, 0x3, &(0x7f0000001f00)=[0x7, 0x4, 0x10], &(0x7f0000001f40)=[0x1, 0x0, 0x7f, 0xf], 0x50, 0x2, 0x99e2, &(0x7f0000001f80)=[0x54fb80, 0x5], &(0x7f0000001fc0)=[0x8, 0x5, 0x0]})
ioctl$DRM_IOCTL_PRIME_FD_TO_HANDLE(r11, 0xc00c642e, &(0x7f0000002040)={<r18=>0x0, 0x0, r0})
ioctl$DRM_IOCTL_GEM_FLINK(r0, 0xc008640a, &(0x7f0000002080)={r18})

1.269079ms ago: executing program 3 (id=11642):
ioctl$DRM_IOCTL_MODE_GETCONNECTOR(0xffffffffffffffff, 0xc05064a7, &(0x7f0000000340)={&(0x7f0000000000)=[<r0=>0x0, <r1=>0x0], &(0x7f0000000040)=[{}, {}, {}, {}, {}, {}, {}, {}, {}], &(0x7f00000002c0)=[<r2=>0x0, 0x0, 0x0, <r3=>0x0, 0x0, 0x0, 0x0], &(0x7f0000000300)=[0x0, 0x0, 0x0], 0x9, 0x7, 0x2}) (async)
ioctl$DRM_IOCTL_MODE_GETRESOURCES(0xffffffffffffffff, 0xc04064a0, &(0x7f00000004c0)={&(0x7f00000003c0)=[0x0, 0x0, 0x0, 0x0, 0x0, 0x0, 0x0], &(0x7f0000000400)=[<r4=>0x0, 0x0], &(0x7f0000000440)=[<r5=>0x0, 0x0, <r6=>0x0], &(0x7f0000000480)=[0x0, 0x0, 0x0, 0x0], 0x7, 0x2, 0x3, 0x4})
ioctl$DRM_IOCTL_MODE_SETPROPERTY(0xffffffffffffffff, 0xc01064ab, &(0x7f0000000500)={0x5, r3, r6}) (async)
ioctl$DRM_IOCTL_SET_MASTER(0xffffffffffffffff, 0x641e) (async)
r7 = openat$drirender128(0xffffffffffffff9c, &(0x7f0000000540), 0xfdc6e593d60f90cb, 0x0)
ioctl$DRM_IOCTL_MODE_SETPROPERTY(r7, 0xc01064ab, &(0x7f0000000580)={0x166e000, r2, r6}) (async)
ioctl$DRM_IOCTL_SET_SAREA_CTX(r7, 0x4010641c, &(0x7f0000000640)={0x0, &(0x7f00000005c0)=""/76}) (async)
r8 = openat$drirender128(0xffffffffffffff9c, &(0x7f0000000680), 0x0, 0x0) (async)
ioctl$DRM_IOCTL_MODE_GETCRTC(r7, 0xc06864a1, &(0x7f0000000700)={&(0x7f00000006c0)=[0x0, 0x0, 0x0, 0x0, 0x0, 0x0, 0x0, 0x0], 0x8, r4, <r9=>0x0})
ioctl$DRM_IOCTL_MODE_ADDFB(r8, 0xc01c64ae, &(0x7f0000000780)={r9, 0x3, 0x3, 0x4, 0x2, 0x5, 0x2}) (async)
ioctl$DRM_IOCTL_RES_CTX(r7, 0xc0106426, &(0x7f0000000800)={0x5, &(0x7f00000007c0)=[{}, {<r10=>0x0}, {}, {<r11=>0x0}, {}]})
ioctl$DRM_IOCTL_SWITCH_CTX(r8, 0x40086424, &(0x7f0000000840)={r10, 0x2}) (async)
ioctl$DRM_IOCTL_ADD_MAP(r7, 0xc0286415, &(0x7f0000000880)={&(0x7f0000ff9000/0x4000)=nil, 0x7fff, 0x1, 0x45})
ioctl$DRM_IOCTL_MODE_CREATE_LEASE(r8, 0xc01864c6, &(0x7f0000000900)={&(0x7f00000008c0)=[r1, r0, r5, r9], 0x4, 0x80000, 0x0, <r12=>0xffffffffffffffff})
ioctl$DRM_IOCTL_SYNCOBJ_FD_TO_HANDLE_SYNC_FILE(r12, 0xc01864c2, &(0x7f0000000940)={<r13=>0x0, 0x1, r12}) (async)
ioctl$DRM_IOCTL_SYNCOBJ_FD_TO_HANDLE_FD(r12, 0xc01864c2, &(0x7f0000000980)={<r14=>0x0, 0x0, r12}) (async)
ioctl$DRM_IOCTL_SYNCOBJ_FD_TO_HANDLE_FD(r7, 0xc01864c2, &(0x7f00000009c0)={<r15=>0x0}) (async)
ioctl$DRM_IOCTL_SYNCOBJ_CREATE(r12, 0xc00864bf, &(0x7f0000000a00)={<r16=>0x0}) (async)
ioctl$DRM_IOCTL_SYNCOBJ_FD_TO_HANDLE_FD(r12, 0xc01864c2, &(0x7f0000000a40)={<r17=>0x0, 0x0, r12}) (async)
ioctl$DRM_IOCTL_SYNCOBJ_CREATE(r7, 0xc00864bf, &(0x7f0000000a80)={<r18=>0x0, 0x1}) (async)
ioctl$DRM_IOCTL_SYNCOBJ_CREATE(r7, 0xc00864bf, &(0x7f0000000ac0)={<r19=>0x0})
ioctl$DRM_IOCTL_SYNCOBJ_SIGNAL(r7, 0xc01064c5, &(0x7f0000000b40)={&(0x7f0000000b00)=[0x0, r13, r14, r15, r16, r17, 0x0, r18, 0x0, r19], 0xa})
ioctl$DRM_IOCTL_MODE_MAP_DUMB(r7, 0xc01064b3, &(0x7f0000000b80))
ioctl$DRM_IOCTL_RES_CTX(r7, 0xc0106426, &(0x7f0000000c00)={0x5, &(0x7f0000000bc0)=[{<r20=>0x0}, {}, {}, {}, {}]})
ioctl$DRM_IOCTL_RM_CTX(r8, 0xc0086421, &(0x7f0000000c40)={r20, 0x1}) (async)
ioctl$DRM_IOCTL_SYNCOBJ_FD_TO_HANDLE_FD(r8, 0xc01864c2, &(0x7f0000000c80)={<r21=>0x0, 0x0, r12})
ioctl$DRM_IOCTL_SYNCOBJ_CREATE(r7, 0xc00864bf, &(0x7f0000000cc0)={<r22=>0x0})
ioctl$DRM_IOCTL_SYNCOBJ_QUERY(0xffffffffffffffff, 0xc01864cb, &(0x7f0000000d80)={&(0x7f0000000d00)=[r21, r14, r19, r17, r19, r22, r16], &(0x7f0000000d40), 0x7})
ioctl$DRM_IOCTL_SYNCOBJ_TRANSFER(r7, 0xc02064cc, &(0x7f0000000dc0)={r19, r15, 0xffffffff, 0xfffffffffffffffe, 0x4})
ioctl$DRM_IOCTL_LOCK(r12, 0x4008642a, &(0x7f0000000e00)={r11, 0x21})

1.020289ms ago: executing program 2 (id=11643):
syz_open_dev$dri(&(0x7f0000000f40), 0x0, 0xa0a03) (async)
r0 = syz_open_dev$dri(&(0x7f0000000f40), 0x0, 0xa0a03)
r1 = syz_open_dev$dri(&(0x7f0000000300), 0xfffffffffffffffa, 0x40800)
ioctl$DRM_IOCTL_MODE_GETRESOURCES(r1, 0x541b, 0x0) (async)
ioctl$DRM_IOCTL_MODE_GETRESOURCES(r1, 0x541b, 0x0)
r2 = syz_open_dev$dri(&(0x7f0000000000), 0x5, 0xc0000)
ioctl$DRM_IOCTL_MODE_GET_LEASE(r2, 0xc01064c8, &(0x7f0000000140)={0x2, 0x0, &(0x7f0000000100)=[<r3=>0x0, <r4=>0x0]})
r5 = syz_open_dev$dri(&(0x7f00000015c0), 0xc, 0x400)
ioctl$DRM_IOCTL_MODE_GETRESOURCES(r5, 0xc04064a0, &(0x7f00000018c0)={0x0, 0x0, 0x0, &(0x7f0000000000)=[<r6=>0x0], 0x0, 0x0, 0x0, 0x1})
ioctl$DRM_IOCTL_MODE_GETENCODER(r5, 0xc01464a6, &(0x7f00000001c0)={r6, 0x0, <r7=>0x0})
ioctl$DRM_IOCTL_MODE_GETGAMMA(r5, 0xc02064a4, &(0x7f00000002c0)={r7, 0x1, &(0x7f0000000200)=[0x1], 0x0, 0x0})
r8 = syz_open_dev$dri(&(0x7f0000000000), 0x3fffc0, 0x2a500)
ioctl$DRM_IOCTL_MODE_CREATE_DUMB(r8, 0xc02064b2, &(0x7f0000000080)={0x8, 0x4, 0x10000}) (async)
ioctl$DRM_IOCTL_MODE_CREATE_DUMB(r8, 0xc02064b2, &(0x7f0000000080)={0x8, 0x4, 0x10000})
ioctl$DRM_IOCTL_MODE_CREATE_DUMB(r8, 0xc02064d2, &(0x7f0000000380)={0x1, 0xffffffff, 0xa}) (async)
ioctl$DRM_IOCTL_MODE_CREATE_DUMB(r8, 0xc02064d2, &(0x7f0000000380)={0x1, 0xffffffff, 0xa})
ioctl$DRM_IOCTL_MODE_CREATE_LEASE(r0, 0xc01864c6, &(0x7f0000000080)={&(0x7f0000000040)=[0x0, r4, 0x0, r3, 0x0, 0x0], 0x6, 0x80800, <r9=>0x0})
ioctl$DRM_IOCTL_MODE_REVOKE_LEASE(r2, 0xc00464c9, &(0x7f00000000c0)={r9})

0s ago: executing program 0 (id=11644):
r0 = openat$drirender128(0xffffffffffffff9c, &(0x7f00000000c0), 0x553040, 0x0)
r1 = syz_open_dev$dri(&(0x7f0000000000), 0xfffffffffffffffc, 0x0)
ioctl$DRM_IOCTL_MODE_GETRESOURCES(r1, 0xc04064a0, &(0x7f0000000340)={0x0, 0x0, &(0x7f0000000240)=[<r2=>0x0], 0x0, 0x0, 0x0, 0x1})
ioctl$DRM_IOCTL_MODE_GETCONNECTOR(r1, 0xc05064a7, &(0x7f0000000180)={&(0x7f0000000080)=[0x0], &(0x7f0000000380)=[{}], 0x0, 0x0, 0x1, 0x0, 0x1, 0x0, r2})
r3 = openat$drirender128(0xffffffffffffff9c, &(0x7f0000000b80), 0x800, 0x0)
ioctl$DRM_IOCTL_AGP_ALLOC(r3, 0xc0206434, &(0x7f0000000240)={0xd, 0x0, 0x1})
r4 = openat$drirender128(0xffffffffffffff9c, &(0x7f0000000b80), 0x800, 0x0)
r5 = syz_open_dev$dri(&(0x7f0000000000), 0x2, 0x1)
ioctl$DRM_IOCTL_MODE_ADDFB(r5, 0xc01c64ae, &(0x7f0000000040)={0x0, 0x7, 0x0, 0x1000, 0x18, 0x18, 0x5})
r6 = syz_open_dev$dri(&(0x7f0000000000), 0x1, 0x2000)
r7 = syz_open_dev$dri(&(0x7f0000000000), 0x1, 0x2000)
ioctl$DRM_IOCTL_MODE_GETRESOURCES(r7, 0xc04064a0, &(0x7f0000000340)={0x0, &(0x7f0000000280)=[<r8=>0x0], 0x0, 0x0, 0x0, 0x1})
ioctl$DRM_IOCTL_MODE_SETGAMMA(r6, 0xc02064a5, &(0x7f0000000100)={r8, 0x0, 0x0, 0x0, &(0x7f00000000c0)})
ioctl$DRM_IOCTL_AGP_ALLOC(r4, 0xc0206434, &(0x7f0000000240)={0xd, <r9=>0x0, 0x1})
ioctl$DRM_IOCTL_AGP_UNBIND(r4, 0x40106437, &(0x7f0000000280)={r9, 0x10000})
r10 = syz_open_dev$dri(&(0x7f0000000180), 0x0, 0x1)
ioctl$DRM_IOCTL_MODE_PAGE_FLIP(r10, 0xc01864b0, &(0x7f0000000140)={0x0, 0x0, 0x2, 0x5e0e, 0x8})
ioctl$DRM_IOCTL_AGP_UNBIND(r3, 0x40106437, &(0x7f0000000140)={r9, 0x200080010000})
ioctl$DRM_IOCTL_MODE_CREATE_LEASE(0xffffffffffffffff, 0xc01864c6, &(0x7f0000000280)={&(0x7f0000000240)=[0x0, 0x0, 0x0], 0x3, 0x800})
r11 = syz_open_dev$dri(&(0x7f0000000200), 0x5, 0x42000)
ioctl$DRM_IOCTL_MODE_GETGAMMA(r11, 0xc02064a4, &(0x7f00000001c0)={0x0, 0x0, 0x0, 0x0, 0x0})
syz_open_dev$dri(&(0x7f0000000840), 0x495c, 0x400)
ioctl$DRM_IOCTL_MODE_GET_LEASE(0xffffffffffffffff, 0xc01064c8, &(0x7f00000000c0)={0x1, 0x0, &(0x7f0000000040)=[<r12=>0x0]})
r13 = syz_open_dev$dri(&(0x7f0000000000), 0x3fffc0, 0x20000)
r14 = syz_open_dev$dri(&(0x7f0000000840), 0x495c, 0x400)
ioctl$DRM_IOCTL_MODE_GETFB(r14, 0xc01c64ad, &(0x7f0000000600))
ioctl$DRM_IOCTL_MODE_GET_LEASE(r13, 0xc01064c8, &(0x7f00000000c0)={0x1, 0x0, &(0x7f0000000040)=[0x0]})
ioctl$DRM_IOCTL_MODE_GETPROPBLOB(r14, 0xc01064ac, &(0x7f00000002c0)={r12, 0x88, &(0x7f0000000300)=""/136})
ioctl$DRM_IOCTL_MODE_GET_LEASE(r11, 0xc01064c8, &(0x7f0000000940)={0x4, 0x0, &(0x7f0000000900)=[0x0, 0x0, 0x0, 0x0]})
ioctl$DRM_IOCTL_LOCK(r0, 0x4008642a, &(0x7f0000000400)={0x0, 0x1c})

kernel console output (not intermixed with test programs):

ffffffffffffffda RBX: 00007fb359625fa0 RCX: 00007fb3593b059d
[ 1293.808178][T42923] RDX: 0000200000000180 RSI: 00000000c01064bd RDI: 0000000000000006
[ 1293.808187][T42923] RBP: 00007fb35944e078 R08: 0000000000000000 R09: 0000000000000000
[ 1293.808197][T42923] R10: 0000000000000000 R11: 0000000000000246 R12: 0000000000000000
[ 1293.808207][T42923] R13: 00007fb359626038 R14: 00007fb359625fa0 R15: 00007fb35a180000
[ 1293.808233][T42923]  </TASK>
[ 1293.808241][T42923] Mem-Info:
[ 1293.847071][T42780] bridge_slave_1: entered promiscuous mode
[ 1293.871074][T42923] active_anon:7746 inactive_anon:0 isolated_anon:0
[ 1293.871074][T42923]  active_file:5231 inactive_file:54282 isolated_file:0
[ 1293.871074][T42923]  unevictable:1768 dirty:3190 writeback:0
[ 1293.871074][T42923]  slab_reclaimable:13582 slab_unreclaimable:65346
[ 1293.871074][T42923]  mapped:30147 shmem:2800 pagetables:1319
[ 1293.871074][T42923]  sec_pagetables:0 bounce:0
[ 1293.871074][T42923]  kernel_misc_reclaimable:0
[ 1293.871074][T42923]  free:441564 free_pcp:16882 free_cma:0
[ 1293.967828][    C1] vkms_vblank_simulate: vblank timer overrun
[ 1293.995308][T42923] Node 0 active_anon:11540kB inactive_anon:0kB active_file:11148kB inactive_file:84224kB unevictable:3536kB isolated(anon):0kB isolated(file):0kB mapped:79176kB dirty:4032kB writeback:0kB shmem:5792kB shmem_thp:0kB shmem_pmdmapped:0kB anon_thp:0kB kernel_stack:5852kB pagetables:3120kB sec_pagetables:0kB all_unreclaimable? no Balloon:0kB
[ 1294.039567][    C1] vkms_vblank_simulate: vblank timer overrun
[ 1294.199724][T42923] Node 1 active_anon:19444kB inactive_anon:0kB active_file:9776kB inactive_file:132904kB unevictable:3536kB isolated(anon):0kB isolated(file):0kB mapped:45380kB dirty:8728kB writeback:0kB shmem:5408kB shmem_thp:0kB shmem_pmdmapped:0kB anon_thp:0kB kernel_stack:7012kB pagetables:2156kB sec_pagetables:0kB all_unreclaimable? no Balloon:0kB
[ 1294.211270][T42923] Node 0 DMA free:14404kB boost:0kB min:452kB low:564kB high:676kB reserved_highatomic:0KB free_highatomic:0KB active_anon:0kB inactive_anon:0kB active_file:0kB inactive_file:0kB unevictable:0kB writepending:0kB zspages:0kB present:15992kB managed:15360kB mlocked:0kB bounce:0kB free_pcp:284kB local_pcp:24kB free_cma:0kB
[ 1294.224713][T42923] lowmem_reserve[]: 0 1176 1176 1176 1176
[ 1294.242036][T42923] Node 0 DMA32 free:602168kB boost:0kB min:34836kB low:43544kB high:52252kB reserved_highatomic:0KB free_highatomic:0KB active_anon:11540kB inactive_anon:0kB active_file:11148kB inactive_file:84224kB unevictable:3536kB writepending:4032kB zspages:0kB present:2080772kB managed:1204832kB mlocked:0kB bounce:0kB free_pcp:25824kB local_pcp:6464kB free_cma:0kB
[ 1294.292740][T42923] lowmem_reserve[]: 0 0 0 0 0
[ 1294.321678][    C1] vkms_vblank_simulate: vblank timer overrun
[ 1294.336939][T32563] Bluetooth: hci3: command tx timeout
[ 1294.341909][T42923] Node 1 
[ 1294.367979][T42780] bond0: (slave bond_slave_0): Enslaving as an active interface with an up link
[ 1294.393451][    C1] vkms_vblank_simulate: vblank timer overrun
[ 1294.401277][T42923] DMA32 free:841496kB boost:0kB min:29136kB low:36420kB high:43704kB reserved_highatomic:0KB free_highatomic:0KB active_anon:0kB inactive_anon:0kB active_file:0kB inactive_file:0kB unevictable:0kB writepending:0kB zspages:0kB present:1048444kB managed:982908kB mlocked:0kB bounce:0kB free_pcp:16176kB local_pcp:2680kB free_cma:0kB
[ 1294.430948][T42780] bond0: (slave bond_slave_1): Enslaving as an active interface with an up link
[ 1294.460903][T42923] lowmem_reserve[]: 0 0 846 846 846
[ 1294.460956][T42923] Node 1 Normal free:311896kB boost:0kB min:25680kB low:32100kB high:38520kB reserved_highatomic:0KB free_highatomic:0KB active_anon:19448kB inactive_anon:0kB active_file:9792kB inactive_file:132920kB unevictable:3536kB writepending:8852kB zspages:0kB present:1048576kB managed:866440kB mlocked:0kB bounce:0kB free_pcp:11024kB local_pcp:1360kB free_cma:0kB
[ 1294.509813][T42923] lowmem_reserve[]: 0 0 0 0 0
[ 1294.513312][T42923] Node 0 DMA: 3*4kB (U) 2*8kB (U) 2*16kB (U) 3*32kB (U) 1*64kB (U) 4*128kB (U) 4*256kB (U) 2*512kB (U) 4*1024kB (U) 2*2048kB (U) 1*4096kB (U) = 15068kB
[ 1294.525673][T42923] Node 0 DMA32: 820*4kB (UM) 151*8kB (UM) 150*16kB (UME) 13*32kB (UME) 34*64kB (UME) 466*128kB (UME) 346*256kB (UME) 295*512kB (UM) 293*1024kB (UM) 0*2048kB 0*4096kB = 608776kB
[ 1294.539732][T42923] Node 1 DMA32: 
[ 1294.567751][    C1] vkms_vblank_simulate: vblank timer overrun
[ 1294.586618][T42923] 7*4kB (UM) 7*8kB (UM) 6*16kB (UM) 6*32kB (UM) 7*64kB (UM) 6*128kB (UM) 7*256kB (UM) 6*512kB (UM) 5*1024kB (UM) 13*2048kB (UM) 204*4096kB (UM) = 873780kB
[ 1294.593519][T42923] Node 1 Normal: 40*4kB (UME) 31*8kB (UME) 10*16kB (UM) 3*32kB (UE) 337*64kB (UM) 185*128kB (UE) 185*256kB (UME) 167*512kB (UM) 130*1024kB (UM) 0*2048kB 0*4096kB = 311896kB
[ 1294.598572][T10359] bridge_slave_1: left allmulticast mode
[ 1294.615453][T42923] Node 0 hugepages_total=2 hugepages_free=2 hugepages_surp=0 hugepages_size=2048kB
[ 1294.624874][T42923] Node 1 hugepages_total=2 hugepages_free=2 hugepages_surp=0 hugepages_size=2048kB
[ 1294.660116][T42923] 62317 total pagecache pages
[ 1294.662031][T42923] 0 pages in swap cache
[ 1294.669467][T42923] Free swap  = 124996kB
[ 1294.671076][T42923] Total swap = 124996kB
[ 1294.677965][T42923] 1048446 pages RAM
[ 1294.679877][T42923] 0 pages HighMem/MovableOnly
[ 1294.693675][T42923] 281061 pages reserved
[ 1294.695405][T10359] bridge_slave_1: left promiscuous mode
[ 1294.696049][    C1] vkms_vblank_simulate: vblank timer overrun
[ 1294.699549][T10359] bridge0: port 2(bridge_slave_1) entered disabled state
[ 1294.703754][T42923] 0 pages cma reserved
[ 1294.807566][T10359] bridge_slave_0: left allmulticast mode
[ 1294.850511][T10359] bridge_slave_0: left promiscuous mode
[ 1294.853119][    C1] vkms_vblank_simulate: vblank timer overrun
[ 1294.854150][T10359] bridge0: port 1(bridge_slave_0) entered disabled state
[ 1294.998118][    C1] vkms_vblank_simulate: vblank timer overrun
[ 1295.178725][    C1] vkms_vblank_simulate: vblank timer overrun
[ 1295.417331][    C1] vkms_vblank_simulate: vblank timer overrun
[ 1295.526117][    C1] vkms_vblank_simulate: vblank timer overrun
[ 1295.830021][    C1] vkms_vblank_simulate: vblank timer overrun
[ 1296.018800][    C1] vkms_vblank_simulate: vblank timer overrun
[ 1296.130326][    C1] vkms_vblank_simulate: vblank timer overrun
[ 1296.406017][T32563] Bluetooth: hci3: command tx timeout
[ 1296.486963][T10359] bond0 (unregistering): (slave bond_slave_0): Releasing backup interface
[ 1296.510114][T10359] bond0 (unregistering): (slave bond_slave_1): Releasing backup interface
[ 1296.523632][T10359] bond0 (unregistering): Released all slaves
[ 1296.816065][T42780] team0: Port device team_slave_0 added
[ 1296.929574][T42780] team0: Port device team_slave_1 added
[ 1297.059171][    C1] vkms_vblank_simulate: vblank timer overrun
[ 1297.783766][T42780] batman_adv: batadv0: Adding interface: batadv_slave_0
[ 1297.787877][T42780] batman_adv: batadv0: The MTU of interface batadv_slave_0 is too small (1500) to handle the transport of batman-adv packets. Packets going over this interface will be fragmented on layer2 which could impact the performance. Setting the MTU to 1532 would solve the problem.
[ 1297.898122][T42780] batman_adv: batadv0: Not using interface batadv_slave_0 (retrying later): interface not active
[ 1298.253895][T42780] batman_adv: batadv0: Adding interface: batadv_slave_1
[ 1298.282806][T42780] batman_adv: batadv0: The MTU of interface batadv_slave_1 is too small (1500) to handle the transport of batman-adv packets. Packets going over this interface will be fragmented on layer2 which could impact the performance. Setting the MTU to 1532 would solve the problem.
[ 1298.351044][T42780] batman_adv: batadv0: Not using interface batadv_slave_1 (retrying later): interface not active
[ 1298.489699][T32563] Bluetooth: hci3: command tx timeout
[ 1299.446345][T10359] hsr_slave_0: left promiscuous mode
[ 1299.521506][T10359] hsr_slave_1: left promiscuous mode
[ 1299.556207][T10359] batman_adv: batadv0: Interface deactivated: batadv_slave_0
[ 1299.580556][T10359] batman_adv: batadv0: Removing interface: batadv_slave_0
[ 1299.599918][T10359] batman_adv: batadv0: Interface deactivated: batadv_slave_1
[ 1299.610807][T10359] batman_adv: batadv0: Removing interface: batadv_slave_1
[ 1299.679283][T10359] veth1_macvtap: left promiscuous mode
[ 1299.684053][T10359] veth0_macvtap: left promiscuous mode
[ 1299.691870][T10359] veth1_vlan: left promiscuous mode
[ 1299.694299][T10359] veth0_vlan: left promiscuous mode
[ 1300.557214][T32563] Bluetooth: hci3: command tx timeout
[ 1300.710341][    C1] vkms_vblank_simulate: vblank timer overrun
[ 1301.913912][T10359] team0 (unregistering): Port device team_slave_1 removed
[ 1302.356419][T10359] team0 (unregistering): Port device team_slave_0 removed
[ 1304.096771][    C1] vkms_vblank_simulate: vblank timer overrun
[ 1304.387628][T42780] hsr_slave_0: entered promiscuous mode
[ 1304.401770][T42780] hsr_slave_1: entered promiscuous mode
[ 1304.610966][    C1] vkms_vblank_simulate: vblank timer overrun
[ 1305.016206][    C1] vkms_vblank_simulate: vblank timer overrun
[ 1305.118912][    C1] vkms_vblank_simulate: vblank timer overrun
[ 1305.778312][    C1] vkms_vblank_simulate: vblank timer overrun
[ 1306.509102][T43314] warn_alloc: 5 callbacks suppressed
[ 1306.509122][T43314] syz.2.10201: vmalloc error: size 35651584, failed to allocated page array size 69632, mode:0xdc2(GFP_KERNEL|__GFP_HIGHMEM|__GFP_ZERO), nodemask=(null),cpuset=/,mems_allowed=0-1
[ 1306.558470][T43314] CPU: 1 UID: 0 PID: 43314 Comm: syz.2.10201 Not tainted 6.18.0 #1 PREEMPT(full) 
[ 1306.558497][T43314] Hardware name: QEMU Standard PC (i440FX + PIIX, 1996), BIOS rel-1.16.3-0-ga6ed6b701f0a-prebuilt.qemu.org 04/01/2014
[ 1306.558510][T43314] Call Trace:
[ 1306.558517][T43314]  <TASK>
[ 1306.558525][T43314]  dump_stack_lvl+0x180/0x1b0
[ 1306.558560][T43314]  warn_alloc+0x211/0x360
[ 1306.558585][T43314]  ? __pfx_warn_alloc+0x10/0x10
[ 1306.558606][T43314]  ? __pfx_alloc_vmap_area+0x10/0x10
[ 1306.558631][T43314]  ? __get_vm_area_node+0x10c/0x340
[ 1306.558661][T43314]  ? drm_property_create_blob.part.0+0x34/0x320
[ 1306.558687][T43314]  ? __vmalloc_node_noprof+0xac/0xf0
[ 1306.558716][T43314]  __vmalloc_node_range_noprof+0xfaa/0x13b0
[ 1306.558750][T43314]  ? drm_property_create_blob.part.0+0x34/0x320
[ 1306.558817][T43314]  ? __pfx___vmalloc_node_range_noprof+0x10/0x10
[ 1306.558857][T43314]  __kvmalloc_node_noprof+0x41f/0x9d0
[ 1306.558883][T43314]  ? drm_property_create_blob.part.0+0x34/0x320
[ 1306.558911][T43314]  ? drm_property_create_blob.part.0+0x34/0x320
[ 1306.559012][T43314]  ? drm_property_create_blob.part.0+0x34/0x320
[ 1306.559039][T43314]  drm_property_create_blob.part.0+0x34/0x320
[ 1306.559071][T43314]  drm_mode_createblob_ioctl+0x139/0x490
[ 1306.559104][T43314]  drm_ioctl_kernel+0x1ed/0x3e0
[ 1306.559120][T43314]  ? __pfx_drm_mode_createblob_ioctl+0x10/0x10
[ 1306.559146][T43314]  ? __pfx_drm_ioctl_kernel+0x10/0x10
[ 1306.559172][T43314]  drm_ioctl+0x574/0xb90
[ 1306.559207][T43314]  ? __pfx_drm_mode_createblob_ioctl+0x10/0x10
[ 1306.559237][T43314]  ? __pfx_drm_ioctl+0x10/0x10
[ 1306.559256][T43314]  ? hook_file_ioctl_common+0x146/0x3f0
[ 1306.559355][T43314]  ? __fget_files+0x1fb/0x3b0
[ 1306.559382][T43314]  ? __pfx_drm_ioctl+0x10/0x10
[ 1306.559400][T43314]  __x64_sys_ioctl+0x18f/0x210
[ 1306.559422][T43314]  do_syscall_64+0xcb/0xfa0
[ 1306.559454][T43314]  entry_SYSCALL_64_after_hwframe+0x77/0x7f
[ 1306.559474][T43314] RIP: 0033:0x7f79a71b059d
[ 1306.559492][T43314] Code: 02 b8 ff ff ff ff c3 66 0f 1f 44 00 00 f3 0f 1e fa 48 89 f8 48 89 f7 48 89 d6 48 89 ca 4d 89 c2 4d 89 c8 4c 8b 4c 24 08 0f 05 <48> 3d 01 f0 ff ff 73 01 c3 48 c7 c1 a8 ff ff ff f7 d8 64 89 01 48
[ 1306.559510][T43314] RSP: 002b:00007f79a8067f98 EFLAGS: 00000246 ORIG_RAX: 0000000000000010
[ 1306.559529][T43314] RAX: ffffffffffffffda RBX: 00007f79a7425fa0 RCX: 00007f79a71b059d
[ 1306.559541][T43314] RDX: 0000200000000180 RSI: 00000000c01064bd RDI: 0000000000000005
[ 1306.559552][T43314] RBP: 00007f79a724e078 R08: 0000000000000000 R09: 0000000000000000
[ 1306.559562][T43314] R10: 0000000000000000 R11: 0000000000000246 R12: 0000000000000000
[ 1306.559573][T43314] R13: 00007f79a7426038 R14: 00007f79a7425fa0 R15: 00007f79a8048000
[ 1306.559600][T43314]  </TASK>
[ 1306.559766][T43314] Mem-Info:
[ 1306.599757][    C1] vkms_vblank_simulate: vblank timer overrun
[ 1306.871543][T43314] active_anon:7146 inactive_anon:0 isolated_anon:0
[ 1306.871543][T43314]  active_file:5231 inactive_file:54301 isolated_file:0
[ 1306.871543][T43314]  unevictable:1768 dirty:2954 writeback:0
[ 1306.871543][T43314]  slab_reclaimable:13431 slab_unreclaimable:63865
[ 1306.871543][T43314]  mapped:30943 shmem:2798 pagetables:1281
[ 1306.871543][T43314]  sec_pagetables:0 bounce:0
[ 1306.871543][T43314]  kernel_misc_reclaimable:0
[ 1306.871543][T43314]  free:439508 free_pcp:14574 free_cma:0
[ 1306.914919][    C1] vkms_vblank_simulate: vblank timer overrun
[ 1306.934117][T43314] Node 0 active_anon:10816kB inactive_anon:0kB active_file:11132kB inactive_file:84244kB unevictable:3536kB isolated(anon):0kB isolated(file):0kB mapped:74224kB dirty:3656kB writeback:0kB shmem:5788kB shmem_thp:0kB shmem_pmdmapped:0kB anon_thp:0kB kernel_stack:5884kB pagetables:3040kB sec_pagetables:0kB all_unreclaimable? no Balloon:0kB
[ 1306.950067][T43314] Node 1 active_anon:17768kB inactive_anon:0kB active_file:9792kB inactive_file:132960kB unevictable:3536kB isolated(anon):0kB isolated(file):0kB mapped:49548kB dirty:8160kB writeback:0kB shmem:5404kB shmem_thp:0kB shmem_pmdmapped:0kB anon_thp:0kB kernel_stack:6236kB pagetables:2084kB sec_pagetables:0kB all_unreclaimable? no Balloon:0kB
[ 1306.966957][T43314] Node 0 DMA free:15180kB boost:0kB min:452kB low:564kB high:676kB reserved_highatomic:0KB free_highatomic:0KB active_anon:0kB inactive_anon:0kB active_file:0kB inactive_file:0kB unevictable:0kB writepending:0kB zspages:0kB present:15992kB managed:15360kB mlocked:0kB bounce:0kB free_pcp:164kB local_pcp:12kB free_cma:0kB
[ 1306.984215][T43314] lowmem_reserve[]: 0 1176 1176 1176 1176
[ 1306.996845][T43314] Node 0 DMA32 free:580824kB boost:0kB min:34836kB low:43544kB high:52252kB reserved_highatomic:0KB free_highatomic:0KB active_anon:10816kB inactive_anon:0kB active_file:11132kB inactive_file:84244kB unevictable:3536kB writepending:3656kB zspages:0kB present:2080772kB managed:1204832kB mlocked:0kB bounce:0kB free_pcp:8152kB local_pcp:116kB free_cma:0kB
[ 1307.052676][T43314] lowmem_reserve[]: 0 0 0 0 0
[ 1307.058384][T43314] Node 1 DMA32 free:893888kB boost:0kB min:29136kB low:36420kB high:43704kB reserved_highatomic:0KB free_highatomic:0KB active_anon:0kB inactive_anon:0kB active_file:0kB inactive_file:0kB unevictable:0kB writepending:0kB zspages:0kB present:1048444kB managed:982908kB mlocked:0kB bounce:0kB free_pcp:31356kB local_pcp:15752kB free_cma:0kB
[ 1307.073088][T42780] netdevsim netdevsim3 netdevsim0: renamed from eth0
[ 1307.094627][    C1] vkms_vblank_simulate: vblank timer overrun
[ 1307.096439][T43314] lowmem_reserve[]: 0 0 846 846 846
[ 1307.138058][T43314] Node 1 Normal free:302104kB boost:0kB min:25680kB low:32100kB high:38520kB reserved_highatomic:0KB free_highatomic:0KB active_anon:17768kB inactive_anon:0kB active_file:9792kB inactive_file:132960kB unevictable:3536kB writepending:8160kB zspages:0kB present:1048576kB managed:866440kB mlocked:0kB bounce:0kB free_pcp:9952kB local_pcp:3732kB free_cma:0kB
[ 1307.157076][T43314] lowmem_reserve[]: 0 0 0 0 0
[ 1307.159721][T43314] Node 0 DMA: 3*4kB (U) 4*8kB (U) 3*16kB (U) 2*32kB (U) 3*64kB (U) 4*128kB (U) 4*256kB (U) 4*512kB (U) 5*1024kB (U) 1*2048kB (U) 1*4096kB (U) = 15196kB
[ 1307.183811][T42780] netdevsim netdevsim3 netdevsim1: renamed from eth1
[ 1307.186350][T43314] Node 0 DMA32: 876*4kB (UM) 453*8kB (UME) 499*16kB (UME) 150*32kB (UME) 217*64kB (UME) 461*128kB (UME) 361*256kB (UME) 218*512kB (UM) 293*1024kB (UM) 0*2048kB 0*4096kB = 596872kB
[ 1307.204826][T43314] Node 1 DMA32: 3*4kB (UM) 5*8kB (UM) 3*16kB (UM) 2*32kB (UM) 7*64kB (UM) 9*128kB (UM) 5*256kB (UM) 6*512kB (UM) 3*1024kB (UM) 7*2048kB (UM) 215*4096kB (UM) = 904164kB
[ 1307.240260][T43314] Node 1 Normal: 259*4kB (ME) 78*8kB (UME) 18*16kB (UM) 143*32kB (UME) 272*64kB (UM) 227*128kB (UME) 203*256kB (UME) 147*512kB (UM) 119*1024kB (U) 0*2048kB 0*4096kB = 302076kB
[ 1307.253275][T42780] netdevsim netdevsim3 netdevsim2: renamed from eth2
[ 1307.268469][T43314] Node 0 hugepages_total=2 hugepages_free=2 hugepages_surp=0 hugepages_size=2048kB
[ 1307.281151][T43314] Node 1 hugepages_total=2 hugepages_free=2 hugepages_surp=0 hugepages_size=2048kB
[ 1307.294845][T43314] 62335 total pagecache pages
[ 1307.302379][T43314] 0 pages in swap cache
[ 1307.304182][T43314] Free swap  = 124996kB
[ 1307.307512][T42780] netdevsim netdevsim3 netdevsim3: renamed from eth3
[ 1307.321714][T43314] Total swap = 124996kB
[ 1307.331833][T43314] 1048446 pages RAM
[ 1307.333771][T43314] 0 pages HighMem/MovableOnly
[ 1307.342638][T43314] 281061 pages reserved
[ 1307.344868][T43314] 0 pages cma reserved
[ 1307.521074][T42780] 8021q: adding VLAN 0 to HW filter on device bond0
[ 1307.557540][T42780] 8021q: adding VLAN 0 to HW filter on device team0
[ 1307.586027][T29462] bridge0: port 1(bridge_slave_0) entered blocking state
[ 1307.594226][T29462] bridge0: port 1(bridge_slave_0) entered forwarding state
[ 1307.616948][T29462] bridge0: port 2(bridge_slave_1) entered blocking state
[ 1307.624889][T29462] bridge0: port 2(bridge_slave_1) entered forwarding state
[ 1308.378475][T42780] 8021q: adding VLAN 0 to HW filter on device batadv0
[ 1308.485685][T42780] veth0_vlan: entered promiscuous mode
[ 1308.513694][T42780] veth1_vlan: entered promiscuous mode
[ 1308.660292][T42780] veth0_macvtap: entered promiscuous mode
[ 1308.673845][T42780] veth1_macvtap: entered promiscuous mode
[ 1308.700497][T42780] batman_adv: batadv0: Interface activated: batadv_slave_0
[ 1308.714950][T42780] batman_adv: batadv0: Interface activated: batadv_slave_1
[ 1308.743882][T10359] netdevsim netdevsim3 netdevsim0: set [1, 0] type 2 family 0 port 6081 - 0
[ 1308.752273][T10359] netdevsim netdevsim3 netdevsim1: set [1, 0] type 2 family 0 port 6081 - 0
[ 1308.774055][T10359] netdevsim netdevsim3 netdevsim2: set [1, 0] type 2 family 0 port 6081 - 0
[ 1308.784496][T10359] netdevsim netdevsim3 netdevsim3: set [1, 0] type 2 family 0 port 6081 - 0
[ 1309.098384][   T50] wlan0: Created IBSS using preconfigured BSSID 50:50:50:50:50:50
[ 1309.105411][   T50] wlan0: Creating new IBSS network, BSSID 50:50:50:50:50:50
[ 1309.194104][   T37] wlan1: Created IBSS using preconfigured BSSID 50:50:50:50:50:50
[ 1309.199920][   T37] wlan1: Creating new IBSS network, BSSID 50:50:50:50:50:50
[ 1310.568416][    C1] vkms_vblank_simulate: vblank timer overrun
[ 1310.902979][    C1] vkms_vblank_simulate: vblank timer overrun
[ 1311.003640][    C1] vkms_vblank_simulate: vblank timer overrun
[ 1312.122963][    C1] vkms_vblank_simulate: vblank timer overrun
[ 1312.225594][    C1] vkms_vblank_simulate: vblank timer overrun
[ 1314.510039][    C1] vkms_vblank_simulate: vblank timer overrun
[ 1314.651169][    C1] vkms_vblank_simulate: vblank timer overrun
[ 1315.203386][    C1] vkms_vblank_simulate: vblank timer overrun
[ 1315.319186][    C1] vkms_vblank_simulate: vblank timer overrun
[ 1315.433635][    C1] vkms_vblank_simulate: vblank timer overrun
[ 1315.608580][    C1] vkms_vblank_simulate: vblank timer overrun
[ 1316.578110][    C1] vkms_vblank_simulate: vblank timer overrun
[ 1317.282730][    C1] vkms_vblank_simulate: vblank timer overrun
[ 1318.858539][    C1] vkms_vblank_simulate: vblank timer overrun
[ 1319.011397][    C1] vkms_vblank_simulate: vblank timer overrun
[ 1319.720419][    C1] vkms_vblank_simulate: vblank timer overrun
[ 1320.072603][T43775] warn_alloc: 3 callbacks suppressed
[ 1320.072621][T43775] syz.2.10350: vmalloc error: size 35651584, failed to allocated page array size 69632, mode:0xdc2(GFP_KERNEL|__GFP_HIGHMEM|__GFP_ZERO), nodemask=(null),cpuset=/,mems_allowed=0-1
[ 1320.108759][T43775] CPU: 2 UID: 0 PID: 43775 Comm: syz.2.10350 Not tainted 6.18.0 #1 PREEMPT(full) 
[ 1320.108796][T43775] Hardware name: QEMU Standard PC (i440FX + PIIX, 1996), BIOS rel-1.16.3-0-ga6ed6b701f0a-prebuilt.qemu.org 04/01/2014
[ 1320.108808][T43775] Call Trace:
[ 1320.108814][T43775]  <TASK>
[ 1320.108822][T43775]  dump_stack_lvl+0x180/0x1b0
[ 1320.108854][T43775]  warn_alloc+0x211/0x360
[ 1320.108878][T43775]  ? __pfx_warn_alloc+0x10/0x10
[ 1320.108898][T43775]  ? __pfx_alloc_vmap_area+0x10/0x10
[ 1320.108922][T43775]  ? __get_vm_area_node+0x10c/0x340
[ 1320.108954][T43775]  ? drm_property_create_blob.part.0+0x34/0x320
[ 1320.108981][T43775]  ? __vmalloc_node_noprof+0xac/0xf0
[ 1320.109012][T43775]  __vmalloc_node_range_noprof+0xfaa/0x13b0
[ 1320.109048][T43775]  ? drm_property_create_blob.part.0+0x34/0x320
[ 1320.109082][T43775]  ? __pfx___vmalloc_node_range_noprof+0x10/0x10
[ 1320.109116][T43775]  __kvmalloc_node_noprof+0x41f/0x9d0
[ 1320.109139][T43775]  ? drm_property_create_blob.part.0+0x34/0x320
[ 1320.109163][T43775]  ? drm_property_create_blob.part.0+0x34/0x320
[ 1320.109193][T43775]  ? drm_property_create_blob.part.0+0x34/0x320
[ 1320.109217][T43775]  drm_property_create_blob.part.0+0x34/0x320
[ 1320.109245][T43775]  drm_mode_createblob_ioctl+0x139/0x490
[ 1320.109341][T43775]  drm_ioctl_kernel+0x1ed/0x3e0
[ 1320.109357][T43775]  ? __pfx_drm_mode_createblob_ioctl+0x10/0x10
[ 1320.109381][T43775]  ? __pfx_drm_ioctl_kernel+0x10/0x10
[ 1320.109404][T43775]  drm_ioctl+0x574/0xb90
[ 1320.109425][T43775]  ? __pfx_drm_mode_createblob_ioctl+0x10/0x10
[ 1320.109451][T43775]  ? __pfx_drm_ioctl+0x10/0x10
[ 1320.109470][T43775]  ? hook_file_ioctl_common+0x146/0x3f0
[ 1320.109500][T43775]  ? __fget_files+0x1fb/0x3b0
[ 1320.109545][T43775]  ? __pfx_drm_ioctl+0x10/0x10
[ 1320.109564][T43775]  __x64_sys_ioctl+0x18f/0x210
[ 1320.109584][T43775]  do_syscall_64+0xcb/0xfa0
[ 1320.109613][T43775]  entry_SYSCALL_64_after_hwframe+0x77/0x7f
[ 1320.109633][T43775] RIP: 0033:0x7f79a71b059d
[ 1320.109649][T43775] Code: 02 b8 ff ff ff ff c3 66 0f 1f 44 00 00 f3 0f 1e fa 48 89 f8 48 89 f7 48 89 d6 48 89 ca 4d 89 c2 4d 89 c8 4c 8b 4c 24 08 0f 05 <48> 3d 01 f0 ff ff 73 01 c3 48 c7 c1 a8 ff ff ff f7 d8 64 89 01 48
[ 1320.109666][T43775] RSP: 002b:00007f79a8067f98 EFLAGS: 00000246 ORIG_RAX: 0000000000000010
[ 1320.109704][T43775] RAX: ffffffffffffffda RBX: 00007f79a7425fa0 RCX: 00007f79a71b059d
[ 1320.109716][T43775] RDX: 0000200000000180 RSI: 00000000c01064bd RDI: 0000000000000006
[ 1320.109727][T43775] RBP: 00007f79a724e078 R08: 0000000000000000 R09: 0000000000000000
[ 1320.109738][T43775] R10: 0000000000000000 R11: 0000000000000246 R12: 0000000000000000
[ 1320.109749][T43775] R13: 00007f79a7426038 R14: 00007f79a7425fa0 R15: 00007f79a8048000
[ 1320.109837][T43775]  </TASK>
[ 1320.109845][T43775] Mem-Info:
[ 1320.472782][T43775] active_anon:6884 inactive_anon:0 isolated_anon:0
[ 1320.472782][T43775]  active_file:5230 inactive_file:54321 isolated_file:0
[ 1320.472782][T43775]  unevictable:1768 dirty:3141 writeback:0
[ 1320.472782][T43775]  slab_reclaimable:13456 slab_unreclaimable:65089
[ 1320.472782][T43775]  mapped:28858 shmem:2799 pagetables:1276
[ 1320.472782][T43775]  sec_pagetables:0 bounce:0
[ 1320.472782][T43775]  kernel_misc_reclaimable:0
[ 1320.472782][T43775]  free:475716 free_pcp:14291 free_cma:0
[ 1320.486991][ T5206] Bluetooth: hci4: unexpected cc 0x0c03 length: 249 > 1
[ 1320.516465][    C1] vkms_vblank_simulate: vblank timer overrun
[ 1320.518717][T43775] Node 0 active_anon:11408kB inactive_anon:0kB active_file:11128kB inactive_file:84268kB unevictable:3536kB isolated(anon):0kB isolated(file):0kB mapped:75548kB dirty:3904kB writeback:0kB shmem:5796kB shmem_thp:0kB shmem_pmdmapped:0kB anon_thp:0kB kernel_stack:5820kB pagetables:3188kB sec_pagetables:0kB all_unreclaimable? no Balloon:0kB
[ 1320.583945][T43775] Node 1 active_anon:16628kB inactive_anon:0kB active_file:9792kB inactive_file:133016kB unevictable:3536kB isolated(anon):0kB isolated(file):0kB mapped:39784kB dirty:8660kB writeback:0kB shmem:5400kB shmem_thp:0kB shmem_pmdmapped:0kB anon_thp:0kB kernel_stack:6504kB pagetables:2120kB sec_pagetables:0kB all_unreclaimable? no Balloon:0kB
[ 1320.599866][ T5206] Bluetooth: hci4: unexpected cc 0x1003 length: 249 > 9
[ 1320.626034][T43775] Node 0 DMA free:15040kB boost:0kB min:452kB low:564kB high:676kB reserved_highatomic:0KB free_highatomic:0KB active_anon:0kB inactive_anon:0kB active_file:0kB inactive_file:0kB unevictable:0kB writepending:0kB zspages:0kB present:15992kB managed:15360kB mlocked:0kB bounce:0kB free_pcp:312kB local_pcp:76kB free_cma:0kB
[ 1320.666892][ T5206] Bluetooth: hci4: unexpected cc 0x1001 length: 249 > 9
[ 1320.715576][T43775] lowmem_reserve[]: 0 1176 1176 1176 1176
[ 1320.718693][T43775] Node 0 DMA32 free:631596kB boost:0kB min:34836kB low:43544kB high:52252kB reserved_highatomic:0KB free_highatomic:0KB active_anon:11532kB inactive_anon:0kB active_file:11128kB inactive_file:84268kB unevictable:3536kB writepending:3904kB zspages:0kB present:2080772kB managed:1204832kB mlocked:0kB bounce:0kB free_pcp:15148kB local_pcp:4360kB free_cma:0kB
[ 1320.720076][ T5206] Bluetooth: hci4: unexpected cc 0x0c23 length: 249 > 4
[ 1320.768389][ T5206] Bluetooth: hci4: unexpected cc 0x0c38 length: 249 > 2
[ 1320.773537][T43775] lowmem_reserve[]: 0 0 0 0 0
[ 1320.823182][T43775] Node 1 DMA32 free:940940kB boost:0kB min:29136kB low:36420kB high:43704kB reserved_highatomic:0KB free_highatomic:0KB active_anon:0kB inactive_anon:0kB active_file:0kB inactive_file:0kB unevictable:0kB writepending:0kB zspages:0kB present:1048444kB managed:982908kB mlocked:0kB bounce:0kB free_pcp:33776kB local_pcp:7536kB free_cma:0kB
[ 1320.873297][T43775] lowmem_reserve[]: 0 0 846 846 846
[ 1320.880934][T43775] Node 1 Normal free:304920kB boost:0kB min:25680kB low:32100kB high:38520kB reserved_highatomic:0KB free_highatomic:0KB active_anon:17228kB inactive_anon:0kB active_file:9792kB inactive_file:133016kB unevictable:3536kB writepending:8660kB zspages:0kB present:1048576kB managed:866440kB mlocked:0kB bounce:0kB free_pcp:5556kB local_pcp:188kB free_cma:0kB
[ 1320.960468][T43775] lowmem_reserve[]: 0 0 0 0 0
[ 1320.964044][T43775] Node 0 DMA: 4*4kB (U) 3*8kB (U) 2*16kB (U) 4*32kB (U) 2*64kB (U) 3*128kB (U) 4*256kB (U) 4*512kB (U) 5*1024kB (U) 1*2048kB (U) 1*4096kB (U) = 15048kB
[ 1320.979137][T43775] Node 0 DMA32: 109*4kB (UM) 346*8kB (UME) 257*16kB (UME) 362*32kB (UME) 167*64kB (UME) 482*128kB (UME) 371*256kB (UME) 283*512kB (UM) 293*1024kB (UM) 0*2048kB 0*4096kB = 631188kB
[ 1321.005412][T43775] Node 1 DMA32: 7*4kB (UM) 4*8kB (UM) 9*16kB (UM) 8*32kB (UM) 9*64kB (UM) 9*128kB (UM) 9*256kB (UM) 11*512kB (UM) 11*1024kB (UM) 3*2048kB (UM) 207*4096kB (UM) = 875404kB
[ 1321.104181][T43775] Node 1 Normal: 172*4kB (ME) 121*8kB (UME) 69*16kB (ME) 28*32kB (ME) 192*64kB (UME) 204*128kB (UM) 188*256kB (UM) 159*512kB (UME) 126*1024kB (U) 0*2048kB 0*4096kB = 300616kB
[ 1321.138559][T43775] Node 0 hugepages_total=2 hugepages_free=2 hugepages_surp=0 hugepages_size=2048kB
[ 1321.148789][T43775] Node 1 hugepages_total=2 hugepages_free=2 hugepages_surp=0 hugepages_size=2048kB
[ 1321.160371][T43775] 62355 total pagecache pages
[ 1321.163472][T43775] 0 pages in swap cache
[ 1321.177365][T43775] Free swap  = 124996kB
[ 1321.182113][T43775] Total swap = 124996kB
[ 1321.184626][T43775] 1048446 pages RAM
[ 1321.187607][T43775] 0 pages HighMem/MovableOnly
[ 1321.191528][T43775] 281061 pages reserved
[ 1321.193425][T43775] 0 pages cma reserved
[ 1321.241892][T19021] netdevsim netdevsim0 netdevsim3 (unregistering): unset [1, 0] type 2 family 0 port 6081 - 0
[ 1321.417849][T19021] netdevsim netdevsim0 netdevsim2 (unregistering): unset [1, 0] type 2 family 0 port 6081 - 0
[ 1321.892463][T19021] netdevsim netdevsim0 netdevsim1 (unregistering): unset [1, 0] type 2 family 0 port 6081 - 0
[ 1322.381234][T19021] netdevsim netdevsim0 netdevsim0 (unregistering): unset [1, 0] type 2 family 0 port 6081 - 0
[ 1322.502646][T43783] chnl_net:caif_netlink_parms(): no params data found
[ 1322.810562][T32563] Bluetooth: hci4: command tx timeout
[ 1322.916089][T43783] bridge0: port 1(bridge_slave_0) entered blocking state
[ 1322.924370][T43783] bridge0: port 1(bridge_slave_0) entered disabled state
[ 1322.931081][T43783] bridge_slave_0: entered allmulticast mode
[ 1322.940326][T43783] bridge_slave_0: entered promiscuous mode
[ 1322.954064][T43783] bridge0: port 2(bridge_slave_1) entered blocking state
[ 1322.964242][T43783] bridge0: port 2(bridge_slave_1) entered disabled state
[ 1322.974011][T43783] bridge_slave_1: entered allmulticast mode
[ 1323.010429][T43783] bridge_slave_1: entered promiscuous mode
[ 1323.188574][T19021] bridge_slave_1: left allmulticast mode
[ 1323.194884][T19021] bridge_slave_1: left promiscuous mode
[ 1323.212543][T19021] bridge0: port 2(bridge_slave_1) entered disabled state
[ 1323.289492][T19021] bridge_slave_0: left allmulticast mode
[ 1323.292505][T19021] bridge_slave_0: left promiscuous mode
[ 1323.314584][T19021] bridge0: port 1(bridge_slave_0) entered disabled state
[ 1323.794235][    C1] vkms_vblank_simulate: vblank timer overrun
[ 1324.214010][T19021] bond0 (unregistering): (slave bond_slave_0): Releasing backup interface
[ 1324.262107][T19021] bond0 (unregistering): (slave bond_slave_1): Releasing backup interface
[ 1324.290100][T19021] bond0 (unregistering): Released all slaves
[ 1324.359294][T43783] bond0: (slave bond_slave_0): Enslaving as an active interface with an up link
[ 1324.432325][T43783] bond0: (slave bond_slave_1): Enslaving as an active interface with an up link
[ 1324.880250][T32563] Bluetooth: hci4: command tx timeout
[ 1324.976414][    C1] vkms_vblank_simulate: vblank timer overrun
[ 1325.062861][    C1] vkms_vblank_simulate: vblank timer overrun
[ 1325.153004][T43783] team0: Port device team_slave_0 added
[ 1325.161173][    C1] vkms_vblank_simulate: vblank timer overrun
[ 1325.180038][T43783] team0: Port device team_slave_1 added
[ 1325.264041][    C1] vkms_vblank_simulate: vblank timer overrun
[ 1325.872378][T44130] FAULT_INJECTION: forcing a failure.
[ 1325.872378][T44130] name failslab, interval 1, probability 0, space 0, times 0
[ 1325.881498][T44130] CPU: 1 UID: 0 PID: 44130 Comm: syz.2.10410 Not tainted 6.18.0 #1 PREEMPT(full) 
[ 1325.881521][T44130] Hardware name: QEMU Standard PC (i440FX + PIIX, 1996), BIOS rel-1.16.3-0-ga6ed6b701f0a-prebuilt.qemu.org 04/01/2014
[ 1325.881532][T44130] Call Trace:
[ 1325.881539][T44130]  <TASK>
[ 1325.881546][T44130]  dump_stack_lvl+0x180/0x1b0
[ 1325.881579][T44130]  should_fail_ex+0x520/0x650
[ 1325.881629][T44130]  should_failslab+0xc2/0x120
[ 1325.881653][T44130]  kmem_cache_alloc_noprof+0x76/0x700
[ 1325.881673][T44130]  ? __pfx_map_id_range_down+0x10/0x10
[ 1325.881805][T44130]  ? security_inode_alloc+0x3e/0x2d0
[ 1325.881828][T44130]  ? security_inode_alloc+0x3e/0x2d0
[ 1325.881880][T44130]  security_inode_alloc+0x3e/0x2d0
[ 1325.881897][T44130]  inode_init_always_gfp+0xce4/0x1040
[ 1325.881934][T44130]  alloc_inode+0x8e/0x250
[ 1325.881957][T44130]  alloc_anon_inode+0x28/0x3f0
[ 1325.881978][T44130]  dma_buf_export+0x266/0xa90
[ 1325.882066][T44130]  drm_gem_dmabuf_export+0x42/0x1f0
[ 1325.882088][T44130]  drm_gem_prime_handle_to_dmabuf+0x745/0x8f0
[ 1325.882110][T44130]  ? __pfx_drm_gem_prime_handle_to_dmabuf+0x10/0x10
[ 1325.882130][T44130]  ? do_raw_spin_unlock+0x54/0x230
[ 1325.882200][T44130]  drm_prime_handle_to_fd_ioctl+0x153/0x230
[ 1325.882223][T44130]  drm_ioctl_kernel+0x1ed/0x3e0
[ 1325.882238][T44130]  ? __pfx_drm_prime_handle_to_fd_ioctl+0x10/0x10
[ 1325.882271][T44130]  ? __pfx_drm_ioctl_kernel+0x10/0x10
[ 1325.882293][T44130]  drm_ioctl+0x574/0xb90
[ 1325.882310][T44130]  ? __pfx_drm_prime_handle_to_fd_ioctl+0x10/0x10
[ 1325.882331][T44130]  ? __pfx_drm_ioctl+0x10/0x10
[ 1325.882347][T44130]  ? hook_file_ioctl_common+0x146/0x3f0
[ 1325.882373][T44130]  ? __fget_files+0x1fb/0x3b0
[ 1325.882393][T44130]  ? __pfx_drm_ioctl+0x10/0x10
[ 1325.882408][T44130]  __x64_sys_ioctl+0x18f/0x210
[ 1325.882424][T44130]  do_syscall_64+0xcb/0xfa0
[ 1325.882448][T44130]  entry_SYSCALL_64_after_hwframe+0x77/0x7f
[ 1325.882466][T44130] RIP: 0033:0x7f79a71b059d
[ 1325.882481][T44130] Code: 02 b8 ff ff ff ff c3 66 0f 1f 44 00 00 f3 0f 1e fa 48 89 f8 48 89 f7 48 89 d6 48 89 ca 4d 89 c2 4d 89 c8 4c 8b 4c 24 08 0f 05 <48> 3d 01 f0 ff ff 73 01 c3 48 c7 c1 a8 ff ff ff f7 d8 64 89 01 48
[ 1325.882496][T44130] RSP: 002b:00007f79a8067f98 EFLAGS: 00000246 ORIG_RAX: 0000000000000010
[ 1325.882512][T44130] RAX: ffffffffffffffda RBX: 00007f79a7425fa0 RCX: 00007f79a71b059d
[ 1325.882522][T44130] RDX: 00002000000000c0 RSI: 00000000c00c642d RDI: 0000000000000003
[ 1325.882532][T44130] RBP: 00007f79a8068010 R08: 0000000000000000 R09: 0000000000000000
[ 1325.882541][T44130] R10: 0000000000000000 R11: 0000000000000246 R12: 0000000000000001
[ 1325.882550][T44130] R13: 00007f79a7426038 R14: 00007f79a7425fa0 R15: 00007f79a8048000
[ 1325.882573][T44130]  </TASK>
[ 1326.169057][    C1] vkms_vblank_simulate: vblank timer overrun
[ 1326.194841][T43783] batman_adv: batadv0: Adding interface: batadv_slave_0
[ 1326.198077][T43783] batman_adv: batadv0: The MTU of interface batadv_slave_0 is too small (1500) to handle the transport of batman-adv packets. Packets going over this interface will be fragmented on layer2 which could impact the performance. Setting the MTU to 1532 would solve the problem.
[ 1326.224677][T43783] batman_adv: batadv0: Not using interface batadv_slave_0 (retrying later): interface not active
[ 1326.241595][T43783] batman_adv: batadv0: Adding interface: batadv_slave_1
[ 1326.293867][T43783] batman_adv: batadv0: The MTU of interface batadv_slave_1 is too small (1500) to handle the transport of batman-adv packets. Packets going over this interface will be fragmented on layer2 which could impact the performance. Setting the MTU to 1532 would solve the problem.
[ 1326.320056][T43783] batman_adv: batadv0: Not using interface batadv_slave_1 (retrying later): interface not active
[ 1326.495331][T19021] hsr_slave_0: left promiscuous mode
[ 1326.540390][T19021] hsr_slave_1: left promiscuous mode
[ 1326.548430][T19021] batman_adv: batadv0: Interface deactivated: batadv_slave_0
[ 1326.585685][T19021] batman_adv: batadv0: Removing interface: batadv_slave_0
[ 1326.613110][T19021] batman_adv: batadv0: Interface deactivated: batadv_slave_1
[ 1326.618186][T19021] batman_adv: batadv0: Removing interface: batadv_slave_1
[ 1326.748391][T19021] veth1_macvtap: left promiscuous mode
[ 1326.754360][T19021] veth0_macvtap: left promiscuous mode
[ 1326.757477][T19021] veth1_vlan: left promiscuous mode
[ 1326.759886][T19021] veth0_vlan: left promiscuous mode
[ 1326.763669][    C1] vkms_vblank_simulate: vblank timer overrun
[ 1326.868174][    C1] vkms_vblank_simulate: vblank timer overrun
[ 1326.965744][T32563] Bluetooth: hci4: command tx timeout
[ 1327.081070][    C1] vkms_vblank_simulate: vblank timer overrun
[ 1327.615084][T44181] FAULT_INJECTION: forcing a failure.
[ 1327.615084][T44181] name failslab, interval 1, probability 0, space 0, times 0
[ 1327.639415][T44181] CPU: 1 UID: 0 PID: 44181 Comm: syz.3.10422 Not tainted 6.18.0 #1 PREEMPT(full) 
[ 1327.639444][T44181] Hardware name: QEMU Standard PC (i440FX + PIIX, 1996), BIOS rel-1.16.3-0-ga6ed6b701f0a-prebuilt.qemu.org 04/01/2014
[ 1327.639457][T44181] Call Trace:
[ 1327.639467][T44181]  <TASK>
[ 1327.639476][T44181]  dump_stack_lvl+0x180/0x1b0
[ 1327.639512][T44181]  should_fail_ex+0x520/0x650
[ 1327.639538][T44181]  should_failslab+0xc2/0x120
[ 1327.639644][T44181]  kmem_cache_alloc_lru_noprof+0x7a/0x700
[ 1327.639668][T44181]  ? __d_alloc+0x31/0xa00
[ 1327.639697][T44181]  ? __d_alloc+0x31/0xa00
[ 1327.639717][T44181]  __d_alloc+0x31/0xa00
[ 1327.639744][T44181]  d_alloc_pseudo+0x1d/0xc0
[ 1327.639800][T44181]  alloc_file_pseudo+0xbe/0x220
[ 1327.639827][T44181]  ? __pfx_alloc_file_pseudo+0x10/0x10
[ 1327.639864][T44181]  dma_buf_export+0x325/0xa90
[ 1327.639894][T44181]  drm_gem_dmabuf_export+0x42/0x1f0
[ 1327.639917][T44181]  drm_gem_prime_handle_to_dmabuf+0x745/0x8f0
[ 1327.639941][T44181]  ? __pfx_drm_gem_prime_handle_to_dmabuf+0x10/0x10
[ 1327.639962][T44181]  ? do_raw_spin_unlock+0x54/0x230
[ 1327.639991][T44181]  drm_prime_handle_to_fd_ioctl+0x153/0x230
[ 1327.640017][T44181]  drm_ioctl_kernel+0x1ed/0x3e0
[ 1327.640034][T44181]  ? __pfx_drm_prime_handle_to_fd_ioctl+0x10/0x10
[ 1327.640057][T44181]  ? __pfx_drm_ioctl_kernel+0x10/0x10
[ 1327.640082][T44181]  drm_ioctl+0x574/0xb90
[ 1327.640102][T44181]  ? __pfx_drm_prime_handle_to_fd_ioctl+0x10/0x10
[ 1327.640126][T44181]  ? __pfx_drm_ioctl+0x10/0x10
[ 1327.640146][T44181]  ? hook_file_ioctl_common+0x146/0x3f0
[ 1327.640175][T44181]  ? __fget_files+0x1fb/0x3b0
[ 1327.640199][T44181]  ? __pfx_drm_ioctl+0x10/0x10
[ 1327.640217][T44181]  __x64_sys_ioctl+0x18f/0x210
[ 1327.640238][T44181]  do_syscall_64+0xcb/0xfa0
[ 1327.640328][T44181]  entry_SYSCALL_64_after_hwframe+0x77/0x7f
[ 1327.640347][T44181] RIP: 0033:0x7ff3895b059d
[ 1327.640364][T44181] Code: 02 b8 ff ff ff ff c3 66 0f 1f 44 00 00 f3 0f 1e fa 48 89 f8 48 89 f7 48 89 d6 48 89 ca 4d 89 c2 4d 89 c8 4c 8b 4c 24 08 0f 05 <48> 3d 01 f0 ff ff 73 01 c3 48 c7 c1 a8 ff ff ff f7 d8 64 89 01 48
[ 1327.640405][T44181] RSP: 002b:00007ff38a51af98 EFLAGS: 00000246 ORIG_RAX: 0000000000000010
[ 1327.640453][T44181] RAX: ffffffffffffffda RBX: 00007ff389825fa0 RCX: 00007ff3895b059d
[ 1327.640465][T44181] RDX: 00002000000000c0 RSI: 00000000c00c642d RDI: 0000000000000003
[ 1327.640476][T44181] RBP: 00007ff38a51b010 R08: 0000000000000000 R09: 0000000000000000
[ 1327.640486][T44181] R10: 0000000000000000 R11: 0000000000000246 R12: 0000000000000001
[ 1327.640497][T44181] R13: 00007ff389826038 R14: 00007ff389825fa0 R15: 00007ff38a4fb000
[ 1327.640525][T44181]  </TASK>
[ 1327.921032][    C1] vkms_vblank_simulate: vblank timer overrun
[ 1329.041644][T32563] Bluetooth: hci4: command tx timeout
[ 1329.573491][T19021] team0 (unregistering): Port device team_slave_1 removed
[ 1330.055902][T19021] team0 (unregistering): Port device team_slave_0 removed
[ 1332.105492][T44351] FAULT_INJECTION: forcing a failure.
[ 1332.105492][T44351] name failslab, interval 1, probability 0, space 0, times 0
[ 1332.121760][T43783] hsr_slave_0: entered promiscuous mode
[ 1332.135137][T44351] CPU: 3 UID: 0 PID: 44351 Comm: syz.1.10479 Not tainted 6.18.0 #1 PREEMPT(full) 
[ 1332.135161][T44351] Hardware name: QEMU Standard PC (i440FX + PIIX, 1996), BIOS rel-1.16.3-0-ga6ed6b701f0a-prebuilt.qemu.org 04/01/2014
[ 1332.135172][T44351] Call Trace:
[ 1332.135178][T44351]  <TASK>
[ 1332.135185][T44351]  dump_stack_lvl+0x180/0x1b0
[ 1332.135218][T44351]  should_fail_ex+0x520/0x650
[ 1332.135240][T44351]  ? tomoyo_realpath_from_path+0xc3/0x600
[ 1332.135262][T44351]  should_failslab+0xc2/0x120
[ 1332.135287][T44351]  __kmalloc_noprof+0xdc/0x8c0
[ 1332.135304][T44351]  ? kfree+0x3b1/0x6c0
[ 1332.135325][T44351]  ? tomoyo_realpath_from_path+0xc3/0x600
[ 1332.135346][T44351]  tomoyo_realpath_from_path+0xc3/0x600
[ 1332.135424][T44351]  ? tomoyo_profile+0x46/0x60
[ 1332.135453][T44351]  tomoyo_path_number_perm+0x221/0x550
[ 1332.135470][T44351]  ? tomoyo_path_number_perm+0x213/0x550
[ 1332.135491][T44351]  ? __pfx_tomoyo_path_number_perm+0x10/0x10
[ 1332.135511][T44351]  ? proc_fail_nth_write+0x97/0x220
[ 1332.135554][T44351]  ? hook_file_ioctl_common+0x146/0x3f0
[ 1332.135574][T44351]  ? __fget_files+0x1f1/0x3b0
[ 1332.135598][T44351]  ? __fget_files+0x1fb/0x3b0
[ 1332.135619][T44351]  security_file_ioctl+0x9f/0x260
[ 1332.135640][T44351]  __x64_sys_ioctl+0xb7/0x210
[ 1332.135658][T44351]  do_syscall_64+0xcb/0xfa0
[ 1332.135686][T44351]  entry_SYSCALL_64_after_hwframe+0x77/0x7f
[ 1332.135703][T44351] RIP: 0033:0x7fb3593b059d
[ 1332.135718][T44351] Code: 02 b8 ff ff ff ff c3 66 0f 1f 44 00 00 f3 0f 1e fa 48 89 f8 48 89 f7 48 89 d6 48 89 ca 4d 89 c2 4d 89 c8 4c 8b 4c 24 08 0f 05 <48> 3d 01 f0 ff ff 73 01 c3 48 c7 c1 a8 ff ff ff f7 d8 64 89 01 48
[ 1332.135734][T44351] RSP: 002b:00007fb35a19ff98 EFLAGS: 00000246 ORIG_RAX: 0000000000000010
[ 1332.135752][T44351] RAX: ffffffffffffffda RBX: 00007fb359625fa0 RCX: 00007fb3593b059d
[ 1332.135763][T44351] RDX: 0000200000000080 RSI: 0000000040106410 RDI: 0000000000000003
[ 1332.135773][T44351] RBP: 00007fb35a1a0010 R08: 0000000000000000 R09: 0000000000000000
[ 1332.135838][T44351] R10: 0000000000000000 R11: 0000000000000246 R12: 0000000000000001
[ 1332.135849][T44351] R13: 00007fb359626038 R14: 00007fb359625fa0 R15: 00007fb35a180000
[ 1332.135903][T44351]  </TASK>
[ 1332.140056][T43783] hsr_slave_1: entered promiscuous mode
[ 1332.159602][T44351] ERROR: Out of memory at tomoyo_realpath_from_path.
[ 1332.187251][T43783] debugfs: 'hsr0' already exists in 'hsr'
[ 1332.330717][    C1] vkms_vblank_simulate: vblank timer overrun
[ 1332.336468][T43783] Cannot create hsr debugfs directory
[ 1332.909948][    C1] vkms_vblank_simulate: vblank timer overrun
[ 1332.968272][    C1] vkms_vblank_simulate: vblank timer overrun
[ 1333.288023][    C1] vkms_vblank_simulate: vblank timer overrun
[ 1333.297590][T44457] FAULT_INJECTION: forcing a failure.
[ 1333.297590][T44457] name failslab, interval 1, probability 0, space 0, times 0
[ 1333.339404][T44457] CPU: 3 UID: 0 PID: 44457 Comm: syz.1.10489 Not tainted 6.18.0 #1 PREEMPT(full) 
[ 1333.339436][T44457] Hardware name: QEMU Standard PC (i440FX + PIIX, 1996), BIOS rel-1.16.3-0-ga6ed6b701f0a-prebuilt.qemu.org 04/01/2014
[ 1333.339448][T44457] Call Trace:
[ 1333.339455][T44457]  <TASK>
[ 1333.339464][T44457]  dump_stack_lvl+0x180/0x1b0
[ 1333.339499][T44457]  should_fail_ex+0x520/0x650
[ 1333.339530][T44457]  ? tomoyo_encode2.part.0+0xe9/0x3a0
[ 1333.339554][T44457]  should_failslab+0xc2/0x120
[ 1333.339581][T44457]  __kmalloc_noprof+0xdc/0x8c0
[ 1333.339603][T44457]  ? d_absolute_path+0x12a/0x1a0
[ 1333.339635][T44457]  ? tomoyo_encode2.part.0+0xe9/0x3a0
[ 1333.339657][T44457]  tomoyo_encode2.part.0+0xe9/0x3a0
[ 1333.339685][T44457]  tomoyo_encode+0x2b/0x60
[ 1333.339709][T44457]  tomoyo_realpath_from_path+0x188/0x600
[ 1333.339739][T44457]  tomoyo_path_number_perm+0x221/0x550
[ 1333.339758][T44457]  ? tomoyo_path_number_perm+0x213/0x550
[ 1333.339781][T44457]  ? __pfx_tomoyo_path_number_perm+0x10/0x10
[ 1333.339801][T44457]  ? proc_fail_nth_write+0x97/0x220
[ 1333.339847][T44457]  ? hook_file_ioctl_common+0x146/0x3f0
[ 1333.339907][T44457]  ? __fget_files+0x1f1/0x3b0
[ 1333.339934][T44457]  ? __fget_files+0x1fb/0x3b0
[ 1333.339957][T44457]  security_file_ioctl+0x9f/0x260
[ 1333.339982][T44457]  __x64_sys_ioctl+0xb7/0x210
[ 1333.340003][T44457]  do_syscall_64+0xcb/0xfa0
[ 1333.340034][T44457]  entry_SYSCALL_64_after_hwframe+0x77/0x7f
[ 1333.340053][T44457] RIP: 0033:0x7fb3593b059d
[ 1333.340069][T44457] Code: 02 b8 ff ff ff ff c3 66 0f 1f 44 00 00 f3 0f 1e fa 48 89 f8 48 89 f7 48 89 d6 48 89 ca 4d 89 c2 4d 89 c8 4c 8b 4c 24 08 0f 05 <48> 3d 01 f0 ff ff 73 01 c3 48 c7 c1 a8 ff ff ff f7 d8 64 89 01 48
[ 1333.340087][T44457] RSP: 002b:00007fb35a19ff98 EFLAGS: 00000246 ORIG_RAX: 0000000000000010
[ 1333.340105][T44457] RAX: ffffffffffffffda RBX: 00007fb359625fa0 RCX: 00007fb3593b059d
[ 1333.340116][T44457] RDX: 0000200000000080 RSI: 0000000040106410 RDI: 0000000000000003
[ 1333.340127][T44457] RBP: 00007fb35a1a0010 R08: 0000000000000000 R09: 0000000000000000
[ 1333.340138][T44457] R10: 0000000000000000 R11: 0000000000000246 R12: 0000000000000001
[ 1333.340148][T44457] R13: 00007fb359626038 R14: 00007fb359625fa0 R15: 00007fb35a180000
[ 1333.340175][T44457]  </TASK>
[ 1333.340196][T44457] ERROR: Out of memory at tomoyo_realpath_from_path.
[ 1333.626743][    C1] vkms_vblank_simulate: vblank timer overrun
[ 1333.729445][T44463] warn_alloc: 6 callbacks suppressed
[ 1333.729463][T44463] syz.2.10490: vmalloc error: size 35651584, failed to allocated page array size 69632, mode:0xdc2(GFP_KERNEL|__GFP_HIGHMEM|__GFP_ZERO), nodemask=(null),cpuset=/,mems_allowed=0-1
[ 1333.763646][T44463] CPU: 3 UID: 0 PID: 44463 Comm: syz.2.10490 Not tainted 6.18.0 #1 PREEMPT(full) 
[ 1333.763726][T44463] Hardware name: QEMU Standard PC (i440FX + PIIX, 1996), BIOS rel-1.16.3-0-ga6ed6b701f0a-prebuilt.qemu.org 04/01/2014
[ 1333.763739][T44463] Call Trace:
[ 1333.763747][T44463]  <TASK>
[ 1333.763755][T44463]  dump_stack_lvl+0x180/0x1b0
[ 1333.763789][T44463]  warn_alloc+0x211/0x360
[ 1333.763814][T44463]  ? __pfx_warn_alloc+0x10/0x10
[ 1333.763834][T44463]  ? __pfx_alloc_vmap_area+0x10/0x10
[ 1333.763858][T44463]  ? __get_vm_area_node+0x10c/0x340
[ 1333.763900][T44463]  ? drm_property_create_blob.part.0+0x34/0x320
[ 1333.763928][T44463]  ? __vmalloc_node_noprof+0xac/0xf0
[ 1333.763959][T44463]  __vmalloc_node_range_noprof+0xfaa/0x13b0
[ 1333.763995][T44463]  ? drm_property_create_blob.part.0+0x34/0x320
[ 1333.764029][T44463]  ? __pfx___vmalloc_node_range_noprof+0x10/0x10
[ 1333.764067][T44463]  __kvmalloc_node_noprof+0x41f/0x9d0
[ 1333.764091][T44463]  ? drm_property_create_blob.part.0+0x34/0x320
[ 1333.764118][T44463]  ? drm_property_create_blob.part.0+0x34/0x320
[ 1333.764149][T44463]  ? drm_property_create_blob.part.0+0x34/0x320
[ 1333.764193][T44463]  drm_property_create_blob.part.0+0x34/0x320
[ 1333.764223][T44463]  drm_mode_createblob_ioctl+0x139/0x490
[ 1333.764253][T44463]  drm_ioctl_kernel+0x1ed/0x3e0
[ 1333.764270][T44463]  ? __pfx_drm_mode_createblob_ioctl+0x10/0x10
[ 1333.764295][T44463]  ? __pfx_drm_ioctl_kernel+0x10/0x10
[ 1333.764319][T44463]  drm_ioctl+0x574/0xb90
[ 1333.764339][T44463]  ? __pfx_drm_mode_createblob_ioctl+0x10/0x10
[ 1333.764366][T44463]  ? __pfx_drm_ioctl+0x10/0x10
[ 1333.764398][T44463]  ? hook_file_ioctl_common+0x146/0x3f0
[ 1333.764428][T44463]  ? __fget_files+0x1fb/0x3b0
[ 1333.764452][T44463]  ? __pfx_drm_ioctl+0x10/0x10
[ 1333.764470][T44463]  __x64_sys_ioctl+0x18f/0x210
[ 1333.764491][T44463]  do_syscall_64+0xcb/0xfa0
[ 1333.764520][T44463]  entry_SYSCALL_64_after_hwframe+0x77/0x7f
[ 1333.764539][T44463] RIP: 0033:0x7f79a71b059d
[ 1333.764557][T44463] Code: 02 b8 ff ff ff ff c3 66 0f 1f 44 00 00 f3 0f 1e fa 48 89 f8 48 89 f7 48 89 d6 48 89 ca 4d 89 c2 4d 89 c8 4c 8b 4c 24 08 0f 05 <48> 3d 01 f0 ff ff 73 01 c3 48 c7 c1 a8 ff ff ff f7 d8 64 89 01 48
[ 1333.764574][T44463] RSP: 002b:00007f79a8046f98 EFLAGS: 00000246 ORIG_RAX: 0000000000000010
[ 1333.764592][T44463] RAX: ffffffffffffffda RBX: 00007f79a7426090 RCX: 00007f79a71b059d
[ 1333.764604][T44463] RDX: 0000200000000180 RSI: 00000000c01064bd RDI: 0000000000000004
[ 1333.764616][T44463] RBP: 00007f79a724e078 R08: 0000000000000000 R09: 0000000000000000
[ 1333.764627][T44463] R10: 0000000000000000 R11: 0000000000000246 R12: 0000000000000000
[ 1333.764638][T44463] R13: 00007f79a7426128 R14: 00007f79a7426090 R15: 00007f79a8027000
[ 1333.764664][T44463]  </TASK>
[ 1333.764672][T44463] Mem-Info:
[ 1334.079518][T44463] active_anon:7097 inactive_anon:0 isolated_anon:0
[ 1334.079518][T44463]  active_file:5231 inactive_file:54346 isolated_file:0
[ 1334.079518][T44463]  unevictable:1768 dirty:3132 writeback:0
[ 1334.079518][T44463]  slab_reclaimable:13359 slab_unreclaimable:63288
[ 1334.079518][T44463]  mapped:28945 shmem:2801 pagetables:1404
[ 1334.079518][T44463]  sec_pagetables:0 bounce:0
[ 1334.079518][T44463]  kernel_misc_reclaimable:0
[ 1334.079518][T44463]  free:479937 free_pcp:10998 free_cma:0
[ 1334.122849][T44463] Node 0 active_anon:11108kB inactive_anon:0kB active_file:11124kB inactive_file:84324kB unevictable:3536kB isolated(anon):0kB isolated(file):0kB mapped:75752kB dirty:4000kB writeback:0kB shmem:5816kB shmem_thp:0kB shmem_pmdmapped:0kB anon_thp:0kB kernel_stack:5788kB pagetables:3080kB sec_pagetables:0kB all_unreclaimable? no Balloon:0kB
[ 1334.178148][T44463] Node 1 active_anon:17288kB inactive_anon:0kB active_file:9800kB inactive_file:133060kB unevictable:3536kB isolated(anon):0kB isolated(file):0kB mapped:39972kB dirty:8536kB writeback:0kB shmem:5388kB shmem_thp:0kB shmem_pmdmapped:0kB anon_thp:0kB kernel_stack:6220kB pagetables:2420kB sec_pagetables:0kB all_unreclaimable? no Balloon:0kB
[ 1334.238633][T44463] Node 0 DMA free:14876kB boost:0kB min:452kB low:564kB high:676kB reserved_highatomic:0KB free_highatomic:0KB active_anon:0kB inactive_anon:0kB active_file:0kB inactive_file:0kB unevictable:0kB writepending:0kB zspages:0kB present:15992kB managed:15360kB mlocked:0kB bounce:0kB free_pcp:460kB local_pcp:128kB free_cma:0kB
[ 1334.271161][T44463] lowmem_reserve[]: 0 1176 1176 1176 1176
[ 1334.275972][T44463] Node 0 DMA32 free:653244kB boost:0kB min:34836kB low:43544kB high:52252kB reserved_highatomic:0KB free_highatomic:0KB active_anon:11084kB inactive_anon:0kB active_file:11124kB inactive_file:84324kB unevictable:3536kB writepending:4044kB zspages:0kB present:2080772kB managed:1204832kB mlocked:0kB bounce:0kB free_pcp:2940kB local_pcp:32kB free_cma:0kB
[ 1334.336982][T44463] lowmem_reserve[]: 0 0 0 0 0
[ 1334.350635][T44463] Node 1 DMA32 free:956632kB boost:0kB min:29136kB low:36420kB high:43704kB reserved_highatomic:0KB free_highatomic:0KB active_anon:0kB inactive_anon:0kB active_file:0kB inactive_file:0kB unevictable:0kB writepending:0kB zspages:0kB present:1048444kB managed:982908kB mlocked:0kB bounce:0kB free_pcp:26268kB local_pcp:5424kB free_cma:0kB
[ 1334.389073][T44463] lowmem_reserve[]: 0 0 846 846 846
[ 1334.397078][T44463] Node 1 Normal free:312380kB boost:0kB min:25680kB low:32100kB high:38520kB reserved_highatomic:0KB free_highatomic:0KB active_anon:17184kB inactive_anon:0kB active_file:9800kB inactive_file:133072kB unevictable:3536kB writepending:8604kB zspages:0kB present:1048576kB managed:866440kB mlocked:0kB bounce:0kB free_pcp:5756kB local_pcp:1400kB free_cma:0kB
[ 1334.417488][T44463] lowmem_reserve[]: 0 0 0 0 0
[ 1334.420824][T44463] Node 0 DMA: 1*4kB (U) 2*8kB (U) 2*16kB (U) 4*32kB (U) 2*64kB (U) 4*128kB (U) 5*256kB (U) 5*512kB (U) 6*1024kB (U) 2*2048kB (U) 0*4096kB = 14900kB
[ 1334.431904][T44463] Node 0 DMA32: 1429*4kB (UME) 647*8kB (UME) 486*16kB (UME) 553*32kB (UME) 223*64kB (UME) 483*128kB (UME) 369*256kB (UME) 286*512kB (UM) 293*1024kB (UM) 0*2048kB 0*4096kB = 653388kB
[ 1334.443194][T44463] Node 1 DMA32: 6*4kB (UM) 9*8kB (UM) 8*16kB (UM) 6*32kB (UM) 9*64kB (UM) 8*128kB (UM) 11*256kB (UM) 9*512kB (UM) 9*1024kB (UM) 10*2048kB (UM) 224*4096kB (UM) = 956640kB
[ 1334.455223][T44463] Node 1 Normal: 227*4kB (UME) 72*8kB (UME) 69*16kB (UME) 111*32kB (UME) 321*64kB (UME) 206*128kB (UM) 187*256kB (UM) 161*512kB (UME) 126*1024kB (U) 0*2048kB 0*4096kB = 312380kB
[ 1334.468380][T44463] Node 0 hugepages_total=2 hugepages_free=2 hugepages_surp=0 hugepages_size=2048kB
