last executing test programs:

2.843644964s ago: executing program 3 (id=22982):
r0 = syz_open_dev$dri(&(0x7f0000000000), 0x1, 0x2000)
r1 = syz_open_dev$dri(&(0x7f0000000000), 0x1, 0x2000)
ioctl$DRM_IOCTL_MODE_GETRESOURCES(r1, 0xc04064a0, &(0x7f0000000340)={0x0, &(0x7f0000000280)=[<r2=>0x0], 0x0, 0x0, 0x0, 0x1})
ioctl$DRM_IOCTL_MODE_GETCRTC(r0, 0xc06864a1, &(0x7f0000000440)={0x0, 0x0, r2, <r3=>0x0})
ioctl$DRM_IOCTL_MODE_GETFB2(r0, 0xc06864ce, &(0x7f0000000040)={r3, 0x7, 0x6, 0xfffffffa, 0x3, [<r4=>0x0], [0x2, 0x9, 0xf, 0x8001], [0x8, 0x5, 0x80, 0x8], [0x9, 0x30, 0xfffffffffffffff9, 0x9db]})
r5 = syz_open_dev$dri(&(0x7f0000000000), 0xfffffffffffffffc, 0x0)
ioctl$DRM_IOCTL_SET_CLIENT_CAP(r5, 0x4010640d, &(0x7f0000000040)={0x2})
ioctl$DRM_IOCTL_PRIME_HANDLE_TO_FD(r0, 0xc00c642d, &(0x7f0000000080)={r4, 0x80000})
ioctl$DRM_IOCTL_GEM_CLOSE(r0, 0x40086409, &(0x7f0000000680)={r4})
r6 = syz_open_dev$dri(&(0x7f0000000040), 0x1, 0x2000)
ioctl$DRM_IOCTL_MODE_CREATE_LEASE(r6, 0xc01864c6, &(0x7f0000000140)={0x0, 0x0, 0x800})

2.17157895s ago: executing program 3 (id=22985):
syz_open_dev$dri(&(0x7f0000000580), 0x1, 0x100) (async)
syz_open_dev$dri(&(0x7f0000000180), 0x0, 0x1) (async)
r0 = syz_open_dev$dri(&(0x7f0000000000), 0x50dd, 0x0)
ioctl$DRM_IOCTL_MODE_PAGE_FLIP(r0, 0xc01864b0, &(0x7f0000000140)={0x0, 0x0, 0xc, 0x0, 0x5})
r1 = syz_open_dev$dri(&(0x7f0000000000), 0x3fffc0, 0x48000)
ioctl$DRM_IOCTL_MODE_CREATE_DUMB(r1, 0xc02064b2, &(0x7f0000000080)={0x8, 0x4, 0x10000, 0x0, <r2=>0x0}) (async)
r3 = syz_open_dev$dri(&(0x7f0000000000), 0x3fffc0, 0x48000)
ioctl$DRM_IOCTL_MODE_CREATE_DUMB(r3, 0xc02064b2, &(0x7f0000000040)={0x8, 0x8, 0x10000})
ioctl$DRM_IOCTL_MODE_DESTROY_DUMB(r1, 0xc00464b4, &(0x7f0000000780)={r2}) (async)
r4 = syz_open_dev$dri(&(0x7f0000000000), 0xa, 0x842)
ioctl$DRM_IOCTL_MODE_ADDFB2(r4, 0xc06864b8, &(0x7f0000000500)={0x0, 0x3, 0xfffffff9, 0xffffffff, 0x2, [], [0xa925, 0xaf, 0x9, 0x80000001], [0x2, 0x0, 0xffffffff], [0xffffffffffffffff, 0x100, 0x7, 0x1cba1c3f]})
r5 = syz_open_dev$dri(&(0x7f0000000300), 0xfffffffffffffffa, 0x40800) (async)
r6 = syz_open_dev$dri(&(0x7f00000000c0), 0x1, 0x408502)
ioctl$DRM_IOCTL_MODE_CREATE_DUMB(r6, 0xc02064b2, &(0x7f0000000080)={0x8, 0x2, 0x7})
r7 = syz_open_dev$dri(&(0x7f0000000000), 0xa, 0x1)
ioctl$DRM_IOCTL_SET_CLIENT_CAP(r7, 0x4010640d, &(0x7f0000000080)={0x1, 0x1000000}) (async)
r8 = syz_open_dev$dri(&(0x7f0000000000), 0xfffffffffffffffc, 0x1c1000)
r9 = syz_open_dev$dri(&(0x7f0000000000), 0xfffffffffffffffc, 0x0)
ioctl$DRM_IOCTL_MODE_GETRESOURCES(r9, 0xc04064a0, &(0x7f0000000340)={0x0, 0x0, &(0x7f0000000240)=[<r10=>0x0], 0x0, 0x0, 0x0, 0x1}) (async)
ioctl$DRM_IOCTL_MODE_CREATE_LEASE(r8, 0xc01864c6, 0x0)
ioctl$DRM_IOCTL_MODE_GETCONNECTOR(r8, 0xc05064a7, &(0x7f00000001c0)={0x0, 0x0, &(0x7f0000000180)=[0x0, 0x0, 0x0], &(0x7f0000000040), 0x0, 0x3, 0x0, 0x0, r10}) (async)
r11 = syz_open_dev$dri(&(0x7f0000000000), 0x1, 0x2000)
r12 = syz_open_dev$dri(&(0x7f0000000040), 0x2, 0x80001)
ioctl$DRM_IOCTL_MODE_CREATEPROPBLOB(r12, 0xc01064bd, &(0x7f0000000000)={&(0x7f0000000080)="ab", 0x1, <r13=>0x0})
ioctl$DRM_IOCTL_MODE_OBJ_GETPROPERTIES(r11, 0xc02064b9, &(0x7f0000000140)={0x0, 0x0, 0x0, r13}) (async)
ioctl$DRM_IOCTL_MODE_GETPROPBLOB(r5, 0xc01064ac, &(0x7f0000000280)={r13, 0x1f, &(0x7f0000000100)=""/31})

1.781313109s ago: executing program 3 (id=22990):
r0 = syz_open_dev$dri(&(0x7f0000000380), 0xfaa, 0x800)
ioctl$DRM_IOCTL_SET_VERSION(r0, 0xc0106407, &(0x7f0000000100)={0x1, 0x2, 0x5, 0x8})
r1 = syz_open_dev$dri(&(0x7f0000000000), 0xfffffffffffffffa, 0x0)
ioctl$DRM_IOCTL_GET_CAP(r1, 0xc010640c, &(0x7f0000000240)={0x1}) (async)
ioctl$DRM_IOCTL_GET_CAP(r1, 0xc010640c, &(0x7f0000000240)={0x1})
ioctl$DRM_IOCTL_FREE_BUFS(r1, 0x4010641a, 0x0)
r2 = syz_open_dev$dri(&(0x7f0000000f40), 0x0, 0xa0a03)
ioctl$DRM_IOCTL_MODE_CREATE_DUMB(r2, 0xc02064b2, &(0x7f0000000040)={0x10000d54, 0x1, 0xffffff6f})
ioctl$DRM_IOCTL_MODE_CREATE_LEASE(r1, 0xc01864c6, &(0x7f0000000200)={&(0x7f0000000300), 0x400002b9}) (async)
ioctl$DRM_IOCTL_MODE_CREATE_LEASE(r1, 0xc01864c6, &(0x7f0000000200)={&(0x7f0000000300), 0x400002b9})
ioctl$DRM_IOCTL_MODE_GETRESOURCES(0xffffffffffffffff, 0xc04064a0, 0x0) (async)
ioctl$DRM_IOCTL_MODE_GETRESOURCES(0xffffffffffffffff, 0xc04064a0, 0x0)
r3 = syz_open_dev$dri(&(0x7f0000000000), 0xa, 0x1)
r4 = syz_open_dev$dri(&(0x7f0000000000), 0x3fffc0, 0x20000)
ioctl$DRM_IOCTL_MODE_CREATE_DUMB(r4, 0xc02064b2, &(0x7f0000000080)={0x8, 0x4, 0x10000, 0x0, <r5=>0x0})
ioctl$DRM_IOCTL_MODE_CREATE_DUMB(r4, 0xc02064b2, &(0x7f00000001c0)={0x1, 0x1, 0x7}) (async)
ioctl$DRM_IOCTL_MODE_CREATE_DUMB(r4, 0xc02064b2, &(0x7f00000001c0)={0x1, 0x1, 0x7})
syz_open_dev$dri(&(0x7f0000000000), 0xbf, 0x40000) (async)
r6 = syz_open_dev$dri(&(0x7f0000000000), 0xbf, 0x40000)
ioctl$DRM_IOCTL_WAIT_VBLANK(r6, 0xc018643a, &(0x7f0000000100)={0x20000000, 0x4, 0x8}) (async)
ioctl$DRM_IOCTL_WAIT_VBLANK(r6, 0xc018643a, &(0x7f0000000100)={0x20000000, 0x4, 0x8})
ioctl$DRM_IOCTL_MODE_DESTROY_DUMB(r4, 0xc00464b4, &(0x7f0000000780)={r5})
ioctl$DRM_IOCTL_IRQ_BUSID(r0, 0xc0106403, &(0x7f00000000c0)={0x0, 0x2, 0x7, 0x2})
r7 = syz_open_dev$dri(&(0x7f0000000000), 0xa, 0x1)
ioctl$DRM_IOCTL_DROP_MASTER(r7, 0x641f)
ioctl$DRM_IOCTL_MODE_SETGAMMA(r7, 0xc02064a5, &(0x7f0000000780)={0x0, 0x0, 0x0, 0x0, 0x0})
syz_open_dev$dri(&(0x7f0000000000), 0x0, 0x100) (async)
r8 = syz_open_dev$dri(&(0x7f0000000000), 0x0, 0x100)
ioctl$DRM_IOCTL_MODE_CREATE_DUMB(r8, 0xc02064b2, &(0x7f0000000080)={0x8, 0x2, 0x7})
ioctl$DRM_IOCTL_GET_UNIQUE(r3, 0xc0106401, &(0x7f0000000740)={0x0, 0x0})

1.715151104s ago: executing program 1 (id=22992):
r0 = syz_open_dev$dri(&(0x7f00000015c0), 0xc, 0x400)
ioctl$DRM_IOCTL_GET_CAP(r0, 0xc010640c, &(0x7f0000000340)={0x3})
ioctl$DRM_IOCTL_MODE_GETPLANE(0xffffffffffffffff, 0xc02064b6, &(0x7f00000003c0)={0x0, 0x0, <r1=>0x0, 0x0, 0x0, 0x1, &(0x7f0000000380)=[0x0]})
ioctl$DRM_IOCTL_MODE_GETFB(r0, 0xc01c64ad, &(0x7f0000000400)={r1})
syz_open_dev$dri(0xfffffffffffffffe, 0xf2b, 0x21ab43)
r2 = syz_open_dev$dri(&(0x7f0000000300), 0xfffffffffffffffa, 0x40800)
r3 = syz_open_dev$dri(&(0x7f0000000000), 0x1, 0x40001)
r4 = syz_open_dev$dri(&(0x7f0000000000), 0x1, 0x2000)
r5 = syz_open_dev$dri(&(0x7f0000000000), 0x1, 0x800)
ioctl$DRM_IOCTL_MODE_GETRESOURCES(r5, 0xc04064a0, &(0x7f0000000340)={0x0, &(0x7f0000000280)=[<r6=>0x0], 0x0, 0x0, 0x0, 0x1})
ioctl$DRM_IOCTL_MODE_GETCRTC(r4, 0xc06864a1, &(0x7f00000001c0)={0x0, 0x0, r6, <r7=>0x0})
ioctl$DRM_IOCTL_MODE_RMFB(r3, 0xc00464af, &(0x7f0000000040)=r7)
r8 = syz_open_dev$dri(&(0x7f0000000080), 0x0, 0x20000)
ioctl$DRM_IOCTL_MODE_CREATEPROPBLOB(r8, 0xc01064bd, 0x0)
ioctl$DRM_IOCTL_MODE_CREATE_DUMB(r2, 0xc02064b2, &(0x7f0000000140)={0xf51, 0x3, 0x8, 0x0, <r9=>0x0})
ioctl$DRM_IOCTL_MODE_DESTROY_DUMB(r2, 0xc00464b4, &(0x7f0000000340)={r9})
r10 = syz_open_dev$dri(&(0x7f0000000f40), 0x0, 0xa0a03)
ioctl$DRM_IOCTL_VERSION(r10, 0xc0406400, &(0x7f00000002c0)={0xb25, 0x1, 0x8, 0x9e, &(0x7f0000000000)=""/158, 0xc1, &(0x7f00000000c0)=""/193, 0xe4, &(0x7f00000001c0)=""/228})
ioctl$DRM_IOCTL_ADD_CTX(r8, 0xc0086420, &(0x7f0000000440))

1.564063191s ago: executing program 3 (id=22993):
r0 = syz_open_dev$dri(&(0x7f0000000000), 0xfffffffffffffffc, 0x40000)
syz_open_dev$dri(&(0x7f0000000000), 0xfffffffffffffffc, 0x0)
r1 = syz_open_dev$dri(&(0x7f0000000000), 0x1, 0x2000)
r2 = syz_open_dev$dri(&(0x7f0000000000), 0x1, 0x2000)
ioctl$DRM_IOCTL_MODE_GETRESOURCES(r2, 0xc04064a0, &(0x7f0000000340)={0x0, &(0x7f0000000280)=[<r3=>0x0], 0x0, 0x0, 0x0, 0x1})
r4 = syz_open_dev$dri(&(0x7f0000000000), 0xfffffffffffffffc, 0x0)
ioctl$DRM_IOCTL_MODE_GETRESOURCES(r4, 0xc04064a0, &(0x7f0000000340)={0x0, 0x0, &(0x7f0000000240)=[<r5=>0x0], 0x0, 0x0, 0x0, 0x1})
ioctl$DRM_IOCTL_MODE_GETCONNECTOR(r4, 0xc05064a7, &(0x7f0000000180)={&(0x7f0000000080)=[0x0], &(0x7f0000000380)=[{}], 0x0, 0x0, 0x15, 0x0, 0x1, 0x0, r5})
ioctl$DRM_IOCTL_MODE_GETCRTC(r1, 0xc06864a1, &(0x7f0000000440)={0x0, 0x0, r3, <r6=>0x0})
r7 = syz_open_dev$dri(&(0x7f0000000000), 0x1, 0x40001)
ioctl$DRM_IOCTL_MODE_GETPROPBLOB(r7, 0x5450, 0x0)
ioctl$DRM_IOCTL_AGP_ACQUIRE(r1, 0x6430)
ioctl$DRM_IOCTL_GET_CAP(r7, 0xc010640c, &(0x7f00000000c0)={0x7})
ioctl$DRM_IOCTL_MODE_GETFB2(r1, 0xc06864ce, &(0x7f0000000040)={r6, 0x7, 0x6, 0xfffffffa, 0x3, [], [0x4000002, 0x9, 0xf, 0x8002], [0x8, 0x5, 0x80, 0x8], [0x9, 0x30, 0xfffffffffffffff9, 0x9db]})
ioctl$DRM_IOCTL_MODE_GETFB(r1, 0xc01c64ad, &(0x7f0000000140)={r6})
ioctl$DRM_IOCTL_MODE_OBJ_GETPROPERTIES(r0, 0xc02064b9, &(0x7f00000002c0)={0x0, 0x0})

1.476049102s ago: executing program 1 (id=22995):
r0 = openat$drirender128(0xffffffffffffff9c, &(0x7f0000000000), 0x101000, 0x0)
ioctl$DRM_IOCTL_SYNCOBJ_TIMELINE_SIGNAL(r0, 0xc01864cd, &(0x7f0000000100)={&(0x7f0000000040), &(0x7f0000000080), 0x0, 0x1})

1.358323952s ago: executing program 3 (id=22997):
ioctl$DRM_IOCTL_DROP_MASTER(0xffffffffffffffff, 0x641f)
r0 = openat$drirender128(0xffffffffffffff9c, &(0x7f0000000040), 0x80, 0x0)
ioctl$DRM_IOCTL_ADD_CTX(r0, 0xc0086420, &(0x7f00000001c0))
r1 = syz_open_dev$dri(&(0x7f0000000000), 0xfffffffffffffffc, 0x0)
ioctl$DRM_IOCTL_MODE_LIST_LESSEES(0xffffffffffffffff, 0xc01064c7, 0x0)
ioctl$DRM_IOCTL_MODE_CREATEPROPBLOB(r1, 0xc01064bd, &(0x7f0000000180)={&(0x7f0000000080)="7c2772857a834be7ae4d44d445cf9005999d5e56438892322b2223a8aaaf9e9f14a4b2fd8f003c5fc63d45c1284d4415120f0f47da6951fb126bf521dc909d6e7ec264529cc196ac9ee1382d36f63eda11484bd7668d5ccf64cf963a2818cfc4fa70eac3ef17b361938f4e7f0057adae5fcf13357a6af880bf70e132cc8655cfc24841ec657da1d381584e00fe0891949c717f9fc004f503131ab7f85d821ba515686ef591c936b831c077a03a13cd7894151eef069b62a937663176b4a373018f", 0x2000000, <r2=>0x0})
r3 = openat$drirender128(0xffffffffffffff9c, &(0x7f0000000200), 0x400000, 0x0)
ioctl$DRM_IOCTL_MODE_OBJ_GETPROPERTIES(r3, 0xc02064b9, &(0x7f00000002c0)={&(0x7f0000000240)=[0x0, 0x0, 0x0, 0x0, 0x0, 0x0, 0x0, 0x0, 0x0, 0x0], &(0x7f0000000280)=[0x0], 0xa, r2})
r4 = syz_open_dev$dri(0xfffffffffffffffe, 0xf2b, 0x21ab43)
ioctl$DRM_IOCTL_GEM_OPEN(r1, 0xc010640b, 0x0)
r5 = syz_open_dev$dri(&(0x7f0000000000), 0xfffffffffffffffc, 0x0)
ioctl$DRM_IOCTL_MODE_CREATEPROPBLOB(r5, 0xc01064bd, &(0x7f0000000180)={&(0x7f0000000080)="7c2772857a834be7ae4d44d445cf9005999d5e56438892322b2223a8aaaf9e9f14a4b2fd8f003c5fc63d45c1284d4415120f0f47da6951fb126bf521dc909d6e7ec264529cc196ac9ee1382d36f63eda11484bd7668d5ccf64cf963a2818cfc4fa70eac3ef17b361938f4e7f0057adae5fcf13357a6af880bf70e132cc8655cfc24841ec657da1d381584e00fe0891949c717f9fc004f503131ab7f85d821ba515686ef591c936b831c077a03a13cd7894151eef069b62a937663176b4a373018f", 0x2000000})
ioctl$DRM_IOCTL_MODE_GETGAMMA(0xffffffffffffffff, 0xc02064a4, 0x0)
ioctl$DRM_IOCTL_GEM_CLOSE(r4, 0x40086409, 0x0)

1.356094199s ago: executing program 1 (id=22998):
r0 = syz_open_dev$dri(&(0x7f0000000000), 0x1, 0x2000) (async)
r1 = syz_open_dev$dri(&(0x7f0000000000), 0x1, 0x800)
ioctl$DRM_IOCTL_MODE_GETRESOURCES(r1, 0xc04064a0, &(0x7f0000000340)={0x0, &(0x7f0000000280)=[<r2=>0x0], 0x0, 0x0, 0x0, 0x1}) (async)
syz_open_dev$dri(&(0x7f0000000000), 0x9e5, 0x1c880)
ioctl$DRM_IOCTL_MODE_GETCRTC(r0, 0xc06864a1, &(0x7f00000001c0)={0x0, 0x0, r2, <r3=>0x0})
ioctl$DRM_IOCTL_MODE_DIRTYFB(r0, 0xc01864b1, &(0x7f0000000240)={r3, 0x0, 0x7ff, 0x0, 0x0}) (async)
r4 = syz_open_dev$dri(&(0x7f0000000000), 0x3fffc0, 0x20000)
r5 = syz_open_dev$dri(&(0x7f0000000840), 0x495c, 0x400) (async)
ioctl$DRM_IOCTL_MODE_GET_LEASE(r4, 0xc01064c8, &(0x7f00000000c0)={0x1, 0x0, &(0x7f0000000040)=[<r6=>0x0]})
ioctl$DRM_IOCTL_MODE_GETPROPBLOB(r5, 0xc01064ac, &(0x7f0000000200)={r6, 0x0, 0x0})

1.214280897s ago: executing program 2 (id=22999):
openat$drirender128(0xffffffffffffff9c, &(0x7f0000001a00), 0xac800, 0x0)
r0 = syz_open_dev$dri(&(0x7f0000000000), 0x1, 0x2000)
r1 = syz_open_dev$dri(&(0x7f0000000000), 0x1, 0x2000)
ioctl$DRM_IOCTL_MODE_GETRESOURCES(r1, 0xc04064a0, &(0x7f0000000340)={0x0, &(0x7f0000000280)=[<r2=>0x0], 0x0, 0x0, 0x0, 0x1})
r3 = openat$drirender128(0xffffffffffffff9c, &(0x7f0000000a80), 0x200382, 0x0)
ioctl$DRM_IOCTL_MODE_DESTROY_DUMB(r3, 0xc00464b4, 0x0)
r4 = syz_open_dev$dri(&(0x7f0000000000), 0x1, 0x2000)
r5 = syz_open_dev$dri(&(0x7f0000000000), 0x1, 0x2000)
r6 = syz_open_dev$dri(&(0x7f0000000000), 0x1, 0x40001)
r7 = syz_open_dev$dri(&(0x7f0000000000), 0x1, 0x2000)
r8 = syz_open_dev$dri(&(0x7f0000000000), 0x1, 0x2000)
ioctl$DRM_IOCTL_MODE_CREATEPROPBLOB(r7, 0xc01064bd, &(0x7f00000001c0)={&(0x7f00000000c0)="28f52eaa", 0x4, <r9=>0x0})
ioctl$DRM_IOCTL_MODE_DESTROYPROPBLOB(r8, 0xc00464be, &(0x7f0000000200)={r9})
openat$drirender128(0xffffffffffffff9c, &(0x7f00000004c0), 0x40040, 0x0)
ioctl$DRM_IOCTL_MODE_GETPROPBLOB(r6, 0x5451, 0x0)
r10 = syz_open_dev$dri(&(0x7f0000000000), 0x50dd, 0x0)
ioctl$DRM_IOCTL_WAIT_VBLANK(r10, 0xc018643a, &(0x7f0000000040)={0x1, 0x0, 0x5})
ioctl$DRM_IOCTL_MODE_GETRESOURCES(r5, 0xc04064a0, &(0x7f0000000340)={0x0, &(0x7f0000000280)=[<r11=>0x0], 0x0, 0x0, 0x0, 0x1})
ioctl$DRM_IOCTL_MODE_GETCRTC(r4, 0xc06864a1, &(0x7f0000000440)={0x0, 0x0, r11, <r12=>0x0})
ioctl$DRM_IOCTL_MODE_GETFB2(r4, 0xc06864ce, &(0x7f0000000040)={r12, 0x7, 0x6, 0xfffffffa, 0x3, [], [0x2, 0x9, 0xf, 0x8001], [0x8, 0x5, 0x80, 0x8], [0x9, 0x30, 0xfffffffffffffff5, 0x9db]})
ioctl$DRM_IOCTL_PRIME_HANDLE_TO_FD(r4, 0xc00c642d, 0x0)
openat$drirender128(0xffffffffffffff9c, 0x0, 0x800, 0x0)
ioctl$DRM_IOCTL_MODE_GETCRTC(r0, 0xc06864a1, &(0x7f0000000440)={0x0, 0x0, r2, <r13=>0x0})
ioctl$DRM_IOCTL_MODE_GETFB2(r0, 0xc06864ce, &(0x7f0000000040)={r13, 0x7, 0x5, 0xfffffff8, 0x3, [], [0x2, 0xbc01, 0xf, 0x8001], [0x7fff, 0x5, 0x4, 0x8], [0x9, 0x30, 0xfffffffffffffff9]})

1.21358387s ago: executing program 1 (id=23000):
r0 = syz_open_dev$dri(&(0x7f0000000000), 0x6, 0xd00c0)
ioctl$DRM_IOCTL_AGP_ALLOC(r0, 0xc0206434, &(0x7f00000002c0)={0x0, 0x0, 0x1})
ioctl$DRM_IOCTL_MODE_GETCONNECTOR(r0, 0xc05064a7, &(0x7f00000001c0)={0x0, 0x0, 0x0, 0x0, 0x0, 0x0, 0x0, <r1=>0x0})
ioctl$DRM_IOCTL_MODE_GETENCODER(0xffffffffffffffff, 0xc01464a6, &(0x7f0000000040)={r1, 0x0, <r2=>0x0})
r3 = syz_open_dev$dri(&(0x7f0000000000), 0x9e5, 0x1c880)
ioctl$DRM_IOCTL_WAIT_VBLANK(r0, 0xc018643a, &(0x7f0000000300)={0x20000000, 0x3, 0xff})
ioctl$DRM_IOCTL_MODE_OBJ_GETPROPERTIES(r0, 0xc02064b9, &(0x7f0000000280)={&(0x7f0000000100)=[0x0], &(0x7f0000000180), 0x1, r2, 0xcccccccc})
ioctl$DRM_IOCTL_GEM_FLINK(r3, 0xc008640a, &(0x7f0000000340)={0x0, <r4=>0x0})
ioctl$DRM_IOCTL_GEM_OPEN(0xffffffffffffffff, 0xc010640b, &(0x7f0000000380)={r4})
ioctl$DRM_IOCTL_MODE_SETGAMMA(0xffffffffffffffff, 0xc02064a5, &(0x7f0000000180)={r2, 0x1, &(0x7f0000000080)=[0x5a], &(0x7f00000000c0)=[0xffff, 0x3, 0x2, 0xe, 0x22f, 0x800], &(0x7f0000000140)=[0x0, 0x81, 0x4, 0x1, 0x7, 0x9]})
ioctl$DRM_IOCTL_MODE_CURSOR2(r3, 0xc02464bb, &(0x7f0000000240)={0x2, r2, 0x3, 0x8, 0x0, 0x9, 0x0, 0x7fffffff, 0x3})

1.083913783s ago: executing program 1 (id=23001):
r0 = syz_open_dev$dri(&(0x7f0000000000), 0xfffffffffffffffc, 0x0)
ioctl$DRM_IOCTL_MODE_CREATEPROPBLOB(r0, 0xc01064bd, &(0x7f0000000180)={&(0x7f00000004c0)="7c2772857a834be7ae4d44d445cf9005999d5e5643889232b9093459aaaf9e9f14a4b2fd8f003c5fc63d45c1284d4415120f0f47da6951aa485d79e079be6b6e7ec264529cc196ac9ee1382d36f63eda11484bd7668d5ccf64cf963a2818cfc4fa70eac3ef17b361938f4e7f0057adae5fcf13357a6af880bf70e132cc8655cfc24841ec657da1d381584e00fe0891949c717f9fc004f503131ab7f85d821ba515686ef591c936b831c077931d13cd7894151eef069b62a937663176b4a373018f54b362f382ade0b55ef93aadd1733f5715a2db2f4aab6e7720fa7e077accb5e10439f8b9b669b91770fba3bb2a714b5feaa800000000000000000000000000df6391e9b5abd8dee90f36dc759104ac259c8405962dabd36539a2b141bd4c620f033546e04cc6c28b48a8ccab886ad9dcded23ceb1953cb0dc52eb8fdd7be000000000000000537e21d3a9f3b5cb0652fc85bd723399efc20455c69705a097aee81031670f33c48a0cf64863b03f15911281024833028442ee27f000000000000000000000000007c10184c07d4417ddfa18c2929add0f47f6bbb1a8e0ecbe3bf8bdd46c272886e02b0645d14e09224ff00291a2c217b0a578c55cdcf0f2231523eb70eb96f837c7d0639366eec31d8b0a9fce5f36325072fa8a067df057bb28ef42f64be861935393a8b221d15b07e238fd30ac839968dd8d030e2b618f18d82f595acdc929c1fef622e69a0bed78cc8217e967a29ef041391662161efaf4cd3ccdcb7a7a7fce45d918e3aeaaf589e735dff96edc216c2fa43d12bcb80a5f9d13faaa9a8dcb7f72580d9f2220615573a8e85a821f339cefc4eeb5d53b62b0dd95d6af7696dca7abbac0ced89ea93984f41567e242f5629e7a3dc6f7b3bad5096a0ea52c5bd32dc64a1d2bcad4c91bf18361bd4dbdedf23f8f34d55e938b984e46fe31bf636d7765d739b6a5a343552b57f73920dd456cfd981e739f4ca38c56739bf339b9e8ef45bf175ac3704b23ff48750", 0xc81423})
ioctl$DRM_IOCTL_MODE_CREATE_LEASE(0xffffffffffffffff, 0xc01864c6, &(0x7f0000000280)={&(0x7f0000000240)=[0x0, 0x0, 0x0], 0x3, 0x800}) (async)
r1 = syz_open_dev$dri(&(0x7f0000000000), 0x0, 0x0) (async)
r2 = syz_open_dev$dri(&(0x7f0000000040), 0x2, 0x1)
ioctl$DRM_IOCTL_MODE_ADDFB(r2, 0xc01c64ae, &(0x7f0000000080)={0x0, 0x7, 0x1, 0x1000, 0x8, 0x18, 0x8})
ioctl$DRM_IOCTL_MODE_CREATEPROPBLOB(r1, 0xc01064bd, &(0x7f0000000180)={&(0x7f0000000080)="7c2772857a834be7ae4d44d445cf9005999d5e56438892322b2223a8aaaf9e9f14a4b2fd8f003c5fc63d45c1284d4415120f0f47da6951fb126bf521dc909d6e7ec264529cc196ac9ee1382d36f63eda11484bd7668d5ccf64cf963a2818cfc4fa70eac3ef17b361938f4e7f0057adae5fcf13357a6af880bf70e132cc8655cfc24841ec657da1d381584e00fe0891949c717f9fc004f503131ab7f85d821ba515686ef591c936b831c077a03a13cd7894151eef069b62a937663176b4a373018f", 0x2000000}) (async)
r3 = syz_open_dev$dri(&(0x7f0000000000), 0x1, 0x82800) (async)
r4 = openat$drirender128(0xffffffffffffff9c, &(0x7f0000000200), 0x80, 0x0)
ioctl$DRM_IOCTL_SET_MASTER(r4, 0x641e)
ioctl$DRM_IOCTL_MODE_GETGAMMA(r3, 0xc02064a4, &(0x7f00000001c0)={0x0, 0x0, 0x0, 0x0, 0x0}) (async)
r5 = openat$drirender128(0xffffffffffffff9c, &(0x7f0000000000), 0x20001, 0x0)
ioctl$DRM_IOCTL_VERSION(r5, 0xc0406400, &(0x7f0000000040)={0x8005, 0x4000, 0x6, 0x0, 0x0, 0x0, 0x0, 0x36, &(0x7f0000001680)=""/204})

1.083324171s ago: executing program 0 (id=23002):
r0 = syz_open_dev$dri(&(0x7f0000000000), 0xfffffffffffffffc, 0x0)
ioctl$DRM_IOCTL_MARK_BUFS(r0, 0x40206417, &(0x7f0000000040)={0x1, 0x6, 0x3ff, 0x6, 0xa8873121d3906730, 0x4}) (async)
ioctl$DRM_IOCTL_MODE_CREATEPROPBLOB(r0, 0xc01064bd, &(0x7f0000000180)={&(0x7f0000000080)="7c2772857a834be7ae4d44d445cf9005999d5e56438892322b2223a8aaaf9e9f14a4b2fd8f003c5fc63d45c1284d4415120f0f47da6951fb126bf521dc909d6e7ec264529cc196ac9ee1382d36f63eda11484bd7668d5ccf64cf963a2818cfc4fa70eac3ef17b361938f4e7f0057adae5fcf13357a6af880bf70e132cc8655cfc24841ec657da1d381584e00fe0891949c717f9fc004f503131ab7f85d821ba515686ef591c936b831c077a03a13cd7894151eef069b62a937663176b4a373018f", 0x630de}) (async)
syz_open_dev$dri(&(0x7f0000000000), 0xfffffffffffffffc, 0x40000)
syz_open_dev$dri(&(0x7f0000000000), 0xfffffffffffffffc, 0x0)
ioctl$DRM_IOCTL_MODE_GET_LEASE(0xffffffffffffffff, 0xc01064c8, 0x0) (async)
r1 = syz_open_dev$dri(&(0x7f0000000000), 0x1, 0x2000)
r2 = syz_open_dev$dri(&(0x7f0000000000), 0x1, 0x2000)
ioctl$DRM_IOCTL_MODE_GETRESOURCES(r2, 0xc04064a0, &(0x7f0000000340)={0x0, &(0x7f0000000280)=[0x0], 0x0, 0x0, 0x0, 0x1}) (async)
r3 = syz_open_dev$dri(&(0x7f0000000000), 0x1, 0x2000) (async)
r4 = syz_open_dev$dri(&(0x7f0000000000), 0x1, 0x2000)
ioctl$DRM_IOCTL_MODE_GETRESOURCES(r4, 0xc04064a0, &(0x7f0000000340)={0x0, &(0x7f0000000280)=[<r5=>0x0], 0x0, 0x0, 0x0, 0x1})
ioctl$DRM_IOCTL_MODE_GETCRTC(r3, 0xc06864a1, &(0x7f0000000440)={0x0, 0x0, r5, <r6=>0x0}) (async)
r7 = syz_open_dev$dri(&(0x7f0000000000), 0x1, 0x2000) (async)
r8 = syz_open_dev$dri(&(0x7f0000000000), 0x1, 0x2000)
ioctl$DRM_IOCTL_MODE_GETRESOURCES(r8, 0xc04064a0, &(0x7f0000000340)={0x0, &(0x7f0000000300)=[<r9=>0x0], 0x0, 0x0, 0x0, 0x1}) (async)
r10 = syz_open_dev$dri(&(0x7f0000000000), 0x1, 0x2000)
ioctl$DRM_IOCTL_MODE_GETRESOURCES(0xffffffffffffffff, 0xc04064a0, &(0x7f0000000340)={0x0, &(0x7f0000000280)=[<r11=>0x0], 0x0, 0x0, 0x0, 0x1})
ioctl$DRM_IOCTL_MODE_GETCRTC(r10, 0xc06864a1, &(0x7f0000000440)={0x0, 0x0, r11})
ioctl$DRM_IOCTL_MODE_GETCRTC(r7, 0xc06864a1, &(0x7f0000000440)={0x0, 0x0, r9, <r12=>0x0})
ioctl$DRM_IOCTL_MODE_GETFB2(r7, 0xc06864ce, &(0x7f0000000040)={r12, 0x7, 0x5, 0xfffffff8, 0x3, [], [0x2, 0xbc01, 0xf, 0x8001], [0x7fff, 0x5, 0x4, 0x8], [0x9, 0x30, 0xfffffffffffffff9]})
ioctl$DRM_IOCTL_MODE_GETFB2(r3, 0xc06864ce, &(0x7f0000000040)={r6, 0x7, 0x6, 0xfffffffa, 0x3, [], [0x2, 0x9, 0x800, 0x8001], [0x8, 0x5, 0x80, 0x8], [0x9, 0x30, 0xfffffffffffffff9, 0x9db]})
ioctl$DRM_IOCTL_MODE_CREATE_LEASE(0xffffffffffffffff, 0xc01864c6, &(0x7f0000000280)={&(0x7f0000000240)=[0x0, 0x0, 0x0], 0x3})
ioctl$DRM_IOCTL_MODE_SETPROPERTY(r1, 0xc01064ab, &(0x7f00000002c0)={0x5}) (async)
r13 = syz_open_dev$dri(&(0x7f0000000000), 0xfffffffffffffffc, 0x0)
ioctl$DRM_IOCTL_MODE_CREATEPROPBLOB(r13, 0xc01064bd, &(0x7f0000000180)={&(0x7f00000004c0)="7c2772857a834be7ae4d44d445cf9005999d5e5643889232b9093459aaaf9e9f14a4b2fd8f003c5fc63d45c1284d4415120f0f47da6951aa485d79e079be6b6e7ec264529cc196ac9ee1382d36f63eda11484bd7668d5ccf64cf963a2818cfc4fa70eac3ef17b361938f4e7f0057adae5fcf13357a6af880bf70e132cc8655cfc24841ec657da1d381584e00fe0891949c717f9fc004f503131ab7f85d821ba515686ef591c936b831c077931d13cd7894151eef069b62a937663176b4a373018f54b362f382ade0b55ef93aadd1733f5715a2db2f4aab6e7720fa7e077accb5e10439f8b9b669b91770fba3bb2a714b5feaa800000000000000000000000000df6391e9b5abd8dee90f36dc759104ac259c8405962dabd36539a2b141bd4c620f033546e04cc6c28b48a8ccab886ad9dcded23ceb1953cb0dc52eb8fdd7be000000000000000537e21d3a9f3b5cb0652fc85bd723399efc20455c69705a097aee81031670f33c48a0cf64863b03f15911281024833028442ee27f000000000000000000000000007c10184c07d4417ddfa18c2929add0f47f6bbb1a8e0ecbe3bf8bdd46c272886e02b0645d14e09224ff00291a2c217b0a578c55cdcf0f2231523eb70eb96f837c7d0639366eec31d8b0a9fce5f36325072fa8a067df057bb28ef42f64be861935393a8b221d15b07e238fd30ac839968dd8d030e2b618f18d82f595acdc929c1fef622e69a0bed78cc8217e967a29ef041391662161efaf4cd3ccdcb7a7a7fce45d918e3aeaaf589e735dff96edc216c2fa43d12bcb80a5f9d13faaa9a8dcb7f72580d9f2220615573a8e85a821f339cefc4eeb5d53b62b0dd95d6af7696dca7abbac0ced89ea93984f41567e242f5629e7a3dc6f7b3bad5096a0ea52c5bd32dc64a1d2bcad4c91bf18361bd4dbdedf23f8f34d55e938b984e46fe31bf636d7765d739b6a5a343552b57f73920dd456cfd981e739f4ca38c56739bf339b9e8ef45bf175ac3704b23ff48750", 0xc81423}) (async)
r14 = syz_open_dev$dri(&(0x7f0000000000), 0x1, 0x2000) (async)
r15 = openat$drirender128(0xffffffffffffff9c, &(0x7f0000000200), 0x20080, 0x0)
ioctl$DRM_IOCTL_SET_MASTER(r15, 0x641e)
ioctl$DRM_IOCTL_MODE_GETGAMMA(r14, 0xc02064a4, &(0x7f00000001c0)={0x0, 0x0, 0x0, 0x0, 0x0})

1.002988205s ago: executing program 2 (id=23003):
r0 = syz_open_dev$dri(&(0x7f0000000000), 0x40000007, 0x121000) (async, rerun: 32)
r1 = syz_open_dev$dri(&(0x7f0000000000), 0xfffffffffffffffc, 0x2) (rerun: 32)
ioctl$DRM_IOCTL_MODE_CREATE_DUMB(r1, 0xc02064b2, &(0x7f0000000040)={0x10001, 0x5, 0x9, 0x0, <r2=>0x0})
ioctl$DRM_IOCTL_MODE_MAP_DUMB(r1, 0xc01064b3, &(0x7f0000000200)={r2}) (async, rerun: 32)
ioctl$DRM_IOCTL_MODE_CREATEPROPBLOB(r1, 0xc01064bd, &(0x7f0000000180)={&(0x7f0000000500)="7c2772857a834be7ae4d44d445cf9005999d5e56438892322b2223a8aaaf9e9f14a4b2fd8f003c5fc63d45c1284d4415120f0f47da6951fb126bf521dc909d6e7ec264529cc196ac9ee1382d36f63eda11484bd7668d5ccf64cf963a2818cfc4fa70eac3ef17b361938f4e7f0057adae5fcf13357a6af880bf70e132cc8655cfc24841ec657da1d381584e00fe0891949c717f9fc004f503131ab7f85d821ba515686ef591c936b862a937663176b4a373018f", 0xb3}) (rerun: 32)
r3 = syz_open_dev$dri(&(0x7f0000000000), 0xfffffffffffffffc, 0x0)
ioctl$DRM_IOCTL_MODE_LIST_LESSEES(0xffffffffffffffff, 0xc01064c7, 0x0)
ioctl$DRM_IOCTL_MODE_CREATEPROPBLOB(r3, 0xc01064bd, &(0x7f0000000180)={&(0x7f0000000080)="7c2772857a834be7ae4d44d445cf9005999d5e56438892322b2223a8aaaf9e9f14a4b2fd8f003c5fc63d45c1284d4415120f0f47da6951fb126bf521dc909d6e7ec264529cc196ac9ee1382d36f63eda11484bd7668d5ccf64cf963a2818cfc4fa70eac3ef17b361938f4e7f0057adae5fcf13357a6af880bf70e132cc8655cfc24841ec657da1d381584e00fe0891949c717f9fc004f503131ab7f85d821ba515686ef591c936b831c077a03a13cd7894151eef069b62a937663176b4a373018f", 0x2000000}) (async)
r4 = syz_open_dev$dri(0xfffffffffffffffe, 0xf2b, 0x21ab43) (async)
r5 = syz_open_dev$dri(&(0x7f0000000080), 0x0, 0x20000) (async)
ioctl$DRM_IOCTL_GEM_OPEN(r3, 0xc010640b, 0x0) (async, rerun: 32)
syz_open_dev$dri(&(0x7f0000000d40), 0x3, 0x434480) (async, rerun: 32)
r6 = syz_open_dev$dri(&(0x7f0000000000), 0xfffffffffffffffc, 0x0) (async)
r7 = syz_open_dev$dri(&(0x7f0000000180), 0x0, 0x1)
ioctl$DRM_IOCTL_SYNCOBJ_RESET(r7, 0xc01064c4, &(0x7f0000000280)={0x0})
openat$drirender128(0xffffffffffffff9c, &(0x7f00000001c0), 0x80, 0x0) (async)
ioctl$DRM_IOCTL_RES_CTX(r3, 0xc0106426, &(0x7f0000000280)={0x6, &(0x7f0000000240)=[{}, {}, {}, {}, {}, {}]})
r8 = syz_open_dev$dri(&(0x7f0000000000), 0x0, 0x0)
r9 = syz_open_dev$dri(&(0x7f00000015c0), 0xc, 0x400)
ioctl$DRM_IOCTL_GET_CAP(r9, 0xc010640c, &(0x7f0000000340)={0x3}) (async)
ioctl$DRM_IOCTL_MODE_GETPROPERTY(r8, 0xc04064aa, &(0x7f00000004c0)={0x0, 0x0}) (async)
ioctl$DRM_IOCTL_MODE_CREATEPROPBLOB(r6, 0xc01064bd, &(0x7f0000000180)={&(0x7f0000000080)="7c2772857a834be7ae4d44d445cf9005999d5e56438892322b2223a8aaaf9e9f14a4b2fd8f003c5fc63d45c1284d4415120f0f47da6951fb126bf521dc909d6e7ec264529cc196ac9ee1382d36f63eda11484bd7668d5ccf64cf963a2818cfc4fa70eac3ef17b361938f4e7f0057adae5fcf13357a6af880bf70e132cc8655cfc24841ec657da1d381584e00fe0891949c717f9fc004f503131ab7f85d821ba515686ef591c936b831c077a03a13cd7894151eef069b62a937663176b4a373018f", 0x2000000}) (async)
ioctl$DRM_IOCTL_MODE_GET_LEASE(r0, 0xc01064c8, &(0x7f0000000380)={0x3, 0x0, &(0x7f0000000340)=[0x0, <r10=>0x0, 0x0]})
ioctl$DRM_IOCTL_GEM_CLOSE(r4, 0x40086409, 0x0) (async)
ioctl$DRM_IOCTL_MODE_GETPROPBLOB(r5, 0xc01064ac, &(0x7f0000000400)={r10, 0x1f, &(0x7f00000003c0)=""/31}) (async)
ioctl$DRM_IOCTL_MODE_CREATE_LEASE(0xffffffffffffffff, 0xc01864c6, 0x0)
openat$drirender128(0xffffffffffffff9c, &(0x7f0000000080), 0x2acc0, 0x0) (async)
r11 = syz_open_dev$dri(&(0x7f0000000000), 0xfffffffffffffffa, 0x0)
ioctl$DRM_IOCTL_MODE_CREATEPROPBLOB(r11, 0xc01064bd, &(0x7f0000000180)={&(0x7f0000000080)="7c2772857a834be7ae4d44d445cf9005999d5e56438892322b2223a8aaaf9e9f14a4b2fd8f003c5fc63d45c1284d4415120f0f47da6951fb126bf521dc909d6e7ec264529cc196ac9ee1382d36f63eda11484bd7668d5ccf64cf963a2818cfc4fa70eac3ef17b361938f4e7f0057adae5fcf13357a6af880bf70e132cc8655cfc24841ec657da1d381584e00fe0891949c717f9fc004f503131ab7f85d821ba515686ef591c936b831c077a03a13cd7894151eef069b62a937663176b4a373018f", 0x2000000})

741.172449ms ago: executing program 1 (id=23004):
syz_open_dev$dri(&(0x7f0000000000), 0xfffffffffffffffc, 0x10d000) (async)
r0 = syz_open_dev$dri(0x0, 0xfffffffffffffffc, 0x2)
ioctl$DRM_IOCTL_MODE_CREATE_DUMB(r0, 0xc02064b2, &(0x7f0000000040)={0x10001, 0x5, 0x9, 0x0, <r1=>0x0})
ioctl$DRM_IOCTL_MODE_MAP_DUMB(r0, 0xc01064b3, &(0x7f0000000200)={r1}) (async)
r2 = syz_open_dev$dri(&(0x7f0000000280), 0x10001, 0x400000)
r3 = syz_open_dev$dri(&(0x7f0000000000), 0x3fffc0, 0x20000) (async)
r4 = syz_open_dev$dri(&(0x7f0000000840), 0x495c, 0x400) (async)
r5 = syz_open_dev$dri(&(0x7f0000000000), 0x0, 0x141000)
ioctl$DRM_IOCTL_VERSION(r5, 0xc0406400, &(0x7f0000000040)={0x1, 0x3, 0x7, 0x0, 0x0, 0x0, 0x0, 0x17, 0x0}) (async)
ioctl$DRM_IOCTL_MODE_GET_LEASE(r3, 0xc01064c8, &(0x7f00000000c0)={0x1, 0x0, &(0x7f0000000040)=[<r6=>0x0]})
ioctl$DRM_IOCTL_MODE_GETPROPBLOB(r4, 0xc01064ac, &(0x7f0000000200)={r6, 0x0, 0x0}) (async)
ioctl$DRM_IOCTL_MODE_GETCRTC(r0, 0xc06864a1, &(0x7f0000000400)={&(0x7f00000003c0)=[0x0, 0x0, 0x0, 0x0, 0x0, 0x0], 0x6, 0x0, <r7=>0x0})
ioctl$DRM_IOCTL_MODE_RMFB(r2, 0xc00464af, &(0x7f0000000480)=r7) (async)
r8 = syz_open_dev$dri(&(0x7f0000000000), 0xfffffffffffffffc, 0x0) (async)
ioctl$DRM_IOCTL_MODE_LIST_LESSEES(0xffffffffffffffff, 0xc01064c7, 0x0)
ioctl$DRM_IOCTL_MODE_CREATEPROPBLOB(r8, 0xc01064bd, &(0x7f0000000180)={&(0x7f0000000080)="7c2772857a834be7ae4d44d445cf9005999d5e56438892322b2223a8aaaf9e9f14a4b2fd8f003c5fc63d45c1284d4415120f0f47da6951fb126bf521dc909d6e7ec264529cc196ac9ee1382d36f63eda11484bd7668d5ccf64cf963a2818cfc4fa70eac3ef17b361938f4e7f0057adae5fcf13357a6af880bf70e132cc8655cfc24841ec657da1d381584e00fe0891949c717f9fc004f503131ab7f85d821ba515686ef591c936b831c077a03a13cd7894151eef069b62a937663176b4a373018f", 0x2000000}) (async)
r9 = syz_open_dev$dri(0xfffffffffffffffe, 0xf2b, 0x21ab43) (async)
r10 = syz_open_dev$dri(&(0x7f0000000000), 0x1, 0x40001)
ioctl$DRM_IOCTL_MODE_GETPROPBLOB(r10, 0x40049409, &(0x7f0000000780)={0x0, 0x0, 0x0}) (async)
syz_open_dev$dri(&(0x7f0000000080), 0x0, 0x20000)
ioctl$DRM_IOCTL_GEM_OPEN(r8, 0xc010640b, 0x0) (async)
syz_open_dev$dri(&(0x7f0000000d40), 0x3, 0x434480)
ioctl$DRM_IOCTL_SET_UNIQUE(0xffffffffffffffff, 0x40106410, &(0x7f00000001c0)={0x87, &(0x7f0000000300)="3652e39b306d1bbb7a973fffa703c7807ec750d86f6d810f4ef6eb463a5a0fa6c61f5b618f9a87877ebdcff0afee4c97768a86e13c6893536ec0a32517d98a88e69229ea3cd5231e62020363f5b9d0a5fda2f1374367161231223cbde382547d5b41f75b6bda22f761c1354552b74175db0addb832fbc01243492f1f46f31b240aadca26a36429"})
r11 = syz_open_dev$dri(&(0x7f0000000000), 0x1, 0x2000)
ioctl$DRM_IOCTL_MODE_CREATE_LEASE(r11, 0xc01864c6, &(0x7f0000000140)={0x0, 0x0, 0x800}) (async)
syz_open_dev$dri(&(0x7f0000000000), 0xfffffffffffffffc, 0x0)
ioctl$DRM_IOCTL_GEM_CLOSE(r9, 0x40086409, 0x0) (async)
ioctl$DRM_IOCTL_MODE_CREATE_LEASE(r11, 0xc01864c6, 0x0) (async)
openat$drirender128(0xffffffffffffff9c, &(0x7f0000000240), 0x66e442, 0x0)
syz_open_dev$dri(&(0x7f0000000000), 0x1, 0x0)

739.851802ms ago: executing program 2 (id=23005):
r0 = syz_open_dev$dri(&(0x7f0000000000), 0x50dd, 0x0)
ioctl$DRM_IOCTL_WAIT_VBLANK(r0, 0xc018643a, &(0x7f0000000cc0)={0x0, 0xfffffff7, 0x6})
r1 = syz_open_dev$dri(&(0x7f0000000000), 0x1, 0x2000)
r2 = syz_open_dev$dri(&(0x7f0000000300), 0xfffffffffffffffa, 0x40800)
ioctl$DRM_IOCTL_MODE_CREATE_DUMB(r2, 0xc02064b2, &(0x7f0000000140)={0xf51, 0x3, 0x8, 0x0, <r3=>0x0})
ioctl$DRM_IOCTL_AGP_ALLOC(r2, 0xc0206434, &(0x7f0000000040)={0x9bc3, <r4=>0x0, 0x10001})
ioctl$DRM_IOCTL_AGP_BIND(r1, 0x40106436, &(0x7f00000001c0)={r4, 0x8000})
ioctl$DRM_IOCTL_MODE_MAP_DUMB(r2, 0xc01064b3, &(0x7f0000000100)={r3})
syz_open_dev$dri(&(0x7f0000000000), 0xfffffffffffffffc, 0x10d000)
ioctl$DRM_IOCTL_GET_CAP(r1, 0xc010640c, &(0x7f0000000200)={0x4})
r5 = syz_open_dev$dri(&(0x7f0000000000), 0xfffffffffffffffb, 0x0)
ioctl$DRM_IOCTL_MODE_CREATEPROPBLOB(r5, 0xc01064bd, &(0x7f0000000180)={&(0x7f0000000080)="7c2772857a834be7ae4d44d445cf9005999d5e56438892322b2223a8aaaf9e9f14a4b2fd8f003c5fc63d45c1284d4415120f0f47da6951fb126bf521dc909d6e7ec264529cc196ac9ee1382d36f63eda11484bd7668d5ccf64cf963a2818cfc4fa70eac3ef17b361938f4e7f0057adae5fcf13357a6af880bf70e132cc8655cfc24841ec657da1d381584e00fe0891949c717f9fc004f503131ab7f85d821ba515686ef591c936b831c077a03a13cd7894151eef069b62a937663176b4a37301", 0xc0})

542.585044ms ago: executing program 0 (id=23006):
r0 = syz_open_dev$dri(&(0x7f0000000340), 0xfaa, 0x800)
ioctl$DRM_IOCTL_SET_VERSION(r0, 0xc0106407, &(0x7f0000000100)={0xffffffff, 0xa, 0x1, 0x8}) (async)
r1 = syz_open_dev$dri(&(0x7f0000000000), 0x1, 0x2000)
ioctl$DRM_IOCTL_MODE_GETENCODER(r1, 0xc01464a6, &(0x7f00000000c0))
openat$drirender128(0xffffffffffffff9c, 0x0, 0x800, 0x0) (async)
syz_open_dev$dri(0x0, 0x2b2c, 0x80002) (async)
r2 = syz_open_dev$dri(&(0x7f0000000000), 0x50dd, 0x0)
ioctl$DRM_IOCTL_WAIT_VBLANK(r2, 0xc018643a, &(0x7f0000000cc0)={0x10000000, 0x9, 0x6}) (async)
r3 = syz_open_dev$dri(&(0x7f0000000840), 0x495c, 0x400)
ioctl$DRM_IOCTL_MODE_GETFB(r3, 0xc01c64ad, &(0x7f0000000880))

541.611888ms ago: executing program 2 (id=23007):
r0 = syz_open_dev$dri(&(0x7f0000000000), 0xfffffffffffffffc, 0x0)
ioctl$DRM_IOCTL_MODE_GETRESOURCES(r0, 0xc04064a0, &(0x7f0000000600)={0x0, 0x0, &(0x7f0000000580)=[<r1=>0x0], 0x0, 0x0, 0x0, 0x1})
r2 = syz_open_dev$dri(&(0x7f00000001c0), 0xa8c, 0x0)
ioctl$DRM_IOCTL_SET_VERSION(r2, 0xc0106407, &(0x7f0000000000)={0x10, 0x0, 0x9, 0xfffffe56})
r3 = syz_open_dev$dri(&(0x7f0000000000), 0xfffffffffffffffc, 0x0)
ioctl$DRM_IOCTL_MODE_GETRESOURCES(r3, 0xc04064a0, &(0x7f0000000600)={0x0, 0x0, &(0x7f0000000580)=[0x0], 0x0, 0x0, 0x0, 0x1})
r4 = syz_open_dev$dri(&(0x7f0000000000), 0xfffffffffffffffc, 0x0)
ioctl$DRM_IOCTL_GET_CAP(r4, 0xc010640c, &(0x7f0000000240)={0x1})
ioctl$DRM_IOCTL_FREE_BUFS(r4, 0x4010641a, 0x0)
r5 = syz_open_dev$dri(&(0x7f0000000000), 0x0, 0x141000)
ioctl$DRM_IOCTL_GET_CAP(r5, 0xc010640c, &(0x7f00000001c0)={0x5})
r6 = syz_open_dev$dri(&(0x7f0000000000), 0x1, 0x2000)
r7 = syz_open_dev$dri(&(0x7f0000000040), 0x2, 0x80001)
ioctl$DRM_IOCTL_MODE_CREATEPROPBLOB(r7, 0xc01064bd, &(0x7f0000000000)={&(0x7f0000000080)="ab", 0x1, <r8=>0x0})
r9 = syz_open_dev$dri(&(0x7f0000000000), 0xfffffffffffffffc, 0x40000)
r10 = syz_open_dev$dri(&(0x7f0000000000), 0xfffffffffffffffc, 0x0)
ioctl$DRM_IOCTL_MODE_GETRESOURCES(r10, 0xc04064a0, &(0x7f0000000340)={0x0, 0x0, &(0x7f0000000240)=[<r11=>0x0], 0x0, 0x0, 0x0, 0x1})
ioctl$DRM_IOCTL_MODE_OBJ_GETPROPERTIES(r9, 0xc02064b9, &(0x7f00000002c0)={0x0, 0x0, 0x0, r11})
syz_open_dev$dri(&(0x7f0000000000), 0x1, 0x2000)
r12 = syz_open_dev$dri(0x0, 0x1, 0x2000)
ioctl$DRM_IOCTL_MODESET_CTL(0xffffffffffffffff, 0x40086408, &(0x7f0000000100)={0x8, 0x400000})
ioctl$DRM_IOCTL_MODE_GETRESOURCES(r12, 0xc04064a0, &(0x7f0000000340)={0x0, 0x0, 0x0, 0x0})
ioctl$DRM_IOCTL_MODESET_CTL(r7, 0x40086408, &(0x7f00000000c0)={0x1, 0x1})
ioctl$DRM_IOCTL_MODE_OBJ_GETPROPERTIES(r6, 0xc02064b9, &(0x7f0000000140)={0x0, 0x0, 0x0, r8})
ioctl$DRM_IOCTL_MODE_CREATE_LEASE(r4, 0xc01864c6, &(0x7f0000000200)={&(0x7f0000000300), 0x400002b9})
ioctl$DRM_IOCTL_MODE_GETCONNECTOR(r0, 0xc05064a7, &(0x7f0000000340)={0x0, 0x0, &(0x7f0000000240)=[0x0], 0x0, 0x0, 0x1, 0x0, 0x0, r1})

443.799656ms ago: executing program 0 (id=23008):
r0 = syz_open_dev$dri(&(0x7f0000000040), 0x1, 0x2000) (async)
r1 = syz_open_dev$dri(&(0x7f0000000000), 0x0, 0x0)
ioctl$DRM_IOCTL_AGP_ALLOC(0xffffffffffffffff, 0xc0206434, &(0x7f0000000240)={0xd, <r2=>0x0, 0x1})
ioctl$DRM_IOCTL_AGP_UNBIND(0xffffffffffffffff, 0x40106437, &(0x7f0000000280)={r2, 0x10000}) (async)
ioctl$DRM_IOCTL_PRIME_FD_TO_HANDLE(0xffffffffffffffff, 0xc00c642e, &(0x7f00000002c0))
ioctl$DRM_IOCTL_MODE_GETPROPBLOB(0xffffffffffffffff, 0xc01064ac, &(0x7f0000000200)={0x0, 0x9a, &(0x7f00000004c0)=""/154}) (async, rerun: 32)
ioctl$DRM_IOCTL_MODE_SETPLANE(r0, 0xc03064b7, &(0x7f0000000740)={0x0, 0x0, 0x0, 0x6, 0x43, 0x4, 0x80000001, 0x3, 0x1, 0x56, 0x6, 0x8001}) (async, rerun: 32)
ioctl$DRM_IOCTL_MODE_LIST_LESSEES(r1, 0xc01064c7, &(0x7f0000000140)={0x0, 0x0, 0x0}) (async, rerun: 64)
ioctl$DRM_IOCTL_AGP_INFO(r0, 0x80386433, &(0x7f0000000440)=""/27) (async, rerun: 64)
ioctl$DRM_IOCTL_MODE_GETPLANERESOURCES(r1, 0xc01064b5, &(0x7f0000000580)={&(0x7f0000000540)=[0x0, 0x0, 0x0, 0x0, 0x0], 0x5}) (async)
r3 = syz_open_dev$dri(&(0x7f0000000300), 0xfffffffffffffffa, 0x40800)
ioctl$DRM_IOCTL_MODE_CREATE_DUMB(r3, 0xc02064b2, &(0x7f0000000140)={0xf51, 0x3, 0x8, 0x0, <r4=>0x0})
ioctl$DRM_IOCTL_MODE_MAP_DUMB(r3, 0xc01064b3, &(0x7f0000000100)={r4}) (async)
r5 = syz_open_dev$dri(&(0x7f0000000000), 0xfffffffffffffffc, 0x10d000) (async)
ioctl$DRM_IOCTL_GET_CAP(r0, 0xc010640c, &(0x7f0000000200)={0x4}) (async)
ioctl$DRM_IOCTL_ADD_CTX(r0, 0xc0086420, &(0x7f0000000400))
ioctl$DRM_IOCTL_MODE_GETRESOURCES(r3, 0xc04064a0, &(0x7f0000000340)={&(0x7f00000001c0)=[0x0, <r6=>0x0], &(0x7f0000000240)=[0x0, 0x0], &(0x7f0000000280)=[0x0, 0x0, 0x0, 0x0, 0x0, 0x0, 0x0, 0x0, 0x0], &(0x7f00000002c0)=[0x0, 0x0, 0x0, 0x0, 0x0], 0x2, 0x2, 0x9, 0x5}) (async)
r7 = syz_open_dev$dri(&(0x7f0000000000), 0x2, 0x1)
ioctl$DRM_IOCTL_MODE_ADDFB(r7, 0xc01c64ae, &(0x7f0000000040)={0x0, 0x0, 0x5, 0x80ffb, 0x18, 0x18, 0x5})
r8 = syz_open_dev$dri(&(0x7f0000000000), 0x1, 0x40001)
ioctl$DRM_IOCTL_SYNCOBJ_CREATE(r3, 0xc00864bf, &(0x7f0000000480)={<r9=>0x0}) (async)
ioctl$DRM_IOCTL_SYNCOBJ_FD_TO_HANDLE_FD(r3, 0xc01864c2, &(0x7f00000004c0)={<r10=>0x0}) (async, rerun: 64)
r11 = syz_open_dev$dri(&(0x7f0000000640), 0x851e, 0x149000) (rerun: 64)
ioctl$DRM_IOCTL_GET_CAP(r11, 0xc010640c, &(0x7f0000000000)={0x9}) (async)
ioctl$DRM_IOCTL_SYNCOBJ_TRANSFER(r5, 0xc02064cc, &(0x7f0000000500)={r9, r10, 0x3b96, 0x1, 0x6}) (async)
ioctl$DRM_IOCTL_GET_CAP(r8, 0xc010640c, &(0x7f0000000040)={0x8}) (async, rerun: 32)
ioctl$DRM_IOCTL_MODE_DIRTYFB(r5, 0xc01864b1, &(0x7f00000003c0)={r6, 0x2, 0x800, 0x1, &(0x7f0000000380)=[{0x4, 0x5, 0x5, 0x1}]}) (async, rerun: 32)
r12 = syz_open_dev$dri(&(0x7f0000000000), 0xfffffffffffffffd, 0x0)
ioctl$DRM_IOCTL_MODE_CREATEPROPBLOB(r12, 0xc01064bd, &(0x7f0000000180)={&(0x7f0000000080)="7c2772857a834be7ae4d44d445cf9005999d5e56438892322b2223a8aaaf9e9f14a4b2fd8f003c5fc63d45c1284d4415120f0f47da6951fb126bf521dc909d6e7ec264529cc196ac", 0x48}) (async, rerun: 32)
ioctl$DRM_IOCTL_MODE_MAP_DUMB(r8, 0xc01064b3, &(0x7f00000005c0)={r4}) (rerun: 32)

326.246075ms ago: executing program 0 (id=23009):
r0 = syz_open_dev$dri(&(0x7f0000000000), 0xfffffffffffffff8, 0x40000)
r1 = syz_open_dev$dri(&(0x7f0000000000), 0xfffffffffffffffc, 0x0)
ioctl$DRM_IOCTL_MODE_GETRESOURCES(r1, 0xc04064a0, &(0x7f0000000340)={0x0, 0x0, &(0x7f0000000240)=[<r2=>0x0], 0x0, 0x0, 0x0, 0x1})
ioctl$DRM_IOCTL_MODE_GETCONNECTOR(r0, 0xc05064a7, &(0x7f00000001c0)={0x0, 0x0, 0x0, 0x0, 0x0, 0x0, 0x0, <r3=>0x0, r2})
r4 = syz_open_dev$dri(&(0x7f0000000000), 0x1, 0x0)
ioctl$DRM_IOCTL_SET_CLIENT_CAP(r4, 0x4010640d, &(0x7f0000000040)={0x3})
ioctl$DRM_IOCTL_MODE_DIRTYFB(r0, 0xc01864b1, &(0x7f0000000540)={0x0, 0x1, 0x392, 0x9, &(0x7f00000004c0)=[{0x9, 0x8, 0xfff8, 0x2}, {0x7a, 0x1, 0x2cf, 0x2}, {0x7, 0x0, 0xfff9}, {0xc, 0x6, 0x800, 0xa}, {0x101, 0x4, 0x3, 0x6}, {0xfff, 0x0, 0x7da, 0x1}, {0x4, 0x3, 0x3, 0x7}, {0x3, 0x4, 0x200, 0x8}, {0x8, 0x6, 0x0, 0xffff}]})
r5 = syz_open_dev$dri(&(0x7f0000000000), 0x1, 0x2000)
ioctl$DRM_IOCTL_MODE_GETRESOURCES(r1, 0xc04064a0, &(0x7f0000000380)={&(0x7f00000000c0)=[0x0, 0x0, 0x0, 0x0, <r6=>0x0], &(0x7f0000000180)=[0x0, 0x0, 0x0, 0x0, 0x0, 0x0, 0x0, 0x0], &(0x7f00000002c0)=[0x0, 0x0, 0x0, 0x0, 0x0], &(0x7f0000000300)=[0x0, 0x0, 0x0, 0x0], 0x5, 0x8, 0x5, 0x4})
ioctl$DRM_IOCTL_MODE_ADDFB(r5, 0xc01c64ae, &(0x7f0000000040)={r6, 0x80002, 0x7, 0xc6aa9cf, 0x0, 0x15, 0xfffffffc})
ioctl$DRM_IOCTL_MODE_GETENCODER(r1, 0xc01464a6, &(0x7f0000000140)={r3, 0x0, <r7=>0x0})
ioctl$DRM_IOCTL_SET_UNIQUE(r1, 0x40106410, &(0x7f0000000480)={0xa9, &(0x7f00000003c0)="e74fb03b92dc50d50c48d3db0f56ab380ecf45ad387fce14a04e4aaf68f81102b37ec112e2357e061709cdbb7aa766ad01141c3c0f6b4e61274804f51716de37ca4e3df208bc982d49271f2dfb0a26c9533f3d1ac7f464b88fda7639198d062ba55f988b434e77c0bd4f56e51a210fc4b1742fe8cc7d9e79817696c98b160583e6c94ffc2dc065451b5410661e91e36b4a900fe29b189d01c0b58e010812e2dab1833aca70f4258a87"})
r8 = syz_open_dev$dri(&(0x7f00000001c0), 0xa8c, 0x80000)
ioctl$DRM_IOCTL_MODE_GETPLANE(r8, 0xc02064b6, &(0x7f0000000080)={0x0, 0x0, 0x0, 0x0, 0x0, 0x0, 0x0})
ioctl$DRM_IOCTL_MODE_OBJ_GETPROPERTIES(r0, 0xc02064b9, &(0x7f0000000280)={&(0x7f0000000080)=[0x0, 0x0, 0x0, 0x0, 0x0, 0x0], &(0x7f0000000100)=[0x0], 0x6, r7, 0xcccccccc})

308.832984ms ago: executing program 3 (id=23010):
r0 = syz_open_dev$dri(&(0x7f0000000000), 0x1, 0x2000)
r1 = syz_open_dev$dri(&(0x7f0000000300), 0xfffffffffffffffa, 0x40800)
ioctl$DRM_IOCTL_MODE_CREATE_DUMB(r1, 0xc02064b2, &(0x7f0000000140)={0xf51, 0x3, 0x8, 0x0, <r2=>0x0})
ioctl$DRM_IOCTL_MODE_MAP_DUMB(r1, 0xc01064b3, &(0x7f0000000100)={r2})
syz_open_dev$dri(&(0x7f0000000000), 0xfffffffffffffffc, 0x43c540)
ioctl$DRM_IOCTL_GET_CAP(r0, 0xc010640c, &(0x7f0000000200)={0x4})
ioctl$DRM_IOCTL_MODE_GETRESOURCES(0xffffffffffffffff, 0xc04064a0, 0x0)
ioctl$DRM_IOCTL_MODE_GETCRTC(0xffffffffffffffff, 0xc06864a1, 0x0)
ioctl$DRM_IOCTL_IRQ_BUSID(0xffffffffffffffff, 0xc0106403, 0x0)
r3 = syz_open_dev$dri(&(0x7f0000000740), 0x2, 0x8000)
ioctl$DRM_IOCTL_MODE_GETPLANE(0xffffffffffffffff, 0xc02064b6, 0x0)
ioctl$DRM_IOCTL_AGP_ACQUIRE(0xffffffffffffffff, 0x6430)
r4 = syz_open_dev$dri(&(0x7f0000000000), 0xfffffffffffffffc, 0x0)
r5 = syz_open_dev$dri(&(0x7f00000001c0), 0x6, 0x56d602)
ioctl$DRM_IOCTL_AUTH_MAGIC(r5, 0x40046411, &(0x7f0000000240)=0x3)
ioctl$DRM_IOCTL_MODE_CREATEPROPBLOB(r4, 0xc01064bd, &(0x7f0000000180)={&(0x7f00000004c0)="7c2772857a834be7ae4d44d445cf9005999d5e5643889232b9093459aaaf9e9f14a4b2fd8f003c5fc63d45c1284d4415120f0f47da6951aa485d79e079be6b6e7ec264529cc196ac9ee1382d36f63eda11484bd7668d5ccf64cf963a2818cfc4fa70eac3ef17b361938f4e7f0057adae5fcf13357a6af880bf70e132cc8655cfc24841ec657da1d381584e00fe0891949c717f9fc004f503131ab7f85d821ba515686ef591c936b831c077931d13cd7894151eef069b62a937663176b4a373018f54b362f382ade0b55ef93aadd1733f5715a2db2f4aab6e7720fa7e077accb5e10439f8b9b669b91770fba3bb2a714b5feaa800000000000000000000000000df6391e9b5abd8dee90f36dc759104ac259c8405962dabd36539a2b141bd4c620f033546e04cc6c28b48a8ccab886ad9dcded23ceb1953cb0dc52eb8fdd7be000000000000000537e21d3a9f3b5cb0652fc85bd723399efc20455c69705a097aee81031670f33c48a0cf64863b03f15911281024833028442ee27f000000000000000000000000007c10184c07d4417ddfa18c2929add0f47f6bbb1a8e0ecbe3bf8bdd46c272886e02b0645d14e09224ff00291a2c217b0a578c55cdcf0f2231523eb70eb96f837c7d0639366eec31d8b0a9fce5f36325072fa8a067df057bb28ef42f64be861935393a8b221d15b07e238fd30ac839968dd8d030e2b618f18d82f595acdc929c1fef622e69a0bed78cc8217e967a29ef041391662161efaf4cd3ccdcb7a7a7fce45d918e3aeaaf589e735dff96edc216c2fa43d12bcb80a5f9d13faaa9a8dcb7f72580d9f2220615573a8e85a821f339cefc4eeb5d53b62b0dd95d6af7696dca7abbac0ced89ea93984f41567e242f5629e7a3dc6f7b3bad5096a0ea52c5bd32dc64a1d2bcad4c91bf18361bd4dbdedf23f8f34d55e938b984e46fe31bf636d7765d739b6a5a343552b57f73920dd456cfd981e739f4ca38c56739bf339b9e8ef45bf175ac3704b23ff48750", 0xc81423})
r6 = openat$drirender128(0xffffffffffffff9c, &(0x7f0000000000), 0x20001, 0x0)
ioctl$DRM_IOCTL_VERSION(r6, 0xc0406400, &(0x7f0000000040)={0x8001, 0x0, 0x6, 0x0, 0x0, 0x0, 0x0, 0xcc, &(0x7f0000001680)=""/204})
ioctl$DRM_IOCTL_MODE_OBJ_GETPROPERTIES(0xffffffffffffffff, 0xc02064b9, 0x0)
ioctl$DRM_IOCTL_MODE_DIRTYFB(r3, 0xc01864b1, &(0x7f0000000a80)={0x0, 0x0, 0xcc, 0x0, 0x0})
r7 = syz_open_dev$dri(&(0x7f0000000000), 0xfffffffffffffffb, 0x0)
ioctl$DRM_IOCTL_MODE_CREATEPROPBLOB(r7, 0xc01064bd, &(0x7f0000000180)={&(0x7f0000000080)="7c2772857a834be7ae4d44d445cf9005999d5e56438892322b2223a8aaaf9e9f14a4b2fd8f003c5fc63d45c1284d4415120f0f47da6951fb126bf521dc909d6e7ec264529cc196ac9ee1382d36f63eda11484bd7668d5ccf64cf963a2818cfc4fa70eac3ef17b361938f4e7f0057adae5fcf13357a6af880bf70e132cc8655cfc24841ec657da1d381584e00fe0891949c717f9fc004f503131ab7f85d821ba515686ef591c936b831c077a03a13cd7894151eef069b62a937663176b4a37301", 0xc0})

231.583662ms ago: executing program 2 (id=23011):
r0 = syz_open_dev$dri(&(0x7f0000000300), 0xfffffffffffffffa, 0x40800)
ioctl$DRM_IOCTL_MODE_CREATE_DUMB(r0, 0xc02064b2, &(0x7f0000000140)={0xf51, 0x3, 0x8, 0x0, <r1=>0x0})
ioctl$DRM_IOCTL_MODE_DESTROY_DUMB(r0, 0xc00464b4, &(0x7f0000000100)={r1})
ioctl$DRM_IOCTL_PRIME_HANDLE_TO_FD(0xffffffffffffffff, 0xc00c642d, &(0x7f0000000040)={0x0, 0x80000, <r2=>0xffffffffffffffff})
ioctl$DRM_IOCTL_MODE_CREATEPROPBLOB(0xffffffffffffffff, 0xc01064bd, &(0x7f0000000100)={&(0x7f0000000080)="3d3502347e988bfa8959e15b57e4e768152362fa099316aa97409e4b994b23e26176fc2a53881d086168d38b7948ccf7f93facbc8b65b166c34556f1ce57b9e13aeb9a21534f31be087a04e7ea6267400c15b5477aaf2348c4e17b12b183e52e337973c5828dda762c98972761ca8c208e4b2a10", 0x74, <r3=>0x0})
ioctl$DRM_IOCTL_MODE_DESTROYPROPBLOB(r2, 0xc00464be, &(0x7f0000000140)={r3})
r4 = syz_open_dev$dri(&(0x7f0000000000), 0xfffffffffffffffc, 0x40000)
r5 = syz_open_dev$dri(&(0x7f0000000000), 0xfffffffffffffffc, 0x0)
ioctl$DRM_IOCTL_MODE_GETRESOURCES(r5, 0xc04064a0, &(0x7f0000000340)={0x0, 0x0, &(0x7f0000000240)=[<r6=>0x0], 0x0, 0x0, 0x0, 0x1})
ioctl$DRM_IOCTL_MODE_GETCONNECTOR(r4, 0xc05064a7, &(0x7f00000001c0)={0x0, 0x0, &(0x7f0000000180)=[0x0, 0x0, 0x0], &(0x7f0000000040), 0x2e, 0x3, 0x0, 0x0, r6})

216.751437ms ago: executing program 0 (id=23012):
r0 = syz_open_dev$dri(&(0x7f0000000000), 0xfffffffffffffffc, 0x40000)
r1 = syz_open_dev$dri(&(0x7f0000000000), 0xfffffffffffffffc, 0x0)
ioctl$DRM_IOCTL_MODE_GETRESOURCES(r1, 0xc04064a0, &(0x7f0000000340)={0x0, 0x0, &(0x7f0000000240)=[<r2=>0x0], 0x0, 0x0, 0x0, 0x1})
r3 = syz_open_dev$dri(&(0x7f0000000000), 0xfffffffffffffffc, 0x0)
ioctl$DRM_IOCTL_SET_CLIENT_CAP(r3, 0x4010640d, &(0x7f0000000140)={0x2, 0x1000000})
r4 = syz_open_dev$dri(&(0x7f0000000000), 0x50dd, 0x0)
ioctl$DRM_IOCTL_GET_MAGIC(r1, 0x80046402, &(0x7f0000000380)=0x9)
r5 = syz_open_dev$dri(&(0x7f0000000000), 0x0, 0x141000)
ioctl$DRM_IOCTL_GET_CAP(r5, 0xc010640c, &(0x7f0000000040)={0x14})
r6 = openat$drirender128(0xffffffffffffff9c, &(0x7f0000000000), 0x20001, 0x0)
openat$drirender128(0xffffffffffffff9c, 0xffffffffffffffff, 0x620000, 0x0)
ioctl$DRM_IOCTL_VERSION(r6, 0xc0406400, &(0x7f0000001780)={0x8001, 0x0, 0x6, 0x0, 0x0, 0x0, 0x0, 0xcc, &(0x7f0000001680)=""/204})
ioctl$DRM_IOCTL_WAIT_VBLANK(r1, 0xc018643a, &(0x7f0000000300)={0x1, 0xfffffff7, 0x6})
r7 = openat$drirender128(0xffffffffffffff9c, &(0x7f0000000080), 0x2, 0x0)
ioctl$DRM_IOCTL_MODE_CREATE_LEASE(r0, 0xc01864c6, 0x0)
r8 = syz_open_dev$dri(&(0x7f0000000000), 0xfffffffffffffffc, 0x40000)
r9 = syz_open_dev$dri(&(0x7f0000000000), 0xfffffffffffffffc, 0x0)
ioctl$DRM_IOCTL_MODE_GETRESOURCES(r9, 0xc04064a0, &(0x7f0000000340)={0x0, 0x0, &(0x7f0000000240)=[<r10=>0x0], 0x0, 0x0, 0x0, 0x1})
ioctl$DRM_IOCTL_MODE_GETCONNECTOR(r8, 0xc05064a7, &(0x7f00000001c0)={0x0, 0x0, 0x0, 0x0, 0x0, 0x0, 0x0, <r11=>0x0, r10})
ioctl$DRM_IOCTL_MODE_GETENCODER(r9, 0xc01464a6, &(0x7f0000000140)={r11})
ioctl$DRM_IOCTL_MODE_GETENCODER(r6, 0xc01464a6, &(0x7f0000001480)={r11})
ioctl$DRM_IOCTL_MODE_GETCONNECTOR(r0, 0xc05064a7, &(0x7f00000001c0)={0x0, 0x0, &(0x7f0000000180)=[0x0, 0x0, 0x0, <r12=>0x0], &(0x7f0000000040), 0x0, 0x4, 0x0, 0x0, r2})
ioctl$DRM_IOCTL_MODE_GET_LEASE(r0, 0xc01064c8, &(0x7f0000000280)={0x9, 0x0, &(0x7f0000000040)=[0x0, <r13=>0x0, 0x0, 0x0, 0x0, 0x0, 0x0, 0x0, 0x0]})
ioctl$DRM_IOCTL_MODE_CURSOR(r4, 0xc01c64a3, &(0x7f00000002c0)={0x1, r13, 0x1, 0x2e807168, 0x1ff, 0x7, 0x2})
ioctl$DRM_IOCTL_MODE_CREATEPROPBLOB(0xffffffffffffffff, 0xc01064bd, &(0x7f0000000100)={0x0})
ioctl$DRM_IOCTL_MODE_CREATE_LEASE(r7, 0xc01864c6, &(0x7f0000000400)={&(0x7f00000003c0)=[0x0], 0x1, 0x800, 0x0, <r14=>0xffffffffffffffff})
ioctl$DRM_IOCTL_SET_UNIQUE(r14, 0x40106410, &(0x7f0000001440)={0x1000, &(0x7f0000000440)="bb004da85f8c38f47bcaaf9d8f63dc99ab740c814221ae410bca39f94f5e3958e57b6cb5ee866737bf9f35903eee65ce9656eeee9ce033cb9486a4add9c04bdf1a719ff1cd50c0bdc57620b5d11765b07ce2f84bc09ff25dd274ff6e051d846bd691a267363a092f15e5a8cd65bc31fdb04536b3f732468d36e4bd95d1f95658f846a12ae9f44031141a9da205552bdca9533e71e7cd007781a9e825eb780126d3af212069ee5e97882360717d2b5646cc21bbbe8b4f09423f8b64862f1fe8e5ff1dc8de21e6e7bdce615f982ca127ebd06f74b1bdbe1652ab265b8edfeabd5bcbc2f922645d769cd0e592219759714c954a72033fa6ea49e9b02c78c76fb3caaaeeb70f88f3084d6a61e1f0c3144a78b5ddc8867af91bdb68aa650f5bce37a254e8f2c83d38349b25d9ac26fc5f59bb026b95c36731faa7e3fa0be9d06da5ea3f1983a328d1494cc2755abf8748d667ba6dddfd5adc847eb2e10bdfc84e4405bdc355ea809eafa48d3839879412943107cbec68a52a54404543ae35231a7456594a2a8e85d5ba84b955f3ca8902da68e69d70a675fa53fc5b54bbb9ee248b0e5bd2ccbd21ffdcb06b4515c4b399e353fbc9b680a1a23706503351f3a8a65da97caee8361af0b62dfd8e0fb3ebb051e20a6567ddddfbf71b908e2eaef2210d05134ecb3a14d2d3297f86412d6adab41cfe77a5324f0a564bd286358cb20072464be1cc5ee3ce19263b0af6551619552e10c49b133e2353e75ed4cd057eab6dc0a7ffd356b516627204fa79d9cf57ac1b2d3fe7f7d2aad005be392509e52471887f8f23a025880a43ff4d5166d4e76a3f78b0f503fa6cf0b6fb1f833b4c559b916807163c8992d00048627f9b42a5e7f07aca44980b2fe0ba6fc73189e6ce6b79ad7380dbef0d6114df7ad3ec2389e90aad4738c76eb9a04f0b5d03cd8ad5e2f5da858e3ef736b819737b098dd054d407f0541e8d5d145daf256bb41be13704b9e59d31ecbaabd24cecf900b7afd9a40eefb362df69607eec12ba24e1ad42094929ac8f50d11d2c0b362d3133041efdb75852c0b308144a54d268ab2da66b0187cb1f970e21aea1df6f32f7b2b809463f6707a058adec1158b19f912575feff554bd9a3bcf926e12148be6cfaa7a6963e301cb09115cc680e99608958c48cb378de27624b544846a0ea505bbd63577107d3f192624710d2f4f32bc618d587b1152e2fc07df603ba5b17dd10474f97cd506f308d9136a56d39aaad71db697a473bd86c9282d040ca05931bee2ee840896de54236e80de9b5450feb64a45ac973282431eb6198b70563c4651d8a15603d9c62b783e81a7bb46afa7e5ad2db155991cb463e9e2c0cb8eae75ef3482d76690c84d106d7160feb17909a2f24d12430fd581a41e7b523e537420684ade488abefe79a53054b241a885ff2e71f588f2c5989250fe1b2e5c4b59ae82c5ec789befc5181a039b159b5f212c126a05915b2c2ed503dba4963190ee6c1537cd5c6e10abbb2b681b7f14271b0776c5f1bb4acaa8cfb57c464e9f5e894db8df33378a8b1f0845ab256ab9419271fdc0ebdd69dbde99f4f763160370dfee981dc312bb6c2dac942ffa149eb1830e5e28ff2bd57754f428643a799177234248740321695757ac063652da045883fb924d35359c909fc09e35c71172cb4926051388cc409ebd91934e6cd896e018248a06adfb0f2a5a478f40d7beb7bfccc7a199d77c205d35b0fde4acd0cc627b119e7d91799f0168005adf5e47823cb91648653adba2fdd4591e1afa05672f09445d30f83c67d867576d84a3b043e8d04697fb7742d961daea7b36df51095ea214e030e96cc42a49a836e5ae483a5a1eb1378d579fd23a1754f2fa61ac7502cc90aa200bfdf0f0ab64b03889ee4fc799fe1ab717d196c05fd4caf60d9ae3ec8513f08345f350073d187937b60f88a044b1fd29417031505c489f8fd6243b9e8ac8f0ef6db3181019c7e863c25836b33d69cdf893689fb879200d49c0f10a7b1d2bd7d4ccce58f739cdc0cb8ad744130d89b76872ac4619cfa8f6b2a6c430b20df597827c03dda371b99972aea87e486de938ff001ad0061d532092bb2e82526aa3e558317bffede40ee92af8b98125a42a047cf1aa006d559b6edbadf9abd32b6f609e01c21e3530e30f27a66a6b93656b2cfe870c063e03df85ff3c6ef6e380c5f3c5acccdbf6163ed46df79aefa7c491497318400d8c775a05a8569d09b363b1a3749faaafb7cbbb736e5c9fffe92324db886896acef7a409504fadb96d5c6b86010301aa73f52a0d2e61459e64d8b07e9ed0bd1e3152f571c044d415ea9cc571bf2baacac60255014341617b51a0aa000ce4bcbc3b3cb453ff3e2d68f51bab43fcfb3ee2348783e9c5388505f93b8c60b1b0c474967ff7f68f6263428d694fb5aa345dc8814a3c4a059d8ba3500a0a6135aa537600b4015e983974d5a0146bc12282ad582350a45c75b1c4c95a594a327e8799ac34799ea354c04fd121511467739a29e3a903de3c135fd20c4e5093082e95a5250cbc6d4317c003d4a73c7ff61cae99626608593206dadf42ec3bb325fcb41dd2a11b71423713eb40d6ac9530eeaeca741658cd23963ffd8c9b2c9ac16de5042987400d9d66d73b3cf093d7055d3c4d06f0446d7d548b53eb4771c5eb3e753197c7219ddd7a2372db888527b48c359c00c2ccd564cba4c87ab6d6b03d473929ce6c3c5185a85e08b1a81bab4c01ccc3ccc6f187b7db9e2329e294fd56b57a14aae732d432499ee7c3cd4a7b959410e5c5e867078a72ef5aed46d888224ac13773cd46d4344767e0458cfd9a195710dbd4789c32879bbebce00977b14b4a580ca9e0b55078f885c16b7a2d17c77e4b6d2920d156aa5c01349101faed8bef9e5f8b7fa4934a677fa2de2c2ea90b2feed37f5d2856046d0148e75a86cf0ee71d5c99c33c3a635db8c20468977908a813731bb0e20a04f1c2acfd9b184cdd00084fd14a6f0fbade76dabbbf5223a3a28a06e77c96710018cd7ef5734645a7eecdfdb1e62e3dcc701b7bc22453d101450a43f0f92b0ee3bdf4d26c57d19abfe5113574c7386c30e9347563b0f1f1e78741e4244b28f3886a725d0744da6963d38a3792c36afbd707885790854d1bfe5ab62487a0123f02948f3c4c9c7ec81965522e1717ded8c7cf4604458a0c49484df58cfe7522471876a8e332e536fda7fe13cc17102cef31c5c827b2fbb4bbad46893a4131649e15b17e8abaa7078ec97843c004a817c8e50dbf44c1fa51af97bf4d66e1d6bcef99e8f223f2e9378fdfb68265d3345e86ee3ee2d6e8fbc647f19195767fea6798b01421821d5eb3c9f89042c0a8944f865ec44194cd4faf80c0772aebf9d529ac221ab082280c525a513847b012a4e9d988c11ba22532f23d6156873063b9406143a64f5d68fdd778cdb663dde50b6b6d46f7a834a819ed02886db0864bcd945b0370e7c111904ab35fcc8b6b6b6558c5595fa6ae4e9a1ce0c6a0219027d730e750635a739f024b3859748b4eeca93df0ba26066ac4d2c433554e0152f1e3ed42a46c97c0bb1c3a4a918276c4f83ac7a7f0767f5a8c4d9083fe73c2e0930997e4cacfe9f20946f90a70285a3422730597e8b498415805229c23da5e09a96cafa23ad467ad8b998273fa59f7c03327aaf13601c837b0f08350e6ef9157dd6f66e521adfbc2df60ad11924a9d3e57343ae09135d68dfd4a767a4843fd6be079eaf9e25ff8d295c73c3a6f5fd7b56b9e687413a2bc8faf57b55e8a400bc70d3bfaee478a0903fcac0101247fb221f49ff4a3befb6954c6ff77df21e1297f8ec715705f09a4a6cfc166cb0290bd82d1bbdc4f3a794aa28063b3ee55e9d273e702d659dd26dd9c2194e0c3cf949dd2775614fc586bdf1c97f2d34d7e64b77c4817b821adaef873c2956c83186784761929501d2bd8e1fb71ac0d22d1d3669b0f202d4f1162d4869e67b6f45788aa54a3fe046feb532779785762f765264de2d435b3072c78f0e5ded7cd3c02750975208745777180d9ad3797e3cbc1f0e5f536566fc267dfe5fa1de7ed2b4efabca8670a5f98abead4adbe931b5b571c85de70bbd350910fc0913404d940f38b030214f842d006a1a4b9cde777d4fabcc6b88b278d025c06c6af78e6e695140da5dffb6bc1e92d2a60f2ffc3f3f392baf5310b5c38a4b7e07d86b279c96f6f63a2d214dd4d7335a19d71f57f4127432d7cb657fb68ff69ebfb72afd3be05269d99e517d1dc5f1af9c803ce13d2421a56c4008cb7b758a3a8c9471a6e6ba003e2419d87b385fe1956e3a08db097f4f0c9edd043ae84538d1399f28bbc606cee5d3ed20068e687afb8112221bb477d947819d22cd4e655d346c7c67bc490bb6cf174398c12256d2e33e3b4b7a20a238b04c7fa590dcae9e3094194c972e1754d37b4de30fdfd5f39e6397148ad6bec9e10da4fb2ffee2a6894dddef4b79e8c83b250a8527553bb042a51199657a1fc1a5194ac6ec49a7ca46e4e2f53505a722df17dfadf3618c403253d769ffb37cd84a664834f6250e39628ec4052acd4863e30f84c66463cc9da8e6e7bd129f412b36dce824cffd72fd32d74333932bab1871ae2e754c06f7ba1267aabc9653148453265a62011c024e923fcc5afcf15f7c1cc78b8a0805b76530cfc8f47924e8c822d61d0649d24e508bdfcb362f47c9a85ae4bbf8b20fdbecdd7b51a563faab656c1d026d5d7c1c4ae8d5433b7017f1611324b912940d13ec1b2635eb94e120f1f236dbc514434d31c26a7a64a2325238a0f7ae123a92bf6c1c504b341d794b348b3d3c3ff5e4c0fc10d6dd8d8ffa1c27549657e4db76eda7d8f0e563556af04b2d09425dd057d7f33f40f2ff16493a37123c7b534b33b0bfd7d1c86c6371b1b6213e7b3504ef980a3e81f5b5e8d2685c8404fcc8daefafcce6bd5abd46e072ba2c30f68083996ced89b1fa37fab69e89db66fe27a8ecfddd177e7411ab107b46e4dd26e0fe2c2cc8168d5f291b0fa4556eb126012e2faed4e4a16fb88a3c3a7b1b7fe8314d8251257d193af091101bdf0240075aeb2105987a52ff232a31cbfc70164a2baf31f67aac94964ee1444d154f0a6e7f8b136dcbe779022478a43996dd532d749e09874e68afa7dcd24ef16f161c0f470d7434d29ffc73556e21816ed77dfbe8fa8fdb8095bb8906fa14382108686d32be6e5fcc7d3308f94207c363b8e1b9152330c42204556891bc5111bf5270a20370372abb317a9c6d2fc871fa7391d20c3fe9c1f153f12e5f8a8ac695316f217b04dae3267dd5a6808c97ac596a39001cb7cd96290ac49c96273fa8addf36b61de5bf49bf829b5b6fa20a783393263dda6150a734c1fa73b91752334a5eb47b2a527a6c5f1bfde75eec97e7eecba6f61c262c591163b8a68a85d2a01d8aa0364c951a100a1c54c65d8fe23b42abea64c7585e1e487fbd96825ed55a3d9aae9b962296fc18d247413c9205c8a03b997c7f9b9d51f00ba3d40f25c810566e58ed358a457ec81e31a420f1cb171435332259295bc4b0b26b2292ad27d9dc438376bde8d67ca8fbf760ed019589a43e1ad5baaedaa94891c06e89013378d68862044d12472cdf484a30fd82dd4313f62e45c656bd68ed25abdf4e9f81f122e211a40caeef55ee51af253bc8c5bf41d27daf175fd5d7040d4b63367aa8cef0efb21deb83a5757f29e027f1f1277ad5b721849665cdb28900759a61a8ec318a701e89791e22107f168a56e72ad9186488c9e98019ea8"})
ioctl$DRM_IOCTL_MODE_OBJ_SETPROPERTY(r0, 0xc01864ba, &(0x7f00000000c0)={0xfffffffffffffffc, r12, r2})
syz_open_dev$dri(0x0, 0x800000000faa, 0x0)

687.894µs ago: executing program 0 (id=23013):
r0 = syz_open_dev$dri(&(0x7f0000000000), 0x3fffc0, 0x2a500)
ioctl$DRM_IOCTL_MODE_CREATE_DUMB(r0, 0xc02064b2, &(0x7f0000000080)={0x8, 0x4, 0x10000, 0x0, <r1=>0x0})
ioctl$DRM_IOCTL_MODE_CREATE_DUMB(r0, 0xc02064d2, &(0x7f0000000380)={0x1, 0xffffffff, 0x9})
ioctl$DRM_IOCTL_PRIME_FD_TO_HANDLE(r0, 0xc00c642e, &(0x7f0000000040)={0x0, 0x0, r0}) (async)
ioctl$DRM_IOCTL_PRIME_FD_TO_HANDLE(r0, 0xc00c642e, &(0x7f0000000040)={0x0, 0x0, r0})
ioctl$DRM_IOCTL_MODE_DESTROY_DUMB(r0, 0xc00464b4, &(0x7f0000000780)={r1})

0s ago: executing program 2 (id=23014):
r0 = syz_open_dev$dri(&(0x7f0000000140), 0xffffffffffffffff, 0x335380)
r1 = syz_open_dev$dri(&(0x7f0000000000), 0xfffffffffffffffc, 0x0)
ioctl$DRM_IOCTL_MODE_GETRESOURCES(r1, 0xc04064a0, &(0x7f0000000340)={0x0, 0x0, &(0x7f0000000240)=[<r2=>0x0], 0x0, 0x0, 0x0, 0x1})
openat$drirender128(0xffffffffffffff9c, &(0x7f0000000080), 0x2, 0x0)
ioctl$DRM_IOCTL_MODE_CREATE_LEASE(r0, 0xc01864c6, 0x0)
r3 = syz_open_dev$dri(&(0x7f0000000000), 0x3fffc0, 0x20000)
ioctl$DRM_IOCTL_MODE_CREATE_LEASE(r3, 0xc01864c6, &(0x7f0000000440)={&(0x7f0000000400)=[0x0], 0x1, 0x80000})
r4 = syz_open_dev$dri(&(0x7f0000000000), 0xfffffffffffffffc, 0x0)
ioctl$DRM_IOCTL_MODE_CREATEPROPBLOB(r4, 0xc01064bd, &(0x7f0000000180)={&(0x7f0000000080)="7c2772857a834be7ae4d44d445cf9005999d5e56438892322b2223a8aaaf9e9f14a4b2fd8f003c5fc63d45c1284d4415120f0f47da6951fb126bf521dc909d6e7ec264529cc196ac9ee1382d36f63eda11484bd7668d5ccf64cf963a2818cfc4fa70eac3ef17b361938f4e7f0057adae5fcf13357a6af880bf70e132cc8655cfc24841ec657da1d381584e00fe0891949c717f9fc004f503131ab7f85d821ba515686ef591c936b831c077a03a13cd7894151eef069b62a937663176b4a373018f", 0x2000000})
ioctl$DRM_IOCTL_MODE_GETCONNECTOR(r0, 0xc05064a7, &(0x7f00000001c0)={0x0, 0x0, &(0x7f0000000180)=[0x0, 0x0, 0x0, <r5=>0x0], &(0x7f0000000040), 0x0, 0x4, 0x0, 0x0, r2})
ioctl$DRM_IOCTL_RM_MAP(r1, 0x4028641b, &(0x7f0000000040)={0x0, 0x0, 0x0, 0x0, &(0x7f0000ffc000/0x1000)=nil})
ioctl$DRM_IOCTL_MODE_CREATEPROPBLOB(0xffffffffffffffff, 0xc01064bd, &(0x7f0000000100)={0x0})
ioctl$DRM_IOCTL_MODE_OBJ_SETPROPERTY(r0, 0xc01864ba, &(0x7f00000000c0)={0xfffffffffffffffc, r5, r2, 0xc0c0c0c0})
r6 = syz_open_dev$dri(&(0x7f0000000080), 0x0, 0x20000)
ioctl$DRM_IOCTL_MODE_CREATEPROPBLOB(r6, 0xc01064bd, 0x0)
syz_open_dev$dri(0x0, 0x100, 0x42800)
syz_open_dev$dri(&(0x7f0000000140), 0xffffffffffffffff, 0x335380) (async)
syz_open_dev$dri(&(0x7f0000000000), 0xfffffffffffffffc, 0x0) (async)
ioctl$DRM_IOCTL_MODE_GETRESOURCES(r1, 0xc04064a0, &(0x7f0000000340)={0x0, 0x0, &(0x7f0000000240)=[0x0], 0x0, 0x0, 0x0, 0x1}) (async)
openat$drirender128(0xffffffffffffff9c, &(0x7f0000000080), 0x2, 0x0) (async)
ioctl$DRM_IOCTL_MODE_CREATE_LEASE(r0, 0xc01864c6, 0x0) (async)
syz_open_dev$dri(&(0x7f0000000000), 0x3fffc0, 0x20000) (async)
ioctl$DRM_IOCTL_MODE_CREATE_LEASE(r3, 0xc01864c6, &(0x7f0000000440)={&(0x7f0000000400)=[0x0], 0x1, 0x80000}) (async)
syz_open_dev$dri(&(0x7f0000000000), 0xfffffffffffffffc, 0x0) (async)
ioctl$DRM_IOCTL_MODE_CREATEPROPBLOB(r4, 0xc01064bd, &(0x7f0000000180)={&(0x7f0000000080)="7c2772857a834be7ae4d44d445cf9005999d5e56438892322b2223a8aaaf9e9f14a4b2fd8f003c5fc63d45c1284d4415120f0f47da6951fb126bf521dc909d6e7ec264529cc196ac9ee1382d36f63eda11484bd7668d5ccf64cf963a2818cfc4fa70eac3ef17b361938f4e7f0057adae5fcf13357a6af880bf70e132cc8655cfc24841ec657da1d381584e00fe0891949c717f9fc004f503131ab7f85d821ba515686ef591c936b831c077a03a13cd7894151eef069b62a937663176b4a373018f", 0x2000000}) (async)
ioctl$DRM_IOCTL_MODE_GETCONNECTOR(r0, 0xc05064a7, &(0x7f00000001c0)={0x0, 0x0, &(0x7f0000000180)=[0x0, 0x0, 0x0, 0x0], &(0x7f0000000040), 0x0, 0x4, 0x0, 0x0, r2}) (async)
ioctl$DRM_IOCTL_RM_MAP(r1, 0x4028641b, &(0x7f0000000040)={0x0, 0x0, 0x0, 0x0, &(0x7f0000ffc000/0x1000)=nil}) (async)
ioctl$DRM_IOCTL_MODE_CREATEPROPBLOB(0xffffffffffffffff, 0xc01064bd, &(0x7f0000000100)={0x0}) (async)
ioctl$DRM_IOCTL_MODE_OBJ_SETPROPERTY(r0, 0xc01864ba, &(0x7f00000000c0)={0xfffffffffffffffc, r5, r2, 0xc0c0c0c0}) (async)
syz_open_dev$dri(&(0x7f0000000080), 0x0, 0x20000) (async)
ioctl$DRM_IOCTL_MODE_CREATEPROPBLOB(r6, 0xc01064bd, 0x0) (async)
syz_open_dev$dri(0x0, 0x100, 0x42800) (async)

kernel console output (not intermixed with test programs):

KERNEL|__GFP_HIGHMEM|__GFP_ZERO), nodemask=(null),cpuset=/,mems_allowed=0-1
[ 2090.727789][T77698] CPU: 3 UID: 0 PID: 77698 Comm: syz.1.21240 Not tainted 6.18.0 #1 PREEMPT(full) 
[ 2090.727837][T77698] Hardware name: QEMU Standard PC (i440FX + PIIX, 1996), BIOS rel-1.16.3-0-ga6ed6b701f0a-prebuilt.qemu.org 04/01/2014
[ 2090.727849][T77698] Call Trace:
[ 2090.727856][T77698]  <TASK>
[ 2090.727863][T77698]  dump_stack_lvl+0x180/0x1b0
[ 2090.727896][T77698]  warn_alloc+0x211/0x360
[ 2090.727917][T77698]  ? __pfx_warn_alloc+0x10/0x10
[ 2090.727934][T77698]  ? __pfx_alloc_vmap_area+0x10/0x10
[ 2090.727956][T77698]  ? __get_vm_area_node+0x10c/0x340
[ 2090.727982][T77698]  ? drm_property_create_blob.part.0+0x34/0x320
[ 2090.728005][T77698]  ? __vmalloc_node_noprof+0xac/0xf0
[ 2090.728032][T77698]  __vmalloc_node_range_noprof+0xfaa/0x13b0
[ 2090.728063][T77698]  ? drm_property_create_blob.part.0+0x34/0x320
[ 2090.728174][T77698]  ? __pfx___vmalloc_node_range_noprof+0x10/0x10
[ 2090.728243][T77698]  __kvmalloc_node_noprof+0x41f/0x9d0
[ 2090.728265][T77698]  ? drm_property_create_blob.part.0+0x34/0x320
[ 2090.728288][T77698]  ? drm_property_create_blob.part.0+0x34/0x320
[ 2090.728314][T77698]  ? drm_property_create_blob.part.0+0x34/0x320
[ 2090.728335][T77698]  drm_property_create_blob.part.0+0x34/0x320
[ 2090.728361][T77698]  drm_mode_createblob_ioctl+0x139/0x490
[ 2090.728387][T77698]  drm_ioctl_kernel+0x1ed/0x3e0
[ 2090.728402][T77698]  ? __pfx_drm_mode_createblob_ioctl+0x10/0x10
[ 2090.728427][T77698]  ? __pfx_drm_ioctl_kernel+0x10/0x10
[ 2090.728449][T77698]  drm_ioctl+0x574/0xb90
[ 2090.728469][T77698]  ? __pfx_drm_mode_createblob_ioctl+0x10/0x10
[ 2090.728495][T77698]  ? __pfx_drm_ioctl+0x10/0x10
[ 2090.728513][T77698]  ? hook_file_ioctl_common+0x146/0x3f0
[ 2090.728542][T77698]  ? __fget_files+0x1fb/0x3b0
[ 2090.728566][T77698]  ? __pfx_drm_ioctl+0x10/0x10
[ 2090.728596][T77698]  __x64_sys_ioctl+0x18f/0x210
[ 2090.728616][T77698]  do_syscall_64+0xcb/0xfa0
[ 2090.728646][T77698]  entry_SYSCALL_64_after_hwframe+0x77/0x7f
[ 2090.728665][T77698] RIP: 0033:0x7f37e7db059d
[ 2090.728682][T77698] Code: 02 b8 ff ff ff ff c3 66 0f 1f 44 00 00 f3 0f 1e fa 48 89 f8 48 89 f7 48 89 d6 48 89 ca 4d 89 c2 4d 89 c8 4c 8b 4c 24 08 0f 05 <48> 3d 01 f0 ff ff 73 01 c3 48 c7 c1 a8 ff ff ff f7 d8 64 89 01 48
[ 2090.728698][T77698] RSP: 002b:00007f37e8d28f98 EFLAGS: 00000246 ORIG_RAX: 0000000000000010
[ 2090.728716][T77698] RAX: ffffffffffffffda RBX: 00007f37e8025fa0 RCX: 00007f37e7db059d
[ 2090.728728][T77698] RDX: 0000200000000180 RSI: 00000000c01064bd RDI: 0000000000000068
[ 2090.728738][T77698] RBP: 00007f37e7e4e078 R08: 0000000000000000 R09: 0000000000000000
[ 2090.728749][T77698] R10: 0000000000000000 R11: 0000000000000246 R12: 0000000000000000
[ 2090.728757][T77698] R13: 00007f37e8026038 R14: 00007f37e8025fa0 R15: 00007f37e8d09000
[ 2090.728779][T77698]  </TASK>
[ 2090.728786][T77698] Mem-Info:
[ 2090.867061][T77698] active_anon:7673 inactive_anon:0 isolated_anon:0
[ 2090.867061][T77698]  active_file:15594 inactive_file:64381 isolated_file:0
[ 2090.867061][T77698]  unevictable:1768 dirty:2997 writeback:0
[ 2090.867061][T77698]  slab_reclaimable:13993 slab_unreclaimable:65623
[ 2090.867061][T77698]  mapped:29805 shmem:2801 pagetables:1457
[ 2090.867061][T77698]  sec_pagetables:0 bounce:0
[ 2090.867061][T77698]  kernel_misc_reclaimable:0
[ 2090.867061][T77698]  free:453111 free_pcp:15480 free_cma:0
[ 2090.893755][T77698] Node 0 active_anon:19860kB inactive_anon:0kB active_file:36504kB inactive_file:156252kB unevictable:3536kB isolated(anon):0kB isolated(file):0kB mapped:78292kB dirty:4492kB writeback:0kB shmem:5452kB shmem_thp:0kB shmem_pmdmapped:0kB anon_thp:0kB kernel_stack:7120kB pagetables:3248kB sec_pagetables:0kB all_unreclaimable? no Balloon:0kB
[ 2090.917690][T77698] Node 1 active_anon:10812kB inactive_anon:0kB active_file:25872kB inactive_file:101272kB unevictable:3536kB isolated(anon):0kB isolated(file):0kB mapped:40932kB dirty:7496kB writeback:0kB shmem:5752kB shmem_thp:0kB shmem_pmdmapped:0kB anon_thp:0kB kernel_stack:5316kB pagetables:2552kB sec_pagetables:0kB all_unreclaimable? no Balloon:0kB
[ 2090.936722][T77698] Node 0 DMA free:15040kB boost:0kB min:452kB low:564kB high:676kB reserved_highatomic:0KB free_highatomic:0KB active_anon:0kB inactive_anon:0kB active_file:0kB inactive_file:0kB unevictable:0kB writepending:0kB zspages:0kB present:15992kB managed:15360kB mlocked:0kB bounce:0kB free_pcp:280kB local_pcp:84kB free_cma:0kB
[ 2090.955377][    C2] vkms_vblank_simulate: vblank timer overrun
[ 2090.959347][T77698] lowmem_reserve[]: 0 1176 1176 1176 1176
[ 2090.963248][T77698] Node 0 DMA32 free:490884kB boost:12288kB min:47124kB low:55832kB high:64540kB reserved_highatomic:0KB free_highatomic:0KB active_anon:19756kB inactive_anon:0kB active_file:36504kB inactive_file:156252kB unevictable:3536kB writepending:4492kB zspages:0kB present:2080772kB managed:1204832kB mlocked:0kB bounce:0kB free_pcp:14832kB local_pcp:4460kB free_cma:0kB
[ 2090.984612][T77698] lowmem_reserve[]: 0 0 0 0 0
[ 2090.987673][T77698] Node 1 DMA32 free:917688kB boost:0kB min:29136kB low:36420kB high:43704kB reserved_highatomic:0KB free_highatomic:0KB active_anon:0kB inactive_anon:0kB active_file:9600kB inactive_file:13008kB unevictable:0kB writepending:1792kB zspages:0kB present:1048444kB managed:982908kB mlocked:0kB bounce:0kB free_pcp:42028kB local_pcp:12300kB free_cma:0kB
[ 2091.007383][T77698] lowmem_reserve[]: 0 0 846 846 846
[ 2091.010758][T77698] Node 1 Normal free:389160kB boost:0kB min:25680kB low:32100kB high:38520kB reserved_highatomic:0KB free_highatomic:0KB active_anon:10812kB inactive_anon:0kB active_file:16272kB inactive_file:88264kB unevictable:3536kB writepending:5704kB zspages:0kB present:1048576kB managed:866440kB mlocked:0kB bounce:0kB free_pcp:4644kB local_pcp:196kB free_cma:0kB
[ 2091.029501][T77698] lowmem_reserve[]: 0 0 0 0 0
[ 2091.032280][T77698] Node 0 DMA: 3*4kB (U) 4*8kB (U) 2*16kB (U) 1*32kB (U) 2*64kB (U) 4*128kB (U) 4*256kB (U) 4*512kB (U) 5*1024kB (U) 1*2048kB (U) 1*4096kB (U) = 15084kB
[ 2091.042309][T77698] Node 0 DMA32: 266*4kB (UME) 115*8kB (UME) 63*16kB (UME) 70*32kB (UME) 123*64kB (UME) 348*128kB (UME) 270*256kB (UM) 267*512kB (UM) 222*1024kB (UME) 0*2048kB 0*4096kB = 490800kB
[ 2091.052951][T77698] Node 1 DMA32: 4*4kB (UM) 5*8kB (UM) 5*16kB (UME) 8*32kB (UME) 9*64kB (UME) 7*128kB (UME) 8*256kB (UME) 5*512kB (UE) 6*1024kB (UM) 6*2048kB (UE) 218*4096kB (UM) = 917832kB
[ 2091.063755][T77698] Node 1 Normal: 2125*4kB (UME) 1722*8kB (UME) 1719*16kB (UM) 763*32kB (UM) 461*64kB (UM) 289*128kB (U) 179*256kB (U) 136*512kB (U) 130*1024kB (U) 0*2048kB 0*4096kB = 389268kB
[ 2091.073402][T77698] Node 0 hugepages_total=2 hugepages_free=2 hugepages_surp=0 hugepages_size=2048kB
[ 2091.079172][T77698] Node 1 hugepages_total=2 hugepages_free=2 hugepages_surp=0 hugepages_size=2048kB
[ 2091.084652][T77698] 82781 total pagecache pages
[ 2091.087924][T77698] 0 pages in swap cache
[ 2091.090053][T77698] Free swap  = 124996kB
[ 2091.092358][T77698] Total swap = 124996kB
[ 2091.094467][T77698] 1048446 pages RAM
[ 2091.096711][T77698] 0 pages HighMem/MovableOnly
[ 2091.099503][T77698] 281061 pages reserved
[ 2091.102892][T77698] 0 pages cma reserved
[ 2101.172004][    C2] vkms_vblank_simulate: vblank timer overrun
[ 2102.091558][T32595] Bluetooth: hci1: command 0x0406 tx timeout
[ 2102.133629][T78269] warn_alloc: 7 callbacks suppressed
[ 2102.133645][T78269] syz.1.21448: vmalloc error: size 35651584, failed to allocated page array size 69632, mode:0xdc2(GFP_KERNEL|__GFP_HIGHMEM|__GFP_ZERO), nodemask=(null),cpuset=/,mems_allowed=0-1
[ 2102.149869][T78269] CPU: 1 UID: 0 PID: 78269 Comm: syz.1.21448 Not tainted 6.18.0 #1 PREEMPT(full) 
[ 2102.149894][T78269] Hardware name: QEMU Standard PC (i440FX + PIIX, 1996), BIOS rel-1.16.3-0-ga6ed6b701f0a-prebuilt.qemu.org 04/01/2014
[ 2102.149905][T78269] Call Trace:
[ 2102.149913][T78269]  <TASK>
[ 2102.149969][T78269]  dump_stack_lvl+0x180/0x1b0
[ 2102.150005][T78269]  warn_alloc+0x211/0x360
[ 2102.150028][T78269]  ? __pfx_warn_alloc+0x10/0x10
[ 2102.150048][T78269]  ? __pfx_alloc_vmap_area+0x10/0x10
[ 2102.150072][T78269]  ? __get_vm_area_node+0x10c/0x340
[ 2102.150104][T78269]  ? drm_property_create_blob.part.0+0x34/0x320
[ 2102.150130][T78269]  ? __vmalloc_node_noprof+0xac/0xf0
[ 2102.150162][T78269]  __vmalloc_node_range_noprof+0xfaa/0x13b0
[ 2102.150197][T78269]  ? drm_property_create_blob.part.0+0x34/0x320
[ 2102.150230][T78269]  ? __pfx___vmalloc_node_range_noprof+0x10/0x10
[ 2102.150269][T78269]  __kvmalloc_node_noprof+0x41f/0x9d0
[ 2102.150293][T78269]  ? drm_property_create_blob.part.0+0x34/0x320
[ 2102.150320][T78269]  ? drm_property_create_blob.part.0+0x34/0x320
[ 2102.150352][T78269]  ? drm_property_create_blob.part.0+0x34/0x320
[ 2102.150376][T78269]  drm_property_create_blob.part.0+0x34/0x320
[ 2102.150406][T78269]  drm_mode_createblob_ioctl+0x139/0x490
[ 2102.150477][T78269]  drm_ioctl_kernel+0x1ed/0x3e0
[ 2102.150494][T78269]  ? __pfx_drm_mode_createblob_ioctl+0x10/0x10
[ 2102.150575][T78269]  ? __pfx_drm_ioctl_kernel+0x10/0x10
[ 2102.150602][T78269]  drm_ioctl+0x574/0xb90
[ 2102.150622][T78269]  ? __pfx_drm_mode_createblob_ioctl+0x10/0x10
[ 2102.150649][T78269]  ? __pfx_drm_ioctl+0x10/0x10
[ 2102.150669][T78269]  ? hook_file_ioctl_common+0x146/0x3f0
[ 2102.150698][T78269]  ? __fget_files+0x1fb/0x3b0
[ 2102.150723][T78269]  ? __pfx_drm_ioctl+0x10/0x10
[ 2102.150741][T78269]  __x64_sys_ioctl+0x18f/0x210
[ 2102.150761][T78269]  do_syscall_64+0xcb/0xfa0
[ 2102.150789][T78269]  entry_SYSCALL_64_after_hwframe+0x77/0x7f
[ 2102.150809][T78269] RIP: 0033:0x7f37e7db059d
[ 2102.150824][T78269] Code: 02 b8 ff ff ff ff c3 66 0f 1f 44 00 00 f3 0f 1e fa 48 89 f8 48 89 f7 48 89 d6 48 89 ca 4d 89 c2 4d 89 c8 4c 8b 4c 24 08 0f 05 <48> 3d 01 f0 ff ff 73 01 c3 48 c7 c1 a8 ff ff ff f7 d8 64 89 01 48
[ 2102.150841][T78269] RSP: 002b:00007f37e8d07f98 EFLAGS: 00000246 ORIG_RAX: 0000000000000010
[ 2102.150860][T78269] RAX: ffffffffffffffda RBX: 00007f37e8026090 RCX: 00007f37e7db059d
[ 2102.150871][T78269] RDX: 0000200000000180 RSI: 00000000c01064bd RDI: 0000000000000003
[ 2102.150883][T78269] RBP: 00007f37e7e4e078 R08: 0000000000000000 R09: 0000000000000000
[ 2102.150894][T78269] R10: 0000000000000000 R11: 0000000000000246 R12: 0000000000000000
[ 2102.150978][T78269] R13: 00007f37e8026128 R14: 00007f37e8026090 R15: 00007f37e8ce8000
[ 2102.151005][T78269]  </TASK>
[ 2102.330235][T78269] Mem-Info:
[ 2102.334361][T78269] active_anon:7378 inactive_anon:0 isolated_anon:0
[ 2102.334361][T78269]  active_file:15722 inactive_file:64393 isolated_file:0
[ 2102.334361][T78269]  unevictable:1768 dirty:2262 writeback:0
[ 2102.334361][T78269]  slab_reclaimable:13946 slab_unreclaimable:65525
[ 2102.334361][T78269]  mapped:29584 shmem:2800 pagetables:1389
[ 2102.334361][T78269]  sec_pagetables:0 bounce:0
[ 2102.334361][T78269]  kernel_misc_reclaimable:0
[ 2102.334361][T78269]  free:451042 free_pcp:16733 free_cma:0
[ 2102.397973][T78269] Node 0 active_anon:18708kB inactive_anon:0kB active_file:37016kB inactive_file:156272kB unevictable:3536kB isolated(anon):0kB isolated(file):0kB mapped:77348kB dirty:3220kB writeback:0kB shmem:5440kB shmem_thp:0kB shmem_pmdmapped:0kB anon_thp:0kB kernel_stack:6832kB pagetables:3272kB sec_pagetables:0kB all_unreclaimable? no Balloon:0kB
[ 2102.417143][T78269] Node 1 active_anon:10804kB inactive_anon:0kB active_file:25872kB inactive_file:101300kB unevictable:3536kB isolated(anon):0kB isolated(file):0kB mapped:41088kB dirty:5828kB writeback:0kB shmem:5760kB shmem_thp:0kB shmem_pmdmapped:0kB anon_thp:0kB kernel_stack:5424kB pagetables:2384kB sec_pagetables:0kB all_unreclaimable? no Balloon:0kB
[ 2102.438468][T78269] Node 0 DMA free:15116kB boost:0kB min:452kB low:564kB high:676kB reserved_highatomic:0KB free_highatomic:0KB active_anon:0kB inactive_anon:0kB active_file:0kB inactive_file:0kB unevictable:0kB writepending:0kB zspages:0kB present:15992kB managed:15360kB mlocked:0kB bounce:0kB free_pcp:244kB local_pcp:36kB free_cma:0kB
[ 2102.464844][T78269] lowmem_reserve[]: 0 1176 1176 1176 1176
[ 2102.468112][T78269] Node 0 DMA32 free:494120kB boost:12288kB min:47124kB low:55832kB high:64540kB reserved_highatomic:0KB free_highatomic:0KB active_anon:18708kB inactive_anon:0kB active_file:37016kB inactive_file:156272kB unevictable:3536kB writepending:3220kB zspages:0kB present:2080772kB managed:1204832kB mlocked:0kB bounce:0kB free_pcp:10328kB local_pcp:5532kB free_cma:0kB
[ 2102.503313][T78269] lowmem_reserve[]: 0 0 0 0 0
[ 2102.507742][T78269] Node 1 DMA32 free:911016kB boost:0kB min:29136kB low:36420kB high:43704kB reserved_highatomic:0KB free_highatomic:0KB active_anon:0kB inactive_anon:0kB active_file:9600kB inactive_file:13008kB unevictable:0kB writepending:1536kB zspages:0kB present:1048444kB managed:982908kB mlocked:0kB bounce:0kB free_pcp:48792kB local_pcp:8200kB free_cma:0kB
[ 2102.538238][T78269] lowmem_reserve[]: 0 0 846 846 846
[ 2102.542335][T78269] Node 1 Normal free:383664kB boost:0kB min:25680kB low:32100kB high:38520kB reserved_highatomic:0KB free_highatomic:0KB active_anon:10804kB inactive_anon:0kB active_file:16272kB inactive_file:88292kB unevictable:3536kB writepending:4976kB zspages:0kB present:1048576kB managed:866440kB mlocked:0kB bounce:0kB free_pcp:8296kB local_pcp:6156kB free_cma:0kB
[ 2102.573989][T78269] lowmem_reserve[]: 0 0 0 0 0
[ 2102.576804][T78269] Node 0 DMA: 3*4kB (U) 2*8kB (U) 3*16kB (U) 4*32kB (U) 3*64kB (U) 5*128kB (U) 3*256kB (U) 4*512kB (U) 3*1024kB (U) 4*2048kB (U) 0*4096kB = 15116kB
[ 2102.587498][T78269] Node 0 DMA32: 304*4kB (UME) 243*8kB (UME) 19*16kB (ME) 152*32kB (UME) 137*64kB (UME) 343*128kB (UME) 270*256kB (UM) 267*512kB (UM) 222*1024kB (UME) 0*2048kB 0*4096kB = 494152kB
[ 2102.603098][T78269] Node 1 DMA32: 4*4kB (UME) 7*8kB (UME) 7*16kB (UME) 13*32kB (UME) 9*64kB (UME) 7*128kB (UME) 5*256kB (UME) 5*512kB (UE) 4*1024kB (UM) 8*2048kB (UE) 216*4096kB (UM) = 911128kB
[ 2102.624497][T78269] Node 1 Normal: 356*4kB (UM) 1928*8kB (UME) 1733*16kB (UM) 729*32kB (UM) 459*64kB (UM) 292*128kB (U) 182*256kB (U) 136*512kB (U) 130*1024kB (U) 0*2048kB 0*4096kB = 384000kB
[ 2102.642050][T78269] Node 0 hugepages_total=2 hugepages_free=2 hugepages_surp=0 hugepages_size=2048kB
[ 2102.650514][T78269] Node 1 hugepages_total=2 hugepages_free=2 hugepages_surp=0 hugepages_size=2048kB
[ 2102.657695][T78269] 82915 total pagecache pages
[ 2102.660680][T78269] 0 pages in swap cache
[ 2102.666766][T78269] Free swap  = 124996kB
[ 2102.671764][T78269] Total swap = 124996kB
[ 2102.673403][T78269] 1048446 pages RAM
[ 2102.675557][T78269] 0 pages HighMem/MovableOnly
[ 2102.682306][T78269] 281061 pages reserved
[ 2102.684969][T78269] 0 pages cma reserved
[ 2104.603121][    C2] vkms_vblank_simulate: vblank timer overrun
[ 2115.121157][T78792] warn_alloc: 7 callbacks suppressed
[ 2115.121229][T78792] syz.2.21623: vmalloc error: size 33558528, failed to allocated page array size 65544, mode:0xdc2(GFP_KERNEL|__GFP_HIGHMEM|__GFP_ZERO), nodemask=(null),cpuset=/,mems_allowed=0-1
[ 2115.143395][T78792] CPU: 2 UID: 0 PID: 78792 Comm: syz.2.21623 Not tainted 6.18.0 #1 PREEMPT(full) 
[ 2115.143430][T78792] Hardware name: QEMU Standard PC (i440FX + PIIX, 1996), BIOS rel-1.16.3-0-ga6ed6b701f0a-prebuilt.qemu.org 04/01/2014
[ 2115.143477][T78792] Call Trace:
[ 2115.143485][T78792]  <TASK>
[ 2115.143494][T78792]  dump_stack_lvl+0x180/0x1b0
[ 2115.143529][T78792]  warn_alloc+0x211/0x360
[ 2115.143554][T78792]  ? __pfx_warn_alloc+0x10/0x10
[ 2115.143575][T78792]  ? __pfx_alloc_vmap_area+0x10/0x10
[ 2115.143600][T78792]  ? __get_vm_area_node+0x10c/0x340
[ 2115.143632][T78792]  ? drm_property_create_blob.part.0+0x34/0x320
[ 2115.143660][T78792]  ? __vmalloc_node_noprof+0xac/0xf0
[ 2115.143691][T78792]  __vmalloc_node_range_noprof+0xfaa/0x13b0
[ 2115.143727][T78792]  ? drm_property_create_blob.part.0+0x34/0x320
[ 2115.143761][T78792]  ? __pfx___vmalloc_node_range_noprof+0x10/0x10
[ 2115.143800][T78792]  __kvmalloc_node_noprof+0x41f/0x9d0
[ 2115.143824][T78792]  ? drm_property_create_blob.part.0+0x34/0x320
[ 2115.143852][T78792]  ? drm_property_create_blob.part.0+0x34/0x320
[ 2115.143884][T78792]  ? drm_property_create_blob.part.0+0x34/0x320
[ 2115.143910][T78792]  drm_property_create_blob.part.0+0x34/0x320
[ 2115.143952][T78792]  drm_mode_createblob_ioctl+0x139/0x490
[ 2115.143984][T78792]  drm_ioctl_kernel+0x1ed/0x3e0
[ 2115.144001][T78792]  ? __pfx_drm_mode_createblob_ioctl+0x10/0x10
[ 2115.144028][T78792]  ? __pfx_drm_ioctl_kernel+0x10/0x10
[ 2115.144055][T78792]  drm_ioctl+0x574/0xb90
[ 2115.144075][T78792]  ? __pfx_drm_mode_createblob_ioctl+0x10/0x10
[ 2115.144102][T78792]  ? __pfx_drm_ioctl+0x10/0x10
[ 2115.144121][T78792]  ? hook_file_ioctl_common+0x146/0x3f0
[ 2115.144150][T78792]  ? __fget_files+0x1fb/0x3b0
[ 2115.144175][T78792]  ? __pfx_drm_ioctl+0x10/0x10
[ 2115.144192][T78792]  __x64_sys_ioctl+0x18f/0x210
[ 2115.144212][T78792]  do_syscall_64+0xcb/0xfa0
[ 2115.144241][T78792]  entry_SYSCALL_64_after_hwframe+0x77/0x7f
[ 2115.144259][T78792] RIP: 0033:0x7fe2341b059d
[ 2115.144276][T78792] Code: 02 b8 ff ff ff ff c3 66 0f 1f 44 00 00 f3 0f 1e fa 48 89 f8 48 89 f7 48 89 d6 48 89 ca 4d 89 c2 4d 89 c8 4c 8b 4c 24 08 0f 05 <48> 3d 01 f0 ff ff 73 01 c3 48 c7 c1 a8 ff ff ff f7 d8 64 89 01 48
[ 2115.144292][T78792] RSP: 002b:00007fe234f9af98 EFLAGS: 00000246 ORIG_RAX: 0000000000000010
[ 2115.144311][T78792] RAX: ffffffffffffffda RBX: 00007fe234426090 RCX: 00007fe2341b059d
[ 2115.144323][T78792] RDX: 0000200000000180 RSI: 00000000c01064bd RDI: 0000000000000003
[ 2115.144334][T78792] RBP: 00007fe23424e078 R08: 0000000000000000 R09: 0000000000000000
[ 2115.144345][T78792] R10: 0000000000000000 R11: 0000000000000246 R12: 0000000000000000
[ 2115.144355][T78792] R13: 00007fe234426128 R14: 00007fe234426090 R15: 00007fe234f7b000
[ 2115.144380][T78792]  </TASK>
[ 2115.144387][T78792] Mem-Info:
[ 2115.357697][T78792] active_anon:6825 inactive_anon:0 isolated_anon:0
[ 2115.357697][T78792]  active_file:15722 inactive_file:64406 isolated_file:0
[ 2115.357697][T78792]  unevictable:1768 dirty:2486 writeback:0
[ 2115.357697][T78792]  slab_reclaimable:13821 slab_unreclaimable:65663
[ 2115.357697][T78792]  mapped:31522 shmem:2799 pagetables:1217
[ 2115.357697][T78792]  sec_pagetables:0 bounce:0
[ 2115.357697][T78792]  kernel_misc_reclaimable:0
[ 2115.357697][T78792]  free:424088 free_pcp:26198 free_cma:0
[ 2115.427478][T78792] Node 0 active_anon:17520kB inactive_anon:0kB active_file:37016kB inactive_file:156272kB unevictable:3536kB isolated(anon):0kB isolated(file):0kB mapped:85004kB dirty:3228kB writeback:0kB shmem:5440kB shmem_thp:0kB shmem_pmdmapped:0kB anon_thp:0kB kernel_stack:6800kB pagetables:2888kB sec_pagetables:0kB all_unreclaimable? no Balloon:0kB
[ 2115.452622][    C2] vkms_vblank_simulate: vblank timer overrun
[ 2115.459372][T78792] Node 1 active_anon:9780kB inactive_anon:0kB active_file:25872kB inactive_file:101352kB unevictable:3536kB isolated(anon):0kB isolated(file):0kB mapped:41084kB dirty:6716kB writeback:0kB shmem:5756kB shmem_thp:0kB shmem_pmdmapped:0kB anon_thp:0kB kernel_stack:5392kB pagetables:1980kB sec_pagetables:0kB all_unreclaimable? no Balloon:0kB
[ 2115.481726][T78792] Node 0 DMA free:15200kB boost:0kB min:452kB low:564kB high:676kB reserved_highatomic:0KB free_highatomic:0KB active_anon:0kB inactive_anon:0kB active_file:0kB inactive_file:0kB unevictable:0kB writepending:0kB zspages:0kB present:15992kB managed:15360kB mlocked:0kB bounce:0kB free_pcp:148kB local_pcp:20kB free_cma:0kB
[ 2115.501315][T78792] lowmem_reserve[]: 0 1176 1176 1176 1176
[ 2115.504693][T78792] Node 0 DMA32 free:489156kB boost:12288kB min:47124kB low:55832kB high:64540kB reserved_highatomic:0KB free_highatomic:0KB active_anon:17520kB inactive_anon:0kB active_file:37016kB inactive_file:156272kB unevictable:3536kB writepending:3228kB zspages:0kB present:2080772kB managed:1204832kB mlocked:0kB bounce:0kB free_pcp:12712kB local_pcp:10560kB free_cma:0kB
[ 2115.524355][T78792] lowmem_reserve[]: 0 0 0 0 0
[ 2115.527631][T78792] Node 1 DMA32 free:872744kB boost:0kB min:29136kB low:36420kB high:43704kB reserved_highatomic:0KB free_highatomic:0KB active_anon:0kB inactive_anon:0kB active_file:9600kB inactive_file:13008kB unevictable:0kB writepending:1600kB zspages:0kB present:1048444kB managed:982908kB mlocked:0kB bounce:0kB free_pcp:68144kB local_pcp:10412kB free_cma:0kB
[ 2115.548899][T78792] lowmem_reserve[]: 0 0 846 846 846
[ 2115.552739][T78792] Node 1 Normal free:393784kB boost:0kB min:25680kB low:32100kB high:38520kB reserved_highatomic:0KB free_highatomic:0KB active_anon:9780kB inactive_anon:0kB active_file:16272kB inactive_file:88344kB unevictable:3536kB writepending:5116kB zspages:0kB present:1048576kB managed:866440kB mlocked:0kB bounce:0kB free_pcp:3880kB local_pcp:708kB free_cma:0kB
[ 2115.571720][T78792] lowmem_reserve[]: 0 0 0 0 0
[ 2115.574543][T78792] Node 0 DMA: 3*4kB (U) 2*8kB (U) 1*16kB (U) 2*32kB (U) 4*64kB (U) 4*128kB (U) 4*256kB (U) 4*512kB (U) 5*1024kB (U) 1*2048kB (U) 1*4096kB (U) = 15212kB
[ 2115.585121][T78792] Node 0 DMA32: 518*4kB (UME) 366*8kB (UME) 165*16kB (UME) 163*32kB (UME) 25*64kB (UME) 315*128kB (UME) 270*256kB (UM) 268*512kB (UM) 222*1024kB (UME) 0*2048kB 0*4096kB = 488440kB
[ 2115.595733][T78792] Node 1 DMA32: 7*4kB (UME) 5*8kB (UME) 8*16kB (UME) 13*32kB (UME) 9*64kB (UME) 9*128kB (UME) 6*256kB (UME) 5*512kB (UE) 6*1024kB (UM) 18*2048kB (UE) 205*4096kB (UM) = 889124kB
[ 2115.606113][T78792] Node 1 Normal: 2443*4kB (UM) 1623*8kB (UME) 1742*16kB (UME) 833*32kB (UME) 460*64kB (UM) 292*128kB (U) 181*256kB (U) 137*512kB (U) 130*1024kB (U) 0*2048kB 0*4096kB = 393700kB
[ 2115.614563][T78792] Node 0 hugepages_total=2 hugepages_free=2 hugepages_surp=0 hugepages_size=2048kB
[ 2115.619285][T78792] Node 1 hugepages_total=2 hugepages_free=2 hugepages_surp=0 hugepages_size=2048kB
[ 2115.623597][T78792] 82927 total pagecache pages
[ 2115.625572][T78792] 0 pages in swap cache
[ 2115.627337][T78792] Free swap  = 124996kB
[ 2115.629808][T78792] Total swap = 124996kB
[ 2115.632027][T78792] 1048446 pages RAM
[ 2115.634758][T78792] 0 pages HighMem/MovableOnly
[ 2115.638035][T78792] 281061 pages reserved
[ 2115.640070][T78792] 0 pages cma reserved
[ 2118.006614][    C2] vkms_vblank_simulate: vblank timer overrun
[ 2120.511826][ T1358] ieee802154 phy0 wpan0: encryption failed: -22
[ 2120.519192][ T1358] ieee802154 phy1 wpan1: encryption failed: -22
[ 2122.583098][T32595] Bluetooth: hci2: command 0x0406 tx timeout
[ 2124.435170][    C2] vkms_vblank_simulate: vblank timer overrun
[ 2125.236605][    C2] vkms_vblank_simulate: vblank timer overrun
[ 2126.214022][T79174] syz.2.21758: vmalloc error: size 3751936, failed to allocated page array size 7328, mode:0xdc2(GFP_KERNEL|__GFP_HIGHMEM|__GFP_ZERO), nodemask=(null),cpuset=/,mems_allowed=0-1
[ 2126.224595][T79174] CPU: 1 UID: 0 PID: 79174 Comm: syz.2.21758 Not tainted 6.18.0 #1 PREEMPT(full) 
[ 2126.224623][T79174] Hardware name: QEMU Standard PC (i440FX + PIIX, 1996), BIOS rel-1.16.3-0-ga6ed6b701f0a-prebuilt.qemu.org 04/01/2014
[ 2126.224650][T79174] Call Trace:
[ 2126.224658][T79174]  <TASK>
[ 2126.224665][T79174]  dump_stack_lvl+0x180/0x1b0
[ 2126.224700][T79174]  warn_alloc+0x211/0x360
[ 2126.224725][T79174]  ? __pfx_warn_alloc+0x10/0x10
[ 2126.224745][T79174]  ? __pfx_alloc_vmap_area+0x10/0x10
[ 2126.224777][T79174]  ? drm_property_create_blob.part.0+0x34/0x320
[ 2126.224803][T79174]  ? __vmalloc_node_noprof+0xac/0xf0
[ 2126.224831][T79174]  __vmalloc_node_range_noprof+0xfaa/0x13b0
[ 2126.224863][T79174]  ? alloc_vmap_area+0x55c/0x2860
[ 2126.224884][T79174]  ? drm_property_create_blob.part.0+0x34/0x320
[ 2126.224916][T79174]  ? __pfx___vmalloc_node_range_noprof+0x10/0x10
[ 2126.224942][T79174]  ? __pfx_alloc_vmap_area+0x10/0x10
[ 2126.224964][T79174]  ? stack_trace_save+0x8e/0xc0
[ 2126.225143][T79174]  ? __get_vm_area_node+0x10c/0x340
[ 2126.225194][T79174]  ? drm_property_create_blob.part.0+0x34/0x320
[ 2126.225220][T79174]  __vmalloc_node_noprof+0xac/0xf0
[ 2126.225261][T79174]  ? drm_property_create_blob.part.0+0x34/0x320
[ 2126.225290][T79174]  __vmalloc_node_range_noprof+0x40d/0x13b0
[ 2126.225339][T79174]  ? do_raw_spin_lock+0x12b/0x2b0
[ 2126.225416][T79174]  ? drm_property_create_blob.part.0+0x34/0x320
[ 2126.225452][T79174]  ? __pfx___vmalloc_node_range_noprof+0x10/0x10
[ 2126.225489][T79174]  __kvmalloc_node_noprof+0x41f/0x9d0
[ 2126.225514][T79174]  ? drm_property_create_blob.part.0+0x34/0x320
[ 2126.225542][T79174]  ? drm_property_create_blob.part.0+0x34/0x320
[ 2126.225574][T79174]  ? drm_property_create_blob.part.0+0x34/0x320
[ 2126.225599][T79174]  drm_property_create_blob.part.0+0x34/0x320
[ 2126.225630][T79174]  drm_mode_createblob_ioctl+0x139/0x490
[ 2126.225661][T79174]  drm_ioctl_kernel+0x1ed/0x3e0
[ 2126.225677][T79174]  ? __pfx_drm_mode_createblob_ioctl+0x10/0x10
[ 2126.225704][T79174]  ? __pfx_drm_ioctl_kernel+0x10/0x10
[ 2126.225730][T79174]  drm_ioctl+0x574/0xb90
[ 2126.225765][T79174]  ? __pfx_drm_mode_createblob_ioctl+0x10/0x10
[ 2126.225792][T79174]  ? __pfx_drm_ioctl+0x10/0x10
[ 2126.225823][T79174]  ? hook_file_ioctl_common+0x146/0x3f0
[ 2126.225855][T79174]  ? __fget_files+0x1fb/0x3b0
[ 2126.225880][T79174]  ? __pfx_drm_ioctl+0x10/0x10
[ 2126.225898][T79174]  __x64_sys_ioctl+0x18f/0x210
[ 2126.225919][T79174]  do_syscall_64+0xcb/0xfa0
[ 2126.225949][T79174]  entry_SYSCALL_64_after_hwframe+0x77/0x7f
[ 2126.225969][T79174] RIP: 0033:0x7fe2341b059d
[ 2126.225986][T79174] Code: 02 b8 ff ff ff ff c3 66 0f 1f 44 00 00 f3 0f 1e fa 48 89 f8 48 89 f7 48 89 d6 48 89 ca 4d 89 c2 4d 89 c8 4c 8b 4c 24 08 0f 05 <48> 3d 01 f0 ff ff 73 01 c3 48 c7 c1 a8 ff ff ff f7 d8 64 89 01 48
[ 2126.226004][T79174] RSP: 002b:00007fe234fbbf98 EFLAGS: 00000246 ORIG_RAX: 0000000000000010
[ 2126.226023][T79174] RAX: ffffffffffffffda RBX: 00007fe234425fa0 RCX: 00007fe2341b059d
[ 2126.226092][T79174] RDX: 0000200000000000 RSI: 00000000c01064bd RDI: 000000000000000a
[ 2126.226105][T79174] RBP: 00007fe23424e078 R08: 0000000000000000 R09: 0000000000000000
[ 2126.226116][T79174] R10: 0000000000000000 R11: 0000000000000246 R12: 0000000000000000
[ 2126.226127][T79174] R13: 00007fe234426038 R14: 00007fe234425fa0 R15: 00007fe234f9c000
[ 2126.226154][T79174]  </TASK>
[ 2126.226162][T79174] Mem-Info:
[ 2126.402561][T79174] active_anon:6774 inactive_anon:0 isolated_anon:0
[ 2126.402561][T79174]  active_file:15722 inactive_file:64418 isolated_file:0
[ 2126.402561][T79174]  unevictable:1768 dirty:2912 writeback:0
[ 2126.402561][T79174]  slab_reclaimable:13772 slab_unreclaimable:65867
[ 2126.402561][T79174]  mapped:29392 shmem:2798 pagetables:1148
[ 2126.402561][T79174]  sec_pagetables:0 bounce:0
[ 2126.402561][T79174]  kernel_misc_reclaimable:0
[ 2126.402561][T79174]  free:386732 free_pcp:25311 free_cma:0
[ 2126.426431][T79174] Node 0 active_anon:17408kB inactive_anon:0kB active_file:37016kB inactive_file:156300kB unevictable:3536kB isolated(anon):0kB isolated(file):0kB mapped:76648kB dirty:4028kB writeback:0kB shmem:5444kB shmem_thp:0kB shmem_pmdmapped:0kB anon_thp:0kB kernel_stack:6768kB pagetables:2676kB sec_pagetables:0kB all_unreclaimable? no Balloon:0kB
[ 2126.443428][T79174] Node 1 active_anon:9688kB inactive_anon:0kB active_file:25872kB inactive_file:101372kB unevictable:3536kB isolated(anon):0kB isolated(file):0kB mapped:40920kB dirty:7620kB writeback:0kB shmem:5748kB shmem_thp:0kB shmem_pmdmapped:0kB anon_thp:0kB kernel_stack:5168kB pagetables:1916kB sec_pagetables:0kB all_unreclaimable? no Balloon:0kB
[ 2126.466251][T79174] Node 0 DMA free:15120kB boost:0kB min:452kB low:564kB high:676kB reserved_highatomic:0KB free_highatomic:0KB active_anon:0kB inactive_anon:0kB active_file:0kB inactive_file:0kB unevictable:0kB writepending:0kB zspages:0kB present:15992kB managed:15360kB mlocked:0kB bounce:0kB free_pcp:240kB local_pcp:44kB free_cma:0kB
[ 2126.486637][T79174] lowmem_reserve[]: 0 1176 1176 1176 1176
[ 2126.491114][T79174] Node 0 DMA32 free:291156kB boost:12288kB min:47124kB low:55832kB high:64540kB reserved_highatomic:0KB free_highatomic:0KB active_anon:17408kB inactive_anon:0kB active_file:37016kB inactive_file:156300kB unevictable:3536kB writepending:4032kB zspages:0kB present:2080772kB managed:1204832kB mlocked:0kB bounce:0kB free_pcp:8928kB local_pcp:3296kB free_cma:0kB
[ 2126.513486][T79174] lowmem_reserve[]: 0 0 0 0 0
[ 2126.516773][T79174] Node 1 DMA32 free:883380kB boost:0kB min:29136kB low:36420kB high:43704kB reserved_highatomic:0KB free_highatomic:0KB active_anon:0kB inactive_anon:0kB active_file:9600kB inactive_file:13008kB unevictable:0kB writepending:1920kB zspages:0kB present:1048444kB managed:982908kB mlocked:0kB bounce:0kB free_pcp:76540kB local_pcp:16192kB free_cma:0kB
[ 2126.538645][T79174] lowmem_reserve[]: 0 0 846 846 846
[ 2126.544666][T79174] Node 1 Normal free:357528kB boost:0kB min:25680kB low:32100kB high:38520kB reserved_highatomic:0KB free_highatomic:0KB active_anon:9688kB inactive_anon:0kB active_file:16272kB inactive_file:88364kB unevictable:3536kB writepending:5668kB zspages:0kB present:1048576kB managed:866440kB mlocked:0kB bounce:0kB free_pcp:15604kB local_pcp:204kB free_cma:0kB
[ 2126.563915][T79174] lowmem_reserve[]: 0 0 0 0 0
[ 2126.566552][T79174] Node 0 DMA: 2*4kB (U) 1*8kB (U) 2*16kB (U) 3*32kB (U) 2*64kB (U) 4*128kB (U) 4*256kB (U) 4*512kB (U) 5*1024kB (U) 3*2048kB (U) 0*4096kB = 15120kB
[ 2126.576385][T79174] Node 0 DMA32: 163*4kB (UME) 85*8kB (UME) 137*16kB (UME) 67*32kB (UME) 21*64kB (UME) 24*128kB (UME) 5*256kB (M) 103*512kB (UM) 222*1024kB (UME) 0*2048kB 0*4096kB = 291428kB
[ 2126.586116][T79174] Node 1 DMA32: 5*4kB (UME) 8*8kB (UME) 10*16kB (UME) 14*32kB (UME) 10*64kB (UME) 9*128kB (UME) 8*256kB (UE) 6*512kB (UE) 7*1024kB (UM) 12*2048kB (UE) 206*4096kB (UM) = 883124kB
[ 2126.596938][T79174] Node 1 Normal: 361*4kB (UM) 173*8kB (UME) 834*16kB (UME) 757*32kB (UME) 462*64kB (UM) 292*128kB (U) 182*256kB (U) 137*512kB (U) 130*1024kB (U) 0*2048kB 0*4096kB = 357196kB
[ 2126.607222][T79174] Node 0 hugepages_total=2 hugepages_free=2 hugepages_surp=0 hugepages_size=2048kB
[ 2126.612663][T79174] Node 1 hugepages_total=2 hugepages_free=2 hugepages_surp=0 hugepages_size=2048kB
[ 2126.617840][T79174] 83024 total pagecache pages
[ 2126.620873][T79174] 0 pages in swap cache
[ 2126.623271][T79174] Free swap  = 124996kB
[ 2126.626289][T79174] Total swap = 124996kB
[ 2126.629051][T79174] 1048446 pages RAM
[ 2126.631728][T79174] 0 pages HighMem/MovableOnly
[ 2126.634920][T79174] 281061 pages reserved
[ 2126.636932][T79174] 0 pages cma reserved
[ 2132.363806][    C2] vkms_vblank_simulate: vblank timer overrun
[ 2133.101445][    C2] vkms_vblank_simulate: vblank timer overrun
[ 2133.933994][    C2] vkms_vblank_simulate: vblank timer overrun
[ 2134.468866][    C2] vkms_vblank_simulate: vblank timer overrun
[ 2137.363010][T79693] FAULT_INJECTION: forcing a failure.
[ 2137.363010][T79693] name failslab, interval 1, probability 0, space 0, times 0
[ 2137.386280][T79693] CPU: 3 UID: 0 PID: 79693 Comm: syz.2.21955 Not tainted 6.18.0 #1 PREEMPT(full) 
[ 2137.386306][T79693] Hardware name: QEMU Standard PC (i440FX + PIIX, 1996), BIOS rel-1.16.3-0-ga6ed6b701f0a-prebuilt.qemu.org 04/01/2014
[ 2137.386318][T79693] Call Trace:
[ 2137.386325][T79693]  <TASK>
[ 2137.386334][T79693]  dump_stack_lvl+0x180/0x1b0
[ 2137.386366][T79693]  should_fail_ex+0x520/0x650
[ 2137.386490][T79693]  ? tomoyo_realpath_from_path+0xc3/0x600
[ 2137.386582][T79693]  should_failslab+0xc2/0x120
[ 2137.386651][T79693]  __kmalloc_noprof+0xdc/0x8c0
[ 2137.386670][T79693]  ? kfree+0x3b1/0x6c0
[ 2137.386694][T79693]  ? tomoyo_realpath_from_path+0xc3/0x600
[ 2137.386717][T79693]  tomoyo_realpath_from_path+0xc3/0x600
[ 2137.386744][T79693]  ? tomoyo_profile+0x46/0x60
[ 2137.386785][T79693]  tomoyo_path_number_perm+0x221/0x550
[ 2137.386804][T79693]  ? tomoyo_path_number_perm+0x213/0x550
[ 2137.386827][T79693]  ? __pfx_tomoyo_path_number_perm+0x10/0x10
[ 2137.386849][T79693]  ? proc_fail_nth_write+0x97/0x220
[ 2137.386940][T79693]  ? hook_file_ioctl_common+0x146/0x3f0
[ 2137.386961][T79693]  ? __fget_files+0x1f1/0x3b0
[ 2137.386988][T79693]  ? __fget_files+0x1fb/0x3b0
[ 2137.387012][T79693]  security_file_ioctl+0x9f/0x260
[ 2137.387091][T79693]  __x64_sys_ioctl+0xb7/0x210
[ 2137.387111][T79693]  do_syscall_64+0xcb/0xfa0
[ 2137.387140][T79693]  entry_SYSCALL_64_after_hwframe+0x77/0x7f
[ 2137.387159][T79693] RIP: 0033:0x7fe2341b059d
[ 2137.387175][T79693] Code: 02 b8 ff ff ff ff c3 66 0f 1f 44 00 00 f3 0f 1e fa 48 89 f8 48 89 f7 48 89 d6 48 89 ca 4d 89 c2 4d 89 c8 4c 8b 4c 24 08 0f 05 <48> 3d 01 f0 ff ff 73 01 c3 48 c7 c1 a8 ff ff ff f7 d8 64 89 01 48
[ 2137.387193][T79693] RSP: 002b:00007fe234fbbf98 EFLAGS: 00000246 ORIG_RAX: 0000000000000010
[ 2137.387212][T79693] RAX: ffffffffffffffda RBX: 00007fe234425fa0 RCX: 00007fe2341b059d
[ 2137.387255][T79693] RDX: 0000200000000100 RSI: 00000000c008640a RDI: 0000000000000003
[ 2137.387267][T79693] RBP: 00007fe234fbc010 R08: 0000000000000000 R09: 0000000000000000
[ 2137.387278][T79693] R10: 0000000000000000 R11: 0000000000000246 R12: 0000000000000001
[ 2137.387289][T79693] R13: 00007fe234426038 R14: 00007fe234425fa0 R15: 00007fe234f9c000
[ 2137.387317][T79693]  </TASK>
[ 2137.387350][T79693] ERROR: Out of memory at tomoyo_realpath_from_path.
[ 2138.911085][    C2] vkms_vblank_simulate: vblank timer overrun
[ 2138.949339][T79751] FAULT_INJECTION: forcing a failure.
[ 2138.949339][T79751] name failslab, interval 1, probability 0, space 0, times 0
[ 2138.957542][T79751] CPU: 3 UID: 0 PID: 79751 Comm: syz.2.21973 Not tainted 6.18.0 #1 PREEMPT(full) 
[ 2138.957635][T79751] Hardware name: QEMU Standard PC (i440FX + PIIX, 1996), BIOS rel-1.16.3-0-ga6ed6b701f0a-prebuilt.qemu.org 04/01/2014
[ 2138.957648][T79751] Call Trace:
[ 2138.957656][T79751]  <TASK>
[ 2138.957665][T79751]  dump_stack_lvl+0x180/0x1b0
[ 2138.957702][T79751]  should_fail_ex+0x520/0x650
[ 2138.957729][T79751]  ? tomoyo_encode2.part.0+0xe9/0x3a0
[ 2138.957753][T79751]  should_failslab+0xc2/0x120
[ 2138.957783][T79751]  __kmalloc_noprof+0xdc/0x8c0
[ 2138.957805][T79751]  ? d_absolute_path+0x12a/0x1a0
[ 2138.957901][T79751]  ? tomoyo_encode2.part.0+0xe9/0x3a0
[ 2138.957924][T79751]  tomoyo_encode2.part.0+0xe9/0x3a0
[ 2138.957953][T79751]  tomoyo_encode+0x2b/0x60
[ 2138.957976][T79751]  tomoyo_realpath_from_path+0x188/0x600
[ 2138.958009][T79751]  tomoyo_path_number_perm+0x221/0x550
[ 2138.958030][T79751]  ? tomoyo_path_number_perm+0x213/0x550
[ 2138.958053][T79751]  ? __pfx_tomoyo_path_number_perm+0x10/0x10
[ 2138.958089][T79751]  ? proc_fail_nth_write+0x97/0x220
[ 2138.958141][T79751]  ? hook_file_ioctl_common+0x146/0x3f0
[ 2138.958162][T79751]  ? __fget_files+0x1f1/0x3b0
[ 2138.958190][T79751]  ? __fget_files+0x1fb/0x3b0
[ 2138.958214][T79751]  security_file_ioctl+0x9f/0x260
[ 2138.958240][T79751]  __x64_sys_ioctl+0xb7/0x210
[ 2138.958260][T79751]  do_syscall_64+0xcb/0xfa0
[ 2138.958291][T79751]  entry_SYSCALL_64_after_hwframe+0x77/0x7f
[ 2138.958310][T79751] RIP: 0033:0x7fe2341b059d
[ 2138.958343][T79751] Code: 02 b8 ff ff ff ff c3 66 0f 1f 44 00 00 f3 0f 1e fa 48 89 f8 48 89 f7 48 89 d6 48 89 ca 4d 89 c2 4d 89 c8 4c 8b 4c 24 08 0f 05 <48> 3d 01 f0 ff ff 73 01 c3 48 c7 c1 a8 ff ff ff f7 d8 64 89 01 48
[ 2138.958361][T79751] RSP: 002b:00007fe234fbbf98 EFLAGS: 00000246 ORIG_RAX: 0000000000000010
[ 2138.958381][T79751] RAX: ffffffffffffffda RBX: 00007fe234425fa0 RCX: 00007fe2341b059d
[ 2138.958393][T79751] RDX: 0000200000000100 RSI: 00000000c008640a RDI: 0000000000000003
[ 2138.958405][T79751] RBP: 00007fe234fbc010 R08: 0000000000000000 R09: 0000000000000000
[ 2138.958416][T79751] R10: 0000000000000000 R11: 0000000000000246 R12: 0000000000000001
[ 2138.958427][T79751] R13: 00007fe234426038 R14: 00007fe234425fa0 R15: 00007fe234f9c000
[ 2138.958454][T79751]  </TASK>
[ 2138.958474][T79751] ERROR: Out of memory at tomoyo_realpath_from_path.
[ 2139.818987][T32595] Bluetooth: hci4: unexpected cc 0x0c03 length: 249 > 1
[ 2139.842956][T32595] Bluetooth: hci4: unexpected cc 0x1003 length: 249 > 9
[ 2139.858907][T32595] Bluetooth: hci4: unexpected cc 0x1001 length: 249 > 9
[ 2139.875633][T32595] Bluetooth: hci4: unexpected cc 0x0c23 length: 249 > 4
[ 2139.882707][T32595] Bluetooth: hci4: unexpected cc 0x0c38 length: 249 > 2
[ 2140.457178][T56485] netdevsim netdevsim2 netdevsim3 (unregistering): unset [1, 0] type 2 family 0 port 6081 - 0
[ 2140.872301][T56485] netdevsim netdevsim2 netdevsim2 (unregistering): unset [1, 0] type 2 family 0 port 6081 - 0
[ 2141.126862][T79762] chnl_net:caif_netlink_parms(): no params data found
[ 2141.184896][T79863] FAULT_INJECTION: forcing a failure.
[ 2141.184896][T79863] name fail_usercopy, interval 1, probability 0, space 0, times 0
[ 2141.207347][T79863] CPU: 0 UID: 0 PID: 79863 Comm: syz.3.21988 Not tainted 6.18.0 #1 PREEMPT(full) 
[ 2141.207377][T79863] Hardware name: QEMU Standard PC (i440FX + PIIX, 1996), BIOS rel-1.16.3-0-ga6ed6b701f0a-prebuilt.qemu.org 04/01/2014
[ 2141.207390][T79863] Call Trace:
[ 2141.207398][T79863]  <TASK>
[ 2141.207407][T79863]  dump_stack_lvl+0x180/0x1b0
[ 2141.207441][T79863]  should_fail_ex+0x520/0x650
[ 2141.207467][T79863]  _copy_from_user+0x30/0xd0
[ 2141.207573][T79863]  drm_ioctl+0x4df/0xb90
[ 2141.207744][T79863]  ? __pfx_drm_gem_flink_ioctl+0x10/0x10
[ 2141.207798][T79863]  ? __pfx_drm_ioctl+0x10/0x10
[ 2141.207817][T79863]  ? hook_file_ioctl_common+0x146/0x3f0
[ 2141.209461][T79863]  ? __fget_files+0x1fb/0x3b0
[ 2141.209488][T79863]  ? __pfx_drm_ioctl+0x10/0x10
[ 2141.209508][T79863]  __x64_sys_ioctl+0x18f/0x210
[ 2141.209530][T79863]  do_syscall_64+0xcb/0xfa0
[ 2141.209561][T79863]  entry_SYSCALL_64_after_hwframe+0x77/0x7f
[ 2141.209581][T79863] RIP: 0033:0x7f35c9fb059d
[ 2141.209599][T79863] Code: 02 b8 ff ff ff ff c3 66 0f 1f 44 00 00 f3 0f 1e fa 48 89 f8 48 89 f7 48 89 d6 48 89 ca 4d 89 c2 4d 89 c8 4c 8b 4c 24 08 0f 05 <48> 3d 01 f0 ff ff 73 01 c3 48 c7 c1 a8 ff ff ff f7 d8 64 89 01 48
[ 2141.209620][T79863] RSP: 002b:00007f35caec3f98 EFLAGS: 00000246 ORIG_RAX: 0000000000000010
[ 2141.209668][T79863] RAX: ffffffffffffffda RBX: 00007f35ca225fa0 RCX: 00007f35c9fb059d
[ 2141.209681][T79863] RDX: 0000200000000100 RSI: 00000000c008640a RDI: 0000000000000003
[ 2141.209692][T79863] RBP: 00007f35caec4010 R08: 0000000000000000 R09: 0000000000000000
[ 2141.209726][T79863] R10: 0000000000000000 R11: 0000000000000246 R12: 0000000000000001
[ 2141.209737][T79863] R13: 00007f35ca226038 R14: 00007f35ca225fa0 R15: 00007f35caea4000
[ 2141.209765][T79863]  </TASK>
[ 2141.720040][    C2] vkms_vblank_simulate: vblank timer overrun
[ 2141.790036][T56485] netdevsim netdevsim2 netdevsim1 (unregistering): unset [1, 0] type 2 family 0 port 6081 - 0
[ 2141.938065][T65327] Bluetooth: hci4: command tx timeout
[ 2142.053949][T56485] netdevsim netdevsim2 netdevsim0 (unregistering): unset [1, 0] type 2 family 0 port 6081 - 0
[ 2142.081600][T79762] bridge0: port 1(bridge_slave_0) entered blocking state
[ 2142.099023][T79762] bridge0: port 1(bridge_slave_0) entered disabled state
[ 2142.104605][T79762] bridge_slave_0: entered allmulticast mode
[ 2142.119512][T79762] bridge_slave_0: entered promiscuous mode
[ 2142.135415][T79762] bridge0: port 2(bridge_slave_1) entered blocking state
[ 2142.142467][T79762] bridge0: port 2(bridge_slave_1) entered disabled state
[ 2142.154283][T79762] bridge_slave_1: entered allmulticast mode
[ 2142.168868][T79762] bridge_slave_1: entered promiscuous mode
[ 2142.252790][T79762] bond0: (slave bond_slave_0): Enslaving as an active interface with an up link
[ 2142.275354][T79762] bond0: (slave bond_slave_1): Enslaving as an active interface with an up link
[ 2142.518289][T79762] team0: Port device team_slave_0 added
[ 2142.525490][T79762] team0: Port device team_slave_1 added
[ 2142.532497][T79983] FAULT_INJECTION: forcing a failure.
[ 2142.532497][T79983] name fail_usercopy, interval 1, probability 0, space 0, times 0
[ 2142.547878][T79983] CPU: 3 UID: 0 PID: 79983 Comm: syz.0.21996 Not tainted 6.18.0 #1 PREEMPT(full) 
[ 2142.547902][T79983] Hardware name: QEMU Standard PC (i440FX + PIIX, 1996), BIOS rel-1.16.3-0-ga6ed6b701f0a-prebuilt.qemu.org 04/01/2014
[ 2142.547915][T79983] Call Trace:
[ 2142.547921][T79983]  <TASK>
[ 2142.547929][T79983]  dump_stack_lvl+0x180/0x1b0
[ 2142.547963][T79983]  should_fail_ex+0x520/0x650
[ 2142.547988][T79983]  _copy_to_user+0x32/0xd0
[ 2142.548012][T79983]  drm_ioctl+0x59a/0xb90
[ 2142.548034][T79983]  ? __pfx_drm_gem_flink_ioctl+0x10/0x10
[ 2142.548061][T79983]  ? __pfx_drm_ioctl+0x10/0x10
[ 2142.548081][T79983]  ? hook_file_ioctl_common+0x146/0x3f0
[ 2142.548111][T79983]  ? __fget_files+0x1fb/0x3b0
[ 2142.548147][T79983]  ? __pfx_drm_ioctl+0x10/0x10
[ 2142.548205][T79983]  __x64_sys_ioctl+0x18f/0x210
[ 2142.548226][T79983]  do_syscall_64+0xcb/0xfa0
[ 2142.548255][T79983]  entry_SYSCALL_64_after_hwframe+0x77/0x7f
[ 2142.548274][T79983] RIP: 0033:0x7fd9085b059d
[ 2142.548291][T79983] Code: 02 b8 ff ff ff ff c3 66 0f 1f 44 00 00 f3 0f 1e fa 48 89 f8 48 89 f7 48 89 d6 48 89 ca 4d 89 c2 4d 89 c8 4c 8b 4c 24 08 0f 05 <48> 3d 01 f0 ff ff 73 01 c3 48 c7 c1 a8 ff ff ff f7 d8 64 89 01 48
[ 2142.548308][T79983] RSP: 002b:00007fd9094adf98 EFLAGS: 00000246 ORIG_RAX: 0000000000000010
[ 2142.548327][T79983] RAX: ffffffffffffffda RBX: 00007fd908825fa0 RCX: 00007fd9085b059d
[ 2142.548339][T79983] RDX: 0000200000000100 RSI: 00000000c008640a RDI: 0000000000000003
