last executing test programs:

2.13188725s ago: executing program 2 (id=48032):
r0 = openat$drirender128(0xffffffffffffff9c, &(0x7f0000000340), 0x8e000, 0x0) (async)
r1 = syz_open_dev$dri(&(0x7f0000000080), 0x17, 0x8000)
ioctl$DRM_IOCTL_VERSION(r1, 0xc04064f4, 0x0) (async, rerun: 32)
ioctl$DRM_IOCTL_PRIME_FD_TO_HANDLE(r0, 0xc00c642e, &(0x7f0000000000)) (async, rerun: 32)
ioctl$DRM_IOCTL_ADD_CTX(r0, 0xc0086420, &(0x7f0000000040)={<r2=>0x0}) (async)
r3 = syz_open_dev$I2C(&(0x7f0000002680), 0x0, 0x800)
ioctl$I2C_SMBUS(r3, 0x720, &(0x7f0000000000)={0x0, 0xe1, 0x1, 0x0})
r4 = syz_open_dev$dri(&(0x7f0000000000), 0x1, 0x0)
ioctl$DRM_IOCTL_MODE_GET_LEASE(r4, 0xc01064c8, &(0x7f0000000300)={0x2, 0x0, &(0x7f00000002c0)=[0x0, <r5=>0x0]})
ioctl$DRM_IOCTL_MODE_GETPROPERTY(r4, 0xc04064aa, &(0x7f0000000780)={&(0x7f0000000680)=[0x0], &(0x7f00000006c0)=[{}, {}, {}], r5, 0x0, '\x00', 0x1, 0x3}) (async)
ioctl$DRM_IOCTL_MODE_PAGE_FLIP(r4, 0xc01864b0, 0x0) (async)
ioctl$DRM_IOCTL_GEM_FLINK(0xffffffffffffffff, 0xc008640a, 0x0) (async)
ioctl$DRM_IOCTL_SG_ALLOC(0xffffffffffffffff, 0xc0106438, 0x0) (async, rerun: 32)
ioctl$DRM_IOCTL_MODE_ADDFB(r0, 0xc01c64ae, &(0x7f00000000c0)={0x0, 0x2, 0x2, 0x7, 0x4, 0x9, 0xd}) (rerun: 32)
ioctl$DRM_IOCTL_UNLOCK(r0, 0x4008642b, &(0x7f0000000080)={r2, 0x1})

1.964402097s ago: executing program 2 (id=48037):
r0 = syz_open_dev$dri(&(0x7f0000000000), 0x0, 0x103000)
r1 = syz_open_dev$dri(&(0x7f0000000000), 0x1, 0x2000)
r2 = syz_open_dev$dri(&(0x7f0000000000), 0x1, 0x2000)
ioctl$DRM_IOCTL_MODE_GETRESOURCES(r2, 0xc04064a0, &(0x7f0000000340)={0x0, &(0x7f0000000280)=[<r3=>0x0], 0x0, 0x0, 0x0, 0x1})
ioctl$DRM_IOCTL_MODE_GETCRTC(r1, 0xc06864a1, &(0x7f0000000440)={0x0, 0x0, r3, <r4=>0x0})
ioctl$DRM_IOCTL_MODE_GETFB2(r1, 0xc06864ce, &(0x7f0000000040)={r4, 0x7, 0x5, 0xfffffff8, 0x3, [<r5=>0x0], [0x2, 0xbc01, 0xf, 0x8001], [0x7fff, 0x5, 0x4, 0x8], [0x9, 0x30, 0xfffffffffffffff9]})
ioctl$DRM_IOCTL_PRIME_HANDLE_TO_FD(r1, 0xc00c642d, &(0x7f0000000080)={r5, 0x80000, <r6=>0xffffffffffffffff})
openat$drirender128(0xffffffffffffff9c, &(0x7f00000000c0), 0x80000, 0x0)
ioctl$DRM_IOCTL_PRIME_FD_TO_HANDLE(r0, 0xc00c642e, &(0x7f0000000140)={0x0, 0x0, r6})

1.736496606s ago: executing program 2 (id=48041):
r0 = syz_open_dev$dri(&(0x7f0000000000), 0x0, 0x141000)
syz_open_dev$dri(&(0x7f00000001c0), 0xa8c, 0x80000) (async)
r1 = syz_open_dev$dri(&(0x7f00000001c0), 0xa8c, 0x80000)
ioctl$DRM_IOCTL_MODE_CREATE_LEASE(r1, 0xc01864c6, &(0x7f0000000000)={0x0, 0x0, 0x101800})
r2 = openat$drirender128(0xffffffffffffff9c, &(0x7f0000000180), 0xa0201, 0x0)
ioctl$DRM_IOCTL_GET_STATS(r2, 0x5450, 0x0)
ioctl$DRM_IOCTL_GET_CAP(r0, 0xc010640c, &(0x7f0000000040)={0xb})
openat$drirender128(0xffffffffffffff9c, &(0x7f0000000e00), 0x22000, 0x0) (async)
r3 = openat$drirender128(0xffffffffffffff9c, &(0x7f0000000e00), 0x22000, 0x0)
ioctl$DRM_IOCTL_GET_STATS(r3, 0x4020940d, 0x0) (async)
ioctl$DRM_IOCTL_GET_STATS(r3, 0x4020940d, 0x0)
ioctl$DRM_IOCTL_GET_CAP(r0, 0xc010640c, &(0x7f0000000080)={0x7})

1.722308607s ago: executing program 1 (id=48043):
ioctl$DRM_IOCTL_SYNCOBJ_SIGNAL(0xffffffffffffffff, 0xc01064c5, &(0x7f0000000500)={&(0x7f00000004c0)=[0x0, 0x0, 0x0, 0x0], 0x4})
ioctl$DRM_IOCTL_SYNCOBJ_FD_TO_HANDLE_FD(0xffffffffffffffff, 0xc01864c2, &(0x7f0000000140))
ioctl$DRM_IOCTL_SYNCOBJ_FD_TO_HANDLE_FD(0xffffffffffffffff, 0xc01864c2, &(0x7f0000000200))
r0 = openat$drirender128(0xffffffffffffff9c, &(0x7f0000000b80), 0x800, 0x0)
r1 = syz_open_dev$dri(&(0x7f0000000000), 0x2b2c, 0x80002)
ioctl$DRM_IOCTL_MODE_CREATE_DUMB(r1, 0xc02064b2, &(0x7f0000000a00)={0xfffffffa, 0x1, 0x7})
r2 = syz_open_dev$dri(&(0x7f0000000000), 0x50dd, 0x0)
ioctl$DRM_IOCTL_MODE_GETFB2(r2, 0xc06864ce, &(0x7f0000000400)={0x0, 0x7, 0x8, 0x7, 0x0, [], [0x3, 0x6, 0x8, 0xcf4], [0x1, 0x6, 0x400f, 0x3], [0xf, 0xe, 0xcd, 0x6]})
ioctl$DRM_IOCTL_PRIME_FD_TO_HANDLE(r0, 0xc00c642e, &(0x7f00000002c0)={0x0, 0x0, r0})
r3 = syz_open_dev$dri(&(0x7f0000000180), 0x0, 0x1)
r4 = syz_open_dev$dri(&(0x7f0000000000), 0x3fffc0, 0x48000)
ioctl$DRM_IOCTL_MODE_CREATE_DUMB(r4, 0xc02064b2, &(0x7f0000000080)={0x8, 0x4, 0x10000, 0x0, <r5=>0x0})
r6 = syz_open_dev$dri(&(0x7f0000000000), 0x3fffc0, 0x48000)
ioctl$DRM_IOCTL_MODE_CREATE_DUMB(r6, 0xc02064b2, &(0x7f0000000040)={0x8, 0x8, 0x10000})
ioctl$DRM_IOCTL_MODE_CREATE_DUMB(r6, 0xc02064b2, 0x0)
r7 = syz_open_dev$I2C(&(0x7f0000000040), 0x0, 0x80)
ioctl$I2C_SMBUS(r7, 0xc0045878, 0x0)
syz_open_dev$dri(&(0x7f0000000000), 0x3fffc0, 0x48000)
ioctl$DRM_IOCTL_MODE_DESTROY_DUMB(r4, 0xc00464b4, &(0x7f0000000780)={r5})
r8 = syz_open_dev$dri(&(0x7f0000000000), 0x0, 0x100)
ioctl$DRM_IOCTL_MODE_CREATE_DUMB(r8, 0xc02064b2, &(0x7f0000000080)={0x8, 0x2, 0x7})
ioctl$DRM_IOCTL_MODE_CREATE_DUMB(r3, 0xc02064b2, &(0x7f0000000000)={0x9, 0x8000, 0x7})
r9 = syz_open_dev$dri(&(0x7f0000000340), 0xfaa, 0x800)
ioctl$DRM_IOCTL_SET_VERSION(r9, 0xc0106407, &(0x7f0000000100)={0x1, 0x0, 0x2, 0x1})

1.601909366s ago: executing program 2 (id=48046):
openat$drirender128(0xffffffffffffff9c, &(0x7f0000000e00), 0x22000, 0x0)
ioctl$DRM_IOCTL_SYNCOBJ_SIGNAL(0xffffffffffffffff, 0xc01064c5, &(0x7f0000000500)={0x0})
ioctl$DRM_IOCTL_PRIME_HANDLE_TO_FD(0xffffffffffffffff, 0xc00c642d, 0x0)
r0 = syz_open_dev$dri(&(0x7f0000000000), 0x4, 0x371d80)
ioctl$DRM_IOCTL_SYNCOBJ_HANDLE_TO_FD_FD(0xffffffffffffffff, 0xc01864c1, 0x0)
ioctl$DRM_IOCTL_SYNCOBJ_FD_TO_HANDLE_FD(r0, 0xc01864c2, &(0x7f0000000200))
r1 = openat$drirender128(0xffffffffffffff9c, 0x0, 0x800, 0x0)
ioctl$DRM_IOCTL_MODE_DESTROY_DUMB(0xffffffffffffffff, 0xc00464b4, 0x0)
r2 = syz_open_dev$dri(0x0, 0x2b2c, 0x80002)
r3 = syz_open_dev$dri(&(0x7f0000000000), 0x50dd, 0x0)
ioctl$DRM_IOCTL_MODE_GETFB2(r3, 0xc06864ce, 0x0)
ioctl$DRM_IOCTL_PRIME_FD_TO_HANDLE(0xffffffffffffffff, 0xc00c642e, &(0x7f00000002c0)={<r4=>0x0, 0x0, r1})
ioctl$DRM_IOCTL_MODE_GETRESOURCES(r2, 0xc04064a0, &(0x7f0000000300)={&(0x7f0000000180)=[<r5=>0x0, 0x0], &(0x7f00000001c0)=[0x0], &(0x7f0000000240)=[0x0, 0x0], &(0x7f0000000280)=[0x0, 0x0, 0x0, 0x0, 0x0], 0x2, 0x1, 0x4e, 0x5})
syz_open_dev$dri(&(0x7f0000000840), 0x2, 0x80900)
ioctl$DRM_IOCTL_MODE_ADDFB2(r3, 0xc06864b8, &(0x7f0000000380)={r5, 0x2, 0xb71, 0x1, 0x2, [0x0, 0x0, r4, r4], [0x8, 0x4, 0x87, 0x11], [0x102, 0x5, 0x800, 0xb], [0x5, 0xd, 0x6, 0xfff]})
ioctl$DRM_IOCTL_WAIT_VBLANK(r3, 0xc018643a, &(0x7f0000000cc0)={0x10000000, 0x100ae1, 0x6})
ioctl$DRM_IOCTL_MODE_CREATE_LEASE(r0, 0xc01864c6, &(0x7f0000000080)={&(0x7f0000000540)=[0x0], 0x1, 0x0, 0x0, <r6=>0xffffffffffffffff})
ioctl$DRM_IOCTL_SYNCOBJ_FD_TO_HANDLE_FD(r3, 0xc01864c2, &(0x7f00000000c0)={0x0, 0x0, r6})
r7 = syz_open_dev$dri(&(0x7f0000000000), 0x0, 0x100)
ioctl$DRM_IOCTL_MODE_CREATE_DUMB(r7, 0xc02064b2, 0x0)
ioctl$DRM_IOCTL_SET_MASTER(r7, 0x641e)
r8 = syz_open_dev$I2C(&(0x7f0000000380), 0x0, 0x101)
ioctl$I2C_FUNCS(r8, 0x705, &(0x7f0000000440)=0xfffffffffffffff9)
ioctl$DRM_IOCTL_GET_MAGIC(r7, 0x80046402, &(0x7f0000000100))
r9 = syz_open_dev$dri(&(0x7f0000000000), 0xfffffffffffffffc, 0x40000)
ioctl$DRM_IOCTL_MODE_CREATE_LEASE(r9, 0xc01864c6, &(0x7f00000000c0)={0x0, 0x0, 0x0, 0x0, <r10=>0xffffffffffffffff})
ioctl$DRM_IOCTL_MODE_SETCRTC(r10, 0xc06864a2, &(0x7f0000000400)={0x0, 0x0, 0x0, 0x0, 0x9, 0x7, 0x82db, 0x6, {0x4, 0x1, 0xc, 0x3, 0x8, 0x1, 0x7fff, 0x36, 0xfff8, 0xefe, 0xd8, 0xfffffffd, 0x6, 0x9, "86a9d654c459a12d4a40ec9beb6e35ea5aa73b1e2a1c2d2fde3b02067f858e0f"}})
ioctl$DRM_IOCTL_SYNCOBJ_FD_TO_HANDLE_SYNC_FILE(r3, 0xc01864c2, &(0x7f0000000140)={0x0, 0x1, r10})
ioctl$DRM_IOCTL_PRIME_HANDLE_TO_FD(r1, 0xc00c642d, &(0x7f0000000340)={r4, 0x80000})
syz_open_dev$dri(&(0x7f0000000000), 0x50dd, 0x0)

1.47564844s ago: executing program 1 (id=48047):
ioctl$DRM_IOCTL_SYNCOBJ_HANDLE_TO_FD_SYNC_FILE(0xffffffffffffffff, 0xc01864c1, &(0x7f0000000000)={0x0, 0x1, <r0=>0xffffffffffffffff})
ioctl$DRM_IOCTL_SYNCOBJ_FD_TO_HANDLE_SYNC_FILE(0xffffffffffffffff, 0xc01864c2, &(0x7f0000000040)={<r1=>0x0, 0x1, r0}) (async, rerun: 64)
r2 = openat$drirender128(0xffffffffffffff9c, &(0x7f0000000080), 0x20200, 0x0) (rerun: 64)
ioctl$DRM_IOCTL_MODE_GETENCODER(0xffffffffffffffff, 0xc01464a6, &(0x7f00000000c0)={0x0, 0x0, <r3=>0x0})
ioctl$DRM_IOCTL_MODE_GETGAMMA(r2, 0xc02064a4, &(0x7f00000001c0)={r3, 0x5, &(0x7f0000000100)=[0x1, 0x7ff, 0x2, 0x800, 0x8a], &(0x7f0000000140)=[0x1, 0x1], &(0x7f0000000180)=[0x9]}) (async)
ioctl$DRM_IOCTL_MODE_CREATE_DUMB(r2, 0xc02064b2, &(0x7f0000000200)={0xa1b, 0x4, 0x4, 0x0, <r4=>0x0})
ioctl$DRM_IOCTL_MODE_DESTROY_DUMB(r2, 0xc00464b4, &(0x7f0000000240)={r4})
ioctl$DRM_IOCTL_AGP_ALLOC(r2, 0xc0206434, &(0x7f0000000280)={0x2, <r5=>0x0, 0x1})
ioctl$DRM_IOCTL_SG_FREE(r2, 0x40106439, &(0x7f00000002c0)={0x0, r5})
ioctl$DRM_IOCTL_ADD_CTX(r2, 0xc0086420, &(0x7f0000000300)={<r6=>0x0})
ioctl$DRM_IOCTL_LOCK(r2, 0x4008642a, &(0x7f0000000340)={r6, 0x4}) (async)
ioctl$DRM_IOCTL_MODE_CREATE_DUMB(r2, 0xc02064b2, &(0x7f0000000380)={0x2, 0x3, 0x7, 0x0, <r7=>0x0}) (async)
ioctl$DRM_IOCTL_SET_SAREA_CTX(r2, 0x4010641c, &(0x7f0000000440)={r6, &(0x7f00000003c0)=""/91})
ioctl$DRM_IOCTL_MODE_DESTROY_DUMB(r2, 0xc00464b4, &(0x7f0000000480)={r7}) (async, rerun: 32)
ioctl$DRM_IOCTL_SYNCOBJ_HANDLE_TO_FD_SYNC_FILE(r2, 0xc01864c1, &(0x7f00000004c0)={r1}) (async, rerun: 32)
r8 = syz_open_dev$I2C(&(0x7f0000000500), 0x4, 0x2c000)
ioctl$I2C_RDWR(r8, 0x707, &(0x7f0000000740)={&(0x7f0000000700)=[{0x1ff, 0x401, 0xea, &(0x7f0000000540)="a5b9620fb591c2a78fd987714acbf51a9968e909f55a73ce6318f48e6782edc9898ab01ca1ac8ee4960b7cf1741de4a4ad86650410d869073f530e28173eac60d926fa4b611c7ee3e2c926c0e7bf2e1cd90ef19a876e8a6aae1f7b4fe2e5406d389d944cc6c3ea3ea585d5449130d9849de5d064ae25d5ae9a8916669187c2ed6fc8e4c3943cb312714bbc4bcf57a1fc88c53608afd0f701b1ffaec560e8fe822b1deda517127096cc1e889078adb6ae17f78ee118ba6d31a43c2fc184ee401e8745f8e8d07515baaf9914ea75bdccaadfd507ec03865880574a405d6fdce014e9d361f31da800849200"}, {0x4, 0x1, 0xb3, &(0x7f0000000640)="7bdb6a82f5e40f26fc68b94b8f64710ab6ebac57097948d16ea94efb100e4b428bcfae7f7adf6f29139c9c58014b40523d9dfd7cae4291810bea42aeeca6fed498e58b9932d71fb9a4d2367b2fddb665fb0787277c542e7b1edc69b81d825bec891368b693ff4e8b66ce62c170f6a14901cc00adaf0e22972ff1f6eba7ca3e21cfded32968bd8a769937a9313148385963a7e14cff793fc459d94cbc0808e575054588bba9905b17340bc3160352a21b27f36a"}], 0x2}) (async, rerun: 32)
ioctl$DRM_IOCTL_PRIME_HANDLE_TO_FD(r2, 0xc00c642d, &(0x7f0000000780)={0x0, 0x0, <r9=>0xffffffffffffffff}) (rerun: 32)
ioctl$DRM_IOCTL_MODE_CURSOR(r9, 0xc01c64a3, &(0x7f00000007c0)={0x3, r3, 0x7, 0x10000, 0x8, 0x10, 0x800})
ioctl$DRM_IOCTL_SET_SAREA_CTX(r9, 0x4010641c, &(0x7f0000000880)={r6, &(0x7f0000000800)=""/116}) (async)
ioctl$DRM_IOCTL_DMA(r2, 0xc0406429, &(0x7f00000009c0)={r6, 0x7, &(0x7f00000008c0)=[0xe, 0x6, 0x1, 0x0, 0x7, 0x800, 0x2], &(0x7f0000000900)=[0x3, 0x3, 0x800, 0xada, 0x3, 0xeaa, 0x100], 0x50, 0x9, 0x3, &(0x7f0000000940)=[0x1, 0x3, 0x9, 0x6, 0x9, 0x10001, 0x3, 0x200, 0x2], &(0x7f0000000980)=[0x5, 0xed9, 0xfffffffd]}) (async)
ioctl$DRM_IOCTL_MODE_CREATE_DUMB(r9, 0xc02064b2, &(0x7f0000000a00)={0x42f, 0x5, 0xfffff000, 0x0, <r10=>0x0})
ioctl$DRM_IOCTL_MODE_DESTROY_DUMB(r9, 0xc00464b4, &(0x7f0000000a40)={r10}) (async, rerun: 32)
r11 = syz_open_dev$dri(&(0x7f0000000a80), 0x3, 0x40000) (rerun: 32)
ioctl$DRM_IOCTL_AGP_BIND(r11, 0x40106436, &(0x7f0000000ac0)={r5, 0x100000001}) (async, rerun: 64)
ioctl$DRM_IOCTL_AUTH_MAGIC(r11, 0x40046411, &(0x7f0000000b00)=0x9) (async, rerun: 64)
r12 = syz_open_dev$dri(&(0x7f0000000b40), 0x8, 0x608400)
ioctl$DRM_IOCTL_MODE_CREATEPROPBLOB(r11, 0xc01064bd, &(0x7f0000000c40)={&(0x7f0000000b80)="0a1b09118792b5c696f12196765ea370db0c68c36fd34f87b9f0d0d22ae214b96f890804c126bab7f71da70dab966fd1a6b308d764698eb98b28f20743748c9cbd4045015a9bcc8bf96fad4620de335e92b9457c0738f11b7a1111dcbf85ff48f2f4244653056d5440bbdfd9caf31ec9f7208632a5cba68c29e3addc00edfd6b92506c1d36c7fa8e23d181e39521f666bb380d1054732a9f290c", 0x9a, <r13=>0x0})
ioctl$DRM_IOCTL_MODE_DESTROYPROPBLOB(r12, 0xc00464be, &(0x7f0000000c80)={r13}) (async)
ioctl$DRM_IOCTL_MODE_CURSOR2(0xffffffffffffffff, 0xc02464bb, &(0x7f0000000d00)={0x1, r3, 0xca9c, 0xfffffff9, 0x7, 0x80000000, 0x5, 0x9, 0x1})

1.25337409s ago: executing program 1 (id=48051):
ioctl$DRM_IOCTL_MODE_CREATE_DUMB(0xffffffffffffffff, 0xc02064b2, &(0x7f0000000240)={0x9, 0x8000, 0x2})

1.200939419s ago: executing program 3 (id=48052):
syz_open_dev$dri(&(0x7f0000000000), 0x0, 0x90980)
r0 = syz_open_dev$dri(&(0x7f0000000000), 0x2, 0x60c040)
ioctl$DRM_IOCTL_MODE_GETRESOURCES(r0, 0xc04064a0, &(0x7f0000000580)={0x0, &(0x7f00000004c0)=[0x0], 0x0, 0x0, 0x0, 0x1})
r1 = syz_open_dev$dri(0x0, 0x1, 0x2000)
ioctl$DRM_IOCTL_MODE_GETRESOURCES(0xffffffffffffffff, 0xc04064a0, 0x0)
ioctl$DRM_IOCTL_MODE_CREATE_LEASE(r1, 0xc01864c6, &(0x7f0000000600)={&(0x7f00000005c0), 0x0, 0x81000})

1.200234782s ago: executing program 1 (id=48053):
r0 = syz_open_dev$dri(&(0x7f0000000000), 0x2, 0x1)
ioctl$DRM_IOCTL_MODE_ADDFB(r0, 0xc01c64ae, &(0x7f0000000040)={0x0, 0x2000, 0x1, 0x1000, 0x18, 0x18, 0x5})
r1 = syz_open_dev$dri(&(0x7f0000000300), 0xfffffffffffffffa, 0xe500) (async)
r2 = syz_open_dev$dri(&(0x7f0000000000), 0x2, 0x1)
ioctl$DRM_IOCTL_MODE_ADDFB(r2, 0xc01c64ae, &(0x7f0000000040)={0x0, 0x7, 0x1, 0x1000, 0x18, 0x18, 0x5})
r3 = syz_open_dev$dri(&(0x7f0000000000), 0x2, 0x1) (async)
ioctl$DRM_IOCTL_GET_CAP(r0, 0xc010640c, &(0x7f0000000100)={0x7})
ioctl$DRM_IOCTL_MODE_CREATE_DUMB(r3, 0xc02064b2, &(0x7f0000000080)={0x9, 0x8, 0x2}) (async)
r4 = syz_open_dev$dri(&(0x7f0000000300), 0xfffffffffffffffa, 0xe500) (async)
r5 = syz_open_dev$dri(&(0x7f0000000000), 0x2, 0x1)
ioctl$DRM_IOCTL_MODE_CREATE_DUMB(r5, 0xc02064b2, &(0x7f0000000080)={0x7, 0x9, 0x2})
ioctl$DRM_IOCTL_SYNCOBJ_FD_TO_HANDLE_FD(r5, 0xc01864c2, &(0x7f0000000240)={<r6=>0x0})
ioctl$DRM_IOCTL_SYNCOBJ_WAIT(r4, 0xc02864c3, &(0x7f0000000340)={&(0x7f0000000280)=[0x0, 0x0, 0x0, 0x0, 0x0, r6], 0xffffffff, 0x6, 0x4})
ioctl$DRM_IOCTL_SYNCOBJ_TIMELINE_SIGNAL(r3, 0xc01864cd, &(0x7f0000000380)={&(0x7f0000000200)=[r6], &(0x7f0000000340), 0x1}) (async)
ioctl$DRM_IOCTL_SYNCOBJ_FD_TO_HANDLE_FD(0xffffffffffffffff, 0xc01864c2, 0x0)
ioctl$DRM_IOCTL_SYNCOBJ_SIGNAL(0xffffffffffffffff, 0xc01064c5, 0x0)
r7 = syz_open_dev$dri(&(0x7f0000000000), 0x1, 0x2000)
ioctl$DRM_IOCTL_GET_CAP(r7, 0xc010640c, &(0x7f0000000200)={0x16})
r8 = openat$drirender128(0xffffffffffffff9c, &(0x7f0000000e00), 0x22000, 0x0)
ioctl$DRM_IOCTL_GET_STATS(r8, 0x4c01, 0x0) (async)
r9 = syz_open_dev$dri(&(0x7f0000000000), 0x3, 0xa000)
ioctl$DRM_IOCTL_MODE_GETRESOURCES(r9, 0xc04064a0, &(0x7f0000000180)={0x0, &(0x7f0000000080)=[<r10=>0x0], 0x0, 0x0, 0x0, 0x1})
ioctl$DRM_IOCTL_MODE_GETCRTC(r9, 0xc06864a1, &(0x7f0000000840)={0x0, 0x0, r10, <r11=>0x0})
ioctl$DRM_IOCTL_MODE_SETCRTC(r9, 0xc06864a2, &(0x7f00000008c0)={0x0, 0x0, r10, r11, 0xd02, 0x5, 0x8, 0x7fffffff, {0x4, 0x8, 0x8001, 0x2, 0xbb06, 0x3, 0x4, 0x5, 0x3, 0xa95, 0xf800, 0x401, 0xfffffff7, 0x9, "c57b8a9923f1b5d3c3394fb4ba6e16a5e088f570fc499bb42c25f07d1cf8c629"}})
openat$drirender128(0xffffffffffffff9c, &(0x7f00000000c0), 0x301800, 0x0) (async)
ioctl$DRM_IOCTL_SYNCOBJ_HANDLE_TO_FD_FD(r2, 0xc01864c1, &(0x7f00000001c0)={0x0, 0x0, <r12=>0xffffffffffffffff})
r13 = syz_open_dev$dri(&(0x7f0000000000), 0xfffffffffffffffc, 0x0)
ioctl$DRM_IOCTL_MODE_CREATEPROPBLOB(r13, 0xc01064bd, &(0x7f0000000180)={&(0x7f0000000080)="7c2772857a834be7ae4d44d445cf9005999d5e56438892322b2223a8aaaf9e9f14a4b2fd8f003c5fc63d45c1284d4415120f0f47da6951fb126bf521dc909d6e7ec264529cc196ac9ee1382d36f63eda11484bd7668d5ccf64cf963a2818cfc4fa70eac3ef17b361938f4e7f0057adae5fcf13357a6af880bf70e132cc8655cfc24841ec657da1d381584e00fe0891949c717f9fc004f503131ab7f85d821ba515686ef591c936b831c077a03a13cd7894151eef069b62a937663176b4a373018f", 0x2000000}) (async)
ioctl$DRM_IOCTL_SYNCOBJ_FD_TO_HANDLE_FD(r9, 0xc01864c2, &(0x7f0000000140)={<r14=>0x0, 0x0, r12})
ioctl$DRM_IOCTL_SYNCOBJ_WAIT(r1, 0xc02864c3, &(0x7f0000000340)={&(0x7f0000000280)=[0x0, 0x0, 0x0, 0x0, 0x0, r14], 0xffffffff, 0x6, 0x4})

1.043201008s ago: executing program 3 (id=48054):
openat$drirender128(0xffffffffffffff9c, &(0x7f00000001c0), 0x80440, 0x0) (async)
r0 = openat$drirender128(0xffffffffffffff9c, &(0x7f00000001c0), 0x80440, 0x0)
r1 = syz_open_dev$dri(&(0x7f0000000000), 0xfffffffffffffffc, 0x0)
ioctl$DRM_IOCTL_MODE_CREATEPROPBLOB(r1, 0xc01064bd, &(0x7f0000000180)={&(0x7f0000000080)="7c2772857a834be7ae4d44d445cf9005999d5e56438892322b2223a8aaaf9e9f14a4b2fd8f003c5fc63d45c1284d4415120f0f47da6951fb126bf521dc909d6e7ec264529cc196ac9ee1382d36f63eda11484bd7668d5ccf64cf963a2818cfc4fa70eac3ef17b361938f4e7f0057adae5fcf13357a6af880bf70e132cc8655cfc24841ec657da1d381584e00fe0891949c717f9fc004f503131ab7f85d821ba515686ef591c936b831c077a03a13cd7894151eef069b62a937663176b4a373018f", 0x2000000})
ioctl$DRM_IOCTL_RES_CTX(0xffffffffffffffff, 0xc0106426, &(0x7f0000000040)={0x2, &(0x7f0000000000)=[{}, {<r2=>0x0}]})
ioctl$DRM_IOCTL_GET_CTX(r1, 0xc0086423, &(0x7f0000000080)={r2})
ioctl$DRM_IOCTL_UNLOCK(r0, 0x4008642b, &(0x7f0000000200)={r2, 0x8})
syz_open_dev$dri(&(0x7f0000000000), 0xa, 0x1) (async)
r3 = syz_open_dev$dri(&(0x7f0000000000), 0xa, 0x1)
ioctl$DRM_IOCTL_DROP_MASTER(r3, 0x641f) (async)
ioctl$DRM_IOCTL_DROP_MASTER(r3, 0x641f)
ioctl$DRM_IOCTL_MODE_CREATE_DUMB(r3, 0xc02064b2, &(0x7f0000000040)={0x1000, 0x3ff, 0x9})
r4 = syz_open_dev$dri(&(0x7f0000000000), 0xfffffffffffffffc, 0x0)
ioctl$DRM_IOCTL_MODE_CREATEPROPBLOB(r4, 0xc01064bd, &(0x7f0000000180)={&(0x7f0000000080)="7c2772857a834be7ae4d44d445cf9005999d5e56438892322b2223a8aaaf9e9f14a4b2fd8f003c5fc63d45c1284d4415120f0f47da6951fb126bf521dc909d6e7ec264529cc196ac9ee1382d36f63eda11484bd7668d5ccf64cf963a2818cfc4fa70eac3ef17b361938f4e7f0057adae5fcf13357a6af880bf70e132cc8655cfc24841ec657da1d381584e00fe0891949c717f9fc004f503131ab7f85d821ba515686ef591c936b831c077a03a13cd7894151eef069b62a937663176b4a373018f", 0x2000000})
r5 = syz_open_dev$dri(&(0x7f0000000000), 0x50dd, 0x0)
ioctl$DRM_IOCTL_MODE_GETPLANERESOURCES(r5, 0xc01064b5, &(0x7f00000000c0)={0x0})
ioctl$DRM_IOCTL_MODE_SETGAMMA(r3, 0xc02064a5, &(0x7f0000000780)={0x0, 0x0, 0x0, 0x0, 0x0}) (async)
ioctl$DRM_IOCTL_MODE_SETGAMMA(r3, 0xc02064a5, &(0x7f0000000780)={0x0, 0x0, 0x0, 0x0, 0x0})

794.644138ms ago: executing program 0 (id=48055):
r0 = syz_open_dev$I2C(&(0x7f0000000240), 0xeb0, 0x12fd00)
r1 = syz_open_dev$dri(&(0x7f0000000f40), 0x0, 0xa0a03)
syz_open_dev$dri(&(0x7f0000000000), 0x2, 0x1)
openat$drirender128(0xffffffffffffff9c, 0x0, 0x10000, 0x0)
r2 = syz_open_dev$dri(&(0x7f0000000000), 0xfffffffffffffffc, 0x0)
ioctl$DRM_IOCTL_MODE_GETRESOURCES(r2, 0xc04064a0, &(0x7f0000000600)={0x0, 0x0, &(0x7f0000000580)=[0x0], 0x0, 0x0, 0x0, 0x1})
ioctl$DRM_IOCTL_MODE_SETPROPERTY(r1, 0xc01064ab, &(0x7f0000000300)={0xfffffffffffff276})
ioctl$DRM_IOCTL_GEM_OPEN(r1, 0xc010640b, &(0x7f0000000840))
r3 = syz_open_dev$I2C(&(0x7f00000000c0), 0x0, 0x101400)
ioctl$I2C_SMBUS(r3, 0x720, &(0x7f0000000100)={0x1, 0x7, 0x3, &(0x7f00000001c0)={0x5, "86ac5909e67738d864df62139d7b3d17f45e4b161d00"}})
r4 = syz_open_dev$dri(&(0x7f0000000000), 0x5, 0x428902)
r5 = syz_open_dev$dri(&(0x7f0000000840), 0x495c, 0x400)
ioctl$DRM_IOCTL_MODE_GETFB(r5, 0xc01c64ad, 0x0)
ioctl$DRM_IOCTL_MODE_GET_LEASE(r4, 0xc01064c8, &(0x7f00000000c0)={0x1, 0x0, &(0x7f0000000040)=[0x0]})
ioctl$DRM_IOCTL_MODE_CREATE_DUMB(r4, 0xc02064b2, &(0x7f00000001c0)={0x1, 0x1, 0x7})
r6 = syz_open_dev$I2C(&(0x7f0000000000), 0x0, 0x109000)
ioctl$I2C_RDWR(r6, 0x707, &(0x7f00000007c0)={&(0x7f0000000700)=[{0x3, 0xa800, 0x0, 0x0}, {0x0, 0x902fdc6686b2b416, 0x0, 0x0}], 0x2})
ioctl$DRM_IOCTL_MODE_DESTROY_DUMB(r4, 0xc00464b4, &(0x7f0000000780))
r7 = syz_open_dev$dri(&(0x7f00000002c0), 0x50cc, 0x0)
ioctl$DRM_IOCTL_SET_CLIENT_CAP(r7, 0x4010640d, &(0x7f0000000080)={0x5})
r8 = syz_open_dev$dri(&(0x7f0000000180), 0x0, 0x1)
ioctl$DRM_IOCTL_AUTH_MAGIC(r8, 0x40046411, &(0x7f0000000000)=0x3)
ioctl$DRM_IOCTL_MODE_CREATE_DUMB(r5, 0xc02064b2, &(0x7f0000000140)={0xa2d3, 0x8, 0x1})
r9 = syz_open_dev$dri(&(0x7f0000000000), 0x2, 0x1)
r10 = syz_open_dev$dri(&(0x7f0000000000), 0xfffffffffffffffc, 0x0)
ioctl$DRM_IOCTL_MODE_ADDFB(r10, 0xc01c64ae, &(0x7f00000001c0)={0x0, 0x2, 0x9, 0x8, 0x2, 0x8, 0x6065})
ioctl$DRM_IOCTL_MODE_GETPROPBLOB(r9, 0xc01064ac, &(0x7f0000000280)={0x0, 0x0, 0x0})
r11 = syz_open_dev$dri(&(0x7f0000000000), 0x1, 0x2000)
ioctl$DRM_IOCTL_GET_CAP(r11, 0xc010640c, &(0x7f0000000200)={0x12})
ioctl$I2C_TIMEOUT(r0, 0x702, 0x4a76975a)

644.474168ms ago: executing program 2 (id=48056):
ioctl$DRM_IOCTL_SYNCOBJ_SIGNAL(0xffffffffffffffff, 0xc01064c5, &(0x7f0000000500)={0x0}) (async, rerun: 64)
ioctl$DRM_IOCTL_SYNCOBJ_FD_TO_HANDLE_FD(0xffffffffffffffff, 0xc01864c2, &(0x7f0000000140)) (async, rerun: 64)
ioctl$DRM_IOCTL_SYNCOBJ_FD_TO_HANDLE_FD(0xffffffffffffffff, 0xc01864c2, &(0x7f0000000200)) (async, rerun: 32)
r0 = openat$drirender128(0xffffffffffffff9c, &(0x7f0000000b80), 0x800, 0x0) (rerun: 32)
r1 = syz_open_dev$dri(&(0x7f0000000000), 0x50dd, 0x0)
ioctl$DRM_IOCTL_WAIT_VBLANK(r1, 0xc018643a, &(0x7f0000000cc0)={0x10000000, 0xc0, 0x6}) (async)
ioctl$DRM_IOCTL_MODE_CREATE_DUMB(0xffffffffffffffff, 0xc02064b2, 0x0)
r2 = syz_open_dev$dri(0x0, 0x50dd, 0x0)
ioctl$DRM_IOCTL_MODE_GETFB2(r2, 0xc06864ce, 0x0) (async)
ioctl$DRM_IOCTL_PRIME_FD_TO_HANDLE(r0, 0xc00c642e, 0x0) (async)
r3 = syz_open_dev$dri(&(0x7f0000000180), 0x0, 0x1) (async)
r4 = syz_open_dev$dri(&(0x7f0000000000), 0x3fffc0, 0x48000)
ioctl$DRM_IOCTL_MODE_CREATE_DUMB(r4, 0xc02064b2, &(0x7f0000000080)={0x8, 0x4, 0x10000, 0x0, <r5=>0x0}) (async)
r6 = syz_open_dev$dri(&(0x7f0000000000), 0x3fffc0, 0x48000)
ioctl$DRM_IOCTL_MODE_CREATE_DUMB(r6, 0xc02064b2, &(0x7f0000000040)={0x8, 0x8, 0x10000}) (async)
ioctl$DRM_IOCTL_MODE_CREATE_DUMB(r6, 0xc02064b2, &(0x7f00000001c0)={0x1, 0x1, 0x7})
syz_open_dev$dri(0x0, 0x3fffc0, 0x48000)
ioctl$DRM_IOCTL_MODE_DESTROY_DUMB(r4, 0xc00464b4, &(0x7f0000000780)={r5}) (async)
r7 = syz_open_dev$dri(&(0x7f0000000000), 0x0, 0x100)
ioctl$DRM_IOCTL_MODE_CREATE_DUMB(r7, 0xc02064b2, &(0x7f0000000080)={0x8, 0x2, 0x7}) (async)
r8 = syz_open_dev$dri(&(0x7f0000000000), 0x1, 0x2000) (async, rerun: 32)
r9 = syz_open_dev$dri(&(0x7f0000000000), 0x1, 0x0) (rerun: 32)
ioctl$DRM_IOCTL_MODE_GETRESOURCES(r9, 0xc04064a0, &(0x7f0000000340)={0x0, &(0x7f0000000280)=[<r10=>0x0], 0x0, 0x0, 0x0, 0x1})
ioctl$DRM_IOCTL_MODE_GETCRTC(r8, 0xc06864a1, &(0x7f0000000440)={0x0, 0x4c, r10, <r11=>0x0})
ioctl$DRM_IOCTL_MODE_GETFB2(r8, 0xc06864ce, &(0x7f0000000040)={r11, 0x7, 0x5, 0xfffffff8, 0x3, [<r12=>0x0], [0x2, 0xbc01, 0x4000000f, 0x8001], [0x7fff, 0x5, 0xfffffffe, 0x8], [0x9, 0x30, 0xfffffffffffffff9, 0x4d192917]})
ioctl$DRM_IOCTL_GEM_FLINK(r8, 0xc008640a, &(0x7f00000000c0)={r12}) (async)
ioctl$DRM_IOCTL_MODE_CREATE_DUMB(r3, 0xc02064b2, &(0x7f0000000000)={0x9, 0x8000, 0x7})

556.477504ms ago: executing program 0 (id=48057):
r0 = syz_open_dev$dri(&(0x7f0000000000), 0xfffffffffffffffc, 0x200200)
ioctl$DRM_IOCTL_MAP_BUFS(r0, 0xc0186419, &(0x7f0000000640)={0x6, &(0x7f0000000040)=""/11, &(0x7f0000000580)=[{0x7, 0x40, 0x1, &(0x7f00000001c0)=""/64}, {0xb999, 0x85, 0x7f85, &(0x7f0000000200)=""/133}, {0x6, 0xad, 0x0, &(0x7f00000002c0)=""/173}, {0x3, 0x57, 0x7, &(0x7f0000000380)=""/87}, {0x9, 0xed, 0x0, &(0x7f0000000400)=""/237}, {0x5, 0x46, 0x3, &(0x7f0000000500)=""/70}]})
r1 = syz_open_dev$dri(&(0x7f0000000000), 0x1, 0x0)
ioctl$DRM_IOCTL_MODE_GETRESOURCES(r1, 0xc04064a0, &(0x7f0000000180)={0x0, &(0x7f0000000080)=[<r2=>0x0], 0x0, 0x0, 0x0, 0x1})
ioctl$DRM_IOCTL_MODE_CURSOR2(r1, 0xc02464bb, &(0x7f00000001c0)={0x2, r2, 0xb, 0x200, 0x7, 0x0, 0xf, 0x7b, 0x8000})
ioctl$DRM_IOCTL_PRIME_HANDLE_TO_FD(r1, 0xc00c642d, &(0x7f00000006c0)={0x0, 0x0, <r3=>0xffffffffffffffff})
ioctl$DRM_IOCTL_MODESET_CTL(r3, 0x40086408, &(0x7f0000000700)={0x5, 0x4d})
ioctl$DRM_IOCTL_AUTH_MAGIC(0xffffffffffffffff, 0x40046411, 0x0)
ioctl$DRM_IOCTL_MODE_CREATEPROPBLOB(r0, 0xc01064bd, &(0x7f0000000180)={&(0x7f0000000080)="7c2772857a834be7ae4d44d445cf9005999d5e56438892322b2223a8aaaf9e9f14a4b2fd8f003c5fc63d45c1284d4415120f0f47da6951fb126bf521dc909d6e7ec264529cc196ac9ee1382d36f63eda11484bd7668d5ccf64cf963a2818cfc4fa70eac3ef17b361938f4e7f0057adae5fcf13357a6af880bf70e132cc8655cfc24841ec657da1d381584e00fe0891949c717f9fc004f503131ab7f85d821ba515686ef591c936b831c077a03a13cd7894151eef069b62a937663176b4a373018f", 0x2000000, <r4=>0x0})
r5 = syz_open_dev$dri(&(0x7f0000000840), 0xffff, 0x200200)
ioctl$DRM_IOCTL_MODE_GETCRTC(r5, 0xc06864a1, &(0x7f00000007c0)={&(0x7f0000000680)=[0x0, 0x0, 0x0, 0x0, 0x0, 0x0, 0x0, 0x0, 0x0], 0x4000000000000193, r2, <r6=>0x0})
ioctl$DRM_IOCTL_MODE_CREATE_LEASE(r0, 0xc01864c6, &(0x7f0000000780)={&(0x7f0000000740)=[r4, r6], 0x2, 0x80800})

551.569313ms ago: executing program 1 (id=48058):
r0 = syz_open_dev$dri(&(0x7f0000000080), 0xa2, 0x101401)
ioctl$DRM_IOCTL_PRIME_HANDLE_TO_FD(r0, 0xc00c642d, &(0x7f0000000040)={0x0, 0x80000, <r1=>0xffffffffffffffff})
r2 = syz_open_dev$dri(&(0x7f00000002c0), 0x6, 0x1)
r3 = syz_open_dev$dri(&(0x7f0000000000), 0x1, 0x80000)
ioctl$DRM_IOCTL_GEM_CLOSE(r3, 0x40086409, 0x0)
ioctl$DRM_IOCTL_MODE_ATOMIC(r3, 0xc03864bc, &(0x7f0000000280)={0x400, 0x0, 0x0, 0x0, 0x0, 0x0, 0x0, 0x4})
r4 = syz_open_dev$dri(&(0x7f0000000300), 0x1, 0x200140)
ioctl$DRM_IOCTL_PRIME_FD_TO_HANDLE(r2, 0xc00c642e, &(0x7f0000000340)={0x0, 0x0, r4})
ioctl$DRM_IOCTL_MODE_GETPLANE(r0, 0xc02064b6, &(0x7f0000000100)={0x0, <r5=>0x0, 0x0, 0x0, 0x0, 0x7, &(0x7f00000000c0)=[0x0, 0x0, 0x0, 0x0, 0x0, 0x0, 0x0]})
ioctl$DRM_IOCTL_MODE_GETCRTC(r0, 0xc06864a1, &(0x7f0000000180)={&(0x7f0000000140)=[0x0, 0x0, 0x0, 0x0], 0x4, 0x0, <r6=>0x0})
openat$drirender128(0xffffffffffffff9c, &(0x7f0000000280), 0x80000, 0x0)
ioctl$DRM_IOCTL_MODE_GETPLANE(r1, 0xc02064b6, &(0x7f0000000240)={0x0, r5, r6, 0x0, 0x0, 0x2, &(0x7f0000000200)=[0x0, 0x0]})
ioctl$DRM_IOCTL_AUTH_MAGIC(r0, 0x40046411, &(0x7f0000000000)=0x3)

422.153416ms ago: executing program 2 (id=48059):
ioctl$DRM_IOCTL_MODE_GETFB(0xffffffffffffffff, 0xc01c64ad, &(0x7f0000000000))
ioctl$DRM_IOCTL_MODE_GETRESOURCES(0xffffffffffffffff, 0xc04064a0, &(0x7f0000000180)={0x0, &(0x7f0000000080)=[<r0=>0x0], 0x0, 0x0, 0x0, 0x1})
ioctl$DRM_IOCTL_MODE_GETCRTC(0xffffffffffffffff, 0xc06864a1, &(0x7f0000000840)={0x0, 0x0, r0, <r1=>0x0})
ioctl$DRM_IOCTL_PRIME_HANDLE_TO_FD(0xffffffffffffffff, 0xc00c642d, &(0x7f00000002c0)={0x0, 0x0, <r2=>0xffffffffffffffff})
ioctl$DRM_IOCTL_GET_MAGIC(r2, 0x80046402, &(0x7f0000000380)=0x1)
r3 = syz_open_dev$dri(&(0x7f0000000040), 0x3, 0x40)
r4 = syz_open_dev$dri(&(0x7f0000000000), 0xfffffffffffffffc, 0x28040)
ioctl$DRM_IOCTL_MODE_GETRESOURCES(r4, 0xc04064a0, &(0x7f0000000600)={0x0, 0x0, &(0x7f0000000580)=[0x0], 0x0, 0x0, 0x0, 0x1})
r5 = syz_open_dev$I2C(&(0x7f0000000a00), 0x0, 0x101000)
ioctl$I2C_RETRIES(r5, 0x40049409, 0xf)
r6 = syz_open_dev$I2C(&(0x7f0000000000), 0x875a, 0x20801)
ioctl$I2C_TENBIT(r6, 0x80111500, 0x200000ffefff)
ioctl$DRM_IOCTL_MODE_GETRESOURCES(r3, 0xc04064a0, &(0x7f0000000280)={&(0x7f0000000140)=[0x0, 0x0, 0x0, 0x0, 0x0], &(0x7f00000001c0)=[0x0, 0x0], &(0x7f0000000200)=[0x0, <r7=>0x0, 0x0, 0x0, 0x0, 0x0, 0x0, 0x0], &(0x7f0000000240)=[0x0, 0x0, 0x0, 0x0, 0x0, 0x0, 0x0, 0x0, 0x0, 0x0], 0x5, 0x2, 0x8, 0xa})
ioctl$DRM_IOCTL_MODE_GETCONNECTOR(r3, 0xc05064a7, &(0x7f0000000300)={0x0, 0x0, 0x0, 0x0, 0x0, 0x0, 0x0, 0x0, r7})
ioctl$DRM_IOCTL_MODE_DIRTYFB(0xffffffffffffffff, 0xc01864b1, &(0x7f00000000c0)={r1, 0x3, 0xf96, 0x0, &(0x7f0000000040)})
ioctl$DRM_IOCTL_MODE_DESTROYPROPBLOB(r3, 0xc00464be, &(0x7f0000000100))
r8 = syz_open_dev$dri(&(0x7f0000000000), 0xfffffffffffffffc, 0x0)
ioctl$DRM_IOCTL_MODE_CREATEPROPBLOB(r8, 0xc01064bd, &(0x7f0000000180)={&(0x7f0000000080)="7c2772857a834be7ae4d44d445cf9005999d5e56438892322b2223a8aaaf9e9f14a4b2fd8f003c5fc63d45c1284d4415120f0f47da6951fb126bf521dc909d6e7ec264529cc196ac9ee1382d36f63eda11484bd7668d5ccf64cf963a2818cfc4fa70eac3ef17b361938f4e7f0057adae5fcf13357a6af880bf70e132cc8655cfc24841ec657da1d381584e00fe0891949c717f9fc004f503131ab7f85d821ba515686ef591c936b831c077a03a13cd7894151eef069b62a937663176b4a373018f", 0x2000000})
ioctl$DRM_IOCTL_RES_CTX(0xffffffffffffffff, 0xc0106426, &(0x7f0000000040)={0x2, &(0x7f0000000000)=[{}, {<r9=>0x0}]})
ioctl$DRM_IOCTL_GET_CTX(r8, 0xc0086423, &(0x7f0000000080)={r9})
ioctl$DRM_IOCTL_UNLOCK(r4, 0x4008642b, &(0x7f00000003c0)={r9, 0xf})
r10 = syz_open_dev$dri(&(0x7f0000000000), 0x50dd, 0x0)
r11 = openat$drirender128(0xffffffffffffff9c, &(0x7f0000000340), 0x88800, 0x0)
ioctl$DRM_IOCTL_PRIME_FD_TO_HANDLE(r11, 0xc00c642e, &(0x7f0000000440))
ioctl$DRM_IOCTL_SET_CLIENT_CAP(r10, 0x4010640d, &(0x7f0000000080)={0x5})
syz_open_dev$dri(&(0x7f0000000040), 0x4a, 0x103d82)

413.732354ms ago: executing program 0 (id=48060):
r0 = syz_open_dev$dri(&(0x7f0000000040), 0x101, 0x486083)
r1 = syz_open_dev$dri(&(0x7f0000000000), 0x3, 0xa000)
r2 = syz_open_dev$dri(&(0x7f0000000000), 0xfffffffffffffffc, 0x0)
r3 = syz_open_dev$dri(&(0x7f0000000000), 0x50dd, 0x0)
ioctl$DRM_IOCTL_WAIT_VBLANK(r3, 0xc018643a, &(0x7f0000000cc0)={0x10000000, 0xc0, 0x6})
ioctl$DRM_IOCTL_AUTH_MAGIC(0xffffffffffffffff, 0x40046411, 0x0)
ioctl$DRM_IOCTL_MODE_CREATEPROPBLOB(r2, 0xc01064bd, &(0x7f0000000180)={&(0x7f00000002c0)="7c2772857a834be7ae4d44d447cf9005999d5e56438892322b2223a8aaaf9e9f14a4b2fd8f003c5fc63d45c1284d4415120f0f47da6951fb126bf521dc909d6e7ec264529cc196ac9ee1382d36f63eda11484bd7668d5ccf64cf963a2818cfc4fa70eac3ef17b361938f4e7f0057adae5fcf13357a6af880bf70e132cc8655cfc24841ec657da1d381584e00fe0891949c717f9fc004f503131ab7f85d821ba515686ef591c936b83138f07a919898a2b2e185a9304096ee40961b37d5286ce929f7748dc815b0b361a5f23ea29b2487539858a686598c37b51c4f5929a929809aed8f41c1e691c5d2acfa5064962f9ef07b4d83b0274b20a9af3425cbce14061621c1d8d6c60de4608f9cd07333b7d7206d921ffc1c8556012929fe45c31c835fd2245adcf082bc0bae3ff571dde4738efede587011268ff6f7fb751dd364215dc12db0f719cda5a655fc7f3a73fa586b8ea72c3d0380f512721c3f1567ca41ad4a18", 0x163})
ioctl$DRM_IOCTL_MODE_GETRESOURCES(r1, 0xc04064a0, &(0x7f0000000180)={0x0, &(0x7f0000000080)=[<r4=>0x0], 0x0, 0x0, 0x0, 0x1})
ioctl$DRM_IOCTL_MODE_SETGAMMA(r1, 0xc02064a5, &(0x7f0000000280)={r4, 0x0, 0x0, 0x0, 0x0})
ioctl$DRM_IOCTL_AUTH_MAGIC(r1, 0x40046411, &(0x7f00000000c0)=0xa)
ioctl$DRM_IOCTL_MODE_GETPLANE(r0, 0xc02064b6, &(0x7f0000000080)={0x0, 0x0, 0x0, 0x0, 0x0, 0x0, 0x0})

409.040601ms ago: executing program 3 (id=48061):
r0 = syz_open_dev$dri(&(0x7f00000000c0), 0x10, 0x40001)
syz_open_dev$dri(0xfffffffffffffffd, 0x81, 0x30d001)
ioctl$DRM_IOCTL_MODE_ADDFB(r0, 0xc01c64ae, &(0x7f0000000040)={0x0, 0x2000, 0x1, 0x1000, 0x18, 0x18, 0x5})
r1 = syz_open_dev$dri(&(0x7f0000000300), 0xfffffffffffffffa, 0xe500)
r2 = syz_open_dev$dri(&(0x7f0000000000), 0x2, 0x1)
ioctl$DRM_IOCTL_MODE_ADDFB(r2, 0xc01c64ae, &(0x7f0000000040)={0x0, 0x7, 0x1, 0x1000, 0x18, 0x18, 0x5})
r3 = syz_open_dev$dri(&(0x7f0000000000), 0x2, 0x1)
ioctl$DRM_IOCTL_GET_CAP(r0, 0xc010640c, &(0x7f0000000100)={0x7})
ioctl$DRM_IOCTL_MODE_CREATE_DUMB(r3, 0xc02064b2, &(0x7f0000000080)={0x9, 0x8, 0x2})
ioctl$DRM_IOCTL_SYNCOBJ_TIMELINE_SIGNAL(0xffffffffffffffff, 0xc01864cd, &(0x7f0000000380)={&(0x7f0000000300), &(0x7f0000000340)})
ioctl$DRM_IOCTL_PRIME_HANDLE_TO_FD(r2, 0xc00c642d, &(0x7f0000000140)={0x0, 0x80000, <r4=>0xffffffffffffffff})
ioctl$DRM_IOCTL_SYNCOBJ_CREATE(r3, 0xc00864bf, &(0x7f0000000180)={<r5=>0x0})
ioctl$DRM_IOCTL_SYNCOBJ_WAIT(r4, 0xc02864c3, &(0x7f0000000200)={&(0x7f00000001c0)=[r5], 0x6, 0x1, 0x5})
ioctl$DRM_IOCTL_SYNCOBJ_FD_TO_HANDLE_FD(0xffffffffffffffff, 0xc01864c2, &(0x7f0000000480)={<r6=>0x0})
ioctl$DRM_IOCTL_SYNCOBJ_SIGNAL(0xffffffffffffffff, 0xc01064c5, &(0x7f0000000500)={&(0x7f00000004c0)=[0x0, 0x0, 0x0, r6], 0x4})
ioctl$DRM_IOCTL_SYNCOBJ_FD_TO_HANDLE_FD(r3, 0xc01864c2, &(0x7f0000000240)={<r7=>0x0})
r8 = syz_open_dev$dri(&(0x7f0000000000), 0xfffffffffffffffc, 0x0)
ioctl$DRM_IOCTL_MODE_GETCONNECTOR(r8, 0xc05064a7, &(0x7f0000000340)={0x0, 0x0, 0x0, 0x0})
ioctl$DRM_IOCTL_SYNCOBJ_WAIT(r1, 0xc02864c3, &(0x7f0000000340)={&(0x7f00000002c0)=[r6, 0x0, 0x0, r7, 0x0, r5, r6], 0xffffffff, 0x31a, 0x5})

328.936006ms ago: executing program 1 (id=48062):
r0 = syz_open_dev$dri(&(0x7f0000000040), 0x3, 0xa000)
ioctl$DRM_IOCTL_MODE_GETRESOURCES(r0, 0xc04064a0, &(0x7f0000000180)={0x0, &(0x7f0000000080)=[<r1=>0x0], 0x0, 0x0, 0x0, 0x1})
r2 = syz_open_dev$dri(&(0x7f0000000000), 0x50dd, 0x0)
r3 = syz_open_dev$dri(&(0x7f0000000180), 0x0, 0x1)
ioctl$DRM_IOCTL_MODE_CREATE_DUMB(r3, 0xc02064b2, &(0x7f0000000240)={0x9, 0x8000, 0x7})
ioctl$DRM_IOCTL_MODE_CURSOR(r2, 0xc01c64a3, &(0x7f00000000c0)={0x1, r1, 0x7, 0xfffffffb, 0x3, 0x0, 0x9})
r4 = syz_open_dev$I2C(&(0x7f0000000700), 0x0, 0x840000)
ioctl$I2C_SMBUS(r4, 0x401c5820, &(0x7f0000000180)={0x9, 0xff, 0x8000006, 0x0})
ioctl$DRM_IOCTL_MODE_GETFB2(r2, 0xc06864ce, 0x0)
ioctl$DRM_IOCTL_WAIT_VBLANK(r2, 0xc018643a, &(0x7f0000000cc0)={0x10000000, 0x100ae1, 0x6})
ioctl$DRM_IOCTL_MODE_SETGAMMA(r0, 0xc02064a5, &(0x7f0000000280)={r1, 0x0, 0x0, 0x0, 0x0})
ioctl$DRM_IOCTL_SET_CLIENT_CAP(r2, 0x4010640d, &(0x7f0000000100)={0x3})

315.368884ms ago: executing program 0 (id=48063):
r0 = syz_open_dev$dri(&(0x7f0000000000), 0x2, 0x20001)
r1 = syz_open_dev$I2C(&(0x7f0000000000), 0x0, 0x848800)
ioctl$I2C_RDWR(r1, 0x707, &(0x7f0000000080)={0x0})
ioctl$DRM_IOCTL_MODE_CREATE_DUMB(r0, 0xc02064b2, &(0x7f0000000180)={0x2, 0x8, 0x9, 0x0, <r2=>0x0})
ioctl$DRM_IOCTL_MODE_MAP_DUMB(r0, 0xc01064d2, &(0x7f0000000140)={r2, 0x3f00})
r3 = syz_open_dev$dri(&(0x7f0000000000), 0x2, 0x1)
ioctl$DRM_IOCTL_MODE_ADDFB(r3, 0xc01c64ae, &(0x7f0000000040)={0x0, 0x2000, 0x1, 0x1000, 0x18, 0x18, 0x5})
r4 = syz_open_dev$dri(&(0x7f0000000300), 0xfffffffffffffffa, 0xe500)
r5 = syz_open_dev$dri(&(0x7f0000000000), 0x2, 0x1)
ioctl$DRM_IOCTL_MODE_ADDFB(r5, 0xc01c64ae, &(0x7f0000000040)={0x0, 0x7, 0x1, 0x1000, 0x18, 0x18, 0x5})
r6 = syz_open_dev$dri(&(0x7f0000000080), 0x17, 0x8000)
ioctl$DRM_IOCTL_MODE_GETRESOURCES(r6, 0xc04064a0, &(0x7f0000000240)={0x0, &(0x7f00000000c0)=[<r7=>0x0], 0x0, 0x0, 0x0, 0x1})
ioctl$DRM_IOCTL_MODE_GETCRTC(r6, 0xc06864a1, &(0x7f0000000140)={0x0, 0x0, r7, <r8=>0x0})
ioctl$DRM_IOCTL_MODE_RMFB(r6, 0xc00464af, &(0x7f0000000040)=r8)
r9 = syz_open_dev$dri(&(0x7f0000000000), 0x0, 0x100)
ioctl$DRM_IOCTL_SET_UNIQUE(r9, 0x40106410, &(0x7f0000000100)={0x0, 0x0})
r10 = syz_open_dev$dri(&(0x7f0000000000), 0x2, 0x1)
ioctl$DRM_IOCTL_GET_CAP(r3, 0xc010640c, &(0x7f0000000100)={0x7})
ioctl$DRM_IOCTL_MODE_CREATE_DUMB(r10, 0xc02064b2, &(0x7f0000000080)={0x9, 0x8, 0x2})
ioctl$DRM_IOCTL_SYNCOBJ_TIMELINE_SIGNAL(0xffffffffffffffff, 0xc01864cd, &(0x7f0000000380)={&(0x7f0000000300), &(0x7f0000000340)})
ioctl$DRM_IOCTL_SYNCOBJ_FD_TO_HANDLE_FD(0xffffffffffffffff, 0xc01864c2, 0x0)
ioctl$DRM_IOCTL_SYNCOBJ_SIGNAL(0xffffffffffffffff, 0xc01064c5, 0x0)
ioctl$DRM_IOCTL_SYNCOBJ_FD_TO_HANDLE_FD(r10, 0xc01864c2, &(0x7f0000000240)={<r11=>0x0})
ioctl$DRM_IOCTL_SYNCOBJ_WAIT(r4, 0xc02864c3, &(0x7f0000000340)={&(0x7f0000000280)=[0x0, 0x0, 0x0, 0x0, 0x0, r11], 0xffffffff, 0x6, 0x4})
ioctl$DRM_IOCTL_MODE_DESTROY_DUMB(r0, 0xc00464b4, &(0x7f0000000080)={r2})

233.107137ms ago: executing program 3 (id=48064):
r0 = syz_open_dev$dri(&(0x7f0000000000), 0x1, 0x80000)
ioctl$DRM_IOCTL_SYNCOBJ_CREATE(0xffffffffffffffff, 0xc00864bf, &(0x7f0000000040)={<r1=>0x0})
ioctl$DRM_IOCTL_SYNCOBJ_DESTROY(r0, 0xc00864c0, &(0x7f0000000080)={r1})
r2 = syz_open_dev$dri(&(0x7f0000000000), 0x2, 0x1)
r3 = syz_open_dev$dri(&(0x7f0000000300), 0xfffffffffffffffa, 0x40800)
ioctl$DRM_IOCTL_MODE_GETCONNECTOR(r3, 0xc05064a7, &(0x7f0000000f00)={0x0, 0x0, 0x0, 0x0})
ioctl$DRM_IOCTL_MODE_GETRESOURCES(r2, 0xc04064a0, &(0x7f0000000580)={0x0, &(0x7f00000004c0)=[<r4=>0x0], 0x0, 0x0, 0x0, 0x1})
ioctl$DRM_IOCTL_MODE_GETFB2(r0, 0xc06864ce, &(0x7f0000000380)={0x0, 0x4, 0x0, 0x1, 0x3, [0x0, 0x0, 0x0, <r5=>0x0], [0x7bc1e4c, 0x3ccf600f, 0x2, 0x9], [0x0, 0x8, 0x7, 0x1f], [0x83d, 0x7fffffff, 0x2, 0x9]})
ioctl$DRM_IOCTL_PRIME_HANDLE_TO_FD(r2, 0xc00c642d, &(0x7f0000000100)={r5, 0x80000, <r6=>0xffffffffffffffff})
r7 = syz_open_dev$dri(&(0x7f0000000000), 0x1, 0x80000)
ioctl$DRM_IOCTL_GEM_CLOSE(r7, 0x40086409, 0x0)
ioctl$DRM_IOCTL_MODE_ATOMIC(r7, 0xc03864bc, &(0x7f0000000280)={0x400, 0x0, 0x0, 0x0, 0x0, 0x0, 0x0, 0x4})
r8 = syz_open_dev$dri(&(0x7f0000000300), 0xfffffffffffffffa, 0xe500)
r9 = syz_open_dev$dri(&(0x7f0000000000), 0x2, 0x1)
ioctl$DRM_IOCTL_MODE_CREATE_DUMB(r9, 0xc02064b2, &(0x7f0000000080)={0x9, 0x8, 0x2, 0x0, <r10=>0x0})
ioctl$DRM_IOCTL_SYNCOBJ_FD_TO_HANDLE_FD(r9, 0xc01864c2, &(0x7f0000000240)={<r11=>0x0})
ioctl$DRM_IOCTL_SYNCOBJ_WAIT(r8, 0xc02864c3, &(0x7f0000000340)={&(0x7f0000000280)=[0x0, 0x0, 0x0, 0x0, 0x0, r11], 0xffffffff, 0x6, 0x4})
ioctl$DRM_IOCTL_SYNCOBJ_TIMELINE_SIGNAL(r6, 0xc01864cd, &(0x7f00000001c0)={&(0x7f0000000140)=[r1, r11, r1, r1, r1, r1, r1, r1, r1, r1], &(0x7f0000000180)=[0xf4c, 0xfffffffffffffff9], 0xa, 0x1})
syz_open_dev$dri(0x0, 0x1, 0x2000)
ioctl$DRM_IOCTL_MODE_GETRESOURCES(0xffffffffffffffff, 0xc04064a0, 0x0)
ioctl$DRM_IOCTL_MODE_DESTROY_DUMB(r0, 0xc00464b4, &(0x7f0000000200)={r10})
ioctl$DRM_IOCTL_MODE_CREATE_LEASE(r0, 0xc01864c6, &(0x7f0000000600)={&(0x7f00000005c0)=[r4, r4], 0x2})
syz_open_dev$dri(&(0x7f00000000c0), 0x8, 0x4000)

158.801056ms ago: executing program 3 (id=48065):
r0 = syz_open_dev$I2C(&(0x7f0000000a00), 0x0, 0x1)
ioctl$I2C_RDWR(r0, 0x707, &(0x7f0000000600)={&(0x7f0000000700)=[{0xf4, 0x1401, 0x0, 0x0}], 0x1})

134.908106ms ago: executing program 0 (id=48066):
r0 = syz_open_dev$dri(&(0x7f0000000000), 0x2, 0x3)
ioctl$DRM_IOCTL_MODE_ADDFB(r0, 0xc01c64ae, &(0x7f0000000040)={0x0, 0x2000, 0x1, 0x1000, 0x18, 0x18, 0x5}) (async)
r1 = syz_open_dev$dri(&(0x7f0000000300), 0xfffffffffffffffa, 0xe500) (async, rerun: 32)
ioctl$DRM_IOCTL_GET_CAP(r0, 0xc010640c, 0x0) (async, rerun: 32)
ioctl$DRM_IOCTL_MODE_CREATE_DUMB(0xffffffffffffffff, 0xc02064b2, &(0x7f0000000080)={0x9, 0x8, 0x2})
r2 = syz_open_dev$I2C(&(0x7f0000000380), 0x0, 0x101)
ioctl$I2C_FUNCS(r2, 0x705, 0x0) (async)
r3 = syz_open_dev$dri(&(0x7f0000000080), 0x17, 0x8000)
ioctl$DRM_IOCTL_MODE_SETPLANE(r3, 0xc03064b7, &(0x7f0000000680)={0x0, 0x0, 0x0, 0x8, 0x2, 0x6, 0x0, 0x0, 0x4, 0x4, 0x8, 0x1})
ioctl$DRM_IOCTL_SYNCOBJ_SIGNAL(0xffffffffffffffff, 0xc01064c5, &(0x7f0000000500)={&(0x7f00000004c0)=[0x0, 0x0, 0x0], 0x3}) (async)
r4 = syz_open_dev$I2C(&(0x7f0000000280), 0x0, 0x22000)
ioctl$I2C_SLAVE_FORCE(r4, 0x706, 0x7fffffff) (async, rerun: 64)
ioctl$DRM_IOCTL_SYNCOBJ_FD_TO_HANDLE_FD(0xffffffffffffffff, 0xc01864c2, 0x0) (async, rerun: 64)
r5 = syz_open_dev$dri(&(0x7f0000000000), 0xfffffffffffffffc, 0x0) (async)
r6 = syz_open_dev$dri(0x0, 0x0, 0x0)
ioctl$DRM_IOCTL_MODE_LIST_LESSEES(r6, 0xc01064c7, 0x0) (async)
ioctl$DRM_IOCTL_MODE_CREATEPROPBLOB(r5, 0xc01064bd, &(0x7f0000000180)={&(0x7f0000000080)="7c2772857a834be7ae4d44d445cf9005999d5e56438892322b2223a8aaaf9e9f14a4b2fd8f003c5fc63d45c1284d4415120f0f47da6951fb126bf521dc909d6e7ec264529cc196ac9ee1382d36f63eda11484bd7668d5ccf64cf963a2818cfc4fa70eac3ef17b361938f4e7f0057adae5fcf13357a6af880bf70e132cc8655cfc24841ec657da1d381584e00fe0891949c717f9fc004f503131ab7f85d821ba515686ef591c936b831c077a03a13cd7894151eef069b62a937663176b4a373018f", 0x2000000})
ioctl$DRM_IOCTL_RES_CTX(0xffffffffffffffff, 0xc0106426, &(0x7f0000000040)={0x2, &(0x7f0000000000)=[{}, {<r7=>0x0}]})
ioctl$DRM_IOCTL_GET_CTX(r5, 0xc0086423, &(0x7f0000000080)={r7}) (async, rerun: 64)
r8 = syz_open_dev$dri(0xfffffffffffffffe, 0xf2b, 0x21ab43) (rerun: 64)
ioctl$DRM_IOCTL_GEM_OPEN(r5, 0xc010640b, &(0x7f00000001c0)={0x0, <r9=>0x0}) (async)
ioctl$DRM_IOCTL_MODE_CREATE_LEASE(0xffffffffffffffff, 0xc01864c6, &(0x7f0000000280)={&(0x7f0000000240), 0x0, 0x800}) (async)
r10 = syz_open_dev$dri(&(0x7f0000000000), 0xfffffffffffffffc, 0x0)
ioctl$DRM_IOCTL_MODE_CREATEPROPBLOB(r10, 0xc01064bd, &(0x7f0000000180)={&(0x7f0000000080)="7c2772857a834be7ae4d44d445cf9005999d5e56438892322b2223a8aaaf9e9f14a4b2fd8f003c5fc63d45c1284d4415120f0f47da6951fb126bf521dc909d6e7ec264529cc196ac9ee1382d36f63eda11484bd7668d5ccf64cf963a2818cfc4fa70eac3ef17b361938f4e7f0057adae5fcf13357a6af880bf70e132cc8655cfc24841ec657da1d381584e00fe0891949c717f9fc004f503131ab7f85d821ba515686ef591c936b831c077a03a13cd7894151eef069b62a937663176b4a373018f", 0x2000000}) (async, rerun: 64)
r11 = syz_open_dev$dri(0x0, 0x1, 0x2000) (async, rerun: 64)
r12 = openat$drirender128(0xffffffffffffff9c, &(0x7f0000000200), 0x80, 0x0)
ioctl$DRM_IOCTL_SET_MASTER(r12, 0x641e) (async)
ioctl$DRM_IOCTL_MODE_GETGAMMA(r11, 0xc02064a4, &(0x7f00000001c0)={0x0, 0x0, 0x0, 0x0, 0x0})
ioctl$DRM_IOCTL_GEM_CLOSE(r8, 0x40086409, &(0x7f0000000200)={r9})
ioctl$DRM_IOCTL_SYNCOBJ_WAIT(r1, 0xc02864c3, &(0x7f0000000340)={&(0x7f0000000280), 0xffffffff, 0x0, 0x4})

411.564µs ago: executing program 0 (id=48067):
ioctl$DRM_IOCTL_PRIME_HANDLE_TO_FD(0xffffffffffffffff, 0xc00c642d, &(0x7f0000000080)={0x0, 0x80000, <r0=>0xffffffffffffffff})
ioctl$DRM_IOCTL_IRQ_BUSID(r0, 0xc0106403, &(0x7f00000000c0)={0x0, 0xff, 0x5, 0x6})
r1 = syz_open_dev$dri(&(0x7f0000000000), 0xfffffffffffffffc, 0x0)
ioctl$DRM_IOCTL_MODE_CREATEPROPBLOB(r1, 0xc01064bd, &(0x7f0000000180)={&(0x7f0000000080)="7c2772857a834be7ae4d44d445cf9005999d5e56438892322b2223a8aaaf9e9f14a4b2fd8f003c5fc63d45c1284d4415120f0f47da6951fb126bf521dc909d6e7ec264529cc196ac9ee1382d36f63eda11484bd7668d5ccf64cf963a2818cfc4fa70eac3ef17b361938f4e7f0057adae5fcf13357a6af880bf70e132cc8655cfc24841ec657da1d381584e00fe0891949c717f9fc004f503131ab7f85d821ba515686ef591c936b831c077a03a13cd7894151eef069b62a937663176b4a373018f", 0x2000000, <r2=>0x0})
ioctl$DRM_IOCTL_RES_CTX(0xffffffffffffffff, 0xc0106426, &(0x7f0000000040)={0x2, &(0x7f0000000000)=[{}, {<r3=>0x0}]})
ioctl$DRM_IOCTL_GET_CTX(r1, 0xc0086423, &(0x7f0000000080)={r3})
ioctl$DRM_IOCTL_RM_CTX(r0, 0xc0086421, &(0x7f0000000100)={r3, 0x3})
r4 = syz_open_dev$dri(&(0x7f0000000000), 0x3fffc0, 0x48000)
ioctl$DRM_IOCTL_MODE_CREATE_DUMB(r4, 0xc02064b2, &(0x7f0000000040)={0x7, 0x1, 0x7})
syz_open_dev$dri(&(0x7f0000000000), 0xfffffffffffffffc, 0x0)
ioctl$DRM_IOCTL_MODE_ADDFB(r1, 0xc01c64ae, &(0x7f00000001c0)={0x0, 0x2, 0x9, 0x8, 0x6, 0x9, 0x6025})
r5 = syz_open_dev$dri(&(0x7f0000000000), 0x50dd, 0x0)
ioctl$DRM_IOCTL_MODE_DESTROYPROPBLOB(r0, 0xc00464be, &(0x7f0000000200)={r2})
ioctl$DRM_IOCTL_MODE_ADDFB2(r5, 0xc06864b8, &(0x7f0000000380)={0x0, 0x6e, 0x8, 0x3, 0x1, [], [0x8, 0x4, 0x84, 0x11], [0x101, 0x5, 0x800, 0xb], [0x0, 0x9, 0x7, 0x3]})
ioctl$DRM_IOCTL_MODE_DESTROY_DUMB(r4, 0xc00464b4, &(0x7f0000000780))

0s ago: executing program 3 (id=48068):
r0 = syz_open_dev$dri(&(0x7f0000000000), 0x1, 0x2000)
r1 = syz_open_dev$dri(&(0x7f0000000180), 0x0, 0x1)
r2 = syz_open_dev$I2C(&(0x7f00000000c0), 0x0, 0x101400)
ioctl$I2C_SMBUS(r2, 0x720, &(0x7f0000000140)={0x1, 0x7, 0x4, &(0x7f0000000100)={0x5, "86ac7ff43d18ddd0b9b005f666a773ebbc780fc769df62139d7b3d15035f4b161d"}})
ioctl$DRM_IOCTL_MODE_RMFB(r1, 0xc00464af, &(0x7f00000002c0))
ioctl$DRM_IOCTL_MODE_GETGAMMA(r0, 0xc02064a4, &(0x7f00000001c0)={0x0, 0x0, 0x0, 0x0, 0x0})
r3 = syz_open_dev$dri(&(0x7f0000000000), 0x2, 0x40)
r4 = syz_open_dev$I2C(&(0x7f0000000a00), 0x0, 0x101000)
ioctl$I2C_RETRIES(r4, 0x701, 0xfffffffffffffff8)
ioctl$DRM_IOCTL_MODE_CREATE_LEASE(r3, 0xc01864c6, &(0x7f0000000240)={&(0x7f0000000200)=[0x0, 0x0, 0x0, 0x0, 0x0, 0x0], 0x6, 0x800})
r5 = syz_open_dev$I2C(&(0x7f0000000000), 0x0, 0x848800)
r6 = syz_open_dev$dri(&(0x7f0000000000), 0x200, 0x100)
r7 = syz_open_dev$dri(&(0x7f0000000000), 0x2, 0x1)
r8 = syz_open_dev$dri(&(0x7f0000000000), 0x2, 0x1)
ioctl$DRM_IOCTL_MODE_GETRESOURCES(r8, 0xc04064a0, &(0x7f0000000580)={0x0, &(0x7f00000004c0)=[<r9=>0x0], 0x0, 0x0, 0x0, 0x1})
ioctl$DRM_IOCTL_MODE_GETCRTC(r7, 0xc06864a1, &(0x7f0000000180)={0x0, 0x0, r9, <r10=>0x0})
ioctl$DRM_IOCTL_MODE_SETCRTC(r7, 0xc06864a2, &(0x7f0000000a40)={0x0, 0x0, r9, r10, 0x0, 0x401, 0x8001, 0x7fff, {0x2, 0xee66, 0x5, 0x6, 0xc5b, 0x2, 0x8, 0x3, 0x8001, 0x1ff, 0x3, 0x3ff, 0x9, 0x2, "f3ca996247976557c2828fa84352005a759f76bfadb2fb30c239bcad2f2b8859"}})
ioctl$DRM_IOCTL_MODE_GETCRTC(r7, 0xc06864a1, &(0x7f0000000300)={0x0, 0xfffffffffffffd4b, r9})
ioctl$DRM_IOCTL_SYNCOBJ_CREATE(r6, 0xc00864bf, &(0x7f0000000040))
ioctl$I2C_RDWR(r5, 0x707, &(0x7f0000000080)={&(0x7f0000002440), 0x1})

kernel console output (not intermixed with test programs):

87]  ? drm_property_create_blob.part.0+0x34/0x320
[ 3087.652666][T151987]  ? drm_property_create_blob.part.0+0x34/0x320
[ 3087.652696][T151987]  ? drm_property_create_blob.part.0+0x34/0x320
[ 3087.652718][T151987]  drm_property_create_blob.part.0+0x34/0x320
[ 3087.652744][T151987]  drm_mode_createblob_ioctl+0x139/0x490
[ 3087.652804][T151987]  drm_ioctl_kernel+0x1ed/0x3e0
[ 3087.652821][T151987]  ? __pfx_drm_mode_createblob_ioctl+0x10/0x10
[ 3087.652846][T151987]  ? __pfx_drm_ioctl_kernel+0x10/0x10
[ 3087.652870][T151987]  drm_ioctl+0x574/0xb90
[ 3087.652889][T151987]  ? __pfx_drm_mode_createblob_ioctl+0x10/0x10
[ 3087.652914][T151987]  ? __pfx_drm_ioctl+0x10/0x10
[ 3087.652931][T151987]  ? hook_file_ioctl_common+0x146/0x3f0
[ 3087.652959][T151987]  ? __fget_files+0x1fb/0x3b0
[ 3087.652982][T151987]  ? __pfx_drm_ioctl+0x10/0x10
[ 3087.653000][T151987]  __x64_sys_ioctl+0x18f/0x210
[ 3087.653021][T151987]  do_syscall_64+0xcb/0xfa0
[ 3087.653107][T151987]  entry_SYSCALL_64_after_hwframe+0x77/0x7f
[ 3087.653125][T151987] RIP: 0033:0x7f056b3b059d
[ 3087.653141][T151987] Code: 02 b8 ff ff ff ff c3 66 0f 1f 44 00 00 f3 0f 1e fa 48 89 f8 48 89 f7 48 89 d6 48 89 ca 4d 89 c2 4d 89 c8 4c 8b 4c 24 08 0f 05 <48> 3d 01 f0 ff ff 73 01 c3 48 c7 c1 a8 ff ff ff f7 d8 64 89 01 48
[ 3087.653157][T151987] RSP: 002b:00007f056c1c9f98 EFLAGS: 00000246 ORIG_RAX: 0000000000000010
[ 3087.653175][T151987] RAX: ffffffffffffffda RBX: 00007f056b626090 RCX: 00007f056b3b059d
[ 3087.653187][T151987] RDX: 0000200000000180 RSI: 00000000c01064bd RDI: 0000000000000006
[ 3087.653198][T151987] RBP: 00007f056b44e078 R08: 0000000000000000 R09: 0000000000000000
[ 3087.653208][T151987] R10: 0000000000000000 R11: 0000000000000246 R12: 0000000000000000
[ 3087.653218][T151987] R13: 00007f056b626128 R14: 00007f056b626090 R15: 00007f056c1aa000
[ 3087.653242][T151987]  </TASK>
[ 3087.653251][T151987] Mem-Info:
[ 3087.902836][T151987] active_anon:6915 inactive_anon:0 isolated_anon:0
[ 3087.902836][T151987]  active_file:19262 inactive_file:65766 isolated_file:0
[ 3087.902836][T151987]  unevictable:2536 dirty:3265 writeback:0
[ 3087.902836][T151987]  slab_reclaimable:14200 slab_unreclaimable:66154
[ 3087.902836][T151987]  mapped:32124 shmem:3570 pagetables:1346
[ 3087.902836][T151987]  sec_pagetables:0 bounce:0
[ 3087.902836][T151987]  kernel_misc_reclaimable:0
[ 3087.902836][T151987]  free:444321 free_pcp:14697 free_cma:0
[ 3087.933017][T151987] Node 0 active_anon:10552kB inactive_anon:0kB active_file:33288kB inactive_file:196924kB unevictable:5072kB isolated(anon):0kB isolated(file):0kB mapped:58796kB dirty:4512kB writeback:0kB shmem:7056kB shmem_thp:0kB shmem_pmdmapped:0kB anon_thp:0kB kernel_stack:6160kB pagetables:2964kB sec_pagetables:0kB all_unreclaimable? no Balloon:0kB
[ 3087.955071][T151987] Node 1 active_anon:17108kB inactive_anon:0kB active_file:43760kB inactive_file:66140kB unevictable:5072kB isolated(anon):0kB isolated(file):0kB mapped:69576kB dirty:8548kB writeback:0kB shmem:7224kB shmem_thp:0kB shmem_pmdmapped:0kB anon_thp:0kB kernel_stack:6128kB pagetables:2544kB sec_pagetables:0kB all_unreclaimable? no Balloon:0kB
[ 3087.976918][T151987] Node 0 DMA free:15016kB boost:0kB min:452kB low:564kB high:676kB reserved_highatomic:0KB free_highatomic:0KB active_anon:0kB inactive_anon:0kB active_file:0kB inactive_file:0kB unevictable:0kB writepending:0kB zspages:0kB present:15992kB managed:15360kB mlocked:0kB bounce:0kB free_pcp:320kB local_pcp:88kB free_cma:0kB
[ 3088.001592][T151987] lowmem_reserve[]: 0 1176 1176 1176 1176
[ 3088.006063][T151987] Node 0 DMA32 free:537508kB boost:4096kB min:38932kB low:47640kB high:56348kB reserved_highatomic:0KB free_highatomic:0KB active_anon:10428kB inactive_anon:0kB active_file:33288kB inactive_file:196924kB unevictable:5072kB writepending:4512kB zspages:0kB present:2080772kB managed:1204832kB mlocked:0kB bounce:0kB free_pcp:13008kB local_pcp:1624kB free_cma:0kB
[ 3088.029718][T151987] lowmem_reserve[]: 0 0 0 0 0
[ 3088.033257][T151987] Node 1 DMA32 free:890424kB boost:0kB min:29136kB low:36420kB high:43704kB reserved_highatomic:0KB free_highatomic:0KB active_anon:1788kB inactive_anon:0kB active_file:25276kB inactive_file:24780kB unevictable:0kB writepending:7168kB zspages:0kB present:1048444kB managed:982908kB mlocked:0kB bounce:0kB free_pcp:30256kB local_pcp:9084kB free_cma:0kB
[ 3088.067005][T151987] lowmem_reserve[]: 0 0 846 846 846
[ 3088.070964][T151987] Node 1 Normal free:337540kB boost:0kB min:25680kB low:32100kB high:38520kB reserved_highatomic:0KB free_highatomic:0KB active_anon:15320kB inactive_anon:0kB active_file:18484kB inactive_file:41360kB unevictable:5072kB writepending:1364kB zspages:0kB present:1048576kB managed:866440kB mlocked:0kB bounce:0kB free_pcp:8020kB local_pcp:1468kB free_cma:0kB
[ 3088.092342][T151987] lowmem_reserve[]: 0 0 0 0 0
[ 3088.096219][T151987] Node 0 DMA: 2*4kB (U) 3*8kB (U) 2*16kB (U) 2*32kB (U) 1*64kB (U) 4*128kB (U) 4*256kB (U) 4*512kB (U) 5*1024kB (U) 1*2048kB (U) 1*4096kB (U) = 15040kB
[ 3088.108078][T151987] Node 0 DMA32: 1531*4kB (UME) 2119*8kB (UME) 381*16kB (UME) 326*32kB (UME) 542*64kB (UME) 328*128kB (UME) 327*256kB (UME) 250*512kB (UME) 205*1024kB (UME) 0*2048kB 0*4096kB = 537908kB
[ 3088.119310][T151987] Node 1 DMA32: 112*4kB (UM) 67*8kB (UM) 41*16kB (UM) 41*32kB (UM) 5*64kB (UM) 8*128kB (UM) 4*256kB (UM) 3*512kB (UM) 3*1024kB (UM) 0*2048kB 209*4096kB (UM) = 865992kB
[ 3088.130107][T151987] Node 1 Normal: 126*4kB (UME) 277*8kB (UE) 90*16kB (UE) 154*32kB (UE) 217*64kB (UE) 333*128kB (U) 226*256kB (UE) 142*512kB (UE) 138*1024kB (U) 0*2048kB 0*4096kB = 337472kB
[ 3088.142576][T151987] Node 0 hugepages_total=2 hugepages_free=2 hugepages_surp=0 hugepages_size=2048kB
[ 3088.148178][T151987] Node 1 hugepages_total=2 hugepages_free=2 hugepages_surp=0 hugepages_size=2048kB
[ 3088.154910][T151987] 88601 total pagecache pages
[ 3088.157843][T151987] 0 pages in swap cache
[ 3088.160956][T151987] Free swap  = 124996kB
[ 3088.163715][T151987] Total swap = 124996kB
[ 3088.166072][T151987] 1048446 pages RAM
[ 3088.168456][T151987] 0 pages HighMem/MovableOnly
[ 3088.172205][T151987] 281061 pages reserved
[ 3088.175014][T151987] 0 pages cma reserved
[ 3088.748965][T51775] Bluetooth: hci4: unexpected cc 0x0c03 length: 249 > 1
[ 3088.757874][T51775] Bluetooth: hci4: unexpected cc 0x1003 length: 249 > 9
[ 3088.777394][T51775] Bluetooth: hci4: unexpected cc 0x1001 length: 249 > 9
[ 3088.850880][T51775] Bluetooth: hci4: unexpected cc 0x0c23 length: 249 > 4
[ 3088.871595][T51775] Bluetooth: hci4: unexpected cc 0x0c38 length: 249 > 2
[ 3089.487403][T126090] netdevsim netdevsim3 netdevsim3 (unregistering): unset [1, 0] type 2 family 0 port 6081 - 0
[ 3089.647919][T126090] netdevsim netdevsim3 netdevsim2 (unregistering): unset [1, 0] type 2 family 0 port 6081 - 0
[ 3089.814723][T126090] netdevsim netdevsim3 netdevsim1 (unregistering): unset [1, 0] type 2 family 0 port 6081 - 0
[ 3089.921946][    C0] vkms_vblank_simulate: vblank timer overrun
[ 3090.011464][    C0] vkms_vblank_simulate: vblank timer overrun
[ 3090.066324][    C0] vkms_vblank_simulate: vblank timer overrun
[ 3090.113233][T126090] netdevsim netdevsim3 netdevsim0 (unregistering): unset [1, 0] type 2 family 0 port 6081 - 0
[ 3090.409714][T152031] chnl_net:caif_netlink_parms(): no params data found
[ 3090.590827][T126090] bridge_slave_1: left allmulticast mode
[ 3090.599742][T126090] bridge_slave_1: left promiscuous mode
[ 3090.604423][T126090] bridge0: port 2(bridge_slave_1) entered disabled state
[ 3090.623381][T126090] bridge_slave_0: left allmulticast mode
[ 3090.631510][T126090] bridge_slave_0: left promiscuous mode
[ 3090.639997][T126090] bridge0: port 1(bridge_slave_0) entered disabled state
[ 3091.014286][    C0] vkms_vblank_simulate: vblank timer overrun
[ 3091.042066][T149770] Bluetooth: hci4: command tx timeout
[ 3091.245310][T126090] bond0 (unregistering): (slave bond_slave_0): Releasing backup interface
[ 3091.270579][T126090] bond0 (unregistering): (slave bond_slave_1): Releasing backup interface
[ 3091.310581][T126090] bond0 (unregistering): Released all slaves
[ 3091.545299][T152031] bridge0: port 1(bridge_slave_0) entered blocking state
[ 3091.556152][T152031] bridge0: port 1(bridge_slave_0) entered disabled state
[ 3091.569493][T152031] bridge_slave_0: entered allmulticast mode
[ 3091.575435][T152031] bridge_slave_0: entered promiscuous mode
[ 3091.632897][T152031] bridge0: port 2(bridge_slave_1) entered blocking state
[ 3091.641634][T152031] bridge0: port 2(bridge_slave_1) entered disabled state
[ 3091.645284][T152031] bridge_slave_1: entered allmulticast mode
[ 3091.702525][T152031] bridge_slave_1: entered promiscuous mode
[ 3091.871062][T152031] bond0: (slave bond_slave_0): Enslaving as an active interface with an up link
[ 3091.880790][T152031] bond0: (slave bond_slave_1): Enslaving as an active interface with an up link
[ 3091.916076][T152031] team0: Port device team_slave_0 added
[ 3091.923022][T152031] team0: Port device team_slave_1 added
[ 3091.977122][T152031] batman_adv: batadv0: Adding interface: batadv_slave_0
[ 3091.980045][T152031] batman_adv: batadv0: The MTU of interface batadv_slave_0 is too small (1500) to handle the transport of batman-adv packets. Packets going over this interface will be fragmented on layer2 which could impact the performance. Setting the MTU to 1532 would solve the problem.
[ 3092.006480][T152031] batman_adv: batadv0: Not using interface batadv_slave_0 (retrying later): interface not active
[ 3092.025706][T126090] hsr_slave_0: left promiscuous mode
[ 3092.029324][T126090] hsr_slave_1: left promiscuous mode
[ 3092.033486][T126090] batman_adv: batadv0: Interface deactivated: batadv_slave_0
[ 3092.037623][T126090] batman_adv: batadv0: Removing interface: batadv_slave_0
[ 3092.044666][T126090] batman_adv: batadv0: Interface deactivated: batadv_slave_1
[ 3092.048067][T126090] batman_adv: batadv0: Removing interface: batadv_slave_1
[ 3092.073996][T126090] veth1_macvtap: left promiscuous mode
[ 3092.077277][T126090] veth0_macvtap: left promiscuous mode
[ 3092.079971][T126090] veth1_vlan: left promiscuous mode
[ 3092.084249][T126090] veth0_vlan: left promiscuous mode
[ 3092.570050][T126090] team0 (unregistering): Port device team_slave_1 removed
[ 3092.604583][T126090] team0 (unregistering): Port device team_slave_0 removed
[ 3092.994909][T152031] batman_adv: batadv0: Adding interface: batadv_slave_1
[ 3093.003514][T152031] batman_adv: batadv0: The MTU of interface batadv_slave_1 is too small (1500) to handle the transport of batman-adv packets. Packets going over this interface will be fragmented on layer2 which could impact the performance. Setting the MTU to 1532 would solve the problem.
[ 3093.026035][T152031] batman_adv: batadv0: Not using interface batadv_slave_1 (retrying later): interface not active
[ 3093.088757][T152031] hsr_slave_0: entered promiscuous mode
[ 3093.093052][T152031] hsr_slave_1: entered promiscuous mode
[ 3093.097507][T152031] debugfs: 'hsr0' already exists in 'hsr'
[ 3093.100273][T152031] Cannot create hsr debugfs directory
[ 3093.130899][T149770] Bluetooth: hci4: command tx timeout
[ 3093.776965][T152031] netdevsim netdevsim3 netdevsim0: renamed from eth0
[ 3093.787401][T152031] netdevsim netdevsim3 netdevsim1: renamed from eth1
[ 3093.799575][T152031] netdevsim netdevsim3 netdevsim2: renamed from eth2
[ 3093.813707][T152031] netdevsim netdevsim3 netdevsim3: renamed from eth3
[ 3093.898800][T152031] 8021q: adding VLAN 0 to HW filter on device bond0
[ 3093.920929][T152031] 8021q: adding VLAN 0 to HW filter on device team0
[ 3093.929349][T93174] bridge0: port 1(bridge_slave_0) entered blocking state
[ 3093.934111][T93174] bridge0: port 1(bridge_slave_0) entered forwarding state
[ 3093.948373][T93174] bridge0: port 2(bridge_slave_1) entered blocking state
[ 3093.954437][T93174] bridge0: port 2(bridge_slave_1) entered forwarding state
[ 3094.179434][T152031] 8021q: adding VLAN 0 to HW filter on device batadv0
[ 3094.244005][T152031] veth0_vlan: entered promiscuous mode
[ 3094.260207][T152031] veth1_vlan: entered promiscuous mode
[ 3094.325429][    C0] vkms_vblank_simulate: vblank timer overrun
[ 3094.375521][T152031] veth0_macvtap: entered promiscuous mode
[ 3094.386553][T152031] veth1_macvtap: entered promiscuous mode
[ 3094.415698][T152031] batman_adv: batadv0: Interface activated: batadv_slave_0
[ 3094.437262][T152031] batman_adv: batadv0: Interface activated: batadv_slave_1
[ 3094.463216][T126090] netdevsim netdevsim3 netdevsim0: set [1, 0] type 2 family 0 port 6081 - 0
[ 3094.481342][T126090] netdevsim netdevsim3 netdevsim1: set [1, 0] type 2 family 0 port 6081 - 0
[ 3094.502116][T126090] netdevsim netdevsim3 netdevsim2: set [1, 0] type 2 family 0 port 6081 - 0
[ 3094.510156][T126090] netdevsim netdevsim3 netdevsim3: set [1, 0] type 2 family 0 port 6081 - 0
[ 3094.657831][T133267] wlan0: Created IBSS using preconfigured BSSID 50:50:50:50:50:50
[ 3094.667295][T133267] wlan0: Creating new IBSS network, BSSID 50:50:50:50:50:50
[ 3094.750232][T145683] wlan1: Created IBSS using preconfigured BSSID 50:50:50:50:50:50
[ 3094.771026][T145683] wlan1: Creating new IBSS network, BSSID 50:50:50:50:50:50
[ 3095.204251][T149770] Bluetooth: hci4: command tx timeout
[ 3097.291178][T149770] Bluetooth: hci4: command tx timeout
[ 3098.255530][T152753] i2c i2c-0: Invalid block write size 137
[ 3099.437280][T152823] i2c i2c-0: Invalid block write size 137
[ 3100.040324][    C0] vkms_vblank_simulate: vblank timer overrun
[ 3100.499123][    C0] vkms_vblank_simulate: vblank timer overrun
[ 3100.660186][    C0] vkms_vblank_simulate: vblank timer overrun
[ 3100.936045][    C0] vkms_vblank_simulate: vblank timer overrun
[ 3100.993150][    C0] vkms_vblank_simulate: vblank timer overrun
[ 3101.421638][T152922] i2c i2c-0: Invalid block write size 137
[ 3101.493588][    C0] vkms_vblank_simulate: vblank timer overrun
[ 3105.360633][    C0] vkms_vblank_simulate: vblank timer overrun
[ 3107.092135][T153291] warn_alloc: 1 callbacks suppressed
[ 3107.092153][T153291] syz.0.45760: vmalloc error: size 35651584, failed to allocated page array size 69632, mode:0xdc2(GFP_KERNEL|__GFP_HIGHMEM|__GFP_ZERO), nodemask=(null),cpuset=/,mems_allowed=0-1
[ 3107.110630][T153291] CPU: 0 UID: 0 PID: 153291 Comm: syz.0.45760 Not tainted 6.18.0 #1 PREEMPT(full) 
[ 3107.110656][T153291] Hardware name: QEMU Standard PC (i440FX + PIIX, 1996), BIOS rel-1.16.3-0-ga6ed6b701f0a-prebuilt.qemu.org 04/01/2014
[ 3107.110668][T153291] Call Trace:
[ 3107.110675][T153291]  <TASK>
[ 3107.110683][T153291]  dump_stack_lvl+0x180/0x1b0
[ 3107.110715][T153291]  warn_alloc+0x211/0x360
[ 3107.110737][T153291]  ? __pfx_warn_alloc+0x10/0x10
[ 3107.110757][T153291]  ? __pfx_alloc_vmap_area+0x10/0x10
[ 3107.110781][T153291]  ? __get_vm_area_node+0x10c/0x340
[ 3107.110811][T153291]  ? drm_property_create_blob.part.0+0x34/0x320
[ 3107.110836][T153291]  ? __vmalloc_node_noprof+0xac/0xf0
[ 3107.110880][T153291]  __vmalloc_node_range_noprof+0xfaa/0x13b0
[ 3107.110918][T153291]  ? drm_property_create_blob.part.0+0x34/0x320
[ 3107.110950][T153291]  ? __pfx___vmalloc_node_range_noprof+0x10/0x10
[ 3107.110986][T153291]  __kvmalloc_node_noprof+0x41f/0x9d0
[ 3107.111009][T153291]  ? drm_property_create_blob.part.0+0x34/0x320
[ 3107.111034][T153291]  ? drm_property_create_blob.part.0+0x34/0x320
[ 3107.111063][T153291]  ? drm_property_create_blob.part.0+0x34/0x320
[ 3107.111088][T153291]  drm_property_create_blob.part.0+0x34/0x320
[ 3107.111117][T153291]  drm_mode_createblob_ioctl+0x139/0x490
[ 3107.111144][T153291]  drm_ioctl_kernel+0x1ed/0x3e0
[ 3107.111159][T153291]  ? __pfx_drm_mode_createblob_ioctl+0x10/0x10
[ 3107.111184][T153291]  ? __pfx_drm_ioctl_kernel+0x10/0x10
[ 3107.111212][T153291]  drm_ioctl+0x574/0xb90
[ 3107.111231][T153291]  ? __pfx_drm_mode_createblob_ioctl+0x10/0x10
[ 3107.111257][T153291]  ? __pfx_drm_ioctl+0x10/0x10
[ 3107.111274][T153291]  ? hook_file_ioctl_common+0x146/0x3f0
[ 3107.111304][T153291]  ? __fget_files+0x1fb/0x3b0
[ 3107.111327][T153291]  ? __pfx_drm_ioctl+0x10/0x10
[ 3107.111381][T153291]  __x64_sys_ioctl+0x18f/0x210
[ 3107.111400][T153291]  do_syscall_64+0xcb/0xfa0
[ 3107.111462][T153291]  entry_SYSCALL_64_after_hwframe+0x77/0x7f
[ 3107.111481][T153291] RIP: 0033:0x7f985cbb059d
[ 3107.111497][T153291] Code: 02 b8 ff ff ff ff c3 66 0f 1f 44 00 00 f3 0f 1e fa 48 89 f8 48 89 f7 48 89 d6 48 89 ca 4d 89 c2 4d 89 c8 4c 8b 4c 24 08 0f 05 <48> 3d 01 f0 ff ff 73 01 c3 48 c7 c1 a8 ff ff ff f7 d8 64 89 01 48
[ 3107.111513][T153291] RSP: 002b:00007f985da43f98 EFLAGS: 00000246 ORIG_RAX: 0000000000000010
[ 3107.111529][T153291] RAX: ffffffffffffffda RBX: 00007f985ce25fa0 RCX: 00007f985cbb059d
[ 3107.111540][T153291] RDX: 0000200000000180 RSI: 00000000c01064bd RDI: 0000000000000006
[ 3107.111551][T153291] RBP: 00007f985cc4e078 R08: 0000000000000000 R09: 0000000000000000
[ 3107.111561][T153291] R10: 0000000000000000 R11: 0000000000000246 R12: 0000000000000000
[ 3107.111573][T153291] R13: 00007f985ce26038 R14: 00007f985ce25fa0 R15: 00007f985da24000
[ 3107.111599][T153291]  </TASK>
[ 3107.111612][T153291] Mem-Info:
[ 3107.131470][T153298] i2c i2c-0: Invalid block write size 137
[ 3107.332282][    C0] vkms_vblank_simulate: vblank timer overrun
[ 3107.416051][T153291] active_anon:6930 inactive_anon:0 isolated_anon:0
[ 3107.416051][T153291]  active_file:19386 inactive_file:65801 isolated_file:0
[ 3107.416051][T153291]  unevictable:2536 dirty:3669 writeback:0
[ 3107.416051][T153291]  slab_reclaimable:14485 slab_unreclaimable:66377
[ 3107.416051][T153291]  mapped:32087 shmem:3571 pagetables:1637
[ 3107.416051][T153291]  sec_pagetables:0 bounce:0
[ 3107.416051][T153291]  kernel_misc_reclaimable:0
[ 3107.416051][T153291]  free:443787 free_pcp:15526 free_cma:0
[ 3107.463974][T153291] Node 0 active_anon:10200kB inactive_anon:0kB active_file:33804kB inactive_file:196984kB unevictable:5072kB isolated(anon):0kB isolated(file):0kB mapped:46520kB dirty:4808kB writeback:0kB shmem:7072kB shmem_thp:0kB shmem_pmdmapped:0kB anon_thp:0kB kernel_stack:6128kB pagetables:2644kB sec_pagetables:0kB all_unreclaimable? no Balloon:0kB
[ 3107.486787][T153291] Node 1 active_anon:17720kB inactive_anon:0kB active_file:43740kB inactive_file:66220kB unevictable:5072kB isolated(anon):0kB isolated(file):0kB mapped:81828kB dirty:9868kB writeback:0kB shmem:7212kB shmem_thp:0kB shmem_pmdmapped:0kB anon_thp:0kB kernel_stack:6128kB pagetables:3680kB sec_pagetables:0kB all_unreclaimable? no Balloon:0kB
[ 3107.505688][T153291] Node 0 DMA free:15048kB boost:0kB min:452kB low:564kB high:676kB reserved_highatomic:0KB free_highatomic:0KB active_anon:0kB inactive_anon:0kB active_file:0kB inactive_file:0kB unevictable:0kB writepending:0kB zspages:0kB present:15992kB managed:15360kB mlocked:0kB bounce:0kB free_pcp:312kB local_pcp:108kB free_cma:0kB
[ 3107.534907][    C0] vkms_vblank_simulate: vblank timer overrun
[ 3107.543315][T153291] lowmem_reserve[]: 0 1176 1176 1176 1176
[ 3107.550825][T153291] Node 0 DMA32 free:574688kB boost:4096kB min:38932kB low:47640kB high:56348kB reserved_highatomic:0KB free_highatomic:0KB active_anon:10324kB inactive_anon:0kB active_file:33804kB inactive_file:196984kB unevictable:5072kB writepending:4808kB zspages:0kB present:2080772kB managed:1204832kB mlocked:0kB bounce:0kB free_pcp:8632kB local_pcp:4072kB free_cma:0kB
[ 3107.584564][    C0] vkms_vblank_simulate: vblank timer overrun
[ 3107.593071][T153291] lowmem_reserve[]: 0 0 0 0 0
[ 3107.596170][T153291] Node 1 DMA32 free:854512kB boost:0kB min:29136kB low:36420kB high:43704kB reserved_highatomic:0KB free_highatomic:0KB active_anon:2236kB inactive_anon:0kB active_file:25272kB inactive_file:24792kB unevictable:0kB writepending:7868kB zspages:0kB present:1048444kB managed:982908kB mlocked:0kB bounce:0kB free_pcp:41140kB local_pcp:9800kB free_cma:0kB
[ 3107.627126][    C0] vkms_vblank_simulate: vblank timer overrun
[ 3107.635537][T153291] lowmem_reserve[]: 0 0 846 846 846
[ 3107.639954][T153291] Node 1 Normal free:295548kB boost:0kB min:25680kB low:32100kB high:38520kB reserved_highatomic:0KB free_highatomic:0KB active_anon:15484kB inactive_anon:0kB active_file:18468kB inactive_file:41428kB unevictable:5072kB writepending:2000kB zspages:0kB present:1048576kB managed:866440kB mlocked:0kB bounce:0kB free_pcp:10088kB local_pcp:256kB free_cma:0kB
[ 3107.666502][    C0] vkms_vblank_simulate: vblank timer overrun
[ 3107.672014][T153291] lowmem_reserve[]: 0 0 0 0 0
[ 3107.676727][T153291] Node 0 DMA: 2*4kB (U) 2*8kB (U) 3*16kB (U) 2*32kB (U) 1*64kB (U) 4*128kB (U) 4*256kB (U) 4*512kB (U) 5*1024kB (U) 3*2048kB (U) 0*4096kB = 15048kB
[ 3107.687379][T153291] Node 0 DMA32: 1356*4kB (UME) 2558*8kB (UME) 1746*16kB (UM) 621*32kB (UM) 548*64kB (UME) 338*128kB (UME) 329*256kB (UME) 251*512kB (UME) 205*1024kB (UME) 0*2048kB 0*4096kB = 574688kB
[ 3107.698882][T153291] Node 1 DMA32: 29*4kB (UM) 69*8kB (UM) 46*16kB (UM) 40*32kB (UM) 6*64kB (UM) 6*128kB (UM) 4*256kB (UM) 5*512kB (UM) 3*1024kB (UM) 4*2048kB (U) 210*4096kB (UM) = 878844kB
[ 3107.712513][T153291] Node 1 Normal: 27*4kB (UM) 52*8kB (UME) 10*16kB (UM) 1*32kB (U) 3*64kB (UE) 185*128kB (U) 226*256kB (UE) 140*512kB (UE) 138*1024kB (U) 0*2048kB 0*4096kB = 295436kB
[ 3107.725194][T153291] Node 0 hugepages_total=2 hugepages_free=2 hugepages_surp=0 hugepages_size=2048kB
[ 3107.732840][T153291] Node 1 hugepages_total=2 hugepages_free=2 hugepages_surp=0 hugepages_size=2048kB
[ 3107.738604][T153291] 88762 total pagecache pages
[ 3107.741031][T153291] 0 pages in swap cache
[ 3107.742705][T153291] Free swap  = 124996kB
[ 3107.744337][T153291] Total swap = 124996kB
[ 3107.745978][T153291] 1048446 pages RAM
[ 3107.749435][T153291] 0 pages HighMem/MovableOnly
[ 3107.753301][T153291] 281061 pages reserved
[ 3107.755655][T153291] 0 pages cma reserved
[ 3107.847384][ T1360] ieee802154 phy0 wpan0: encryption failed: -22
[ 3107.854524][ T1360] ieee802154 phy1 wpan1: encryption failed: -22
[ 3109.689448][T153469] i2c i2c-0: Invalid block write size 137
[ 3109.822863][T153479] i2c i2c-0: Invalid block write size 34
[ 3110.234278][    C0] vkms_vblank_simulate: vblank timer overrun
[ 3110.831713][    C0] vkms_vblank_simulate: vblank timer overrun
[ 3113.181436][T153737] i2c i2c-0: Invalid block write size 137
[ 3115.437237][T153910] i2c i2c-0: Invalid block write size 137
[ 3117.296445][T154042] warn_alloc: 9 callbacks suppressed
[ 3117.296464][T154042] syz.1.46044: vmalloc error: size 33558528, failed to allocated page array size 65544, mode:0xdc2(GFP_KERNEL|__GFP_HIGHMEM|__GFP_ZERO), nodemask=(null),cpuset=/,mems_allowed=0-1
[ 3117.329430][T154042] CPU: 1 UID: 0 PID: 154042 Comm: syz.1.46044 Not tainted 6.18.0 #1 PREEMPT(full) 
[ 3117.329466][T154042] Hardware name: QEMU Standard PC (i440FX + PIIX, 1996), BIOS rel-1.16.3-0-ga6ed6b701f0a-prebuilt.qemu.org 04/01/2014
[ 3117.329479][T154042] Call Trace:
[ 3117.329487][T154042]  <TASK>
[ 3117.329495][T154042]  dump_stack_lvl+0x180/0x1b0
[ 3117.329532][T154042]  warn_alloc+0x211/0x360
[ 3117.329557][T154042]  ? __pfx_warn_alloc+0x10/0x10
[ 3117.329578][T154042]  ? __pfx_alloc_vmap_area+0x10/0x10
[ 3117.329604][T154042]  ? __get_vm_area_node+0x10c/0x340
[ 3117.329676][T154042]  ? drm_property_create_blob.part.0+0x34/0x320
[ 3117.329705][T154042]  ? __vmalloc_node_noprof+0xac/0xf0
[ 3117.329737][T154042]  __vmalloc_node_range_noprof+0xfaa/0x13b0
[ 3117.329773][T154042]  ? drm_property_create_blob.part.0+0x34/0x320
[ 3117.329807][T154042]  ? __pfx___vmalloc_node_range_noprof+0x10/0x10
[ 3117.329858][T154042]  __kvmalloc_node_noprof+0x41f/0x9d0
[ 3117.329882][T154042]  ? drm_property_create_blob.part.0+0x34/0x320
[ 3117.329912][T154042]  ? drm_property_create_blob.part.0+0x34/0x320
[ 3117.329943][T154042]  ? drm_property_create_blob.part.0+0x34/0x320
[ 3117.329967][T154042]  drm_property_create_blob.part.0+0x34/0x320
[ 3117.329995][T154042]  drm_mode_createblob_ioctl+0x139/0x490
[ 3117.330022][T154042]  drm_ioctl_kernel+0x1ed/0x3e0
[ 3117.330038][T154042]  ? __pfx_drm_mode_createblob_ioctl+0x10/0x10
[ 3117.330065][T154042]  ? __pfx_drm_ioctl_kernel+0x10/0x10
[ 3117.333435][T154042]  drm_ioctl+0x574/0xb90
[ 3117.333457][T154042]  ? __pfx_drm_mode_createblob_ioctl+0x10/0x10
[ 3117.333485][T154042]  ? __pfx_drm_ioctl+0x10/0x10
[ 3117.333505][T154042]  ? hook_file_ioctl_common+0x146/0x3f0
[ 3117.333536][T154042]  ? __fget_files+0x1fb/0x3b0
[ 3117.333560][T154042]  ? __pfx_drm_ioctl+0x10/0x10
[ 3117.333579][T154042]  __x64_sys_ioctl+0x18f/0x210
[ 3117.333600][T154042]  do_syscall_64+0xcb/0xfa0
[ 3117.333630][T154042]  entry_SYSCALL_64_after_hwframe+0x77/0x7f
[ 3117.333649][T154042] RIP: 0033:0x7f056b3b059d
[ 3117.333668][T154042] Code: 02 b8 ff ff ff ff c3 66 0f 1f 44 00 00 f3 0f 1e fa 48 89 f8 48 89 f7 48 89 d6 48 89 ca 4d 89 c2 4d 89 c8 4c 8b 4c 24 08 0f 05 <48> 3d 01 f0 ff ff 73 01 c3 48 c7 c1 a8 ff ff ff f7 d8 64 89 01 48
[ 3117.333686][T154042] RSP: 002b:00007f056c1c9f98 EFLAGS: 00000246 ORIG_RAX: 0000000000000010
[ 3117.333706][T154042] RAX: ffffffffffffffda RBX: 00007f056b626090 RCX: 00007f056b3b059d
[ 3117.333718][T154042] RDX: 0000200000000180 RSI: 00000000c01064bd RDI: 0000000000000006
[ 3117.333730][T154042] RBP: 00007f056b44e078 R08: 0000000000000000 R09: 0000000000000000
[ 3117.333741][T154042] R10: 0000000000000000 R11: 0000000000000246 R12: 0000000000000000
[ 3117.333787][T154042] R13: 00007f056b626128 R14: 00007f056b626090 R15: 00007f056c1aa000
[ 3117.333814][T154042]  </TASK>
[ 3117.619122][T154042] Mem-Info:
[ 3117.632559][T154042] active_anon:7015 inactive_anon:0 isolated_anon:0
[ 3117.632559][T154042]  active_file:19390 inactive_file:65810 isolated_file:0
[ 3117.632559][T154042]  unevictable:2536 dirty:3087 writeback:0
[ 3117.632559][T154042]  slab_reclaimable:14263 slab_unreclaimable:66492
[ 3117.632559][T154042]  mapped:32092 shmem:3571 pagetables:1463
[ 3117.632559][T154042]  sec_pagetables:0 bounce:0
[ 3117.632559][T154042]  kernel_misc_reclaimable:0
[ 3117.632559][T154042]  free:442615 free_pcp:12220 free_cma:0
[ 3117.675013][T154042] Node 0 active_anon:9972kB inactive_anon:0kB active_file:33784kB inactive_file:197012kB unevictable:5072kB isolated(anon):0kB isolated(file):0kB mapped:46520kB dirty:4400kB writeback:0kB shmem:7068kB shmem_thp:0kB shmem_pmdmapped:0kB anon_thp:0kB kernel_stack:6160kB pagetables:3028kB sec_pagetables:0kB all_unreclaimable? no Balloon:0kB
[ 3117.705716][T154042] Node 1 active_anon:18188kB inactive_anon:0kB active_file:43776kB inactive_file:66228kB unevictable:5072kB isolated(anon):0kB isolated(file):0kB mapped:81848kB dirty:8208kB writeback:0kB shmem:7216kB shmem_thp:0kB shmem_pmdmapped:0kB anon_thp:0kB kernel_stack:6156kB pagetables:2924kB sec_pagetables:0kB all_unreclaimable? no Balloon:0kB
[ 3117.739590][T154042] Node 0 DMA free:8840kB boost:0kB min:452kB low:564kB high:676kB reserved_highatomic:0KB free_highatomic:0KB active_anon:0kB inactive_anon:0kB active_file:0kB inactive_file:0kB unevictable:0kB writepending:0kB zspages:0kB present:15992kB managed:15360kB mlocked:0kB bounce:0kB free_pcp:376kB local_pcp:100kB free_cma:0kB
[ 3117.790114][T154042] lowmem_reserve[]: 0 1176 1176 1176 1176
[ 3117.811478][T154042] Node 0 DMA32 free:570816kB boost:4096kB min:38932kB low:47640kB high:56348kB reserved_highatomic:0KB free_highatomic:0KB active_anon:9972kB inactive_anon:0kB active_file:33784kB inactive_file:197012kB unevictable:5072kB writepending:4400kB zspages:0kB present:2080772kB managed:1204832kB mlocked:0kB bounce:0kB free_pcp:17528kB local_pcp:10608kB free_cma:0kB
[ 3117.832639][T154042] lowmem_reserve[]: 0 0 0 0 0
[ 3117.835290][T154042] Node 1 DMA32 free:875172kB boost:0kB min:29136kB low:36420kB high:43704kB reserved_highatomic:0KB free_highatomic:0KB active_anon:2236kB inactive_anon:0kB active_file:25272kB inactive_file:24792kB unevictable:0kB writepending:6656kB zspages:0kB present:1048444kB managed:982908kB mlocked:0kB bounce:0kB free_pcp:26764kB local_pcp:8436kB free_cma:0kB
[ 3117.855152][T154042] lowmem_reserve[]: 0 0 846 846 846
[ 3117.858938][T154042] Node 1 Normal free:301080kB boost:0kB min:25680kB low:32100kB high:38520kB reserved_highatomic:0KB free_highatomic:0KB active_anon:16052kB inactive_anon:0kB active_file:18504kB inactive_file:41436kB unevictable:5072kB writepending:1548kB zspages:0kB present:1048576kB managed:866440kB mlocked:0kB bounce:0kB free_pcp:4636kB local_pcp:1624kB free_cma:0kB
[ 3117.880724][T154042] lowmem_reserve[]: 0 0 0 0 0
[ 3117.883929][T154042] Node 0 DMA: 4*4kB (U) 3*8kB (U) 4*16kB (U) 1*32kB (U) 2*64kB (U) 3*128kB (U) 4*256kB (U) 4*512kB (U) 5*1024kB (U) 0*2048kB 0*4096kB = 8840kB
[ 3117.892601][T154042] Node 0 DMA32: 327*4kB (UME) 2399*8kB (UME) 1743*16kB (UME) 648*32kB (UME) 552*64kB (UME) 339*128kB (UME) 329*256kB (UME) 250*512kB (UME) 206*1024kB (UME) 0*2048kB 0*4096kB = 571012kB
[ 3117.903753][T154042] Node 1 DMA32: 41*4kB (UM) 46*8kB (UM) 41*16kB (UM) 38*32kB (UM) 5*64kB (UM) 6*128kB (UM) 6*256kB (UM) 3*512kB (UM) 4*1024kB (UM) 4*2048kB (U) 213*4096kB (UM) = 891300kB
[ 3117.933378][T154042] Node 1 Normal: 0*4kB 8*8kB (E) 285*16kB (UE) 78*32kB (UE) 46*64kB (UE) 157*128kB (U) 226*256kB (UE) 140*512kB (UE) 138*1024kB (U) 0*2048kB 0*4096kB = 301008kB
[ 3117.951080][T154042] Node 0 hugepages_total=2 hugepages_free=2 hugepages_surp=0 hugepages_size=2048kB
[ 3117.960917][T154042] Node 1 hugepages_total=2 hugepages_free=2 hugepages_surp=0 hugepages_size=2048kB
[ 3117.967642][T154042] 88771 total pagecache pages
[ 3117.971739][T154042] 0 pages in swap cache
[ 3117.974559][T154042] Free swap  = 124996kB
[ 3117.977386][T154042] Total swap = 124996kB
[ 3117.982241][T154042] 1048446 pages RAM
[ 3117.984661][T154042] 0 pages HighMem/MovableOnly
[ 3117.987646][T154042] 281061 pages reserved
[ 3117.990253][T154042] 0 pages cma reserved
[ 3120.049080][    C1] vkms_vblank_simulate: vblank timer overrun
[ 3120.115726][    C1] vkms_vblank_simulate: vblank timer overrun
[ 3121.884055][    C1] vkms_vblank_simulate: vblank timer overrun
[ 3122.916624][    C1] vkms_vblank_simulate: vblank timer overrun
[ 3123.399902][T154342] i2c i2c-0: Invalid block write size 137
[ 3123.407917][T154343] i2c i2c-0: Invalid block write size 137
[ 3125.292417][T154476] i2c i2c-0: Invalid block write size 137
[ 3126.117374][    C1] vkms_vblank_simulate: vblank timer overrun
[ 3126.809065][T154551] i2c i2c-0: Invalid block write size 137
[ 3129.445214][    C1] vkms_vblank_simulate: vblank timer overrun
[ 3129.471827][    C1] vkms_vblank_simulate: vblank timer overrun
[ 3129.749580][    C1] vkms_vblank_simulate: vblank timer overrun
[ 3130.917628][T154801] syz.3.46326: vmalloc error: size 35651584, failed to allocated page array size 69632, mode:0xdc2(GFP_KERNEL|__GFP_HIGHMEM|__GFP_ZERO), nodemask=(null),cpuset=/,mems_allowed=0-1
[ 3130.942849][T154801] CPU: 2 UID: 0 PID: 154801 Comm: syz.3.46326 Not tainted 6.18.0 #1 PREEMPT(full) 
[ 3130.942875][T154801] Hardware name: QEMU Standard PC (i440FX + PIIX, 1996), BIOS rel-1.16.3-0-ga6ed6b701f0a-prebuilt.qemu.org 04/01/2014
[ 3130.942887][T154801] Call Trace:
[ 3130.942895][T154801]  <TASK>
[ 3130.942903][T154801]  dump_stack_lvl+0x180/0x1b0
[ 3130.942937][T154801]  warn_alloc+0x211/0x360
[ 3130.942960][T154801]  ? __pfx_warn_alloc+0x10/0x10
[ 3130.943017][T154801]  ? __pfx_alloc_vmap_area+0x10/0x10
[ 3130.943042][T154801]  ? __get_vm_area_node+0x10c/0x340
[ 3130.943074][T154801]  ? drm_property_create_blob.part.0+0x34/0x320
[ 3130.943100][T154801]  ? __vmalloc_node_noprof+0xac/0xf0
[ 3130.943129][T154801]  __vmalloc_node_range_noprof+0xfaa/0x13b0
[ 3130.943162][T154801]  ? drm_property_create_blob.part.0+0x34/0x320
[ 3130.943256][T154801]  ? __pfx___vmalloc_node_range_noprof+0x10/0x10
[ 3130.943295][T154801]  __kvmalloc_node_noprof+0x41f/0x9d0
[ 3130.943318][T154801]  ? drm_property_create_blob.part.0+0x34/0x320
[ 3130.943344][T154801]  ? drm_property_create_blob.part.0+0x34/0x320
[ 3130.943374][T154801]  ? drm_property_create_blob.part.0+0x34/0x320
[ 3130.943397][T154801]  drm_property_create_blob.part.0+0x34/0x320
[ 3130.943426][T154801]  drm_mode_createblob_ioctl+0x139/0x490
[ 3130.943455][T154801]  drm_ioctl_kernel+0x1ed/0x3e0
[ 3130.943471][T154801]  ? __pfx_drm_mode_createblob_ioctl+0x10/0x10
[ 3130.943497][T154801]  ? __pfx_drm_ioctl_kernel+0x10/0x10
[ 3130.943521][T154801]  drm_ioctl+0x574/0xb90
[ 3130.943541][T154801]  ? __pfx_drm_mode_createblob_ioctl+0x10/0x10
[ 3130.943566][T154801]  ? __pfx_drm_ioctl+0x10/0x10
[ 3130.943584][T154801]  ? hook_file_ioctl_common+0x146/0x3f0
[ 3130.943613][T154801]  ? __fget_files+0x1fb/0x3b0
[ 3130.943637][T154801]  ? __pfx_drm_ioctl+0x10/0x10
[ 3130.943655][T154801]  __x64_sys_ioctl+0x18f/0x210
[ 3130.943852][T154801]  do_syscall_64+0xcb/0xfa0
[ 3130.943883][T154801]  entry_SYSCALL_64_after_hwframe+0x77/0x7f
[ 3130.943902][T154801] RIP: 0033:0x7f56ed7b059d
[ 3130.943919][T154801] Code: 02 b8 ff ff ff ff c3 66 0f 1f 44 00 00 f3 0f 1e fa 48 89 f8 48 89 f7 48 89 d6 48 89 ca 4d 89 c2 4d 89 c8 4c 8b 4c 24 08 0f 05 <48> 3d 01 f0 ff ff 73 01 c3 48 c7 c1 a8 ff ff ff f7 d8 64 89 01 48
[ 3130.943935][T154801] RSP: 002b:00007f56ee5aaf98 EFLAGS: 00000246 ORIG_RAX: 0000000000000010
[ 3130.943953][T154801] RAX: ffffffffffffffda RBX: 00007f56eda25fa0 RCX: 00007f56ed7b059d
[ 3130.943965][T154801] RDX: 0000200000000180 RSI: 00000000c01064bd RDI: 0000000000000006
[ 3130.943976][T154801] RBP: 00007f56ed84e078 R08: 0000000000000000 R09: 0000000000000000
[ 3130.943987][T154801] R10: 0000000000000000 R11: 0000000000000246 R12: 0000000000000000
[ 3130.943997][T154801] R13: 00007f56eda26038 R14: 00007f56eda25fa0 R15: 00007f56ee58b000
[ 3130.944023][T154801]  </TASK>
[ 3130.944030][T154801] Mem-Info:
[ 3131.191766][T154801] active_anon:6948 inactive_anon:0 isolated_anon:0
[ 3131.191766][T154801]  active_file:19390 inactive_file:65821 isolated_file:0
[ 3131.191766][T154801]  unevictable:2536 dirty:3250 writeback:0
[ 3131.191766][T154801]  slab_reclaimable:14228 slab_unreclaimable:66446
[ 3131.191766][T154801]  mapped:32121 shmem:3571 pagetables:1364
[ 3131.191766][T154801]  sec_pagetables:0 bounce:0
[ 3131.191766][T154801]  kernel_misc_reclaimable:0
[ 3131.191766][T154801]  free:446383 free_pcp:13758 free_cma:0
[ 3131.231152][T154801] Node 0 active_anon:9824kB inactive_anon:0kB active_file:33804kB inactive_file:197056kB unevictable:5072kB isolated(anon):0kB isolated(file):0kB mapped:46576kB dirty:4504kB writeback:0kB shmem:7068kB shmem_thp:0kB shmem_pmdmapped:0kB anon_thp:0kB kernel_stack:6064kB pagetables:2580kB sec_pagetables:0kB all_unreclaimable? no Balloon:0kB
[ 3131.259880][T154801] Node 1 active_anon:17592kB inactive_anon:0kB active_file:43756kB inactive_file:66240kB unevictable:5072kB isolated(anon):0kB isolated(file):0kB mapped:81820kB dirty:8508kB writeback:0kB shmem:7216kB shmem_thp:0kB shmem_pmdmapped:0kB anon_thp:0kB kernel_stack:6188kB pagetables:2732kB sec_pagetables:0kB all_unreclaimable? no Balloon:0kB
[ 3131.290092][T154801] Node 0 DMA free:15148kB boost:0kB min:452kB low:564kB high:676kB reserved_highatomic:0KB free_highatomic:0KB active_anon:0kB inactive_anon:0kB active_file:0kB inactive_file:0kB unevictable:0kB writepending:0kB zspages:0kB present:15992kB managed:15360kB mlocked:0kB bounce:0kB free_pcp:208kB local_pcp:28kB free_cma:0kB
[ 3131.315589][T154801] lowmem_reserve[]: 0 1176 1176 1176 1176
[ 3131.319239][T154801] Node 0 DMA32 free:570568kB boost:4096kB min:38932kB low:47640kB high:56348kB reserved_highatomic:0KB free_highatomic:0KB active_anon:9828kB inactive_anon:0kB active_file:33792kB inactive_file:197056kB unevictable:5072kB writepending:4536kB zspages:0kB present:2080772kB managed:1204832kB mlocked:0kB bounce:0kB free_pcp:12484kB local_pcp:6104kB free_cma:0kB
[ 3131.339148][T154801] lowmem_reserve[]: 0 0 0 0 0
[ 3131.342649][T154801] Node 1 DMA32 free:898164kB boost:0kB min:29136kB low:36420kB high:43704kB reserved_highatomic:0KB free_highatomic:0KB active_anon:2236kB inactive_anon:0kB active_file:25272kB inactive_file:24792kB unevictable:0kB writepending:6720kB zspages:0kB present:1048444kB managed:982908kB mlocked:0kB bounce:0kB free_pcp:32444kB local_pcp:8152kB free_cma:0kB
[ 3131.370677][T154801] lowmem_reserve[]: 0 0 846 846 846
[ 3131.372797][T154801] Node 1 Normal free:302044kB boost:0kB min:25680kB low:32100kB high:38520kB reserved_highatomic:0KB free_highatomic:0KB active_anon:15304kB inactive_anon:0kB active_file:18496kB inactive_file:41448kB unevictable:5072kB writepending:1832kB zspages:0kB present:1048576kB managed:866440kB mlocked:0kB bounce:0kB free_pcp:9748kB local_pcp:508kB free_cma:0kB
[ 3131.408091][    C1] vkms_vblank_simulate: vblank timer overrun
[ 3131.425924][T154801] lowmem_reserve[]: 0 0 0 0 0
[ 3131.435011][T154801] Node 0 DMA: 2*4kB (U) 3*8kB (U) 3*16kB (U) 3*32kB (U) 4*64kB (U) 5*128kB (U) 3*256kB (U) 4*512kB (U) 5*1024kB (U) 3*2048kB (U) 0*4096kB = 15152kB
[ 3131.464395][    C1] vkms_vblank_simulate: vblank timer overrun
[ 3131.473028][T154801] Node 0 DMA32: 327*4kB (UME) 2482*8kB (UME) 1734*16kB (UME) 587*32kB (UME) 556*64kB (UME) 341*128kB (UME) 329*256kB (UME) 250*512kB (UME) 206*1024kB (UME) 0*2048kB 0*4096kB = 570092kB
[ 3131.501311][    C1] vkms_vblank_simulate: vblank timer overrun
[ 3131.509584][T154801] Node 1 DMA32: 37*4kB (M) 44*8kB (UM) 40*16kB (UM) 40*32kB (UM) 6*64kB (UM) 7*128kB (UM) 2*256kB (UM) 4*512kB (UM) 3*1024kB (UM) 2*2048kB (U) 216*4096kB (UM) = 898164kB
[ 3131.532837][    C1] vkms_vblank_simulate: vblank timer overrun
[ 3131.539282][T154801] Node 1 Normal: 101*4kB (UM) 33*8kB (ME) 334*16kB (UME) 22*32kB (UE) 35*64kB (UE) 172*128kB (U) 226*256kB (UE) 140*512kB (UE) 138*1024kB (U) 0*2048kB 0*4096kB = 301820kB
[ 3131.560967][T154801] Node 0 hugepages_total=2 hugepages_free=2 hugepages_surp=0 hugepages_size=2048kB
[ 3131.570584][T154801] Node 1 hugepages_total=2 hugepages_free=2 hugepages_surp=0 hugepages_size=2048kB
[ 3131.578286][T154801] 88787 total pagecache pages
[ 3131.583929][T154801] 0 pages in swap cache
[ 3131.586460][T154801] Free swap  = 124996kB
[ 3131.592554][T154801] Total swap = 124996kB
[ 3131.597450][T154801] 1048446 pages RAM
[ 3131.603146][T154801] 0 pages HighMem/MovableOnly
[ 3131.609546][T154801] 281061 pages reserved
[ 3131.613402][T154801] 0 pages cma reserved
[ 3132.669915][    C1] vkms_vblank_simulate: vblank timer overrun
[ 3132.795871][    C1] vkms_vblank_simulate: vblank timer overrun
[ 3133.553753][    C1] vkms_vblank_simulate: vblank timer overrun
[ 3134.866308][    C1] vkms_vblank_simulate: vblank timer overrun
[ 3137.029812][    C1] vkms_vblank_simulate: vblank timer overrun
[ 3137.480830][    C1] vkms_vblank_simulate: vblank timer overrun
[ 3137.628835][    C1] vkms_vblank_simulate: vblank timer overrun
[ 3138.231878][    C1] vkms_vblank_simulate: vblank timer overrun
[ 3138.347889][    C1] vkms_vblank_simulate: vblank timer overrun
[ 3138.581280][    C1] vkms_vblank_simulate: vblank timer overrun
[ 3138.878474][    C1] vkms_vblank_simulate: vblank timer overrun
[ 3139.347859][    C1] vkms_vblank_simulate: vblank timer overrun
[ 3140.013445][    C1] vkms_vblank_simulate: vblank timer overrun
[ 3140.653606][T51775] Bluetooth: hci2: command 0x0406 tx timeout
[ 3142.380905][T155236] i2c i2c-0: Invalid block write size 137
[ 3142.577501][T155246] i2c i2c-0: Invalid block write size 137
[ 3143.499803][T155292] i2c i2c-0: Invalid block write size 137
[ 3144.190956][T155328] i2c i2c-0: Invalid block write size 137
[ 3144.200676][    C1] vkms_vblank_simulate: vblank timer overrun
[ 3144.472111][    C1] vkms_vblank_simulate: vblank timer overrun
[ 3144.753390][    C1] vkms_vblank_simulate: vblank timer overrun
[ 3144.999483][    C1] vkms_vblank_simulate: vblank timer overrun
[ 3145.090488][    C1] vkms_vblank_simulate: vblank timer overrun
[ 3145.566356][    C1] vkms_vblank_simulate: vblank timer overrun
[ 3145.729972][    C1] vkms_vblank_simulate: vblank timer overrun
[ 3146.830425][    C1] vkms_vblank_simulate: vblank timer overrun
[ 3149.243097][    C3] vkms_vblank_simulate: vblank timer overrun
[ 3149.498600][T155588] i2c i2c-0: Invalid block write size 34
[ 3149.661573][T155592] i2c i2c-0: Invalid block write size 137
[ 3149.891626][    C3] vkms_vblank_simulate: vblank timer overrun
[ 3150.114413][    C3] vkms_vblank_simulate: vblank timer overrun
[ 3150.242801][    C3] vkms_vblank_simulate: vblank timer overrun
[ 3150.374770][    C3] vkms_vblank_simulate: vblank timer overrun
[ 3150.615165][    C3] vkms_vblank_simulate: vblank timer overrun
[ 3150.892961][    C3] vkms_vblank_simulate: vblank timer overrun
[ 3151.076622][T155659] i2c i2c-0: Invalid block write size 137
[ 3152.094185][    C3] vkms_vblank_simulate: vblank timer overrun
[ 3152.139764][T155714] i2c i2c-0: Invalid block write size 137
[ 3153.150222][T51775] Bluetooth: hci2: unexpected cc 0x0c03 length: 249 > 1
[ 3153.173090][T51775] Bluetooth: hci2: unexpected cc 0x1003 length: 249 > 9
[ 3153.206541][T51775] Bluetooth: hci2: unexpected cc 0x1001 length: 249 > 9
[ 3153.238111][T51775] Bluetooth: hci2: unexpected cc 0x0c23 length: 249 > 4
[ 3153.253023][T51775] Bluetooth: hci2: unexpected cc 0x0c38 length: 249 > 2
[ 3153.572903][T94787] netdevsim netdevsim1 netdevsim3 (unregistering): unset [1, 0] type 2 family 0 port 6081 - 0
[ 3153.781029][T94787] netdevsim netdevsim1 netdevsim2 (unregistering): unset [1, 0] type 2 family 0 port 6081 - 0
[ 3154.015849][T94787] netdevsim netdevsim1 netdevsim1 (unregistering): unset [1, 0] type 2 family 0 port 6081 - 0
[ 3154.148208][T94787] netdevsim netdevsim1 netdevsim0 (unregistering): unset [1, 0] type 2 family 0 port 6081 - 0
[ 3154.517989][T155747] chnl_net:caif_netlink_parms(): no params data found
[ 3154.563035][T94787] bridge_slave_1: left allmulticast mode
[ 3154.569186][T94787] bridge_slave_1: left promiscuous mode
[ 3154.585563][T94787] bridge0: port 2(bridge_slave_1) entered disabled state
[ 3154.609788][T94787] bridge_slave_0: left allmulticast mode
[ 3154.623163][T94787] bridge_slave_0: left promiscuous mode
[ 3154.633712][T94787] bridge0: port 1(bridge_slave_0) entered disabled state
[ 3154.897276][    C3] vkms_vblank_simulate: vblank timer overrun
[ 3155.363439][T51775] Bluetooth: hci2: command tx timeout
[ 3155.547592][T94787] bond0 (unregistering): (slave bond_slave_0): Releasing backup interface
[ 3155.593860][T94787] bond0 (unregistering): (slave bond_slave_1): Releasing backup interface
[ 3155.612682][T94787] bond0 (unregistering): Released all slaves
[ 3156.064133][    C3] vkms_vblank_simulate: vblank timer overrun
[ 3156.558478][T155747] bridge0: port 1(bridge_slave_0) entered blocking state
[ 3156.587471][T155747] bridge0: port 1(bridge_slave_0) entered disabled state
[ 3156.597534][T155747] bridge_slave_0: entered allmulticast mode
[ 3156.609914][T155747] bridge_slave_0: entered promiscuous mode
[ 3156.798464][T155747] bridge0: port 2(bridge_slave_1) entered blocking state
[ 3156.802310][T155747] bridge0: port 2(bridge_slave_1) entered disabled state
[ 3156.814027][T155747] bridge_slave_1: entered allmulticast mode
[ 3156.830457][T155747] bridge_slave_1: entered promiscuous mode
[ 3156.923461][    C3] vkms_vblank_simulate: vblank timer overrun
[ 3157.025117][    C3] vkms_vblank_simulate: vblank timer overrun
[ 3157.125171][T94787] hsr_slave_0: left promiscuous mode
[ 3157.130091][T94787] hsr_slave_1: left promiscuous mode
[ 3157.134027][T94787] batman_adv: batadv0: Interface deactivated: batadv_slave_0
[ 3157.150838][T94787] batman_adv: batadv0: Removing interface: batadv_slave_0
[ 3157.162845][T94787] batman_adv: batadv0: Interface deactivated: batadv_slave_1
[ 3157.174976][T94787] batman_adv: batadv0: Removing interface: batadv_slave_1
[ 3157.221519][T94787] veth1_macvtap: left promiscuous mode
[ 3157.224104][T94787] veth0_macvtap: left promiscuous mode
[ 3157.226785][T94787] veth1_vlan: left promiscuous mode
[ 3157.229355][T94787] veth0_vlan: left promiscuous mode
[ 3157.457754][T51775] Bluetooth: hci2: command tx timeout
[ 3157.891448][    C3] vkms_vblank_simulate: vblank timer overrun
[ 3158.365919][T156021] i2c i2c-0: Invalid block write size 34
[ 3158.547388][T94787] team0 (unregistering): Port device team_slave_1 removed
[ 3158.645799][T94787] team0 (unregistering): Port device team_slave_0 removed
[ 3159.525171][T51775] Bluetooth: hci2: command tx timeout
[ 3159.794272][    C3] vkms_vblank_simulate: vblank timer overrun
[ 3160.073347][T155747] bond0: (slave bond_slave_0): Enslaving as an active interface with an up link
[ 3160.101264][T155747] bond0: (slave bond_slave_1): Enslaving as an active interface with an up link
[ 3160.106310][T156080] i2c i2c-0: Invalid block write size 34
[ 3160.198486][T155747] team0: Port device team_slave_0 added
[ 3160.221145][T155747] team0: Port device team_slave_1 added
[ 3160.374874][T155747] batman_adv: batadv0: Adding interface: batadv_slave_0
[ 3160.386474][T155747] batman_adv: batadv0: The MTU of interface batadv_slave_0 is too small (1500) to handle the transport of batman-adv packets. Packets going over this interface will be fragmented on layer2 which could impact the performance. Setting the MTU to 1532 would solve the problem.
[ 3160.422494][T155747] batman_adv: batadv0: Not using interface batadv_slave_0 (retrying later): interface not active
[ 3160.446260][T155747] batman_adv: batadv0: Adding interface: batadv_slave_1
[ 3160.472021][T155747] batman_adv: batadv0: The MTU of interface batadv_slave_1 is too small (1500) to handle the transport of batman-adv packets. Packets going over this interface will be fragmented on layer2 which could impact the performance. Setting the MTU to 1532 would solve the problem.
[ 3160.561486][T155747] batman_adv: batadv0: Not using interface batadv_slave_1 (retrying later): interface not active
[ 3160.775824][T155747] hsr_slave_0: entered promiscuous mode
[ 3160.804860][T155747] hsr_slave_1: entered promiscuous mode
[ 3160.822790][T155747] debugfs: 'hsr0' already exists in 'hsr'
[ 3160.827804][T155747] Cannot create hsr debugfs directory
[ 3161.605077][T51775] Bluetooth: hci2: command tx timeout
[ 3162.486511][T155747] netdevsim netdevsim1 netdevsim0: renamed from eth0
[ 3162.548881][T155747] netdevsim netdevsim1 netdevsim1: renamed from eth1
[ 3162.602389][T155747] netdevsim netdevsim1 netdevsim2: renamed from eth2
[ 3162.629199][T155747] netdevsim netdevsim1 netdevsim3: renamed from eth3
[ 3162.849194][T155747] 8021q: adding VLAN 0 to HW filter on device bond0
[ 3162.880108][T155747] 8021q: adding VLAN 0 to HW filter on device team0
[ 3162.941277][   T51] bridge0: port 1(bridge_slave_0) entered blocking state
[ 3162.951321][   T51] bridge0: port 1(bridge_slave_0) entered forwarding state
[ 3162.996861][   T51] bridge0: port 2(bridge_slave_1) entered blocking state
[ 3163.004968][   T51] bridge0: port 2(bridge_slave_1) entered forwarding state
[ 3163.617165][T155747] 8021q: adding VLAN 0 to HW filter on device batadv0
[ 3163.775710][T155747] veth0_vlan: entered promiscuous mode
[ 3163.836953][T155747] veth1_vlan: entered promiscuous mode
[ 3163.904870][    C3] vkms_vblank_simulate: vblank timer overrun
[ 3163.985972][T155747] veth0_macvtap: entered promiscuous mode
[ 3164.006887][T155747] veth1_macvtap: entered promiscuous mode
[ 3164.054480][T155747] batman_adv: batadv0: Interface activated: batadv_slave_0
[ 3164.111402][T155747] batman_adv: batadv0: Interface activated: batadv_slave_1
[ 3164.158135][T94787] netdevsim netdevsim1 netdevsim0: set [1, 0] type 2 family 0 port 6081 - 0
[ 3164.174888][T94787] netdevsim netdevsim1 netdevsim1: set [1, 0] type 2 family 0 port 6081 - 0
[ 3164.248182][T94787] netdevsim netdevsim1 netdevsim2: set [1, 0] type 2 family 0 port 6081 - 0
[ 3164.268702][T94787] netdevsim netdevsim1 netdevsim3: set [1, 0] type 2 family 0 port 6081 - 0
[ 3164.544420][   T51] wlan0: Created IBSS using preconfigured BSSID 50:50:50:50:50:50
[ 3164.555432][   T51] wlan0: Creating new IBSS network, BSSID 50:50:50:50:50:50
[ 3164.634044][   T50] wlan1: Created IBSS using preconfigured BSSID 50:50:50:50:50:50
[ 3164.651610][   T50] wlan1: Creating new IBSS network, BSSID 50:50:50:50:50:50
[ 3165.326343][    C3] vkms_vblank_simulate: vblank timer overrun
[ 3165.896864][    C3] vkms_vblank_simulate: vblank timer overrun
[ 3166.464214][T156492] i2c i2c-0: Invalid block write size 137
[ 3166.913440][    C3] vkms_vblank_simulate: vblank timer overrun
[ 3168.290634][    C3] vkms_vblank_simulate: vblank timer overrun
[ 3168.340995][    C3] vkms_vblank_simulate: vblank timer overrun
[ 3168.447772][    C3] vkms_vblank_simulate: vblank timer overrun
[ 3168.901391][    C3] vkms_vblank_simulate: vblank timer overrun
[ 3169.295992][ T1360] ieee802154 phy0 wpan0: encryption failed: -22
[ 3169.340163][ T1360] ieee802154 phy1 wpan1: encryption failed: -22
[ 3171.367902][T149770] Bluetooth: hci0: command 0x0406 tx timeout
[ 3171.895330][    C3] vkms_vblank_simulate: vblank timer overrun
[ 3172.740209][    C3] vkms_vblank_simulate: vblank timer overrun
[ 3173.200147][T156785] warn_alloc: 5 callbacks suppressed
[ 3173.200167][T156785] syz.3.46931: vmalloc error: size 35651584, failed to allocated page array size 69632, mode:0xdc2(GFP_KERNEL|__GFP_HIGHMEM|__GFP_ZERO), nodemask=(null),cpuset=/,mems_allowed=0-1
[ 3173.263276][T156785] CPU: 0 UID: 0 PID: 156785 Comm: syz.3.46931 Not tainted 6.18.0 #1 PREEMPT(full) 
[ 3173.263302][T156785] Hardware name: QEMU Standard PC (i440FX + PIIX, 1996), BIOS rel-1.16.3-0-ga6ed6b701f0a-prebuilt.qemu.org 04/01/2014
[ 3173.263314][T156785] Call Trace:
[ 3173.263322][T156785]  <TASK>
[ 3173.263330][T156785]  dump_stack_lvl+0x180/0x1b0
[ 3173.263364][T156785]  warn_alloc+0x211/0x360
[ 3173.263388][T156785]  ? __pfx_warn_alloc+0x10/0x10
[ 3173.263408][T156785]  ? __pfx_alloc_vmap_area+0x10/0x10
[ 3173.263432][T156785]  ? __get_vm_area_node+0x10c/0x340
[ 3173.263464][T156785]  ? drm_property_create_blob.part.0+0x34/0x320
[ 3173.263490][T156785]  ? __vmalloc_node_noprof+0xac/0xf0
[ 3173.263521][T156785]  __vmalloc_node_range_noprof+0xfaa/0x13b0
[ 3173.263557][T156785]  ? drm_property_create_blob.part.0+0x34/0x320
[ 3173.263591][T156785]  ? __pfx___vmalloc_node_range_noprof+0x10/0x10
[ 3173.263630][T156785]  __kvmalloc_node_noprof+0x41f/0x9d0
[ 3173.263655][T156785]  ? drm_property_create_blob.part.0+0x34/0x320
[ 3173.263683][T156785]  ? drm_property_create_blob.part.0+0x34/0x320
[ 3173.263732][T156785]  ? drm_property_create_blob.part.0+0x34/0x320
[ 3173.263757][T156785]  drm_property_create_blob.part.0+0x34/0x320
[ 3173.263787][T156785]  drm_mode_createblob_ioctl+0x139/0x490
[ 3173.263818][T156785]  drm_ioctl_kernel+0x1ed/0x3e0
[ 3173.263835][T156785]  ? __pfx_drm_mode_createblob_ioctl+0x10/0x10
[ 3173.263862][T156785]  ? __pfx_drm_ioctl_kernel+0x10/0x10
[ 3173.263946][T156785]  drm_ioctl+0x574/0xb90
[ 3173.263967][T156785]  ? __pfx_drm_mode_createblob_ioctl+0x10/0x10
[ 3173.263994][T156785]  ? __pfx_drm_ioctl+0x10/0x10
[ 3173.264013][T156785]  ? hook_file_ioctl_common+0x146/0x3f0
[ 3173.264044][T156785]  ? __fget_files+0x1fb/0x3b0
[ 3173.264069][T156785]  ? __pfx_drm_ioctl+0x10/0x10
[ 3173.264087][T156785]  __x64_sys_ioctl+0x18f/0x210
[ 3173.264108][T156785]  do_syscall_64+0xcb/0xfa0
[ 3173.264138][T156785]  entry_SYSCALL_64_after_hwframe+0x77/0x7f
[ 3173.264207][T156785] RIP: 0033:0x7f56ed7b059d
[ 3173.264284][T156785] Code: 02 b8 ff ff ff ff c3 66 0f 1f 44 00 00 f3 0f 1e fa 48 89 f8 48 89 f7 48 89 d6 48 89 ca 4d 89 c2 4d 89 c8 4c 8b 4c 24 08 0f 05 <48> 3d 01 f0 ff ff 73 01 c3 48 c7 c1 a8 ff ff ff f7 d8 64 89 01 48
[ 3173.264302][T156785] RSP: 002b:00007f56ee5aaf98 EFLAGS: 00000246 ORIG_RAX: 0000000000000010
[ 3173.264320][T156785] RAX: ffffffffffffffda RBX: 00007f56eda25fa0 RCX: 00007f56ed7b059d
[ 3173.264332][T156785] RDX: 0000200000000180 RSI: 00000000c01064bd RDI: 0000000000000005
[ 3173.264344][T156785] RBP: 00007f56ed84e078 R08: 0000000000000000 R09: 0000000000000000
[ 3173.264355][T156785] R10: 0000000000000000 R11: 0000000000000246 R12: 0000000000000000
[ 3173.264367][T156785] R13: 00007f56eda26038 R14: 00007f56eda25fa0 R15: 00007f56ee58b000
[ 3173.264395][T156785]  </TASK>
[ 3173.264402][T156785] Mem-Info:
[ 3173.370379][    C3] vkms_vblank_simulate: vblank timer overrun
[ 3173.377692][T156785] active_anon:6956 inactive_anon:0 isolated_anon:0
[ 3173.377692][T156785]  active_file:19390 inactive_file:65864 isolated_file:0
[ 3173.377692][T156785]  unevictable:2536 dirty:2885 writeback:0
[ 3173.377692][T156785]  slab_reclaimable:14200 slab_unreclaimable:66293
[ 3173.377692][T156785]  mapped:32142 shmem:3570 pagetables:1326
[ 3173.377692][T156785]  sec_pagetables:0 bounce:0
[ 3173.377692][T156785]  kernel_misc_reclaimable:0
[ 3173.377692][T156785]  free:448781 free_pcp:12549 free_cma:0
[ 3173.378245][T156785] Node 0 active_anon:10096kB inactive_anon:0kB active_file:33820kB inactive_file:197140kB unevictable:5072kB isolated(anon):0kB isolated(file):0kB mapped:42660kB dirty:3412kB writeback:0kB shmem:7072kB shmem_thp:0kB shmem_pmdmapped:0kB anon_thp:0kB kernel_stack:6160kB pagetables:2728kB sec_pagetables:0kB all_unreclaimable? no Balloon:0kB
[ 3173.378292][T156785] Node 1 active_anon:17728kB inactive_anon:0kB active_file:43740kB inactive_file:66316kB unevictable:5072kB isolated(anon):0kB isolated(file):0kB mapped:85908kB dirty:8128kB writeback:0kB shmem:7208kB shmem_thp:0kB shmem_pmdmapped:0kB anon_thp:0kB kernel_stack:6160kB pagetables:2576kB sec_pagetables:0kB all_unreclaimable? no Balloon:0kB
[ 3173.378333][T156785] Node 0 DMA free:15072kB boost:0kB min:452kB low:564kB high:676kB reserved_highatomic:0KB free_highatomic:0KB active_anon:0kB inactive_anon:0kB active_file:0kB inactive_file:0kB unevictable:0kB writepending:0kB zspages:0kB present:15992kB managed:15360kB mlocked:0kB bounce:0kB free_pcp:288kB local_pcp:84kB free_cma:0kB
[ 3173.378384][T156785] lowmem_reserve[]: 0 1176 1176 1176 1176
[ 3173.378423][T156785] Node 0 DMA32 free:593632kB boost:4096kB min:38932kB low:47640kB high:56348kB reserved_highatomic:0KB free_highatomic:0KB active_anon:10096kB inactive_anon:0kB active_file:33820kB inactive_file:197140kB unevictable:5072kB writepending:3412kB zspages:0kB present:2080772kB managed:1204832kB mlocked:0kB bounce:0kB free_pcp:14264kB local_pcp:10432kB free_cma:0kB
[ 3173.378476][T156785] lowmem_reserve[]: 0 0 0 0 0
[ 3173.913011][T156785] Node 1 DMA32 free:869168kB boost:0kB min:29136kB low:36420kB high:43704kB reserved_highatomic:0KB free_highatomic:0KB active_anon:1720kB inactive_anon:0kB active_file:25292kB inactive_file:24816kB unevictable:0kB writepending:7072kB zspages:0kB present:1048444kB managed:982908kB mlocked:0kB bounce:0kB free_pcp:27096kB local_pcp:9104kB free_cma:0kB
[ 3173.958945][T156785] lowmem_reserve[]: 0 0 846 846 846
[ 3173.966375][T156785] Node 1 Normal free:282800kB boost:0kB min:25680kB low:32100kB high:38520kB reserved_highatomic:0KB free_highatomic:0KB active_anon:16308kB inactive_anon:0kB active_file:18448kB inactive_file:41500kB unevictable:5072kB writepending:1724kB zspages:0kB present:1048576kB managed:866440kB mlocked:0kB bounce:0kB free_pcp:2500kB local_pcp:100kB free_cma:0kB
[ 3174.011533][T156785] lowmem_reserve[]: 0 0 0 0 0
[ 3174.018518][T156785] Node 0 DMA: 2*4kB (U) 3*8kB (U) 4*16kB (U) 4*32kB (U) 2*64kB (U) 3*128kB (U) 4*256kB (U) 4*512kB (U) 5*1024kB (U) 3*2048kB (U) 0*4096kB = 15072kB
[ 3174.039592][T156785] Node 0 DMA32: 246*4kB (UM) 1689*8kB (UME) 2045*16kB (UME) 1261*32kB (UME) 604*64kB (UME) 353*128kB (UM) 329*256kB (UME) 248*512kB (UME) 206*1024kB (UME) 0*2048kB 0*4096kB = 593552kB
[ 3174.069908][T156785] Node 1 DMA32: 93*4kB (UM) 74*8kB (UM) 44*16kB (UM) 36*32kB (UM) 6*64kB (UM) 7*128kB (UM) 8*256kB (UM) 7*512kB (UM) 5*1024kB (UM) 6*2048kB (U) 210*4096kB (UM) = 887300kB
[ 3174.094845][T156785] Node 1 Normal: 762*4kB (U) 141*8kB (U) 166*16kB (UE) 63*32kB (UE) 18*64kB (UE) 63*128kB (U) 201*256kB (UE) 140*512kB (UE) 138*1024kB (U) 0*2048kB 0*4096kB = 282512kB
[ 3174.118020][T156785] Node 0 hugepages_total=2 hugepages_free=2 hugepages_surp=0 hugepages_size=2048kB
[ 3174.149612][T156785] Node 1 hugepages_total=2 hugepages_free=2 hugepages_surp=0 hugepages_size=2048kB
[ 3174.171518][T156785] 88830 total pagecache pages
[ 3174.174042][T156785] 0 pages in swap cache
[ 3174.185062][T156785] Free swap  = 124996kB
[ 3174.205194][T156785] Total swap = 124996kB
[ 3174.207254][T156785] 1048446 pages RAM
