last executing test programs:

1.785631268s ago: executing program 2 (id=17830):
r0 = syz_open_dev$dri(&(0x7f0000000000), 0x1, 0x2000)
r1 = syz_open_dev$dri(&(0x7f0000000000), 0x1, 0x2000)
ioctl$DRM_IOCTL_MODE_GETRESOURCES(r1, 0xc04064a0, &(0x7f0000000340)={0x0, &(0x7f0000000280)=[<r2=>0x0], 0x0, 0x0, 0x0, 0x1})
ioctl$DRM_IOCTL_MODE_GETCRTC(r0, 0xc06864a1, &(0x7f0000000440)={0x0, 0x0, r2, <r3=>0x0})
ioctl$DRM_IOCTL_MODE_GETFB2(r0, 0xc06864ce, &(0x7f0000000040)={r3, 0x7, 0x5, 0xfffffff8, 0x3, [], [0x2, 0xbc01, 0xf, 0x8001], [0x7fff, 0x5, 0x4, 0x8], [0x9, 0x30, 0xfffffffffffffff9]})
ioctl$DRM_IOCTL_MODE_GETCRTC(r1, 0xc06864a1, &(0x7f0000000100)={0x0, 0x0, r2, <r4=>0x0})
ioctl$DRM_IOCTL_MODE_GETFB2(r0, 0xc06864ce, &(0x7f0000000180)={r4, 0x7, 0xffff, 0x7ffffffe, 0x2, [], [0x1, 0xfffffffa, 0xc679, 0x3], [0x100, 0x5, 0x9, 0x6], [0x100000001, 0x1, 0x3, 0xd6]})

1.527206136s ago: executing program 2 (id=17833):
r0 = syz_open_dev$dri(&(0x7f0000000000), 0x1, 0x2000)
r1 = syz_open_dev$dri(&(0x7f0000000000), 0x1, 0x800)
ioctl$DRM_IOCTL_MODE_GETRESOURCES(r1, 0xc04064a0, &(0x7f0000000340)={0x0, &(0x7f0000000280)=[<r2=>0x0], 0x0, 0x0, 0x0, 0x1})
r3 = syz_open_dev$sndctrl(&(0x7f0000000140), 0xc, 0x0)
ioctl$SNDRV_CTL_IOCTL_RAWMIDI_PREFER_SUBDEVICE(r3, 0x40045542, &(0x7f0000000080)=0xd)
syz_open_dev$sndmidi(&(0x7f0000000040), 0x2, 0x103a00)
ioctl$DRM_IOCTL_MODE_SETCRTC(r0, 0xc06864a2, &(0x7f0000000c40)={0x0, 0x0, r2, 0x0, 0x3, 0xe18, 0xd1d2, 0x0, {0x0, 0xff, 0x1, 0x7f, 0x8, 0x2, 0x2, 0x0, 0x9, 0xfc01, 0x1, 0x1, 0xebf, 0x7, "1bce51f1a282664d58291250f96acf2a940c9e529e0f7f684847c4cd4fddba01"}})

1.42578675s ago: executing program 0 (id=17834):
r0 = syz_open_dev$sndpcmp(&(0x7f0000000000), 0x1, 0x0)
r1 = openat$sndtimer(0xffffffffffffff9c, &(0x7f0000000000), 0x101240)
ioctl$SNDRV_TIMER_IOCTL_SELECT(r1, 0x40345410, &(0x7f0000000100)={{0x3, 0x0, 0x1}})
ioctl$SNDRV_TIMER_IOCTL_STATUS32(r1, 0x80585414, &(0x7f0000000040))
r2 = syz_open_dev$dri(&(0x7f0000000000), 0x1, 0x2000)
r3 = syz_open_dev$dri(&(0x7f0000000000), 0x1, 0x2000)
ioctl$DRM_IOCTL_MODE_GETRESOURCES(r3, 0xc04064a0, &(0x7f0000000340)={0x0, &(0x7f0000000280)=[<r4=>0x0], 0x0, 0x0, 0x0, 0x1})
ioctl$DRM_IOCTL_MODE_GETCRTC(r2, 0xc06864a1, &(0x7f0000000440)={0x0, 0x0, r4, <r5=>0x0})
ioctl$DRM_IOCTL_MODE_GETFB2(r2, 0xc06864ce, &(0x7f0000000040)={r5, 0x7, 0x5, 0xfffffff8, 0x3, [], [0x2, 0xbc01, 0xf, 0x8001], [0x7fff, 0x5, 0x4, 0x8], [0x9, 0x30, 0xfffffffffffffff9]})
ioctl$DRM_IOCTL_MODE_GETCRTC(r3, 0xc06864a1, &(0x7f0000000100)={0x0, 0x0, r4, <r6=>0x0})
ioctl$SNDRV_PCM_IOCTL_STATUS64(r0, 0x80984120, &(0x7f0000000380))
ioctl$DRM_IOCTL_MODE_GETFB2(r2, 0xc06864ce, &(0x7f0000000180)={r6, 0x7, 0xffff, 0x1, 0x2, [], [0x1, 0xfffffffa, 0xc679, 0x3], [0x100, 0x5, 0x9, 0x6], [0x100000001, 0x1, 0x3, 0xd6]})

1.370445069s ago: executing program 3 (id=17835):
r0 = syz_open_dev$sndpcmp(&(0x7f00000008c0), 0x95a7, 0x183000)
mmap$snddsp_control(&(0x7f0000000000/0x4000)=nil, 0x1000, 0x1, 0x32, 0xffffffffffffffff, 0x83000000)
ioctl$SNDRV_PCM_IOCTL_REWIND(r0, 0xc0844123, &(0x7f0000000040)=0x8)
r1 = syz_open_dev$sndpcmp(&(0x7f0000000080), 0x95a7, 0x1a1000)
mmap$snddsp_control(&(0x7f0000902000/0x4000)=nil, 0x1000, 0x3000021, 0x2812, r1, 0x83000000)
mmap$snddsp_control(&(0x7f0000ffd000/0x1000)=nil, 0x1000, 0x5, 0x96012, r1, 0x83000000)
ioctl$SNDRV_PCM_IOCTL_START(r1, 0x4142, 0x0)
mmap$snddsp(&(0x7f0000ffb000/0x3000)=nil, 0x3000, 0x0, 0x20031, 0xffffffffffffffff, 0xb000)

1.301947489s ago: executing program 2 (id=17836):
r0 = syz_open_dev$sndpcmp(&(0x7f0000000080), 0x95a7, 0x1a1000)
r1 = openat$sndseq(0xffffffffffffff9c, &(0x7f0000000000), 0x402)
ioctl$SNDRV_SEQ_IOCTL_GET_SUBSCRIPTION(r1, 0xc0505350, &(0x7f0000000500)={{0x0, 0x1}, {0x5, 0x80}, 0x6, 0x1, 0x1})
r2 = openat$sndtimer(0xffffffffffffff9c, &(0x7f0000000000), 0x0)
r3 = syz_open_dev$sndpcmp(&(0x7f0000000000), 0x0, 0x2000)
mmap$snddsp_status(&(0x7f0000ffc000/0x3000)=nil, 0x1000, 0x5, 0x82012, r3, 0x82000000)
ioctl$SNDRV_TIMER_IOCTL_NEXT_DEVICE(r2, 0xc0145401, &(0x7f0000000040)={0x3, 0x3, 0x678, 0x3, 0xfffffffc})
mmap$snddsp_control(&(0x7f00007cd000/0x4000)=nil, 0xc00000, 0x0, 0x96012, r0, 0x83000000)
ioctl$DRM_IOCTL_MODE_CREATE_LEASE(0xffffffffffffffff, 0xc01864c6, &(0x7f00000000c0)={&(0x7f0000000040)=[0x0, 0x0, 0x0, 0x0, 0x0, 0x0], 0x6, 0x80000, 0x0, <r4=>0xffffffffffffffff})
syz_open_dev$sndpcmp(&(0x7f00000003c0), 0x4, 0x567341)
ioctl$SNDRV_PCM_IOCTL_HW_PARAMS(r4, 0xc2604111, &(0x7f0000000100)={0x7f, [[0xffff, 0xffffffff, 0x3, 0xfffffff9, 0xd, 0x8, 0xf9a, 0x5], [0xffffffc0, 0x1ff, 0x5d4, 0x2, 0x2, 0x1, 0x80, 0xbfc1], [0x5a, 0x4, 0x2, 0x1bef, 0x5, 0x800, 0x2000, 0x6]], '\x00', [{0x9, 0x80, 0x0, 0x0, 0x0, 0x1}, {0x400, 0x2, 0x0, 0x1, 0x0, 0x1}, {0x6, 0x6, 0x0, 0x1}, {0x3, 0x5, 0x0, 0x0, 0x1, 0x1}, {0xd, 0x7, 0x1, 0x0, 0x1, 0x1}, {0x7fff, 0xfff, 0x0, 0x1, 0x0, 0x1}, {0x972, 0x7ff, 0x1, 0x1, 0x1, 0x1}, {0xf4b3, 0xffffff01, 0x0, 0x0, 0x1}, {0x9, 0x1000}, {0x2, 0x2, 0x1, 0x1}, {0xd, 0x10000, 0x1, 0x1, 0x1}, {0x5, 0x6b8, 0x1, 0x0, 0x0, 0x1}], '\x00', 0x4})
mmap$snddsp(&(0x7f0000ffb000/0x3000)=nil, 0x3000, 0x0, 0x10010, 0xffffffffffffffff, 0xb000)
mmap$snddsp_control(&(0x7f0000be4000/0x3000)=nil, 0x1000, 0x3000021, 0x851616963fe15c38, 0xffffffffffffffff, 0x83000000)
ioctl$DRM_IOCTL_SYNCOBJ_CREATE(r0, 0xc00864bf, &(0x7f0000000380))
syz_open_dev$sndpcmp(&(0x7f0000000080), 0x95a7, 0x1a1000)
r5 = syz_open_dev$sndpcmp(&(0x7f0000000080), 0x95a7, 0x1a1000)
mmap$snddsp_control(&(0x7f00007cd000/0x4000)=nil, 0xc00000, 0x0, 0x96012, r5, 0x83000000)
mmap$snddsp(&(0x7f0000ffb000/0x3000)=nil, 0x3000, 0x0, 0x20031, 0xffffffffffffffff, 0xb000)
r6 = syz_open_dev$dri(&(0x7f0000000000), 0xfffffffffffffffc, 0x0)
ioctl$DRM_IOCTL_MODE_CREATEPROPBLOB(r6, 0xc01064bd, &(0x7f0000000180)={&(0x7f0000000080)='|\'', 0x2, <r7=>0x0})
ioctl$DRM_IOCTL_MODE_DESTROYPROPBLOB(r6, 0xc00464be, &(0x7f0000000040)={r7})
mmap$snddsp_control(&(0x7f0000be4000/0x3000)=nil, 0x1000, 0x3000021, 0x851616963fe15c38, 0xffffffffffffffff, 0x83000000)
r8 = syz_open_dev$sndpcmp(&(0x7f0000000080), 0x95a7, 0x1a1000)
mmap$snddsp_control(&(0x7f0000ff3000/0xd000)=nil, 0xc00000, 0x8, 0x9e832, 0xffffffffffffffff, 0x83000000)
r9 = syz_open_dev$sndpcmp(&(0x7f0000000080), 0x95a7, 0x1a1000)
mmap$snddsp_control(&(0x7f00007cd000/0x4000)=nil, 0xc00000, 0x0, 0x96012, r9, 0x83000000)
r10 = syz_open_dev$sndpcmp(&(0x7f00000008c0), 0x95a7, 0x183000)
mmap$snddsp_status(&(0x7f0000ffa000/0x4000)=nil, 0x1000, 0x3000005, 0x11, r10, 0x82000000)
mmap$snddsp_control(&(0x7f0000b6e000/0x3000)=nil, 0xc00000, 0x200000f, 0x9e832, 0xffffffffffffffff, 0x83000000)
mmap$snddsp_control(&(0x7f00007cd000/0x4000)=nil, 0xc00000, 0x0, 0x96012, r8, 0x83000000)

1.296413983s ago: executing program 3 (id=17838):
r0 = openat$sndseq(0xffffffffffffff9c, &(0x7f0000000000), 0x402)
ioctl$SNDRV_SEQ_IOCTL_CREATE_QUEUE(r0, 0xc08c5332, &(0x7f00000000c0)={0x401, 0x1ff, 0x1, 'queue0\x00', 0x1})
ioctl$SNDRV_SEQ_IOCTL_SET_QUEUE_TIMER(r0, 0x40605346, &(0x7f0000000240)={0x0, 0x0, {0x1, 0x2, 0x4, 0x2, 0x3}, 0x7b0d76ee})
r1 = openat$sndseq(0xffffffffffffff9c, &(0x7f0000000000), 0x402)
ioctl$SNDRV_SEQ_IOCTL_CREATE_QUEUE(r1, 0xc08c5332, &(0x7f0000000100)={0x7ff, 0x9, 0x0, 'queue1\x00', 0x73fa})
r2 = syz_open_dev$sndpcmp(&(0x7f00000008c0), 0x95a7, 0x183000)
mmap$snddsp_control(&(0x7f0000000000/0x4000)=nil, 0x1000, 0x1, 0x32, 0xffffffffffffffff, 0x83000000)
ioctl$SNDRV_PCM_IOCTL_REWIND(r2, 0xc0844123, &(0x7f0000000040)=0x8)
ioctl$SNDRV_SEQ_IOCTL_SET_QUEUE_TIMER(r1, 0x40605346, &(0x7f0000000240)={0x0, 0x0, {0x2, 0x3, 0xffffff01, 0x2, 0x2}, 0x7b0d76ee})
ioctl$SNDRV_SEQ_IOCTL_GET_SUBSCRIPTION(r1, 0xc0505350, &(0x7f00000003c0)={{0x29, 0x2}, {0xaf, 0xbb}, 0xffff113b, 0xd, 0x76})
ioctl$SNDRV_SEQ_IOCTL_SET_QUEUE_TEMPO(r0, 0x402c5342, &(0x7f0000000040)={0x29, 0x8, 0x1000, {0x9, 0x9}, 0xe8, 0x5})
openat$sndseq(0xffffffffffffff9c, &(0x7f00000001c0), 0x180)

1.255921544s ago: executing program 0 (id=17839):
r0 = syz_open_dev$dri(&(0x7f0000000000), 0x3fffc0, 0x2a500)
r1 = openat$sndseq(0xffffffffffffff9c, &(0x7f0000000000), 0x402)
write$sndseq(r1, 0x0, 0xfffffec8)
ioctl$SNDRV_SEQ_IOCTL_GET_QUEUE_TEMPO(r1, 0xc02c5341, &(0x7f00000000c0))
ioctl$DRM_IOCTL_MODE_CREATE_DUMB(r0, 0x401c5820, &(0x7f0000000080)={0x209, 0x20000007, 0x284})

1.222452425s ago: executing program 1 (id=17841):
r0 = syz_open_dev$dri(&(0x7f0000000000), 0xfffffffffffffffb, 0x0)
ioctl$DRM_IOCTL_MODE_CREATEPROPBLOB(r0, 0xc01064bd, &(0x7f0000000180)={&(0x7f0000000580)="7c2772857a834be7ae4d45d445cf9005999d5e56438892322b2223a8aaaf9e9f14a4b2fd8f003c5fc63d45c1284d4415120f0f47da6951fb126bf521dc909d6e7ec264529cc196ac9ee1382d36f63eda11484bd7668d5ccf64cf963a2818cfc4fa70eac3ef17b361938f4e7f0057adae5fcf13357a6af880bf70e132cc8655cfc24841ec657da1d381584e00fe0891949c", 0x91})

1.080352714s ago: executing program 1 (id=17842):
r0 = syz_open_dev$sndctrl(&(0x7f0000000000), 0x0, 0x162343)
ioctl$SNDRV_CTL_IOCTL_PCM_PREFER_SUBDEVICE(r0, 0x80086601, 0x0)
r1 = syz_open_dev$dri(&(0x7f0000000000), 0x1, 0x2000)
r2 = syz_open_dev$dri(&(0x7f0000000000), 0x1, 0x800)
ioctl$DRM_IOCTL_MODE_GETRESOURCES(r2, 0xc04064a0, &(0x7f0000000340)={0x0, &(0x7f0000000280)=[<r3=>0x0], 0x0, 0x0, 0x0, 0x1})
ioctl$DRM_IOCTL_MODE_SETCRTC(r1, 0xc06864a2, &(0x7f0000000c40)={0x0, 0x0, r3, 0x0, 0x3, 0xe18, 0xd1d2, 0x0, {0x0, 0xff, 0x1, 0x7f, 0x8, 0x2, 0x2, 0x0, 0x9, 0xfc01, 0x3, 0x1, 0xebf, 0x7, "1bce51f1a282664d58291250f96acf2a940c9e529e0f7f684847c4cd4fddba01"}})

1.080162814s ago: executing program 0 (id=17843):
r0 = syz_open_dev$dri(&(0x7f0000000000), 0x1, 0x2000)
r1 = syz_open_dev$dri(&(0x7f0000000000), 0x1, 0x2000)
ioctl$DRM_IOCTL_MODE_GETRESOURCES(r1, 0xc04064a0, &(0x7f0000000340)={0x0, &(0x7f0000000280)=[<r2=>0x0], 0x0, 0x0, 0x0, 0x1})
ioctl$DRM_IOCTL_MODE_GETCRTC(r0, 0xc06864a1, &(0x7f0000000440)={0x0, 0x0, r2, <r3=>0x0})
ioctl$DRM_IOCTL_MODE_GETFB2(r0, 0xc06864ce, &(0x7f0000000040)={r3, 0x7, 0x5, 0xfffffff8, 0x3, [], [0x2, 0xbc01, 0xf, 0x8001], [0x7fff, 0x5, 0x4, 0x8], [0x9, 0x30, 0xfffffffffffffff9]})
ioctl$DRM_IOCTL_MODE_GETCRTC(r1, 0xc06864a1, &(0x7f0000000100)={0x0, 0x0, r2, <r4=>0x0})
ioctl$DRM_IOCTL_MODE_GETFB2(r0, 0xc06864ce, &(0x7f0000000180)={r4, 0x7, 0xffff, 0x1, 0x2, [], [0x3f, 0xfffffffa, 0xc679, 0x3], [0x100, 0x5, 0x9, 0x6], [0x100000001, 0x1, 0x3, 0xd6]})

1.070410233s ago: executing program 3 (id=17844):
r0 = syz_open_dev$dri(&(0x7f0000000000), 0x1, 0x2000)
r1 = syz_open_dev$dri(&(0x7f0000000000), 0x1, 0x2000)
ioctl$DRM_IOCTL_MODE_GETRESOURCES(r1, 0xc04064a0, &(0x7f0000000340)={0x0, &(0x7f0000000280)=[<r2=>0x0], 0x0, 0x0, 0x0, 0x1})
ioctl$DRM_IOCTL_MODE_GETCRTC(r0, 0xc06864a1, &(0x7f0000000440)={0x0, 0x0, r2, <r3=>0x0})
ioctl$DRM_IOCTL_MODE_GETFB2(r0, 0xc06864ce, &(0x7f0000000040)={r3, 0x7, 0x5, 0xfffffff8, 0x3, [], [0x2, 0xbc01, 0xf, 0x8001], [0x7fff, 0x5, 0x4, 0x8], [0x9, 0x30, 0xfffffffffffffff9]})
ioctl$DRM_IOCTL_MODE_GETCRTC(r1, 0xc06864a1, &(0x7f0000000100)={0x0, 0x0, r2, <r4=>0x0})
ioctl$DRM_IOCTL_MODE_GETFB2(r0, 0xc06864ce, &(0x7f0000000180)={r4, 0x7, 0xffff, 0x1, 0x2, [], [0x1, 0xfffffffa, 0xc679, 0x3], [0x100, 0x5, 0x9, 0x6], [0x100000001, 0x1, 0x3, 0xd6]}) (fail_nth: 5)

925.153476ms ago: executing program 1 (id=17845):
r0 = openat$sndseq(0xffffffffffffff9c, &(0x7f0000000540), 0x400)
ioctl$SNDRV_SEQ_IOCTL_SET_QUEUE_INFO(r0, 0xc08c5335, &(0x7f00000006c0)={0xee1, 0x80, 0x0, 'queue1\x00', 0x6})
r1 = syz_open_dev$sndpcmp(&(0x7f0000000080), 0x95a6, 0x1a1000)
mmap$snddsp_control(&(0x7f00007cd000/0x4000)=nil, 0xc00000, 0x0, 0x96012, r1, 0x83000000)
r2 = syz_open_dev$sndpcmp(&(0x7f0000000140), 0x95a7, 0x183000)
ioctl$SNDRV_PCM_IOCTL_WRITEI_FRAMES(r2, 0x40184150, 0x0)
mmap$snddsp_control(&(0x7f00007d0000/0x2000)=nil, 0x1000, 0x3000021, 0x2812, r1, 0x83000000)
r3 = syz_open_dev$sndpcmp(&(0x7f0000000080), 0x95a7, 0x1a1000)
mmap$snddsp_control(&(0x7f00007cd000/0x4000)=nil, 0xc00000, 0x380000b, 0x30, r3, 0x83000000)
r4 = syz_open_dev$dri(&(0x7f0000000000), 0x3, 0x80982)
r5 = syz_open_dev$dri(&(0x7f0000000000), 0x1, 0x2000)
ioctl$DRM_IOCTL_GET_CAP(r5, 0xc010640c, &(0x7f0000000200)={0x4})
r6 = syz_open_dev$dri(&(0x7f0000000100), 0x2, 0x101440)
r7 = syz_open_dev$dri(&(0x7f0000000000), 0xfffffffffffffffc, 0x0)
ioctl$DRM_IOCTL_RES_CTX(r6, 0xc0106426, &(0x7f00000001c0)={0x2, &(0x7f0000000180)=[{}, {<r8=>0x0}]})
ioctl$DRM_IOCTL_GET_SAREA_CTX(0xffffffffffffffff, 0xc010641d, &(0x7f00000003c0)={r8, &(0x7f0000000240)=""/217})
mmap$snddsp_control(&(0x7f0000000000/0x4000)=nil, 0x1000, 0x1, 0x32, 0xffffffffffffffff, 0x83000000)
r9 = syz_open_dev$sndpcmp(&(0x7f00000008c0), 0x95a7, 0x183000)
mmap$snddsp_control(&(0x7f0000000000/0x4000)=nil, 0x1000, 0x1, 0x32, 0xffffffffffffffff, 0x83000000)
ioctl$SNDRV_PCM_IOCTL_STATUS_EXT64(r9, 0xc0984124, &(0x7f00000001c0))
ioctl$DRM_IOCTL_MODE_GETCONNECTOR(r7, 0xc05064a7, &(0x7f0000000340)={0x0, 0x0, 0x0, 0x0})
ioctl$DRM_IOCTL_MODE_GETRESOURCES(r6, 0xc04064a0, &(0x7f00000004c0)={0x0, 0x0, 0x0, &(0x7f0000000480)=[<r10=>0x0], 0x0, 0x0, 0x0, 0x1})
ioctl$DRM_IOCTL_MODE_GETENCODER(r6, 0xc01464a6, &(0x7f0000000500)={r10})
ioctl$DRM_IOCTL_MODE_GET_LEASE(r4, 0xc01064c8, &(0x7f00000000c0)={0x1, 0x0, &(0x7f0000000040)=[0x0]})

730.048021ms ago: executing program 0 (id=17853):
r0 = openat$sndseq(0xffffffffffffff9c, &(0x7f0000000000), 0x402)
ioctl$SNDRV_SEQ_IOCTL_CREATE_QUEUE(r0, 0xc08c5332, &(0x7f00000000c0)={0x401, 0x1ff, 0x1, 'queue0\x00', 0x1})
ioctl$SNDRV_SEQ_IOCTL_SET_QUEUE_TIMER(r0, 0x40605346, &(0x7f0000000240)={0x0, 0x0, {0x1, 0x2, 0x4, 0x2, 0x3}, 0x7b0d76ee})
r1 = openat$sndseq(0xffffffffffffff9c, &(0x7f0000000000), 0x402)
ioctl$SNDRV_SEQ_IOCTL_CREATE_QUEUE(r1, 0xc08c5332, &(0x7f0000000100)={0x7ff, 0x9, 0x0, 'queue1\x00', 0x73fa})
r2 = syz_open_dev$sndpcmp(&(0x7f00000008c0), 0x95a7, 0x183000)
mmap$snddsp_control(&(0x7f0000000000/0x4000)=nil, 0x1000, 0x1, 0x32, 0xffffffffffffffff, 0x83000000)
ioctl$SNDRV_PCM_IOCTL_REWIND(r2, 0xc0844123, &(0x7f0000000040)=0x8)
ioctl$SNDRV_SEQ_IOCTL_SET_QUEUE_TIMER(r1, 0x40605346, &(0x7f0000000240)={0x0, 0x0, {0x2, 0x3, 0xffffff01, 0x2, 0x2}, 0x7b0d76ee})
ioctl$SNDRV_SEQ_IOCTL_GET_SUBSCRIPTION(r1, 0xc0505350, &(0x7f00000003c0)={{0x29, 0x2}, {0xaf, 0xbb}, 0xffff113b, 0xd, 0x76})
ioctl$SNDRV_SEQ_IOCTL_SET_QUEUE_TEMPO(r0, 0x402c5342, &(0x7f0000000040)={0x29, 0x8, 0x1000, {0x9, 0x9}, 0xe8, 0x5})
openat$sndseq(0xffffffffffffff9c, &(0x7f00000001c0), 0x180)

674.888237ms ago: executing program 3 (id=17846):
r0 = syz_open_dev$dri(&(0x7f0000000000), 0x1, 0x2000)
r1 = syz_open_dev$dri(&(0x7f0000000000), 0x1, 0x800)
ioctl$DRM_IOCTL_MODE_GETRESOURCES(r1, 0xc04064a0, &(0x7f0000000340)={0x0, &(0x7f0000000280)=[<r2=>0x0], 0x0, 0x0, 0x0, 0x1})
r3 = syz_open_dev$sndctrl(&(0x7f0000000140), 0xc, 0x0)
ioctl$SNDRV_CTL_IOCTL_RAWMIDI_PREFER_SUBDEVICE(r3, 0x40045542, &(0x7f0000000080)=0xd)
syz_open_dev$sndmidi(&(0x7f0000000040), 0x2, 0x103a00)
ioctl$DRM_IOCTL_MODE_SETCRTC(r0, 0xc06864a2, &(0x7f0000000c40)={0x0, 0x0, r2, 0x0, 0x3, 0xe18, 0xd1d2, 0x0, {0x0, 0xff, 0x1, 0x7f, 0x8, 0x2, 0x2, 0x0, 0x9, 0xfc01, 0x1, 0x1, 0xebf, 0x7, "1bce51f1a282664d58291250f96acf2a940c9e529e0f7f684847c4cd4fddba01"}})

521.017067ms ago: executing program 2 (id=17847):
r0 = syz_open_dev$dri(&(0x7f0000000000), 0x1, 0x2000)
r1 = syz_open_dev$dri(&(0x7f0000000000), 0x1, 0x800)
ioctl$DRM_IOCTL_MODE_GETRESOURCES(r1, 0xc04064a0, &(0x7f0000000340)={0x0, &(0x7f0000000280)=[<r2=>0x0], 0x0, 0x0, 0x0, 0x1})
ioctl$DRM_IOCTL_MODE_SETCRTC(r0, 0xc06864a2, &(0x7f0000000c40)={0x0, 0x0, r2, 0x0, 0x3, 0xe18, 0xd1d2, 0x0, {0x0, 0xff, 0x1, 0x7f, 0x8, 0x2, 0x2, 0x0, 0x9, 0xfc01, 0x3, 0x1, 0xebf, 0x7, "1bce51f1a282664d58291250f96acf2a940c9e529e0f7f684847c4cd4fddba01"}}) (fail_nth: 3)

520.795837ms ago: executing program 1 (id=17848):
r0 = syz_open_dev$sndctrl(&(0x7f0000000140), 0xc, 0x0) (async)
r1 = syz_open_dev$sndpcmp(&(0x7f0000000000), 0x0, 0x8000)
ioctl$SNDRV_PCM_IOCTL_TTSTAMP(r1, 0x40044103, &(0x7f00000000c0)=0x1) (async)
r2 = syz_open_dev$dri(&(0x7f0000000080), 0x0, 0xa0000)
ioctl$DRM_IOCTL_MODE_ADDFB2(r2, 0xc06864b8, &(0x7f0000000140)={0x0, 0x33, 0xa865, 0x6, 0x1, [], [0x5, 0xb847, 0x9, 0x101], [0x15, 0x5, 0x400, 0x8], [0x5, 0x8000, 0x5, 0x8]}) (async)
ioctl$SNDRV_CTL_IOCTL_RAWMIDI_PREFER_SUBDEVICE(r0, 0x40045542, &(0x7f0000000080)=0x20002) (async, rerun: 32)
syz_open_dev$sndmidi(&(0x7f0000000040), 0x2, 0x103801) (rerun: 32)

478.377374ms ago: executing program 3 (id=17849):
r0 = syz_open_dev$sndpcmp(&(0x7f0000000000), 0x1, 0x0)
r1 = openat$sndtimer(0xffffffffffffff9c, &(0x7f0000000000), 0x101240)
ioctl$SNDRV_TIMER_IOCTL_SELECT(r1, 0x40345410, &(0x7f0000000100)={{0x3, 0x0, 0x1}})
ioctl$SNDRV_TIMER_IOCTL_STATUS32(r1, 0x80585414, &(0x7f0000000040))
r2 = syz_open_dev$dri(&(0x7f0000000000), 0x1, 0x2000)
r3 = syz_open_dev$dri(&(0x7f0000000000), 0x1, 0x2000)
ioctl$DRM_IOCTL_MODE_GETRESOURCES(r3, 0xc04064a0, &(0x7f0000000340)={0x0, &(0x7f0000000280)=[<r4=>0x0], 0x0, 0x0, 0x0, 0x1})
ioctl$DRM_IOCTL_MODE_GETCRTC(r2, 0xc06864a1, &(0x7f0000000440)={0x0, 0x0, r4, <r5=>0x0})
ioctl$DRM_IOCTL_MODE_GETFB2(r2, 0xc06864ce, &(0x7f0000000040)={r5, 0x7, 0x5, 0xfffffff8, 0x3, [], [0x2, 0xbc01, 0xf, 0x8001], [0x7fff, 0x5, 0x4, 0x8], [0x9, 0x30, 0xfffffffffffffff9]})
ioctl$DRM_IOCTL_MODE_GETCRTC(r3, 0xc06864a1, &(0x7f0000000100)={0x0, 0x0, r4, <r6=>0x0})
ioctl$SNDRV_PCM_IOCTL_STATUS64(r0, 0x80984120, &(0x7f0000000380))
ioctl$DRM_IOCTL_MODE_GETFB2(r2, 0xc06864ce, &(0x7f0000000180)={r6, 0x7, 0xffff, 0x1, 0x2, [], [0x1, 0xfffffffa, 0xc679, 0x3], [0x100, 0x5, 0x9, 0x6], [0x100000001, 0x1, 0x3, 0xd6]})

478.214817ms ago: executing program 0 (id=17856):
r0 = syz_open_dev$sndpcmp(&(0x7f0000000dc0), 0x0, 0x101001)
ioctl$SNDRV_PCM_IOCTL_RESET(r0, 0x4141, 0x0)
r1 = syz_open_dev$dri(&(0x7f0000000000), 0x1, 0x2000)
syz_open_dev$dri(&(0x7f0000000000), 0x1, 0x800)
r2 = syz_open_dev$dri(&(0x7f00000000c0), 0x0, 0x8000)
ioctl$DRM_IOCTL_GEM_CLOSE(r2, 0x5460, 0x0)
ioctl$DRM_IOCTL_MODE_GETRESOURCES(r1, 0xc04064a0, &(0x7f0000000040)={0x0, &(0x7f0000000080), 0x0, 0x0})
ioctl$DRM_IOCTL_MODE_SETCRTC(r1, 0xc06864a2, &(0x7f0000000c40)={&(0x7f0000000b40)=[0x0, 0x0, 0x0], 0x3, 0x0, 0x0, 0x3, 0xe18, 0xd1d2, 0x0, {0x0, 0xff, 0x1, 0x7f, 0x8, 0x2, 0x2, 0x0, 0x9, 0xfc01, 0x3, 0x1, 0xebf, 0x7, "1bce51f1a282664d58291250f96acf2a940c9e529e0f7f684847c4cd4fddba01"}})

212.41659ms ago: executing program 2 (id=17850):
r0 = syz_open_dev$dri(&(0x7f0000000000), 0xfffffffffffffffb, 0x0)
ioctl$DRM_IOCTL_MODE_CREATEPROPBLOB(r0, 0xc01064bd, &(0x7f0000000180)={&(0x7f0000000580)="7c2772857a834be7ae4d45d445cf9005999d5e56438892322b2223a8aaaf9e9f14a4b2fd8f003c5fc63d45c1284d4415120f0f47da6951fb126bf521dc909d6e7ec264529cc196ac9ee1382d36f63eda11484bd7668d5ccf64cf963a2818cfc4fa70eac3ef17b361938f4e7f0057adae5fcf13357a6af880bf70e132cc8655cfc24841ec657da1d381584e00fe0891949c", 0x91})

211.959493ms ago: executing program 0 (id=17851):
mmap$snddsp_control(&(0x7f0000ffb000/0x3000)=nil, 0xc00000, 0x200000d, 0x9e832, 0xffffffffffffffff, 0x83000000)
syz_open_dev$sndctrl(&(0x7f0000000040), 0x2, 0x1c0) (async)
r0 = syz_open_dev$sndctrl(&(0x7f0000000040), 0x2, 0x1c0)
ioctl$SNDRV_CTL_IOCTL_SUBSCRIBE_EVENTS(r0, 0xc0045516, &(0x7f0000000080)=0x4)
r1 = syz_open_dev$sndpcmp(&(0x7f00000008c0), 0x95a7, 0x183000)
ioctl$SNDRV_PCM_IOCTL_REWIND(r1, 0x40084146, 0x0)
mmap$snddsp_control(&(0x7f0000ffc000/0x1000)=nil, 0x1000, 0x1000007, 0x32, 0xffffffffffffffff, 0x83000000)
r2 = openat$sndtimer(0xffffffffffffff9c, &(0x7f0000000000), 0x101800)
ioctl$SNDRV_TIMER_IOCTL_SELECT(r2, 0x40345410, &(0x7f0000000200)={{0x1, 0x3, 0x9, 0x5e8cff96b6bca2c7, 0x7f}}) (async)
ioctl$SNDRV_TIMER_IOCTL_SELECT(r2, 0x40345410, &(0x7f0000000200)={{0x1, 0x3, 0x9, 0x5e8cff96b6bca2c7, 0x7f}})

153.206911ms ago: executing program 1 (id=17852):
r0 = syz_open_dev$sndpcmp(&(0x7f0000000000), 0x5, 0x2)
r1 = syz_open_dev$sndctrl(&(0x7f0000000000), 0x3, 0x2) (async)
r2 = syz_open_dev$sndpcmp(&(0x7f0000000dc0), 0x0, 0x101001)
mmap$snddsp_control(&(0x7f0000c00000/0x400000)=nil, 0x1000, 0x2, 0x13, r2, 0x83000000) (async)
ioctl$SNDRV_CTL_IOCTL_ELEM_READ(r1, 0xc4c85512, 0x0) (async)
r3 = syz_open_dev$sndpcmp(&(0x7f0000000dc0), 0x0, 0x101001)
r4 = syz_open_dev$sndctrl(&(0x7f0000000000), 0xa, 0x480)
ioctl$SNDRV_CTL_IOCTL_SUBSCRIBE_EVENTS(r4, 0xc0045516, &(0x7f0000000040))
ioctl$SNDRV_SEQ_IOCTL_SYSTEM_INFO(0xffffffffffffffff, 0xc0305302, &(0x7f0000000200)={0x7, 0x6, 0xffff, 0x4, 0x5, 0x3})
r5 = syz_open_dev$amidi(&(0x7f0000000080), 0x2, 0x0)
ioctl$SNDRV_RAWMIDI_IOCTL_INFO(r5, 0x810c5701, &(0x7f0000000480)) (async)
r6 = syz_open_dev$dri(&(0x7f0000000000), 0x0, 0x100)
ioctl$DRM_IOCTL_SET_UNIQUE(r6, 0x40106410, &(0x7f0000000100)={0x0, 0x0})
ioctl$SNDRV_PCM_IOCTL_RESET(r3, 0x4141, 0x0) (async)
ioctl$SNDRV_PCM_IOCTL_READI_FRAMES(r0, 0x80184151, &(0x7f00000000c0)={0x0, &(0x7f0000000040)="516af9ca5b2f2f4962cc10b5f556da556e7acc0c2ebcce1503f78885fa3f5cf992b33ff6fcc1483ab8b776e73e755c85bc8a91044c6792428b343e3c6c0776ebe661322b499a32e75f722127e49fb2593bf3a78c90e1861af20a6f8bb6c8271c5ac315f4a306343049323b61016c2f22b9120572201b790c8152", 0x7a})
mmap$snddsp_status(&(0x7f0000ffc000/0x2000)=nil, 0x1000, 0x1000002, 0x10, r3, 0x82000000)
r7 = openat$sndseq(0xffffffffffffff9c, &(0x7f0000000140), 0x141) (async)
r8 = openat$sndseq(0xffffffffffffff9c, &(0x7f0000000000), 0x402) (async)
r9 = syz_open_dev$dri(&(0x7f0000000000), 0x1, 0x2000)
ioctl$DRM_IOCTL_SET_CLIENT_CAP(r9, 0x4010640d, &(0x7f0000000040)={0x3, 0x200000000000000}) (async)
ioctl$SNDRV_SEQ_IOCTL_CREATE_QUEUE(r8, 0xc08c5332, &(0x7f0000000100)={0x2000009, 0xb, 0x0, 'queue1\x00', 0x737a}) (async)
ioctl$SNDRV_PCM_IOCTL_REWIND(r2, 0x40084146, &(0x7f0000000240)=0x2) (async)
write$sndseq(r8, &(0x7f0000000340)=[{0x5, 0x3, 0x1, 0x0, @tick, {0x2, 0x87}, {0xb, 0x2d}, @queue={0x9, {0xfffff0f0, 0x7f}}}], 0x1c) (async)
ioctl$SNDRV_SEQ_IOCTL_GET_CLIENT_POOL(r7, 0xc058534b, &(0x7f0000000180)={0x6, 0x8, 0xd0, 0x2e6, 0xa, 0x9})

123.359741ms ago: executing program 3 (id=17854):
r0 = syz_open_dev$sndpcmp(&(0x7f00000008c0), 0x95a7, 0x183000)
ioctl$SNDRV_PCM_IOCTL_REWIND(r0, 0x40084146, 0x0)
ioctl$SNDRV_PCM_IOCTL_WRITEN_FRAMES(r0, 0x40184152, &(0x7f0000000480)={0x0, &(0x7f0000000440)=[&(0x7f0000000180)="f7f7a528d8035bd8e7feb7e00c0c1286ce051c395a65d3e61c", &(0x7f0000000240)="83e31c96e019f464c083ec3ac103096441f89400ebd312c25e85e3446b01d338ac10f2f0ffe038e1f243824fe101666e8b49d513c6dac8af959aa3a8af0c4de9fe0cab2a68692aa4fa781ff750ef41", &(0x7f00000002c0)="8fb4aa4245a0c9781a5cfe76ac58ec94ce1b974c5576b3716348d8cd4e4149f9779c78057bd79198e28c71cad8b317f12f3341f091c5e787d292185f97f83e24aec128210d02080bc106ca7041641eb9b2f694e90685067f4890cfd98609c796429c9c29ec8f2abf0835f788d2821d8d6e4b2a148ccdf5e28b5823d7510891839154709ae687b6c9b5ee1556938263207c63d3d1e7f2d1c546f34cf62bdc457a5debfcc90625f7baae0fe19f617dc2bc7153293a89d6dd3dee7e493976eec35cda26a9b1d0c4fb", &(0x7f00000003c0)="4f0e7cce60f82c39aea91e173d00839749a36421c73e248989b4ee7143f0fdbb2fbeabec9dccc0856d219f0a1472bba31bfd4d88b496892e6d6cac370c9a6b09eb9da2a8c9b095c621386ddfc207984ef3326779558badaefb71efefa0a1a59682094b2087233e6854233b8461b9ea74f7d46d59e0e4564c722ebf"], 0x2})
r1 = syz_open_dev$sndpcmp(&(0x7f0000000000), 0x95a3, 0x3556ae7325e626d3)
r2 = syz_open_dev$sndctrl(&(0x7f00000004c0), 0x7c6, 0x100)
ioctl$SNDRV_CTL_IOCTL_PCM_NEXT_DEVICE(r2, 0x80045530, &(0x7f0000000500)=""/181)
r3 = openat$sndtimer(0xffffffffffffff9c, &(0x7f0000000000), 0x101240)
ioctl$SNDRV_TIMER_IOCTL_SELECT(r3, 0x40345410, &(0x7f0000000100)={{0x1, 0x2, 0x8000, 0x3}})
r4 = syz_open_dev$amidi(&(0x7f0000000080), 0x2, 0x0)
mmap$snddsp_control(&(0x7f0000000000/0x4000)=nil, 0x1000, 0x1000002, 0x32, 0xffffffffffffffff, 0x83000000)
ioctl$SNDRV_RAWMIDI_IOCTL_PVERSION(r4, 0x80045700, &(0x7f0000000000))
ioctl$SNDRV_TIMER_IOCTL_PARAMS(r3, 0x40505412, &(0x7f00000001c0)={0x2, 0x10000000, 0x800000, 0x0, 0x2})
mmap$snddsp_control(&(0x7f0000000000/0x4000)=nil, 0x1000, 0x1, 0x32, 0xffffffffffffffff, 0x83000000)
r5 = syz_open_dev$sndpcmc(&(0x7f0000000080), 0x101, 0x40000)
mmap$snddsp_status(&(0x7f0000000000/0x4000)=nil, 0x1000, 0x0, 0x10, r5, 0x82000000)
ioctl$SNDRV_PCM_IOCTL_REWIND(r1, 0xc0844123, &(0x7f0000000040)=0x8)
r6 = openat$sndtimer(0xffffffffffffff9c, &(0x7f0000000000), 0x101240)
ioctl$SNDRV_TIMER_IOCTL_SELECT(r6, 0x40345410, &(0x7f0000000100)={{0x3, 0x2, 0xfff}})
r7 = syz_open_dev$amidi(&(0x7f0000000080), 0x2, 0x101)
ioctl$SNDRV_RAWMIDI_IOCTL_STATUS64(r7, 0xc0385720, &(0x7f0000000000)={0x1})
r8 = syz_open_dev$sndmidi(&(0x7f00000000c0), 0x2, 0x0)
write$midi(r8, &(0x7f0000000100)="a9d5ee265710020a487ee6e6f409d8aa2ce8286eca7c94b7852775c03348af3976e69d6c8579a44011661eabdad9c1f25dacbfa4672c9077ae9954df13680cc58ecb863d92341ea0e6f61fa398d4afb566aaa55e3e56d26f5db1b7154c54e22d708ca3b3684ef25151183bedea32f99590d4988e42de1d85ac83", 0x7a)

5.545118ms ago: executing program 2 (id=17855):
r0 = syz_open_dev$dri(&(0x7f0000000000), 0x1, 0x800)
ioctl$DRM_IOCTL_GET_CAP(r0, 0xc010640c, &(0x7f0000000040)={0x8}) (fail_nth: 3)

0s ago: executing program 1 (id=17857):
r0 = syz_open_dev$sndctrl(&(0x7f0000000040), 0x7ff, 0x2000)
ioctl$SNDRV_CTL_IOCTL_PCM_PREFER_SUBDEVICE(r0, 0x40045532, &(0x7f0000000000)=0x6)
ioctl$SNDRV_CTL_IOCTL_ELEM_REMOVE(r0, 0xc0405519, &(0x7f0000000200)={0x4, 0x2, 0xcf5f, 0x5, '\x00', 0x8})

0s ago: executing program 3 (id=17858):
r0 = syz_open_dev$sndctrl(&(0x7f0000000000), 0x0, 0x162343)
ioctl$SNDRV_CTL_IOCTL_PCM_PREFER_SUBDEVICE(r0, 0x80086601, 0x0)
r1 = syz_open_dev$dri(&(0x7f0000000000), 0x1, 0x2000)
r2 = syz_open_dev$dri(&(0x7f0000000000), 0x1, 0x800)
ioctl$DRM_IOCTL_MODE_GETRESOURCES(r2, 0xc04064a0, &(0x7f0000000340)={0x0, &(0x7f0000000280)=[<r3=>0x0], 0x0, 0x0, 0x0, 0x1})
ioctl$DRM_IOCTL_MODE_SETCRTC(r1, 0xc06864a2, &(0x7f0000000c40)={0x0, 0x0, r3, 0x0, 0x3, 0xe18, 0xd1d2, 0x0, {0x0, 0xff, 0x1, 0x7f, 0x8, 0x2, 0x2, 0x0, 0x9, 0xfc01, 0x3, 0x1, 0xebf, 0x7, "1bce51f1a282664d58291250f96acf2a940c9e529e0f7f684847c4cd4fddba01"}})

kernel console output (not intermixed with test programs):

cc 0x0c03 length: 249 > 1
[ 2808.434266][T61248] Bluetooth: hci4: unexpected cc 0x1003 length: 249 > 9
[ 2808.446796][T61248] Bluetooth: hci4: unexpected cc 0x1001 length: 249 > 9
[ 2808.460126][T61248] Bluetooth: hci4: unexpected cc 0x0c23 length: 249 > 4
[ 2808.469869][T61248] Bluetooth: hci4: unexpected cc 0x0c38 length: 249 > 2
[ 2808.537000][    C2] vkms_vblank_simulate: vblank timer overrun
[ 2809.150748][T42293] netdevsim netdevsim0 netdevsim3 (unregistering): unset [1, 0] type 2 family 0 port 6081 - 0
[ 2809.484953][    C2] vkms_vblank_simulate: vblank timer overrun
[ 2809.526056][T67337] ALSA: seq fatal error: cannot create timer (-19)
[ 2809.554681][T42293] netdevsim netdevsim0 netdevsim2 (unregistering): unset [1, 0] type 2 family 0 port 6081 - 0
[ 2809.821569][T42293] netdevsim netdevsim0 netdevsim1 (unregistering): unset [1, 0] type 2 family 0 port 6081 - 0
[ 2810.091441][T42293] netdevsim netdevsim0 netdevsim0 (unregistering): unset [1, 0] type 2 family 0 port 6081 - 0
[ 2810.197264][T67284] chnl_net:caif_netlink_parms(): no params data found
[ 2810.543737][T61248] Bluetooth: hci4: command tx timeout
[ 2810.604057][T67284] bridge0: port 1(bridge_slave_0) entered blocking state
[ 2810.614651][T67284] bridge0: port 1(bridge_slave_0) entered disabled state
[ 2810.644758][T67284] bridge_slave_0: entered allmulticast mode
[ 2810.655678][T67284] bridge_slave_0: entered promiscuous mode
[ 2810.667608][T42293] bridge_slave_1: left allmulticast mode
[ 2810.675412][T42293] bridge_slave_1: left promiscuous mode
[ 2810.693807][T42293] bridge0: port 2(bridge_slave_1) entered disabled state
[ 2810.834607][T42293] bridge_slave_0: left allmulticast mode
[ 2810.845417][T42293] bridge_slave_0: left promiscuous mode
[ 2810.879231][T42293] bridge0: port 1(bridge_slave_0) entered disabled state
[ 2811.452160][    C2] vkms_vblank_simulate: vblank timer overrun
[ 2811.723381][    C2] vkms_vblank_simulate: vblank timer overrun
[ 2812.044147][T42293] bond0 (unregistering): (slave bond_slave_0): Releasing backup interface
[ 2812.071205][T42293] bond0 (unregistering): (slave bond_slave_1): Releasing backup interface
[ 2812.086868][T67504] FAULT_INJECTION: forcing a failure.
[ 2812.086868][T67504] name failslab, interval 1, probability 0, space 0, times 0
[ 2812.099886][T67504] CPU: 3 UID: 0 PID: 67504 Comm: syz.2.16667 Not tainted 6.18.0 #1 PREEMPT(full) 
[ 2812.099917][T67504] Hardware name: QEMU Standard PC (i440FX + PIIX, 1996), BIOS rel-1.16.3-0-ga6ed6b701f0a-prebuilt.qemu.org 04/01/2014
[ 2812.099928][T67504] Call Trace:
[ 2812.099934][T67504]  <TASK>
[ 2812.099942][T67504]  dump_stack_lvl+0x180/0x1b0
[ 2812.099974][T67504]  should_fail_ex+0x520/0x650
[ 2812.099995][T67504]  ? tomoyo_realpath_from_path+0xc3/0x600
[ 2812.100017][T67504]  should_failslab+0xc2/0x120
[ 2812.100041][T67504]  __kmalloc_noprof+0xdc/0x8c0
[ 2812.100058][T67504]  ? kfree+0x3b1/0x6c0
[ 2812.100078][T67504]  ? tomoyo_realpath_from_path+0xc3/0x600
[ 2812.100098][T67504]  tomoyo_realpath_from_path+0xc3/0x600
[ 2812.100120][T67504]  ? tomoyo_profile+0x46/0x60
[ 2812.100145][T67504]  tomoyo_path_number_perm+0x221/0x550
[ 2812.100162][T67504]  ? tomoyo_path_number_perm+0x213/0x550
[ 2812.100181][T67504]  ? __pfx_tomoyo_path_number_perm+0x10/0x10
[ 2812.100199][T67504]  ? proc_fail_nth_write+0x97/0x220
[ 2812.100292][T67504]  ? hook_file_ioctl_common+0x146/0x3f0
[ 2812.100311][T67504]  ? __fget_files+0x1f1/0x3b0
[ 2812.100334][T67504]  ? __fget_files+0x1fb/0x3b0
[ 2812.100354][T67504]  security_file_ioctl+0x9f/0x260
[ 2812.100374][T67504]  __x64_sys_ioctl+0xb7/0x210
[ 2812.100390][T67504]  do_syscall_64+0xcb/0xfa0
[ 2812.100416][T67504]  entry_SYSCALL_64_after_hwframe+0x77/0x7f
[ 2812.100432][T67504] RIP: 0033:0x7f8f711b059d
[ 2812.100446][T67504] Code: 02 b8 ff ff ff ff c3 66 0f 1f 44 00 00 f3 0f 1e fa 48 89 f8 48 89 f7 48 89 d6 48 89 ca 4d 89 c2 4d 89 c8 4c 8b 4c 24 08 0f 05 <48> 3d 01 f0 ff ff 73 01 c3 48 c7 c1 a8 ff ff ff f7 d8 64 89 01 48
[ 2812.100461][T67504] RSP: 002b:00007f8f71ff6f98 EFLAGS: 00000246 ORIG_RAX: 0000000000000010
[ 2812.100477][T67504] RAX: ffffffffffffffda RBX: 00007f8f71425fa0 RCX: 00007f8f711b059d
[ 2812.100487][T67504] RDX: 0000200000000100 RSI: 00000000c010640c RDI: 0000000000000003
[ 2812.100497][T67504] RBP: 00007f8f71ff7010 R08: 0000000000000000 R09: 0000000000000000
[ 2812.100506][T67504] R10: 0000000000000000 R11: 0000000000000246 R12: 0000000000000001
[ 2812.100515][T67504] R13: 00007f8f71426038 R14: 00007f8f71425fa0 R15: 00007f8f71fd7000
[ 2812.100536][T67504]  </TASK>
[ 2812.100544][T67504] ERROR: Out of memory at tomoyo_realpath_from_path.
[ 2812.102855][T42293] bond0 (unregistering): Released all slaves
[ 2812.263797][    C2] vkms_vblank_simulate: vblank timer overrun
[ 2812.471813][    C2] vkms_vblank_simulate: vblank timer overrun
[ 2812.523385][T67284] bridge0: port 2(bridge_slave_1) entered blocking state
[ 2812.531788][T67284] bridge0: port 2(bridge_slave_1) entered disabled state
[ 2812.546854][T67284] bridge_slave_1: entered allmulticast mode
[ 2812.551134][T67284] bridge_slave_1: entered promiscuous mode
[ 2812.624219][T61248] Bluetooth: hci4: command tx timeout
[ 2812.652907][T67284] bond0: (slave bond_slave_0): Enslaving as an active interface with an up link
[ 2812.784745][T67284] bond0: (slave bond_slave_1): Enslaving as an active interface with an up link
[ 2813.219887][T67284] team0: Port device team_slave_0 added
[ 2813.271603][T67284] team0: Port device team_slave_1 added
[ 2813.531869][T67581] FAULT_INJECTION: forcing a failure.
[ 2813.531869][T67581] name failslab, interval 1, probability 0, space 0, times 0
[ 2813.551218][T67581] CPU: 2 UID: 0 PID: 67581 Comm: syz.3.16678 Not tainted 6.18.0 #1 PREEMPT(full) 
[ 2813.551268][T67581] Hardware name: QEMU Standard PC (i440FX + PIIX, 1996), BIOS rel-1.16.3-0-ga6ed6b701f0a-prebuilt.qemu.org 04/01/2014
[ 2813.551280][T67581] Call Trace:
[ 2813.551286][T67581]  <TASK>
[ 2813.551306][T67581]  dump_stack_lvl+0x180/0x1b0
[ 2813.551341][T67581]  should_fail_ex+0x520/0x650
[ 2813.551377][T67581]  ? tomoyo_encode2.part.0+0xe9/0x3a0
[ 2813.552952][T67581]  should_failslab+0xc2/0x120
[ 2813.552983][T67581]  __kmalloc_noprof+0xdc/0x8c0
[ 2813.553006][T67581]  ? d_absolute_path+0x12a/0x1a0
[ 2813.553034][T67581]  ? tomoyo_encode2.part.0+0xe9/0x3a0
[ 2813.553056][T67581]  tomoyo_encode2.part.0+0xe9/0x3a0
[ 2813.553084][T67581]  tomoyo_encode+0x2b/0x60
[ 2813.553108][T67581]  tomoyo_realpath_from_path+0x188/0x600
[ 2813.553141][T67581]  tomoyo_path_number_perm+0x221/0x550
[ 2813.553161][T67581]  ? tomoyo_path_number_perm+0x213/0x550
[ 2813.553184][T67581]  ? __pfx_tomoyo_path_number_perm+0x10/0x10
[ 2813.553207][T67581]  ? proc_fail_nth_write+0x97/0x220
[ 2813.553257][T67581]  ? hook_file_ioctl_common+0x146/0x3f0
[ 2813.553278][T67581]  ? __fget_files+0x1f1/0x3b0
[ 2813.553304][T67581]  ? __fget_files+0x1fb/0x3b0
[ 2813.553367][T67581]  security_file_ioctl+0x9f/0x260
[ 2813.553390][T67581]  __x64_sys_ioctl+0xb7/0x210
[ 2813.553410][T67581]  do_syscall_64+0xcb/0xfa0
[ 2813.553439][T67581]  entry_SYSCALL_64_after_hwframe+0x77/0x7f
[ 2813.553456][T67581] RIP: 0033:0x7f8064db059d
[ 2813.553472][T67581] Code: 02 b8 ff ff ff ff c3 66 0f 1f 44 00 00 f3 0f 1e fa 48 89 f8 48 89 f7 48 89 d6 48 89 ca 4d 89 c2 4d 89 c8 4c 8b 4c 24 08 0f 05 <48> 3d 01 f0 ff ff 73 01 c3 48 c7 c1 a8 ff ff ff f7 d8 64 89 01 48
[ 2813.553488][T67581] RSP: 002b:00007f8065c25f98 EFLAGS: 00000246 ORIG_RAX: 0000000000000010
[ 2813.553506][T67581] RAX: ffffffffffffffda RBX: 00007f8065025fa0 RCX: 00007f8064db059d
[ 2813.553518][T67581] RDX: 0000200000000100 RSI: 00000000c010640c RDI: 0000000000000003
[ 2813.553528][T67581] RBP: 00007f8065c26010 R08: 0000000000000000 R09: 0000000000000000
[ 2813.553538][T67581] R10: 0000000000000000 R11: 0000000000000246 R12: 0000000000000001
[ 2813.553549][T67581] R13: 00007f8065026038 R14: 00007f8065025fa0 R15: 00007f8065c06000
[ 2813.553576][T67581]  </TASK>
[ 2813.740255][    C2] vkms_vblank_simulate: vblank timer overrun
[ 2813.862157][T67581] ERROR: Out of memory at tomoyo_realpath_from_path.
[ 2813.917323][T67284] batman_adv: batadv0: Adding interface: batadv_slave_0
[ 2813.928540][T67284] batman_adv: batadv0: The MTU of interface batadv_slave_0 is too small (1500) to handle the transport of batman-adv packets. Packets going over this interface will be fragmented on layer2 which could impact the performance. Setting the MTU to 1532 would solve the problem.
[ 2813.956995][    C2] vkms_vblank_simulate: vblank timer overrun
[ 2813.975383][T67284] batman_adv: batadv0: Not using interface batadv_slave_0 (retrying later): interface not active
[ 2814.134652][T67284] batman_adv: batadv0: Adding interface: batadv_slave_1
[ 2814.164856][T67284] batman_adv: batadv0: The MTU of interface batadv_slave_1 is too small (1500) to handle the transport of batman-adv packets. Packets going over this interface will be fragmented on layer2 which could impact the performance. Setting the MTU to 1532 would solve the problem.
[ 2814.192164][    C2] vkms_vblank_simulate: vblank timer overrun
[ 2814.263607][T67284] batman_adv: batadv0: Not using interface batadv_slave_1 (retrying later): interface not active
[ 2814.558202][T42293] hsr_slave_0: left promiscuous mode
[ 2814.715553][T61248] Bluetooth: hci4: command tx timeout
[ 2814.734754][T42293] hsr_slave_1: left promiscuous mode
[ 2814.742613][T42293] batman_adv: batadv0: Interface deactivated: batadv_slave_0
[ 2814.769125][T42293] batman_adv: batadv0: Removing interface: batadv_slave_0
[ 2814.802675][T42293] batman_adv: batadv0: Interface deactivated: batadv_slave_1
[ 2814.814229][T42293] batman_adv: batadv0: Removing interface: batadv_slave_1
[ 2814.858329][T42293] veth1_macvtap: left promiscuous mode
[ 2814.871358][T42293] veth0_macvtap: left promiscuous mode
[ 2814.883630][T42293] veth1_vlan: left promiscuous mode
[ 2814.886888][T42293] veth0_vlan: left promiscuous mode
[ 2815.147720][T67633] FAULT_INJECTION: forcing a failure.
[ 2815.147720][T67633] name fail_usercopy, interval 1, probability 0, space 0, times 0
[ 2815.166058][T67633] CPU: 1 UID: 0 PID: 67633 Comm: syz.1.16691 Not tainted 6.18.0 #1 PREEMPT(full) 
[ 2815.166084][T67633] Hardware name: QEMU Standard PC (i440FX + PIIX, 1996), BIOS rel-1.16.3-0-ga6ed6b701f0a-prebuilt.qemu.org 04/01/2014
[ 2815.166097][T67633] Call Trace:
[ 2815.166104][T67633]  <TASK>
[ 2815.166112][T67633]  dump_stack_lvl+0x180/0x1b0
[ 2815.166146][T67633]  should_fail_ex+0x520/0x650
[ 2815.166171][T67633]  _copy_from_user+0x30/0xd0
[ 2815.166195][T67633]  drm_ioctl+0x4df/0xb90
[ 2815.166217][T67633]  ? __pfx_drm_getcap+0x10/0x10
[ 2815.166244][T67633]  ? __pfx_drm_ioctl+0x10/0x10
[ 2815.166264][T67633]  ? hook_file_ioctl_common+0x146/0x3f0
[ 2815.166292][T67633]  ? __fget_files+0x1fb/0x3b0
[ 2815.166363][T67633]  ? __pfx_drm_ioctl+0x10/0x10
[ 2815.166383][T67633]  __x64_sys_ioctl+0x18f/0x210
[ 2815.166404][T67633]  do_syscall_64+0xcb/0xfa0
[ 2815.166432][T67633]  entry_SYSCALL_64_after_hwframe+0x77/0x7f
[ 2815.166452][T67633] RIP: 0033:0x7f3a8fdb059d
[ 2815.166479][T67633] Code: 02 b8 ff ff ff ff c3 66 0f 1f 44 00 00 f3 0f 1e fa 48 89 f8 48 89 f7 48 89 d6 48 89 ca 4d 89 c2 4d 89 c8 4c 8b 4c 24 08 0f 05 <48> 3d 01 f0 ff ff 73 01 c3 48 c7 c1 a8 ff ff ff f7 d8 64 89 01 48
[ 2815.166495][T67633] RSP: 002b:00007f3a90ba1f98 EFLAGS: 00000246 ORIG_RAX: 0000000000000010
[ 2815.166513][T67633] RAX: ffffffffffffffda RBX: 00007f3a90025fa0 RCX: 00007f3a8fdb059d
[ 2815.166525][T67633] RDX: 0000200000000100 RSI: 00000000c010640c RDI: 0000000000000003
[ 2815.166537][T67633] RBP: 00007f3a90ba2010 R08: 0000000000000000 R09: 0000000000000000
[ 2815.166548][T67633] R10: 0000000000000000 R11: 0000000000000246 R12: 0000000000000001
[ 2815.166559][T67633] R13: 00007f3a90026038 R14: 00007f3a90025fa0 R15: 00007f3a90b82000
[ 2815.166585][T67633]  </TASK>
[ 2815.633550][    C2] vkms_vblank_simulate: vblank timer overrun
[ 2816.785234][T61248] Bluetooth: hci4: command tx timeout
[ 2817.283202][    C2] vkms_vblank_simulate: vblank timer overrun
[ 2817.480980][    C2] vkms_vblank_simulate: vblank timer overrun
[ 2817.850081][    C2] vkms_vblank_simulate: vblank timer overrun
[ 2818.049972][    C2] vkms_vblank_simulate: vblank timer overrun
[ 2818.157140][    C2] vkms_vblank_simulate: vblank timer overrun
[ 2818.197849][T42293] team0 (unregistering): Port device team_slave_1 removed
[ 2818.414024][T42293] team0 (unregistering): Port device team_slave_0 removed
[ 2818.656638][    C2] vkms_vblank_simulate: vblank timer overrun
[ 2818.750063][    C2] vkms_vblank_simulate: vblank timer overrun
[ 2818.834596][    C2] vkms_vblank_simulate: vblank timer overrun
[ 2818.959603][    C2] vkms_vblank_simulate: vblank timer overrun
[ 2819.450875][    C2] vkms_vblank_simulate: vblank timer overrun
[ 2819.637687][    C2] vkms_vblank_simulate: vblank timer overrun
[ 2819.823210][    C2] vkms_vblank_simulate: vblank timer overrun
[ 2820.038678][    C2] vkms_vblank_simulate: vblank timer overrun
[ 2820.200050][T67741] ALSA: seq fatal error: cannot create timer (-16)
[ 2820.533546][    C2] vkms_vblank_simulate: vblank timer overrun
[ 2820.718626][    C2] vkms_vblank_simulate: vblank timer overrun
[ 2820.762737][T67284] hsr_slave_0: entered promiscuous mode
[ 2820.792773][T67284] hsr_slave_1: entered promiscuous mode
[ 2820.807628][T67284] debugfs: 'hsr0' already exists in 'hsr'
[ 2820.810370][T67284] Cannot create hsr debugfs directory
[ 2820.858931][    C2] vkms_vblank_simulate: vblank timer overrun
[ 2821.445583][    C2] vkms_vblank_simulate: vblank timer overrun
[ 2821.768832][    C2] vkms_vblank_simulate: vblank timer overrun
[ 2821.836927][T67838] ALSA: seq fatal error: cannot create timer (-19)
[ 2821.920768][    C2] vkms_vblank_simulate: vblank timer overrun
[ 2822.085200][    C2] vkms_vblank_simulate: vblank timer overrun
[ 2822.226513][    C2] vkms_vblank_simulate: vblank timer overrun
[ 2822.731824][    C2] vkms_vblank_simulate: vblank timer overrun
[ 2822.806516][    C2] vkms_vblank_simulate: vblank timer overrun
[ 2822.879607][T67284] netdevsim netdevsim0 netdevsim0: renamed from eth0
[ 2822.885783][    C2] vkms_vblank_simulate: vblank timer overrun
[ 2822.987637][    C2] vkms_vblank_simulate: vblank timer overrun
[ 2822.997083][T67284] netdevsim netdevsim0 netdevsim1: renamed from eth1
[ 2823.037310][    C2] vkms_vblank_simulate: vblank timer overrun
[ 2823.104221][T67284] netdevsim netdevsim0 netdevsim2: renamed from eth2
[ 2823.132790][T67284] netdevsim netdevsim0 netdevsim3: renamed from eth3
[ 2823.257863][T67939] ALSA: seq fatal error: cannot create timer (-19)
[ 2823.332830][T67284] 8021q: adding VLAN 0 to HW filter on device bond0
[ 2823.419368][    C2] vkms_vblank_simulate: vblank timer overrun
[ 2823.450439][T67284] 8021q: adding VLAN 0 to HW filter on device team0
[ 2823.488972][ T5093] bridge0: port 1(bridge_slave_0) entered blocking state
[ 2823.502934][ T5093] bridge0: port 1(bridge_slave_0) entered forwarding state
[ 2823.588097][ T5093] bridge0: port 2(bridge_slave_1) entered blocking state
[ 2823.635312][ T5093] bridge0: port 2(bridge_slave_1) entered forwarding state
[ 2824.236781][T67284] 8021q: adding VLAN 0 to HW filter on device batadv0
[ 2824.415829][T67284] veth0_vlan: entered promiscuous mode
[ 2824.451594][T67284] veth1_vlan: entered promiscuous mode
[ 2824.558445][T67284] veth0_macvtap: entered promiscuous mode
[ 2824.587580][T67284] veth1_macvtap: entered promiscuous mode
[ 2824.635419][T67284] batman_adv: batadv0: Interface activated: batadv_slave_0
[ 2824.651751][T67284] batman_adv: batadv0: Interface activated: batadv_slave_1
[ 2824.684158][T65421] netdevsim netdevsim0 netdevsim0: set [1, 0] type 2 family 0 port 6081 - 0
[ 2824.692037][T65421] netdevsim netdevsim0 netdevsim1: set [1, 0] type 2 family 0 port 6081 - 0
[ 2824.738275][T65421] netdevsim netdevsim0 netdevsim2: set [1, 0] type 2 family 0 port 6081 - 0
[ 2824.745687][T65421] netdevsim netdevsim0 netdevsim3: set [1, 0] type 2 family 0 port 6081 - 0
[ 2824.971878][ T5093] wlan0: Created IBSS using preconfigured BSSID 50:50:50:50:50:50
[ 2825.031624][ T5093] wlan0: Creating new IBSS network, BSSID 50:50:50:50:50:50
[ 2825.201055][ T5093] wlan1: Created IBSS using preconfigured BSSID 50:50:50:50:50:50
[ 2825.206588][ T5093] wlan1: Creating new IBSS network, BSSID 50:50:50:50:50:50
[ 2825.768157][    C2] vkms_vblank_simulate: vblank timer overrun
[ 2826.236423][    C2] vkms_vblank_simulate: vblank timer overrun
[ 2826.519163][    C2] vkms_vblank_simulate: vblank timer overrun
[ 2826.600130][    C2] vkms_vblank_simulate: vblank timer overrun
[ 2826.708159][    C2] vkms_vblank_simulate: vblank timer overrun
[ 2827.148382][T68029] ALSA: seq fatal error: cannot create timer (-19)
[ 2828.785684][T68070] ALSA: seq fatal error: cannot create timer (-19)
[ 2830.103614][    C2] vkms_vblank_simulate: vblank timer overrun
[ 2830.155416][    C2] vkms_vblank_simulate: vblank timer overrun
[ 2830.254586][    C2] vkms_vblank_simulate: vblank timer overrun
[ 2830.264944][T68144] ALSA: seq fatal error: cannot create timer (-19)
[ 2830.382153][    C2] vkms_vblank_simulate: vblank timer overrun
[ 2830.718169][    C2] vkms_vblank_simulate: vblank timer overrun
[ 2830.860059][    C2] vkms_vblank_simulate: vblank timer overrun
[ 2830.957389][    C2] vkms_vblank_simulate: vblank timer overrun
[ 2831.157135][    C2] vkms_vblank_simulate: vblank timer overrun
[ 2831.201828][    C2] vkms_vblank_simulate: vblank timer overrun
[ 2831.302200][    C2] vkms_vblank_simulate: vblank timer overrun
[ 2831.861668][T68199] FAULT_INJECTION: forcing a failure.
[ 2831.861668][T68199] name failslab, interval 1, probability 0, space 0, times 0
[ 2831.879312][T68199] CPU: 0 UID: 0 PID: 68199 Comm: syz.0.16828 Not tainted 6.18.0 #1 PREEMPT(full) 
[ 2831.879334][T68199] Hardware name: QEMU Standard PC (i440FX + PIIX, 1996), BIOS rel-1.16.3-0-ga6ed6b701f0a-prebuilt.qemu.org 04/01/2014
[ 2831.879345][T68199] Call Trace:
[ 2831.879351][T68199]  <TASK>
[ 2831.879357][T68199]  dump_stack_lvl+0x180/0x1b0
[ 2831.879387][T68199]  should_fail_ex+0x520/0x650
[ 2831.879407][T68199]  ? tomoyo_realpath_from_path+0xc3/0x600
[ 2831.879428][T68199]  should_failslab+0xc2/0x120
[ 2831.879451][T68199]  __kmalloc_noprof+0xdc/0x8c0
[ 2831.879467][T68199]  ? kfree+0x3b1/0x6c0
[ 2831.879487][T68199]  ? tomoyo_realpath_from_path+0xc3/0x600
[ 2831.879507][T68199]  tomoyo_realpath_from_path+0xc3/0x600
[ 2831.879530][T68199]  ? tomoyo_profile+0x46/0x60
[ 2831.879556][T68199]  tomoyo_path_number_perm+0x221/0x550
[ 2831.879573][T68199]  ? tomoyo_path_number_perm+0x213/0x550
[ 2831.879593][T68199]  ? __pfx_tomoyo_path_number_perm+0x10/0x10
[ 2831.879611][T68199]  ? proc_fail_nth_write+0x97/0x220
[ 2831.879660][T68199]  ? hook_file_ioctl_common+0x146/0x3f0
[ 2831.879681][T68199]  ? __fget_files+0x1f1/0x3b0
[ 2831.879720][T68199]  ? __fget_files+0x1fb/0x3b0
[ 2831.879743][T68199]  security_file_ioctl+0x9f/0x260
[ 2831.879764][T68199]  __x64_sys_ioctl+0xb7/0x210
[ 2831.879781][T68199]  do_syscall_64+0xcb/0xfa0
[ 2831.879806][T68199]  entry_SYSCALL_64_after_hwframe+0x77/0x7f
[ 2831.879824][T68199] RIP: 0033:0x7f764ebb059d
[ 2831.879840][T68199] Code: 02 b8 ff ff ff ff c3 66 0f 1f 44 00 00 f3 0f 1e fa 48 89 f8 48 89 f7 48 89 d6 48 89 ca 4d 89 c2 4d 89 c8 4c 8b 4c 24 08 0f 05 <48> 3d 01 f0 ff ff 73 01 c3 48 c7 c1 a8 ff ff ff f7 d8 64 89 01 48
[ 2831.879857][T68199] RSP: 002b:00007f764faf3f98 EFLAGS: 00000246 ORIG_RAX: 0000000000000010
[ 2831.879876][T68199] RAX: ffffffffffffffda RBX: 00007f764ee25fa0 RCX: 00007f764ebb059d
[ 2831.879888][T68199] RDX: 0000200000000200 RSI: 00000000c0505405 RDI: 0000000000000003
[ 2831.879899][T68199] RBP: 00007f764faf4010 R08: 0000000000000000 R09: 0000000000000000
[ 2831.879910][T68199] R10: 0000000000000000 R11: 0000000000000246 R12: 0000000000000001
[ 2831.879920][T68199] R13: 00007f764ee26038 R14: 00007f764ee25fa0 R15: 00007f764fad4000
[ 2831.879947][T68199]  </TASK>
[ 2831.879955][T68199] ERROR: Out of memory at tomoyo_realpath_from_path.
[ 2832.234021][T68207] FAULT_INJECTION: forcing a failure.
[ 2832.234021][T68207] name failslab, interval 1, probability 0, space 0, times 0
[ 2832.245319][T68207] CPU: 3 UID: 0 PID: 68207 Comm: syz.2.16831 Not tainted 6.18.0 #1 PREEMPT(full) 
[ 2832.245344][T68207] Hardware name: QEMU Standard PC (i440FX + PIIX, 1996), BIOS rel-1.16.3-0-ga6ed6b701f0a-prebuilt.qemu.org 04/01/2014
[ 2832.245356][T68207] Call Trace:
[ 2832.245363][T68207]  <TASK>
[ 2832.245370][T68207]  dump_stack_lvl+0x180/0x1b0
[ 2832.245411][T68207]  should_fail_ex+0x520/0x650
[ 2832.245434][T68207]  ? tomoyo_realpath_from_path+0xc3/0x600
[ 2832.245457][T68207]  should_failslab+0xc2/0x120
[ 2832.245481][T68207]  __kmalloc_noprof+0xdc/0x8c0
[ 2832.245497][T68207]  ? kfree+0x3b1/0x6c0
[ 2832.245516][T68207]  ? tomoyo_realpath_from_path+0xc3/0x600
[ 2832.245536][T68207]  tomoyo_realpath_from_path+0xc3/0x600
[ 2832.245558][T68207]  ? tomoyo_profile+0x46/0x60
[ 2832.245582][T68207]  tomoyo_path_number_perm+0x221/0x550
[ 2832.245598][T68207]  ? tomoyo_path_number_perm+0x213/0x550
[ 2832.245617][T68207]  ? __pfx_tomoyo_path_number_perm+0x10/0x10
[ 2832.245635][T68207]  ? proc_fail_nth_write+0x97/0x220
[ 2832.245674][T68207]  ? hook_file_ioctl_common+0x146/0x3f0
[ 2832.245696][T68207]  ? __fget_files+0x1f1/0x3b0
[ 2832.245720][T68207]  ? __fget_files+0x1fb/0x3b0
[ 2832.245739][T68207]  security_file_ioctl+0x9f/0x260
[ 2832.245785][T68207]  __x64_sys_ioctl+0xb7/0x210
[ 2832.245802][T68207]  do_syscall_64+0xcb/0xfa0
[ 2832.245828][T68207]  entry_SYSCALL_64_after_hwframe+0x77/0x7f
[ 2832.245845][T68207] RIP: 0033:0x7f8f711b059d
[ 2832.245859][T68207] Code: 02 b8 ff ff ff ff c3 66 0f 1f 44 00 00 f3 0f 1e fa 48 89 f8 48 89 f7 48 89 d6 48 89 ca 4d 89 c2 4d 89 c8 4c 8b 4c 24 08 0f 05 <48> 3d 01 f0 ff ff 73 01 c3 48 c7 c1 a8 ff ff ff f7 d8 64 89 01 48
[ 2832.245873][T68207] RSP: 002b:00007f8f71ff6f98 EFLAGS: 00000246 ORIG_RAX: 0000000000000010
[ 2832.245889][T68207] RAX: ffffffffffffffda RBX: 00007f8f71425fa0 RCX: 00007f8f711b059d
[ 2832.245900][T68207] RDX: 0000000000000000 RSI: 0000000040345410 RDI: 0000000000000003
[ 2832.245909][T68207] RBP: 00007f8f71ff7010 R08: 0000000000000000 R09: 0000000000000000
[ 2832.245918][T68207] R10: 0000000000000000 R11: 0000000000000246 R12: 0000000000000001
[ 2832.245927][T68207] R13: 00007f8f71426038 R14: 00007f8f71425fa0 R15: 00007f8f71fd7000
[ 2832.245950][T68207]  </TASK>
[ 2832.245959][T68207] ERROR: Out of memory at tomoyo_realpath_from_path.
[ 2833.093835][    C2] vkms_vblank_simulate: vblank timer overrun
[ 2833.130642][T68237] FAULT_INJECTION: forcing a failure.
[ 2833.130642][T68237] name failslab, interval 1, probability 0, space 0, times 0
[ 2833.138540][T68237] CPU: 1 UID: 0 PID: 68237 Comm: syz.3.16843 Not tainted 6.18.0 #1 PREEMPT(full) 
[ 2833.138564][T68237] Hardware name: QEMU Standard PC (i440FX + PIIX, 1996), BIOS rel-1.16.3-0-ga6ed6b701f0a-prebuilt.qemu.org 04/01/2014
[ 2833.138576][T68237] Call Trace:
[ 2833.138583][T68237]  <TASK>
[ 2833.138590][T68237]  dump_stack_lvl+0x180/0x1b0
[ 2833.138623][T68237]  should_fail_ex+0x520/0x650
[ 2833.138648][T68237]  ? tomoyo_encode2.part.0+0xe9/0x3a0
[ 2833.138671][T68237]  should_failslab+0xc2/0x120
[ 2833.138697][T68237]  __kmalloc_noprof+0xdc/0x8c0
[ 2833.138834][T68237]  ? d_absolute_path+0x12a/0x1a0
[ 2833.138986][T68237]  ? tomoyo_encode2.part.0+0xe9/0x3a0
[ 2833.139132][T68237]  tomoyo_encode2.part.0+0xe9/0x3a0
[ 2833.139279][T68237]  tomoyo_encode+0x2b/0x60
[ 2833.139381][T68237]  tomoyo_realpath_from_path+0x188/0x600
[ 2833.139534][T68237]  tomoyo_path_number_perm+0x221/0x550
[ 2833.139554][T68237]  ? tomoyo_path_number_perm+0x213/0x550
[ 2833.139699][T68237]  ? __pfx_tomoyo_path_number_perm+0x10/0x10
[ 2833.139861][T68237]  ? proc_fail_nth_write+0x97/0x220
[ 2833.139948][T68237]  ? hook_file_ioctl_common+0x146/0x3f0
[ 2833.139970][T68237]  ? __fget_files+0x1f1/0x3b0
[ 2833.139996][T68237]  ? __fget_files+0x1fb/0x3b0
[ 2833.140020][T68237]  security_file_ioctl+0x9f/0x260
[ 2833.140044][T68237]  __x64_sys_ioctl+0xb7/0x210
[ 2833.140065][T68237]  do_syscall_64+0xcb/0xfa0
[ 2833.140095][T68237]  entry_SYSCALL_64_after_hwframe+0x77/0x7f
[ 2833.140114][T68237] RIP: 0033:0x7f8064db059d
[ 2833.140131][T68237] Code: 02 b8 ff ff ff ff c3 66 0f 1f 44 00 00 f3 0f 1e fa 48 89 f8 48 89 f7 48 89 d6 48 89 ca 4d 89 c2 4d 89 c8 4c 8b 4c 24 08 0f 05 <48> 3d 01 f0 ff ff 73 01 c3 48 c7 c1 a8 ff ff ff f7 d8 64 89 01 48
[ 2833.140148][T68237] RSP: 002b:00007f8065c25f98 EFLAGS: 00000246 ORIG_RAX: 0000000000000010
[ 2833.140167][T68237] RAX: ffffffffffffffda RBX: 00007f8065025fa0 RCX: 00007f8064db059d
[ 2833.140179][T68237] RDX: 0000000000000000 RSI: 0000000040345410 RDI: 0000000000000003
[ 2833.140189][T68237] RBP: 00007f8065c26010 R08: 0000000000000000 R09: 0000000000000000
[ 2833.140199][T68237] R10: 0000000000000000 R11: 0000000000000246 R12: 0000000000000001
[ 2833.140210][T68237] R13: 00007f8065026038 R14: 00007f8065025fa0 R15: 00007f8065c06000
[ 2833.140236][T68237]  </TASK>
[ 2833.140312][T68237] ERROR: Out of memory at tomoyo_realpath_from_path.
[ 2833.166617][    C2] vkms_vblank_simulate: vblank timer overrun
[ 2833.361756][    C2] vkms_vblank_simulate: vblank timer overrun
[ 2834.251336][    C2] vkms_vblank_simulate: vblank timer overrun
[ 2834.425258][T68285] FAULT_INJECTION: forcing a failure.
[ 2834.425258][T68285] name fail_usercopy, interval 1, probability 0, space 0, times 0
[ 2834.448793][    C2] vkms_vblank_simulate: vblank timer overrun
[ 2834.461677][T68285] CPU: 2 UID: 0 PID: 68285 Comm: syz.0.16859 Not tainted 6.18.0 #1 PREEMPT(full) 
[ 2834.461701][T68285] Hardware name: QEMU Standard PC (i440FX + PIIX, 1996), BIOS rel-1.16.3-0-ga6ed6b701f0a-prebuilt.qemu.org 04/01/2014
[ 2834.469214][T68285] Call Trace:
[ 2834.469286][T68285]  <TASK>
[ 2834.469366][T68285]  dump_stack_lvl+0x180/0x1b0
[ 2834.469822][T68285]  should_fail_ex+0x520/0x650
[ 2834.470021][T68285]  _copy_from_user+0x30/0xd0
[ 2834.470096][T68285]  __snd_timer_user_ioctl.isra.0+0x13d0/0x2450
[ 2834.470376][T68285]  ? __pfx___mutex_trylock_common+0x10/0x10
[ 2834.470545][T68285]  ? __pfx___snd_timer_user_ioctl.isra.0+0x10/0x10
[ 2834.470568][T68285]  ? rcu_is_watching+0x12/0xc0
[ 2834.470635][T68285]  ? trace_contention_end+0xdc/0x130
[ 2834.470660][T68285]  ? __mutex_lock+0x19a/0x1000
[ 2834.470712][T68285]  ? snd_timer_user_ioctl+0x4a/0xd0
[ 2834.470773][T68285]  ? __pfx___mutex_lock+0x10/0x10
[ 2834.470794][T68285]  ? hook_file_ioctl_common+0x146/0x3f0
[ 2834.470890][T68285]  snd_timer_user_ioctl+0x76/0xd0
[ 2834.470909][T68285]  ? __pfx_snd_timer_user_ioctl+0x10/0x10
[ 2834.470931][T68285]  __x64_sys_ioctl+0x18f/0x210
[ 2834.471034][T68285]  do_syscall_64+0xcb/0xfa0
[ 2834.471082][T68285]  entry_SYSCALL_64_after_hwframe+0x77/0x7f
[ 2834.471189][T68285] RIP: 0033:0x7f764ebb059d
[ 2834.471228][T68285] Code: 02 b8 ff ff ff ff c3 66 0f 1f 44 00 00 f3 0f 1e fa 48 89 f8 48 89 f7 48 89 d6 48 89 ca 4d 89 c2 4d 89 c8 4c 8b 4c 24 08 0f 05 <48> 3d 01 f0 ff ff 73 01 c3 48 c7 c1 a8 ff ff ff f7 d8 64 89 01 48
[ 2834.471271][T68285] RSP: 002b:00007f764faf3f98 EFLAGS: 00000246 ORIG_RAX: 0000000000000010
[ 2834.471339][T68285] RAX: ffffffffffffffda RBX: 00007f764ee25fa0 RCX: 00007f764ebb059d
[ 2834.471351][T68285] RDX: 0000000000000000 RSI: 0000000040345410 RDI: 0000000000000003
[ 2834.471361][T68285] RBP: 00007f764faf4010 R08: 0000000000000000 R09: 0000000000000000
[ 2834.471370][T68285] R10: 0000000000000000 R11: 0000000000000246 R12: 0000000000000001
[ 2834.471380][T68285] R13: 00007f764ee26038 R14: 00007f764ee25fa0 R15: 00007f764fad4000
[ 2834.471405][T68285]  </TASK>
[ 2834.649314][    C2] vkms_vblank_simulate: vblank timer overrun
[ 2834.974432][    C2] vkms_vblank_simulate: vblank timer overrun
[ 2836.464210][T68322] FAULT_INJECTION: forcing a failure.
[ 2836.464210][T68322] name fail_usercopy, interval 1, probability 0, space 0, times 0
[ 2836.475844][T68322] CPU: 0 UID: 0 PID: 68322 Comm: syz.3.16871 Not tainted 6.18.0 #1 PREEMPT(full) 
[ 2836.475867][T68322] Hardware name: QEMU Standard PC (i440FX + PIIX, 1996), BIOS rel-1.16.3-0-ga6ed6b701f0a-prebuilt.qemu.org 04/01/2014
[ 2836.475880][T68322] Call Trace:
[ 2836.475887][T68322]  <TASK>
[ 2836.475894][T68322]  dump_stack_lvl+0x180/0x1b0
[ 2836.475928][T68322]  should_fail_ex+0x520/0x650
[ 2836.475953][T68322]  _copy_to_user+0x32/0xd0
[ 2836.475977][T68322]  snd_timer_user_gstatus.constprop.0+0x25a/0x390
[ 2836.476001][T68322]  ? __pfx_snd_timer_user_gstatus.constprop.0+0x10/0x10
[ 2836.476041][T68322]  ? register_lock_class+0x41/0x4b0
[ 2836.476107][T68322]  __snd_timer_user_ioctl.isra.0+0x1222/0x2450
[ 2836.476129][T68322]  ? __pfx___mutex_trylock_common+0x10/0x10
[ 2836.476169][T68322]  ? __pfx___snd_timer_user_ioctl.isra.0+0x10/0x10
[ 2836.476192][T68322]  ? rcu_is_watching+0x12/0xc0
[ 2836.476213][T68322]  ? trace_contention_end+0xdc/0x130
[ 2836.476251][T68322]  ? __mutex_lock+0x19a/0x1000
[ 2836.476273][T68322]  ? snd_timer_user_ioctl+0x4a/0xd0
[ 2836.476295][T68322]  ? __pfx___mutex_lock+0x10/0x10
[ 2836.476315][T68322]  ? hook_file_ioctl_common+0x146/0x3f0
[ 2836.476351][T68322]  snd_timer_user_ioctl+0x76/0xd0
[ 2836.476371][T68322]  ? __pfx_snd_timer_user_ioctl+0x10/0x10
[ 2836.476394][T68322]  __x64_sys_ioctl+0x18f/0x210
[ 2836.476416][T68322]  do_syscall_64+0xcb/0xfa0
[ 2836.476444][T68322]  entry_SYSCALL_64_after_hwframe+0x77/0x7f
[ 2836.476464][T68322] RIP: 0033:0x7f8064db059d
[ 2836.476481][T68322] Code: 02 b8 ff ff ff ff c3 66 0f 1f 44 00 00 f3 0f 1e fa 48 89 f8 48 89 f7 48 89 d6 48 89 ca 4d 89 c2 4d 89 c8 4c 8b 4c 24 08 0f 05 <48> 3d 01 f0 ff ff 73 01 c3 48 c7 c1 a8 ff ff ff f7 d8 64 89 01 48
[ 2836.476498][T68322] RSP: 002b:00007f8065c25f98 EFLAGS: 00000246 ORIG_RAX: 0000000000000010
[ 2836.476516][T68322] RAX: ffffffffffffffda RBX: 00007f8065025fa0 RCX: 00007f8064db059d
[ 2836.476528][T68322] RDX: 0000200000000200 RSI: 00000000c0505405 RDI: 0000000000000003
[ 2836.476539][T68322] RBP: 00007f8065c26010 R08: 0000000000000000 R09: 0000000000000000
[ 2836.476550][T68322] R10: 0000000000000000 R11: 0000000000000246 R12: 0000000000000001
[ 2836.476561][T68322] R13: 00007f8065026038 R14: 00007f8065025fa0 R15: 00007f8065c06000
[ 2836.476594][T68322]  </TASK>
[ 2836.942048][T68329] FAULT_INJECTION: forcing a failure.
[ 2836.942048][T68329] name fail_usercopy, interval 1, probability 0, space 0, times 0
[ 2836.961753][T68329] CPU: 3 UID: 0 PID: 68329 Comm: syz.1.16872 Not tainted 6.18.0 #1 PREEMPT(full) 
[ 2836.961778][T68329] Hardware name: QEMU Standard PC (i440FX + PIIX, 1996), BIOS rel-1.16.3-0-ga6ed6b701f0a-prebuilt.qemu.org 04/01/2014
[ 2836.961790][T68329] Call Trace:
[ 2836.961797][T68329]  <TASK>
[ 2836.961804][T68329]  dump_stack_lvl+0x180/0x1b0
[ 2836.961836][T68329]  should_fail_ex+0x520/0x650
[ 2836.962003][T68329]  _copy_to_user+0x32/0xd0
[ 2836.962027][T68329]  simple_read_from_buffer+0xcb/0x180
[ 2836.962094][T68329]  proc_fail_nth_read+0x18a/0x240
[ 2836.962162][T68329]  ? __pfx_proc_fail_nth_read+0x10/0x10
[ 2836.962186][T68329]  ? rw_verify_area+0xcf/0x6e0
[ 2836.962216][T68329]  ? __pfx_proc_fail_nth_read+0x10/0x10
[ 2836.962236][T68329]  vfs_read+0x1e6/0xc70
[ 2836.962270][T68329]  ? __pfx___mutex_lock+0x10/0x10
[ 2836.962288][T68329]  ? __pfx_vfs_read+0x10/0x10
[ 2836.962308][T68329]  ? __fget_files+0x1f1/0x3b0
[ 2836.962344][T68329]  ? __fget_files+0x1fb/0x3b0
[ 2836.962392][T68329]  ksys_read+0x121/0x240
[ 2836.962415][T68329]  ? __pfx_ksys_read+0x10/0x10
[ 2836.962438][T68329]  do_syscall_64+0xcb/0xfa0
[ 2836.962503][T68329]  entry_SYSCALL_64_after_hwframe+0x77/0x7f
[ 2836.962738][T68329] RIP: 0033:0x7f3a8fdaef6c
[ 2836.962754][T68329] Code: ec 28 48 89 54 24 18 48 89 74 24 10 89 7c 24 08 e8 09 0e 03 00 48 8b 54 24 18 48 8b 74 24 10 41 89 c0 8b 7c 24 08 31 c0 0f 05 <48> 3d 00 f0 ff ff 77 34 44 89 c7 48 89 44 24 08 e8 4f 0e 03 00 48
[ 2836.962769][T68329] RSP: 002b:00007f3a90ba1f90 EFLAGS: 00000246 ORIG_RAX: 0000000000000000
[ 2836.962784][T68329] RAX: ffffffffffffffda RBX: 00007f3a90025fa0 RCX: 00007f3a8fdaef6c
[ 2836.962795][T68329] RDX: 000000000000000f RSI: 00007f3a90ba2020 RDI: 0000000000000004
[ 2836.962805][T68329] RBP: 00007f3a90ba2010 R08: 0000000000000000 R09: 0000000000000000
[ 2836.962816][T68329] R10: 0000000000000000 R11: 0000000000000246 R12: 0000000000000001
[ 2836.962826][T68329] R13: 00007f3a90026038 R14: 00007f3a90025fa0 R15: 00007f3a90b82000
[ 2836.962865][T68329]  </TASK>
[ 2839.205027][    C2] vkms_vblank_simulate: vblank timer overrun
[ 2841.333129][    C2] vkms_vblank_simulate: vblank timer overrun
[ 2843.200083][T68437] warn_alloc: 1 callbacks suppressed
[ 2843.200141][T68437] syz.0.16907: vmalloc error: size 33558528, failed to allocated page array size 65544, mode:0xdc2(GFP_KERNEL|__GFP_HIGHMEM|__GFP_ZERO), nodemask=(null),cpuset=/,mems_allowed=0-1
[ 2843.227198][T68437] CPU: 0 UID: 0 PID: 68437 Comm: syz.0.16907 Not tainted 6.18.0 #1 PREEMPT(full) 
[ 2843.227221][T68437] Hardware name: QEMU Standard PC (i440FX + PIIX, 1996), BIOS rel-1.16.3-0-ga6ed6b701f0a-prebuilt.qemu.org 04/01/2014
[ 2843.227231][T68437] Call Trace:
[ 2843.227236][T68437]  <TASK>
[ 2843.227243][T68437]  dump_stack_lvl+0x180/0x1b0
[ 2843.227272][T68437]  warn_alloc+0x211/0x360
[ 2843.227367][T68437]  ? __pfx_warn_alloc+0x10/0x10
[ 2843.227383][T68437]  ? __pfx_alloc_vmap_area+0x10/0x10
[ 2843.227438][T68437]  ? __get_vm_area_node+0x10c/0x340
[ 2843.227464][T68437]  ? drm_property_create_blob.part.0+0x34/0x320
[ 2843.227596][T68437]  ? __vmalloc_node_noprof+0xac/0xf0
[ 2843.227622][T68437]  __vmalloc_node_range_noprof+0xfaa/0x13b0
[ 2843.227652][T68437]  ? drm_property_create_blob.part.0+0x34/0x320
[ 2843.227680][T68437]  ? __pfx___vmalloc_node_range_noprof+0x10/0x10
[ 2843.227712][T68437]  __kvmalloc_node_noprof+0x41f/0x9d0
[ 2843.227740][T68437]  ? drm_property_create_blob.part.0+0x34/0x320
[ 2843.227763][T68437]  ? drm_property_create_blob.part.0+0x34/0x320
[ 2843.227789][T68437]  ? drm_property_create_blob.part.0+0x34/0x320
[ 2843.227810][T68437]  drm_property_create_blob.part.0+0x34/0x320
[ 2843.227834][T68437]  drm_mode_createblob_ioctl+0x139/0x490
[ 2843.227872][T68437]  drm_ioctl_kernel+0x1ed/0x3e0
[ 2843.227896][T68437]  ? __pfx_drm_mode_createblob_ioctl+0x10/0x10
[ 2843.227918][T68437]  ? __pfx_drm_ioctl_kernel+0x10/0x10
[ 2843.227938][T68437]  drm_ioctl+0x574/0xb90
[ 2843.227954][T68437]  ? __pfx_drm_mode_createblob_ioctl+0x10/0x10
[ 2843.227976][T68437]  ? __pfx_drm_ioctl+0x10/0x10
[ 2843.227991][T68437]  ? hook_file_ioctl_common+0x146/0x3f0
[ 2843.228016][T68437]  ? __fget_files+0x1fb/0x3b0
[ 2843.228036][T68437]  ? __pfx_drm_ioctl+0x10/0x10
[ 2843.228051][T68437]  __x64_sys_ioctl+0x18f/0x210
[ 2843.228067][T68437]  do_syscall_64+0xcb/0xfa0
[ 2843.228091][T68437]  entry_SYSCALL_64_after_hwframe+0x77/0x7f
[ 2843.228107][T68437] RIP: 0033:0x7f764ebb059d
[ 2843.228121][T68437] Code: 02 b8 ff ff ff ff c3 66 0f 1f 44 00 00 f3 0f 1e fa 48 89 f8 48 89 f7 48 89 d6 48 89 ca 4d 89 c2 4d 89 c8 4c 8b 4c 24 08 0f 05 <48> 3d 01 f0 ff ff 73 01 c3 48 c7 c1 a8 ff ff ff f7 d8 64 89 01 48
[ 2843.228149][T68437] RSP: 002b:00007f764faf3f98 EFLAGS: 00000246 ORIG_RAX: 0000000000000010
[ 2843.228165][T68437] RAX: ffffffffffffffda RBX: 00007f764ee25fa0 RCX: 00007f764ebb059d
[ 2843.228175][T68437] RDX: 0000200000000180 RSI: 00000000c01064bd RDI: 0000000000000006
[ 2843.228184][T68437] RBP: 00007f764ec4e078 R08: 0000000000000000 R09: 0000000000000000
[ 2843.228193][T68437] R10: 0000000000000000 R11: 0000000000000246 R12: 0000000000000000
[ 2843.228202][T68437] R13: 00007f764ee26038 R14: 00007f764ee25fa0 R15: 00007f764fad4000
[ 2843.228223][T68437]  </TASK>
[ 2843.228229][T68437] Mem-Info:
[ 2843.525907][T68437] active_anon:7329 inactive_anon:0 isolated_anon:0
[ 2843.525907][T68437]  active_file:5322 inactive_file:65319 isolated_file:0
[ 2843.525907][T68437]  unevictable:4379 dirty:2622 writeback:0
[ 2843.525907][T68437]  slab_reclaimable:13281 slab_unreclaimable:65921
[ 2843.525907][T68437]  mapped:27845 shmem:5884 pagetables:1115
[ 2843.525907][T68437]  sec_pagetables:0 bounce:0
[ 2843.525907][T68437]  kernel_misc_reclaimable:0
[ 2843.525907][T68437]  free:453696 free_pcp:20116 free_cma:0
[ 2843.573708][    C2] vkms_vblank_simulate: vblank timer overrun
[ 2843.578494][T68437] Node 0 active_anon:11104kB inactive_anon:0kB active_file:9024kB inactive_file:87452kB unevictable:3636kB isolated(anon):0kB isolated(file):0kB mapped:24000kB dirty:944kB writeback:0kB shmem:5748kB shmem_thp:0kB shmem_pmdmapped:0kB anon_thp:0kB kernel_stack:6304kB pagetables:2064kB sec_pagetables:0kB all_unreclaimable? no Balloon:0kB
[ 2843.615680][    C2] vkms_vblank_simulate: vblank timer overrun
[ 2843.637144][T68437] Node 1 active_anon:18100kB inactive_anon:0kB active_file:12264kB inactive_file:173824kB unevictable:13844kB isolated(anon):0kB isolated(file):0kB mapped:80496kB dirty:9560kB writeback:0kB shmem:17776kB shmem_thp:0kB shmem_pmdmapped:0kB anon_thp:0kB kernel_stack:5920kB pagetables:2260kB sec_pagetables:0kB all_unreclaimable? no Balloon:0kB
[ 2843.674507][    C2] vkms_vblank_simulate: vblank timer overrun
[ 2843.682048][T68437] Node 0 DMA free:15060kB boost:0kB min:452kB low:564kB high:676kB reserved_highatomic:0KB free_highatomic:0KB active_anon:0kB inactive_anon:0kB active_file:0kB inactive_file:0kB unevictable:0kB writepending:0kB zspages:0kB present:15992kB managed:15360kB mlocked:0kB bounce:0kB free_pcp:300kB local_pcp:124kB free_cma:0kB
[ 2843.716061][    C2] vkms_vblank_simulate: vblank timer overrun
[ 2843.760862][T68437] lowmem_reserve[]: 0 1176 1176 1176 1176
[ 2843.804012][T68437] Node 0 DMA32 free:699968kB boost:2048kB min:36884kB low:45592kB high:54300kB reserved_highatomic:0KB free_highatomic:0KB active_anon:11060kB inactive_anon:0kB active_file:9024kB inactive_file:87452kB unevictable:3540kB writepending:1044kB zspages:0kB present:2080772kB managed:1204832kB mlocked:4kB bounce:0kB free_pcp:38616kB local_pcp:15496kB free_cma:0kB
[ 2843.835213][    C2] vkms_vblank_simulate: vblank timer overrun
[ 2843.857552][T68437] lowmem_reserve[]: 0 0 0 0 0
[ 2843.861724][T68437] Node 1 DMA32 free:948104kB boost:0kB min:29136kB low:36420kB high:43704kB reserved_highatomic:0KB free_highatomic:0KB active_anon:636kB inactive_anon:0kB active_file:1752kB inactive_file:3608kB unevictable:0kB writepending:1152kB zspages:0kB present:1048444kB managed:982908kB mlocked:0kB bounce:0kB free_pcp:28532kB local_pcp:12320kB free_cma:0kB
[ 2843.946766][T68437] lowmem_reserve[]: 0 0 846 846 846
[ 2843.965207][T68437] Node 1 Normal free:184036kB boost:0kB min:25680kB low:32100kB high:38520kB reserved_highatomic:0KB free_highatomic:0KB active_anon:17464kB inactive_anon:0kB active_file:10512kB inactive_file:170216kB unevictable:13844kB writepending:8408kB zspages:0kB present:1048576kB managed:866440kB mlocked:10308kB bounce:0kB free_pcp:16404kB local_pcp:7120kB free_cma:0kB
[ 2844.015449][T68437] lowmem_reserve[]: 0 0 0 0 0
[ 2844.018488][T68437] Node 0 DMA: 3*4kB (U) 1*8kB (U) 0*16kB 2*32kB (U) 2*64kB (U) 4*128kB (U) 4*256kB (U) 4*512kB (U) 5*1024kB (U) 1*2048kB (U) 1*4096kB (U) = 15060kB
[ 2844.040356][T68437] Node 0 DMA32: 462*4kB (ME) 63*8kB (ME) 957*16kB (UM) 925*32kB (UME) 724*64kB (UME) 513*128kB (UM) 371*256kB (UM) 303*512kB (UME) 271*1024kB (UME) 1*2048kB (U) 0*4096kB = 688928kB
[ 2844.062773][T68437] Node 1 DMA32: 23*4kB (UM) 21*8kB (UME) 26*16kB (UME) 23*32kB (UME) 23*64kB (UME) 13*128kB (UME) 10*256kB (UME) 6*512kB (UM) 8*1024kB (UME) 10*2048kB (UME) 222*4096kB (UM) = 948164kB
[ 2844.082067][T68437] Node 1 Normal: 1089*4kB (UME) 600*8kB (UME) 631*16kB (UME) 381*32kB (UME) 219*64kB (UME) 73*128kB (UME) 9*256kB (UE) 61*512kB (U) 101*1024kB (U) 0*2048kB 0*4096kB = 191764kB
[ 2844.097271][T68437] Node 0 hugepages_total=2 hugepages_free=2 hugepages_surp=0 hugepages_size=2048kB
[ 2844.103542][T68437] Node 1 hugepages_total=2 hugepages_free=1 hugepages_surp=0 hugepages_size=2048kB
[ 2844.108569][T68437] 76518 total pagecache pages
[ 2844.110704][T68437] 0 pages in swap cache
[ 2844.112677][T68437] Free swap  = 124996kB
[ 2844.115197][T68437] Total swap = 124996kB
[ 2844.117091][T68437] 1048446 pages RAM
[ 2844.118822][T68437] 0 pages HighMem/MovableOnly
[ 2844.121111][T68437] 281061 pages reserved
[ 2844.123044][T68437] 0 pages cma reserved
[ 2844.218471][    C2] vkms_vblank_simulate: vblank timer overrun
[ 2844.988917][   T67] Bluetooth: hci1: unexpected cc 0x0c03 length: 249 > 1
[ 2845.018501][   T67] Bluetooth: hci1: unexpected cc 0x1003 length: 249 > 9
[ 2845.065001][   T67] Bluetooth: hci1: unexpected cc 0x1001 length: 249 > 9
[ 2845.083328][   T67] Bluetooth: hci1: unexpected cc 0x0c23 length: 249 > 4
[ 2845.110500][   T67] Bluetooth: hci1: unexpected cc 0x0c38 length: 249 > 2
[ 2845.358447][T65421] netdevsim netdevsim3 netdevsim3 (unregistering): unset [1, 0] type 2 family 0 port 6081 - 0
[ 2845.449347][    C2] vkms_vblank_simulate: vblank timer overrun
[ 2845.573177][T65421] netdevsim netdevsim3 netdevsim2 (unregistering): unset [1, 0] type 2 family 0 port 6081 - 0
[ 2845.796999][    C2] vkms_vblank_simulate: vblank timer overrun
[ 2845.817310][T65421] netdevsim netdevsim3 netdevsim1 (unregistering): unset [1, 0] type 2 family 0 port 6081 - 0
[ 2845.822683][T68510] ALSA: seq fatal error: cannot create timer (-19)
[ 2846.125961][    C2] vkms_vblank_simulate: vblank timer overrun
[ 2846.434978][    C2] vkms_vblank_simulate: vblank timer overrun
[ 2846.479776][T65421] netdevsim netdevsim3 netdevsim0 (unregistering): unset [1, 0] type 2 family 0 port 6081 - 0
[ 2846.597940][    C2] vkms_vblank_simulate: vblank timer overrun
[ 2846.783394][    C2] vkms_vblank_simulate: vblank timer overrun
[ 2846.868911][    C2] vkms_vblank_simulate: vblank timer overrun
[ 2846.925533][T68487] chnl_net:caif_netlink_parms(): no params data found
[ 2847.075069][    C2] vkms_vblank_simulate: vblank timer overrun
[ 2847.183964][T61248] Bluetooth: hci1: command tx timeout
[ 2847.482298][    C2] vkms_vblank_simulate: vblank timer overrun
[ 2847.814519][T68487] bridge0: port 1(bridge_slave_0) entered blocking state
[ 2847.822935][T68487] bridge0: port 1(bridge_slave_0) entered disabled state
[ 2847.830669][T68487] bridge_slave_0: entered allmulticast mode
[ 2847.839759][T68487] bridge_slave_0: entered promiscuous mode
[ 2847.860036][T68487] bridge0: port 2(bridge_slave_1) entered blocking state
[ 2847.883349][T68487] bridge0: port 2(bridge_slave_1) entered disabled state
[ 2847.893447][T68487] bridge_slave_1: entered allmulticast mode
[ 2847.978877][T68487] bridge_slave_1: entered promiscuous mode
[ 2848.182323][T68487] bond0: (slave bond_slave_0): Enslaving as an active interface with an up link
[ 2848.331810][    C2] vkms_vblank_simulate: vblank timer overrun
[ 2848.341174][T65421] bridge_slave_1: left allmulticast mode
[ 2848.360153][T65421] bridge_slave_1: left promiscuous mode
[ 2848.363540][T65421] bridge0: port 2(bridge_slave_1) entered disabled state
[ 2848.494536][T65421] bridge_slave_0: left allmulticast mode
[ 2848.513101][T65421] bridge_slave_0: left promiscuous mode
[ 2848.520036][T65421] bridge0: port 1(bridge_slave_0) entered disabled state
[ 2848.766570][    C2] vkms_vblank_simulate: vblank timer overrun
[ 2848.977454][    C2] vkms_vblank_simulate: vblank timer overrun
[ 2849.264886][T61248] Bluetooth: hci1: command tx timeout
[ 2849.339272][    C2] vkms_vblank_simulate: vblank timer overrun
[ 2849.658708][    C2] vkms_vblank_simulate: vblank timer overrun
[ 2849.953552][    C2] vkms_vblank_simulate: vblank timer overrun
[ 2850.065386][    C2] vkms_vblank_simulate: vblank timer overrun
[ 2850.149320][T65421] bond0 (unregistering): (slave bond_slave_0): Releasing backup interface
[ 2850.174154][T65421] bond0 (unregistering): (slave bond_slave_1): Releasing backup interface
[ 2850.243419][T65421] bond0 (unregistering): Released all slaves
[ 2850.378965][T68487] bond0: (slave bond_slave_1): Enslaving as an active interface with an up link
[ 2850.555313][T68487] team0: Port device team_slave_0 added
[ 2850.573216][T68487] team0: Port device team_slave_1 added
[ 2851.249161][T68487] batman_adv: batadv0: Adding interface: batadv_slave_0
[ 2851.262092][T68487] batman_adv: batadv0: The MTU of interface batadv_slave_0 is too small (1500) to handle the transport of batman-adv packets. Packets going over this interface will be fragmented on layer2 which could impact the performance. Setting the MTU to 1532 would solve the problem.
[ 2851.282714][    C2] vkms_vblank_simulate: vblank timer overrun
[ 2851.290913][T68487] batman_adv: batadv0: Not using interface batadv_slave_0 (retrying later): interface not active
[ 2851.311773][T68487] batman_adv: batadv0: Adding interface: batadv_slave_1
[ 2851.326290][T68487] batman_adv: batadv0: The MTU of interface batadv_slave_1 is too small (1500) to handle the transport of batman-adv packets. Packets going over this interface will be fragmented on layer2 which could impact the performance. Setting the MTU to 1532 would solve the problem.
[ 2851.344923][T61248] Bluetooth: hci1: command tx timeout
[ 2851.353720][    C2] vkms_vblank_simulate: vblank timer overrun
[ 2851.370961][T68487] batman_adv: batadv0: Not using interface batadv_slave_1 (retrying later): interface not active
[ 2852.540144][T65421] hsr_slave_0: left promiscuous mode
[ 2852.608485][T65421] hsr_slave_1: left promiscuous mode
[ 2852.624433][T65421] batman_adv: batadv0: Interface deactivated: batadv_slave_0
[ 2852.653533][T65421] batman_adv: batadv0: Removing interface: batadv_slave_0
[ 2852.772296][T65421] batman_adv: batadv0: Interface deactivated: batadv_slave_1
[ 2852.805468][T65421] batman_adv: batadv0: Removing interface: batadv_slave_1
[ 2852.987527][    C2] vkms_vblank_simulate: vblank timer overrun
[ 2853.048864][T65421] veth1_macvtap: left promiscuous mode
[ 2853.133415][T65421] veth0_macvtap: left promiscuous mode
[ 2853.136263][T65421] veth1_vlan: left promiscuous mode
[ 2853.138779][T65421] veth0_vlan: left promiscuous mode
[ 2853.144929][    C2] vkms_vblank_simulate: vblank timer overrun
[ 2853.433333][T61248] Bluetooth: hci1: command tx timeout
[ 2854.431034][T65421] team0 (unregistering): Port device team_slave_1 removed
[ 2854.653174][T65421] team0 (unregistering): Port device team_slave_0 removed
[ 2855.809434][T68487] hsr_slave_0: entered promiscuous mode
[ 2855.818905][T68487] hsr_slave_1: entered promiscuous mode
[ 2856.726276][T68487] netdevsim netdevsim3 netdevsim0: renamed from eth0
[ 2856.737898][T68487] netdevsim netdevsim3 netdevsim1: renamed from eth1
[ 2856.748394][T68487] netdevsim netdevsim3 netdevsim2: renamed from eth2
[ 2856.762400][T68487] netdevsim netdevsim3 netdevsim3: renamed from eth3
[ 2856.888456][T68487] 8021q: adding VLAN 0 to HW filter on device bond0
[ 2856.906647][T68487] 8021q: adding VLAN 0 to HW filter on device team0
[ 2856.936421][T36484] bridge0: port 1(bridge_slave_0) entered blocking state
[ 2856.943535][T36484] bridge0: port 1(bridge_slave_0) entered forwarding state
[ 2856.953149][T36484] bridge0: port 2(bridge_slave_1) entered blocking state
[ 2856.957843][T36484] bridge0: port 2(bridge_slave_1) entered forwarding state
[ 2857.274256][ T1357] ieee802154 phy0 wpan0: encryption failed: -22
[ 2857.288371][ T1357] ieee802154 phy1 wpan1: encryption failed: -22
[ 2857.308643][T68487] 8021q: adding VLAN 0 to HW filter on device batadv0
[ 2857.399938][T68487] veth0_vlan: entered promiscuous mode
[ 2857.411704][T68487] veth1_vlan: entered promiscuous mode
[ 2857.481746][T68487] veth0_macvtap: entered promiscuous mode
[ 2857.518006][T68487] veth1_macvtap: entered promiscuous mode
[ 2857.543113][T68487] batman_adv: batadv0: Interface activated: batadv_slave_0
[ 2857.567032][T68487] batman_adv: batadv0: Interface activated: batadv_slave_1
[ 2857.587412][T42301] netdevsim netdevsim3 netdevsim0: set [1, 0] type 2 family 0 port 6081 - 0
[ 2857.592284][T42301] netdevsim netdevsim3 netdevsim1: set [1, 0] type 2 family 0 port 6081 - 0
[ 2857.616169][    C2] vkms_vblank_simulate: vblank timer overrun
[ 2857.641643][T42301] netdevsim netdevsim3 netdevsim2: set [1, 0] type 2 family 0 port 6081 - 0
[ 2857.685028][T42293] netdevsim netdevsim3 netdevsim3: set [1, 0] type 2 family 0 port 6081 - 0
[ 2857.844117][   T42] wlan0: Created IBSS using preconfigured BSSID 50:50:50:50:50:50
[ 2857.850861][   T42] wlan0: Creating new IBSS network, BSSID 50:50:50:50:50:50
[ 2857.915116][T50944] wlan1: Created IBSS using preconfigured BSSID 50:50:50:50:50:50
[ 2857.919189][T50944] wlan1: Creating new IBSS network, BSSID 50:50:50:50:50:50
[ 2858.089491][    C2] vkms_vblank_simulate: vblank timer overrun
[ 2858.147407][    C2] vkms_vblank_simulate: vblank timer overrun
[ 2858.973486][    C2] vkms_vblank_simulate: vblank timer overrun
[ 2859.109498][    C2] vkms_vblank_simulate: vblank timer overrun
[ 2859.901611][    C2] vkms_vblank_simulate: vblank timer overrun
[ 2859.998611][    C2] vkms_vblank_simulate: vblank timer overrun
[ 2860.175191][    C2] vkms_vblank_simulate: vblank timer overrun
[ 2860.235201][    C2] vkms_vblank_simulate: vblank timer overrun
[ 2861.574489][    C2] vkms_vblank_simulate: vblank timer overrun
[ 2861.630478][    C2] vkms_vblank_simulate: vblank timer overrun
[ 2861.733600][    C2] vkms_vblank_simulate: vblank timer overrun
[ 2862.049451][    C2] vkms_vblank_simulate: vblank timer overrun
[ 2862.920930][    C2] vkms_vblank_simulate: vblank timer overrun
[ 2863.033424][    C2] vkms_vblank_simulate: vblank timer overrun
[ 2863.375652][    C2] vkms_vblank_simulate: vblank timer overrun
[ 2863.882155][    C2] vkms_vblank_simulate: vblank timer overrun
[ 2864.063409][    C2] vkms_vblank_simulate: vblank timer overrun
[ 2864.179482][    C2] vkms_vblank_simulate: vblank timer overrun
[ 2864.284455][    C2] vkms_vblank_simulate: vblank timer overrun
[ 2864.853401][    C2] vkms_vblank_simulate: vblank timer overrun
[ 2865.697524][    C2] vkms_vblank_simulate: vblank timer overrun
[ 2865.817519][    C2] vkms_vblank_simulate: vblank timer overrun
[ 2866.375684][T69137] warn_alloc: 5 callbacks suppressed
[ 2866.375708][T69137] syz.1.17020: vmalloc error: size 35651584, failed to allocated page array size 69632, mode:0xdc2(GFP_KERNEL|__GFP_HIGHMEM|__GFP_ZERO), nodemask=(null),cpuset=/,mems_allowed=0-1
[ 2866.412790][T69137] CPU: 0 UID: 0 PID: 69137 Comm: syz.1.17020 Not tainted 6.18.0 #1 PREEMPT(full) 
[ 2866.412833][T69137] Hardware name: QEMU Standard PC (i440FX + PIIX, 1996), BIOS rel-1.16.3-0-ga6ed6b701f0a-prebuilt.qemu.org 04/01/2014
[ 2866.412846][T69137] Call Trace:
[ 2866.412853][T69137]  <TASK>
[ 2866.412862][T69137]  dump_stack_lvl+0x180/0x1b0
[ 2866.412899][T69137]  warn_alloc+0x211/0x360
[ 2866.412925][T69137]  ? __pfx_warn_alloc+0x10/0x10
[ 2866.412946][T69137]  ? __pfx_alloc_vmap_area+0x10/0x10
[ 2866.412972][T69137]  ? __get_vm_area_node+0x10c/0x340
[ 2866.413005][T69137]  ? drm_property_create_blob.part.0+0x34/0x320
[ 2866.413034][T69137]  ? __vmalloc_node_noprof+0xac/0xf0
[ 2866.413070][T69137]  __vmalloc_node_range_noprof+0xfaa/0x13b0
[ 2866.413108][T69137]  ? drm_property_create_blob.part.0+0x34/0x320
[ 2866.413144][T69137]  ? __pfx___vmalloc_node_range_noprof+0x10/0x10
[ 2866.413184][T69137]  __kvmalloc_node_noprof+0x41f/0x9d0
[ 2866.413209][T69137]  ? drm_property_create_blob.part.0+0x34/0x320
[ 2866.413238][T69137]  ? drm_property_create_blob.part.0+0x34/0x320
[ 2866.413350][T69137]  ? drm_property_create_blob.part.0+0x34/0x320
[ 2866.413378][T69137]  drm_property_create_blob.part.0+0x34/0x320
[ 2866.413411][T69137]  drm_mode_createblob_ioctl+0x139/0x490
[ 2866.413444][T69137]  drm_ioctl_kernel+0x1ed/0x3e0
[ 2866.413463][T69137]  ? __pfx_drm_mode_createblob_ioctl+0x10/0x10
[ 2866.413492][T69137]  ? __pfx_drm_ioctl_kernel+0x10/0x10
[ 2866.413519][T69137]  drm_ioctl+0x574/0xb90
[ 2866.413541][T69137]  ? __pfx_drm_mode_createblob_ioctl+0x10/0x10
[ 2866.413570][T69137]  ? __pfx_drm_ioctl+0x10/0x10
[ 2866.413591][T69137]  ? hook_file_ioctl_common+0x146/0x3f0
[ 2866.413625][T69137]  ? __fget_files+0x1fb/0x3b0
[ 2866.413652][T69137]  ? __pfx_drm_ioctl+0x10/0x10
[ 2866.413671][T69137]  __x64_sys_ioctl+0x18f/0x210
[ 2866.413693][T69137]  do_syscall_64+0xcb/0xfa0
[ 2866.413726][T69137]  entry_SYSCALL_64_after_hwframe+0x77/0x7f
[ 2866.413746][T69137] RIP: 0033:0x7f3a8fdb059d
[ 2866.413762][T69137] Code: 02 b8 ff ff ff ff c3 66 0f 1f 44 00 00 f3 0f 1e fa 48 89 f8 48 89 f7 48 89 d6 48 89 ca 4d 89 c2 4d 89 c8 4c 8b 4c 24 08 0f 05 <48> 3d 01 f0 ff ff 73 01 c3 48 c7 c1 a8 ff ff ff f7 d8 64 89 01 48
[ 2866.413799][T69137] RSP: 002b:00007f3a90b80f98 EFLAGS: 00000246 ORIG_RAX: 0000000000000010
[ 2866.413889][T69137] RAX: ffffffffffffffda RBX: 00007f3a90026090 RCX: 00007f3a8fdb059d
[ 2866.413901][T69137] RDX: 0000200000000180 RSI: 00000000c01064bd RDI: 0000000000000004
[ 2866.413913][T69137] RBP: 00007f3a8fe4e078 R08: 0000000000000000 R09: 0000000000000000
[ 2866.413923][T69137] R10: 0000000000000000 R11: 0000000000000246 R12: 0000000000000000
[ 2866.413933][T69137] R13: 00007f3a90026128 R14: 00007f3a90026090 R15: 00007f3a90b61000
[ 2866.413955][T69137]  </TASK>
[ 2866.919130][    C2] vkms_vblank_simulate: vblank timer overrun
[ 2866.971209][T69137] Mem-Info:
[ 2866.972690][T69137] active_anon:9993 inactive_anon:0 isolated_anon:0
[ 2866.972690][T69137]  active_file:5317 inactive_file:65352 isolated_file:0
[ 2866.972690][T69137]  unevictable:6503 dirty:2422 writeback:0
[ 2866.972690][T69137]  slab_reclaimable:13290 slab_unreclaimable:66009
[ 2866.972690][T69137]  mapped:31773 shmem:8947 pagetables:1062
[ 2866.972690][T69137]  sec_pagetables:0 bounce:0
[ 2866.972690][T69137]  kernel_misc_reclaimable:0
[ 2866.972690][T69137]  free:448102 free_pcp:21095 free_cma:0
[ 2866.991647][T69137] Node 0 active_anon:16356kB inactive_anon:0kB active_file:8976kB inactive_file:87544kB unevictable:10364kB isolated(anon):0kB isolated(file):0kB mapped:43124kB dirty:728kB writeback:0kB shmem:18004kB shmem_thp:0kB shmem_pmdmapped:0kB anon_thp:0kB kernel_stack:6584kB pagetables:1964kB sec_pagetables:0kB all_unreclaimable? no Balloon:0kB
[ 2867.005071][T69137] Node 1 active_anon:24772kB inactive_anon:0kB active_file:12292kB inactive_file:173864kB unevictable:12092kB isolated(anon):0kB isolated(file):0kB mapped:78512kB dirty:8960kB writeback:0kB shmem:13684kB shmem_thp:0kB shmem_pmdmapped:0kB anon_thp:0kB kernel_stack:5700kB pagetables:2284kB sec_pagetables:0kB all_unreclaimable? no Balloon:0kB
[ 2867.018356][T69137] Node 0 DMA free:15052kB boost:0kB min:452kB low:564kB high:676kB reserved_highatomic:0KB free_highatomic:0KB active_anon:0kB inactive_anon:0kB active_file:0kB inactive_file:0kB unevictable:0kB writepending:0kB zspages:0kB present:15992kB managed:15360kB mlocked:0kB bounce:0kB free_pcp:292kB local_pcp:52kB free_cma:0kB
[ 2867.093630][T69137] lowmem_reserve[]: 0 1176 1176 1176 1176
[ 2867.096171][T69137] Node 0 DMA32 free:674424kB boost:0kB min:34836kB low:43544kB high:52252kB reserved_highatomic:0KB free_highatomic:0KB active_anon:20696kB inactive_anon:0kB active_file:8976kB inactive_file:87544kB unevictable:6024kB writepending:728kB zspages:0kB present:2080772kB managed:1204832kB mlocked:2492kB bounce:0kB free_pcp:14772kB local_pcp:2636kB free_cma:0kB
[ 2867.137605][T69137] lowmem_reserve[]: 0 0 0 0 0
[ 2867.139691][T69137] Node 1 DMA32 free:923244kB boost:0kB min:29136kB low:36420kB high:43704kB reserved_highatomic:0KB free_highatomic:0KB active_anon:2896kB inactive_anon:0kB active_file:1756kB inactive_file:3616kB unevictable:0kB writepending:1028kB zspages:0kB present:1048444kB managed:982908kB mlocked:0kB bounce:0kB free_pcp:41784kB local_pcp:6444kB free_cma:0kB
[ 2867.154487][T69137] lowmem_reserve[]: 0 0 846 846 846
[ 2867.157093][T69137] Node 1 Normal free:191224kB boost:0kB min:25680kB low:32100kB high:38520kB reserved_highatomic:0KB free_highatomic:0KB active_anon:24576kB inactive_anon:0kB active_file:10536kB inactive_file:170248kB unevictable:6392kB writepending:7932kB zspages:0kB present:1048576kB managed:866440kB mlocked:2964kB bounce:0kB free_pcp:27580kB local_pcp:380kB free_cma:0kB
[ 2867.211906][T69137] lowmem_reserve[]: 0 0 0 0 0
[ 2867.222876][T69137] Node 0 DMA: 3*4kB (U) 2*8kB (U) 0*16kB 4*32kB (U) 3*64kB (U) 3*128kB (U) 4*256kB (U) 4*512kB (U) 5*1024kB (U) 3*2048kB (U) 0*4096kB = 15068kB
[ 2867.243073][T69137] Node 0 DMA32: 853*4kB (UME) 735*8kB (UME) 377*16kB (UM) 484*32kB (UME) 779*64kB (UME) 520*128kB (UM) 361*256kB (UM) 306*512kB (UM) 271*1024kB (UM) 0*2048kB 0*4096kB = 673820kB
[ 2867.260419][T69137] Node 1 DMA32: 8*4kB (UM) 12*8kB (UME) 16*16kB (UME) 8*32kB (UME) 11*64kB (UME) 7*128kB (UME) 9*256kB (UME) 11*512kB (UM) 6*1024kB (UME) 4*2048kB (UE) 220*4096kB (UM) = 925632kB
[ 2867.280645][T69137] Node 1 Normal: 564*4kB (UE) 447*8kB (UE) 443*16kB (UE) 487*32kB (UE) 266*64kB (U) 94*128kB (UE) 11*256kB (UE) 66*512kB (U) 101*1024kB (U) 0*2048kB 0*4096kB = 197592kB
[ 2867.296989][T69137] Node 0 hugepages_total=2 hugepages_free=2 hugepages_surp=0 hugepages_size=2048kB
[ 2867.311865][T69137] Node 1 hugepages_total=2 hugepages_free=2 hugepages_surp=0 hugepages_size=2048kB
[ 2867.322126][T69137] 77946 total pagecache pages
[ 2867.333066][T69137] 0 pages in swap cache
[ 2867.343126][T69137] Free swap  = 124996kB
[ 2867.345083][T69137] Total swap = 124996kB
[ 2867.351931][T69137] 1048446 pages RAM
[ 2867.359286][T69137] 0 pages HighMem/MovableOnly
[ 2867.380485][T69137] 281061 pages reserved
[ 2867.395640][T69137] 0 pages cma reserved
[ 2867.982149][    C2] vkms_vblank_simulate: vblank timer overrun
[ 2868.048668][    C2] vkms_vblank_simulate: vblank timer overrun
[ 2869.330053][    C2] vkms_vblank_simulate: vblank timer overrun
[ 2869.583565][T61248] Bluetooth: hci2: command 0x0406 tx timeout
[ 2871.612940][    C2] vkms_vblank_simulate: vblank timer overrun
[ 2872.580939][    C2] vkms_vblank_simulate: vblank timer overrun
[ 2873.275067][    C2] vkms_vblank_simulate: vblank timer overrun
[ 2876.313869][    C2] vkms_vblank_simulate: vblank timer overrun
[ 2876.362563][    C2] vkms_vblank_simulate: vblank timer overrun
[ 2877.664308][T69412] ALSA: seq fatal error: cannot create timer (-19)
[ 2880.020461][T69458] ALSA: seq fatal error: cannot create timer (-19)
[ 2881.438815][    C2] vkms_vblank_simulate: vblank timer overrun
[ 2881.876779][    C2] vkms_vblank_simulate: vblank timer overrun
[ 2882.078906][    C2] vkms_vblank_simulate: vblank timer overrun
[ 2882.491866][    C2] vkms_vblank_simulate: vblank timer overrun
[ 2882.581855][    C2] vkms_vblank_simulate: vblank timer overrun
[ 2882.676853][    C2] vkms_vblank_simulate: vblank timer overrun
[ 2883.138594][    C2] vkms_vblank_simulate: vblank timer overrun
[ 2884.029856][    C2] vkms_vblank_simulate: vblank timer overrun
[ 2884.332637][    C2] vkms_vblank_simulate: vblank timer overrun
[ 2886.430327][    C2] vkms_vblank_simulate: vblank timer overrun
[ 2886.525803][    C2] vkms_vblank_simulate: vblank timer overrun
[ 2886.695767][    C2] vkms_vblank_simulate: vblank timer overrun
[ 2887.627108][T69630] ALSA: seq fatal error: cannot create timer (-19)
[ 2888.905197][    C2] vkms_vblank_simulate: vblank timer overrun
[ 2889.723102][    C2] vkms_vblank_simulate: vblank timer overrun
[ 2890.123793][    C2] vkms_vblank_simulate: vblank timer overrun
[ 2893.795887][    C2] vkms_vblank_simulate: vblank timer overrun
[ 2894.120785][    C2] vkms_vblank_simulate: vblank timer overrun
[ 2894.766569][T69767] ALSA: seq fatal error: cannot create timer (-19)
[ 2898.361968][    C2] vkms_vblank_simulate: vblank timer overrun
[ 2899.446299][    C2] vkms_vblank_simulate: vblank timer overrun
[ 2900.236798][T69894] ALSA: seq fatal error: cannot create timer (-19)
[ 2901.027449][    C2] vkms_vblank_simulate: vblank timer overrun
[ 2901.367762][    C2] vkms_vblank_simulate: vblank timer overrun
[ 2902.478460][T69947] warn_alloc: 8 callbacks suppressed
[ 2902.478514][T69947] syz.0.17284: vmalloc error: size 35651584, failed to allocated page array size 69632, mode:0xdc2(GFP_KERNEL|__GFP_HIGHMEM|__GFP_ZERO), nodemask=(null),cpuset=/,mems_allowed=0-1
[ 2902.511858][T69947] CPU: 3 UID: 0 PID: 69947 Comm: syz.0.17284 Not tainted 6.18.0 #1 PREEMPT(full) 
[ 2902.511897][T69947] Hardware name: QEMU Standard PC (i440FX + PIIX, 1996), BIOS rel-1.16.3-0-ga6ed6b701f0a-prebuilt.qemu.org 04/01/2014
[ 2902.511998][T69947] Call Trace:
[ 2902.512033][T69947]  <TASK>
[ 2902.512087][T69947]  dump_stack_lvl+0x180/0x1b0
[ 2902.512633][T69947]  warn_alloc+0x211/0x360
[ 2902.512840][T69947]  ? __pfx_warn_alloc+0x10/0x10
[ 2902.512858][T69947]  ? __pfx_alloc_vmap_area+0x10/0x10
[ 2902.512932][T69947]  ? __get_vm_area_node+0x10c/0x340
[ 2902.512962][T69947]  ? drm_property_create_blob.part.0+0x34/0x320
[ 2902.513412][T69947]  ? __vmalloc_node_noprof+0xac/0xf0
[ 2902.513468][T69947]  __vmalloc_node_range_noprof+0xfaa/0x13b0
[ 2902.513529][T69947]  ? drm_property_create_blob.part.0+0x34/0x320
[ 2902.513562][T69947]  ? __pfx___vmalloc_node_range_noprof+0x10/0x10
[ 2902.513599][T69947]  __kvmalloc_node_noprof+0x41f/0x9d0
[ 2902.513666][T69947]  ? drm_property_create_blob.part.0+0x34/0x320
[ 2902.513692][T69947]  ? drm_property_create_blob.part.0+0x34/0x320
[ 2902.513734][T69947]  ? drm_property_create_blob.part.0+0x34/0x320
[ 2902.513758][T69947]  drm_property_create_blob.part.0+0x34/0x320
[ 2902.513788][T69947]  drm_mode_createblob_ioctl+0x139/0x490
[ 2902.513821][T69947]  drm_ioctl_kernel+0x1ed/0x3e0
[ 2902.513850][T69947]  ? __pfx_drm_mode_createblob_ioctl+0x10/0x10
[ 2902.513876][T69947]  ? __pfx_drm_ioctl_kernel+0x10/0x10
[ 2902.513926][T69947]  drm_ioctl+0x574/0xb90
[ 2902.513945][T69947]  ? __pfx_drm_mode_createblob_ioctl+0x10/0x10
[ 2902.513971][T69947]  ? __pfx_drm_ioctl+0x10/0x10
[ 2902.513989][T69947]  ? hook_file_ioctl_common+0x146/0x3f0
[ 2902.514172][T69947]  ? __fget_files+0x1fb/0x3b0
[ 2902.514252][T69947]  ? __pfx_drm_ioctl+0x10/0x10
[ 2902.514281][T69947]  __x64_sys_ioctl+0x18f/0x210
[ 2902.514313][T69947]  do_syscall_64+0xcb/0xfa0
[ 2902.514383][T69947]  entry_SYSCALL_64_after_hwframe+0x77/0x7f
[ 2902.514473][T69947] RIP: 0033:0x7f764ebb059d
[ 2902.514513][T69947] Code: 02 b8 ff ff ff ff c3 66 0f 1f 44 00 00 f3 0f 1e fa 48 89 f8 48 89 f7 48 89 d6 48 89 ca 4d 89 c2 4d 89 c8 4c 8b 4c 24 08 0f 05 <48> 3d 01 f0 ff ff 73 01 c3 48 c7 c1 a8 ff ff ff f7 d8 64 89 01 48
[ 2902.514529][T69947] RSP: 002b:00007f764faf3f98 EFLAGS: 00000246 ORIG_RAX: 0000000000000010
[ 2902.514591][T69947] RAX: ffffffffffffffda RBX: 00007f764ee25fa0 RCX: 00007f764ebb059d
[ 2902.514603][T69947] RDX: 0000200000000180 RSI: 00000000c01064bd RDI: 0000000000000005
[ 2902.514625][T69947] RBP: 00007f764ec4e078 R08: 0000000000000000 R09: 0000000000000000
[ 2902.514635][T69947] R10: 0000000000000000 R11: 0000000000000246 R12: 0000000000000000
[ 2902.514645][T69947] R13: 00007f764ee26038 R14: 00007f764ee25fa0 R15: 00007f764fad4000
[ 2902.514671][T69947]  </TASK>
[ 2902.904043][T69947] Mem-Info:
[ 2902.905609][T69947] active_anon:6883 inactive_anon:0 isolated_anon:0
[ 2902.905609][T69947]  active_file:5322 inactive_file:65377 isolated_file:0
[ 2902.905609][T69947]  unevictable:4821 dirty:2311 writeback:0
[ 2902.905609][T69947]  slab_reclaimable:13243 slab_unreclaimable:65864
[ 2902.905609][T69947]  mapped:31660 shmem:5747 pagetables:1022
[ 2902.905609][T69947]  sec_pagetables:0 bounce:0
[ 2902.905609][T69947]  kernel_misc_reclaimable:0
[ 2902.905609][T69947]  free:457156 free_pcp:18732 free_cma:0
[ 2902.960119][T69947] Node 0 active_anon:11212kB inactive_anon:0kB active_file:8996kB inactive_file:87616kB unevictable:17064kB isolated(anon):0kB isolated(file):0kB mapped:48680kB dirty:628kB writeback:0kB shmem:18064kB shmem_thp:0kB shmem_pmdmapped:0kB anon_thp:0kB kernel_stack:6496kB pagetables:2004kB sec_pagetables:0kB all_unreclaimable? no Balloon:0kB
[ 2903.031656][T69947] Node 1 active_anon:16320kB inactive_anon:0kB active_file:12292kB inactive_file:173892kB unevictable:6796kB isolated(anon):0kB isolated(file):0kB mapped:81992kB dirty:8616kB writeback:0kB shmem:8856kB shmem_thp:0kB shmem_pmdmapped:0kB anon_thp:0kB kernel_stack:5792kB pagetables:2084kB sec_pagetables:0kB all_unreclaimable? no Balloon:0kB
[ 2903.072052][T69947] Node 0 DMA free:15076kB boost:0kB min:452kB low:564kB high:676kB reserved_highatomic:0KB free_highatomic:0KB active_anon:0kB inactive_anon:0kB active_file:0kB inactive_file:0kB unevictable:0kB writepending:0kB zspages:0kB present:15992kB managed:15360kB mlocked:0kB bounce:0kB free_pcp:284kB local_pcp:52kB free_cma:0kB
[ 2903.109829][T69947] lowmem_reserve[]: 0 1176 1176 1176 1176
[ 2903.127037][T69947] Node 0 DMA32 free:649752kB boost:2048kB min:36884kB low:45592kB high:54300kB reserved_highatomic:0KB free_highatomic:0KB active_anon:11212kB inactive_anon:0kB active_file:8996kB inactive_file:87616kB unevictable:25744kB writepending:628kB zspages:0kB present:2080772kB managed:1204832kB mlocked:22364kB bounce:0kB free_pcp:26248kB local_pcp:6972kB free_cma:0kB
[ 2903.182287][T69947] lowmem_reserve[]: 0 0 0 0 0
[ 2903.189312][T69947] Node 1 DMA32 free:940996kB boost:0kB min:29136kB low:36420kB high:43704kB reserved_highatomic:0KB free_highatomic:0KB active_anon:596kB inactive_anon:0kB active_file:1752kB inactive_file:3616kB unevictable:0kB writepending:1024kB zspages:0kB present:1048444kB managed:982908kB mlocked:0kB bounce:0kB free_pcp:35680kB local_pcp:13892kB free_cma:0kB
[ 2903.220051][    C2] vkms_vblank_simulate: vblank timer overrun
[ 2903.226250][T69947] lowmem_reserve[]: 0 0 846 846 846
[ 2903.243610][T69947] Node 1 Normal free:211268kB boost:0kB min:25680kB low:32100kB high:38520kB reserved_highatomic:0KB free_highatomic:0KB active_anon:15756kB inactive_anon:0kB active_file:10556kB inactive_file:170276kB unevictable:10848kB writepending:7636kB zspages:0kB present:1048576kB managed:866440kB mlocked:7316kB bounce:0kB free_pcp:7352kB local_pcp:3868kB free_cma:0kB
[ 2903.272461][T69947] lowmem_reserve[]: 0 0 0 0 0
[ 2903.279108][T69947] Node 0 DMA: 3*4kB (U) 1*8kB (U) 1*16kB (U) 2*32kB (U) 2*64kB (U) 4*128kB (U) 4*256kB (U) 4*512kB (U) 5*1024kB (U) 3*2048kB (U) 0*4096kB = 15076kB
[ 2903.289537][T69947] Node 0 DMA32: 7*4kB (UE) 5*8kB (ME) 8*16kB (E) 446*32kB (UME) 709*64kB (UE) 495*128kB (UE) 354*256kB (UME) 296*512kB (UME) 273*1024kB (UME) 0*2048kB 0*4096kB = 644932kB
[ 2903.301414][T69947] Node 1 DMA32: 22*4kB (UM) 24*8kB (UME) 28*16kB (UME) 27*32kB (UME) 23*64kB (UME) 18*128kB (UME) 17*256kB (UME) 13*512kB (UM) 11*1024kB (UME) 12*2048kB (UME) 217*4096kB (UM) = 941048kB
[ 2903.328756][T69947] Node 1 Normal: 1*4kB (M) 1036*8kB (UME) 974*16kB (UME) 484*32kB (UME) 310*64kB (UME) 94*128kB (UE) 11*256kB (UE) 66*512kB (U) 101*1024kB (U) 0*2048kB 0*4096kB = 211268kB
[ 2903.378589][T69947] Node 0 hugepages_total=2 hugepages_free=2 hugepages_surp=0 hugepages_size=2048kB
[ 2903.407601][T69947] Node 1 hugepages_total=2 hugepages_free=2 hugepages_surp=0 hugepages_size=2048kB
[ 2903.413119][    C2] vkms_vblank_simulate: vblank timer overrun
[ 2903.450086][T69947] 77986 total pagecache pages
[ 2903.465350][T69947] 0 pages in swap cache
[ 2903.467826][T69947] Free swap  = 124996kB
[ 2903.483379][T69947] Total swap = 124996kB
[ 2903.494416][T69947] 1048446 pages RAM
[ 2903.500059][T69947] 0 pages HighMem/MovableOnly
[ 2903.512502][T69947] 281061 pages reserved
[ 2903.521699][T69947] 0 pages cma reserved
[ 2904.918351][    C2] vkms_vblank_simulate: vblank timer overrun
[ 2905.162997][    C2] vkms_vblank_simulate: vblank timer overrun
[ 2905.551356][    C2] vkms_vblank_simulate: vblank timer overrun
[ 2906.436369][    C2] vkms_vblank_simulate: vblank timer overrun
[ 2907.654276][    C2] vkms_vblank_simulate: vblank timer overrun
[ 2907.951944][T70086] FAULT_INJECTION: forcing a failure.
[ 2907.951944][T70086] name failslab, interval 1, probability 0, space 0, times 0
[ 2907.967588][T70086] CPU: 0 UID: 0 PID: 70086 Comm: syz.2.17328 Not tainted 6.18.0 #1 PREEMPT(full) 
[ 2907.967615][T70086] Hardware name: QEMU Standard PC (i440FX + PIIX, 1996), BIOS rel-1.16.3-0-ga6ed6b701f0a-prebuilt.qemu.org 04/01/2014
[ 2907.967629][T70086] Call Trace:
[ 2907.967636][T70086]  <TASK>
[ 2907.967645][T70086]  dump_stack_lvl+0x180/0x1b0
[ 2907.967680][T70086]  should_fail_ex+0x520/0x650
[ 2907.967823][T70086]  ? tomoyo_realpath_from_path+0xc3/0x600
[ 2907.967905][T70086]  should_failslab+0xc2/0x120
[ 2907.967975][T70086]  __kmalloc_noprof+0xdc/0x8c0
[ 2907.967995][T70086]  ? kfree+0x3b1/0x6c0
[ 2907.968020][T70086]  ? tomoyo_realpath_from_path+0xc3/0x600
[ 2907.968043][T70086]  tomoyo_realpath_from_path+0xc3/0x600
[ 2907.968071][T70086]  ? tomoyo_profile+0x46/0x60
[ 2907.968113][T70086]  tomoyo_path_number_perm+0x221/0x550
[ 2907.968178][T70086]  ? tomoyo_path_number_perm+0x213/0x550
[ 2907.968201][T70086]  ? __pfx_tomoyo_path_number_perm+0x10/0x10
[ 2907.968233][T70086]  ? proc_fail_nth_write+0x97/0x220
[ 2907.968327][T70086]  ? hook_file_ioctl_common+0x146/0x3f0
[ 2907.968349][T70086]  ? __fget_files+0x1f1/0x3b0
[ 2907.968377][T70086]  ? __fget_files+0x1fb/0x3b0
[ 2907.968401][T70086]  security_file_ioctl+0x9f/0x260
[ 2907.968466][T70086]  __x64_sys_ioctl+0xb7/0x210
[ 2907.968487][T70086]  do_syscall_64+0xcb/0xfa0
[ 2907.968535][T70086]  entry_SYSCALL_64_after_hwframe+0x77/0x7f
[ 2907.968554][T70086] RIP: 0033:0x7f8f711b059d
[ 2907.968571][T70086] Code: 02 b8 ff ff ff ff c3 66 0f 1f 44 00 00 f3 0f 1e fa 48 89 f8 48 89 f7 48 89 d6 48 89 ca 4d 89 c2 4d 89 c8 4c 8b 4c 24 08 0f 05 <48> 3d 01 f0 ff ff 73 01 c3 48 c7 c1 a8 ff ff ff f7 d8 64 89 01 48
[ 2907.968588][T70086] RSP: 002b:00007f8f71ff6f98 EFLAGS: 00000246 ORIG_RAX: 0000000000000010
[ 2907.968607][T70086] RAX: ffffffffffffffda RBX: 00007f8f71425fa0 RCX: 00007f8f711b059d
[ 2907.968619][T70086] RDX: 0000200000000040 RSI: 00000000c02464bb RDI: 0000000000000003
[ 2907.968631][T70086] RBP: 00007f8f71ff7010 R08: 0000000000000000 R09: 0000000000000000
[ 2907.968642][T70086] R10: 0000000000000000 R11: 0000000000000246 R12: 0000000000000001
[ 2907.968653][T70086] R13: 00007f8f71426038 R14: 00007f8f71425fa0 R15: 00007f8f71fd7000
[ 2907.968681][T70086]  </TASK>
[ 2907.968726][T70086] ERROR: Out of memory at tomoyo_realpath_from_path.
[ 2909.225188][T70112] FAULT_INJECTION: forcing a failure.
[ 2909.225188][T70112] name failslab, interval 1, probability 0, space 0, times 0
[ 2909.233490][T70112] CPU: 0 UID: 0 PID: 70112 Comm: syz.0.17337 Not tainted 6.18.0 #1 PREEMPT(full) 
[ 2909.233516][T70112] Hardware name: QEMU Standard PC (i440FX + PIIX, 1996), BIOS rel-1.16.3-0-ga6ed6b701f0a-prebuilt.qemu.org 04/01/2014
[ 2909.233560][T70112] Call Trace:
[ 2909.233568][T70112]  <TASK>
[ 2909.233577][T70112]  dump_stack_lvl+0x180/0x1b0
[ 2909.233614][T70112]  should_fail_ex+0x520/0x650
[ 2909.233639][T70112]  ? tomoyo_encode2.part.0+0xe9/0x3a0
[ 2909.233724][T70112]  should_failslab+0xc2/0x120
[ 2909.233754][T70112]  __kmalloc_noprof+0xdc/0x8c0
[ 2909.233778][T70112]  ? d_absolute_path+0x12a/0x1a0
[ 2909.233919][T70112]  ? tomoyo_encode2.part.0+0xe9/0x3a0
[ 2909.233940][T70112]  tomoyo_encode2.part.0+0xe9/0x3a0
[ 2909.233967][T70112]  tomoyo_encode+0x2b/0x60
[ 2909.233990][T70112]  tomoyo_realpath_from_path+0x188/0x600
[ 2909.234022][T70112]  tomoyo_path_number_perm+0x221/0x550
[ 2909.234041][T70112]  ? tomoyo_path_number_perm+0x213/0x550
[ 2909.234064][T70112]  ? __pfx_tomoyo_path_number_perm+0x10/0x10
[ 2909.234086][T70112]  ? proc_fail_nth_write+0x97/0x220
[ 2909.234136][T70112]  ? hook_file_ioctl_common+0x146/0x3f0
[ 2909.234159][T70112]  ? __fget_files+0x1f1/0x3b0
[ 2909.234182][T70112]  ? __fget_files+0x1fb/0x3b0
[ 2909.234216][T70112]  security_file_ioctl+0x9f/0x260
[ 2909.234240][T70112]  __x64_sys_ioctl+0xb7/0x210
[ 2909.234258][T70112]  do_syscall_64+0xcb/0xfa0
[ 2909.234287][T70112]  entry_SYSCALL_64_after_hwframe+0x77/0x7f
[ 2909.234306][T70112] RIP: 0033:0x7f764ebb059d
[ 2909.234322][T70112] Code: 02 b8 ff ff ff ff c3 66 0f 1f 44 00 00 f3 0f 1e fa 48 89 f8 48 89 f7 48 89 d6 48 89 ca 4d 89 c2 4d 89 c8 4c 8b 4c 24 08 0f 05 <48> 3d 01 f0 ff ff 73 01 c3 48 c7 c1 a8 ff ff ff f7 d8 64 89 01 48
[ 2909.234340][T70112] RSP: 002b:00007f764faf3f98 EFLAGS: 00000246 ORIG_RAX: 0000000000000010
[ 2909.234358][T70112] RAX: ffffffffffffffda RBX: 00007f764ee25fa0 RCX: 00007f764ebb059d
[ 2909.234369][T70112] RDX: 0000200000000040 RSI: 00000000c02464bb RDI: 0000000000000003
[ 2909.234379][T70112] RBP: 00007f764faf4010 R08: 0000000000000000 R09: 0000000000000000
[ 2909.234390][T70112] R10: 0000000000000000 R11: 0000000000000246 R12: 0000000000000001
[ 2909.234401][T70112] R13: 00007f764ee26038 R14: 00007f764ee25fa0 R15: 00007f764fad4000
[ 2909.234426][T70112]  </TASK>
[ 2909.234543][T70112] ERROR: Out of memory at tomoyo_realpath_from_path.
[ 2909.294148][    C2] vkms_vblank_simulate: vblank timer overrun
[ 2909.431756][    C2] vkms_vblank_simulate: vblank timer overrun
[ 2909.636790][    C2] vkms_vblank_simulate: vblank timer overrun
[ 2909.676389][    C2] vkms_vblank_simulate: vblank timer overrun
[ 2909.947118][    C2] vkms_vblank_simulate: vblank timer overrun
[ 2910.567342][T70143] FAULT_INJECTION: forcing a failure.
[ 2910.567342][T70143] name fail_usercopy, interval 1, probability 0, space 0, times 0
[ 2910.578581][T70143] CPU: 3 UID: 0 PID: 70143 Comm: syz.2.17349 Not tainted 6.18.0 #1 PREEMPT(full) 
[ 2910.578612][T70143] Hardware name: QEMU Standard PC (i440FX + PIIX, 1996), BIOS rel-1.16.3-0-ga6ed6b701f0a-prebuilt.qemu.org 04/01/2014
[ 2910.578625][T70143] Call Trace:
[ 2910.578695][T70143]  <TASK>
[ 2910.578717][T70143]  dump_stack_lvl+0x180/0x1b0
[ 2910.578763][T70143]  should_fail_ex+0x520/0x650
[ 2910.578798][T70143]  _copy_from_user+0x30/0xd0
[ 2910.578905][T70143]  drm_ioctl+0x4df/0xb90
[ 2910.578930][T70143]  ? __pfx_drm_mode_cursor2_ioctl+0x10/0x10
[ 2910.578952][T70143]  ? __pfx_drm_ioctl+0x10/0x10
[ 2910.578973][T70143]  ? hook_file_ioctl_common+0x146/0x3f0
[ 2910.579003][T70143]  ? __fget_files+0x1fb/0x3b0
[ 2910.579030][T70143]  ? __pfx_drm_ioctl+0x10/0x10
[ 2910.579050][T70143]  __x64_sys_ioctl+0x18f/0x210
[ 2910.579071][T70143]  do_syscall_64+0xcb/0xfa0
[ 2910.579103][T70143]  entry_SYSCALL_64_after_hwframe+0x77/0x7f
[ 2910.579123][T70143] RIP: 0033:0x7f8f711b059d
