failed to run ["ssh" "-p" "20890" "-F" "/dev/null" "-o" "UserKnownHostsFile=/dev/null" "-o" "IdentitiesOnly=yes" "-o" "BatchMode=yes" "-o" "StrictHostKeyChecking=no" "-o" "ConnectTimeout=10" "-i" "/home/wmy/Fuzzer/third_tool/Image-defconfig/bullseye.id_rsa" "root@localhost" "pwd"]: exit status 255[    0.000000][    T0] Linux version 6.6.0 (wmy@wmy) (gcc (Ubuntu 11.4.0-1ubuntu1~22.04.2) 11.4.0, GNU ld (GNU Binutils for Ubuntu) 2.38) #3 SMP PREEMPT_DYNAMIC Wed Oct 29 20:42:46 CST 2025
[    0.000000][    T0] Command line: root=/dev/sda console=ttyS0 
[    0.000000][    T0] KERNEL supported cpus:
[    0.000000][    T0]   Intel GenuineIntel
[    0.000000][    T0]   AMD AuthenticAMD
[    0.000000][    T0] BIOS-provided physical RAM map:
[    0.000000][    T0] BIOS-e820: [mem 0x0000000000000000-0x000000000009fbff] usable
[    0.000000][    T0] BIOS-e820: [mem 0x000000000009fc00-0x000000000009ffff] reserved
[    0.000000][    T0] BIOS-e820: [mem 0x00000000000f0000-0x00000000000fffff] reserved
[    0.000000][    T0] BIOS-e820: [mem 0x0000000000100000-0x00000000bffdffff] usable
[    0.000000][    T0] BIOS-e820: [mem 0x00000000bffe0000-0x00000000bfffffff] reserved
[    0.000000][    T0] BIOS-e820: [mem 0x00000000feffc000-0x00000000feffffff] reserved
[    0.000000][    T0] BIOS-e820: [mem 0x00000000fffc0000-0x00000000ffffffff] reserved
[    0.000000][    T0] BIOS-e820: [mem 0x0000000100000000-0x00000001bfffffff] usable
[    0.000000][    T0] printk: legacy bootconsole [earlyser0] enabled
[    0.000000][    T0] ERROR: earlyprintk= earlyser already used
[    0.000000][    T0] ERROR: earlyprintk= earlyser already used
[    0.000000][    T0] **********************************************************
[    0.000000][    T0] **   NOTICE NOTICE NOTICE NOTICE NOTICE NOTICE NOTICE   **
[    0.000000][    T0] **                                                      **
[    0.000000][    T0] ** This system shows unhashed kernel memory addresses   **
[    0.000000][    T0] ** via the console, logs, and other interfaces. This    **
[    0.000000][    T0] ** might reduce the security of your system.            **
[    0.000000][    T0] **                                                      **
[    0.000000][    T0] ** If you see this message and you are not debugging    **
[    0.000000][    T0] ** the kernel, report this immediately to your system   **
[    0.000000][    T0] ** administrator!                                       **
[    0.000000][    T0] **                                                      **
[    0.000000][    T0] **   NOTICE NOTICE NOTICE NOTICE NOTICE NOTICE NOTICE   **
[    0.000000][    T0] **********************************************************
[    0.000000][    T0] Malformed early option 'vsyscall'
[    0.000000][    T0] NX (Execute Disable) protection: active
[    0.000000][    T0] APIC: Static calls initialized
[    0.000000][    T0] SMBIOS 3.0.0 present.
[    0.000000][    T0] DMI: QEMU Standard PC (i440FX + PIIX, 1996), BIOS rel-1.16.3-0-ga6ed6b701f0a-prebuilt.qemu.org 04/01/2014
[    0.000000][    T0] Hypervisor detected: KVM
[    0.000000][    T0] kvm-clock: Using msrs 4b564d01 and 4b564d00
[    0.000007][    T0] kvm-clock: using sched offset of 4042331651 cycles
[    0.004073][    T0] clocksource: kvm-clock: mask: 0xffffffffffffffff max_cycles: 0x1cd42e4dffb, max_idle_ns: 881590591483 ns
[    0.013854][    T0] tsc: Detected 2803.204 MHz processor
[    0.021572][    T0] last_pfn = 0x1c0000 max_arch_pfn = 0x400000000
[    0.025531][    T0] MTRR map: 4 entries (3 fixed + 1 variable; max 19), built from 8 variable MTRRs
[    0.031853][    T0] x86/PAT: Configuration [0-7]: WB  WC  UC- UC  WB  WP  UC- WT  
[    0.037532][    T0] last_pfn = 0xbffe0 max_arch_pfn = 0x400000000
[    0.053276][    T0] found SMP MP-table at [mem 0x000f5460-0x000f546f]
[    0.060199][    T0] ACPI: Early table checksum verification disabled
[    0.063944][    T0] ACPI: RSDP 0x00000000000F5250 000014 (v00 BOCHS )
[    0.068216][    T0] ACPI: RSDT 0x00000000BFFE1D7B 000034 (v01 BOCHS  BXPC     00000001 BXPC 00000001)
[    0.073416][    T0] ACPI: FACP 0x00000000BFFE1C17 000074 (v01 BOCHS  BXPC     00000001 BXPC 00000001)
[    0.078123][    T0] ACPI: DSDT 0x00000000BFFE0040 001BD7 (v01 BOCHS  BXPC     00000001 BXPC 00000001)
[    0.082617][    T0] ACPI: FACS 0x00000000BFFE0000 000040
[    0.085131][    T0] ACPI: APIC 0x00000000BFFE1C8B 000090 (v03 BOCHS  BXPC     00000001 BXPC 00000001)
[    0.090000][    T0] ACPI: HPET 0x00000000BFFE1D1B 000038 (v01 BOCHS  BXPC     00000001 BXPC 00000001)
[    0.094984][    T0] ACPI: WAET 0x00000000BFFE1D53 000028 (v01 BOCHS  BXPC     00000001 BXPC 00000001)
[    0.100005][    T0] ACPI: Reserving FACP table memory at [mem 0xbffe1c17-0xbffe1c8a]
[    0.104285][    T0] ACPI: Reserving DSDT table memory at [mem 0xbffe0040-0xbffe1c16]
[    0.108490][    T0] ACPI: Reserving FACS table memory at [mem 0xbffe0000-0xbffe003f]
[    0.112582][    T0] ACPI: Reserving APIC table memory at [mem 0xbffe1c8b-0xbffe1d1a]
[    0.116794][    T0] ACPI: Reserving HPET table memory at [mem 0xbffe1d1b-0xbffe1d52]
[    0.121104][    T0] ACPI: Reserving WAET table memory at [mem 0xbffe1d53-0xbffe1d7a]
[    0.127083][    T0] No NUMA configuration found
[    0.129279][    T0] Faking a node at [mem 0x0000000000000000-0x00000001bfffffff]
[    0.133369][    T0] Faking node 0 at [mem 0x0000000000000000-0x00000000ffffffff] (4096MB)
[    0.137713][    T0] Faking node 1 at [mem 0x0000000100000000-0x00000001bfffffff] (3072MB)
[    0.142495][    T0] NODE_DATA(0) allocated [mem 0xbffda000-0xbffdffff]
[    0.146116][    T0] NODE_DATA(1) allocated [mem 0x1bfff6000-0x1bfffbfff]
[    0.310604][    T0] Zone ranges:
[    0.312568][    T0]   DMA      [mem 0x0000000000001000-0x0000000000ffffff]
[    0.316585][    T0]   DMA32    [mem 0x0000000001000000-0x00000000ffffffff]
[    0.320430][    T0]   Normal   [mem 0x0000000100000000-0x00000001bfffffff]
[    0.323566][    T0]   Device   empty
[    0.325461][    T0] Movable zone start for each node
[    0.328065][    T0] Early memory node ranges
[    0.330251][    T0]   node   0: [mem 0x0000000000001000-0x000000000009efff]
[    0.333681][    T0]   node   0: [mem 0x0000000000100000-0x00000000bffdffff]
[    0.337682][    T0]   node   1: [mem 0x0000000100000000-0x00000001bfffffff]
[    0.341790][    T0] Initmem setup node 0 [mem 0x0000000000001000-0x00000000bffdffff]
[    0.346500][    T0] Initmem setup node 1 [mem 0x0000000100000000-0x00000001bfffffff]
[    0.351314][    T0] On node 0, zone DMA: 1 pages in unavailable ranges
[    0.351464][    T0] On node 0, zone DMA: 97 pages in unavailable ranges
[    0.414242][    T0] On node 1, zone Normal: 32 pages in unavailable ranges
[    1.698350][    T0] kasan: KernelAddressSanitizer initialized
[    1.710136][    T0] ACPI: PM-Timer IO Port: 0x608
[    1.713458][    T0] ACPI: LAPIC_NMI (acpi_id[0xff] dfl dfl lint[0x1])
[    1.717841][    T0] IOAPIC[0]: apic_id 0, version 17, address 0xfec00000, GSI 0-23
[    1.721959][    T0] ACPI: INT_SRC_OVR (bus 0 bus_irq 0 global_irq 2 dfl dfl)
[    1.725605][    T0] ACPI: INT_SRC_OVR (bus 0 bus_irq 5 global_irq 5 high level)
[    1.729421][    T0] ACPI: INT_SRC_OVR (bus 0 bus_irq 9 global_irq 9 high level)
[    1.733295][    T0] ACPI: INT_SRC_OVR (bus 0 bus_irq 10 global_irq 10 high level)
[    1.737020][    T0] ACPI: INT_SRC_OVR (bus 0 bus_irq 11 global_irq 11 high level)
[    1.740665][    T0] ACPI: Using ACPI (MADT) for SMP configuration information
[    1.744040][    T0] ACPI: HPET id: 0x8086a201 base: 0xfed00000
[    1.747138][    T0] smpboot: Allowing 4 CPUs, 0 hotplug CPUs
[    1.750199][    T0] kvm-guest: APIC: eoi() replaced with kvm_guest_apic_eoi_write()
[    1.754500][    T0] PM: hibernation: Registered nosave memory: [mem 0x00000000-0x00000fff]
[    1.759049][    T0] PM: hibernation: Registered nosave memory: [mem 0x0009f000-0x0009ffff]
[    1.763421][    T0] PM: hibernation: Registered nosave memory: [mem 0x000a0000-0x000effff]
[    1.767811][    T0] PM: hibernation: Registered nosave memory: [mem 0x000f0000-0x000fffff]
[    1.772132][    T0] PM: hibernation: Registered nosave memory: [mem 0xbffe0000-0xbfffffff]
[    1.776254][    T0] PM: hibernation: Registered nosave memory: [mem 0xc0000000-0xfeffbfff]
[    1.780548][    T0] PM: hibernation: Registered nosave memory: [mem 0xfeffc000-0xfeffffff]
[    1.784655][    T0] PM: hibernation: Registered nosave memory: [mem 0xff000000-0xfffbffff]
[    1.788826][    T0] PM: hibernation: Registered nosave memory: [mem 0xfffc0000-0xffffffff]
[    1.792991][    T0] [mem 0xc0000000-0xfeffbfff] available for PCI devices
[    1.796508][    T0] Booting paravirtualized kernel on KVM
[    1.799451][    T0] clocksource: refined-jiffies: mask: 0xffffffff max_cycles: 0xffffffff, max_idle_ns: 19112604462750000 ns
[    1.941520][    T0] setup_percpu: NR_CPUS:8 nr_cpumask_bits:4 nr_cpu_ids:4 nr_node_ids:2
[    1.952758][    T0] percpu: Embedded 73 pages/cpu s260872 r8192 d29944 u1048576
[    1.957144][    T0] kvm-guest: PV spinlocks disabled, no host support
[    1.960997][    T0] Kernel command line: earlyprintk=serial net.ifnames=0 sysctl.kernel.hung_task_all_cpu_backtrace=1 ima_policy=tcb nf-conntrack-ftp.ports=20000 nf-conntrack-tftp.ports=20000 nf-conntrack-sip.ports=20000 nf-conntrack-irc.ports=20000 nf-conntrack-sane.ports=20000 binder.debug_mask=0 rcupdate.rcu_expedited=1 rcupdate.rcu_cpu_stall_cputime=1 no_hash_pointers page_owner=on sysctl.vm.nr_hugepages=4 sysctl.vm.nr_overcommit_hugepages=4 secretmem.enable=1 sysctl.max_rcu_stall_to_panic=1 msr.allow_writes=off coredump_filter=0xffff root=/dev/sda console=ttyS0 vsyscall=native numa=fake=2 kvm-intel.nested=1 spec_store_bypass_disable=prctl nopcid vivid.n_devs=16 vivid.multiplanar=1,2,1,2,1,2,1,2,1,2,1,2,1,2,1,2 netrom.nr_ndevs=16 rose.rose_ndevs=16 smp.csd_lock_timeout=100000 watchdog_thresh=55 workqueue.watchdog_thresh=140 sysctl.net.core.netdev_unregister_timeout_secs=140 dummy_hcd.num=8 panic_on_warn=1 root=/dev/sda console=ttyS0 
[    2.015192][    T0] Unknown kernel command line parameters "spec_store_bypass_disable=prctl", will be passed to user space.
[    2.021784][    T0] Fallback order for Node 0: 0 1 
[    2.021815][    T0] Fallback order for Node 1: 1 0 
[    2.021837][    T0] Built 2 zonelists, mobility grouping on.  Total pages: 1548000
[    2.030960][    T0] Policy zone: Normal
[    2.037313][    T0] mem auto-init: stack:off, heap alloc:on, heap free:off
[    2.041807][    T0] stackdepot: allocating hash table via alloc_large_system_hash
[    2.063579][    T0] stackdepot hash table entries: 1048576 (order: 11, 8388608 bytes, linear)
[    2.069384][    T0] software IO TLB: area num 4.
[    2.554546][    T0] Memory: 4958276K/6290936K available (176128K kernel code, 45022K rwdata, 38920K rodata, 5412K init, 34804K bss, 1332404K reserved, 0K cma-reserved)
[    2.564281][    T0] SLUB: HWalign=64, Order=0-3, MinObjects=0, CPUs=4, Nodes=2
[    2.895837][    T0] allocated 113246208 bytes of page_ext
[    2.898710][    T0] Node 0, zone      DMA: page owner found early allocated 0 pages
[    2.912567][    T0] Node 0, zone    DMA32: page owner found early allocated 13921 pages
[    2.923650][    T0] Node 1, zone   Normal: page owner found early allocated 13827 pages
[    2.929314][    T0] ftrace: allocating 155416 entries in 608 pages
[    3.133442][    T0] ftrace: allocated 608 pages with 3 groups
[    3.137452][    T0] Dynamic Preempt: full
[    3.140984][    T0] Running RCU self tests
[    3.143393][    T0] Running RCU synchronous self tests
[    3.146207][    T0] rcu: Preemptible hierarchical RCU implementation.
[    3.149918][    T0] rcu: 	RCU lockdep checking is enabled.
[    3.153089][    T0] rcu: 	RCU restricting CPUs from NR_CPUS=8 to nr_cpu_ids=4.
[    3.157279][    T0] rcu: 	RCU callback double-/use-after-free debug is enabled.
[    3.161378][    T0] rcu: 	RCU debug extended QS entry/exit.
[    3.164371][    T0] 	All grace periods are expedited (rcu_expedited).
[    3.167833][    T0] 	Trampoline variant of Tasks RCU enabled.
[    3.170818][    T0] 	Rude variant of Tasks RCU enabled.
[    3.173559][    T0] 	Tracing variant of Tasks RCU enabled.
[    3.177102][    T0] rcu: RCU calculated value of scheduler-enlistment delay is 10 jiffies.
[    3.182705][    T0] rcu: Adjusting geometry for rcu_fanout_leaf=16, nr_cpu_ids=4
[    3.188031][    T0] Running RCU synchronous self tests
[    3.285514][    T0] NR_IRQS: 4352, nr_irqs: 456, preallocated irqs: 16
[    3.292771][    T0] rcu: srcu_init: Setting srcu_struct sizes based on contention.
[    3.297642][    T0] kfence: initialized - using 2097152 bytes for 255 objects at 0xffff8881a4a00000-0xffff8881a4c00000
[    3.351659][    T0] Console: colour VGA+ 80x25
[    3.354346][    T0] printk: legacy console [ttyS0] enabled
[    3.354346][    T0] printk: legacy console [ttyS0] enabled
[    3.360623][    T0] printk: legacy bootconsole [earlyser0] disabled
[    3.360623][    T0] printk: legacy bootconsole [earlyser0] disabled
[    3.367916][    T0] Lock dependency validator: Copyright (c) 2006 Red Hat, Inc., Ingo Molnar
[    3.372799][    T0] ... MAX_LOCKDEP_SUBCLASSES:  8
[    3.375572][    T0] ... MAX_LOCK_DEPTH:          48
[    3.378501][    T0] ... MAX_LOCKDEP_KEYS:        8192
[    3.381506][    T0] ... CLASSHASH_SIZE:          4096
[    3.384158][    T0] ... MAX_LOCKDEP_ENTRIES:     131072
[    3.386442][    T0] ... MAX_LOCKDEP_CHAINS:      262144
[    3.388830][    T0] ... CHAINHASH_SIZE:          131072
[    3.391149][    T0]  memory used by lock dependency info: 20785 kB
[    3.394390][    T0]  memory used for stack traces: 8320 kB
[    3.398058][    T0]  per task-struct memory footprint: 1920 bytes
[    3.402358][    T0] mempolicy: Enabling automatic NUMA balancing. Configure with numa_balancing= or the kernel.numa_balancing sysctl
[    3.410242][    T0] ACPI: Core revision 20230628
[    3.414377][    T0] clocksource: hpet: mask: 0xffffffff max_cycles: 0xffffffff, max_idle_ns: 19112604467 ns
[    3.419956][    T0] APIC: Switch to symmetric I/O mode setup
[    3.425407][    T0] x2apic enabled
[    3.429815][    T0] APIC: Switched APIC routing to: physical x2apic
[    3.444043][    T0] ..TIMER: vector=0x30 apic1=0 pin1=2 apic2=-1 pin2=-1
[    3.447839][    T0] clocksource: tsc-early: mask: 0xffffffffffffffff max_cycles: 0x2868139ef5d, max_idle_ns: 440795282642 ns
[    3.453817][    T0] Calibrating delay loop (skipped) preset value.. 5606.40 BogoMIPS (lpj=28032040)
[    3.464668][    T0] Last level iTLB entries: 4KB 0, 2MB 0, 4MB 0
[    3.467808][    T0] Last level dTLB entries: 4KB 0, 2MB 0, 4MB 0, 1GB 0
[    3.471549][    T0] Spectre V1 : Mitigation: usercopy/swapgs barriers and __user pointer sanitization
[    3.473854][    T0] Spectre V2 : Kernel not compiled with retpoline; no mitigation available!
[    3.473860][    T0] Spectre V2 : Vulnerable
[    3.480645][    T0] Spectre V2 : Spectre v2 / SpectreRSB mitigation: Filling RSB on context switch
[    3.483811][    T0] Speculative Store Bypass: Vulnerable
[    3.487310][    T0] MDS: Vulnerable: Clear CPU buffers attempted, no microcode
[    3.493813][    T0] MMIO Stale Data: Unknown: No mitigations
[    3.497535][    T0] x86/fpu: x87 FPU will use FXSAVE
[    3.526515][    T0] Freeing SMP alternatives memory: 128K
[    3.529385][    T0] pid_max: default: 32768 minimum: 301
[    3.532568][    T0] LSM: initializing lsm=lockdown,capability,landlock,yama,safesetid,tomoyo,apparmor,bpf,integrity
[    3.534000][    T0] landlock: Up and running.
[    3.537222][    T0] Yama: becoming mindful.
[    3.543941][    T0] TOMOYO Linux initialized
[    3.547005][    T0] AppArmor: AppArmor initialized
[    3.550098][    T0] LSM support for eBPF active
[    3.569303][    T0] Dentry cache hash table entries: 1048576 (order: 11, 8388608 bytes, vmalloc hugepage)
[    3.580728][    T0] Inode-cache hash table entries: 524288 (order: 10, 4194304 bytes, vmalloc hugepage)
[    3.584197][    T0] Mount-cache hash table entries: 16384 (order: 5, 131072 bytes, vmalloc)
[    3.589280][    T0] Mountpoint-cache hash table entries: 16384 (order: 5, 131072 bytes, vmalloc)
[    3.598577][    T0] Running RCU synchronous self tests
[    3.603818][    T0] Running RCU synchronous self tests
[    3.729701][    T1] smpboot: CPU0: Intel QEMU Virtual CPU version 2.5+ (family: 0xf, model: 0x6b, stepping: 0x1)
[    3.734872][    T1] RCU Tasks: Setting shift to 2 and lim to 1 rcu_task_cb_adjust=1.
[    3.740656][    T1] RCU Tasks Rude: Setting shift to 2 and lim to 1 rcu_task_cb_adjust=1.
[    3.744129][    T1] RCU Tasks Trace: Setting shift to 2 and lim to 1 rcu_task_cb_adjust=1.
[    3.749322][    T1] Running RCU Tasks wait API self tests
[    3.864177][    T1] Running RCU Tasks Rude wait API self tests
[    3.871253][    T1] Running RCU Tasks Trace wait API self tests
[    3.874001][    T1] Performance Events: unsupported Netburst CPU model 107 no PMU driver, software events only.
[    3.879838][    T1] signal: max sigframe size: 1440
[    3.884262][    T1] rcu: Hierarchical SRCU implementation.
[    3.887537][    T1] rcu: 	Max phase no-delay instances is 1000.
[    3.894061][   T16] Callback from call_rcu_tasks_trace() invoked.
[    3.901269][    T1] NMI watchdog: Perf NMI watchdog permanently disabled
[    3.905721][    T1] smp: Bringing up secondary CPUs ...
[    3.914818][    T1] smpboot: x86: Booting SMP configuration:
[    3.918189][    T1] .... node  #1, CPUs:      #1
[    3.936958][    T1] .... node  #0, CPUs:   #2
[    3.967496][    T1] .... node  #1, CPUs:   #3
[    3.984127][   T15] Callback from call_rcu_tasks_rude() invoked.
[    0.136503][    T0] ------------[ cut here ]------------
[    0.136503][    T0] sched: CPU #1's llc-sibling CPU #0 is not on the same node! [node: 1 != 0]. Ignoring dependency.
[    0.136503][    T0] WARNING: CPU: 1 PID: 0 at arch/x86/kernel/smpboot.c:472 topology_sane.isra.0+0xb6/0xc0
[    0.136503][    T0] Modules linked in:
[    0.136503][    T0] CPU: 1 PID: 0 Comm: swapper/1 Not tainted 6.6.0 #3
[    0.136503][    T0] Hardware name: QEMU Standard PC (i440FX + PIIX, 1996), BIOS rel-1.16.3-0-ga6ed6b701f0a-prebuilt.qemu.org 04/01/2014
[    0.136503][    T0] RIP: 0010:topology_sane.isra.0+0xb6/0xc0
[    0.136503][    T0] Code: b0 8b 06 00 44 89 e7 89 c3 e8 a6 8b 06 00 41 89 d9 44 89 f1 4c 89 ea 41 89 c0 44 89 e6 48 c7 c7 20 d2 c9 8b e8 0b cc 17 00 90 <0f> 0b 90 90 eb 93 0f 1f 40 00 0f 1f 44 00 00 41 57 41 56 41 55 41
[    0.136503][    T0] RSP: 0000:ffffc90000197dd0 EFLAGS: 00010082
[    0.136503][    T0] RAX: 0000000000000000 RBX: 0000000000000000 RCX: ffffffff8153a54f
[    0.136503][    T0] RDX: ffff888101670000 RSI: ffffffff8153a55c RDI: 0000000000000001
[    0.136503][    T0] RBP: 0000000000000001 R08: 0000000000000001 R09: 0000000000000000
[    0.136503][    T0] R10: 0000000000000000 R11: 0000000000000001 R12: 0000000000000001
[    0.136503][    T0] R13: ffffffff8bc9da40 R14: 0000000000000000 R15: dffffc0000000000
[    0.136503][    T0] FS:  0000000000000000(0000) GS:ffff8881a4c00000(0000) knlGS:0000000000000000
[    0.136503][    T0] CS:  0010 DS: 0000 ES: 0000 CR0: 0000000080050033
[    0.136503][    T0] CR2: 0000000000000000 CR3: 000000000e58f000 CR4: 00000000000006f0
[    0.136503][    T0] Call Trace:
[    0.136503][    T0]  <TASK>
[    0.136503][    T0]  ? show_regs+0x9b/0xb0
[    0.136503][    T0]  ? __warn+0xeb/0x390
[    0.136503][    T0]  ? topology_sane.isra.0+0xb6/0xc0
[    0.136503][    T0]  ? report_bug+0x2dd/0x500
[    0.136503][    T0]  ? topology_sane.isra.0+0xb6/0xc0
[    0.136503][    T0]  ? handle_bug+0xac/0x170
[    0.136503][    T0]  ? exc_invalid_op+0x36/0x80
[    0.136503][    T0]  ? asm_exc_invalid_op+0x1a/0x20
[    0.136503][    T0]  ? __warn_printk+0x17f/0x310
[    0.136503][    T0]  ? __warn_printk+0x18c/0x310
[    0.136503][    T0]  ? topology_sane.isra.0+0xb6/0xc0
[    0.136503][    T0]  set_cpu_sibling_map+0x7f7/0x1de0
[    0.136503][    T0]  start_secondary+0xd5/0x2f0
[    0.136503][    T0]  ? set_cpu_sibling_map+0x1de0/0x1de0
[    0.136503][    T0]  secondary_startup_64_no_verify+0x166/0x16b
[    0.136503][    T0]  </TASK>
[    0.136503][    T0] Kernel panic - not syncing: kernel: panic_on_warn set ...
[    0.136503][    T0] CPU: 1 PID: 0 Comm: swapper/1 Not tainted 6.6.0 #3
[    0.136503][    T0] Hardware name: QEMU Standard PC (i440FX + PIIX, 1996), BIOS rel-1.16.3-0-ga6ed6b701f0a-prebuilt.qemu.org 04/01/2014
[    0.136503][    T0] Call Trace:
[    0.136503][    T0]  <TASK>
[    0.136503][    T0]  dump_stack_lvl+0x204/0x380
[    0.136503][    T0]  panic+0x5a3/0x860
[    0.136503][    T0]  ? panic_smp_self_stop+0xb0/0xb0
[    0.136503][    T0]  ? check_panic_on_warn+0x24/0xc0
[    0.136503][    T0]  ? topology_sane.isra.0+0xb6/0xc0
[    0.136503][    T0]  check_panic_on_warn+0xb6/0xc0
[    0.136503][    T0]  __warn+0xf7/0x390
[    0.136503][    T0]  ? topology_sane.isra.0+0xb6/0xc0
[    0.136503][    T0]  report_bug+0x2dd/0x500
[    0.136503][    T0]  ? topology_sane.isra.0+0xb6/0xc0
[    0.136503][    T0]  handle_bug+0xac/0x170
[    0.136503][    T0]  exc_invalid_op+0x36/0x80
[    0.136503][    T0]  asm_exc_invalid_op+0x1a/0x20
[    0.136503][    T0] RIP: 0010:topology_sane.isra.0+0xb6/0xc0
[    0.136503][    T0] Code: b0 8b 06 00 44 89 e7 89 c3 e8 a6 8b 06 00 41 89 d9 44 89 f1 4c 89 ea 41 89 c0 44 89 e6 48 c7 c7 20 d2 c9 8b e8 0b cc 17 00 90 <0f> 0b 90 90 eb 93 0f 1f 40 00 0f 1f 44 00 00 41 57 41 56 41 55 41
[    0.136503][    T0] RSP: 0000:ffffc90000197dd0 EFLAGS: 00010082
[    0.136503][    T0] RAX: 0000000000000000 RBX: 0000000000000000 RCX: ffffffff8153a54f
[    0.136503][    T0] RDX: ffff888101670000 RSI: ffffffff8153a55c RDI: 0000000000000001
[    0.136503][    T0] RBP: 0000000000000001 R08: 0000000000000001 R09: 0000000000000000
[    0.136503][    T0] R10: 0000000000000000 R11: 0000000000000001 R12: 0000000000000001
[    0.136503][    T0] R13: ffffffff8bc9da40 R14: 0000000000000000 R15: dffffc0000000000
[    0.136503][    T0]  ? __warn_printk+0x17f/0x310
[    0.136503][    T0]  ? __warn_printk+0x18c/0x310
[    0.136503][    T0]  set_cpu_sibling_map+0x7f7/0x1de0
[    0.136503][    T0]  start_secondary+0xd5/0x2f0
[    0.136503][    T0]  ? set_cpu_sibling_map+0x1de0/0x1de0
[    0.136503][    T0]  secondary_startup_64_no_verify+0x166/0x16b
[    0.136503][    T0]  </TASK>
[    0.136503][    T0] Shutting down cpus with NMI
[    0.136503][    T0] Rebooting in 86400 seconds..
