failed to run ["ssh" "-p" "27575" "-F" "/dev/null" "-o" "UserKnownHostsFile=/dev/null" "-o" "IdentitiesOnly=yes" "-o" "BatchMode=yes" "-o" "StrictHostKeyChecking=no" "-o" "ConnectTimeout=10" "-i" "/home/wmy/Fuzzer/third_tool/Image-fuzz-6.18-syzbot/bullseye.id_rsa" "root@localhost" "pwd"]: exit status 255[    0.000000][    T0] Linux version 6.18.0 (wmy@wmy) (gcc (Ubuntu 11.4.0-1ubuntu1~22.04.2) 11.4.0, GNU ld (GNU Binutils for Ubuntu) 2.38) #1 SMP PREEMPT_DYNAMIC Sat Dec 20 16:37:44 CST 2025
[    0.000000][    T0] Command line: root=/dev/sda console=ttyS0 
[    0.000000][    T0] KERNEL supported cpus:
[    0.000000][    T0]   Intel GenuineIntel
[    0.000000][    T0]   AMD AuthenticAMD
[    0.000000][    T0] x86/CPU: Model not found in latest microcode list
[    0.000000][    T0] BIOS-provided physical RAM map:
[    0.000000][    T0] BIOS-e820: [mem 0x0000000000000000-0x000000000009fbff] usable
[    0.000000][    T0] BIOS-e820: [mem 0x000000000009fc00-0x000000000009ffff] reserved
[    0.000000][    T0] BIOS-e820: [mem 0x00000000000f0000-0x00000000000fffff] reserved
[    0.000000][    T0] BIOS-e820: [mem 0x0000000000100000-0x00000000bffdffff] usable
[    0.000000][    T0] BIOS-e820: [mem 0x00000000bffe0000-0x00000000bfffffff] reserved
[    0.000000][    T0] BIOS-e820: [mem 0x00000000feffc000-0x00000000feffffff] reserved
[    0.000000][    T0] BIOS-e820: [mem 0x00000000fffc0000-0x00000000ffffffff] reserved
[    0.000000][    T0] BIOS-e820: [mem 0x0000000100000000-0x000000013fffffff] usable
[    0.000000][    T0] printk: legacy bootconsole [earlyser0] enabled
[    0.000000][    T0] ERROR: earlyprintk= earlyser already used
[    0.000000][    T0] ERROR: earlyprintk= earlyser already used
[    0.000000][    T0] Hash pointers mode set to never.
[    0.000000][    T0] Malformed early option 'vsyscall'
[    0.000000][    T0] NX (Execute Disable) protection: active
[    0.000000][    T0] APIC: Static calls initialized
[    0.000000][    T0] SMBIOS 3.0.0 present.
[    0.000000][    T0] DMI: QEMU Standard PC (i440FX + PIIX, 1996), BIOS rel-1.16.3-0-ga6ed6b701f0a-prebuilt.qemu.org 04/01/2014
[    0.000000][    T0] DMI: Memory slots populated: 1/1
[    0.000000][    T0] Hypervisor detected: KVM
[    0.000000][    T0] last_pfn = 0xbffe0 max_arch_pfn = 0x400000000
[    0.000000][    T0] kvm-clock: Using msrs 4b564d01 and 4b564d00
[    0.000009][    T0] kvm-clock: using sched offset of 4261412072 cycles
[    0.006970][    T0] clocksource: kvm-clock: mask: 0xffffffffffffffff max_cycles: 0x1cd42e4dffb, max_idle_ns: 881590591483 ns
[    0.037567][    T0] tsc: Detected 2803.204 MHz processor
[    0.075534][    T0] last_pfn = 0x140000 max_arch_pfn = 0x400000000
[    0.087158][    T0] MTRR map: 4 entries (3 fixed + 1 variable; max 19), built from 8 variable MTRRs
[    0.097095][    T0] x86/PAT: Configuration [0-7]: WB  WC  UC- UC  WB  WP  UC- WT  
[    0.109409][    T0] last_pfn = 0xbffe0 max_arch_pfn = 0x400000000
[    0.141414][    T0] found SMP MP-table at [mem 0x000f5470-0x000f547f]
[    0.156566][    T0] ACPI: Early table checksum verification disabled
[    0.164810][    T0] ACPI: RSDP 0x00000000000F5260 000014 (v00 BOCHS )
[    0.176388][    T0] ACPI: RSDT 0x00000000BFFE1D75 000034 (v01 BOCHS  BXPC     00000001 BXPC 00000001)
[    0.198083][    T0] ACPI: FACP 0x00000000BFFE1C11 000074 (v01 BOCHS  BXPC     00000001 BXPC 00000001)
[    0.216973][    T0] ACPI: DSDT 0x00000000BFFE0040 001BD1 (v01 BOCHS  BXPC     00000001 BXPC 00000001)
[    0.229775][    T0] ACPI: FACS 0x00000000BFFE0000 000040
[    0.240569][    T0] ACPI: APIC 0x00000000BFFE1C85 000090 (v03 BOCHS  BXPC     00000001 BXPC 00000001)
[    0.256864][    T0] ACPI: HPET 0x00000000BFFE1D15 000038 (v01 BOCHS  BXPC     00000001 BXPC 00000001)
[    0.266999][    T0] ACPI: WAET 0x00000000BFFE1D4D 000028 (v01 BOCHS  BXPC     00000001 BXPC 00000001)
[    0.280266][    T0] ACPI: Reserving FACP table memory at [mem 0xbffe1c11-0xbffe1c84]
[    0.297969][    T0] ACPI: Reserving DSDT table memory at [mem 0xbffe0040-0xbffe1c10]
[    0.310977][    T0] ACPI: Reserving FACS table memory at [mem 0xbffe0000-0xbffe003f]
[    0.323054][    T0] ACPI: Reserving APIC table memory at [mem 0xbffe1c85-0xbffe1d14]
[    0.335943][    T0] ACPI: Reserving HPET table memory at [mem 0xbffe1d15-0xbffe1d4c]
[    0.360227][    T0] ACPI: Reserving WAET table memory at [mem 0xbffe1d4d-0xbffe1d74]
[    0.376354][    T0] No NUMA configuration found
[    0.379308][    T0] Faking a node at [mem 0x0000000000000000-0x000000013fffffff]
[    0.384081][    T0] Faking node 0 at [mem 0x0000000000001000-0x0000000080000fff] (2048MB)
[    0.389246][    T0] Faking node 1 at [mem 0x0000000080001000-0x000000013fffffff] (3071MB)
[    0.395108][    T0] NODE_DATA(0) allocated [mem 0x7fffb400-0x80000fff]
[    0.399822][    T0] NODE_DATA(1) allocated [mem 0x13fff6400-0x13fffbfff]
[    0.655523][    T0] Zone ranges:
[    0.661957][    T0]   DMA      [mem 0x0000000000001000-0x0000000000ffffff]
[    0.670434][    T0]   DMA32    [mem 0x0000000001000000-0x00000000ffffffff]
[    0.678882][    T0]   Normal   [mem 0x0000000100000000-0x000000013fffffff]
[    0.691036][    T0]   Device   empty
[    0.693664][    T0] Movable zone start for each node
[    0.700855][    T0] Early memory node ranges
[    0.703666][    T0]   node   0: [mem 0x0000000000001000-0x000000000009efff]
[    0.712094][    T0]   node   0: [mem 0x0000000000100000-0x0000000080000fff]
[    0.723501][    T0]   node   1: [mem 0x0000000080001000-0x00000000bffdffff]
[    0.766020][    T0]   node   1: [mem 0x0000000100000000-0x000000013fffffff]
[    0.770573][    T0] Initmem setup node 0 [mem 0x0000000000001000-0x0000000080000fff]
[    0.779341][    T0] Initmem setup node 1 [mem 0x0000000080001000-0x000000013fffffff]
[    0.791049][    T0] On node 0, zone DMA: 1 pages in unavailable ranges
[    0.803019][    T0] On node 0, zone DMA: 97 pages in unavailable ranges
[    0.962753][    T0] On node 1, zone Normal: 32 pages in unavailable ranges
[    3.909800][    T0] KernelAddressSanitizer initialized (generic)
[    3.927707][    T0] ACPI: PM-Timer IO Port: 0x608
[    3.938467][    T0] ACPI: LAPIC_NMI (acpi_id[0xff] dfl dfl lint[0x1])
[    3.951679][    T0] IOAPIC[0]: apic_id 0, version 17, address 0xfec00000, GSI 0-23
[    3.960986][    T0] ACPI: INT_SRC_OVR (bus 0 bus_irq 0 global_irq 2 dfl dfl)
[    3.969661][    T0] ACPI: INT_SRC_OVR (bus 0 bus_irq 5 global_irq 5 high level)
[    3.981377][    T0] ACPI: INT_SRC_OVR (bus 0 bus_irq 9 global_irq 9 high level)
[    3.989197][    T0] ACPI: INT_SRC_OVR (bus 0 bus_irq 10 global_irq 10 high level)
[    4.002407][    T0] ACPI: INT_SRC_OVR (bus 0 bus_irq 11 global_irq 11 high level)
[    4.011400][    T0] ACPI: Using ACPI (MADT) for SMP configuration information
[    4.019215][    T0] ACPI: HPET id: 0x8086a201 base: 0xfed00000
[    4.027168][    T0] CPU topo: Max. logical packages:   1
[    4.034591][    T0] CPU topo: Max. logical dies:       1
[    4.042160][    T0] CPU topo: Max. dies per package:   1
[    4.048908][    T0] CPU topo: Max. threads per core:   1
[    4.056065][    T0] CPU topo: Num. cores per package:     4
[    4.064104][    T0] CPU topo: Num. threads per package:   4
[    4.074989][    T0] CPU topo: Allowing 4 present CPUs plus 0 hotplug CPUs
[    4.079744][    T0] kvm-guest: APIC: eoi() replaced with kvm_guest_apic_eoi_write()
[    4.096266][    T0] PM: hibernation: Registered nosave memory: [mem 0x00000000-0x00000fff]
[    4.101612][    T0] PM: hibernation: Registered nosave memory: [mem 0x0009f000-0x000fffff]
[    4.116964][    T0] PM: hibernation: Registered nosave memory: [mem 0xbffe0000-0xffffffff]
[    4.137490][    T0] [mem 0xc0000000-0xfeffbfff] available for PCI devices
[    4.146210][    T0] Booting paravirtualized kernel on KVM
[    4.153718][    T0] clocksource: refined-jiffies: mask: 0xffffffff max_cycles: 0xffffffff, max_idle_ns: 19112604462750000 ns
[    4.369091][    T0] setup_percpu: NR_CPUS:8 nr_cpumask_bits:4 nr_cpu_ids:4 nr_node_ids:2
[    4.407161][    T0] percpu: Embedded 70 pages/cpu s247752 r8192 d30776 u1048576
[    4.422516][    T0] kvm-guest: PV spinlocks disabled, no host support
[    4.433899][    T0] Kernel command line: earlyprintk=serial net.ifnames=0 sysctl.kernel.hung_task_all_cpu_backtrace=1 ima_policy=tcb nf-conntrack-ftp.ports=20000 nf-conntrack-tftp.ports=20000 nf-conntrack-sip.ports=20000 nf-conntrack-irc.ports=20000 nf-conntrack-sane.ports=20000 binder.debug_mask=0 rcupdate.rcu_expedited=1 rcupdate.rcu_cpu_stall_cputime=1 no_hash_pointers page_owner=on sysctl.vm.nr_hugepages=4 sysctl.vm.nr_overcommit_hugepages=4 secretmem.enable=1 sysctl.max_rcu_stall_to_panic=1 msr.allow_writes=off coredump_filter=0xffff root=/dev/sda console=ttyS0 vsyscall=native numa=fake=2 kvm-intel.nested=1 spec_store_bypass_disable=prctl nopcid vivid.n_devs=64 vivid.multiplanar=1,2,1,2,1,2,1,2,1,2,1,2,1,2,1,2,1,2,1,2,1,2,1,2,1,2,1,2,1,2,1,2,1,2,1,2,1,2,1,2,1,2,1,2,1,2,1,2,1,2,1,2,1,2,1,2,1,2,1,2,1,2,1,2 netrom.nr_ndevs=32 rose.rose_ndevs=32 smp.csd_lock_timeout=100000 watchdog_thresh=55 workqueue.watchdog_thresh=140 sysctl.net.core.netdev_unregister_timeout_secs=140 dummy_hcd.num=32 max_loop=32 nbds_max=32 comedi.comedi
[    4.455072][    T0] Unknown kernel command line parameters "nbds_max=32", will be passed to user space.
[    4.599074][    T0] printk: log buffer data + meta data: 262144 + 917504 = 1179648 bytes
[    4.613507][    T0] software IO TLB: area num 4.
[    5.048663][    T0] Fallback order for Node 0: 0 1 
[    5.048794][    T0] Fallback order for Node 1: 1 0 
[    5.048843][    T0] Built 2 zonelists, mobility grouping on.  Total pages: 1048446
[    5.071795][    T0] Policy zone: Normal
[    5.087196][    T0] mem auto-init: stack:off, heap alloc:on, heap free:off
[    5.098760][    T0] stackdepot: allocating hash table via alloc_large_system_hash
[    5.108324][    T0] stackdepot hash table entries: 1048576 (order: 12, 16777216 bytes, linear)
[    5.233805][    T0] stackdepot: allocating space for 8192 stack pools via memblock
[    6.236201][    T0] **********************************************************
[    6.249091][    T0] **   NOTICE NOTICE NOTICE NOTICE NOTICE NOTICE NOTICE   **
[    6.270124][    T0] **                                                      **
[    6.287360][    T0] ** This system shows unhashed kernel memory addresses   **
[    6.297142][    T0] ** via the console, logs, and other interfaces. This    **
[    6.308547][    T0] ** might reduce the security of your system.            **
[    6.317337][    T0] **                                                      **
[    6.326037][    T0] ** If you see this message and you are not debugging    **
[    6.335838][    T0] ** the kernel, report this immediately to your system   **
[    6.344761][    T0] ** administrator!                                       **
[    6.356551][    T0] **                                                      **
[    6.364759][    T0] ** Use hash_pointers=always to force this mode off      **
[    6.377440][    T0] **                                                      **
[    6.388912][    T0] **   NOTICE NOTICE NOTICE NOTICE NOTICE NOTICE NOTICE   **
[    6.398446][    T0] **********************************************************
[    6.416985][    T0] SLUB: HWalign=64, Order=0-3, MinObjects=0, CPUs=4, Nodes=2
[    7.122938][    T0] allocated 83886080 bytes of page_ext
[    7.133633][    T0] Node 0, zone      DMA: page owner found early allocated 0 pages
[    7.209401][    T0] Node 0, zone    DMA32: page owner found early allocated 10987 pages
[    7.219849][    T0] Node 1, zone    DMA32: page owner found early allocated 0 pages
[    7.254313][    T0] Node 1, zone   Normal: page owner found early allocated 9603 pages
[    7.265145][    T0] Kernel/User page tables isolation: enabled
[    7.273379][    T0] Dynamic Preempt: full
[    7.282035][    T0] Running RCU self tests
[    7.290609][    T0] Running RCU synchronous self tests
[    7.294626][    T0] rcu: Preemptible hierarchical RCU implementation.
[    7.299646][    T0] rcu: 	RCU lockdep checking is enabled.
[    7.303873][    T0] rcu: 	RCU restricting CPUs from NR_CPUS=8 to nr_cpu_ids=4.
[    7.310297][    T0] rcu: 	RCU callback double-/use-after-free debug is enabled.
[    7.316264][    T0] rcu: 	RCU debug extended QS entry/exit.
[    7.320808][    T0] 	All grace periods are expedited (rcu_expedited).
[    7.326423][    T0] 	Trampoline variant of Tasks RCU enabled.
[    7.331289][    T0] 	Tracing variant of Tasks RCU enabled.
[    7.335314][    T0] rcu: RCU calculated value of scheduler-enlistment delay is 10 jiffies.
[    7.343307][    T0] rcu: Adjusting geometry for rcu_fanout_leaf=16, nr_cpu_ids=4
[    7.351246][    T0] Running RCU synchronous self tests
[    7.356237][    T0] RCU Tasks: Setting shift to 2 and lim to 1 rcu_task_cb_adjust=1 rcu_task_cpu_ids=4.
[    7.363837][    T0] RCU Tasks Trace: Setting shift to 2 and lim to 1 rcu_task_cb_adjust=1 rcu_task_cpu_ids=4.
[    7.537432][    T0] NR_IRQS: 4352, nr_irqs: 456, preallocated irqs: 16
[    7.542296][    T0] rcu: srcu_init: Setting srcu_struct sizes based on contention.
[    7.546584][    T0] kfence: initialized - using 2097152 bytes for 255 objects at 0xffff888135c00000-0xffff888135e00000
[    7.604172][    T0] Console: colour VGA+ 80x25
[    7.607479][    T0] printk: legacy console [ttyS0] enabled
[    7.607479][    T0] printk: legacy console [ttyS0] enabled
[    7.614846][    T0] printk: legacy bootconsole [earlyser0] disabled
[    7.614846][    T0] printk: legacy bootconsole [earlyser0] disabled
[    7.624116][    T0] Lock dependency validator: Copyright (c) 2006 Red Hat, Inc., Ingo Molnar
[    7.631102][    T0] ... MAX_LOCKDEP_SUBCLASSES:  8
[    7.635059][    T0] ... MAX_LOCK_DEPTH:          48
[    7.638594][    T0] ... MAX_LOCKDEP_KEYS:        8192
[    7.642707][    T0] ... CLASSHASH_SIZE:          4096
[    7.647200][    T0] ... MAX_LOCKDEP_ENTRIES:     1048576
[    7.652062][    T0] ... MAX_LOCKDEP_CHAINS:      1048576
[    7.656779][    T0] ... CHAINHASH_SIZE:          524288
[    7.661023][    T0]  memory used by lock dependency info: 106625 kB
[    7.666181][    T0]  memory used for stack traces: 8320 kB
[    7.669990][    T0]  per task-struct memory footprint: 1920 bytes
[    7.674614][    T0] mempolicy: Enabling automatic NUMA balancing. Configure with numa_balancing= or the kernel.numa_balancing sysctl
[    7.683184][    T0] ACPI: Core revision 20250807
[    7.689290][    T0] clocksource: hpet: mask: 0xffffffff max_cycles: 0xffffffff, max_idle_ns: 19112604467 ns
[    7.699187][    T0] APIC: Switch to symmetric I/O mode setup
[    7.708028][    T0] x2apic enabled
[    7.715430][    T0] APIC: Switched APIC routing to: physical x2apic
[    7.735460][    T0] ..TIMER: vector=0x30 apic1=0 pin1=2 apic2=-1 pin2=-1
[    7.740155][    T0] clocksource: tsc-early: mask: 0xffffffffffffffff max_cycles: 0x2868139ef5d, max_idle_ns: 440795282642 ns
[    7.746728][    T0] Calibrating delay loop (skipped) preset value.. 5606.40 BogoMIPS (lpj=28032040)
[    7.758904][    T0] Last level iTLB entries: 4KB 0, 2MB 0, 4MB 0
[    7.762413][    T0] Last level dTLB entries: 4KB 0, 2MB 0, 4MB 0, 1GB 0
[    7.766775][    T0] mitigations: Enabled attack vectors: user_kernel, user_user, guest_host, guest_guest, SMT mitigations: auto
[    7.772760][    T0] Speculative Store Bypass: Vulnerable
[    7.776723][    T0] Spectre V2 : Mitigation: Retpolines
[    7.780169][    T0] ITS: Mitigation: Aligned branch/return thunks
[    7.783803][    T0] MDS: Vulnerable: Clear CPU buffers attempted, no microcode
[    7.786737][    T0] Spectre V1 : Mitigation: usercopy/swapgs barriers and __user pointer sanitization
[    7.796753][    T0] Spectre V2 : Spectre v2 / SpectreRSB: Filling RSB on context switch and VMEXIT
[    7.802738][    T0] active return thunk: its_return_thunk
[    7.806784][    T0] x86/fpu: x87 FPU will use FXSAVE
[    8.064806][    T0] Freeing SMP alternatives memory: 132K
[    8.066764][    T0] pid_max: default: 32768 minimum: 301
[    8.070999][    T0] LSM: initializing lsm=lockdown,capability,landlock,yama,safesetid,tomoyo,apparmor,bpf,ima,evm
[    8.077072][    T0] landlock: Up and running.
[    8.080189][    T0] Yama: becoming mindful.
[    8.083188][    T0] TOMOYO Linux initialized
[    8.087444][    T0] AppArmor: AppArmor initialized
[    8.093050][    T0] LSM support for eBPF active
[    8.108366][    T0] Dentry cache hash table entries: 524288 (order: 10, 4194304 bytes, vmalloc hugepage)
[    8.118303][    T0] Inode-cache hash table entries: 262144 (order: 9, 2097152 bytes, vmalloc hugepage)
[    8.125166][    T0] Mount-cache hash table entries: 8192 (order: 4, 65536 bytes, vmalloc)
[    8.126931][    T0] Mountpoint-cache hash table entries: 8192 (order: 4, 65536 bytes, vmalloc)
[    8.140032][    T0] Running RCU synchronous self tests
[    8.143294][    T0] Running RCU synchronous self tests
[    8.267955][    T1] smpboot: CPU0: Intel QEMU Virtual CPU version 2.5+ (family: 0xf, model: 0x6b, stepping: 0x1)
[    8.278317][    T1] Performance Events: unsupported Netburst CPU model 107 no PMU driver, software events only.
[    8.285297][    T1] signal: max sigframe size: 1440
[    8.287284][    T1] rcu: Hierarchical SRCU implementation.
[    8.291725][    T1] rcu: 	Max phase no-delay instances is 1000.
[    8.298068][    T1] Timer migration: 2 hierarchy levels; 8 children per group; 1 crossnode level
[    8.344929][    T1] NMI watchdog: Perf NMI watchdog permanently disabled
[    8.348050][    T1] smp: Bringing up secondary CPUs ...
[    8.358772][    T1] smpboot: x86: Booting SMP configuration:
[    8.362903][    T1] .... node  #1, CPUs:      #1
[    8.369958][    T1] .... node  #0, CPUs:   #2
[    8.375625][    T1] .... node  #1, CPUs:   #3
[    8.388717][    T1] smp: Brought up 2 nodes, 4 CPUs
[    8.396730][    T1] smpboot: Total of 4 processors activated (22425.63 BogoMIPS)
[    8.419769][    T1] Memory: 2941352K/4193784K available (168261K kernel code, 41423K rwdata, 40108K rodata, 27048K init, 120456K bss, 1153864K reserved, 0K cma-reserved)
[    8.428408][    T1] devtmpfs: initialized
[    8.438171][    T1] x86/mm: Memory block size: 128MB
[    8.480843][    T1] Running RCU synchronous self tests
[    8.486812][    T1] Running RCU synchronous self tests
[    8.490489][    T1] Running RCU Tasks wait API self tests
[    8.490624][    T1] Running RCU Tasks Trace wait API self tests
[    8.546789][    T1] clocksource: jiffies: mask: 0xffffffff max_cycles: 0xffffffff, max_idle_ns: 19112604462750000 ns
[    8.554247][    T1] posixtimers hash table entries: 2048 (order: 6, 147456 bytes, vmalloc)
[    8.556896][    T1] futex hash table entries: 512 (65536 bytes on 2 NUMA nodes, total 128 KiB, linear).
[    8.572719][    T1] PM: RTC time: 02:55:40, date: 2026-01-09
[    8.589597][    T1] NET: Registered PF_NETLINK/PF_ROUTE protocol family
[    8.599943][    T1] audit: initializing netlink subsys (disabled)
[    8.607626][   T43] audit: type=2000 audit(1767927341.580:1): state=initialized audit_enabled=0 res=1
[    8.608423][    T1] thermal_sys: Registered thermal governor 'step_wise'
[    8.616758][   T41] Callback from call_rcu_tasks_trace() invoked.
[    8.626755][    T1] cpuidle: using governor menu
[    8.630721][    T1] NET: Registered PF_QIPCRTR protocol family
[    8.637116][    T1] dca service started, version 1.12.1
[    8.640771][    T1] PCI: Using configuration type 1 for base access
[    8.667906][    T1] HugeTLB: registered 2.00 MiB page size, pre-allocated 0 pages
[    8.673180][    T1] HugeTLB: 28 KiB vmemmap can be freed for a 2.00 MiB page
[    8.687798][    T1] raid6: skipped pq benchmark and selected sse2x4
[    8.692411][    T1] raid6: using intx1 recovery algorithm
[    8.698302][    T1] ACPI: Added _OSI(Module Device)
[    8.702097][    T1] ACPI: Added _OSI(Processor Device)
[    8.706824][    T1] ACPI: Added _OSI(Processor Aggregator Device)
[    8.711652][   T40] Callback from call_rcu_tasks() invoked.
[    8.781709][    T1] ACPI: 1 ACPI AML tables successfully acquired and loaded
[    8.834708][    T1] ACPI: Interpreter enabled
[    8.847132][    T1] ACPI: PM: (supports S0 S3 S4 S5)
[    8.850756][    T1] ACPI: Using IOAPIC for interrupt routing
[    8.854841][    T1] PCI: Using host bridge windows from ACPI; if necessary, use "pci=nocrs" and report a bug
[    8.854841][    T1] PCI: Using E820 reservations for host bridge windows
[    8.872290][    T1] ACPI: Enabled 2 GPEs in block 00 to 0F
[    9.023610][    T1] ACPI: PCI Root Bridge [PCI0] (domain 0000 [bus 00-ff])
[    9.026886][    T1] acpi PNP0A03:00: _OSC: OS supports [ASPM ClockPM Segments MSI HPX-Type3]
[    9.032708][    T1] acpi PNP0A03:00: _OSC: not requesting OS control; OS requires [ExtendedConfig ASPM ClockPM MSI]
[    9.047506][    T1] acpi PNP0A03:00: fail to add MMCONFIG information, can't access extended configuration space under this bridge
[    9.060450][    T1] PCI host bridge to bus 0000:00
[    9.066735][    T1] pci_bus 0000:00: Unknown NUMA node; performance will be reduced
[    9.071639][    T1] pci_bus 0000:00: root bus resource [io  0x0000-0x0cf7 window]
[    9.076746][    T1] pci_bus 0000:00: root bus resource [io  0x0d00-0xffff window]
[    9.081812][    T1] pci_bus 0000:00: root bus resource [mem 0x000a0000-0x000bffff window]
[    9.086803][    T1] pci_bus 0000:00: root bus resource [mem 0xc0000000-0xfebfffff window]
[    9.091744][    T1] pci_bus 0000:00: root bus resource [mem 0x140000000-0x1bfffffff window]
[    9.096821][    T1] pci_bus 0000:00: root bus resource [bus 00-ff]
[    9.102103][    T1] pci 0000:00:00.0: [8086:1237] type 00 class 0x060000 conventional PCI endpoint
[    9.110898][    T1] pci 0000:00:01.0: [8086:7000] type 00 class 0x060100 conventional PCI endpoint
[    9.120598][    T1] pci 0000:00:01.1: [8086:7010] type 00 class 0x010180 conventional PCI endpoint
[    9.128923][    T1] pci 0000:00:01.1: BAR 4 [io  0xc0a0-0xc0af]
[    9.134137][    T1] pci 0000:00:01.1: BAR 0 [io  0x01f0-0x01f7]: legacy IDE quirk
[    9.146732][    T1] pci 0000:00:01.1: BAR 1 [io  0x03f6]: legacy IDE quirk
[    9.151125][    T1] pci 0000:00:01.1: BAR 2 [io  0x0170-0x0177]: legacy IDE quirk
[    9.156726][    T1] pci 0000:00:01.1: BAR 3 [io  0x0376]: legacy IDE quirk
[    9.162534][    T1] pci 0000:00:01.3: [8086:7113] type 00 class 0x068000 conventional PCI endpoint
[    9.179334][    T1] pci 0000:00:01.3: quirk: [io  0x0600-0x063f] claimed by PIIX4 ACPI
[    9.186796][    T1] pci 0000:00:01.3: quirk: [io  0x0700-0x070f] claimed by PIIX4 SMB
[    9.195304][    T1] pci 0000:00:02.0: [1234:1111] type 00 class 0x030000 conventional PCI endpoint
[    9.271988][    T1] pci 0000:00:02.0: BAR 0 [mem 0xfd000000-0xfdffffff pref]
[    9.276883][    T1] pci 0000:00:02.0: BAR 2 [mem 0xfebf0000-0xfebf0fff]
[    9.286936][    T1] pci 0000:00:02.0: ROM [mem 0xfebe0000-0xfebeffff pref]
[    9.307064][    T1] pci 0000:00:02.0: Video device with shadowed ROM at [mem 0x000c0000-0x000dffff]
[    9.340048][    T1] pci 0000:00:03.0: [1af4:1005] type 00 class 0x00ff00 conventional PCI endpoint
[    9.351975][    T1] pci 0000:00:03.0: BAR 0 [io  0xc080-0xc09f]
[    9.356782][    T1] pci 0000:00:03.0: BAR 1 [mem 0xfebf1000-0xfebf1fff]
[    9.362182][    T1] pci 0000:00:03.0: BAR 4 [mem 0xfe000000-0xfe003fff 64bit pref]
[    9.426713][    T1] pci 0000:00:04.0: [1af4:1009] type 00 class 0x000200 conventional PCI endpoint
[    9.446724][    T1] pci 0000:00:04.0: BAR 0 [io  0xc000-0xc03f]
[    9.456879][    T1] pci 0000:00:04.0: BAR 1 [mem 0xfebf2000-0xfebf2fff]
[    9.476972][    T1] pci 0000:00:04.0: BAR 4 [mem 0xfe004000-0xfe007fff 64bit pref]
[    9.573543][    T1] pci 0000:00:05.0: [8086:100e] type 00 class 0x020000 conventional PCI endpoint
[    9.581526][    T1] pci 0000:00:05.0: BAR 0 [mem 0xfebc0000-0xfebdffff]
[    9.586798][    T1] pci 0000:00:05.0: BAR 1 [io  0xc040-0xc07f]
[    9.592081][    T1] pci 0000:00:05.0: ROM [mem 0xfeb80000-0xfebbffff pref]
[    9.815297][    T1] ACPI: PCI: Interrupt link LNKA configured for IRQ 10
[    9.830530][    T1] ACPI: PCI: Interrupt link LNKB configured for IRQ 10
[    9.843059][    T1] ACPI: PCI: Interrupt link LNKC configured for IRQ 11
[    9.862826][    T1] ACPI: PCI: Interrupt link LNKD configured for IRQ 11
[    9.866053][    T1] ACPI: PCI: Interrupt link LNKS configured for IRQ 9
[    9.937093][    T1] iommu: Default domain type: Translated
[    9.941440][    T1] iommu: DMA domain TLB invalidation policy: lazy mode
[    9.971169][    T1] SCSI subsystem initialized
[   10.002258][    T1] ACPI: bus type USB registered
[   10.005666][    T1] usbcore: registered new interface driver usbfs
[   10.018618][    T1] usbcore: registered new interface driver hub
[   10.023836][    T1] usbcore: registered new device driver usb
[   10.032152][    T1] mc: Linux media interface: v0.10
[   10.037206][    T1] videodev: Linux video capture interface: v2.00
[   10.043651][    T1] pps_core: LinuxPPS API ver. 1 registered
[   10.056725][    T1] pps_core: Software ver. 5.3.6 - Copyright 2005-2007 Rodolfo Giometti <giometti@linux.it>
[   10.065368][    T1] PTP clock support registered
[   10.077570][    T1] EDAC MC: Ver: 3.0.0
[   10.098367][    T1] Advanced Linux Sound Architecture Driver Initialized.
[   10.148802][    T1] Bluetooth: Core ver 2.22
[   10.150982][    T1] NET: Registered PF_BLUETOOTH protocol family
[   10.166728][    T1] Bluetooth: HCI device and connection manager initialized
[   10.171034][    T1] Bluetooth: HCI socket layer initialized
[   10.176012][    T1] Bluetooth: L2CAP socket layer initialized
[   10.176012][    T1] Bluetooth: SCO socket layer initialized
[   10.176012][    T1] NET: Registered PF_ATMPVC protocol family
[   10.176012][    T1] NET: Registered PF_ATMSVC protocol family
[   10.198081][    T1] NetLabel: Initializing
[   10.202102][    T1] NetLabel:  domain hash size = 128
[   10.206725][    T1] NetLabel:  protocols = UNLABELED CIPSOv4 CALIPSO
[   10.218454][    T1] NetLabel:  unlabeled traffic allowed by default
[   10.225326][    T1] nfc: nfc_init: NFC Core ver 0.1
[   10.237889][    T1] NET: Registered PF_NFC protocol family
[   10.242539][    T1] mctp: management component transport protocol core
[   10.246750][    T1] NET: Registered PF_MCTP protocol family
[   10.252256][    T1] PCI: Using ACPI for IRQ routing
[   10.259784][    T1] pci 0000:00:02.0: vgaarb: setting as boot VGA device
[   10.266729][    T1] pci 0000:00:02.0: vgaarb: bridge control possible
[   10.266729][    T1] pci 0000:00:02.0: vgaarb: VGA device added: decodes=io+mem,owns=io+mem,locks=none
[   10.276751][    T1] vgaarb: loaded
[   10.289533][    T1] hpet: 3 channels of 0 reserved for per-cpu timers
[   10.294883][    T1] hpet0: at MMIO 0xfed00000, IRQs 2, 8, 0
[   10.306729][    T1] hpet0: 3 comparators, 64-bit 100.000000 MHz counter
[   10.346629][    T1] clocksource: Switched to clocksource kvm-clock
[   10.385175][    T1] VFS: Disk quotas dquot_6.6.0
[   10.389106][    T1] VFS: Dquot-cache hash table entries: 512 (order 0, 4096 bytes)
[   10.406022][    T1] netfs: FS-Cache loaded
[   10.412311][    T1] CacheFiles: Loaded
[   10.416655][    T1] TOMOYO: 2.6.0
[   10.419211][    T1] Mandatory Access Control activated.
[   10.428800][    T1] AppArmor: AppArmor Filesystem Enabled
[   10.435399][    T1] pnp: PnP ACPI init
[   10.454291][    T1] pnp: PnP ACPI: found 6 devices
[   10.610389][    T1] clocksource: acpi_pm: mask: 0xffffff max_cycles: 0xffffff, max_idle_ns: 2085701024 ns
[   10.633492][    T1] NET: Registered PF_INET protocol family
[   10.653036][    T1] IP idents hash table entries: 65536 (order: 7, 524288 bytes, vmalloc)
[   10.672653][    T1] tcp_listen_portaddr_hash hash table entries: 2048 (order: 6, 147456 bytes, vmalloc)
[   10.682728][    T1] Table-perturb hash table entries: 65536 (order: 6, 262144 bytes, vmalloc)
[   10.692553][    T1] TCP established hash table entries: 32768 (order: 6, 262144 bytes, vmalloc)
[   10.713922][    T1] TCP bind hash table entries: 32768 (order: 11, 4718592 bytes, vmalloc hugepage)
[   10.726696][    T1] TCP: Hash tables configured (established 32768 bind 32768)
[   10.741466][    T1] MPTCP token hash table entries: 4096 (order: 7, 360448 bytes, vmalloc)
[   10.751213][    T1] UDP hash table entries: 2048 (order: 7, 524288 bytes, vmalloc)
[   10.760668][    T1] UDP-Lite hash table entries: 2048 (order: 7, 524288 bytes, vmalloc)
[   10.769207][    T1] NET: Registered PF_UNIX/PF_LOCAL protocol family
[   10.780568][    T1] RPC: Registered named UNIX socket transport module.
[   10.786219][    T1] RPC: Registered udp transport module.
[   10.790288][    T1] RPC: Registered tcp transport module.
[   10.794014][    T1] RPC: Registered tcp-with-tls transport module.
[   10.798277][    T1] RPC: Registered tcp NFSv4.1 backchannel transport module.
[   10.808580][    T1] NET: Registered PF_XDP protocol family
[   10.814523][    T1] pci_bus 0000:00: resource 4 [io  0x0000-0x0cf7 window]
[   10.820077][    T1] pci_bus 0000:00: resource 5 [io  0x0d00-0xffff window]
[   10.828315][    T1] pci_bus 0000:00: resource 6 [mem 0x000a0000-0x000bffff window]
[   10.841870][    T1] pci_bus 0000:00: resource 7 [mem 0xc0000000-0xfebfffff window]
[   10.858939][    T1] pci_bus 0000:00: resource 8 [mem 0x140000000-0x1bfffffff window]
[   10.871077][    T1] pci 0000:00:01.0: PIIX3: Enabling Passive Release
[   10.879165][    T1] pci 0000:00:00.0: Limiting direct PCI/PCI transfers
[   10.889292][    T1] PCI: CLS 0 bytes, default 64
[   10.900390][    T1] PCI-DMA: Using software bounce buffering for IO (SWIOTLB)
[   10.921939][    T1] software IO TLB: mapped [mem 0x00000000bbfe0000-0x00000000bffe0000] (64MB)
[   10.943670][    T1] ACPI: bus type thunderbolt registered
[   10.970509][   T81] kworker/u18:3 (81) used greatest stack depth: 27992 bytes left
[   10.971444][    T1] kvm_intel: VMX not supported by CPU 1
[   10.987580][    T1] kvm_amd: CPU 1 isn't AMD or Hygon
[   10.996282][    T1] clocksource: tsc: mask: 0xffffffffffffffff max_cycles: 0x2868139ef5d, max_idle_ns: 440795282642 ns
[   11.037870][    T1] twofish-x86_64-3way: performance on this CPU would be suboptimal: disabling twofish-x86_64-3way.
[   11.046966][    T1] CPU feature 'AVX registers' is not supported.
[   11.052569][    T1] CPU feature 'AVX registers' is not supported.
[   11.056253][    T1] AVX2 instructions are not detected.
[   11.059430][    T1] des3_ede-x86_64: performance on this CPU would be suboptimal: disabling des3_ede-x86_64.
[   11.065730][    T1] camellia-x86_64: performance on this CPU would be suboptimal: disabling camellia-x86_64.
[   11.072676][    T1] AVX or AES-NI instructions are not detected.
[   11.077286][    T1] AVX2 or AES-NI instructions are not detected.
[   11.081440][    T1] blowfish-x86_64: performance on this CPU would be suboptimal: disabling blowfish-x86_64.
[   11.088691][    T1] CPU feature 'AVX registers' is not supported.
[   11.092763][    T1] CPU feature 'AVX registers' is not supported.
[   11.096695][    T1] sm3_avx_x86_64: AVX instruction are not detected.
[   11.102104][    T1] AVX or AES-NI instructions are not detected.
[   11.106679][    T1] AVX2 or AES-NI instructions are not detected.
[   11.111541][    T1] AVX or AES-NI instructions are not detected.
[   11.130287][  T100] kworker/u18:2 (100) used greatest stack depth: 27432 bytes left
[   13.973419][    T1] Initialise system trusted keyrings
[   13.978758][    T1] workingset: timestamp_bits=40 max_order=20 bucket_order=0
[   13.990274][    T1] DLM installed
[   13.995325][    T1] squashfs: version 4.0 (2009/01/31) Phillip Lougher
[   14.005382][    T1] NFS: Registering the id_resolver key type
[   14.009379][    T1] Key type id_resolver registered
[   14.013312][    T1] Key type id_legacy registered
[   14.017204][    T1] nfs4filelayout_init: NFSv4 File Layout Driver Registering...
[   14.023606][    T1] nfs4flexfilelayout_init: NFSv4 Flexfile Layout Driver Registering...
[   14.047009][    T1] Key type cifs.spnego registered
[   14.050288][    T1] Key type cifs.idmap registered
[   14.055311][    T1] ntfs3: Enabled Linux POSIX ACLs support
[   14.058695][    T1] ntfs3: Read-only LZX/Xpress compression included
[   14.063363][    T1] efs: 1.0a - http://aeschi.ch.eu.org/efs/
[   14.067465][    T1] jffs2: version 2.2. (NAND) (SUMMARY)  © 2001-2006 Red Hat, Inc.
[   14.075720][    T1] romfs: ROMFS MTD (C) 2007 Red Hat, Inc.
[   14.079779][    T1] QNX4 filesystem 0.2.3 registered.
[   14.083473][    T1] qnx6: QNX6 filesystem 1.0.0 registered.
[   14.088231][    T1] fuse: init (API version 7.45)
[   14.094828][    T1] orangefs_debugfs_init: called with debug mask: :none: :0:
[   14.100462][    T1] orangefs_init: module version upstream loaded
[   14.105395][    T1] JFS: nTxBlock = 8192, nTxLock = 65536
[   14.139468][    T1] SGI XFS with ACLs, security attributes, realtime, quota, no debug enabled
[   14.149686][    T1] 9p: Installing v9fs 9p2000 file system support
[   14.154558][    T1] NILFS version 2 loaded
[   14.157287][    T1] befs: version: 0.9.3
[   14.162007][    T1] ocfs2: Registered cluster interface o2cb
[   14.167730][    T1] ocfs2: Registered cluster interface user
[   14.172527][    T1] OCFS2 User DLM kernel interface loaded
[   14.190379][    T1] gfs2: GFS2 installed
[   14.207634][    T1] ceph: loaded (mds proto 32)
[   14.221222][    T1] cryptd: max_cpu_qlen set to 1000
[   14.244532][    T1] NET: Registered PF_ALG protocol family
[   14.249271][    T1] xor: measuring software checksum speed
[   14.253348][    T1]    prefetch64-sse  :  9698 MB/sec
[   14.256774][    T1]    generic_sse     : 10323 MB/sec
[   14.259804][    T1] xor: using function: generic_sse (10323 MB/sec)
[   14.264132][    T1] async_tx: api initialized (async)
[   14.267294][    T1] Key type asymmetric registered
[   14.270466][    T1] Asymmetric key parser 'x509' registered
[   14.274116][    T1] Asymmetric key parser 'pkcs8' registered
[   14.277811][    T1] Key type pkcs7_test registered
[   14.281672][    T1] Block layer SCSI generic (bsg) driver version 0.4 loaded (major 239)
[   14.288326][    T1] io scheduler mq-deadline registered
[   14.291761][    T1] io scheduler kyber registered
[   14.295636][    T1] io scheduler bfq registered
[   14.311806][    T1] input: Power Button as /devices/LNXSYSTM:00/LNXPWRBN:00/input/input0
[   14.322673][    T1] ACPI: button: Power Button [PWRF]
[   14.336452][    T1] ioatdma: Intel(R) QuickData Technology Driver 5.00
[   18.124995][    T1] ACPI: \_SB_.LNKC: Enabled at IRQ 11
[   21.696381][    T1] ACPI: \_SB_.LNKD: Enabled at IRQ 10
[   22.136415][    T1] N_HDLC line discipline registered with maxframe=4096
[   22.143414][    T1] Serial: 8250/16550 driver, 4 ports, IRQ sharing enabled
[   22.159423][    T1] 00:04: ttyS0 at I/O 0x3f8 (irq = 4, base_baud = 115200) is a 16550A
[   22.204752][    T1] Non-volatile memory driver v1.3
[   22.226035][    T1] Linux agpgart interface v0.103
[   22.226292][  T780] random: crng init done
[   22.241133][    T1] usbcore: registered new interface driver xillyusb
[   22.256536][    T1] ACPI: bus type drm_connector registered
[   22.276641][    T1] [drm] Initialized vgem 1.0.0 for vgem on minor 0
[   22.294638][    T1] [drm] Initialized vkms 1.0.0 for vkms on minor 1
[   22.396706][    T1] Console: switching to colour frame buffer device 128x48
[   22.420090][    T1] faux_driver vkms: [drm] fb0: vkmsdrmfb frame buffer device
[   22.426979][    T1] usbcore: registered new interface driver udl
[   22.435684][    T1] bochs-drm 0000:00:02.0: vgaarb: deactivate vga console
[   22.458700][    T1] [drm] Found bochs VGA, ID 0xb0c5.
[   22.462986][    T1] [drm] Framebuffer size 16384 kB @ 0xfd000000, mmio @ 0xfebf0000.
[   22.474781][    T1] [drm] Initialized bochs-drm 1.0.0 for 0000:00:02.0 on minor 2
[   22.537150][    T1] fbcon: bochs-drmdrmfb (fb1) is primary device
[   22.537182][    T1] fbcon: Remapping primary device, fb1, to tty 1-63
[   23.476525][    T1] bochs-drm 0000:00:02.0: [drm] fb1: bochs-drmdrmfb frame buffer device
[   23.486161][    T1] usbcore: registered new interface driver gm12u320
[   23.493073][    T1] usbcore: registered new interface driver gud
[   23.614354][    T1] brd: module loaded
[   23.849813][    T1] loop: module loaded
[   24.100962][    T1] zram: Added device: zram0
[   24.123777][    T1] null_blk: disk nullb0 created
[   24.126831][    T1] null_blk: module loaded
[   24.131318][    T1] Guest personality initialized and is inactive
[   24.137852][    T1] VMCI host device registered (name=vmci, major=10, minor=266)
[   24.143608][    T1] Initialized host personality
[   24.147010][    T1] usbcore: registered new interface driver rtsx_usb
[   24.154068][    T1] usbcore: registered new interface driver viperboard
[   24.160117][    T1] usbcore: registered new interface driver dln2
[   24.165176][    T1] usbcore: registered new interface driver pn533_usb
[   24.174422][    T1] nfcsim 0.2 initialized
[   24.177742][    T1] usbcore: registered new interface driver port100
[   24.182245][    T1] usbcore: registered new interface driver nfcmrvl
[   24.196176][    T1] Loading iSCSI transport class v2.0-870.
[   24.211087][    T1] st: Version 20160209, fixed bufsize 32768, s/g segs 256
[   24.252056][    T1] scsi host0: ata_piix
[   24.262913][    T1] scsi host1: ata_piix
[   24.267680][    T1] ata1: PATA max MWDMA2 cmd 0x1f0 ctl 0x3f6 bmdma 0xc0a0 irq 14 lpm-pol 0
[   24.273825][    T1] ata2: PATA max MWDMA2 cmd 0x170 ctl 0x376 bmdma 0xc0a8 irq 15 lpm-pol 0
[   24.288522][    T1] Rounding down aligned max_sectors from 4294967295 to 4294967288
[   24.296773][    T1] db_root: cannot open: /etc/target
[   24.302007][    T1] slram: not enough parameters.
[   24.312323][    T1] ftl_cs: FTL header not found.
[   24.385363][    T1] wireguard: WireGuard 1.0.0 loaded. See www.wireguard.com for information.
[   24.392333][    T1] wireguard: Copyright (C) 2015-2019 Jason A. Donenfeld <Jason@zx2c4.com>. All Rights Reserved.
[   24.400811][    T1] eql: Equalizer2002: Simon Janes (simon@ncm.com) and David S. Miller (davem@redhat.com)
[   24.422624][    T1] MACsec IEEE 802.1AE
[   24.445765][    T1] usbcore: registered new interface driver mvusb_mdio
[   24.449553][ T1079] ata1: found unknown device (class 0)
[   24.451416][    T1] tun: Universal TUN/TAP device driver, 1.6
[   24.459010][ T1082] ata2: found unknown device (class 0)
[   24.464880][    T1] vcan: Virtual CAN interface driver
[   24.470159][    T1] vxcan: Virtual CAN Tunnel driver
[   24.470967][ T1079] ata1.00: ATA-7: QEMU HARDDISK, 2.5+, max UDMA/100
[   24.474815][    T1] slcan: serial line CAN interface driver
[   24.479778][ T1079] ata1.00: 536870912 sectors, multi 16: LBA48 
[   24.485107][    T1] CAN device driver interface
[   24.485659][    T1] usbcore: registered new interface driver usb_8dev
[   24.486037][    T1] usbcore: registered new interface driver ems_usb
[   24.492865][ T1082] ata2.00: ATAPI: QEMU DVD-ROM, 2.5+, max UDMA/100
[   24.494325][    T1] usbcore: registered new interface driver esd_usb
[   24.516830][   T42] scsi 0:0:0:0: Direct-Access     ATA      QEMU HARDDISK    2.5+ PQ: 0 ANSI: 5
[   24.519526][    T1] usbcore: registered new interface driver etas_es58x
[   24.532358][    T1] usbcore: registered new interface driver f81604
[   24.537273][    T1] usbcore: registered new interface driver gs_usb
[   24.538399][   T79] sd 0:0:0:0: [sda] 536870912 512-byte logical blocks: (275 GB/256 GiB)
[   24.538958][   T42] sd 0:0:0:0: Attached scsi generic sg0 type 0
[   24.542108][    T1] usbcore: registered new interface driver kvaser_usb
[   24.545388][  T161] scsi 1:0:0:0: CD-ROM            QEMU     QEMU DVD-ROM     2.5+ PQ: 0 ANSI: 5
[   24.549352][   T79] sd 0:0:0:0: [sda] Write Protect is off
[   24.557989][    T1] usbcore: registered new interface driver mcba_usb
[   24.570067][    T1] usbcore: registered new interface driver peak_usb
[   24.574128][   T79] sd 0:0:0:0: [sda] Write cache: enabled, read cache: enabled, doesn't support DPO or FUA
[   24.579322][    T1] usbcore: registered new interface driver ucan
[   24.584262][   T79] sd 0:0:0:0: [sda] Preferred minimum I/O size 512 bytes
[   24.591686][    T1] e100: Intel(R) PRO/100 Network Driver
[   24.604340][    T1] e100: Copyright(c) 1999-2006 Intel Corporation
[   24.609323][    T1] e1000: Intel(R) PRO/1000 Network Driver
[   24.613588][    T1] e1000: Copyright (c) 1999-2006 Intel Corporation.
[   24.791359][  T161] sr 1:0:0:0: [sr0] scsi3-mmc drive: 4x/4x cd/rw xa/form2 tray
[   24.793755][   T79] sd 0:0:0:0: [sda] Attached SCSI disk
[   24.803066][  T161] cdrom: Uniform CD-ROM driver Revision: 3.20
[   24.915881][  T161] sr 1:0:0:0: Attached scsi generic sg1 type 5
[   28.805389][    T1] ACPI: \_SB_.LNKA: Enabled at IRQ 10
[   29.525993][    T1] e1000 0000:00:05.0 eth0: (PCI:33MHz:32-bit) 52:54:00:12:34:56
[   29.531702][    T1] e1000 0000:00:05.0 eth0: Intel(R) PRO/1000 Network Connection
[   29.538925][    T1] e1000e: Intel(R) PRO/1000 Network Driver
[   29.543424][    T1] e1000e: Copyright(c) 1999 - 2015 Intel Corporation.
[   29.549985][    T1] mkiss: AX.25 Multikiss, Hans Albas PE1AYX
[   29.554462][    T1] AX.25: bpqether driver version 004
[   29.558451][    T1] PPP generic driver version 2.4.2
[   29.564591][    T1] PPP BSD Compression module registered
[   29.569174][    T1] PPP Deflate Compression module registered
[   29.573332][    T1] PPP MPPE Compression module registered
[   29.577349][    T1] NET: Registered PF_PPPOX protocol family
[   29.581707][    T1] PPTP driver version 0.8.5
[   29.587999][    T1] SLIP: version 0.8.4-NET3.019-NEWTTY (dynamic channels, max=256) (6 bit encapsulation enabled).
[   29.596622][    T1] CSLIP: code copyright 1989 Regents of the University of California.
[   29.602892][    T1] SLIP linefill/keepalive option.
[   29.605969][    T1] hdlc: HDLC support module revision 1.22
[   29.609366][    T1] LAPB Ethernet driver version 0.02
[   29.613776][    T1] usbcore: registered new interface driver ath9k_htc
[   29.618225][    T1] usbcore: registered new interface driver carl9170
[   29.622454][    T1] usbcore: registered new interface driver ath6kl_usb
[   29.626890][    T1] usbcore: registered new interface driver ar5523
[   29.631721][    T1] usbcore: registered new interface driver ath10k_usb
[   29.637194][    T1] usbcore: registered new interface driver plfxlc
[   29.642177][    T1] mac80211_hwsim: initializing netlink
[   29.679786][    T1] usbcore: registered new interface driver atusb
[   29.699923][    T1] mac802154_hwsim mac802154_hwsim: Added 2 mac802154 hwsim hardware radios
[   29.707669][    T1] VMware vmxnet3 virtual NIC driver - version 1.9.0.0-k-NAPI
[   29.714083][    T1] usbcore: registered new interface driver catc
[   29.719311][    T1] usbcore: registered new interface driver kaweth
[   29.724216][    T1] pegasus: Pegasus/Pegasus II USB Ethernet driver
[   29.728968][    T1] usbcore: registered new interface driver pegasus
[   29.733363][    T1] usbcore: registered new interface driver rtl8150
[   29.737835][    T1] usbcore: registered new device driver r8152-cfgselector
[   29.743191][    T1] usbcore: registered new interface driver r8152
[   29.747651][    T1] usbcore: registered new interface driver hso
[   29.752164][    T1] usbcore: registered new interface driver lan78xx
[   29.757492][    T1] usbcore: registered new interface driver asix
[   29.762193][    T1] usbcore: registered new interface driver ax88179_178a
[   29.767867][    T1] usbcore: registered new interface driver cdc_ether
[   29.773358][    T1] usbcore: registered new interface driver cdc_eem
[   29.778602][    T1] usbcore: registered new interface driver dm9601
[   29.783723][    T1] usbcore: registered new interface driver sr9700
[   29.788499][    T1] usbcore: registered new interface driver CoreChips
[   29.793913][    T1] usbcore: registered new interface driver smsc75xx
[   29.798099][    T1] usbcore: registered new interface driver smsc95xx
[   29.802402][    T1] usbcore: registered new interface driver gl620a
[   29.807169][    T1] usbcore: registered new interface driver net1080
[   29.810735][    T1] usbcore: registered new interface driver plusb
[   29.814009][    T1] usbcore: registered new interface driver rndis_host
[   29.817894][    T1] usbcore: registered new interface driver cdc_subset
[   29.821933][    T1] usbcore: registered new interface driver zaurus
[   29.826590][    T1] usbcore: registered new interface driver MOSCHIP usb-ethernet driver
[   29.830923][    T1] usbcore: registered new interface driver int51x1
[   29.835389][    T1] usbcore: registered new interface driver cdc_phonet
[   29.839999][    T1] usbcore: registered new interface driver kalmia
[   29.844816][    T1] usbcore: registered new interface driver ipheth
[   29.849555][    T1] usbcore: registered new interface driver sierra_net
[   29.854035][    T1] usbcore: registered new interface driver cx82310_eth
[   29.859415][    T1] usbcore: registered new interface driver cdc_ncm
[   29.864721][    T1] usbcore: registered new interface driver huawei_cdc_ncm
[   29.870606][    T1] usbcore: registered new interface driver lg-vl600
[   29.875752][    T1] usbcore: registered new interface driver qmi_wwan
[   29.881448][    T1] usbcore: registered new interface driver cdc_mbim
[   29.886987][    T1] usbcore: registered new interface driver ch9200
[   29.891424][    T1] usbcore: registered new interface driver aqc111
[   29.895738][    T1] usbcore: registered new interface driver r8153_ecm
[   29.904707][    T1] VFIO - User Level meta-driver version: 0.3
[   29.915232][    T1] aoe: AoE v85 initialised.
[   29.933288][    T1] usbcore: registered new interface driver cdc_acm
[   29.938047][    T1] cdc_acm: USB Abstract Control Model driver for USB modems and ISDN adapters
[   29.943774][    T1] usbcore: registered new interface driver usblp
[   29.949824][    T1] usbcore: registered new interface driver cdc_wdm
[   29.955977][    T1] usbcore: registered new interface driver usbtmc
[   29.962068][    T1] usbcore: registered new interface driver uas
[   29.966336][    T1] usbcore: registered new interface driver usb-storage
[   29.970939][    T1] usbcore: registered new interface driver ums-alauda
[   29.976759][    T1] usbcore: registered new interface driver ums-cypress
[   29.982581][    T1] usbcore: registered new interface driver ums-datafab
[   29.987701][    T1] usbcore: registered new interface driver ums_eneub6250
[   29.992618][    T1] usbcore: registered new interface driver ums-freecom
[   29.997976][    T1] usbcore: registered new interface driver ums-isd200
[   30.003148][    T1] usbcore: registered new interface driver ums-jumpshot
[   30.008305][    T1] usbcore: registered new interface driver ums-karma
[   30.013716][    T1] usbcore: registered new interface driver ums-onetouch
[   30.019154][    T1] usbcore: registered new interface driver ums-realtek
[   30.024782][    T1] usbcore: registered new interface driver ums-sddr09
[   30.030009][    T1] usbcore: registered new interface driver ums-sddr55
[   30.035385][    T1] usbcore: registered new interface driver ums-usbat
[   30.040990][    T1] usbcore: registered new interface driver mdc800
[   30.045819][    T1] mdc800: v0.7.5 (30/10/2000):USB Driver for Mustek MDC800 Digital Camera
[   30.052719][    T1] usbcore: registered new interface driver microtekX6
[   30.058953][    T1] usbcore: registered new interface driver usbserial_generic
[   30.065064][    T1] usbserial: USB Serial support registered for generic
[   30.071132][    T1] usbcore: registered new interface driver aircable
[   30.076403][    T1] usbserial: USB Serial support registered for aircable
[   30.081876][    T1] usbcore: registered new interface driver ark3116
[   30.085991][    T1] usbserial: USB Serial support registered for ark3116
[   30.090769][    T1] usbcore: registered new interface driver belkin_sa
[   30.096773][    T1] usbserial: USB Serial support registered for Belkin / Peracom / GoHubs USB Serial Adapter
[   30.103841][    T1] usbcore: registered new interface driver ch341
[   30.107792][    T1] usbserial: USB Serial support registered for ch341-uart
[   30.113371][    T1] usbcore: registered new interface driver cp210x
[   30.117669][    T1] usbserial: USB Serial support registered for cp210x
[   30.123328][    T1] usbcore: registered new interface driver cyberjack
[   30.128951][    T1] usbserial: USB Serial support registered for Reiner SCT Cyberjack USB card reader
[   30.136156][    T1] usbcore: registered new interface driver cypress_m8
[   30.141318][    T1] usbserial: USB Serial support registered for DeLorme Earthmate USB
[   30.146660][    T1] usbserial: USB Serial support registered for HID->COM RS232 Adapter
[   30.152063][    T1] usbserial: USB Serial support registered for Nokia CA-42 V2 Adapter
[   30.157659][    T1] usbcore: registered new interface driver usb_debug
[   30.162052][    T1] usbserial: USB Serial support registered for debug
[   30.167034][    T1] usbserial: USB Serial support registered for xhci_dbc
[   30.172503][    T1] usbcore: registered new interface driver digi_acceleport
[   30.177569][    T1] usbserial: USB Serial support registered for Digi 2 port USB adapter
[   30.183737][    T1] usbserial: USB Serial support registered for Digi 4 port USB adapter
[   30.190044][    T1] usbcore: registered new interface driver io_edgeport
[   30.195516][    T1] usbserial: USB Serial support registered for Edgeport 2 port adapter
[   30.202119][    T1] usbserial: USB Serial support registered for Edgeport 4 port adapter
[   30.208714][    T1] usbserial: USB Serial support registered for Edgeport 8 port adapter
[   30.214759][    T1] usbserial: USB Serial support registered for EPiC device
[   30.221104][    T1] usbcore: registered new interface driver io_ti
[   30.226027][    T1] usbserial: USB Serial support registered for Edgeport TI 1 port adapter
[   30.232945][    T1] usbserial: USB Serial support registered for Edgeport TI 2 port adapter
[   30.238667][    T1] usbcore: registered new interface driver empeg
[   30.242422][    T1] usbserial: USB Serial support registered for empeg
[   30.246738][    T1] usbcore: registered new interface driver f81534a_ctrl
[   30.251330][    T1] usbcore: registered new interface driver f81232
[   30.255503][    T1] usbserial: USB Serial support registered for f81232
[   30.260387][    T1] usbserial: USB Serial support registered for f81534a
[   30.268482][    T1] usbcore: registered new interface driver f81534
[   30.272845][    T1] usbserial: USB Serial support registered for Fintek F81532/F81534
[   30.281861][    T1] usbcore: registered new interface driver ftdi_sio
[   30.287027][    T1] usbserial: USB Serial support registered for FTDI USB Serial Device
[   30.293460][    T1] usbcore: registered new interface driver garmin_gps
[   30.298956][    T1] usbserial: USB Serial support registered for Garmin GPS usb/tty
[   30.305328][    T1] usbcore: registered new interface driver ipaq
[   30.310298][    T1] usbserial: USB Serial support registered for PocketPC PDA
[   30.315241][    T1] usbcore: registered new interface driver ipw
[   30.319509][    T1] usbserial: USB Serial support registered for IPWireless converter
[   30.326359][    T1] usbcore: registered new interface driver ir_usb
[   30.331849][    T1] usbserial: USB Serial support registered for IR Dongle
[   30.338001][    T1] usbcore: registered new interface driver iuu_phoenix
[   30.343403][    T1] usbserial: USB Serial support registered for iuu_phoenix
[   30.349490][    T1] usbcore: registered new interface driver keyspan
[   30.355073][    T1] usbserial: USB Serial support registered for Keyspan - (without firmware)
[   30.360927][    T1] usbserial: USB Serial support registered for Keyspan 1 port adapter
[   30.366993][    T1] usbserial: USB Serial support registered for Keyspan 2 port adapter
[   30.372973][    T1] usbserial: USB Serial support registered for Keyspan 4 port adapter
[   30.379070][    T1] usbcore: registered new interface driver keyspan_pda
[   30.384113][    T1] usbserial: USB Serial support registered for Keyspan PDA
[   30.389009][    T1] usbserial: USB Serial support registered for Keyspan PDA - (prerenumeration)
[   30.394640][    T1] usbcore: registered new interface driver kl5kusb105
[   30.399168][    T1] usbserial: USB Serial support registered for KL5KUSB105D / PalmConnect
[   30.404459][    T1] usbcore: registered new interface driver kobil_sct
[   30.408604][    T1] usbserial: USB Serial support registered for KOBIL USB smart card terminal
[   30.414322][    T1] usbcore: registered new interface driver mct_u232
[   30.419570][    T1] usbserial: USB Serial support registered for MCT U232
[   30.425457][    T1] usbcore: registered new interface driver metro_usb
[   30.429824][    T1] usbserial: USB Serial support registered for Metrologic USB to Serial
[   30.436170][    T1] usbcore: registered new interface driver mos7720
[   30.441273][    T1] usbserial: USB Serial support registered for Moschip 2 port adapter
[   30.447146][    T1] usbcore: registered new interface driver mos7840
[   30.452190][    T1] usbserial: USB Serial support registered for Moschip 7840/7820 USB Serial Driver
[   30.458941][    T1] usbcore: registered new interface driver mxuport
[   30.463072][    T1] usbserial: USB Serial support registered for MOXA UPort
[   30.467232][    T1] usbcore: registered new interface driver navman
[   30.471343][    T1] usbserial: USB Serial support registered for navman
[   30.476139][    T1] usbcore: registered new interface driver omninet
[   30.480615][    T1] usbserial: USB Serial support registered for ZyXEL - omni.net usb
[   30.485901][    T1] usbcore: registered new interface driver opticon
[   30.489533][    T1] usbserial: USB Serial support registered for opticon
[   30.497728][    T1] usbcore: registered new interface driver option
[   30.502710][    T1] usbserial: USB Serial support registered for GSM modem (1-port)
[   30.508269][    T1] usbcore: registered new interface driver oti6858
[   30.512988][    T1] usbserial: USB Serial support registered for oti6858
[   30.518446][    T1] usbcore: registered new interface driver pl2303
[   30.523623][    T1] usbserial: USB Serial support registered for pl2303
[   30.528002][    T1] usbcore: registered new interface driver qcaux
[   30.532588][    T1] usbserial: USB Serial support registered for qcaux
[   30.539499][    T1] usbcore: registered new interface driver qcserial
[   30.545721][    T1] usbserial: USB Serial support registered for Qualcomm USB modem
[   30.554868][    T1] usbcore: registered new interface driver quatech2
[   30.558957][    T1] usbserial: USB Serial support registered for Quatech 2nd gen USB to Serial Driver
[   30.566382][    T1] usbcore: registered new interface driver safe_serial
[   30.571672][    T1] usbserial: USB Serial support registered for safe_serial
[   30.577074][    T1] usbcore: registered new interface driver sierra
[   30.581781][    T1] usbserial: USB Serial support registered for Sierra USB modem
[   30.587667][    T1] usbcore: registered new interface driver usb_serial_simple
[   30.592948][    T1] usbserial: USB Serial support registered for carelink
[   30.597543][    T1] usbserial: USB Serial support registered for flashloader
[   30.601903][    T1] usbserial: USB Serial support registered for funsoft
[   30.607057][    T1] usbserial: USB Serial support registered for google
[   30.612026][    T1] usbserial: USB Serial support registered for hp4x
[   30.616892][    T1] usbserial: USB Serial support registered for kaufmann
[   30.621503][    T1] usbserial: USB Serial support registered for libtransistor
[   30.626936][    T1] usbserial: USB Serial support registered for moto_modem
[   30.632371][    T1] usbserial: USB Serial support registered for motorola_tetra
[   30.637674][    T1] usbserial: USB Serial support registered for nokia
[   30.643185][    T1] usbserial: USB Serial support registered for novatel_gps
[   30.647944][    T1] usbserial: USB Serial support registered for owon
[   30.652536][    T1] usbserial: USB Serial support registered for siemens_mpi
[   30.657953][    T1] usbserial: USB Serial support registered for suunto
[   30.663265][    T1] usbserial: USB Serial support registered for vivopay
[   30.668684][    T1] usbserial: USB Serial support registered for zio
[   30.673977][    T1] usbcore: registered new interface driver spcp8x5
[   30.679478][    T1] usbserial: USB Serial support registered for SPCP8x5
[   30.684023][    T1] usbcore: registered new interface driver ssu100
[   30.688606][    T1] usbserial: USB Serial support registered for Quatech SSU-100 USB to Serial Driver
[   30.695491][    T1] usbcore: registered new interface driver symbolserial
[   30.701540][    T1] usbserial: USB Serial support registered for symbol
[   30.707243][    T1] usbcore: registered new interface driver ti_usb_3410_5052
[   30.712912][    T1] usbserial: USB Serial support registered for TI USB 3410 1 port adapter
[   30.719231][    T1] usbserial: USB Serial support registered for TI USB 5052 2 port adapter
[   30.725095][    T1] usbcore: registered new interface driver upd78f0730
[   30.729294][    T1] usbserial: USB Serial support registered for upd78f0730
[   30.734124][    T1] usbcore: registered new interface driver visor
[   30.738427][    T1] usbserial: USB Serial support registered for Handspring Visor / Palm OS
[   30.744009][    T1] usbserial: USB Serial support registered for Sony Clie 5.0
[   30.749638][    T1] usbserial: USB Serial support registered for Sony Clie 3.5
[   30.755155][    T1] usbcore: registered new interface driver wishbone_serial
[   30.760054][    T1] usbserial: USB Serial support registered for wishbone_serial
[   30.765374][    T1] usbcore: registered new interface driver whiteheat
[   30.770118][    T1] usbserial: USB Serial support registered for Connect Tech - WhiteHEAT - (prerenumeration)
[   30.776112][    T1] usbserial: USB Serial support registered for Connect Tech - WhiteHEAT
[   30.781717][    T1] usbcore: registered new interface driver xr_serial
[   30.786169][    T1] usbserial: USB Serial support registered for xr_serial
[   30.791251][    T1] usbcore: registered new interface driver xsens_mt
[   30.795612][    T1] usbserial: USB Serial support registered for xsens_mt
[   30.800441][    T1] usbcore: registered new interface driver adutux
[   30.804812][    T1] usbcore: registered new interface driver appledisplay
[   30.810327][    T1] usbcore: registered new interface driver cypress_cy7c63
[   30.816294][    T1] usbcore: registered new interface driver cytherm
[   30.821952][    T1] usbcore: registered new interface driver emi26 - firmware loader
[   30.828076][    T1] usbcore: registered new interface driver emi62 - firmware loader
[   30.833540][    T1] usbcore: registered new device driver apple-mfi-fastcharge
[   30.838769][    T1] usbcore: registered new interface driver ljca
[   30.844220][    T1] usbcore: registered new interface driver idmouse
[   30.848664][    T1] usbcore: registered new interface driver iowarrior
[   30.853387][    T1] usbcore: registered new interface driver isight_firmware
[   30.858212][    T1] usbcore: registered new interface driver usblcd
[   30.862354][    T1] usbcore: registered new interface driver ldusb
[   30.867356][    T1] usbcore: registered new interface driver legousbtower
[   30.876094][    T1] usbcore: registered new interface driver usbtest
[   30.880315][    T1] usbcore: registered new interface driver usb_ehset_test
[   30.885738][    T1] usbcore: registered new interface driver trancevibrator
[   30.890854][    T1] usbcore: registered new interface driver uss720
[   30.893969][    T1] uss720: USB Parport Cable driver for Cables using the Lucent Technologies USS720 Chip
[   30.901169][    T1] uss720: NOTE: this is a special purpose driver to allow nonstandard
[   30.907524][    T1] uss720: protocols (eg. bitbang) over USS720 usb to parallel cables
[   30.913146][    T1] uss720: If you just want to connect to a printer, use usblp instead
[   30.919477][    T1] usbcore: registered new interface driver usbsevseg
[   30.924897][    T1] usbcore: registered new interface driver yurex
[   30.930548][    T1] usbcore: registered new interface driver chaoskey
[   30.936540][    T1] usbcore: registered new interface driver sisusb
[   30.942477][    T1] usbcore: registered new interface driver lvs
[   30.948728][    T1] usbcore: registered new interface driver cxacru
[   30.954551][    T1] usbcore: registered new interface driver speedtch
[   30.959339][    T1] usbcore: registered new interface driver ueagle-atm
[   30.963879][    T1] xusbatm: malformed module parameters
[   30.971782][    T1] dummy_hcd dummy_hcd.0: USB Host+Gadget Emulator, driver 02 May 2005
[   30.978007][    T1] dummy_hcd dummy_hcd.0: Dummy host controller
[   30.986006][    T1] dummy_hcd dummy_hcd.0: new USB bus registered, assigned bus number 1
[   30.994366][    T1] usb usb1: New USB device found, idVendor=1d6b, idProduct=0002, bcdDevice= 6.18
[   31.000427][    T1] usb usb1: New USB device strings: Mfr=3, Product=2, SerialNumber=1
[   31.004836][    T1] usb usb1: Product: Dummy host controller
[   31.007606][    T1] usb usb1: Manufacturer: Linux 6.18.0 dummy_hcd
[   31.011161][    T1] usb usb1: SerialNumber: dummy_hcd.0
[   31.019423][    T1] hub 1-0:1.0: USB hub found
[   31.023075][    T1] hub 1-0:1.0: 1 port detected
[   31.033219][    T1] dummy_hcd dummy_hcd.1: USB Host+Gadget Emulator, driver 02 May 2005
[   31.037611][    T1] dummy_hcd dummy_hcd.1: Dummy host controller
[   31.042434][    T1] dummy_hcd dummy_hcd.1: new USB bus registered, assigned bus number 2
[   31.048974][    T1] usb usb2: New USB device found, idVendor=1d6b, idProduct=0002, bcdDevice= 6.18
[   31.054811][    T1] usb usb2: New USB device strings: Mfr=3, Product=2, SerialNumber=1
[   31.059616][    T1] usb usb2: Product: Dummy host controller
[   31.063028][    T1] usb usb2: Manufacturer: Linux 6.18.0 dummy_hcd
[   31.066184][    T1] usb usb2: SerialNumber: dummy_hcd.1
[   31.071617][    T1] hub 2-0:1.0: USB hub found
[   31.074285][    T1] hub 2-0:1.0: 1 port detected
[   31.081409][    T1] dummy_hcd dummy_hcd.2: USB Host+Gadget Emulator, driver 02 May 2005
[   31.086332][    T1] dummy_hcd dummy_hcd.2: Dummy host controller
[   31.091835][    T1] dummy_hcd dummy_hcd.2: new USB bus registered, assigned bus number 3
[   31.098517][    T1] usb usb3: New USB device found, idVendor=1d6b, idProduct=0002, bcdDevice= 6.18
[   31.105587][    T1] usb usb3: New USB device strings: Mfr=3, Product=2, SerialNumber=1
[   31.111168][    T1] usb usb3: Product: Dummy host controller
[   31.114950][    T1] usb usb3: Manufacturer: Linux 6.18.0 dummy_hcd
[   31.118903][    T1] usb usb3: SerialNumber: dummy_hcd.2
[   31.131214][    T1] hub 3-0:1.0: USB hub found
[   31.134931][    T1] hub 3-0:1.0: 1 port detected
[   31.140960][    T1] dummy_hcd dummy_hcd.3: USB Host+Gadget Emulator, driver 02 May 2005
[   31.146099][    T1] dummy_hcd dummy_hcd.3: Dummy host controller
[   31.150404][    T1] dummy_hcd dummy_hcd.3: new USB bus registered, assigned bus number 4
[   31.155714][    T1] usb usb4: New USB device found, idVendor=1d6b, idProduct=0002, bcdDevice= 6.18
[   31.161556][    T1] usb usb4: New USB device strings: Mfr=3, Product=2, SerialNumber=1
[   31.165411][    T1] usb usb4: Product: Dummy host controller
[   31.168694][    T1] usb usb4: Manufacturer: Linux 6.18.0 dummy_hcd
[   31.172230][    T1] usb usb4: SerialNumber: dummy_hcd.3
[   31.178575][    T1] hub 4-0:1.0: USB hub found
[   31.182218][    T1] hub 4-0:1.0: 1 port detected
[   31.189912][    T1] dummy_hcd dummy_hcd.4: USB Host+Gadget Emulator, driver 02 May 2005
[   31.195716][    T1] dummy_hcd dummy_hcd.4: Dummy host controller
[   31.201416][    T1] dummy_hcd dummy_hcd.4: new USB bus registered, assigned bus number 5
[   31.208118][    T1] usb usb5: New USB device found, idVendor=1d6b, idProduct=0002, bcdDevice= 6.18
[   31.214054][    T1] usb usb5: New USB device strings: Mfr=3, Product=2, SerialNumber=1
[   31.219704][    T1] usb usb5: Product: Dummy host controller
[   31.224264][    T1] usb usb5: Manufacturer: Linux 6.18.0 dummy_hcd
[   31.228879][    T1] usb usb5: SerialNumber: dummy_hcd.4
[   31.236115][    T1] hub 5-0:1.0: USB hub found
[   31.239558][    T1] hub 5-0:1.0: 1 port detected
[   31.246835][    T1] dummy_hcd dummy_hcd.5: USB Host+Gadget Emulator, driver 02 May 2005
[   31.253007][    T1] dummy_hcd dummy_hcd.5: Dummy host controller
[   31.260195][    T1] dummy_hcd dummy_hcd.5: new USB bus registered, assigned bus number 6
[   31.267351][    T1] usb usb6: New USB device found, idVendor=1d6b, idProduct=0002, bcdDevice= 6.18
[   31.273213][    T1] usb usb6: New USB device strings: Mfr=3, Product=2, SerialNumber=1
[   31.278360][    T1] usb usb6: Product: Dummy host controller
[   31.281879][    T1] usb usb6: Manufacturer: Linux 6.18.0 dummy_hcd
[   31.285688][    T1] usb usb6: SerialNumber: dummy_hcd.5
[   31.292412][    T1] hub 6-0:1.0: USB hub found
[   31.295642][    T1] hub 6-0:1.0: 1 port detected
[   31.302922][    T1] dummy_hcd dummy_hcd.6: USB Host+Gadget Emulator, driver 02 May 2005
[   31.309033][    T1] dummy_hcd dummy_hcd.6: Dummy host controller
[   31.314565][    T1] dummy_hcd dummy_hcd.6: new USB bus registered, assigned bus number 7
[   31.322322][    T1] usb usb7: New USB device found, idVendor=1d6b, idProduct=0002, bcdDevice= 6.18
[   31.331806][    T1] usb usb7: New USB device strings: Mfr=3, Product=2, SerialNumber=1
[   31.337939][    T1] usb usb7: Product: Dummy host controller
[   31.341816][    T1] usb usb7: Manufacturer: Linux 6.18.0 dummy_hcd
[   31.348850][    T1] usb usb7: SerialNumber: dummy_hcd.6
[   31.358767][    T1] hub 7-0:1.0: USB hub found
[   31.363131][    T1] hub 7-0:1.0: 1 port detected
[   31.369964][    T1] dummy_hcd dummy_hcd.7: USB Host+Gadget Emulator, driver 02 May 2005
[   31.375742][    T1] dummy_hcd dummy_hcd.7: Dummy host controller
[   31.381969][    T1] dummy_hcd dummy_hcd.7: new USB bus registered, assigned bus number 8
[   31.389607][    T1] usb usb8: New USB device found, idVendor=1d6b, idProduct=0002, bcdDevice= 6.18
[   31.395790][    T1] usb usb8: New USB device strings: Mfr=3, Product=2, SerialNumber=1
[   31.402620][    T1] usb usb8: Product: Dummy host controller
[   31.406774][    T1] usb usb8: Manufacturer: Linux 6.18.0 dummy_hcd
[   31.410705][    T1] usb usb8: SerialNumber: dummy_hcd.7
[   31.424668][    T1] hub 8-0:1.0: USB hub found
[   31.427735][    T1] hub 8-0:1.0: 1 port detected
[   31.434610][    T1] dummy_hcd dummy_hcd.8: USB Host+Gadget Emulator, driver 02 May 2005
[   31.440109][    T1] dummy_hcd dummy_hcd.8: Dummy host controller
[   31.445709][    T1] dummy_hcd dummy_hcd.8: new USB bus registered, assigned bus number 9
[   31.452813][    T1] usb usb9: New USB device found, idVendor=1d6b, idProduct=0002, bcdDevice= 6.18
[   31.458064][    T1] usb usb9: New USB device strings: Mfr=3, Product=2, SerialNumber=1
[   31.463085][    T1] usb usb9: Product: Dummy host controller
[   31.466700][    T1] usb usb9: Manufacturer: Linux 6.18.0 dummy_hcd
[   31.470540][    T1] usb usb9: SerialNumber: dummy_hcd.8
[   31.479909][    T1] hub 9-0:1.0: USB hub found
[   31.483128][    T1] hub 9-0:1.0: 1 port detected
[   31.489851][    T1] dummy_hcd dummy_hcd.9: USB Host+Gadget Emulator, driver 02 May 2005
[   31.495632][    T1] dummy_hcd dummy_hcd.9: Dummy host controller
[   31.500848][    T1] dummy_hcd dummy_hcd.9: new USB bus registered, assigned bus number 10
[   31.506512][    T1] usb usb10: New USB device found, idVendor=1d6b, idProduct=0002, bcdDevice= 6.18
[   31.512196][    T1] usb usb10: New USB device strings: Mfr=3, Product=2, SerialNumber=1
[   31.516642][    T1] usb usb10: Product: Dummy host controller
[   31.520585][    T1] usb usb10: Manufacturer: Linux 6.18.0 dummy_hcd
[   31.524716][    T1] usb usb10: SerialNumber: dummy_hcd.9
[   31.533367][    T1] hub 10-0:1.0: USB hub found
[   31.536799][    T1] hub 10-0:1.0: 1 port detected
[   31.544941][    T1] dummy_hcd dummy_hcd.10: USB Host+Gadget Emulator, driver 02 May 2005
[   31.551418][    T1] dummy_hcd dummy_hcd.10: Dummy host controller
[   31.557276][    T1] dummy_hcd dummy_hcd.10: new USB bus registered, assigned bus number 11
[   31.566831][    T1] usb usb11: New USB device found, idVendor=1d6b, idProduct=0002, bcdDevice= 6.18
[   31.573360][    T1] usb usb11: New USB device strings: Mfr=3, Product=2, SerialNumber=1
[   31.581181][    T1] usb usb11: Product: Dummy host controller
[   31.585019][    T1] usb usb11: Manufacturer: Linux 6.18.0 dummy_hcd
[   31.589811][    T1] usb usb11: SerialNumber: dummy_hcd.10
[   31.598397][    T1] hub 11-0:1.0: USB hub found
[   31.602472][    T1] hub 11-0:1.0: 1 port detected
[   31.610290][    T1] dummy_hcd dummy_hcd.11: USB Host+Gadget Emulator, driver 02 May 2005
[   31.616915][    T1] dummy_hcd dummy_hcd.11: Dummy host controller
[   31.623144][    T1] dummy_hcd dummy_hcd.11: new USB bus registered, assigned bus number 12
[   31.631114][    T1] usb usb12: New USB device found, idVendor=1d6b, idProduct=0002, bcdDevice= 6.18
[   31.638723][    T1] usb usb12: New USB device strings: Mfr=3, Product=2, SerialNumber=1
[   31.645117][    T1] usb usb12: Product: Dummy host controller
[   31.648295][    T1] usb usb12: Manufacturer: Linux 6.18.0 dummy_hcd
[   31.652351][    T1] usb usb12: SerialNumber: dummy_hcd.11
[   31.665859][    T1] hub 12-0:1.0: USB hub found
[   31.671308][    T1] hub 12-0:1.0: 1 port detected
[   31.679489][    T1] dummy_hcd dummy_hcd.12: USB Host+Gadget Emulator, driver 02 May 2005
[   31.685110][    T1] dummy_hcd dummy_hcd.12: Dummy host controller
[   31.692401][    T1] dummy_hcd dummy_hcd.12: new USB bus registered, assigned bus number 13
[   31.699535][    T1] usb usb13: New USB device found, idVendor=1d6b, idProduct=0002, bcdDevice= 6.18
[   31.705934][    T1] usb usb13: New USB device strings: Mfr=3, Product=2, SerialNumber=1
[   31.710369][    T1] usb usb13: Product: Dummy host controller
[   31.715116][    T1] usb usb13: Manufacturer: Linux 6.18.0 dummy_hcd
[   31.720163][    T1] usb usb13: SerialNumber: dummy_hcd.12
[   31.728864][    T1] hub 13-0:1.0: USB hub found
[   31.731902][    T1] hub 13-0:1.0: 1 port detected
[   31.742015][    T1] dummy_hcd dummy_hcd.13: USB Host+Gadget Emulator, driver 02 May 2005
[   31.748246][    T1] dummy_hcd dummy_hcd.13: Dummy host controller
[   31.753849][    T1] dummy_hcd dummy_hcd.13: new USB bus registered, assigned bus number 14
[   31.759879][    T1] usb usb14: New USB device found, idVendor=1d6b, idProduct=0002, bcdDevice= 6.18
[   31.765222][    T1] usb usb14: New USB device strings: Mfr=3, Product=2, SerialNumber=1
[   31.771260][    T1] usb usb14: Product: Dummy host controller
[   31.775533][    T1] usb usb14: Manufacturer: Linux 6.18.0 dummy_hcd
[   31.781229][    T1] usb usb14: SerialNumber: dummy_hcd.13
[   31.787924][    T1] hub 14-0:1.0: USB hub found
[   31.791398][    T1] hub 14-0:1.0: 1 port detected
[   31.799287][    T1] dummy_hcd dummy_hcd.14: USB Host+Gadget Emulator, driver 02 May 2005
[   31.805022][    T1] dummy_hcd dummy_hcd.14: Dummy host controller
[   31.811166][    T1] dummy_hcd dummy_hcd.14: new USB bus registered, assigned bus number 15
[   31.818231][    T1] usb usb15: New USB device found, idVendor=1d6b, idProduct=0002, bcdDevice= 6.18
[   31.825578][    T1] usb usb15: New USB device strings: Mfr=3, Product=2, SerialNumber=1
[   31.830920][    T1] usb usb15: Product: Dummy host controller
[   31.835163][    T1] usb usb15: Manufacturer: Linux 6.18.0 dummy_hcd
[   31.839437][    T1] usb usb15: SerialNumber: dummy_hcd.14
[   31.846087][    T1] hub 15-0:1.0: USB hub found
[   31.849311][    T1] hub 15-0:1.0: 1 port detected
[   31.856844][    T1] dummy_hcd dummy_hcd.15: USB Host+Gadget Emulator, driver 02 May 2005
[   31.863001][    T1] dummy_hcd dummy_hcd.15: Dummy host controller
[   31.868973][    T1] dummy_hcd dummy_hcd.15: new USB bus registered, assigned bus number 16
[   31.878590][    T1] usb usb16: New USB device found, idVendor=1d6b, idProduct=0002, bcdDevice= 6.18
[   31.885264][    T1] usb usb16: New USB device strings: Mfr=3, Product=2, SerialNumber=1
[   31.891528][    T1] usb usb16: Product: Dummy host controller
[   31.895691][    T1] usb usb16: Manufacturer: Linux 6.18.0 dummy_hcd
[   31.900295][    T1] usb usb16: SerialNumber: dummy_hcd.15
[   31.907672][    T1] hub 16-0:1.0: USB hub found
[   31.911001][    T1] hub 16-0:1.0: 1 port detected
[   31.918506][    T1] dummy_hcd dummy_hcd.16: USB Host+Gadget Emulator, driver 02 May 2005
[   31.924690][    T1] dummy_hcd dummy_hcd.16: Dummy host controller
[   31.932217][    T1] dummy_hcd dummy_hcd.16: new USB bus registered, assigned bus number 17
[   31.939721][    T1] usb usb17: New USB device found, idVendor=1d6b, idProduct=0002, bcdDevice= 6.18
[   31.946612][    T1] usb usb17: New USB device strings: Mfr=3, Product=2, SerialNumber=1
[   31.952029][    T1] usb usb17: Product: Dummy host controller
[   31.955940][    T1] usb usb17: Manufacturer: Linux 6.18.0 dummy_hcd
[   31.959941][    T1] usb usb17: SerialNumber: dummy_hcd.16
[   31.967603][    T1] hub 17-0:1.0: USB hub found
[   31.971353][    T1] hub 17-0:1.0: 1 port detected
[   31.978939][    T1] dummy_hcd dummy_hcd.17: USB Host+Gadget Emulator, driver 02 May 2005
[   31.988929][    T1] dummy_hcd dummy_hcd.17: Dummy host controller
[   31.993797][    T1] dummy_hcd dummy_hcd.17: new USB bus registered, assigned bus number 18
[   32.000299][    T1] usb usb18: New USB device found, idVendor=1d6b, idProduct=0002, bcdDevice= 6.18
[   32.006050][    T1] usb usb18: New USB device strings: Mfr=3, Product=2, SerialNumber=1
[   32.012113][    T1] usb usb18: Product: Dummy host controller
[   32.015721][    T1] usb usb18: Manufacturer: Linux 6.18.0 dummy_hcd
[   32.020452][    T1] usb usb18: SerialNumber: dummy_hcd.17
[   32.028676][    T1] hub 18-0:1.0: USB hub found
[   32.032251][    T1] hub 18-0:1.0: 1 port detected
[   32.039930][    T1] dummy_hcd dummy_hcd.18: USB Host+Gadget Emulator, driver 02 May 2005
[   32.046055][    T1] dummy_hcd dummy_hcd.18: Dummy host controller
[   32.052294][    T1] dummy_hcd dummy_hcd.18: new USB bus registered, assigned bus number 19
[   32.061185][    T1] usb usb19: New USB device found, idVendor=1d6b, idProduct=0002, bcdDevice= 6.18
[   32.068351][    T1] usb usb19: New USB device strings: Mfr=3, Product=2, SerialNumber=1
[   32.074532][    T1] usb usb19: Product: Dummy host controller
[   32.079110][    T1] usb usb19: Manufacturer: Linux 6.18.0 dummy_hcd
[   32.084782][    T1] usb usb19: SerialNumber: dummy_hcd.18
[   32.091744][    T1] hub 19-0:1.0: USB hub found
[   32.095349][    T1] hub 19-0:1.0: 1 port detected
[   32.102697][    T1] dummy_hcd dummy_hcd.19: USB Host+Gadget Emulator, driver 02 May 2005
[   32.108040][    T1] dummy_hcd dummy_hcd.19: Dummy host controller
[   32.114724][    T1] dummy_hcd dummy_hcd.19: new USB bus registered, assigned bus number 20
[   32.121945][    T1] usb usb20: New USB device found, idVendor=1d6b, idProduct=0002, bcdDevice= 6.18
[   32.128003][    T1] usb usb20: New USB device strings: Mfr=3, Product=2, SerialNumber=1
[   32.134641][    T1] usb usb20: Product: Dummy host controller
[   32.138790][    T1] usb usb20: Manufacturer: Linux 6.18.0 dummy_hcd
[   32.143569][    T1] usb usb20: SerialNumber: dummy_hcd.19
[   32.152154][    T1] hub 20-0:1.0: USB hub found
[   32.155593][    T1] hub 20-0:1.0: 1 port detected
[   32.163731][    T1] dummy_hcd dummy_hcd.20: USB Host+Gadget Emulator, driver 02 May 2005
[   32.169906][    T1] dummy_hcd dummy_hcd.20: Dummy host controller
[   32.175893][    T1] dummy_hcd dummy_hcd.20: new USB bus registered, assigned bus number 21
[   32.182883][    T1] usb usb21: New USB device found, idVendor=1d6b, idProduct=0002, bcdDevice= 6.18
[   32.189258][    T1] usb usb21: New USB device strings: Mfr=3, Product=2, SerialNumber=1
[   32.195562][    T1] usb usb21: Product: Dummy host controller
[   32.199801][    T1] usb usb21: Manufacturer: Linux 6.18.0 dummy_hcd
[   32.204707][    T1] usb usb21: SerialNumber: dummy_hcd.20
[   32.212873][    T1] hub 21-0:1.0: USB hub found
[   32.216543][    T1] hub 21-0:1.0: 1 port detected
[   32.224588][    T1] dummy_hcd dummy_hcd.21: USB Host+Gadget Emulator, driver 02 May 2005
[   32.231252][    T1] dummy_hcd dummy_hcd.21: Dummy host controller
[   32.237163][    T1] dummy_hcd dummy_hcd.21: new USB bus registered, assigned bus number 22
[   32.244526][    T1] usb usb22: New USB device found, idVendor=1d6b, idProduct=0002, bcdDevice= 6.18
[   32.251518][    T1] usb usb22: New USB device strings: Mfr=3, Product=2, SerialNumber=1
[   32.256738][    T1] usb usb22: Product: Dummy host controller
[   32.260822][    T1] usb usb22: Manufacturer: Linux 6.18.0 dummy_hcd
[   32.265334][    T1] usb usb22: SerialNumber: dummy_hcd.21
[   32.273601][    T1] hub 22-0:1.0: USB hub found
[   32.277398][    T1] hub 22-0:1.0: 1 port detected
[   32.284873][    T1] dummy_hcd dummy_hcd.22: USB Host+Gadget Emulator, driver 02 May 2005
[   32.291157][    T1] dummy_hcd dummy_hcd.22: Dummy host controller
[   32.296337][    T1] dummy_hcd dummy_hcd.22: new USB bus registered, assigned bus number 23
[   32.302867][    T1] usb usb23: New USB device found, idVendor=1d6b, idProduct=0002, bcdDevice= 6.18
[   32.309291][    T1] usb usb23: New USB device strings: Mfr=3, Product=2, SerialNumber=1
[   32.315113][    T1] usb usb23: Product: Dummy host controller
[   32.319842][    T1] usb usb23: Manufacturer: Linux 6.18.0 dummy_hcd
[   32.324015][    T1] usb usb23: SerialNumber: dummy_hcd.22
[   32.331452][    T1] hub 23-0:1.0: USB hub found
[   32.335386][    T1] hub 23-0:1.0: 1 port detected
[   32.342740][    T1] dummy_hcd dummy_hcd.23: USB Host+Gadget Emulator, driver 02 May 2005
[   32.348573][    T1] dummy_hcd dummy_hcd.23: Dummy host controller
[   32.353898][    T1] dummy_hcd dummy_hcd.23: new USB bus registered, assigned bus number 24
[   32.361357][    T1] usb usb24: New USB device found, idVendor=1d6b, idProduct=0002, bcdDevice= 6.18
[   32.367436][    T1] usb usb24: New USB device strings: Mfr=3, Product=2, SerialNumber=1
[   32.372950][    T1] usb usb24: Product: Dummy host controller
[   32.376874][    T1] usb usb24: Manufacturer: Linux 6.18.0 dummy_hcd
[   32.381845][    T1] usb usb24: SerialNumber: dummy_hcd.23
[   32.389452][    T1] hub 24-0:1.0: USB hub found
[   32.393110][    T1] hub 24-0:1.0: 1 port detected
[   32.400969][    T1] dummy_hcd dummy_hcd.24: USB Host+Gadget Emulator, driver 02 May 2005
[   32.406465][    T1] dummy_hcd dummy_hcd.24: Dummy host controller
[   32.412259][    T1] dummy_hcd dummy_hcd.24: new USB bus registered, assigned bus number 25
[   32.418607][    T1] usb usb25: New USB device found, idVendor=1d6b, idProduct=0002, bcdDevice= 6.18
[   32.423578][    T1] usb usb25: New USB device strings: Mfr=3, Product=2, SerialNumber=1
[   32.429877][    T1] usb usb25: Product: Dummy host controller
[   32.433332][    T1] usb usb25: Manufacturer: Linux 6.18.0 dummy_hcd
[   32.437288][    T1] usb usb25: SerialNumber: dummy_hcd.24
[   32.444704][    T1] hub 25-0:1.0: USB hub found
[   32.448426][    T1] hub 25-0:1.0: 1 port detected
[   32.456165][    T1] dummy_hcd dummy_hcd.25: USB Host+Gadget Emulator, driver 02 May 2005
[   32.462553][    T1] dummy_hcd dummy_hcd.25: Dummy host controller
[   32.467769][    T1] dummy_hcd dummy_hcd.25: new USB bus registered, assigned bus number 26
[   32.474342][    T1] usb usb26: New USB device found, idVendor=1d6b, idProduct=0002, bcdDevice= 6.18
[   32.480384][    T1] usb usb26: New USB device strings: Mfr=3, Product=2, SerialNumber=1
[   32.486286][    T1] usb usb26: Product: Dummy host controller
[   32.490056][    T1] usb usb26: Manufacturer: Linux 6.18.0 dummy_hcd
[   32.494268][    T1] usb usb26: SerialNumber: dummy_hcd.25
[   32.504636][    T1] hub 26-0:1.0: USB hub found
[   32.508614][    T1] hub 26-0:1.0: 1 port detected
[   32.516337][    T1] dummy_hcd dummy_hcd.26: USB Host+Gadget Emulator, driver 02 May 2005
[   32.522283][    T1] dummy_hcd dummy_hcd.26: Dummy host controller
[   32.528581][    T1] dummy_hcd dummy_hcd.26: new USB bus registered, assigned bus number 27
[   32.535989][    T1] usb usb27: New USB device found, idVendor=1d6b, idProduct=0002, bcdDevice= 6.18
[   32.542048][    T1] usb usb27: New USB device strings: Mfr=3, Product=2, SerialNumber=1
[   32.547293][    T1] usb usb27: Product: Dummy host controller
[   32.551758][    T1] usb usb27: Manufacturer: Linux 6.18.0 dummy_hcd
[   32.556431][    T1] usb usb27: SerialNumber: dummy_hcd.26
[   32.568548][    T1] hub 27-0:1.0: USB hub found
[   32.572984][    T1] hub 27-0:1.0: 1 port detected
[   32.581122][    T1] dummy_hcd dummy_hcd.27: USB Host+Gadget Emulator, driver 02 May 2005
[   32.586619][    T1] dummy_hcd dummy_hcd.27: Dummy host controller
[   32.592307][    T1] dummy_hcd dummy_hcd.27: new USB bus registered, assigned bus number 28
[   32.598736][    T1] usb usb28: New USB device found, idVendor=1d6b, idProduct=0002, bcdDevice= 6.18
[   32.604262][    T1] usb usb28: New USB device strings: Mfr=3, Product=2, SerialNumber=1
[   32.610426][    T1] usb usb28: Product: Dummy host controller
[   32.614013][    T1] usb usb28: Manufacturer: Linux 6.18.0 dummy_hcd
[   32.618458][    T1] usb usb28: SerialNumber: dummy_hcd.27
[   32.626602][    T1] hub 28-0:1.0: USB hub found
[   32.629192][    T1] hub 28-0:1.0: 1 port detected
[   32.642873][    T1] dummy_hcd dummy_hcd.28: USB Host+Gadget Emulator, driver 02 May 2005
[   32.652723][    T1] dummy_hcd dummy_hcd.28: Dummy host controller
[   32.658295][    T1] dummy_hcd dummy_hcd.28: new USB bus registered, assigned bus number 29
[   32.665097][    T1] usb usb29: New USB device found, idVendor=1d6b, idProduct=0002, bcdDevice= 6.18
[   32.670164][    T1] usb usb29: New USB device strings: Mfr=3, Product=2, SerialNumber=1
[   32.675817][    T1] usb usb29: Product: Dummy host controller
[   32.679537][    T1] usb usb29: Manufacturer: Linux 6.18.0 dummy_hcd
[   32.682861][    T1] usb usb29: SerialNumber: dummy_hcd.28
[   32.689205][    T1] hub 29-0:1.0: USB hub found
[   32.693145][    T1] hub 29-0:1.0: 1 port detected
[   32.699131][    T1] dummy_hcd dummy_hcd.29: USB Host+Gadget Emulator, driver 02 May 2005
[   32.704562][    T1] dummy_hcd dummy_hcd.29: Dummy host controller
[   32.710262][    T1] dummy_hcd dummy_hcd.29: new USB bus registered, assigned bus number 30
[   32.719774][    T1] usb usb30: New USB device found, idVendor=1d6b, idProduct=0002, bcdDevice= 6.18
[   32.727532][    T1] usb usb30: New USB device strings: Mfr=3, Product=2, SerialNumber=1
[   32.734037][    T1] usb usb30: Product: Dummy host controller
[   32.737981][    T1] usb usb30: Manufacturer: Linux 6.18.0 dummy_hcd
[   32.742697][    T1] usb usb30: SerialNumber: dummy_hcd.29
[   32.753974][    T1] hub 30-0:1.0: USB hub found
[   32.757312][    T1] hub 30-0:1.0: 1 port detected
[   32.764991][    T1] dummy_hcd dummy_hcd.30: USB Host+Gadget Emulator, driver 02 May 2005
[   32.771689][    T1] dummy_hcd dummy_hcd.30: Dummy host controller
[   32.777220][    T1] dummy_hcd dummy_hcd.30: new USB bus registered, assigned bus number 31
[   32.784998][    T1] usb usb31: New USB device found, idVendor=1d6b, idProduct=0002, bcdDevice= 6.18
[   32.790553][    T1] usb usb31: New USB device strings: Mfr=3, Product=2, SerialNumber=1
[   32.796986][    T1] usb usb31: Product: Dummy host controller
[   32.800457][    T1] usb usb31: Manufacturer: Linux 6.18.0 dummy_hcd
[   32.805461][    T1] usb usb31: SerialNumber: dummy_hcd.30
[   32.813129][    T1] hub 31-0:1.0: USB hub found
[   32.816484][    T1] hub 31-0:1.0: 1 port detected
[   32.823819][    T1] dummy_hcd dummy_hcd.31: USB Host+Gadget Emulator, driver 02 May 2005
[   32.828737][    T1] dummy_hcd dummy_hcd.31: Dummy host controller
[   32.835903][    T1] dummy_hcd dummy_hcd.31: new USB bus registered, assigned bus number 32
[   32.843673][    T1] usb usb32: New USB device found, idVendor=1d6b, idProduct=0002, bcdDevice= 6.18
[   32.850347][    T1] usb usb32: New USB device strings: Mfr=3, Product=2, SerialNumber=1
[   32.856464][    T1] usb usb32: Product: Dummy host controller
[   32.860862][    T1] usb usb32: Manufacturer: Linux 6.18.0 dummy_hcd
[   32.865760][    T1] usb usb32: SerialNumber: dummy_hcd.31
[   32.874064][    T1] hub 32-0:1.0: USB hub found
[   32.877755][    T1] hub 32-0:1.0: 1 port detected
[   32.979514][    T1] SPI driver max3420-udc has no spi_device_id for maxim,max3421-udc
[   32.989034][    T1] gadgetfs: USB Gadget filesystem, version 24 Aug 2004
[   32.998569][    T1] vhci_hcd vhci_hcd.0: USB/IP Virtual Host Controller
[   33.006191][    T1] vhci_hcd vhci_hcd.0: new USB bus registered, assigned bus number 33
[   33.013492][    T1] vhci_hcd: created sysfs vhci_hcd.0
[   33.018976][    T1] usb usb33: New USB device found, idVendor=1d6b, idProduct=0002, bcdDevice= 6.18
[   33.025565][    T1] usb usb33: New USB device strings: Mfr=3, Product=2, SerialNumber=1
[   33.032113][    T1] usb usb33: Product: USB/IP Virtual Host Controller
[   33.037619][    T1] usb usb33: Manufacturer: Linux 6.18.0 vhci_hcd
[   33.042209][    T1] usb usb33: SerialNumber: vhci_hcd.0
[   33.054247][    T1] hub 33-0:1.0: USB hub found
[   33.059004][    T1] hub 33-0:1.0: 8 ports detected
[   33.076239][    T1] vhci_hcd vhci_hcd.0: USB/IP Virtual Host Controller
[   33.083671][    T1] vhci_hcd vhci_hcd.0: new USB bus registered, assigned bus number 34
[   33.088793][    T1] usb usb34: We don't know the algorithms for LPM for this host, disabling LPM.
[   33.096330][    T1] usb usb34: New USB device found, idVendor=1d6b, idProduct=0003, bcdDevice= 6.18
[   33.107148][    T1] usb usb34: New USB device strings: Mfr=3, Product=2, SerialNumber=1
[   33.113330][    T1] usb usb34: Product: USB/IP Virtual Host Controller
[   33.118863][    T1] usb usb34: Manufacturer: Linux 6.18.0 vhci_hcd
[   33.122503][    T1] usb usb34: SerialNumber: vhci_hcd.0
[   33.130913][    T1] hub 34-0:1.0: USB hub found
[   33.134327][    T1] hub 34-0:1.0: 8 ports detected
[   33.153206][    T1] vhci_hcd vhci_hcd.1: USB/IP Virtual Host Controller
[   33.158771][    T1] vhci_hcd vhci_hcd.1: new USB bus registered, assigned bus number 35
[   33.165375][    T1] usb usb35: New USB device found, idVendor=1d6b, idProduct=0002, bcdDevice= 6.18
[   33.171266][    T1] usb usb35: New USB device strings: Mfr=3, Product=2, SerialNumber=1
[   33.175784][    T1] usb usb35: Product: USB/IP Virtual Host Controller
[   33.180436][    T1] usb usb35: Manufacturer: Linux 6.18.0 vhci_hcd
[   33.184728][    T1] usb usb35: SerialNumber: vhci_hcd.1
[   33.193723][    T1] hub 35-0:1.0: USB hub found
[   33.196246][    T1] hub 35-0:1.0: 8 ports detected
[   33.209355][    T1] vhci_hcd vhci_hcd.1: USB/IP Virtual Host Controller
[   33.216298][    T1] vhci_hcd vhci_hcd.1: new USB bus registered, assigned bus number 36
[   33.221055][    T1] usb usb36: We don't know the algorithms for LPM for this host, disabling LPM.
[   33.228193][    T1] usb usb36: New USB device found, idVendor=1d6b, idProduct=0003, bcdDevice= 6.18
[   33.234143][    T1] usb usb36: New USB device strings: Mfr=3, Product=2, SerialNumber=1
[   33.238560][    T1] usb usb36: Product: USB/IP Virtual Host Controller
[   33.242569][    T1] usb usb36: Manufacturer: Linux 6.18.0 vhci_hcd
[   33.246254][    T1] usb usb36: SerialNumber: vhci_hcd.1
[   33.256604][    T1] hub 36-0:1.0: USB hub found
[   33.261249][    T1] hub 36-0:1.0: 8 ports detected
[   33.284503][    T1] vhci_hcd vhci_hcd.2: USB/IP Virtual Host Controller
[   33.293280][    T1] vhci_hcd vhci_hcd.2: new USB bus registered, assigned bus number 37
[   33.302353][    T1] usb usb37: New USB device found, idVendor=1d6b, idProduct=0002, bcdDevice= 6.18
[   33.308852][    T1] usb usb37: New USB device strings: Mfr=3, Product=2, SerialNumber=1
[   33.315992][    T1] usb usb37: Product: USB/IP Virtual Host Controller
[   33.319938][    T1] usb usb37: Manufacturer: Linux 6.18.0 vhci_hcd
[   33.324374][    T1] usb usb37: SerialNumber: vhci_hcd.2
[   33.332740][    T1] hub 37-0:1.0: USB hub found
[   33.335546][    T1] hub 37-0:1.0: 8 ports detected
[   33.348245][    T1] vhci_hcd vhci_hcd.2: USB/IP Virtual Host Controller
[   33.355472][    T1] vhci_hcd vhci_hcd.2: new USB bus registered, assigned bus number 38
[   33.363084][    T1] usb usb38: We don't know the algorithms for LPM for this host, disabling LPM.
[   33.369433][    T1] usb usb38: New USB device found, idVendor=1d6b, idProduct=0003, bcdDevice= 6.18
[   33.376958][    T1] usb usb38: New USB device strings: Mfr=3, Product=2, SerialNumber=1
[   33.383922][    T1] usb usb38: Product: USB/IP Virtual Host Controller
[   33.388826][    T1] usb usb38: Manufacturer: Linux 6.18.0 vhci_hcd
[   33.393008][    T1] usb usb38: SerialNumber: vhci_hcd.2
[   33.401852][    T1] hub 38-0:1.0: USB hub found
[   33.405339][    T1] hub 38-0:1.0: 8 ports detected
[   33.422550][    T1] vhci_hcd vhci_hcd.3: USB/IP Virtual Host Controller
[   33.428812][    T1] vhci_hcd vhci_hcd.3: new USB bus registered, assigned bus number 39
[   33.436899][    T1] usb usb39: New USB device found, idVendor=1d6b, idProduct=0002, bcdDevice= 6.18
[   33.443950][    T1] usb usb39: New USB device strings: Mfr=3, Product=2, SerialNumber=1
[   33.449937][    T1] usb usb39: Product: USB/IP Virtual Host Controller
[   33.455051][    T1] usb usb39: Manufacturer: Linux 6.18.0 vhci_hcd
[   33.459488][    T1] usb usb39: SerialNumber: vhci_hcd.3
[   33.468268][    T1] hub 39-0:1.0: USB hub found
[   33.471564][    T1] hub 39-0:1.0: 8 ports detected
[   33.484472][    T1] vhci_hcd vhci_hcd.3: USB/IP Virtual Host Controller
[   33.490367][    T1] vhci_hcd vhci_hcd.3: new USB bus registered, assigned bus number 40
[   33.496006][    T1] usb usb40: We don't know the algorithms for LPM for this host, disabling LPM.
[   33.503648][    T1] usb usb40: New USB device found, idVendor=1d6b, idProduct=0003, bcdDevice= 6.18
[   33.510201][    T1] usb usb40: New USB device strings: Mfr=3, Product=2, SerialNumber=1
[   33.516077][    T1] usb usb40: Product: USB/IP Virtual Host Controller
[   33.520779][    T1] usb usb40: Manufacturer: Linux 6.18.0 vhci_hcd
[   33.524559][    T1] usb usb40: SerialNumber: vhci_hcd.3
[   33.531407][    T1] hub 40-0:1.0: USB hub found
[   33.534505][    T1] hub 40-0:1.0: 8 ports detected
[   33.555214][    T1] vhci_hcd vhci_hcd.4: USB/IP Virtual Host Controller
[   33.566207][    T1] vhci_hcd vhci_hcd.4: new USB bus registered, assigned bus number 41
[   33.574223][    T1] usb usb41: New USB device found, idVendor=1d6b, idProduct=0002, bcdDevice= 6.18
[   33.583253][    T1] usb usb41: New USB device strings: Mfr=3, Product=2, SerialNumber=1
[   33.591602][    T1] usb usb41: Product: USB/IP Virtual Host Controller
[   33.597921][    T1] usb usb41: Manufacturer: Linux 6.18.0 vhci_hcd
[   33.601918][    T1] usb usb41: SerialNumber: vhci_hcd.4
[   33.610505][    T1] hub 41-0:1.0: USB hub found
[   33.617182][    T1] hub 41-0:1.0: 8 ports detected
[   33.638053][    T1] vhci_hcd vhci_hcd.4: USB/IP Virtual Host Controller
[   33.649421][    T1] vhci_hcd vhci_hcd.4: new USB bus registered, assigned bus number 42
[   33.654787][    T1] usb usb42: We don't know the algorithms for LPM for this host, disabling LPM.
[   33.664302][    T1] usb usb42: New USB device found, idVendor=1d6b, idProduct=0003, bcdDevice= 6.18
[   33.670361][    T1] usb usb42: New USB device strings: Mfr=3, Product=2, SerialNumber=1
[   33.674725][    T1] usb usb42: Product: USB/IP Virtual Host Controller
[   33.678430][    T1] usb usb42: Manufacturer: Linux 6.18.0 vhci_hcd
[   33.682820][    T1] usb usb42: SerialNumber: vhci_hcd.4
[   33.691769][    T1] hub 42-0:1.0: USB hub found
[   33.695208][    T1] hub 42-0:1.0: 8 ports detected
[   33.715216][    T1] vhci_hcd vhci_hcd.5: USB/IP Virtual Host Controller
[   33.721443][    T1] vhci_hcd vhci_hcd.5: new USB bus registered, assigned bus number 43
[   33.728766][    T1] usb usb43: New USB device found, idVendor=1d6b, idProduct=0002, bcdDevice= 6.18
[   33.736249][    T1] usb usb43: New USB device strings: Mfr=3, Product=2, SerialNumber=1
[   33.742585][    T1] usb usb43: Product: USB/IP Virtual Host Controller
[   33.747580][    T1] usb usb43: Manufacturer: Linux 6.18.0 vhci_hcd
[   33.752795][    T1] usb usb43: SerialNumber: vhci_hcd.5
[   33.761361][    T1] hub 43-0:1.0: USB hub found
[   33.764925][    T1] hub 43-0:1.0: 8 ports detected
[   33.781660][    T1] vhci_hcd vhci_hcd.5: USB/IP Virtual Host Controller
[   33.787341][    T1] vhci_hcd vhci_hcd.5: new USB bus registered, assigned bus number 44
[   33.794493][    T1] usb usb44: We don't know the algorithms for LPM for this host, disabling LPM.
[   33.801692][    T1] usb usb44: New USB device found, idVendor=1d6b, idProduct=0003, bcdDevice= 6.18
[   33.806963][    T1] usb usb44: New USB device strings: Mfr=3, Product=2, SerialNumber=1
[   33.811964][    T1] usb usb44: Product: USB/IP Virtual Host Controller
[   33.816794][    T1] usb usb44: Manufacturer: Linux 6.18.0 vhci_hcd
[   33.821740][    T1] usb usb44: SerialNumber: vhci_hcd.5
[   33.831789][    T1] hub 44-0:1.0: USB hub found
[   33.835451][    T1] hub 44-0:1.0: 8 ports detected
[   33.853778][    T1] vhci_hcd vhci_hcd.6: USB/IP Virtual Host Controller
[   33.865615][    T1] vhci_hcd vhci_hcd.6: new USB bus registered, assigned bus number 45
[   33.874061][    T1] usb usb45: New USB device found, idVendor=1d6b, idProduct=0002, bcdDevice= 6.18
[   33.881287][    T1] usb usb45: New USB device strings: Mfr=3, Product=2, SerialNumber=1
[   33.887399][    T1] usb usb45: Product: USB/IP Virtual Host Controller
[   33.892800][    T1] usb usb45: Manufacturer: Linux 6.18.0 vhci_hcd
[   33.898023][    T1] usb usb45: SerialNumber: vhci_hcd.6
[   33.907556][    T1] hub 45-0:1.0: USB hub found
[   33.911840][    T1] hub 45-0:1.0: 8 ports detected
[   33.927482][    T1] vhci_hcd vhci_hcd.6: USB/IP Virtual Host Controller
[   33.939338][    T1] vhci_hcd vhci_hcd.6: new USB bus registered, assigned bus number 46
[   33.949756][    T1] usb usb46: We don't know the algorithms for LPM for this host, disabling LPM.
[   33.957493][    T1] usb usb46: New USB device found, idVendor=1d6b, idProduct=0003, bcdDevice= 6.18
[   33.967771][    T1] usb usb46: New USB device strings: Mfr=3, Product=2, SerialNumber=1
[   33.974088][    T1] usb usb46: Product: USB/IP Virtual Host Controller
[   33.979217][    T1] usb usb46: Manufacturer: Linux 6.18.0 vhci_hcd
[   33.983992][    T1] usb usb46: SerialNumber: vhci_hcd.6
[   33.991710][    T1] hub 46-0:1.0: USB hub found
[   33.996010][    T1] hub 46-0:1.0: 8 ports detected
[   34.020574][    T1] vhci_hcd vhci_hcd.7: USB/IP Virtual Host Controller
[   34.026165][    T1] vhci_hcd vhci_hcd.7: new USB bus registered, assigned bus number 47
[   34.033317][    T1] usb usb47: New USB device found, idVendor=1d6b, idProduct=0002, bcdDevice= 6.18
[   34.039679][    T1] usb usb47: New USB device strings: Mfr=3, Product=2, SerialNumber=1
[   34.045620][    T1] usb usb47: Product: USB/IP Virtual Host Controller
[   34.050519][    T1] usb usb47: Manufacturer: Linux 6.18.0 vhci_hcd
[   34.055837][    T1] usb usb47: SerialNumber: vhci_hcd.7
[   34.064848][    T1] hub 47-0:1.0: USB hub found
[   34.068508][    T1] hub 47-0:1.0: 8 ports detected
[   34.084665][    T1] vhci_hcd vhci_hcd.7: USB/IP Virtual Host Controller
[   34.091667][    T1] vhci_hcd vhci_hcd.7: new USB bus registered, assigned bus number 48
[   34.097531][    T1] usb usb48: We don't know the algorithms for LPM for this host, disabling LPM.
[   34.104788][    T1] usb usb48: New USB device found, idVendor=1d6b, idProduct=0003, bcdDevice= 6.18
[   34.110418][    T1] usb usb48: New USB device strings: Mfr=3, Product=2, SerialNumber=1
[   34.115609][    T1] usb usb48: Product: USB/IP Virtual Host Controller
[   34.120085][    T1] usb usb48: Manufacturer: Linux 6.18.0 vhci_hcd
[   34.123526][    T1] usb usb48: SerialNumber: vhci_hcd.7
[   34.131323][    T1] hub 48-0:1.0: USB hub found
[   34.134490][    T1] hub 48-0:1.0: 8 ports detected
[   34.149169][    T1] vhci_hcd vhci_hcd.8: USB/IP Virtual Host Controller
[   34.156045][    T1] vhci_hcd vhci_hcd.8: new USB bus registered, assigned bus number 49
[   34.162993][    T1] usb usb49: New USB device found, idVendor=1d6b, idProduct=0002, bcdDevice= 6.18
[   34.168954][    T1] usb usb49: New USB device strings: Mfr=3, Product=2, SerialNumber=1
[   34.174317][    T1] usb usb49: Product: USB/IP Virtual Host Controller
[   34.178749][    T1] usb usb49: Manufacturer: Linux 6.18.0 vhci_hcd
[   34.183372][    T1] usb usb49: SerialNumber: vhci_hcd.8
[   34.191200][    T1] hub 49-0:1.0: USB hub found
[   34.194522][    T1] hub 49-0:1.0: 8 ports detected
[   34.207173][    T1] vhci_hcd vhci_hcd.8: USB/IP Virtual Host Controller
[   34.214660][    T1] vhci_hcd vhci_hcd.8: new USB bus registered, assigned bus number 50
[   34.220327][    T1] usb usb50: We don't know the algorithms for LPM for this host, disabling LPM.
[   34.227227][    T1] usb usb50: New USB device found, idVendor=1d6b, idProduct=0003, bcdDevice= 6.18
[   34.233531][    T1] usb usb50: New USB device strings: Mfr=3, Product=2, SerialNumber=1
[   34.238804][    T1] usb usb50: Product: USB/IP Virtual Host Controller
[   34.243354][    T1] usb usb50: Manufacturer: Linux 6.18.0 vhci_hcd
[   34.246935][    T1] usb usb50: SerialNumber: vhci_hcd.8
[   34.254568][    T1] hub 50-0:1.0: USB hub found
[   34.258239][    T1] hub 50-0:1.0: 8 ports detected
[   34.276770][    T1] vhci_hcd vhci_hcd.9: USB/IP Virtual Host Controller
[   34.282031][    T1] vhci_hcd vhci_hcd.9: new USB bus registered, assigned bus number 51
[   34.289646][    T1] usb usb51: New USB device found, idVendor=1d6b, idProduct=0002, bcdDevice= 6.18
[   34.296136][    T1] usb usb51: New USB device strings: Mfr=3, Product=2, SerialNumber=1
[   34.302220][    T1] usb usb51: Product: USB/IP Virtual Host Controller
[   34.307178][    T1] usb usb51: Manufacturer: Linux 6.18.0 vhci_hcd
[   34.311863][    T1] usb usb51: SerialNumber: vhci_hcd.9
[   34.321083][    T1] hub 51-0:1.0: USB hub found
[   34.325782][    T1] hub 51-0:1.0: 8 ports detected
[   34.345619][    T1] vhci_hcd vhci_hcd.9: USB/IP Virtual Host Controller
[   34.352259][    T1] vhci_hcd vhci_hcd.9: new USB bus registered, assigned bus number 52
[   34.359074][    T1] usb usb52: We don't know the algorithms for LPM for this host, disabling LPM.
[   34.367162][    T1] usb usb52: New USB device found, idVendor=1d6b, idProduct=0003, bcdDevice= 6.18
[   34.373834][    T1] usb usb52: New USB device strings: Mfr=3, Product=2, SerialNumber=1
[   34.379239][    T1] usb usb52: Product: USB/IP Virtual Host Controller
[   34.384000][    T1] usb usb52: Manufacturer: Linux 6.18.0 vhci_hcd
[   34.388259][    T1] usb usb52: SerialNumber: vhci_hcd.9
[   34.404569][    T1] hub 52-0:1.0: USB hub found
[   34.408314][    T1] hub 52-0:1.0: 8 ports detected
[   34.425674][    T1] vhci_hcd vhci_hcd.10: USB/IP Virtual Host Controller
[   34.431589][    T1] vhci_hcd vhci_hcd.10: new USB bus registered, assigned bus number 53
[   34.438438][    T1] usb usb53: New USB device found, idVendor=1d6b, idProduct=0002, bcdDevice= 6.18
[   34.444729][    T1] usb usb53: New USB device strings: Mfr=3, Product=2, SerialNumber=1
[   34.449995][    T1] usb usb53: Product: USB/IP Virtual Host Controller
[   34.454893][    T1] usb usb53: Manufacturer: Linux 6.18.0 vhci_hcd
[   34.459074][    T1] usb usb53: SerialNumber: vhci_hcd.10
