last executing test programs:

2.277482566s ago: executing program 0 (id=5921):
r0 = syz_open_dev$dri(&(0x7f0000000000), 0x1, 0x2000)
r1 = syz_open_dev$dri(&(0x7f0000000000), 0x1, 0x2000)
ioctl$DRM_IOCTL_MODE_GETRESOURCES(r1, 0xc04064a0, &(0x7f0000000340)={0x0, &(0x7f0000000280)=[<r2=>0x0], 0x0, 0x0, 0x0, 0x1})
ioctl$DRM_IOCTL_MODE_GETCRTC(r0, 0xc06864a1, &(0x7f0000000440)={0x0, 0x0, r2, <r3=>0x0})
ioctl$DRM_IOCTL_MODE_GETFB2(r0, 0xc06864ce, &(0x7f0000000040)={r3, 0x407, 0x5, 0xfffffff8, 0x3, [<r4=>0x0], [0x2, 0xbc01, 0xf, 0x8001], [0x7fff, 0x5, 0x4, 0x9], [0x9, 0x34, 0xfffffffffffffffb, 0xbe0]})
ioctl$DRM_IOCTL_PRIME_HANDLE_TO_FD(r0, 0xc00c642d, &(0x7f0000000080)={r4, 0x80000})
r5 = syz_open_dev$dri(&(0x7f0000000000), 0x1ff, 0xc8940)
ioctl$DRM_IOCTL_MODE_GETRESOURCES(r5, 0xc04064a0, &(0x7f0000000200)={0x0, &(0x7f0000000140)=[<r6=>0x0], 0x0, 0x0, 0x0, 0x1})
ioctl$DRM_IOCTL_MODE_GETCRTC(r5, 0xc06864a1, &(0x7f00000005c0)={0x0, 0x0, r6, <r7=>0x0})
openat$drirender128(0xffffffffffffff9c, &(0x7f0000000080), 0x2acc0, 0x0)
ioctl$DRM_IOCTL_MODE_GETCRTC(r0, 0xc06864a1, &(0x7f00000002c0)={&(0x7f00000000c0)=[0x0, 0x0, 0x0, 0x0], 0x4, r2, <r8=>0x0})
ioctl$DRM_IOCTL_MODE_GETFB(r0, 0xc01c64ad, &(0x7f0000000100)={r8})
ioctl$DRM_IOCTL_MODE_GETFB2(r5, 0xc06864ce, &(0x7f0000000180)={r7, 0x3, 0x7, 0x10001, 0x1, [<r9=>0x0], [0x282, 0x2, 0x1, 0x1], [0x4, 0x1, 0x308de11, 0x3], [0x0, 0x3, 0x6, 0x5]})
r10 = syz_open_dev$dri(&(0x7f0000000000), 0x1, 0x8000)
ioctl$DRM_IOCTL_MODE_GETRESOURCES(r10, 0xc04064a0, &(0x7f0000000480)={0x0, &(0x7f0000000080)=[<r11=>0x0], 0x0, 0x0, 0x0, 0x1})
ioctl$DRM_IOCTL_MODE_CURSOR2(r10, 0xc02464bb, &(0x7f0000000680)={0x1, r11, 0x5, 0x5, 0x5, 0x0, 0x0, 0xd3b})
ioctl$DRM_IOCTL_PRIME_HANDLE_TO_FD(r0, 0xc00c642d, &(0x7f0000000000)={r9})

2.063198828s ago: executing program 0 (id=5925):
r0 = syz_open_dev$dri(&(0x7f0000000000), 0x1, 0x2000)
r1 = syz_open_dev$dri(&(0x7f0000000000), 0x1, 0x2000)
ioctl$DRM_IOCTL_MODE_GETRESOURCES(r1, 0xc04064a0, &(0x7f0000000340)={0x0, &(0x7f0000000280)=[<r2=>0x0], 0x0, 0x0, 0x0, 0x1})
ioctl$DRM_IOCTL_MODE_GETCRTC(r0, 0xc06864a1, &(0x7f0000000440)={0x0, 0x0, r2, <r3=>0x0})
ioctl$DRM_IOCTL_MODE_GETFB2(r0, 0xc06864ce, &(0x7f0000000040)={r3, 0x7, 0x5, 0xfffffff8, 0x3, [<r4=>0x0], [0x2, 0xbc01, 0xf, 0x8001], [0x7fff, 0x5, 0x4, 0x8], [0x9, 0x30, 0xfffffffffffffff9, 0xbe0]})
ioctl$DRM_IOCTL_PRIME_HANDLE_TO_FD(r0, 0xc00c642d, &(0x7f0000000080)={r4, 0x80000})
r5 = syz_open_dev$dri(&(0x7f0000000000), 0x1ff, 0xc8940)
ioctl$DRM_IOCTL_MODE_GETRESOURCES(r5, 0xc04064a0, &(0x7f0000000200)={0x0, &(0x7f0000000140)=[<r6=>0x0], 0x0, 0x0, 0x0, 0x1})
ioctl$DRM_IOCTL_MODE_GETCRTC(r5, 0xc06864a1, &(0x7f00000005c0)={0x0, 0x0, r6, <r7=>0x0})
ioctl$DRM_IOCTL_MODE_GETFB2(r5, 0xc06864ce, &(0x7f0000000180)={r7, 0x3, 0x7, 0x10001, 0x1, [<r8=>0x0], [0x282, 0x2, 0x1, 0x1], [0x4, 0x1, 0x308de11, 0x3], [0x0, 0x3, 0x6, 0x5]})
ioctl$DRM_IOCTL_PRIME_HANDLE_TO_FD(r0, 0xc00c642d, &(0x7f0000000000)={r8})

2.062943343s ago: executing program 2 (id=5926):
r0 = syz_open_dev$I2C(&(0x7f0000000700), 0x0, 0x840000)
ioctl$I2C_PEC(r0, 0x708, 0xffffffffffffffff)
ioctl$I2C_SMBUS(r0, 0x720, &(0x7f0000000780)={0x0, 0xd, 0x6, &(0x7f0000000100)={0x18, "3f6678c673bf0580a1b1eeb82bd0a633250000000000000700"}})

1.986778478s ago: executing program 2 (id=5928):
r0 = syz_open_dev$dri(&(0x7f0000000540), 0xca, 0x101000)
ioctl$DRM_IOCTL_MODE_CREATE_LEASE(r0, 0xc01864c6, &(0x7f00000005c0)={0x0, 0x2d, 0x80000})
r1 = syz_open_dev$I2C(&(0x7f0000000700), 0x0, 0x840000)
ioctl$I2C_SMBUS(r1, 0x720, &(0x7f0000000780)={0x0, 0xd, 0x5, &(0x7f0000000100)={0x89, "3f6678c673bf0580a1b1eeb82bd0a633250000000000002000"}})

1.888680813s ago: executing program 0 (id=5929):
r0 = syz_open_dev$I2C(&(0x7f0000000700), 0x0, 0x840000)
ioctl$I2C_PEC(r0, 0x708, 0xffffffffffffffff)
ioctl$I2C_SMBUS(r0, 0x720, &(0x7f0000000780)={0x0, 0xd, 0x2, &(0x7f0000000100)={0x9, "3f6678c673bf0580a1b1eeb82bd0a63325000000000000000000000100"}})

1.885209095s ago: executing program 2 (id=5930):
r0 = syz_open_dev$dri(&(0x7f0000000000), 0x2, 0x123c00)
ioctl$DRM_IOCTL_SET_CLIENT_CAP(r0, 0x4010640d, &(0x7f0000000100)={0x7}) (async)
syz_open_dev$I2C(&(0x7f0000000000), 0xffffffffffffff54, 0x410000)

1.813170298s ago: executing program 0 (id=5932):
r0 = syz_open_dev$I2C(&(0x7f0000000700), 0x0, 0x840000)
ioctl$I2C_PEC(r0, 0x708, 0xffffffffffffffff)
r1 = syz_open_dev$dri(&(0x7f00000001c0), 0x0, 0x540)
ioctl$DRM_IOCTL_MODE_GET_LEASE(r1, 0xc01064c8, &(0x7f00000020c0)={0x0, 0x0, 0x0})
ioctl$DRM_IOCTL_GET_STATS(r1, 0x80f86406, &(0x7f0000000040)=""/72)
ioctl$I2C_PEC(r0, 0x708, 0xfff)
r2 = openat$drirender128(0xffffffffffffff9c, &(0x7f0000000000), 0x800, 0x0)
ioctl$DRM_IOCTL_GET_CAP(r2, 0xc010640c, &(0x7f0000002fc0))
ioctl$I2C_SMBUS(r0, 0x720, &(0x7f0000000780)={0x0, 0xd, 0x0, 0x0})

1.765041946s ago: executing program 2 (id=5933):
r0 = syz_open_dev$dri(&(0x7f0000000000), 0x1, 0x2000)
r1 = syz_open_dev$dri(&(0x7f0000000000), 0x1, 0x0)
ioctl$DRM_IOCTL_MODE_GETRESOURCES(r1, 0xc04064a0, &(0x7f0000000340)={0x0, &(0x7f0000000280)=[<r2=>0x0], 0x0, 0x0, 0x0, 0x1})
ioctl$DRM_IOCTL_MODE_GETCRTC(r0, 0xc06864a1, &(0x7f0000000440)={0x0, 0x0, r2, <r3=>0x0})
ioctl$DRM_IOCTL_MODE_SETCRTC(r0, 0xc06864a2, &(0x7f0000000640)={0x0, 0x0, r2, r3, 0xc84, 0x101, 0x7, 0xa, {0x1, 0x1, 0x7fff, 0x4, 0xfff7, 0x873, 0x5, 0xc69, 0x7, 0x12, 0x5, 0x5684, 0x200, 0xd, "5fc1a184d477608cb2989af37a4aa659deb36d00"}})

1.667155076s ago: executing program 0 (id=5934):
r0 = syz_open_dev$I2C(&(0x7f0000000700), 0x0, 0x840000)
ioctl$I2C_PEC(r0, 0x708, 0xffffffffffffffff)
ioctl$I2C_SMBUS(r0, 0x720, &(0x7f0000000780)={0x0, 0xd, 0x4, &(0x7f0000000100)={0xc, "3f8678c6730000000000fff500d0a63325005dd10bffffdf00"}})

1.657982113s ago: executing program 2 (id=5936):
r0 = syz_open_dev$dri(&(0x7f0000000000), 0x1, 0x2000)
ioctl$DRM_IOCTL_MODE_ADDFB(r0, 0xc01c64ae, &(0x7f0000000240)={0x0, 0x824, 0x455, 0xfe6c, 0x18, 0x18, 0xb4})
r1 = openat$drirender128(0xffffffffffffff9c, &(0x7f0000000040), 0x400000, 0x0) (async)
r2 = syz_open_dev$dri(&(0x7f0000000000), 0x2, 0x1)
ioctl$DRM_IOCTL_MODE_GETRESOURCES(r2, 0xc04064a0, &(0x7f0000000580)={0x0, &(0x7f00000004c0)=[<r3=>0x0], 0x0, 0x0, 0x0, 0x1})
ioctl$DRM_IOCTL_MODE_GETCRTC(r2, 0xc06864a1, &(0x7f0000001800)={0x0, 0x0, r3, <r4=>0x0})
ioctl$DRM_IOCTL_MODE_DIRTYFB(r2, 0xc01864b1, &(0x7f00000000c0)={r4, 0x0, 0x6, 0x2, &(0x7f0000000080)=[{0x40, 0x6, 0x3, 0x7}, {0x200, 0x7ff, 0x5, 0x7}]}) (async)
r5 = syz_open_dev$dri(&(0x7f0000000000), 0x1, 0x2000) (async)
r6 = syz_open_dev$dri(&(0x7f0000000000), 0x1, 0x2000)
ioctl$DRM_IOCTL_MODE_GETRESOURCES(r6, 0xc04064a0, &(0x7f0000000340)={0x0, &(0x7f0000000280)=[<r7=>0x0], 0x0, 0x0, 0x0, 0x1})
ioctl$DRM_IOCTL_MODE_GETCRTC(r5, 0xc06864a1, &(0x7f0000000440)={0x0, 0x0, r7, <r8=>0x0})
ioctl$DRM_IOCTL_MODE_GETFB2(r5, 0xc06864ce, &(0x7f0000000040)={r8, 0x7, 0x5, 0xfffffff8, 0x3, [<r9=>0x0], [0x2, 0xbc01, 0xf, 0x8001], [0x7fff, 0x5, 0x4, 0x8], [0x9, 0x30, 0xfffffffffffffff9]})
ioctl$DRM_IOCTL_GEM_FLINK(r5, 0xc008640a, &(0x7f00000000c0)={r9}) (async)
r10 = syz_open_dev$dri(&(0x7f0000000000), 0x1, 0x2000) (async)
r11 = syz_open_dev$dri(&(0x7f0000000000), 0x1, 0x2000)
ioctl$DRM_IOCTL_MODE_GETRESOURCES(r11, 0xc04064a0, &(0x7f0000000340)={0x0, &(0x7f0000000280)=[<r12=>0x0], 0x0, 0x0, 0x0, 0x1})
ioctl$DRM_IOCTL_MODE_GETCRTC(r10, 0xc06864a1, &(0x7f0000000440)={0x0, 0x0, r12, <r13=>0x0})
ioctl$DRM_IOCTL_MODE_GETFB2(r10, 0xc06864ce, &(0x7f0000000040)={r13, 0x7, 0x5, 0xfffffff8, 0x3, [<r14=>0x0], [0x2, 0xbc01, 0xf, 0x8001], [0x7fff, 0x5, 0x4, 0x8], [0x9, 0x30, 0xfffffffffffffff9]})
ioctl$DRM_IOCTL_PRIME_HANDLE_TO_FD(r10, 0xc00c642d, &(0x7f0000000080)={r14, 0x80000})
ioctl$DRM_IOCTL_GEM_CLOSE(r10, 0x40086409, &(0x7f0000000100)={r14})
ioctl$DRM_IOCTL_GEM_OPEN(r0, 0xc010640b, &(0x7f0000000080)={0x0, <r15=>0x0})
ioctl$DRM_IOCTL_MODE_ADDFB2(r1, 0xc06864b8, &(0x7f00000000c0)={r4, 0x3, 0xfffffffd, 0x8, 0x2, [r9, r14, 0x0, r15], [0xffffff81, 0x6, 0x6, 0x2], [0x3, 0x6, 0x2, 0x3], [0x8001, 0x8, 0x6, 0x2]})

1.500906633s ago: executing program 2 (id=5937):
r0 = syz_open_dev$dri(0x0, 0x2, 0x109000)
ioctl$DRM_IOCTL_MODE_CREATE_DUMB(r0, 0xc02064b2, &(0x7f0000000300)={0x1, 0x3, 0x4})
r1 = openat$drirender128(0xffffffffffffff9c, &(0x7f0000000080), 0x0, 0x0)
ioctl$DRM_IOCTL_GET_MAGIC(r1, 0x80046402, 0xffffffffffffffff)
ioctl$DRM_IOCTL_MODE_CREATE_DUMB(0xffffffffffffffff, 0xc02064b2, &(0x7f0000000000)={0x400, 0x38, 0x967})
ioctl$DRM_IOCTL_MODE_CREATE_DUMB(0xffffffffffffffff, 0xc02064b2, &(0x7f0000000300)={0x9, 0x1, 0x4})
r2 = syz_open_dev$dri(&(0x7f0000000700), 0x2, 0x101800)
ioctl$DRM_IOCTL_MODE_CREATE_DUMB(r2, 0xc02064b2, &(0x7f0000000000)={0x400, 0x38, 0x967, 0x0, <r3=>0x0})
r4 = syz_open_dev$dri(&(0x7f0000000000), 0x2000000000000000, 0x0)
ioctl$DRM_IOCTL_MODE_CREATE_DUMB(r4, 0xc02064b2, &(0x7f0000000700)={0xf0d, 0x3cfe, 0x3})
r5 = syz_open_dev$dri(&(0x7f0000000000), 0x2, 0x109000)
ioctl$DRM_IOCTL_MODE_CREATE_DUMB(r5, 0xc02064b2, &(0x7f0000000300)={0x1, 0x7, 0x4})
ioctl$DRM_IOCTL_MODE_CREATE_DUMB(0xffffffffffffffff, 0xc02064b2, &(0x7f0000000000)={0x400, 0x38, 0x967, 0x0, <r6=>0x0})
ioctl$DRM_IOCTL_MODE_DESTROY_DUMB(0xffffffffffffffff, 0xc00464b4, &(0x7f0000000040)={r6})
ioctl$DRM_IOCTL_MODE_DESTROY_DUMB(r2, 0xc00464b4, &(0x7f0000000040)={r3})
r7 = syz_open_dev$dri(&(0x7f0000000000), 0x2000000000000000, 0x0)
ioctl$DRM_IOCTL_MODE_CREATE_DUMB(r7, 0xc02064b2, &(0x7f0000000700)={0xf0d, 0x3cfe, 0x3})
ioctl$DRM_IOCTL_MODE_DESTROY_DUMB(0xffffffffffffffff, 0xc00464b4, 0x0)
r8 = syz_open_dev$dri(&(0x7f0000000000), 0xa, 0x1)
ioctl$DRM_IOCTL_MODE_GETFB2(r8, 0xc06864ce, &(0x7f0000000400)={0x0, 0x5, 0x0, 0x7fff, 0x2, [], [0x7f, 0xffffff7f, 0x1, 0x90a], [0x0, 0x7, 0x393c, 0x4], [0x4169, 0xc9, 0x10000, 0x5]})
ioctl$DRM_IOCTL_SET_SAREA_CTX(r8, 0x4010641c, &(0x7f0000000140)={0x0, &(0x7f0000000740)=""/4096})
r9 = syz_open_dev$dri(&(0x7f0000000040), 0x1, 0x20000)
ioctl$DRM_IOCTL_MODE_CREATEPROPBLOB(r9, 0xc01064bd, &(0x7f0000000100)={0x0, 0x129b6e1c0f937398})

1.485067211s ago: executing program 0 (id=5945):
r0 = syz_open_dev$dri(&(0x7f0000000000), 0x1, 0x2401)
r1 = syz_open_dev$dri(&(0x7f0000000680), 0x1, 0x100)
ioctl$DRM_IOCTL_MODE_CREATEPROPBLOB(r1, 0xc01064bd, &(0x7f0000000000)={0x0, 0x46351d016c435ab5})
ioctl$DRM_IOCTL_MODE_CREATE_LEASE(r0, 0xc01864c6, &(0x7f0000000080)={0x0, 0x0, 0x80800})
ioctl$DRM_IOCTL_MODE_LIST_LESSEES(r0, 0xc01064c7, &(0x7f0000000180)={0x0, 0x0, &(0x7f0000000140)})
ioctl$DRM_IOCTL_MODE_GETCRTC(0xffffffffffffffff, 0xc06864a1, &(0x7f0000000240)={&(0x7f00000001c0)=[0x0], 0x1})
ioctl$DRM_IOCTL_MODE_SETPROPERTY(0xffffffffffffffff, 0xc01064ab, 0x0)
r2 = syz_open_dev$dri(&(0x7f00000001c0), 0xa8c, 0x0)
ioctl$DRM_IOCTL_MODE_OBJ_GETPROPERTIES(r2, 0xc02064b9, &(0x7f0000000280)={0x0, 0x0, 0x0, 0x0, 0xcccccccc})

1.194122447s ago: executing program 3 (id=5941):
r0 = syz_open_dev$I2C(&(0x7f0000000700), 0x0, 0x840000)
r1 = syz_open_dev$dri(&(0x7f0000000040), 0x200000000000, 0x181001)
ioctl$DRM_IOCTL_MODE_GET_LEASE(r1, 0xc01064c8, &(0x7f0000001b80)={0x0, 0x0, 0x0})
ioctl$I2C_SMBUS(r0, 0x720, &(0x7f0000000780)={0x1, 0x15, 0x6, &(0x7f0000000100)={0xe, "3f6678c673bf058002b1eeb82bd0a63325000000000000200000000400"}})

1.05355818s ago: executing program 1 (id=5942):
r0 = syz_open_dev$dri(&(0x7f0000000000), 0x1, 0x2000)
r1 = syz_open_dev$dri(&(0x7f0000000000), 0x1, 0x2000)
ioctl$DRM_IOCTL_MODE_GETRESOURCES(r1, 0xc04064a0, &(0x7f0000000340)={0x0, &(0x7f0000000280)=[<r2=>0x0], 0x0, 0x0, 0x0, 0x1})
ioctl$DRM_IOCTL_MODE_GETCRTC(r0, 0xc06864a1, &(0x7f0000000440)={0x0, 0x0, r2, <r3=>0x0})
ioctl$DRM_IOCTL_MODE_GETFB2(r0, 0xc06864ce, &(0x7f0000000040)={r3, 0x7, 0x5, 0xfffffff8, 0x3, [<r4=>0x0], [0x2, 0xbc01, 0xf, 0x8001], [0x7fff, 0x5, 0x4, 0x8], [0x9, 0x30, 0xfffffffffffffff9, 0xbe0]})
ioctl$DRM_IOCTL_PRIME_HANDLE_TO_FD(r0, 0xc00c642d, &(0x7f0000000080)={r4, 0x80000})
r5 = syz_open_dev$dri(&(0x7f0000000000), 0x1ff, 0xc8940)
ioctl$DRM_IOCTL_MODE_GETRESOURCES(r5, 0xc04064a0, &(0x7f0000000200)={0x0, &(0x7f0000000140)=[<r6=>0x0], 0x0, 0x0, 0x0, 0x1})
ioctl$DRM_IOCTL_MODE_GETCRTC(r5, 0xc06864a1, &(0x7f00000005c0)={0x0, 0x0, r6, <r7=>0x0})
ioctl$DRM_IOCTL_MODE_GETFB2(r5, 0xc06864ce, &(0x7f0000000180)={r7, 0x3, 0x7, 0x10001, 0x1, [<r8=>0x0], [0x282, 0x2, 0x1, 0x1], [0x4, 0x1, 0x308de11, 0x3], [0x0, 0x3, 0x6, 0x5]})
ioctl$DRM_IOCTL_PRIME_HANDLE_TO_FD(r0, 0xc00c642d, &(0x7f0000000000)={r8}) (fail_nth: 3)

768.049724ms ago: executing program 1 (id=5943):
r0 = syz_open_dev$I2C(&(0x7f0000000700), 0x0, 0x840000)
r1 = syz_open_dev$I2C(&(0x7f0000000040), 0x53, 0x10000)
ioctl$I2C_PEC(r1, 0x708, 0xfffffffffffffffe)
ioctl$I2C_SMBUS(r0, 0x720, &(0x7f0000000000)={0x0, 0xd, 0x0, 0x0})

681.011075ms ago: executing program 1 (id=5944):
syz_open_dev$dri(&(0x7f0000000700), 0x2, 0x101800) (async)
r0 = syz_open_dev$dri(&(0x7f0000000700), 0x2, 0x101800)
ioctl$DRM_IOCTL_MODE_CREATE_DUMB(r0, 0xc02064b2, &(0x7f0000000000)={0x400, 0x38, 0x967}) (async)
ioctl$DRM_IOCTL_MODE_CREATE_DUMB(r0, 0xc02064b2, &(0x7f0000000000)={0x400, 0x38, 0x967, 0x0, <r1=>0x0})
r2 = syz_open_dev$dri(&(0x7f0000000000), 0x2000000000000000, 0x0)
ioctl$DRM_IOCTL_MODE_CREATE_DUMB(r2, 0xc02064b2, &(0x7f0000000700)={0xf0d, 0x3cfe, 0x3})
r3 = syz_open_dev$dri(&(0x7f0000000000), 0x2, 0x109000)
syz_open_dev$dri(&(0x7f0000000700), 0x2, 0x101800) (async)
r4 = syz_open_dev$dri(&(0x7f0000000700), 0x2, 0x101800)
ioctl$DRM_IOCTL_MODE_CREATE_DUMB(r4, 0xc02064b2, &(0x7f0000000000)={0x400, 0x38, 0x967}) (async)
ioctl$DRM_IOCTL_MODE_CREATE_DUMB(r4, 0xc02064b2, &(0x7f0000000000)={0x400, 0x38, 0x967, 0x0, <r5=>0x0})
r6 = syz_open_dev$dri(&(0x7f0000000000), 0x2000000000000000, 0x0)
ioctl$DRM_IOCTL_MODE_CREATE_DUMB(r6, 0xc02064b2, &(0x7f0000000080)={0xf0d, 0x3cfe, 0x3})
r7 = syz_open_dev$dri(&(0x7f0000000000), 0x2, 0x109000)
ioctl$DRM_IOCTL_MODE_CREATE_DUMB(r7, 0xc02064b2, &(0x7f0000000300)={0x1, 0x7, 0x4})
ioctl$DRM_IOCTL_MODE_DESTROY_DUMB(r4, 0xc00464b4, &(0x7f0000000040)={r5}) (async)
ioctl$DRM_IOCTL_MODE_DESTROY_DUMB(r4, 0xc00464b4, &(0x7f0000000040)={r5})
r8 = syz_open_dev$dri(&(0x7f0000000000), 0x3fffc0, 0x48000)
ioctl$DRM_IOCTL_MODE_CREATE_DUMB(r8, 0xc02064b2, &(0x7f0000000080)={0x8, 0x4, 0x10000, 0x0, <r9=>0x0})
ioctl$DRM_IOCTL_MODE_CREATE_DUMB(r8, 0xc02064b2, &(0x7f00000001c0)={0x1, 0x1, 0x7})
ioctl$DRM_IOCTL_MODE_DESTROY_DUMB(r8, 0xc00464b4, &(0x7f0000000780)={r9})
ioctl$DRM_IOCTL_MODE_CREATE_DUMB(r3, 0xc02064b2, &(0x7f0000000300)={0x1, 0x7, 0x4}) (async)
ioctl$DRM_IOCTL_MODE_CREATE_DUMB(r3, 0xc02064b2, &(0x7f0000000300)={0x1, 0x7, 0x4})
ioctl$DRM_IOCTL_MODE_DESTROY_DUMB(r0, 0xc00464b4, &(0x7f0000000040)={r1})

674.834709ms ago: executing program 3 (id=5946):
r0 = syz_open_dev$I2C(&(0x7f0000000700), 0x0, 0x840000)
ioctl$I2C_PEC(r0, 0x708, 0xffffffffffffffff)
ioctl$I2C_SMBUS(r0, 0x720, &(0x7f0000000780)={0x0, 0xd, 0x4, &(0x7f0000000100)={0xc, "3f8678c6730000000000f5ff00d0a63325005dd10bffffdf00"}})

560.219291ms ago: executing program 3 (id=5947):
r0 = syz_open_dev$dri(&(0x7f0000000700), 0x2, 0x101800)
r1 = syz_open_dev$dri(&(0x7f0000000080), 0x3, 0x80)
ioctl$DRM_IOCTL_MODE_GETRESOURCES(r1, 0xc04064a0, &(0x7f0000000580)={0x0, &(0x7f00000004c0)=[<r2=>0x0], 0x0, 0x0, 0x0, 0x1})
ioctl$DRM_IOCTL_MODE_CURSOR2(r0, 0xc02464bb, &(0x7f0000000040)={0x2, r2, 0x7fffffff, 0x0, 0x5, 0x4, 0x1, 0x10001, 0x8})

473.039144ms ago: executing program 3 (id=5948):
r0 = syz_open_dev$dri(&(0x7f0000000000), 0x1, 0x2000)
r1 = syz_open_dev$dri(&(0x7f0000000000), 0x1, 0x0)
ioctl$DRM_IOCTL_MODE_GETRESOURCES(r1, 0xc04064a0, &(0x7f0000000340)={0x0, &(0x7f0000000280)=[<r2=>0x0], 0x0, 0x0, 0x0, 0x1})
ioctl$DRM_IOCTL_MODE_GETCRTC(r0, 0xc06864a1, &(0x7f0000000440)={0x0, 0x0, r2, <r3=>0x0})
r4 = syz_open_dev$dri(&(0x7f0000000000), 0x3ff, 0x0)
ioctl$DRM_IOCTL_MODE_GETRESOURCES(r4, 0xc04064a0, &(0x7f0000000600)={0x0, 0x0, &(0x7f0000000580)=[<r5=>0x0], 0x0, 0x0, 0x0, 0x1})
ioctl$DRM_IOCTL_MODE_OBJ_GETPROPERTIES(r1, 0xc02064b9, &(0x7f0000000140)={&(0x7f0000000080)=[0x0, 0x0, 0x0, 0x0, 0x0, 0x0, 0x0, 0x0], &(0x7f0000000100)=[0x0, 0x0, 0x0], 0x8, r3, 0xfbfbfbfb})
ioctl$DRM_IOCTL_MODE_GETCONNECTOR(r4, 0xc05064a7, &(0x7f00000004c0)={0x0, 0x0, &(0x7f00000000c0)=[0x0, 0x0], &(0x7f0000000480), 0x0, 0x2, 0x0, 0x0, r5})

472.891881ms ago: executing program 1 (id=5949):
r0 = syz_open_dev$dri(&(0x7f0000000000), 0x1, 0x2000)
r1 = syz_open_dev$dri(&(0x7f0000000000), 0x1, 0x0)
ioctl$DRM_IOCTL_MODE_GETRESOURCES(r1, 0xc04064a0, &(0x7f0000000340)={0x0, &(0x7f0000000280)=[<r2=>0x0], 0x0, 0x0, 0x0, 0x1})
ioctl$DRM_IOCTL_MODE_GETCRTC(r0, 0xc06864a1, &(0x7f0000000440)={0x0, 0x0, r2, <r3=>0x0})
r4 = syz_open_dev$dri(&(0x7f0000000000), 0x3ff, 0x0)
ioctl$DRM_IOCTL_MODE_GETRESOURCES(r4, 0xc04064a0, &(0x7f0000000600)={0x0, 0x0, &(0x7f0000000580)=[<r5=>0x0], 0x0, 0x0, 0x0, 0x1})
ioctl$DRM_IOCTL_MODE_OBJ_GETPROPERTIES(r1, 0xc02064b9, &(0x7f0000000140)={&(0x7f0000000080)=[0x0, 0x0, <r6=>0x0, 0x0, 0x0, 0x0, 0x0, 0x0], &(0x7f0000000100)=[0x0, 0x0, 0x0], 0x8, r3, 0xfbfbfbfb})
ioctl$DRM_IOCTL_MODE_SETPROPERTY(r1, 0xc01064ab, &(0x7f00000001c0)={0xb3a4, r6, r5})
ioctl$DRM_IOCTL_MODE_GETCONNECTOR(r4, 0xc05064a7, &(0x7f00000004c0)={0x0, 0x0, &(0x7f00000000c0)=[0x0, 0x0], &(0x7f0000000480), 0x0, 0x2, 0x0, 0x0, r5})

262.61992ms ago: executing program 3 (id=5950):
r0 = syz_open_dev$I2C(&(0x7f0000000700), 0x0, 0x840000)
ioctl$I2C_PEC(r0, 0x708, 0xffffffffffffffff)
ioctl$I2C_SMBUS(r0, 0x720, &(0x7f0000000780)={0x0, 0xd, 0x2, &(0x7f0000000100)={0x9, "3f6678c673bf0580a1b1eeb82bd0a63325000000fffffffffffffff500"}})

133.133985ms ago: executing program 3 (id=5951):
r0 = syz_open_dev$dri(&(0x7f0000000000), 0x1, 0x2000)
r1 = syz_open_dev$dri(&(0x7f0000000000), 0x1, 0x2000)
ioctl$DRM_IOCTL_MODE_GETRESOURCES(r1, 0xc04064a0, &(0x7f0000000340)={0x0, &(0x7f0000000280)=[<r2=>0x0], 0x0, 0x0, 0x0, 0x1})
ioctl$DRM_IOCTL_MODE_GETCRTC(r0, 0xc06864a1, &(0x7f0000000440)={0x0, 0x0, r2, <r3=>0x0})
ioctl$DRM_IOCTL_MODE_GETFB2(r0, 0xc06864ce, &(0x7f0000000040)={r3, 0x7, 0x5, 0xfffffff8, 0x3, [<r4=>0x0], [0x2, 0xbc01, 0xf, 0x8001], [0x7fff, 0x5, 0x4, 0x8], [0x9, 0x30, 0xfffffffffffffff9, 0xbe0]})
ioctl$DRM_IOCTL_PRIME_HANDLE_TO_FD(r0, 0xc00c642d, &(0x7f0000000080)={r4, 0x80000})
r5 = syz_open_dev$dri(&(0x7f0000000000), 0x1ff, 0xc8940)
ioctl$DRM_IOCTL_MODE_GETRESOURCES(r5, 0xc04064a0, &(0x7f0000000200)={0x0, &(0x7f0000000140)=[<r6=>0x0], 0x0, 0x0, 0x0, 0x1})
ioctl$DRM_IOCTL_MODE_GETCRTC(r5, 0xc06864a1, &(0x7f00000005c0)={0x0, 0x0, r6, <r7=>0x0})
ioctl$DRM_IOCTL_MODE_GETFB2(r5, 0xc06864ce, &(0x7f0000000180)={r7, 0x3, 0x7, 0x10001, 0x1, [<r8=>0x0], [0x282, 0x2, 0x1, 0x1], [0x4, 0x1, 0x308de11, 0x3], [0x0, 0x3, 0x6, 0x5]})
ioctl$DRM_IOCTL_PRIME_HANDLE_TO_FD(r0, 0xc00c64d2, &(0x7f0000000000)={r8})

124.63153ms ago: executing program 1 (id=5952):
r0 = syz_open_dev$I2C(&(0x7f0000000700), 0x0, 0x840000)
ioctl$I2C_PEC(r0, 0x708, 0xffffffffffffffff)
ioctl$I2C_SMBUS(r0, 0x720, &(0x7f0000000780)={0x0, 0xd, 0x6, &(0x7f0000000100)={0x18, "3f6678c673bf0580a1b1eeb82bd0a6332500000000000000000100"}})

0s ago: executing program 1 (id=5953):
r0 = syz_open_dev$dri(&(0x7f0000000000), 0xb, 0x1)
r1 = syz_open_dev$dri(&(0x7f0000000000), 0x1ff, 0xc8940)
ioctl$DRM_IOCTL_MODE_GETRESOURCES(r1, 0xc04064a0, &(0x7f0000000480)={0x0, &(0x7f0000000140)=[<r2=>0x0], 0x0, 0x0, 0x0, 0x1})
ioctl$DRM_IOCTL_MODE_GETCRTC(r1, 0xc06864a1, &(0x7f0000000080)={0x0, 0x0, r2, <r3=>0x0})
ioctl$DRM_IOCTL_MODE_DIRTYFB(r0, 0xc01864b1, &(0x7f00000001c0)={r3, 0x2, 0xd58c, 0x0, 0x0})
r4 = syz_open_dev$dri(&(0x7f0000000040), 0x6, 0x141800)
ioctl$DRM_IOCTL_MODE_GETRESOURCES(r0, 0xc04064a0, &(0x7f0000000280)={&(0x7f0000000100)=[0x0, 0x0, 0x0, 0x0, 0x0, 0x0, 0x0, 0x0], &(0x7f0000000180)=[0x0], &(0x7f0000000200)=[<r5=>0x0, 0x0, 0x0, 0x0, 0x0, 0x0, 0x0], &(0x7f0000000240)=[0x0], 0x8, 0x1, 0x7, 0x1})
r6 = syz_open_dev$dri(&(0x7f0000000a00), 0x1ff, 0x401)
ioctl$DRM_IOCTL_MODE_GETPLANERESOURCES(r6, 0xc01064b5, 0x0)
r7 = syz_open_dev$dri(&(0x7f0000000040), 0x1, 0x20000)
ioctl$DRM_IOCTL_MODE_GETRESOURCES(r7, 0xc04064a0, &(0x7f0000000340)={0x0, 0x0, &(0x7f00000002c0)=[<r8=>0x0], 0x0, 0x0, 0x0, 0x1})
ioctl$DRM_IOCTL_MODE_GETCONNECTOR(r6, 0xc05064a7, &(0x7f0000000480)={0x0, 0x0, &(0x7f0000000400)=[<r9=>0x0, 0x0, 0x0, 0x0, 0x0], &(0x7f0000000440), 0x0, 0x5, 0x0, 0x0, r8})
ioctl$DRM_IOCTL_MODE_OBJ_SETPROPERTY(r6, 0xc01864ba, &(0x7f0000000500)={0x7, r9, r8, 0xc0c0c0c0})
ioctl$DRM_IOCTL_MODE_GET_LEASE(r1, 0xc01064c8, &(0x7f0000000300)={0x8, 0x0, &(0x7f00000002c0)=[0x0, 0x0, 0x0, 0x0, 0x0, 0x0, 0x0, <r10=>0x0]})
ioctl$DRM_IOCTL_MODE_GETRESOURCES(0xffffffffffffffff, 0xc04064a0, &(0x7f0000000440)={&(0x7f0000000340)=[0x0, 0x0, 0x0, 0x0, 0x0, 0x0, 0x0, 0x0, 0x0], &(0x7f0000000380)=[0x0, 0x0, 0x0, 0x0, 0x0], &(0x7f00000003c0)=[0x0, 0x0, 0x0, 0x0, <r11=>0x0, <r12=>0x0, 0x0], &(0x7f0000000400)=[0x0, 0x0, 0x0, 0x0, 0x0], 0x9, 0x5, 0x7, 0x5})
ioctl$DRM_IOCTL_MODE_GETRESOURCES(r0, 0xc04064a0, &(0x7f00000005c0)={&(0x7f00000004c0)=[0x0, 0x0, 0x0, 0x0], &(0x7f0000000500)=[0x0, 0x0, 0x0], &(0x7f0000000540)=[<r13=>0x0, 0x0, 0x0], &(0x7f0000000580)=[0x0, 0x0, 0x0, 0x0, 0x0], 0x4, 0x3, 0x3, 0x5})
ioctl$DRM_IOCTL_MODE_SETCRTC(r4, 0xc06864a2, &(0x7f0000000640)={&(0x7f00000006c0)=[r5, r3, r8, r10, r11, 0x0, r13, r12], 0x8, r2, r3, 0x7, 0x8, 0x9, 0x8, {0x8, 0x1ff, 0x81, 0x1000, 0x200, 0x2, 0x4, 0x415, 0xab, 0xfffd, 0xb, 0x4, 0xc, 0xffff7fff, "360f680ee0bf110f07bf4119444da77b5bd75e6a2a74a6b4c1fcdd98699bec56"}})

kernel console output (not intermixed with test programs):

T23523] RIP: 0033:0x7facda9b059d
[  794.069255][T23523] Code: 02 b8 ff ff ff ff c3 66 0f 1f 44 00 00 f3 0f 1e fa 48 89 f8 48 89 f7 48 89 d6 48 89 ca 4d 89 c2 4d 89 c8 4c 8b 4c 24 08 0f 05 <48> 3d 01 f0 ff ff 73 01 c3 48 c7 c1 a8 ff ff ff f7 d8 64 89 01 48
[  794.069272][T23523] RSP: 002b:00007facdb867f98 EFLAGS: 00000246 ORIG_RAX: 0000000000000010
[  794.069290][T23523] RAX: ffffffffffffffda RBX: 00007facdac25fa0 RCX: 00007facda9b059d
[  794.069302][T23523] RDX: 0000200000000100 RSI: 00000000c01064bd RDI: 0000000000000008
[  794.069313][T23523] RBP: 00007facdaa4e078 R08: 0000000000000000 R09: 0000000000000000
[  794.069322][T23523] R10: 0000000000000000 R11: 0000000000000246 R12: 0000000000000000
[  794.069406][T23523] R13: 00007facdac26038 R14: 00007facdac25fa0 R15: 00007facdb848000
[  794.069431][T23523]  </TASK>
[  794.216175][    C1] vkms_vblank_simulate: vblank timer overrun
[  794.223279][T23523] Mem-Info:
[  794.225702][T23523] active_anon:6942 inactive_anon:0 isolated_anon:0
[  794.225702][T23523]  active_file:4214 inactive_file:52145 isolated_file:0
[  794.225702][T23523]  unevictable:2536 dirty:2197 writeback:0
[  794.225702][T23523]  slab_reclaimable:13042 slab_unreclaimable:64211
[  794.225702][T23523]  mapped:27973 shmem:3567 pagetables:1641
[  794.225702][T23523]  sec_pagetables:0 bounce:0
[  794.225702][T23523]  kernel_misc_reclaimable:0
[  794.225702][T23523]  free:470458 free_pcp:16327 free_cma:0
[  794.274957][T23523] Node 0 active_anon:15240kB inactive_anon:0kB active_file:8824kB inactive_file:42236kB unevictable:5072kB isolated(anon):0kB isolated(file):0kB mapped:55712kB dirty:4896kB writeback:0kB shmem:7304kB shmem_thp:0kB shmem_pmdmapped:0kB anon_thp:0kB kernel_stack:4464kB pagetables:3216kB sec_pagetables:0kB all_unreclaimable? no Balloon:0kB
[  794.317023][    C1] vkms_vblank_simulate: vblank timer overrun
[  794.321248][T23523] Node 1 active_anon:12424kB inactive_anon:0kB active_file:8032kB inactive_file:166344kB unevictable:5072kB isolated(anon):0kB isolated(file):0kB mapped:56024kB dirty:3904kB writeback:0kB shmem:6964kB shmem_thp:0kB shmem_pmdmapped:0kB anon_thp:0kB kernel_stack:7532kB pagetables:3388kB sec_pagetables:0kB all_unreclaimable? no Balloon:0kB
[  794.361597][    C1] vkms_vblank_simulate: vblank timer overrun
[  794.366261][T23523] Node 0 DMA free:15332kB boost:0kB min:452kB low:564kB high:676kB reserved_highatomic:0KB free_highatomic:0KB active_anon:0kB inactive_anon:0kB active_file:0kB inactive_file:0kB unevictable:0kB writepending:0kB zspages:0kB present:15992kB managed:15360kB mlocked:0kB bounce:0kB free_pcp:24kB local_pcp:0kB free_cma:0kB
[  794.394905][    C1] vkms_vblank_simulate: vblank timer overrun
[  794.403840][T23523] lowmem_reserve[]: 0 1176 1176 1176 1176
[  794.406821][T23523] Node 0 DMA32 free:676916kB boost:0kB min:34836kB low:43544kB high:52252kB reserved_highatomic:0KB free_highatomic:0KB active_anon:15240kB inactive_anon:0kB active_file:8824kB inactive_file:42236kB unevictable:5072kB writepending:4896kB zspages:0kB present:2080772kB managed:1204832kB mlocked:0kB bounce:0kB free_pcp:30584kB local_pcp:11800kB free_cma:0kB
[  794.435762][T23523] lowmem_reserve[]: 0 0 0 0 0
[  794.437829][T23523] Node 1 DMA32 free:959260kB boost:0kB min:29136kB low:36420kB high:43704kB reserved_highatomic:0KB free_highatomic:0KB active_anon:4kB inactive_anon:0kB active_file:0kB inactive_file:20kB unevictable:0kB writepending:0kB zspages:0kB present:1048444kB managed:982908kB mlocked:0kB bounce:0kB free_pcp:23524kB local_pcp:3520kB free_cma:0kB
[  794.462482][T23523] lowmem_reserve[]: 0 0 846 846 846
[  794.465311][T23523] Node 1 Normal free:230072kB boost:0kB min:25680kB low:32100kB high:38520kB reserved_highatomic:0KB free_highatomic:0KB active_anon:12420kB inactive_anon:0kB active_file:8032kB inactive_file:166324kB unevictable:5072kB writepending:4424kB zspages:0kB present:1048576kB managed:866440kB mlocked:0kB bounce:0kB free_pcp:11916kB local_pcp:952kB free_cma:0kB
[  794.489627][T23523] lowmem_reserve[]: 0 0 0 0 0
[  794.493125][T23523] Node 0 DMA: 2*4kB (U) 0*8kB 2*16kB (U) 2*32kB (U) 2*64kB (U) 2*128kB (U) 2*256kB (U) 2*512kB (U) 3*1024kB (U) 3*2048kB (U) 1*4096kB (U) = 15336kB
[  794.501027][T23523] Node 0 DMA32: 2483*4kB (UME) 1591*8kB (UME) 1009*16kB (UME) 836*32kB (UME) 641*64kB (UME) 429*128kB (UME) 347*256kB (UME) 217*512kB (UM) 168*1024kB (UME) 32*2048kB (U) 19*4096kB (U) = 676820kB
[  794.510834][T23523] Node 1 DMA32: 14*4kB (UME) 16*8kB (UME) 10*16kB (UME) 13*32kB (UME) 13*64kB (UME) 6*128kB (UE) 10*256kB (UME) 8*512kB (UME) 10*1024kB (UME) 11*2048kB (UME) 224*4096kB (UM) = 959288kB
[  794.520790][T23523] Node 1 Normal: 8*4kB (UME) 33*8kB (UME) 46*16kB (UME) 289*32kB (UME) 450*64kB (UME) 302*128kB (UME) 189*256kB (UME) 111*512kB (UME) 46*1024kB (UM) 0*2048kB 0*4096kB = 230056kB
[  794.530749][T23523] Node 0 hugepages_total=2 hugepages_free=2 hugepages_surp=0 hugepages_size=2048kB
[  794.536111][T23523] Node 1 hugepages_total=2 hugepages_free=2 hugepages_surp=0 hugepages_size=2048kB
[  794.540820][T23523] 59929 total pagecache pages
[  794.543309][T23523] 0 pages in swap cache
[  794.545909][T23523] Free swap  = 124996kB
[  794.548417][T23523] Total swap = 124996kB
[  794.551236][T23523] 1048446 pages RAM
[  794.553203][T23523] 0 pages HighMem/MovableOnly
[  794.555553][T23523] 281061 pages reserved
[  794.558015][T23523] 0 pages cma reserved
[  799.778310][T23697] i2c i2c-0: Invalid block write size 137
[  799.890464][    C2] vkms_vblank_simulate: vblank timer overrun
[  799.975153][T23701] i2c i2c-0: Invalid block write size 137
[  800.037090][T23706] FAULT_INJECTION: forcing a failure.
[  800.037090][T23706] name failslab, interval 1, probability 0, space 0, times 0
[  800.070761][T23706] CPU: 0 UID: 0 PID: 23706 Comm: syz.0.4981 Not tainted 6.18.0 #1 PREEMPT(full) 
[  800.070787][T23706] Hardware name: QEMU Standard PC (i440FX + PIIX, 1996), BIOS rel-1.16.3-0-ga6ed6b701f0a-prebuilt.qemu.org 04/01/2014
[  800.070800][T23706] Call Trace:
[  800.070807][T23706]  <TASK>
[  800.070815][T23706]  dump_stack_lvl+0x180/0x1b0
[  800.070850][T23706]  should_fail_ex+0x520/0x650
[  800.070874][T23706]  ? tomoyo_realpath_from_path+0xc3/0x600
[  800.070943][T23706]  should_failslab+0xc2/0x120
[  800.070970][T23706]  __kmalloc_noprof+0xdc/0x8c0
[  800.070989][T23706]  ? kfree+0x3b1/0x6c0
[  800.071012][T23706]  ? tomoyo_realpath_from_path+0xc3/0x600
[  800.071035][T23706]  tomoyo_realpath_from_path+0xc3/0x600
[  800.071062][T23706]  ? tomoyo_profile+0x46/0x60
[  800.071091][T23706]  tomoyo_path_number_perm+0x221/0x550
[  800.071113][T23706]  ? tomoyo_path_number_perm+0x213/0x550
[  800.071169][T23706]  ? __pfx_tomoyo_path_number_perm+0x10/0x10
[  800.071190][T23706]  ? proc_fail_nth_write+0x97/0x220
[  800.071240][T23706]  ? hook_file_ioctl_common+0x146/0x3f0
[  800.071263][T23706]  ? __fget_files+0x1f1/0x3b0
[  800.071290][T23706]  ? __fget_files+0x1fb/0x3b0
[  800.071315][T23706]  security_file_ioctl+0x9f/0x260
[  800.071340][T23706]  __x64_sys_ioctl+0xb7/0x210
[  800.071361][T23706]  do_syscall_64+0xcb/0xfa0
[  800.078469][T23706]  entry_SYSCALL_64_after_hwframe+0x77/0x7f
[  800.078502][T23706] RIP: 0033:0x7f47b3db059d
[  800.078520][T23706] Code: 02 b8 ff ff ff ff c3 66 0f 1f 44 00 00 f3 0f 1e fa 48 89 f8 48 89 f7 48 89 d6 48 89 ca 4d 89 c2 4d 89 c8 4c 8b 4c 24 08 0f 05 <48> 3d 01 f0 ff ff 73 01 c3 48 c7 c1 a8 ff ff ff f7 d8 64 89 01 48
[  800.078538][T23706] RSP: 002b:00007f47b4ce3f98 EFLAGS: 00000246 ORIG_RAX: 0000000000000010
[  800.078556][T23706] RAX: ffffffffffffffda RBX: 00007f47b4025fa0 RCX: 00007f47b3db059d
[  800.078568][T23706] RDX: 0000200000000780 RSI: 0000000000000720 RDI: 0000000000000003
[  800.078579][T23706] RBP: 00007f47b4ce4010 R08: 0000000000000000 R09: 0000000000000000
[  800.078589][T23706] R10: 0000000000000000 R11: 0000000000000246 R12: 0000000000000001
[  800.078600][T23706] R13: 00007f47b4026038 R14: 00007f47b4025fa0 R15: 00007f47b4cc4000
[  800.078627][T23706]  </TASK>
[  800.377091][T23714] i2c i2c-0: Invalid block write size 137
[  800.403050][T23706] ERROR: Out of memory at tomoyo_realpath_from_path.
[  800.410383][T23706] i2c i2c-0: Invalid block write size 137
[  800.576706][T23720] i2c i2c-0: Invalid block write size 137
[  801.133155][T23749] i2c i2c-0: Invalid block write size 137
[  801.701143][T23764] i2c i2c-0: Invalid block write size 137
[  801.762263][T23767] i2c i2c-0: Invalid block write size 34
[  802.442344][    C2] vkms_vblank_simulate: vblank timer overrun
[  802.985694][T23792] i2c i2c-0: Invalid block write size 137
[  803.062574][T23796] FAULT_INJECTION: forcing a failure.
[  803.062574][T23796] name fail_usercopy, interval 1, probability 0, space 0, times 0
[  803.088193][T23796] CPU: 1 UID: 0 PID: 23796 Comm: syz.3.5019 Not tainted 6.18.0 #1 PREEMPT(full) 
[  803.088216][T23796] Hardware name: QEMU Standard PC (i440FX + PIIX, 1996), BIOS rel-1.16.3-0-ga6ed6b701f0a-prebuilt.qemu.org 04/01/2014
[  803.088227][T23796] Call Trace:
[  803.088233][T23796]  <TASK>
[  803.088239][T23796]  dump_stack_lvl+0x180/0x1b0
[  803.088268][T23796]  should_fail_ex+0x520/0x650
[  803.088290][T23796]  _copy_from_user+0x30/0xd0
[  803.088408][T23796]  i2cdev_ioctl+0xfa/0x820
[  803.088534][T23796]  ? __pfx_i2cdev_ioctl+0x10/0x10
[  803.088597][T23796]  ? __fget_files+0x1fb/0x3b0
[  803.088628][T23796]  ? __pfx_i2cdev_ioctl+0x10/0x10
[  803.088646][T23796]  __x64_sys_ioctl+0x18f/0x210
[  803.088664][T23796]  do_syscall_64+0xcb/0xfa0
[  803.088694][T23796]  entry_SYSCALL_64_after_hwframe+0x77/0x7f
[  803.088713][T23796] RIP: 0033:0x7fb9b99b059d
[  803.088750][T23796] Code: 02 b8 ff ff ff ff c3 66 0f 1f 44 00 00 f3 0f 1e fa 48 89 f8 48 89 f7 48 89 d6 48 89 ca 4d 89 c2 4d 89 c8 4c 8b 4c 24 08 0f 05 <48> 3d 01 f0 ff ff 73 01 c3 48 c7 c1 a8 ff ff ff f7 d8 64 89 01 48
[  803.088766][T23796] RSP: 002b:00007fb9ba926f98 EFLAGS: 00000246 ORIG_RAX: 0000000000000010
[  803.088783][T23796] RAX: ffffffffffffffda RBX: 00007fb9b9c25fa0 RCX: 00007fb9b99b059d
[  803.088842][T23796] RDX: 0000200000000780 RSI: 0000000000000720 RDI: 0000000000000003
[  803.088877][T23796] RBP: 00007fb9ba927010 R08: 0000000000000000 R09: 0000000000000000
[  803.088898][T23796] R10: 0000000000000000 R11: 0000000000000246 R12: 0000000000000001
[  803.088908][T23796] R13: 00007fb9b9c26038 R14: 00007fb9b9c25fa0 R15: 00007fb9ba907000
[  803.088929][T23796]  </TASK>
[  803.099799][T23798] i2c i2c-0: Invalid block write size 137
[  803.255987][T23804] i2c i2c-0: Invalid block write size 137
[  803.597645][T23819] i2c i2c-0: Invalid block write size 137
[  803.648326][T23821] FAULT_INJECTION: forcing a failure.
[  803.648326][T23821] name fail_usercopy, interval 1, probability 0, space 0, times 0
[  803.656824][T23821] CPU: 1 UID: 0 PID: 23821 Comm: syz.0.5030 Not tainted 6.18.0 #1 PREEMPT(full) 
[  803.656848][T23821] Hardware name: QEMU Standard PC (i440FX + PIIX, 1996), BIOS rel-1.16.3-0-ga6ed6b701f0a-prebuilt.qemu.org 04/01/2014
[  803.656860][T23821] Call Trace:
[  803.656867][T23821]  <TASK>
[  803.656874][T23821]  dump_stack_lvl+0x180/0x1b0
[  803.656913][T23821]  should_fail_ex+0x520/0x650
[  803.656930][T23821]  _copy_from_user+0x30/0xd0
[  803.656944][T23821]  i2cdev_ioctl_smbus+0x3c6/0x870
[  803.656989][T23821]  ? __pfx_i2cdev_ioctl_smbus+0x10/0x10
[  803.657005][T23821]  ? __might_fault+0x138/0x190
[  803.657031][T23821]  ? perf_trace_mmap_lock+0x570/0x820
[  803.657047][T23821]  i2cdev_ioctl+0x3bc/0x820
[  803.657057][T23821]  ? __pfx_i2cdev_ioctl+0x10/0x10
[  803.657068][T23821]  ? __fget_files+0x1fb/0x3b0
[  803.657083][T23821]  ? __pfx_i2cdev_ioctl+0x10/0x10
[  803.657094][T23821]  __x64_sys_ioctl+0x18f/0x210
[  803.657105][T23821]  do_syscall_64+0xcb/0xfa0
[  803.657123][T23821]  entry_SYSCALL_64_after_hwframe+0x77/0x7f
[  803.657135][T23821] RIP: 0033:0x7f47b3db059d
[  803.657145][T23821] Code: 02 b8 ff ff ff ff c3 66 0f 1f 44 00 00 f3 0f 1e fa 48 89 f8 48 89 f7 48 89 d6 48 89 ca 4d 89 c2 4d 89 c8 4c 8b 4c 24 08 0f 05 <48> 3d 01 f0 ff ff 73 01 c3 48 c7 c1 a8 ff ff ff f7 d8 64 89 01 48
[  803.657156][T23821] RSP: 002b:00007f47b4ce3f98 EFLAGS: 00000246 ORIG_RAX: 0000000000000010
[  803.657205][T23821] RAX: ffffffffffffffda RBX: 00007f47b4025fa0 RCX: 00007f47b3db059d
[  803.657212][T23821] RDX: 0000200000000780 RSI: 0000000000000720 RDI: 0000000000000003
[  803.657219][T23821] RBP: 00007f47b4ce4010 R08: 0000000000000000 R09: 0000000000000000
[  803.657225][T23821] R10: 0000000000000000 R11: 0000000000000246 R12: 0000000000000001
[  803.657231][T23821] R13: 00007f47b4026038 R14: 00007f47b4025fa0 R15: 00007f47b4cc4000
[  803.657246][T23821]  </TASK>
[  803.963112][T23825] i2c i2c-0: Invalid block write size 137
[  804.266481][T23835] i2c i2c-0: Invalid block write size 137
[  804.411552][T23843] i2c i2c-0: Invalid block write size 137
[  804.457792][T23845] i2c i2c-0: Invalid block write size 137
[  804.466180][T23846] i2c i2c-0: Invalid block write size 137
[  804.499660][T23850] i2c i2c-0: Invalid block write size 137
[  804.547354][T23853] i2c i2c-0: Invalid block write size 137
[  804.555628][T23853] FAULT_INJECTION: forcing a failure.
[  804.555628][T23853] name fail_usercopy, interval 1, probability 0, space 0, times 0
[  804.567550][T23853] CPU: 3 UID: 0 PID: 23853 Comm: syz.3.5043 Not tainted 6.18.0 #1 PREEMPT(full) 
[  804.567575][T23853] Hardware name: QEMU Standard PC (i440FX + PIIX, 1996), BIOS rel-1.16.3-0-ga6ed6b701f0a-prebuilt.qemu.org 04/01/2014
[  804.567588][T23853] Call Trace:
[  804.567674][T23853]  <TASK>
[  804.567682][T23853]  dump_stack_lvl+0x180/0x1b0
[  804.567717][T23853]  should_fail_ex+0x520/0x650
[  804.567744][T23853]  _copy_to_user+0x32/0xd0
[  804.567769][T23853]  simple_read_from_buffer+0xcb/0x180
[  804.567824][T23853]  proc_fail_nth_read+0x18a/0x240
[  804.567849][T23853]  ? __pfx_proc_fail_nth_read+0x10/0x10
[  804.567873][T23853]  ? rw_verify_area+0xcf/0x6e0
[  804.567917][T23853]  ? __pfx_proc_fail_nth_read+0x10/0x10
[  804.567938][T23853]  vfs_read+0x1e6/0xc70
[  804.567975][T23853]  ? __pfx___mutex_lock+0x10/0x10
[  804.568007][T23853]  ? __pfx_vfs_read+0x10/0x10
[  804.568028][T23853]  ? __fget_files+0x1f1/0x3b0
[  804.568053][T23853]  ? __fget_files+0x1fb/0x3b0
[  804.568079][T23853]  ksys_read+0x121/0x240
[  804.568098][T23853]  ? __pfx_ksys_read+0x10/0x10
[  804.568124][T23853]  do_syscall_64+0xcb/0xfa0
[  804.568151][T23853]  entry_SYSCALL_64_after_hwframe+0x77/0x7f
[  804.568169][T23853] RIP: 0033:0x7fb9b99aef6c
[  804.568184][T23853] Code: ec 28 48 89 54 24 18 48 89 74 24 10 89 7c 24 08 e8 09 0e 03 00 48 8b 54 24 18 48 8b 74 24 10 41 89 c0 8b 7c 24 08 31 c0 0f 05 <48> 3d 00 f0 ff ff 77 34 44 89 c7 48 89 44 24 08 e8 4f 0e 03 00 48
[  804.568201][T23853] RSP: 002b:00007fb9ba926f90 EFLAGS: 00000246 ORIG_RAX: 0000000000000000
[  804.568240][T23853] RAX: ffffffffffffffda RBX: 00007fb9b9c25fa0 RCX: 00007fb9b99aef6c
[  804.568252][T23853] RDX: 000000000000000f RSI: 00007fb9ba927020 RDI: 0000000000000004
[  804.568262][T23853] RBP: 00007fb9ba927010 R08: 0000000000000000 R09: 0000000000000000
[  804.568273][T23853] R10: 0000000000000000 R11: 0000000000000246 R12: 0000000000000001
[  804.568284][T23853] R13: 00007fb9b9c26038 R14: 00007fb9b9c25fa0 R15: 00007fb9ba907000
[  804.568311][T23853]  </TASK>
[  805.023164][T23867] i2c i2c-0: Invalid block write size 137
[  805.229668][T23874] i2c i2c-0: Invalid block write size 137
[  805.464219][T23884] i2c i2c-0: Invalid block write size 137
[  806.430054][T23927] i2c i2c-0: Invalid block write size 137
[  806.566340][T23942] i2c i2c-0: Invalid block write size 137
[  806.574926][    C2] vkms_vblank_simulate: vblank timer overrun
[  806.844339][T23954] i2c i2c-0: Invalid block write size 137
[  808.195529][    C2] vkms_vblank_simulate: vblank timer overrun
[  808.260662][T24012] i2c i2c-0: Invalid block write size 137
[  808.728616][    C2] vkms_vblank_simulate: vblank timer overrun
[  808.904260][T24027] i2c i2c-0: Invalid block write size 137
[  809.035537][    C2] vkms_vblank_simulate: vblank timer overrun
[  809.246633][T24033] i2c i2c-0: Invalid block write size 137
[  809.396338][T24035] i2c i2c-0: Invalid block write size 137
[  809.743984][T24074] i2c i2c-0: Invalid block write size 137
[  810.121439][T24094] i2c i2c-0: Invalid block write size 137
[  810.254048][T24099] i2c i2c-0: Invalid block write size 137
[  811.032197][T24136] i2c i2c-0: Invalid block write size 137
[  811.176800][T24138] i2c i2c-0: Invalid block write size 137
[  811.201669][T24019] syz.2.5108: vmalloc error: size 261324800, failed to allocated page array size 510400, mode:0xdc2(GFP_KERNEL|__GFP_HIGHMEM|__GFP_ZERO), nodemask=(null),cpuset=/,mems_allowed=0-1
[  811.225023][T24019] CPU: 1 UID: 0 PID: 24019 Comm: syz.2.5108 Not tainted 6.18.0 #1 PREEMPT(full) 
[  811.225049][T24019] Hardware name: QEMU Standard PC (i440FX + PIIX, 1996), BIOS rel-1.16.3-0-ga6ed6b701f0a-prebuilt.qemu.org 04/01/2014
[  811.225062][T24019] Call Trace:
[  811.225069][T24019]  <TASK>
[  811.225077][T24019]  dump_stack_lvl+0x180/0x1b0
[  811.225111][T24019]  warn_alloc+0x211/0x360
[  811.225136][T24019]  ? __pfx_warn_alloc+0x10/0x10
[  811.225156][T24019]  ? __pfx_alloc_vmap_area+0x10/0x10
[  811.225183][T24019]  ? __get_vm_area_node+0x10c/0x340
[  811.225216][T24019]  ? drm_property_create_blob.part.0+0x34/0x320
[  811.225244][T24019]  ? __vmalloc_node_noprof+0xac/0xf0
[  811.225277][T24019]  __vmalloc_node_range_noprof+0xfaa/0x13b0
[  811.225315][T24019]  ? drm_property_create_blob.part.0+0x34/0x320
[  811.225351][T24019]  ? __pfx___vmalloc_node_range_noprof+0x10/0x10
[  811.225440][T24019]  __kvmalloc_node_noprof+0x41f/0x9d0
[  811.225466][T24019]  ? drm_property_create_blob.part.0+0x34/0x320
[  811.225495][T24019]  ? drm_property_create_blob.part.0+0x34/0x320
[  811.225526][T24019]  ? drm_property_create_blob.part.0+0x34/0x320
[  811.225551][T24019]  drm_property_create_blob.part.0+0x34/0x320
[  811.225582][T24019]  drm_mode_createblob_ioctl+0x139/0x490
[  811.225610][T24019]  drm_ioctl_kernel+0x1ed/0x3e0
[  811.225625][T24019]  ? __pfx_drm_mode_createblob_ioctl+0x10/0x10
[  811.225651][T24019]  ? __pfx_drm_ioctl_kernel+0x10/0x10
[  811.225678][T24019]  drm_ioctl+0x574/0xb90
[  811.225699][T24019]  ? __pfx_drm_mode_createblob_ioctl+0x10/0x10
[  811.225727][T24019]  ? __pfx_drm_ioctl+0x10/0x10
[  811.225747][T24019]  ? hook_file_ioctl_common+0x146/0x3f0
[  811.225778][T24019]  ? __fget_files+0x1fb/0x3b0
[  811.225804][T24019]  ? __pfx_drm_ioctl+0x10/0x10
[  811.225823][T24019]  __x64_sys_ioctl+0x18f/0x210
[  811.225844][T24019]  do_syscall_64+0xcb/0xfa0
[  811.225887][T24019]  entry_SYSCALL_64_after_hwframe+0x77/0x7f
[  811.225906][T24019] RIP: 0033:0x7facda9b059d
[  811.225922][T24019] Code: 02 b8 ff ff ff ff c3 66 0f 1f 44 00 00 f3 0f 1e fa 48 89 f8 48 89 f7 48 89 d6 48 89 ca 4d 89 c2 4d 89 c8 4c 8b 4c 24 08 0f 05 <48> 3d 01 f0 ff ff 73 01 c3 48 c7 c1 a8 ff ff ff f7 d8 64 89 01 48
[  811.225937][T24019] RSP: 002b:00007facdb867f98 EFLAGS: 00000246 ORIG_RAX: 0000000000000010
[  811.225953][T24019] RAX: ffffffffffffffda RBX: 00007facdac25fa0 RCX: 00007facda9b059d
[  811.225963][T24019] RDX: 0000200000000100 RSI: 00000000c01064bd RDI: 000000000000000a
[  811.225972][T24019] RBP: 00007facdaa4e078 R08: 0000000000000000 R09: 0000000000000000
[  811.225982][T24019] R10: 0000000000000000 R11: 0000000000000246 R12: 0000000000000000
[  811.225992][T24019] R13: 00007facdac26038 R14: 00007facdac25fa0 R15: 00007facdb848000
[  811.226015][T24019]  </TASK>
[  811.226022][T24019] Mem-Info:
[  811.590789][T24019] active_anon:7065 inactive_anon:0 isolated_anon:0
[  811.590789][T24019]  active_file:4215 inactive_file:52172 isolated_file:0
[  811.590789][T24019]  unevictable:2536 dirty:2301 writeback:0
[  811.590789][T24019]  slab_reclaimable:12983 slab_unreclaimable:65103
[  811.590789][T24019]  mapped:27988 shmem:3567 pagetables:1788
[  811.590789][T24019]  sec_pagetables:0 bounce:0
[  811.590789][T24019]  kernel_misc_reclaimable:0
[  811.590789][T24019]  free:476101 free_pcp:9510 free_cma:0
[  811.658438][T24019] Node 0 active_anon:16024kB inactive_anon:0kB active_file:9336kB inactive_file:42312kB unevictable:5072kB isolated(anon):0kB isolated(file):0kB mapped:56480kB dirty:5140kB writeback:0kB shmem:7300kB shmem_thp:0kB shmem_pmdmapped:0kB anon_thp:0kB kernel_stack:4560kB pagetables:4012kB sec_pagetables:0kB all_unreclaimable? no Balloon:0kB
[  811.698113][T24019] Node 1 active_anon:12252kB inactive_anon:0kB active_file:7524kB inactive_file:166376kB unevictable:5072kB isolated(anon):0kB isolated(file):0kB mapped:55572kB dirty:4064kB writeback:0kB shmem:6968kB shmem_thp:0kB shmem_pmdmapped:0kB anon_thp:0kB kernel_stack:7440kB pagetables:3064kB sec_pagetables:0kB all_unreclaimable? no Balloon:0kB
[  811.737698][T24019] Node 0 DMA free:15336kB boost:0kB min:452kB low:564kB high:676kB reserved_highatomic:0KB free_highatomic:0KB active_anon:0kB inactive_anon:0kB active_file:0kB inactive_file:0kB unevictable:0kB writepending:0kB zspages:0kB present:15992kB managed:15360kB mlocked:0kB bounce:0kB free_pcp:24kB local_pcp:0kB free_cma:0kB
[  811.787889][T24019] lowmem_reserve[]: 0 1176 1176 1176 1176
[  811.793326][T24162] i2c i2c-0: Invalid block write size 137
[  811.798114][T24019] Node 0 DMA32 free:670360kB boost:0kB min:34836kB low:43544kB high:52252kB reserved_highatomic:0KB free_highatomic:0KB active_anon:16024kB inactive_anon:0kB active_file:9336kB inactive_file:42312kB unevictable:5072kB writepending:5140kB zspages:0kB present:2080772kB managed:1204832kB mlocked:0kB bounce:0kB free_pcp:8492kB local_pcp:4320kB free_cma:0kB
[  811.798194][T24019] lowmem_reserve[]: 0 0 0 0 0
[  811.798228][T24019] Node 1 DMA32 free:959528kB boost:0kB min:29136kB low:36420kB high:43704kB reserved_highatomic:0KB free_highatomic:0KB active_anon:4kB inactive_anon:0kB active_file:0kB inactive_file:20kB unevictable:0kB writepending:0kB zspages:0kB present:1048444kB managed:982908kB mlocked:0kB bounce:0kB free_pcp:23284kB local_pcp:5304kB free_cma:0kB
[  811.798280][T24019] lowmem_reserve[]: 0 0 846 846 846
[  811.798318][T24019] Node 1 Normal free:259620kB boost:0kB min:25680kB low:32100kB high:38520kB reserved_highatomic:0KB free_highatomic:0KB active_anon:12248kB inactive_anon:0kB active_file:7524kB inactive_file:166356kB unevictable:5072kB writepending:4064kB zspages:0kB present:1048576kB managed:866440kB mlocked:0kB bounce:0kB free_pcp:6612kB local_pcp:5140kB free_cma:0kB
[  811.798453][T24019] lowmem_reserve[]: 0 0 0 0 0
[  811.798492][T24019] Node 0 DMA: 2*4kB (U) 0*8kB 2*16kB (U) 2*32kB (U) 2*64kB (U) 2*128kB (U) 2*256kB (U) 2*512kB (U) 3*1024kB (U) 3*2048kB (U) 1*4096kB (U) = 15336kB
[  811.798656][T24019] Node 0 DMA32: 11*4kB (UME) 408*8kB (UME) 1067*16kB (UME) 812*32kB (UME) 647*64kB (UE) 431*128kB (UE) 346*256kB (UME) 213*512kB (UM) 168*1024kB (UME) 39*2048kB (U) 19*4096kB (U) = 670300kB
[  811.798827][T24019] Node 1 DMA32: 12*4kB (UME) 17*8kB (UME) 13*16kB (UME) 13*32kB (UME) 12*64kB (UME) 10*128kB (UE) 13*256kB (UME) 8*512kB (UME) 9*1024kB (UME) 9*2048kB (UME) 225*4096kB (UM) = 959528kB
[  811.804552][T24019] Node 1 Normal: 1298*4kB (UME) 1113*8kB (UME) 684*16kB (UME) 339*32kB (UME) 464*64kB (UME) 313*128kB (UME) 192*256kB (UME) 113*512kB (UME) 46*1024kB (UM) 0*2048kB 0*4096kB = 259760kB
[  811.804700][T24019] Node 0 hugepages_total=2 hugepages_free=2 hugepages_surp=0 hugepages_size=2048kB
[  811.804715][T24019] Node 1 hugepages_total=2 hugepages_free=2 hugepages_surp=0 hugepages_size=2048kB
[  811.804729][T24019] 59954 total pagecache pages
[  811.804736][T24019] 0 pages in swap cache
[  811.804743][T24019] Free swap  = 124996kB
[  811.804750][T24019] Total swap = 124996kB
[  811.804759][T24019] 1048446 pages RAM
[  811.804766][T24019] 0 pages HighMem/MovableOnly
[  811.804773][T24019] 281061 pages reserved
[  811.804779][T24019] 0 pages cma reserved
[  812.453901][T24186] i2c i2c-0: Invalid block write size 137
[  812.594749][    C2] vkms_vblank_simulate: vblank timer overrun
[  812.837977][T24205] i2c i2c-0: Invalid block write size 137
[  812.885343][T24208] i2c i2c-0: Invalid block write size 137
[  813.144954][T24222] i2c i2c-0: Invalid block write size 137
[  813.563833][T24240] i2c i2c-0: Invalid block write size 137
[  813.728804][T24252] i2c i2c-0: Invalid block write size 137
[  813.880914][T24258] i2c i2c-0: Invalid block write size 137
[  813.947610][T24265] i2c i2c-0: Invalid block write size 137
[  813.963805][T24267] i2c i2c-0: Invalid block write size 137
[  814.203633][T24279] i2c i2c-0: Invalid block write size 34
[  814.352755][    C2] vkms_vblank_simulate: vblank timer overrun
[  814.509408][T24291] i2c i2c-0: Invalid block write size 137
[  814.655726][T24299] FAULT_INJECTION: forcing a failure.
[  814.655726][T24299] name failslab, interval 1, probability 0, space 0, times 0
[  814.689136][T24299] CPU: 1 UID: 0 PID: 24299 Comm: syz.1.5211 Not tainted 6.18.0 #1 PREEMPT(full) 
[  814.689163][T24299] Hardware name: QEMU Standard PC (i440FX + PIIX, 1996), BIOS rel-1.16.3-0-ga6ed6b701f0a-prebuilt.qemu.org 04/01/2014
[  814.689176][T24299] Call Trace:
[  814.689182][T24299]  <TASK>
[  814.689190][T24299]  dump_stack_lvl+0x180/0x1b0
[  814.689223][T24299]  should_fail_ex+0x520/0x650
[  814.689248][T24299]  ? tomoyo_realpath_from_path+0xc3/0x600
[  814.689271][T24299]  should_failslab+0xc2/0x120
[  814.689295][T24299]  __kmalloc_noprof+0xdc/0x8c0
[  814.689312][T24299]  ? kfree+0x3b1/0x6c0
[  814.689356][T24299]  ? tomoyo_realpath_from_path+0xc3/0x600
[  814.689377][T24299]  tomoyo_realpath_from_path+0xc3/0x600
[  814.689402][T24299]  ? tomoyo_profile+0x46/0x60
[  814.689428][T24299]  tomoyo_path_number_perm+0x221/0x550
[  814.689447][T24299]  ? tomoyo_path_number_perm+0x213/0x550
[  814.689469][T24299]  ? __pfx_tomoyo_path_number_perm+0x10/0x10
[  814.689490][T24299]  ? proc_fail_nth_write+0x97/0x220
[  814.689616][T24299]  ? hook_file_ioctl_common+0x146/0x3f0
[  814.689637][T24299]  ? __fget_files+0x1f1/0x3b0
[  814.689663][T24299]  ? __fget_files+0x1fb/0x3b0
[  814.689685][T24299]  security_file_ioctl+0x9f/0x260
[  814.689707][T24299]  __x64_sys_ioctl+0xb7/0x210
[  814.689725][T24299]  do_syscall_64+0xcb/0xfa0
[  814.689754][T24299]  entry_SYSCALL_64_after_hwframe+0x77/0x7f
[  814.689823][T24299] RIP: 0033:0x7fceebbb059d
[  814.689839][T24299] Code: 02 b8 ff ff ff ff c3 66 0f 1f 44 00 00 f3 0f 1e fa 48 89 f8 48 89 f7 48 89 d6 48 89 ca 4d 89 c2 4d 89 c8 4c 8b 4c 24 08 0f 05 <48> 3d 01 f0 ff ff 73 01 c3 48 c7 c1 a8 ff ff ff f7 d8 64 89 01 48
[  814.689854][T24299] RSP: 002b:00007fceeca9bf98 EFLAGS: 00000246 ORIG_RAX: 0000000000000010
[  814.689869][T24299] RAX: ffffffffffffffda RBX: 00007fceebe25fa0 RCX: 00007fceebbb059d
[  814.689879][T24299] RDX: 0000200000000780 RSI: 0000000000000720 RDI: 0000000000000003
[  814.689888][T24299] RBP: 00007fceeca9c010 R08: 0000000000000000 R09: 0000000000000000
[  814.689898][T24299] R10: 0000000000000000 R11: 0000000000000246 R12: 0000000000000001
[  814.689907][T24299] R13: 00007fceebe26038 R14: 00007fceebe25fa0 R15: 00007fceeca7c000
[  814.689929][T24299]  </TASK>
[  814.689936][T24299] ERROR: Out of memory at tomoyo_realpath_from_path.
[  814.871478][    C2] vkms_vblank_simulate: vblank timer overrun
[  815.033080][    C2] vkms_vblank_simulate: vblank timer overrun
[  815.452338][T24310] i2c i2c-0: Invalid block write size 137
[  817.023747][    C2] vkms_vblank_simulate: vblank timer overrun
[  817.109988][    C2] vkms_vblank_simulate: vblank timer overrun
[  817.308532][    C2] vkms_vblank_simulate: vblank timer overrun
[  817.452730][    C2] vkms_vblank_simulate: vblank timer overrun
[  817.468459][ T5204] Bluetooth: hci0: unexpected cc 0x0c03 length: 249 > 1
[  817.503129][T24343] FAULT_INJECTION: forcing a failure.
[  817.503129][T24343] name failslab, interval 1, probability 0, space 0, times 0
[  817.514211][T24342] Bluetooth: hci0: unexpected cc 0x1003 length: 249 > 9
[  817.546776][T24343] CPU: 3 UID: 0 PID: 24343 Comm: syz.3.5224 Not tainted 6.18.0 #1 PREEMPT(full) 
[  817.546802][T24343] Hardware name: QEMU Standard PC (i440FX + PIIX, 1996), BIOS rel-1.16.3-0-ga6ed6b701f0a-prebuilt.qemu.org 04/01/2014
[  817.546843][T24343] Call Trace:
[  817.546878][T24343]  <TASK>
[  817.546906][T24343]  dump_stack_lvl+0x180/0x1b0
[  817.547337][T24343]  should_fail_ex+0x520/0x650
[  817.547616][T24343]  ? tomoyo_encode2.part.0+0xe9/0x3a0
[  817.547700][T24343]  should_failslab+0xc2/0x120
[  817.547848][T24343]  __kmalloc_noprof+0xdc/0x8c0
[  817.547921][T24343]  ? d_absolute_path+0x12a/0x1a0
[  817.548019][T24343]  ? tomoyo_encode2.part.0+0xe9/0x3a0
[  817.548042][T24343]  tomoyo_encode2.part.0+0xe9/0x3a0
[  817.548069][T24343]  tomoyo_encode+0x2b/0x60
[  817.548110][T24343]  tomoyo_realpath_from_path+0x188/0x600
[  817.548141][T24343]  tomoyo_path_number_perm+0x221/0x550
[  817.548179][T24343]  ? tomoyo_path_number_perm+0x213/0x550
[  817.548201][T24343]  ? __pfx_tomoyo_path_number_perm+0x10/0x10
[  817.548222][T24343]  ? proc_fail_nth_write+0x97/0x220
[  817.548301][T24343]  ? hook_file_ioctl_common+0x146/0x3f0
[  817.548357][T24343]  ? __fget_files+0x1f1/0x3b0
[  817.548440][T24343]  ? __fget_files+0x1fb/0x3b0
[  817.548461][T24343]  security_file_ioctl+0x9f/0x260
[  817.548557][T24343]  __x64_sys_ioctl+0xb7/0x210
[  817.548612][T24343]  do_syscall_64+0xcb/0xfa0
[  817.548688][T24343]  entry_SYSCALL_64_after_hwframe+0x77/0x7f
[  817.548772][T24343] RIP: 0033:0x7fb9b99b059d
[  817.548810][T24343] Code: 02 b8 ff ff ff ff c3 66 0f 1f 44 00 00 f3 0f 1e fa 48 89 f8 48 89 f7 48 89 d6 48 89 ca 4d 89 c2 4d 89 c8 4c 8b 4c 24 08 0f 05 <48> 3d 01 f0 ff ff 73 01 c3 48 c7 c1 a8 ff ff ff f7 d8 64 89 01 48
[  817.548828][T24343] RSP: 002b:00007fb9ba926f98 EFLAGS: 00000246 ORIG_RAX: 0000000000000010
[  817.548878][T24343] RAX: ffffffffffffffda RBX: 00007fb9b9c25fa0 RCX: 00007fb9b99b059d
[  817.548889][T24343] RDX: 0000200000000780 RSI: 0000000000000720 RDI: 0000000000000003
[  817.548900][T24343] RBP: 00007fb9ba927010 R08: 0000000000000000 R09: 0000000000000000
[  817.548910][T24343] R10: 0000000000000000 R11: 0000000000000246 R12: 0000000000000001
[  817.548920][T24343] R13: 00007fb9b9c26038 R14: 00007fb9b9c25fa0 R15: 00007fb9ba907000
[  817.548948][T24343]  </TASK>
[  817.824010][T24342] Bluetooth: hci0: unexpected cc 0x1001 length: 249 > 9
[  817.850464][T24342] Bluetooth: hci0: unexpected cc 0x0c23 length: 249 > 4
[  817.855416][T24343] ERROR: Out of memory at tomoyo_realpath_from_path.
[  817.863118][T24342] Bluetooth: hci0: unexpected cc 0x0c38 length: 249 > 2
[  818.086366][   T13] netdevsim netdevsim0 netdevsim3 (unregistering): unset [1, 0] type 2 family 0 port 6081 - 0
[  818.119376][    C2] vkms_vblank_simulate: vblank timer overrun
[  818.320900][   T13] netdevsim netdevsim0 netdevsim2 (unregistering): unset [1, 0] type 2 family 0 port 6081 - 0
[  818.514205][   T13] netdevsim netdevsim0 netdevsim1 (unregistering): unset [1, 0] type 2 family 0 port 6081 - 0
[  818.581647][T24381] FAULT_INJECTION: forcing a failure.
[  818.581647][T24381] name fail_usercopy, interval 1, probability 0, space 0, times 0
[  818.590786][T24381] CPU: 3 UID: 0 PID: 24381 Comm: syz.1.5233 Not tainted 6.18.0 #1 PREEMPT(full) 
[  818.590812][T24381] Hardware name: QEMU Standard PC (i440FX + PIIX, 1996), BIOS rel-1.16.3-0-ga6ed6b701f0a-prebuilt.qemu.org 04/01/2014
[  818.590823][T24381] Call Trace:
[  818.590829][T24381]  <TASK>
[  818.590836][T24381]  dump_stack_lvl+0x180/0x1b0
[  818.590867][T24381]  should_fail_ex+0x520/0x650
[  818.590889][T24381]  _copy_from_user+0x30/0xd0
[  818.591125][T24381]  i2cdev_ioctl+0xfa/0x820
[  818.591277][T24381]  ? __pfx_i2cdev_ioctl+0x10/0x10
[  818.591294][T24381]  ? __fget_files+0x1fb/0x3b0
[  818.591319][T24381]  ? __pfx_i2cdev_ioctl+0x10/0x10
[  818.591337][T24381]  __x64_sys_ioctl+0x18f/0x210
[  818.591356][T24381]  do_syscall_64+0xcb/0xfa0
[  818.591385][T24381]  entry_SYSCALL_64_after_hwframe+0x77/0x7f
[  818.591403][T24381] RIP: 0033:0x7fceebbb059d
[  818.591420][T24381] Code: 02 b8 ff ff ff ff c3 66 0f 1f 44 00 00 f3 0f 1e fa 48 89 f8 48 89 f7 48 89 d6 48 89 ca 4d 89 c2 4d 89 c8 4c 8b 4c 24 08 0f 05 <48> 3d 01 f0 ff ff 73 01 c3 48 c7 c1 a8 ff ff ff f7 d8 64 89 01 48
[  818.591476][T24381] RSP: 002b:00007fceeca9bf98 EFLAGS: 00000246 ORIG_RAX: 0000000000000010
[  818.591512][T24381] RAX: ffffffffffffffda RBX: 00007fceebe25fa0 RCX: 00007fceebbb059d
[  818.591522][T24381] RDX: 0000200000000780 RSI: 0000000000000720 RDI: 0000000000000003
[  818.591532][T24381] RBP: 00007fceeca9c010 R08: 0000000000000000 R09: 0000000000000000
[  818.591543][T24381] R10: 0000000000000000 R11: 0000000000000246 R12: 0000000000000001
[  818.591553][T24381] R13: 00007fceebe26038 R14: 00007fceebe25fa0 R15: 00007fceeca7c000
[  818.591580][T24381]  </TASK>
[  818.744820][   T13] netdevsim netdevsim0 netdevsim0 (unregistering): unset [1, 0] type 2 family 0 port 6081 - 0
[  819.048685][T24336] chnl_net:caif_netlink_parms(): no params data found
[  819.254966][   T13] bridge_slave_1: left allmulticast mode
[  819.258553][   T13] bridge_slave_1: left promiscuous mode
[  819.274590][   T13] bridge0: port 2(bridge_slave_1) entered disabled state
[  819.321864][   T13] bridge_slave_0: left allmulticast mode
[  819.326768][   T13] bridge_slave_0: left promiscuous mode
[  819.333955][   T13] bridge0: port 1(bridge_slave_0) entered disabled state
[  819.602934][    C2] vkms_vblank_simulate: vblank timer overrun
[  819.705630][    C2] vkms_vblank_simulate: vblank timer overrun
[  819.955429][   T68] Bluetooth: hci0: command tx timeout
[  820.337184][    C2] vkms_vblank_simulate: vblank timer overrun
[  820.370103][   T13] bond0 (unregistering): (slave bond_slave_0): Releasing backup interface
[  820.410849][   T13] bond0 (unregistering): (slave bond_slave_1): Releasing backup interface
[  820.426887][   T13] bond0 (unregistering): Released all slaves
[  820.624869][T24336] bridge0: port 1(bridge_slave_0) entered blocking state
[  820.632189][T24336] bridge0: port 1(bridge_slave_0) entered disabled state
[  820.645730][T24336] bridge_slave_0: entered allmulticast mode
[  820.652297][T24336] bridge_slave_0: entered promiscuous mode
[  820.672139][T24336] bridge0: port 2(bridge_slave_1) entered blocking state
[  820.680177][T24336] bridge0: port 2(bridge_slave_1) entered disabled state
[  820.687177][T24336] bridge_slave_1: entered allmulticast mode
[  820.696466][T24336] bridge_slave_1: entered promiscuous mode
[  820.941734][    C2] vkms_vblank_simulate: vblank timer overrun
[  821.039545][T24336] bond0: (slave bond_slave_0): Enslaving as an active interface with an up link
[  821.055786][T24336] bond0: (slave bond_slave_1): Enslaving as an active interface with an up link
[  821.270710][T24336] team0: Port device team_slave_0 added
[  821.340078][    C2] vkms_vblank_simulate: vblank timer overrun
[  821.355606][T24336] team0: Port device team_slave_1 added
[  821.630358][   T13] hsr_slave_0: left promiscuous mode
[  821.670833][   T13] hsr_slave_1: left promiscuous mode
[  821.676033][   T13] batman_adv: batadv0: Interface deactivated: batadv_slave_0
[  821.694201][   T13] batman_adv: batadv0: Removing interface: batadv_slave_0
[  821.742213][   T13] batman_adv: batadv0: Interface deactivated: batadv_slave_1
[  821.747568][   T13] batman_adv: batadv0: Removing interface: batadv_slave_1
[  821.864901][T24583] FAULT_INJECTION: forcing a failure.
[  821.864901][T24583] name fail_usercopy, interval 1, probability 0, space 0, times 0
[  821.893817][T24583] CPU: 2 UID: 0 PID: 24583 Comm: syz.2.5246 Not tainted 6.18.0 #1 PREEMPT(full) 
[  821.893846][T24583] Hardware name: QEMU Standard PC (i440FX + PIIX, 1996), BIOS rel-1.16.3-0-ga6ed6b701f0a-prebuilt.qemu.org 04/01/2014
[  821.893858][T24583] Call Trace:
[  821.893865][T24583]  <TASK>
[  821.893950][T24583]  dump_stack_lvl+0x180/0x1b0
[  821.893985][T24583]  should_fail_ex+0x520/0x650
[  821.894011][T24583]  _copy_from_user+0x30/0xd0
[  821.894034][T24583]  i2cdev_ioctl_smbus+0x3c6/0x870
[  821.894098][T24583]  ? __pfx_i2cdev_ioctl_smbus+0x10/0x10
[  821.894125][T24583]  ? __might_fault+0x138/0x190
[  821.894194][T24583]  ? perf_trace_mmap_lock+0x570/0x820
[  821.894220][T24583]  i2cdev_ioctl+0x3bc/0x820
[  821.894236][T24583]  ? __pfx_i2cdev_ioctl+0x10/0x10
[  821.894252][T24583]  ? __fget_files+0x1fb/0x3b0
[  821.894276][T24583]  ? __pfx_i2cdev_ioctl+0x10/0x10
[  821.894292][T24583]  __x64_sys_ioctl+0x18f/0x210
[  821.894311][T24583]  do_syscall_64+0xcb/0xfa0
[  821.894340][T24583]  entry_SYSCALL_64_after_hwframe+0x77/0x7f
[  821.894360][T24583] RIP: 0033:0x7facda9b059d
[  821.894376][T24583] Code: 02 b8 ff ff ff ff c3 66 0f 1f 44 00 00 f3 0f 1e fa 48 89 f8 48 89 f7 48 89 d6 48 89 ca 4d 89 c2 4d 89 c8 4c 8b 4c 24 08 0f 05 <48> 3d 01 f0 ff ff 73 01 c3 48 c7 c1 a8 ff ff ff f7 d8 64 89 01 48
[  821.894393][T24583] RSP: 002b:00007facdb867f98 EFLAGS: 00000246 ORIG_RAX: 0000000000000010
[  821.894411][T24583] RAX: ffffffffffffffda RBX: 00007facdac25fa0 RCX: 00007facda9b059d
[  821.894424][T24583] RDX: 0000200000000780 RSI: 0000000000000720 RDI: 0000000000000003
[  821.894677][T24583] RBP: 00007facdb868010 R08: 0000000000000000 R09: 0000000000000000
[  821.894689][T24583] R10: 0000000000000000 R11: 0000000000000246 R12: 0000000000000001
[  821.894701][T24583] R13: 00007facdac26038 R14: 00007facdac25fa0 R15: 00007facdb848000
[  821.894730][T24583]  </TASK>
[  821.913163][   T13] veth1_macvtap: left promiscuous mode
[  822.043581][   T13] veth0_macvtap: left promiscuous mode
[  822.047294][   T68] Bluetooth: hci0: command tx timeout
[  822.054257][   T13] veth1_vlan: left promiscuous mode
[  822.062983][   T13] veth0_vlan: left promiscuous mode
[  822.072243][T24589] i2c i2c-0: Invalid block write size 137
[  822.129283][T24591] FAULT_INJECTION: forcing a failure.
[  822.129283][T24591] name failslab, interval 1, probability 0, space 0, times 0
[  822.137982][T24591] CPU: 0 UID: 0 PID: 24591 Comm: syz.3.5255 Not tainted 6.18.0 #1 PREEMPT(full) 
[  822.138007][T24591] Hardware name: QEMU Standard PC (i440FX + PIIX, 1996), BIOS rel-1.16.3-0-ga6ed6b701f0a-prebuilt.qemu.org 04/01/2014
[  822.138020][T24591] Call Trace:
[  822.138055][T24591]  <TASK>
[  822.138064][T24591]  dump_stack_lvl+0x180/0x1b0
[  822.138099][T24591]  should_fail_ex+0x520/0x650
[  822.138124][T24591]  ? tomoyo_realpath_from_path+0xc3/0x600
[  822.138147][T24591]  should_failslab+0xc2/0x120
[  822.138180][T24591]  __kmalloc_noprof+0xdc/0x8c0
[  822.138198][T24591]  ? kfree+0x3b1/0x6c0
[  822.138243][T24591]  ? tomoyo_realpath_from_path+0xc3/0x600
[  822.138265][T24591]  tomoyo_realpath_from_path+0xc3/0x600
[  822.138293][T24591]  ? tomoyo_profile+0x46/0x60
[  822.138342][T24591]  tomoyo_path_number_perm+0x221/0x550
[  822.138362][T24591]  ? tomoyo_path_number_perm+0x213/0x550
[  822.138403][T24591]  ? __pfx_tomoyo_path_number_perm+0x10/0x10
[  822.138425][T24591]  ? proc_fail_nth_write+0x97/0x220
[  822.138503][T24591]  ? hook_file_ioctl_common+0x146/0x3f0
[  822.138524][T24591]  ? __fget_files+0x1f1/0x3b0
[  822.138549][T24591]  ? __fget_files+0x1fb/0x3b0
[  822.138571][T24591]  security_file_ioctl+0x9f/0x260
[  822.138594][T24591]  __x64_sys_ioctl+0xb7/0x210
[  822.138617][T24591]  do_syscall_64+0xcb/0xfa0
[  822.138647][T24591]  entry_SYSCALL_64_after_hwframe+0x77/0x7f
[  822.138666][T24591] RIP: 0033:0x7fb9b99b059d
[  822.138683][T24591] Code: 02 b8 ff ff ff ff c3 66 0f 1f 44 00 00 f3 0f 1e fa 48 89 f8 48 89 f7 48 89 d6 48 89 ca 4d 89 c2 4d 89 c8 4c 8b 4c 24 08 0f 05 <48> 3d 01 f0 ff ff 73 01 c3 48 c7 c1 a8 ff ff ff f7 d8 64 89 01 48
[  822.138701][T24591] RSP: 002b:00007fb9ba926f98 EFLAGS: 00000246 ORIG_RAX: 0000000000000010
[  822.138719][T24591] RAX: ffffffffffffffda RBX: 00007fb9b9c25fa0 RCX: 00007fb9b99b059d
[  822.138731][T24591] RDX: 0000200000000780 RSI: 0000000000000720 RDI: 0000000000000003
[  822.138742][T24591] RBP: 00007fb9ba927010 R08: 0000000000000000 R09: 0000000000000000
[  822.138752][T24591] R10: 0000000000000000 R11: 0000000000000246 R12: 0000000000000001
[  822.138763][T24591] R13: 00007fb9b9c26038 R14: 00007fb9b9c25fa0 R15: 00007fb9ba907000
[  822.138790][T24591]  </TASK>
[  822.138799][T24591] ERROR: Out of memory at tomoyo_realpath_from_path.
[  822.835761][    C2] vkms_vblank_simulate: vblank timer overrun
[  823.059215][    C2] vkms_vblank_simulate: vblank timer overrun
[  823.088119][    C2] vkms_vblank_simulate: vblank timer overrun
[  823.117876][   T13] team0 (unregistering): Port device team_slave_1 removed
[  823.166360][   T13] team0 (unregistering): Port device team_slave_0 removed
[  823.543137][T24336] batman_adv: batadv0: Adding interface: batadv_slave_0
[  823.548855][T24336] batman_adv: batadv0: The MTU of interface batadv_slave_0 is too small (1500) to handle the transport of batman-adv packets. Packets going over this interface will be fragmented on layer2 which could impact the performance. Setting the MTU to 1532 would solve the problem.
[  823.564869][T24336] batman_adv: batadv0: Not using interface batadv_slave_0 (retrying later): interface not active
[  823.596734][T24336] batman_adv: batadv0: Adding interface: batadv_slave_1
[  823.607326][T24336] batman_adv: batadv0: The MTU of interface batadv_slave_1 is too small (1500) to handle the transport of batman-adv packets. Packets going over this interface will be fragmented on layer2 which could impact the performance. Setting the MTU to 1532 would solve the problem.
[  823.638068][    C2] vkms_vblank_simulate: vblank timer overrun
[  823.643474][T24336] batman_adv: batadv0: Not using interface batadv_slave_1 (retrying later): interface not active
[  823.708019][T24336] hsr_slave_0: entered promiscuous mode
[  823.713120][T24336] hsr_slave_1: entered promiscuous mode
[  823.717620][T24336] debugfs: 'hsr0' already exists in 'hsr'
[  823.722292][T24336] Cannot create hsr debugfs directory
[  824.110368][   T68] Bluetooth: hci0: command tx timeout
[  824.562145][T24336] netdevsim netdevsim0 netdevsim0: renamed from eth0
[  824.590344][T24336] netdevsim netdevsim0 netdevsim1: renamed from eth1
[  824.608138][T24336] netdevsim netdevsim0 netdevsim2: renamed from eth2
[  824.617249][T24336] netdevsim netdevsim0 netdevsim3: renamed from eth3
[  824.796198][T24336] 8021q: adding VLAN 0 to HW filter on device bond0
[  824.848813][T24336] 8021q: adding VLAN 0 to HW filter on device team0
[  824.872959][   T37] bridge0: port 1(bridge_slave_0) entered blocking state
[  824.880860][   T37] bridge0: port 1(bridge_slave_0) entered forwarding state
[  824.900710][   T37] bridge0: port 2(bridge_slave_1) entered blocking state
[  824.907334][   T37] bridge0: port 2(bridge_slave_1) entered forwarding state
[  825.288500][T24336] 8021q: adding VLAN 0 to HW filter on device batadv0
[  825.398530][T24336] veth0_vlan: entered promiscuous mode
[  825.427980][T24336] veth1_vlan: entered promiscuous mode
[  825.477066][T24336] veth0_macvtap: entered promiscuous mode
[  825.505117][T24336] veth1_macvtap: entered promiscuous mode
[  825.531412][T24336] batman_adv: batadv0: Interface activated: batadv_slave_0
[  825.546866][T24336] batman_adv: batadv0: Interface activated: batadv_slave_1
[  825.580773][   T13] netdevsim netdevsim0 netdevsim0: set [1, 0] type 2 family 0 port 6081 - 0
[  825.592312][   T13] netdevsim netdevsim0 netdevsim1: set [1, 0] type 2 family 0 port 6081 - 0
[  825.611751][   T13] netdevsim netdevsim0 netdevsim2: set [1, 0] type 2 family 0 port 6081 - 0
[  825.629953][   T13] netdevsim netdevsim0 netdevsim3: set [1, 0] type 2 family 0 port 6081 - 0
[  825.826880][ T4884] wlan0: Created IBSS using preconfigured BSSID 50:50:50:50:50:50
[  825.841661][ T4884] wlan0: Creating new IBSS network, BSSID 50:50:50:50:50:50
[  825.957153][    C2] vkms_vblank_simulate: vblank timer overrun
[  825.961260][T17643] wlan1: Created IBSS using preconfigured BSSID 50:50:50:50:50:50
[  825.964858][T17643] wlan1: Creating new IBSS network, BSSID 50:50:50:50:50:50
[  826.200060][   T68] Bluetooth: hci0: command tx timeout
[  826.584743][T24342] Bluetooth: hci4: unexpected cc 0x0c03 length: 249 > 1
[  826.600827][T24342] Bluetooth: hci4: unexpected cc 0x1003 length: 249 > 9
[  826.612615][T24342] Bluetooth: hci4: unexpected cc 0x1001 length: 249 > 9
[  826.618610][T24342] Bluetooth: hci4: unexpected cc 0x0c23 length: 249 > 4
[  826.663453][T24342] Bluetooth: hci4: unexpected cc 0x0c38 length: 249 > 2
[  826.917095][T24782] i2c i2c-0: Invalid block write size 137
[  827.111033][    C2] vkms_vblank_simulate: vblank timer overrun
[  827.239273][    C2] vkms_vblank_simulate: vblank timer overrun
[  827.293321][T24807] i2c i2c-0: Invalid block write size 137
[  827.375208][T24812] i2c i2c-0: Invalid block write size 137
[  827.594504][   T13] netdevsim netdevsim1 netdevsim3 (unregistering): unset [1, 0] type 2 family 0 port 6081 - 0
[  827.665061][T24830] FAULT_INJECTION: forcing a failure.
[  827.665061][T24830] name failslab, interval 1, probability 0, space 0, times 0
[  827.685035][T24830] CPU: 1 UID: 0 PID: 24830 Comm: syz.2.5273 Not tainted 6.18.0 #1 PREEMPT(full) 
[  827.685083][T24830] Hardware name: QEMU Standard PC (i440FX + PIIX, 1996), BIOS rel-1.16.3-0-ga6ed6b701f0a-prebuilt.qemu.org 04/01/2014
[  827.685094][T24830] Call Trace:
[  827.685101][T24830]  <TASK>
[  827.685108][T24830]  dump_stack_lvl+0x180/0x1b0
[  827.685140][T24830]  should_fail_ex+0x520/0x650
[  827.685411][T24830]  ? i2c_smbus_try_get_dmabuf+0x5d/0x130
[  827.685471][T24830]  should_failslab+0xc2/0x120
[  827.685525][T24830]  __kmalloc_noprof+0xdc/0x8c0
[  827.685552][T24830]  ? i2c_smbus_try_get_dmabuf+0x5d/0x130
[  827.685571][T24830]  i2c_smbus_try_get_dmabuf+0x5d/0x130
[  827.685593][T24830]  i2c_smbus_xfer_emulated+0x9e8/0x11b0
[  827.685677][T24830]  ? __pfx_i2c_smbus_xfer_emulated+0x10/0x10
[  827.685700][T24830]  ? __lock_acquire+0xb62/0x1be0
[  827.685946][T24830]  ? __lock_acquire+0xb62/0x1be0
[  827.686005][T24830]  ? find_held_lock+0x2b/0x80
[  827.686026][T24830]  __i2c_smbus_xfer+0x703/0xfa0
[  827.686048][T24830]  ? _raw_spin_unlock_irqrestore+0x41/0x70
[  827.686153][T24830]  i2c_smbus_xfer+0x203/0x3d0
[  827.686204][T24830]  i2cdev_ioctl_smbus+0x532/0x870
[  827.686233][T24830]  ? __pfx_i2cdev_ioctl_smbus+0x10/0x10
[  827.686284][T24830]  ? __might_fault+0x138/0x190
[  827.686334][T24830]  ? perf_trace_mmap_lock+0x570/0x820
[  827.686383][T24830]  i2cdev_ioctl+0x3bc/0x820
[  827.686400][T24830]  ? __pfx_i2cdev_ioctl+0x10/0x10
[  827.686415][T24830]  ? __fget_files+0x1fb/0x3b0
[  827.686674][T24830]  ? __pfx_i2cdev_ioctl+0x10/0x10
[  827.686804][T24830]  __x64_sys_ioctl+0x18f/0x210
[  827.686824][T24830]  do_syscall_64+0xcb/0xfa0
[  827.686851][T24830]  entry_SYSCALL_64_after_hwframe+0x77/0x7f
[  827.686867][T24830] RIP: 0033:0x7facda9b059d
[  827.686882][T24830] Code: 02 b8 ff ff ff ff c3 66 0f 1f 44 00 00 f3 0f 1e fa 48 89 f8 48 89 f7 48 89 d6 48 89 ca 4d 89 c2 4d 89 c8 4c 8b 4c 24 08 0f 05 <48> 3d 01 f0 ff ff 73 01 c3 48 c7 c1 a8 ff ff ff f7 d8 64 89 01 48
[  827.686898][T24830] RSP: 002b:00007facdb867f98 EFLAGS: 00000246 ORIG_RAX: 0000000000000010
[  827.686914][T24830] RAX: ffffffffffffffda RBX: 00007facdac25fa0 RCX: 00007facda9b059d
[  827.686924][T24830] RDX: 0000200000000780 RSI: 0000000000000720 RDI: 0000000000000003
[  827.686946][T24830] RBP: 00007facdb868010 R08: 0000000000000000 R09: 0000000000000000
[  827.686974][T24830] R10: 0000000000000000 R11: 0000000000000246 R12: 0000000000000001
[  827.686983][T24830] R13: 00007facdac26038 R14: 00007facdac25fa0 R15: 00007facdb848000
[  827.687007][T24830]  </TASK>
[  827.715362][T24842] i2c i2c-0: Invalid block write size 137
[  828.089918][   T13] netdevsim netdevsim1 netdevsim2 (unregistering): unset [1, 0] type 2 family 0 port 6081 - 0
[  828.158725][T24855] i2c i2c-0: Invalid block write size 137
[  828.340536][   T13] netdevsim netdevsim1 netdevsim1 (unregistering): unset [1, 0] type 2 family 0 port 6081 - 0
[  828.422623][T24755] chnl_net:caif_netlink_parms(): no params data found
[  828.475718][T24896] i2c i2c-0: Invalid block write size 137
[  828.611777][T24911] i2c i2c-0: Invalid block write size 137
[  828.621707][T24910] i2c i2c-0: Invalid block write size 137
[  828.651033][   T13] netdevsim netdevsim1 netdevsim0 (unregistering): unset [1, 0] type 2 family 0 port 6081 - 0
[  828.761171][   T68] Bluetooth: hci4: command tx timeout
[  828.924635][T24755] bridge0: port 1(bridge_slave_0) entered blocking state
[  828.935309][T24755] bridge0: port 1(bridge_slave_0) entered disabled state
[  828.943813][T24755] bridge_slave_0: entered allmulticast mode
[  828.956237][T24755] bridge_slave_0: entered promiscuous mode
[  828.969148][T24755] bridge0: port 2(bridge_slave_1) entered blocking state
[  828.977204][T24755] bridge0: port 2(bridge_slave_1) entered disabled state
[  828.986852][T24755] bridge_slave_1: entered allmulticast mode
[  828.996712][T24755] bridge_slave_1: entered promiscuous mode
[  829.147861][T24755] bond0: (slave bond_slave_0): Enslaving as an active interface with an up link
[  829.160716][T24755] bond0: (slave bond_slave_1): Enslaving as an active interface with an up link
[  829.319811][    C2] vkms_vblank_simulate: vblank timer overrun
[  829.323339][T25005] i2c i2c-0: Invalid block write size 137
[  829.461943][T25012] i2c i2c-0: Invalid block write size 137
[  829.503922][T24755] team0: Port device team_slave_0 added
[  829.518356][T24755] team0: Port device team_slave_1 added
[  829.540970][T25020] i2c i2c-0: Invalid block write size 137
[  829.588603][    C2] vkms_vblank_simulate: vblank timer overrun
[  829.706514][T24755] batman_adv: batadv0: Adding interface: batadv_slave_0
[  829.730917][T24755] batman_adv: batadv0: The MTU of interface batadv_slave_0 is too small (1500) to handle the transport of batman-adv packets. Packets going over this interface will be fragmented on layer2 which could impact the performance. Setting the MTU to 1532 would solve the problem.
[  829.747595][T25045] i2c i2c-0: Invalid block write size 137
[  829.795013][    C2] vkms_vblank_simulate: vblank timer overrun
[  829.796212][T24755] batman_adv: batadv0: Not using interface batadv_slave_0 (retrying later): interface not active
[  829.798385][T24755] batman_adv: batadv0: Adding interface: batadv_slave_1
[  829.798401][T24755] batman_adv: batadv0: The MTU of interface batadv_slave_1 is too small (1500) to handle the transport of batman-adv packets. Packets going over this interface will be fragmented on layer2 which could impact the performance. Setting the MTU to 1532 would solve the problem.
[  829.798423][T24755] batman_adv: batadv0: Not using interface batadv_slave_1 (retrying later): interface not active
[  829.833057][   T13] bridge_slave_1: left allmulticast mode
[  829.874141][    C2] vkms_vblank_simulate: vblank timer overrun
[  829.906113][    C2] vkms_vblank_simulate: vblank timer overrun
[  829.910597][T25056] i2c i2c-0: Invalid block write size 137
[  829.925009][   T13] bridge_slave_1: left promiscuous mode
[  829.950126][   T13] bridge0: port 2(bridge_slave_1) entered disabled state
[  830.002329][   T13] bridge_slave_0: left allmulticast mode
[  830.007567][   T13] bridge_slave_0: left promiscuous mode
[  830.023254][   T13] bridge0: port 1(bridge_slave_0) entered disabled state
[  830.069121][    C2] vkms_vblank_simulate: vblank timer overrun
[  830.073197][T25062] i2c i2c-0: Invalid block write size 137
[  830.291050][T25071] i2c i2c-0: Invalid block write size 137
[  830.576363][T25083] i2c i2c-0: Invalid block write size 137
[  830.784073][T25095] i2c i2c-0: Invalid block write size 137
[  830.835069][   T68] Bluetooth: hci4: command tx timeout
[  831.087900][T25106] i2c i2c-0: Invalid block write size 137
[  831.106711][   T13] bond0 (unregistering): (slave bond_slave_0): Releasing backup interface
[  831.183182][   T13] bond0 (unregistering): (slave bond_slave_1): Releasing backup interface
[  831.208714][   T13] bond0 (unregistering): Released all slaves
[  831.601183][T25138] i2c i2c-0: Invalid block write size 137
[  831.827512][T25154] i2c i2c-0: Invalid block write size 137
[  831.840996][T25157] i2c i2c-0: Invalid block write size 137
[  832.074254][T24755] hsr_slave_0: entered promiscuous mode
[  832.090204][T24755] hsr_slave_1: entered promiscuous mode
[  832.095005][T24755] debugfs: 'hsr0' already exists in 'hsr'
[  832.098636][T24755] Cannot create hsr debugfs directory
[  832.309905][T25191] i2c i2c-0: Invalid block write size 137
[  832.482336][T25200] i2c i2c-0: Invalid block write size 137
[  832.925367][   T68] Bluetooth: hci4: command tx timeout
[  832.996125][T25246] i2c i2c-0: Invalid block write size 137
[  833.019235][   T13] hsr_slave_0: left promiscuous mode
[  833.112025][   T13] hsr_slave_1: left promiscuous mode
[  833.129699][   T13] batman_adv: batadv0: Interface deactivated: batadv_slave_0
[  833.139624][   T13] batman_adv: batadv0: Removing interface: batadv_slave_0
[  833.229657][   T13] batman_adv: batadv0: Interface deactivated: batadv_slave_1
[  833.252213][   T13] batman_adv: batadv0: Removing interface: batadv_slave_1
[  833.338484][   T13] veth1_macvtap: left promiscuous mode
[  833.346593][   T13] veth0_macvtap: left promiscuous mode
[  833.358332][   T13] veth1_vlan: left promiscuous mode
[  833.366369][   T13] veth0_vlan: left promiscuous mode
[  833.512414][ T1360] ieee802154 phy0 wpan0: encryption failed: -22
[  833.523510][ T1360] ieee802154 phy1 wpan1: encryption failed: -22
[  833.729176][T25273] i2c i2c-0: Invalid block write size 137
[  834.777106][    C1] vkms_vblank_simulate: vblank timer overrun
[  834.999854][   T68] Bluetooth: hci4: command tx timeout
[  835.307166][    C1] vkms_vblank_simulate: vblank timer overrun
[  835.338355][   T13] team0 (unregistering): Port device team_slave_1 removed
[  835.470109][   T13] team0 (unregistering): Port device team_slave_0 removed
[  835.956354][T25290] warn_alloc: 5 callbacks suppressed
[  835.956376][T25290] syz.3.5377: vmalloc error: size 261324800, failed to allocated page array size 510400, mode:0xdc2(GFP_KERNEL|__GFP_HIGHMEM|__GFP_ZERO), nodemask=(null),cpuset=/,mems_allowed=0-1
[  835.995647][T25290] CPU: 0 UID: 0 PID: 25290 Comm: syz.3.5377 Not tainted 6.18.0 #1 PREEMPT(full) 
[  835.995678][T25290] Hardware name: QEMU Standard PC (i440FX + PIIX, 1996), BIOS rel-1.16.3-0-ga6ed6b701f0a-prebuilt.qemu.org 04/01/2014
[  835.995696][T25290] Call Trace:
[  835.995703][T25290]  <TASK>
[  835.995714][T25290]  dump_stack_lvl+0x180/0x1b0
[  835.995751][T25290]  warn_alloc+0x211/0x360
[  835.995855][T25290]  ? __pfx_warn_alloc+0x10/0x10
[  835.995875][T25290]  ? __pfx_alloc_vmap_area+0x10/0x10
[  835.995935][T25290]  ? __get_vm_area_node+0x10c/0x340
[  835.995989][T25290]  ? drm_property_create_blob.part.0+0x34/0x320
[  835.996138][T25290]  ? __vmalloc_node_noprof+0xac/0xf0
[  835.996171][T25290]  __vmalloc_node_range_noprof+0xfaa/0x13b0
[  835.996209][T25290]  ? drm_property_create_blob.part.0+0x34/0x320
[  835.996245][T25290]  ? __pfx___vmalloc_node_range_noprof+0x10/0x10
[  835.996285][T25290]  __kvmalloc_node_noprof+0x41f/0x9d0
[  835.996311][T25290]  ? drm_property_create_blob.part.0+0x34/0x320
[  835.996341][T25290]  ? drm_property_create_blob.part.0+0x34/0x320
[  835.996375][T25290]  ? drm_property_create_blob.part.0+0x34/0x320
[  835.996401][T25290]  drm_property_create_blob.part.0+0x34/0x320
[  835.996447][T25290]  drm_mode_createblob_ioctl+0x139/0x490
[  835.996480][T25290]  drm_ioctl_kernel+0x1ed/0x3e0
[  835.996514][T25290]  ? __pfx_drm_mode_createblob_ioctl+0x10/0x10
[  835.996542][T25290]  ? __pfx_drm_ioctl_kernel+0x10/0x10
[  835.996569][T25290]  drm_ioctl+0x574/0xb90
[  835.996591][T25290]  ? __pfx_drm_mode_createblob_ioctl+0x10/0x10
[  835.996621][T25290]  ? __pfx_drm_ioctl+0x10/0x10
[  835.996641][T25290]  ? hook_file_ioctl_common+0x146/0x3f0
[  835.996678][T25290]  ? __fget_files+0x1fb/0x3b0
[  835.996704][T25290]  ? __pfx_drm_ioctl+0x10/0x10
[  835.996725][T25290]  __x64_sys_ioctl+0x18f/0x210
[  835.996747][T25290]  do_syscall_64+0xcb/0xfa0
[  835.996780][T25290]  entry_SYSCALL_64_after_hwframe+0x77/0x7f
[  835.996801][T25290] RIP: 0033:0x7fb9b99b059d
[  835.996864][T25290] Code: 02 b8 ff ff ff ff c3 66 0f 1f 44 00 00 f3 0f 1e fa 48 89 f8 48 89 f7 48 89 d6 48 89 ca 4d 89 c2 4d 89 c8 4c 8b 4c 24 08 0f 05 <48> 3d 01 f0 ff ff 73 01 c3 48 c7 c1 a8 ff ff ff f7 d8 64 89 01 48
[  835.996882][T25290] RSP: 002b:00007fb9ba926f98 EFLAGS: 00000246 ORIG_RAX: 0000000000000010
[  835.996903][T25290] RAX: ffffffffffffffda RBX: 00007fb9b9c25fa0 RCX: 00007fb9b99b059d
[  835.996916][T25290] RDX: 0000200000000100 RSI: 00000000c01064bd RDI: 0000000000000009
[  835.996967][T25290] RBP: 00007fb9b9a4e078 R08: 0000000000000000 R09: 0000000000000000
[  835.996978][T25290] R10: 0000000000000000 R11: 0000000000000246 R12: 0000000000000000
[  835.996988][T25290] R13: 00007fb9b9c26038 R14: 00007fb9b9c25fa0 R15: 00007fb9ba907000
[  835.997013][T25290]  </TASK>
[  835.997020][T25290] Mem-Info:
[  836.196639][T25290] active_anon:7680 inactive_anon:0 isolated_anon:0
[  836.196639][T25290]  active_file:4279 inactive_file:52227 isolated_file:0
[  836.196639][T25290]  unevictable:2536 dirty:2368 writeback:0
[  836.196639][T25290]  slab_reclaimable:12941 slab_unreclaimable:64379
[  836.196639][T25290]  mapped:28098 shmem:3572 pagetables:1588
[  836.196639][T25290]  sec_pagetables:0 bounce:0
[  836.196639][T25290]  kernel_misc_reclaimable:0
[  836.196639][T25290]  free:474331 free_pcp:11907 free_cma:0
[  836.225350][T25290] Node 0 active_anon:17804kB inactive_anon:0kB active_file:9512kB inactive_file:42400kB unevictable:5072kB isolated(anon):0kB isolated(file):0kB mapped:65028kB dirty:5624kB writeback:0kB shmem:7300kB shmem_thp:0kB shmem_pmdmapped:0kB anon_thp:0kB kernel_stack:4880kB pagetables:3316kB sec_pagetables:0kB all_unreclaimable? no Balloon:0kB
[  836.248383][T25290] Node 1 active_anon:12916kB inactive_anon:0kB active_file:7604kB inactive_file:166508kB unevictable:5072kB isolated(anon):0kB isolated(file):0kB mapped:47364kB dirty:3976kB writeback:0kB shmem:6988kB shmem_thp:0kB shmem_pmdmapped:0kB anon_thp:0kB kernel_stack:7440kB pagetables:3036kB sec_pagetables:0kB all_unreclaimable? no Balloon:0kB
[  836.266874][T25290] Node 0 DMA free:15336kB boost:0kB min:452kB low:564kB high:676kB reserved_highatomic:0KB free_highatomic:0KB active_anon:0kB inactive_anon:0kB active_file:0kB inactive_file:0kB unevictable:0kB writepending:0kB zspages:0kB present:15992kB managed:15360kB mlocked:0kB bounce:0kB free_pcp:24kB local_pcp:12kB free_cma:0kB
[  836.283757][T25290] lowmem_reserve[]: 0 1176 1176 1176 1176
[  836.287738][T25290] Node 0 DMA32 free:650148kB boost:0kB min:34836kB low:43544kB high:52252kB reserved_highatomic:0KB free_highatomic:0KB active_anon:17804kB inactive_anon:0kB active_file:9512kB inactive_file:42400kB unevictable:5072kB writepending:6136kB zspages:0kB present:2080772kB managed:1204832kB mlocked:0kB bounce:0kB free_pcp:13656kB local_pcp:1704kB free_cma:0kB
[  836.309016][T25290] lowmem_reserve[]: 0 0 0 0 0
[  836.311908][T25290] Node 1 DMA32 free:966056kB boost:0kB min:29136kB low:36420kB high:43704kB reserved_highatomic:0KB free_highatomic:0KB active_anon:4kB inactive_anon:0kB active_file:0kB inactive_file:20kB unevictable:0kB writepending:0kB zspages:0kB present:1048444kB managed:982908kB mlocked:0kB bounce:0kB free_pcp:16756kB local_pcp:2108kB free_cma:0kB
[  836.344969][T25290] lowmem_reserve[]: 0 0 846 846 846
[  836.347378][T25290] Node 1 Normal free:265984kB boost:0kB min:25680kB low:32100kB high:38520kB reserved_highatomic:0KB free_highatomic:0KB active_anon:13012kB inactive_anon:0kB active_file:7604kB inactive_file:166488kB unevictable:5072kB writepending:3976kB zspages:0kB present:1048576kB managed:866440kB mlocked:0kB bounce:0kB free_pcp:17020kB local_pcp:40kB free_cma:0kB
[  836.385379][T25290] lowmem_reserve[]: 0 0 0 0 0
[  836.390907][T25290] Node 0 DMA: 2*4kB (U) 0*8kB 2*16kB (U) 2*32kB (U) 2*64kB (U) 2*128kB (U) 2*256kB (U) 2*512kB (U) 3*1024kB (U) 3*2048kB (U) 1*4096kB (U) = 15336kB
[  836.399366][T25290] Node 0 DMA32: 51*4kB (UME) 9*8kB (UME) 3*16kB (UM) 99*32kB (UME) 718*64kB (UME) 389*128kB (UE) 388*256kB (UM) 240*512kB (U) 181*1024kB (UME) 36*2048kB (U) 17*4096kB (U) = 650148kB
[  836.407795][T25290] Node 1 DMA32: 12*4kB (UME) 19*8kB (UME) 14*16kB (UME) 12*32kB (UME) 14*64kB (UME) 12*128kB (UE) 13*256kB (UME) 8*512kB (UME) 11*1024kB (UME) 11*2048kB (UME) 225*4096kB (UM) = 966056kB
[  836.417767][T25290] Node 1 Normal: 2301*4kB (UME) 798*8kB (UME) 477*16kB (UM) 597*32kB (UME) 390*64kB (UME) 239*128kB (UME) 195*256kB (UE) 117*512kB (UME) 51*1024kB (U) 3*2048kB (U) 0*4096kB = 266068kB
[  836.430222][T25290] Node 0 hugepages_total=2 hugepages_free=2 hugepages_surp=0 hugepages_size=2048kB
[  836.435712][T25290] Node 1 hugepages_total=2 hugepages_free=2 hugepages_surp=0 hugepages_size=2048kB
[  836.441357][T25290] 60083 total pagecache pages
[  836.444386][T25290] 0 pages in swap cache
[  836.447341][T25290] Free swap  = 124996kB
[  836.449552][T25290] Total swap = 124996kB
[  836.451394][T25290] 1048446 pages RAM
[  836.453060][T25290] 0 pages HighMem/MovableOnly
[  836.455210][T25290] 281061 pages reserved
[  836.460485][T25290] 0 pages cma reserved
[  836.932231][T25353] i2c i2c-0: Invalid block write size 137
[  837.126752][T25387] i2c i2c-0: Invalid block write size 137
[  837.260968][T25396] i2c i2c-0: Invalid block write size 34
[  837.528125][T25414] i2c i2c-0: Invalid block write size 137
[  837.964925][T25443] FAULT_INJECTION: forcing a failure.
[  837.964925][T25443] name failslab, interval 1, probability 0, space 0, times 0
[  837.978107][T25443] CPU: 3 UID: 0 PID: 25443 Comm: syz.2.5418 Not tainted 6.18.0 #1 PREEMPT(full) 
[  837.978130][T25443] Hardware name: QEMU Standard PC (i440FX + PIIX, 1996), BIOS rel-1.16.3-0-ga6ed6b701f0a-prebuilt.qemu.org 04/01/2014
[  837.978141][T25443] Call Trace:
[  837.978148][T25443]  <TASK>
[  837.978155][T25443]  dump_stack_lvl+0x180/0x1b0
[  837.978189][T25443]  should_fail_ex+0x520/0x650
[  837.978213][T25443]  ? tomoyo_realpath_from_path+0xc3/0x600
[  837.978237][T25443]  should_failslab+0xc2/0x120
[  837.978298][T25443]  __kmalloc_noprof+0xdc/0x8c0
[  837.978316][T25443]  ? kfree+0x3b1/0x6c0
[  837.978336][T25443]  ? tomoyo_realpath_from_path+0xc3/0x600
[  837.978358][T25443]  tomoyo_realpath_from_path+0xc3/0x600
[  837.978384][T25443]  ? tomoyo_profile+0x46/0x60
[  837.978412][T25443]  tomoyo_path_number_perm+0x221/0x550
[  837.978445][T25443]  ? tomoyo_path_number_perm+0x213/0x550
[  837.978467][T25443]  ? __pfx_tomoyo_path_number_perm+0x10/0x10
[  837.978488][T25443]  ? proc_fail_nth_write+0x97/0x220
[  837.978536][T25443]  ? hook_file_ioctl_common+0x146/0x3f0
[  837.978554][T25443]  ? __fget_files+0x1f1/0x3b0
[  837.978577][T25443]  ? __fget_files+0x1fb/0x3b0
[  837.978600][T25443]  security_file_ioctl+0x9f/0x260
[  837.978622][T25443]  __x64_sys_ioctl+0xb7/0x210
[  837.978640][T25443]  do_syscall_64+0xcb/0xfa0
[  837.978667][T25443]  entry_SYSCALL_64_after_hwframe+0x77/0x7f
[  837.978685][T25443] RIP: 0033:0x7facda9b059d
[  837.978700][T25443] Code: 02 b8 ff ff ff ff c3 66 0f 1f 44 00 00 f3 0f 1e fa 48 89 f8 48 89 f7 48 89 d6 48 89 ca 4d 89 c2 4d 89 c8 4c 8b 4c 24 08 0f 05 <48> 3d 01 f0 ff ff 73 01 c3 48 c7 c1 a8 ff ff ff f7 d8 64 89 01 48
[  837.978716][T25443] RSP: 002b:00007facdb867f98 EFLAGS: 00000246 ORIG_RAX: 0000000000000010
[  837.978733][T25443] RAX: ffffffffffffffda RBX: 00007facdac25fa0 RCX: 00007facda9b059d
[  837.978744][T25443] RDX: 0000200000000780 RSI: 0000000000000720 RDI: 0000000000000003
[  837.978754][T25443] RBP: 00007facdb868010 R08: 0000000000000000 R09: 0000000000000000
[  837.978764][T25443] R10: 0000000000000000 R11: 0000000000000246 R12: 0000000000000001
[  837.978773][T25443] R13: 00007facdac26038 R14: 00007facdac25fa0 R15: 00007facdb848000
[  837.978797][T25443]  </TASK>
[  837.978804][T25443] ERROR: Out of memory at tomoyo_realpath_from_path.
[  838.172829][T24755] netdevsim netdevsim1 netdevsim0: renamed from eth0
[  838.318222][T24755] netdevsim netdevsim1 netdevsim1: renamed from eth1
[  838.355156][T24755] netdevsim netdevsim1 netdevsim2: renamed from eth2
[  838.375875][T24755] netdevsim netdevsim1 netdevsim3: renamed from eth3
[  838.488887][T25485] i2c i2c-0: Invalid block write size 137
[  838.585393][T25491] i2c i2c-0: Invalid block write size 137
[  838.660080][    C1] vkms_vblank_simulate: vblank timer overrun
[  838.661172][T24755] 8021q: adding VLAN 0 to HW filter on device bond0
[  838.746141][T24755] 8021q: adding VLAN 0 to HW filter on device team0
[  838.787353][T17643] bridge0: port 1(bridge_slave_0) entered blocking state
[  838.795760][T17643] bridge0: port 1(bridge_slave_0) entered forwarding state
[  838.809408][T17643] bridge0: port 2(bridge_slave_1) entered blocking state
[  838.812581][T17643] bridge0: port 2(bridge_slave_1) entered forwarding state
[  839.000818][T25507] i2c i2c-0: Invalid block write size 137
[  839.244870][    C1] vkms_vblank_simulate: vblank timer overrun
[  839.330968][    C1] vkms_vblank_simulate: vblank timer overrun
[  839.337673][T24755] 8021q: adding VLAN 0 to HW filter on device batadv0
[  839.414888][T25522] i2c i2c-0: Invalid block write size 137
[  839.480769][T24755] veth0_vlan: entered promiscuous mode
[  839.520627][T24755] veth1_vlan: entered promiscuous mode
[  839.603813][T24755] veth0_macvtap: entered promiscuous mode
[  839.698425][T24755] veth1_macvtap: entered promiscuous mode
[  839.760188][    C1] vkms_vblank_simulate: vblank timer overrun
[  839.777582][T24755] batman_adv: batadv0: Interface activated: batadv_slave_0
[  839.794494][T24755] batman_adv: batadv0: Interface activated: batadv_slave_1
[  839.834113][T24528] netdevsim netdevsim1 netdevsim0: set [1, 0] type 2 family 0 port 6081 - 0
[  839.872840][T24528] netdevsim netdevsim1 netdevsim1: set [1, 0] type 2 family 0 port 6081 - 0
[  839.893924][    C1] vkms_vblank_simulate: vblank timer overrun
[  839.918022][T24528] netdevsim netdevsim1 netdevsim2: set [1, 0] type 2 family 0 port 6081 - 0
[  839.932296][T24528] netdevsim netdevsim1 netdevsim3: set [1, 0] type 2 family 0 port 6081 - 0
[  840.188409][T25112] wlan0: Created IBSS using preconfigured BSSID 50:50:50:50:50:50
[  840.232180][T25545] i2c i2c-0: Invalid block write size 137
[  840.237365][T25112] wlan0: Creating new IBSS network, BSSID 50:50:50:50:50:50
[  840.339898][ T3581] wlan1: Created IBSS using preconfigured BSSID 50:50:50:50:50:50
[  840.347807][ T3581] wlan1: Creating new IBSS network, BSSID 50:50:50:50:50:50
[  841.452956][T25565] i2c i2c-0: Invalid block write size 137
[  841.629945][T24342] Bluetooth: hci1: unexpected cc 0x0c03 length: 249 > 1
[  841.647328][T24342] Bluetooth: hci1: unexpected cc 0x1003 length: 249 > 9
[  841.657675][T24342] Bluetooth: hci1: unexpected cc 0x1001 length: 249 > 9
[  841.676769][T24342] Bluetooth: hci1: unexpected cc 0x0c23 length: 249 > 4
[  841.710270][T24342] Bluetooth: hci1: unexpected cc 0x0c38 length: 249 > 2
[  841.712128][T25576] i2c i2c-0: Invalid block write size 137
[  841.886134][   T13] netdevsim netdevsim2 netdevsim3 (unregistering): unset [1, 0] type 2 family 0 port 6081 - 0
[  842.157574][   T13] netdevsim netdevsim2 netdevsim2 (unregistering): unset [1, 0] type 2 family 0 port 6081 - 0
[  842.230511][T25608] i2c i2c-0: Invalid block write size 137
[  842.366097][T25618] i2c i2c-0: Invalid block write size 137
[  842.404265][   T13] netdevsim netdevsim2 netdevsim1 (unregistering): unset [1, 0] type 2 family 0 port 6081 - 0
[  842.552668][   T13] netdevsim netdevsim2 netdevsim0 (unregistering): unset [1, 0] type 2 family 0 port 6081 - 0
[  842.738749][T25652] FAULT_INJECTION: forcing a failure.
[  842.738749][T25652] name fail_usercopy, interval 1, probability 0, space 0, times 0
[  842.754423][T25652] CPU: 3 UID: 0 PID: 25652 Comm: syz.0.5474 Not tainted 6.18.0 #1 PREEMPT(full) 
[  842.754450][T25652] Hardware name: QEMU Standard PC (i440FX + PIIX, 1996), BIOS rel-1.16.3-0-ga6ed6b701f0a-prebuilt.qemu.org 04/01/2014
[  842.754461][T25652] Call Trace:
[  842.754467][T25652]  <TASK>
[  842.754474][T25652]  dump_stack_lvl+0x180/0x1b0
[  842.754503][T25652]  should_fail_ex+0x520/0x650
[  842.754523][T25652]  _copy_to_user+0x32/0xd0
[  842.754542][T25652]  simple_read_from_buffer+0xcb/0x180
[  842.754588][T25652]  proc_fail_nth_read+0x18a/0x240
[  842.754607][T25652]  ? __pfx_proc_fail_nth_read+0x10/0x10
[  842.754627][T25652]  ? rw_verify_area+0xcf/0x6e0
[  842.754652][T25652]  ? __pfx_proc_fail_nth_read+0x10/0x10
[  842.754670][T25652]  vfs_read+0x1e6/0xc70
[  842.754723][T25652]  ? __pfx___mutex_lock+0x10/0x10
[  842.754738][T25652]  ? __pfx_vfs_read+0x10/0x10
[  842.754755][T25652]  ? __fget_files+0x1f1/0x3b0
[  842.754802][T25652]  ? __fget_files+0x1fb/0x3b0
[  842.754825][T25652]  ksys_read+0x121/0x240
[  842.754843][T25652]  ? __pfx_ksys_read+0x10/0x10
[  842.754868][T25652]  do_syscall_64+0xcb/0xfa0
[  842.754892][T25652]  entry_SYSCALL_64_after_hwframe+0x77/0x7f
[  842.754921][T25652] RIP: 0033:0x7f44207aef6c
[  842.754935][T25652] Code: ec 28 48 89 54 24 18 48 89 74 24 10 89 7c 24 08 e8 09 0e 03 00 48 8b 54 24 18 48 8b 74 24 10 41 89 c0 8b 7c 24 08 31 c0 0f 05 <48> 3d 00 f0 ff ff 77 34 44 89 c7 48 89 44 24 08 e8 4f 0e 03 00 48
[  842.754969][T25652] RSP: 002b:00007f4421598f90 EFLAGS: 00000246 ORIG_RAX: 0000000000000000
[  842.754986][T25652] RAX: ffffffffffffffda RBX: 00007f4420a25fa0 RCX: 00007f44207aef6c
[  842.754998][T25652] RDX: 000000000000000f RSI: 00007f4421599020 RDI: 0000000000000004
[  842.755009][T25652] RBP: 00007f4421599010 R08: 0000000000000000 R09: 0000000000000000
[  842.755020][T25652] R10: 0000000000000000 R11: 0000000000000246 R12: 0000000000000001
[  842.755031][T25652] R13: 00007f4420a26038 R14: 00007f4420a25fa0 R15: 00007f4421579000
[  842.755058][T25652]  </TASK>
[  842.905089][T25568] chnl_net:caif_netlink_parms(): no params data found
[  843.106128][    C1] vkms_vblank_simulate: vblank timer overrun
[  843.210125][T25714] i2c i2c-0: Invalid block write size 137
[  843.292130][    C1] vkms_vblank_simulate: vblank timer overrun
[  843.374901][T25734] i2c i2c-0: Invalid block write size 34
[  843.473539][T25568] bridge0: port 1(bridge_slave_0) entered blocking state
[  843.484844][T25568] bridge0: port 1(bridge_slave_0) entered disabled state
[  843.505583][T25568] bridge_slave_0: entered allmulticast mode
[  843.516294][T25568] bridge_slave_0: entered promiscuous mode
[  843.525244][T25568] bridge0: port 2(bridge_slave_1) entered blocking state
[  843.530743][T25568] bridge0: port 2(bridge_slave_1) entered disabled state
[  843.534879][T25568] bridge_slave_1: entered allmulticast mode
[  843.539848][T25568] bridge_slave_1: entered promiscuous mode
[  843.664392][T25568] bond0: (slave bond_slave_0): Enslaving as an active interface with an up link
[  843.688885][    C1] vkms_vblank_simulate: vblank timer overrun
[  843.793814][T25568] bond0: (slave bond_slave_1): Enslaving as an active interface with an up link
[  843.802296][T24342] Bluetooth: hci1: command tx timeout
[  843.960363][   T13] bridge_slave_1: left allmulticast mode
[  843.996696][   T13] bridge_slave_1: left promiscuous mode
[  844.001694][   T13] bridge0: port 2(bridge_slave_1) entered disabled state
[  844.054426][   T13] bridge_slave_0: left allmulticast mode
[  844.067553][   T13] bridge_slave_0: left promiscuous mode
[  844.072708][   T13] bridge0: port 1(bridge_slave_0) entered disabled state
[  844.200024][T25810] i2c i2c-0: Invalid block write size 137
[  844.403770][T25822] i2c i2c-0: Invalid block write size 137
[  844.815017][T25844] i2c i2c-0: Invalid block write size 137
[  845.022614][T25850] i2c i2c-0: Invalid block write size 137
[  845.151799][T25854] i2c i2c-0: Invalid block write size 137
[  845.339422][   T13] bond0 (unregistering): (slave bond_slave_0): Releasing backup interface
[  845.412468][   T13] bond0 (unregistering): (slave bond_slave_1): Releasing backup interface
[  845.452157][   T13] bond0 (unregistering): Released all slaves
[  845.526818][T25568] team0: Port device team_slave_0 added
[  845.546811][T25568] team0: Port device team_slave_1 added
[  845.760368][T25895] i2c i2c-0: Invalid block write size 137
[  845.829855][T25568] batman_adv: batadv0: Adding interface: batadv_slave_0
[  845.840165][T25568] batman_adv: batadv0: The MTU of interface batadv_slave_0 is too small (1500) to handle the transport of batman-adv packets. Packets going over this interface will be fragmented on layer2 which could impact the performance. Setting the MTU to 1532 would solve the problem.
[  845.886080][T24342] Bluetooth: hci1: command tx timeout
[  845.937845][T25568] batman_adv: batadv0: Not using interface batadv_slave_0 (retrying later): interface not active
[  845.967435][T25568] batman_adv: batadv0: Adding interface: batadv_slave_1
[  845.970803][T25568] batman_adv: batadv0: The MTU of interface batadv_slave_1 is too small (1500) to handle the transport of batman-adv packets. Packets going over this interface will be fragmented on layer2 which could impact the performance. Setting the MTU to 1532 would solve the problem.
[  846.016575][T25568] batman_adv: batadv0: Not using interface batadv_slave_1 (retrying later): interface not active
[  846.312118][    C1] vkms_vblank_simulate: vblank timer overrun
[  846.632282][T25947] i2c i2c-0: Invalid block write size 137
[  846.732195][T25568] hsr_slave_0: entered promiscuous mode
[  846.750054][T25568] hsr_slave_1: entered promiscuous mode
[  846.878184][T25833] warn_alloc: 2 callbacks suppressed
[  846.878209][T25833] syz.0.5500: vmalloc error: size 3551232, failed to allocated page array size 6936, mode:0xdc2(GFP_KERNEL|__GFP_HIGHMEM|__GFP_ZERO), nodemask=(null),cpuset=/,mems_allowed=0-1
[  846.911384][T25833] CPU: 3 UID: 0 PID: 25833 Comm: syz.0.5500 Not tainted 6.18.0 #1 PREEMPT(full) 
[  846.911422][T25833] Hardware name: QEMU Standard PC (i440FX + PIIX, 1996), BIOS rel-1.16.3-0-ga6ed6b701f0a-prebuilt.qemu.org 04/01/2014
[  846.911433][T25833] Call Trace:
[  846.911440][T25833]  <TASK>
[  846.911447][T25833]  dump_stack_lvl+0x180/0x1b0
[  846.911481][T25833]  warn_alloc+0x211/0x360
[  846.911504][T25833]  ? __pfx_warn_alloc+0x10/0x10
[  846.911521][T25833]  ? rcu_is_watching+0x12/0xc0
[  846.911646][T25833]  ? __pfx_alloc_vmap_area+0x10/0x10
[  846.911672][T25833]  ? __get_vm_area_node+0x10c/0x340
[  846.911704][T25833]  ? drm_property_create_blob.part.0+0x34/0x320
[  846.911731][T25833]  ? __vmalloc_node_noprof+0xac/0xf0
[  846.911762][T25833]  __vmalloc_node_range_noprof+0xfaa/0x13b0
[  846.911794][T25833]  ? alloc_vmap_area+0x55c/0x2860
[  846.911857][T25833]  ? drm_property_create_blob.part.0+0x34/0x320
[  846.911892][T25833]  ? __pfx___vmalloc_node_range_noprof+0x10/0x10
[  846.911932][T25833]  ? __pfx_alloc_vmap_area+0x10/0x10
[  846.911955][T25833]  ? stack_trace_save+0x8e/0xc0
[  846.912020][T25833]  ? __get_vm_area_node+0x10c/0x340
[  846.912049][T25833]  ? drm_property_create_blob.part.0+0x34/0x320
[  846.912123][T25833]  __vmalloc_node_noprof+0xac/0xf0
[  846.912151][T25833]  ? drm_property_create_blob.part.0+0x34/0x320
[  846.912179][T25833]  __vmalloc_node_range_noprof+0x40d/0x13b0
[  846.912207][T25833]  ? do_raw_spin_lock+0x12b/0x2b0
[  846.912233][T25833]  ? drm_property_create_blob.part.0+0x34/0x320
[  846.912268][T25833]  ? __pfx___vmalloc_node_range_noprof+0x10/0x10
[  846.912306][T25833]  __kvmalloc_node_noprof+0x41f/0x9d0
[  846.912330][T25833]  ? drm_property_create_blob.part.0+0x34/0x320
[  846.912359][T25833]  ? drm_property_create_blob.part.0+0x34/0x320
[  846.912391][T25833]  ? drm_property_create_blob.part.0+0x34/0x320
[  846.912430][T25833]  drm_property_create_blob.part.0+0x34/0x320
[  846.912461][T25833]  drm_mode_createblob_ioctl+0x139/0x490
[  846.912515][T25833]  drm_ioctl_kernel+0x1ed/0x3e0
[  846.912534][T25833]  ? __pfx_drm_mode_createblob_ioctl+0x10/0x10
[  846.912561][T25833]  ? __pfx_drm_ioctl_kernel+0x10/0x10
[  846.912588][T25833]  drm_ioctl+0x574/0xb90
[  846.912608][T25833]  ? __pfx_drm_mode_createblob_ioctl+0x10/0x10
[  846.912637][T25833]  ? __pfx_drm_ioctl+0x10/0x10
[  846.912656][T25833]  ? hook_file_ioctl_common+0x146/0x3f0
[  846.912688][T25833]  ? __fget_files+0x1fb/0x3b0
[  846.912714][T25833]  ? __pfx_drm_ioctl+0x10/0x10
[  846.912734][T25833]  __x64_sys_ioctl+0x18f/0x210
[  846.912754][T25833]  do_syscall_64+0xcb/0xfa0
[  846.912786][T25833]  entry_SYSCALL_64_after_hwframe+0x77/0x7f
[  846.912806][T25833] RIP: 0033:0x7f44207b059d
[  846.912824][T25833] Code: 02 b8 ff ff ff ff c3 66 0f 1f 44 00 00 f3 0f 1e fa 48 89 f8 48 89 f7 48 89 d6 48 89 ca 4d 89 c2 4d 89 c8 4c 8b 4c 24 08 0f 05 <48> 3d 01 f0 ff ff 73 01 c3 48 c7 c1 a8 ff ff ff f7 d8 64 89 01 48
[  846.912843][T25833] RSP: 002b:00007f4421598f98 EFLAGS: 00000246 ORIG_RAX: 0000000000000010
[  846.912862][T25833] RAX: ffffffffffffffda RBX: 00007f4420a25fa0 RCX: 00007f44207b059d
[  846.912875][T25833] RDX: 0000200000000000 RSI: 00000000c01064bd RDI: 0000000000000003
[  846.912887][T25833] RBP: 00007f442084e078 R08: 0000000000000000 R09: 0000000000000000
[  846.912897][T25833] R10: 0000000000000000 R11: 0000000000000246 R12: 0000000000000000
[  846.912972][T25833] R13: 00007f4420a26038 R14: 00007f4420a25fa0 R15: 00007f4421579000
[  846.912999][T25833]  </TASK>
[  846.913007][T25833] Mem-Info:
[  847.034121][    C1] vkms_vblank_simulate: vblank timer overrun
[  847.065163][T25833] active_anon:7689 inactive_anon:0 isolated_anon:0
[  847.065163][T25833]  active_file:4280 inactive_file:52255 isolated_file:0
[  847.065163][T25833]  unevictable:2536 dirty:2516 writeback:0
[  847.065163][T25833]  slab_reclaimable:13008 slab_unreclaimable:64493
[  847.065163][T25833]  mapped:28143 shmem:3575 pagetables:1796
[  847.065163][T25833]  sec_pagetables:0 bounce:0
[  847.065163][T25833]  kernel_misc_reclaimable:0
[  847.065163][T25833]  free:424073 free_pcp:14155 free_cma:0
[  847.067597][    C1] vkms_vblank_simulate: vblank timer overrun
[  847.071817][T25833] Node 0 active_anon:15384kB inactive_anon:0kB active_file:9492kB inactive_file:42420kB unevictable:5072kB isolated(anon):0kB isolated(file):0kB mapped:50208kB dirty:6064kB writeback:0kB shmem:7288kB shmem_thp:0kB shmem_pmdmapped:0kB anon_thp:0kB kernel_stack:5104kB pagetables:3608kB sec_pagetables:0kB all_unreclaimable? no Balloon:0kB
