last executing test programs:

9.800136334s ago: executing program 0 (id=2719):
r0 = syz_open_dev$dri(&(0x7f00000001c0), 0xa8c, 0x0)
syz_open_dev$dri(&(0x7f0000000000), 0xa, 0x1) (async, rerun: 64)
ioctl$DRM_IOCTL_GET_UNIQUE(r0, 0xc0106401, &(0x7f0000000740)={0x0, 0x0}) (async, rerun: 64)
r1 = syz_open_dev$dri(&(0x7f0000000000), 0x2, 0x1)
ioctl$DRM_IOCTL_MODE_CREATE_DUMB(r1, 0xc02064b2, &(0x7f0000000180)={0xc5a5, 0x0, 0x1})
ioctl$DRM_IOCTL_MODE_OBJ_GETPROPERTIES(r0, 0x4020940d, 0x0)

9.360186414s ago: executing program 0 (id=2723):
r0 = syz_open_dev$dri(&(0x7f0000000000), 0x2000000000000000, 0x0)
ioctl$DRM_IOCTL_MODE_CREATE_DUMB(r0, 0xc02064b2, &(0x7f0000000700)={0xf0d, 0x3cfe, 0x3})
r1 = syz_open_dev$dri(&(0x7f0000000000), 0x2, 0x109000)
ioctl$DRM_IOCTL_RES_CTX(r0, 0xc0106426, &(0x7f0000000080)={0x1, &(0x7f0000000040)=[{<r2=>0x0}]})
ioctl$DRM_IOCTL_GET_CTX(r1, 0xc0086423, &(0x7f00000000c0)={r2, 0x2})
r3 = syz_open_dev$dri(&(0x7f0000000000), 0x1, 0x2000)
r4 = syz_open_dev$dri(&(0x7f0000000000), 0x1, 0x2000)
ioctl$DRM_IOCTL_MODE_GETRESOURCES(r4, 0xc04064a0, &(0x7f0000000340)={0x0, &(0x7f0000000280)=[<r5=>0x0], 0x0, 0x0, 0x0, 0x1})
ioctl$DRM_IOCTL_MODE_GETCRTC(r3, 0xc06864a1, &(0x7f0000000440)={0x0, 0x0, r5, <r6=>0x0})
ioctl$DRM_IOCTL_MODE_GETFB2(r3, 0xc06864ce, &(0x7f0000000040)={r6, 0x7, 0x5, 0xfffffff8, 0x3, [<r7=>0x0], [0x2, 0xbc01, 0xf, 0x8001], [0x7fff, 0xf, 0x4, 0x5], [0x9, 0x30, 0xfffffffffffffff9]})
ioctl$DRM_IOCTL_GEM_FLINK(0xffffffffffffffff, 0xc008640a, &(0x7f00000000c0)={r7})
r8 = syz_open_dev$dri(&(0x7f0000000700), 0x2, 0x101800)
ioctl$DRM_IOCTL_MODE_CREATE_DUMB(r8, 0xc02064b2, &(0x7f0000000000)={0x400, 0x38, 0x967})
r9 = syz_open_dev$dri(&(0x7f0000000000), 0x1, 0x2000)
r10 = syz_open_dev$dri(&(0x7f0000000000), 0x1, 0x2000)
ioctl$DRM_IOCTL_MODE_GETRESOURCES(r10, 0xc04064a0, &(0x7f0000000340)={0x0, &(0x7f0000000280)=[<r11=>0x0], 0x0, 0x0, 0x0, 0x1})
ioctl$DRM_IOCTL_MODE_GETCRTC(r9, 0xc06864a1, &(0x7f0000000440)={0x0, 0x0, r11, <r12=>0x0})
ioctl$DRM_IOCTL_MODE_GETFB2(r9, 0xc06864ce, &(0x7f0000000040)={r12, 0x7, 0x5, 0xfffffff8, 0x3, [<r13=>0x0], [0x2, 0xbc01, 0xf, 0x8001], [0x7fff, 0x5, 0x4, 0x8], [0x9, 0x30, 0xfffffffffffffff9]})
ioctl$DRM_IOCTL_PRIME_HANDLE_TO_FD(r8, 0xc00c642d, &(0x7f0000000080)={r13})
r14 = openat$drirender128(0xffffffffffffff9c, &(0x7f0000000b80), 0x800, 0x0)
r15 = syz_open_dev$dri(&(0x7f0000000000), 0x2b2c, 0x80002)
ioctl$DRM_IOCTL_MODE_CREATE_DUMB(r15, 0xc02064b2, &(0x7f0000000a00)={0xfffffffa, 0x1, 0x7})
r16 = syz_open_dev$dri(&(0x7f0000000000), 0x50dd, 0x0)
ioctl$DRM_IOCTL_MODE_GETRESOURCES(r15, 0xc04064a0, &(0x7f0000000180)={&(0x7f0000000040)=[<r17=>0x0, 0x0], &(0x7f0000000080)=[0x0, 0x0, 0x0, 0x0, 0x0, 0x0], &(0x7f00000000c0)=[0x0], &(0x7f0000000100)=[0x0], 0x2, 0x6, 0x1, 0x1})
ioctl$DRM_IOCTL_MODE_GETFB2(r16, 0xc06864ce, &(0x7f0000000400)={0x0, 0x7, 0x8, 0x7, 0x0, [<r18=>0x0], [0x3, 0x6, 0x8, 0xcf4], [0x1, 0x6, 0x400f, 0x3], [0xf, 0xe, 0xcd, 0x6]})
ioctl$DRM_IOCTL_PRIME_FD_TO_HANDLE(r14, 0xc00c642e, &(0x7f00000002c0)={<r19=>0x0, 0x0, r14})
ioctl$DRM_IOCTL_MODE_GETFB2(r16, 0xc06864ce, &(0x7f0000000300)={r17, 0x6, 0xf4f, 0x1, 0x3, [0x0, 0x0, 0x0, <r20=>0x0], [0x1b2, 0x6, 0x7, 0x4], [0x6, 0x80000009, 0x6, 0x7], [0x6, 0x2, 0x3f, 0x40000000ad]})
ioctl$DRM_IOCTL_MODE_ADDFB2(r16, 0xc06864b8, &(0x7f0000000380)={r17, 0x6e, 0x8, 0x3, 0x1, [0x0, r18, r19, r20], [0x8, 0x4, 0x84, 0x1], [0x101, 0x5, 0x800, 0xb], [0x0, 0x9, 0x7, 0x3]})
ioctl$DRM_IOCTL_MODE_ADDFB2(0xffffffffffffffff, 0xc06864b8, &(0x7f00000001c0)={0x0, 0x32800000, 0x8, 0x9, 0x3, [0x0, r7, r13, r19], [0xffffffff, 0x6, 0x1, 0x8], [0x7, 0xfffffffe, 0x3], [0x8000000000000001, 0x8, 0x6, 0x2]})
ioctl$DRM_IOCTL_MODE_CREATE_DUMB(r1, 0xc02064b2, &(0x7f0000000300)={0x1, 0x7, 0x4})

7.67534061s ago: executing program 0 (id=2733):
r0 = syz_open_dev$dri(&(0x7f0000000a00), 0x1ff, 0x0)
r1 = syz_open_dev$dri(&(0x7f0000001cc0), 0x0, 0x1)
ioctl$DRM_IOCTL_MODE_CREATE_DUMB(r1, 0xc02064b2, &(0x7f0000000040)={0x81, 0x3f0, 0x5})
r2 = syz_open_dev$dri(&(0x7f0000000340), 0xfaa, 0x800)
ioctl$DRM_IOCTL_SET_VERSION(r2, 0xc0106407, &(0x7f0000000100)={0x1, 0x2, 0x5, 0x8})
r3 = syz_open_dev$dri(&(0x7f0000000000), 0x50dd, 0x0)
ioctl$DRM_IOCTL_WAIT_VBLANK(r3, 0xc018643a, &(0x7f0000000cc0)={0x10000000, 0xae1, 0x6})
syz_open_dev$dri(&(0x7f0000000000), 0x0, 0x103000)
ioctl$DRM_IOCTL_MODE_CREATEPROPBLOB(0xffffffffffffffff, 0xc01064bd, &(0x7f0000000800)={0x0, 0x5b})
r4 = syz_open_dev$dri(&(0x7f0000000680), 0x1, 0x100)
ioctl$DRM_IOCTL_DROP_MASTER(0xffffffffffffffff, 0x641f)
r5 = syz_open_dev$dri(&(0x7f0000000000), 0x1, 0x8000)
r6 = syz_open_dev$dri(&(0x7f0000000000), 0x1ff, 0x40540)
ioctl$DRM_IOCTL_MODE_GETRESOURCES(r6, 0xc04064a0, &(0x7f0000000200)={0x0, &(0x7f0000000140)=[<r7=>0x0], 0x0, 0x0, 0x0, 0x1})
ioctl$DRM_IOCTL_MODE_GETGAMMA(r5, 0xc02064a4, &(0x7f00000002c0)={r7, 0x0, 0x0, 0x0, 0x0})
ioctl$DRM_IOCTL_MODE_CREATEPROPBLOB(r4, 0xc01064bd, &(0x7f0000000000)={0x0, 0x46351d016c435ab5})
ioctl$DRM_IOCTL_MODE_SETGAMMA(0xffffffffffffffff, 0xc02064a5, &(0x7f0000000140)={0x0, 0x0, 0x0, 0x0, 0x0})
ioctl$DRM_IOCTL_MARK_BUFS(r3, 0x40206417, 0x0)
r8 = syz_open_dev$dri(&(0x7f0000000000), 0xfffffffffffffffb, 0x200)
ioctl$DRM_IOCTL_MODE_LIST_LESSEES(r8, 0xc01064c7, 0x0)
ioctl$DRM_IOCTL_AGP_ALLOC(r4, 0xc0206434, &(0x7f0000000040)={0xc, <r9=>0x0})
ioctl$DRM_IOCTL_SG_ALLOC(r3, 0xc0106438, &(0x7f0000000080)={0x8, r9})
r10 = syz_open_dev$dri(&(0x7f0000000000), 0xb, 0x1)
r11 = syz_open_dev$dri(&(0x7f0000000000), 0x1ff, 0xc8940)
ioctl$DRM_IOCTL_MODE_GETRESOURCES(r11, 0xc04064a0, &(0x7f0000000480)={0x0, &(0x7f0000000140)=[<r12=>0x0], 0x0, 0x0, 0x0, 0x1})
ioctl$DRM_IOCTL_MODE_GETCRTC(r11, 0xc06864a1, &(0x7f0000000080)={0x0, 0x0, r12, <r13=>0x0})
ioctl$DRM_IOCTL_MODE_DIRTYFB(r10, 0xc01864b1, &(0x7f00000001c0)={r13, 0x3, 0xd58c, 0x8, &(0x7f0000000300)=[{0x0, 0x5, 0x4f, 0xfd41}, {0x1, 0x1, 0x2, 0xc}, {0x6, 0x5, 0xffff, 0x8}, {0x3, 0x8, 0x1ff, 0x7fff}, {0x302, 0x7, 0x7, 0x2}, {0x6, 0x200, 0x5, 0x9}, {0x82ac, 0x64a9, 0x8, 0x385}, {0xfff, 0x8, 0x401, 0x9}]})
ioctl$DRM_IOCTL_SYNCOBJ_FD_TO_HANDLE_FD(0xffffffffffffffff, 0xc01864c2, &(0x7f0000000240)={<r14=>0x0})
ioctl$DRM_IOCTL_SYNCOBJ_TIMELINE_SIGNAL(0xffffffffffffffff, 0xc01864cd, &(0x7f0000000380)={&(0x7f0000000300)=[0x0, 0x0, 0x0, 0x0, 0x0, 0x0, 0x0, 0x0, 0x0, r14], &(0x7f0000000340), 0xa})
ioctl$DRM_IOCTL_MODE_GET_LEASE(r0, 0xc01064c8, &(0x7f00000000c0)={0x0, 0x0, &(0x7f0000000080)})

4.089407617s ago: executing program 3 (id=2767):
r0 = syz_open_dev$dri(&(0x7f0000000000), 0x1ff, 0x400)
r1 = syz_open_dev$dri(&(0x7f0000000000), 0x1, 0x8000)
ioctl$DRM_IOCTL_MODE_CREATE_DUMB(r1, 0xc02064b2, &(0x7f0000000080)={0x8, 0x4, 0x10000, 0x0, <r2=>0x0})
ioctl$DRM_IOCTL_MODE_DESTROY_DUMB(r1, 0xc00464b4, &(0x7f0000000780)={r2}) (async)
r3 = syz_open_dev$dri(&(0x7f00000005c0), 0x1, 0x0) (async)
r4 = openat$drirender128(0xffffffffffffff9c, &(0x7f0000000a00), 0x2000, 0x0)
ioctl$DRM_IOCTL_SYNCOBJ_TRANSFER(r4, 0xc02064cc, &(0x7f0000001000)={0x0, 0x0, 0x0, 0x9, 0x2}) (async)
ioctl$DRM_IOCTL_MODE_GETRESOURCES(r3, 0xc04064a0, &(0x7f0000000340)={0x0, 0x0, &(0x7f0000000380)=[<r5=>0x0], 0x0, 0x0, 0x0, 0x1})
ioctl$DRM_IOCTL_MODE_GETCONNECTOR(r3, 0xc05064a7, &(0x7f0000000240)={0x0, 0x0, &(0x7f00000001c0)=[0x0, 0x0, <r6=>0x0], &(0x7f0000000200), 0x0, 0x3, 0x0, 0x0, r5})
ioctl$DRM_IOCTL_MODE_SETPROPERTY(r3, 0xc01064ab, &(0x7f0000000440)={0x1a7ef6ec, r6, r5}) (async, rerun: 64)
ioctl$DRM_IOCTL_MODE_GETRESOURCES(r3, 0xc04064a0, &(0x7f0000000300)={&(0x7f0000000700)=[0x0, 0x0, 0x0, 0x0], &(0x7f00000000c0), &(0x7f0000000100)=[0x0, <r7=>0x0, 0x0, 0x0, 0x0], &(0x7f00000002c0)=[0x0], 0x9, 0x7, 0x40000000000002f5, 0x1}) (async, rerun: 64)
ioctl$DRM_IOCTL_MODE_GETRESOURCES(r0, 0xc04064a0, &(0x7f00000004c0)={&(0x7f00000003c0)=[0x0, 0x0, 0x0, 0x0, 0x0, 0x0, 0x0, 0x0, 0x0], &(0x7f0000000400)=[0x0, 0x0, <r8=>0x0], &(0x7f0000000440)=[0x0, 0x0, 0x0, 0x0, 0x0], &(0x7f0000000480)=[0x0, 0x0], 0x9, 0x3, 0x5, 0x2}) (async, rerun: 32)
r9 = syz_open_dev$dri(&(0x7f0000000000), 0x1ff, 0x400) (async, rerun: 32)
r10 = syz_open_dev$dri(&(0x7f0000000000), 0x1, 0x2000) (async)
r11 = syz_open_dev$dri(&(0x7f0000000000), 0x1, 0x2000)
ioctl$DRM_IOCTL_MODE_GETRESOURCES(r11, 0xc04064a0, &(0x7f0000000340)={0x0, &(0x7f0000000540)=[0x0, 0x0, 0x0, 0x0, 0x0, 0x0, 0x0, 0x0, 0x0], 0x0, 0x0, 0xfffffffffffffeef, 0x9})
ioctl$DRM_IOCTL_MODE_GETCRTC(r1, 0xc06864a1, &(0x7f0000000440)={0x0, 0x0, 0x0, <r12=>0x0})
ioctl$DRM_IOCTL_MODE_DIRTYFB(r9, 0xc01864b1, &(0x7f0000000080)={r12, 0x2, 0xa, 0x1, &(0x7f0000000040)=[{0xffff, 0x6, 0x4, 0x1}]})
ioctl$DRM_IOCTL_MODE_SETCRTC(0xffffffffffffffff, 0xc06864a2, &(0x7f00000005c0)={&(0x7f0000000380)=[r5, 0x0, 0x0, r7], 0x4, r8, r12, 0x16, 0x4, 0x9, 0xfffffff7, {0x0, 0xff, 0xfff7, 0x6c, 0x8, 0x3, 0xf777, 0x2, 0x8, 0x45, 0x2, 0xfffffff7, 0x3, 0xf8, "d35519df687c80e00b62f3e379e9d221b184a00474e221d96eb5a8f2a2d07cf4"}})
ioctl$DRM_IOCTL_SYNCOBJ_FD_TO_HANDLE_FD(0xffffffffffffffff, 0xc01864c2, &(0x7f0000000480)={<r13=>0x0})
ioctl$DRM_IOCTL_SYNCOBJ_SIGNAL(0xffffffffffffffff, 0xc01064c5, &(0x7f0000000500)={&(0x7f00000004c0)=[0x0, 0x0, 0x0, r13], 0x4}) (async)
ioctl$DRM_IOCTL_SYNCOBJ_CREATE(r4, 0xc00864bf, &(0x7f0000000140)={<r14=>0x0})
ioctl$DRM_IOCTL_SYNCOBJ_CREATE(r0, 0xc00864bf, &(0x7f0000000180)={<r15=>0x0})
ioctl$DRM_IOCTL_SYNCOBJ_CREATE(r0, 0xc00864bf, &(0x7f0000000200)={<r16=>0x0})
ioctl$DRM_IOCTL_SYNCOBJ_WAIT(r10, 0xc02864c3, &(0x7f0000000640)={&(0x7f0000000500)=[0x0, r13, r14, r15, r16], 0x5, 0x5, 0x5})
r17 = syz_open_dev$dri(&(0x7f0000000000), 0x1, 0x2000)
openat$drirender128(0xffffffffffffff9c, &(0x7f0000000b40), 0x880801, 0x0) (async, rerun: 32)
ioctl$DRM_IOCTL_MODE_GETRESOURCES(r17, 0xc04064a0, &(0x7f0000000340)={0x0, &(0x7f0000000280)=[0x0], 0x0, 0x0, 0x0, 0x1}) (async, rerun: 32)
ioctl$DRM_IOCTL_MODE_GETCRTC(0xffffffffffffffff, 0xc06864a1, &(0x7f0000000680)={0x0, 0x0, 0x0, <r18=>0x0})
ioctl$DRM_IOCTL_MODE_DIRTYFB(r0, 0xc01864b1, &(0x7f0000000080)={r18, 0x2, 0xa, 0x200000000000017d, &(0x7f0000000480)})

3.748609493s ago: executing program 3 (id=2768):
r0 = syz_open_dev$dri(&(0x7f0000000000), 0x660, 0x86140)
r1 = syz_open_dev$dri(&(0x7f0000000380), 0x66, 0x8040)
r2 = syz_open_dev$dri(&(0x7f0000000000), 0x1, 0x2000)
r3 = syz_open_dev$I2C(&(0x7f0000002680), 0x0, 0x800)
ioctl$I2C_SMBUS(r3, 0x720, &(0x7f0000002780)={0x0, 0xe1, 0x40000005, 0x0})
ioctl$DRM_IOCTL_MODE_CREATEPROPBLOB(r2, 0xc01064bd, &(0x7f00000002c0)={&(0x7f0000000280)="a207a7c115b5746a8630b3cbc38ac0ebe1eca3a6ca705fc41d99cfee1a894f6408f90c532198f8eedd309210560382d5d2", 0x31, <r4=>0x0})
ioctl$DRM_IOCTL_MODE_DESTROYPROPBLOB(r1, 0xc00464be, &(0x7f0000000300)={r4})
ioctl$DRM_IOCTL_MODE_GETRESOURCES(r2, 0xc04064a0, &(0x7f0000000140)={0x0, 0x0, 0x0, &(0x7f0000000100)=[0x0], 0x0, 0xffffff57, 0x5f, 0x1})
ioctl$DRM_IOCTL_ADD_CTX(r1, 0xc0086420, &(0x7f0000000400)={<r5=>0x0})
r6 = syz_open_dev$dri(&(0x7f0000000000), 0x1, 0x8000)
ioctl$DRM_IOCTL_MODE_CREATE_DUMB(r6, 0xc02064b2, &(0x7f0000000080)={0x8, 0x4, 0x10000, 0x0, <r7=>0x0})
r8 = syz_open_dev$dri(&(0x7f0000000000), 0x1, 0x8000)
ioctl$DRM_IOCTL_MODE_CREATE_DUMB(r8, 0xc02064b2, &(0x7f0000000080)={0x8, 0x4, 0x10000})
ioctl$DRM_IOCTL_MODE_CREATE_DUMB(r8, 0xc02064b2, &(0x7f00000001c0)={0x1, 0x1, 0x7})
ioctl$DRM_IOCTL_MODE_DESTROY_DUMB(r6, 0xc00464b4, &(0x7f0000000780)={r7})
ioctl$DRM_IOCTL_SWITCH_CTX(r1, 0x40086424, &(0x7f0000000440)={r5, 0x3})
ioctl$DRM_IOCTL_MODE_ADDFB(r1, 0xc01c64ae, &(0x7f00000004c0)={0x0, 0x9, 0x7, 0x2, 0x1, 0x0, 0x7f})
r9 = syz_open_dev$dri(&(0x7f0000000580), 0x200, 0x40000)
ioctl$DRM_IOCTL_SET_CLIENT_CAP(r9, 0x4010640d, &(0x7f0000000640)={0x1})
ioctl$DRM_IOCTL_ADD_CTX(r9, 0xc0086420, &(0x7f0000000340))
ioctl$DRM_IOCTL_MODE_SETGAMMA(r0, 0xc02064a5, &(0x7f0000000240)={0x0, 0x4, &(0x7f0000000180)=[0x1, 0x7, 0x2, 0x4], &(0x7f00000001c0)=[0x1, 0xfffe, 0xa000], &(0x7f0000000200)=[0x9, 0x2, 0x8990, 0x1, 0x401, 0x1]})
ioctl$DRM_IOCTL_MARK_BUFS(0xffffffffffffffff, 0x40206417, &(0x7f00000003c0)={0x7, 0x3, 0xe9e, 0x100, 0x12, 0x5})
openat$drirender128(0xffffffffffffff9c, &(0x7f0000000000), 0x440, 0x0)
ioctl$DRM_IOCTL_MODE_CREATE_DUMB(r1, 0xc02064b2, &(0x7f0000000080)={0x6, 0x3, 0x7fff, 0x0, <r10=>0x0})
ioctl$DRM_IOCTL_MODE_DESTROY_DUMB(r1, 0xc00464b4, &(0x7f00000000c0)={r10})

3.744850491s ago: executing program 2 (id=2770):
r0 = syz_open_dev$dri(&(0x7f0000000000), 0x1, 0x2000)
r1 = syz_open_dev$dri(&(0x7f0000000000), 0x1, 0x2000)
ioctl$DRM_IOCTL_MODE_GETRESOURCES(r1, 0xc04064a0, &(0x7f0000000340)={0x0, &(0x7f0000000280)=[<r2=>0x0], 0x0, 0x0, 0x0, 0x1})
ioctl$DRM_IOCTL_MODE_GETCRTC(r0, 0xc06864a1, &(0x7f0000000440)={0x0, 0x0, r2, <r3=>0x0})
ioctl$DRM_IOCTL_MODE_GETFB2(r0, 0xc06864ce, &(0x7f0000000040)={r3, 0x7, 0x4, 0xfffffff8, 0x0, [], [0x4040002, 0xbc01, 0x11, 0x8001], [0x7fff, 0x5, 0x3, 0x8], [0x9, 0x30, 0xfffffffffffffff9]})
r4 = syz_open_dev$dri(&(0x7f0000000000), 0x1, 0x2000)
r5 = syz_open_dev$dri(&(0x7f0000000000), 0x1, 0x2000)
ioctl$DRM_IOCTL_MODE_GETRESOURCES(r5, 0xc04064a0, &(0x7f0000000340)={0x0, &(0x7f0000000280)=[<r6=>0x0], 0x0, 0x0, 0x0, 0x1})
ioctl$DRM_IOCTL_MODE_GETCRTC(r4, 0xc06864a1, &(0x7f0000000440)={0x0, 0x0, r6, <r7=>0x0})
ioctl$DRM_IOCTL_MODE_GETFB2(r4, 0xc06864ce, &(0x7f0000000040)={r7, 0x7, 0x5, 0xfffffff8, 0x3, [<r8=>0x0], [0x5, 0xbc01, 0xf, 0x9], [0x7fff, 0x0, 0x4, 0x8], [0x9, 0x30, 0xfffffffffffffff9, 0x3]})
ioctl$DRM_IOCTL_GEM_CLOSE(r4, 0x40086409, &(0x7f0000000100)={r8})

3.633676197s ago: executing program 1 (id=2771):
r0 = syz_open_dev$dri(&(0x7f0000000000), 0x1, 0x80000)
ioctl$DRM_IOCTL_MODE_GETRESOURCES(r0, 0xc04064a0, &(0x7f0000000180)={&(0x7f0000000080)=[0x0, 0x0, 0x0, 0x0], &(0x7f00000000c0)=[0x0, 0x0, 0x0], &(0x7f0000000100)=[0x0, 0x0], &(0x7f0000000140)=[0x0, 0x0, 0x0, 0x0, 0x0, 0x0], 0x4, 0x3, 0x2, 0x6})
ioctl$DRM_IOCTL_WAIT_VBLANK(r0, 0xc018643a, &(0x7f0000000040)={0x10000001, 0x3, 0x4}) (async, rerun: 64)
syz_open_dev$dri(0xffffffffffffffff, 0x10001, 0x440) (rerun: 64)

3.548562881s ago: executing program 3 (id=2772):
r0 = syz_open_dev$dri(&(0x7f0000000000), 0x2, 0x1)
ioctl$DRM_IOCTL_MODE_CREATE_DUMB(r0, 0x541b, 0x0)
r1 = syz_open_dev$dri(&(0x7f0000000700), 0x2, 0x101800)
ioctl$DRM_IOCTL_GET_CAP(r1, 0xc010640c, &(0x7f0000000740)={0x6})

3.449794003s ago: executing program 2 (id=2773):
r0 = syz_open_dev$I2C(&(0x7f0000000700), 0x0, 0x840000) (async)
r1 = syz_open_dev$dri(&(0x7f0000000380), 0x66, 0x8040)
ioctl$DRM_IOCTL_MODE_ADDFB(r1, 0xc01c64ae, &(0x7f00000004c0)={0x0, 0x9, 0x7, 0x2, 0x1, 0x0, 0x7f}) (async)
syz_open_dev$I2C(&(0x7f0000000000), 0x80000001, 0x4109c3) (async)
r2 = syz_open_dev$I2C(&(0x7f0000002680), 0x0, 0x1800)
ioctl$I2C_SMBUS(r2, 0x401c5820, &(0x7f0000000000)={0x43, 0x6, 0x7, 0x0})
r3 = syz_open_dev$dri(&(0x7f0000000000), 0x0, 0x103000)
ioctl$DRM_IOCTL_MODE_SETCRTC(r3, 0xc06864a2, &(0x7f0000000c40)={0x0, 0x0, 0x0, 0x0, 0xe, 0x8, 0x3, 0x10001, {0x0, 0x1, 0x1, 0x630, 0xfffd, 0x5e, 0x7, 0xad, 0xe88, 0x0, 0x8, 0x65bb55e2, 0x7fffffff, 0x0, "b783008f65f143850d0f77a786c56b27402fb7dc3b20110b2b1814c076e363d1"}})
r4 = syz_open_dev$dri(&(0x7f0000000000), 0x2000000000000000, 0x0)
ioctl$DRM_IOCTL_MODE_CREATE_DUMB(r4, 0xc02064b2, &(0x7f0000000700)={0xf0d, 0x3cfe, 0x3, 0x0, <r5=>0x0})
ioctl$DRM_IOCTL_MODE_MAP_DUMB(r4, 0xc01064b3, &(0x7f0000000040)={r5}) (async)
r6 = syz_open_dev$dri(&(0x7f0000000000), 0x1, 0x34000) (async)
r7 = syz_open_dev$I2C(&(0x7f0000002680), 0x0, 0x800)
ioctl$I2C_SMBUS(r7, 0x720, &(0x7f0000002780)={0x0, 0xe1, 0x40000005, 0x0}) (async)
ioctl$DRM_IOCTL_MODE_CREATE_DUMB(r6, 0xc02064b2, &(0x7f0000000300)={0x81, 0x7, 0x4}) (async)
r8 = syz_open_dev$dri(&(0x7f0000000000), 0x1, 0x8000) (async)
r9 = syz_open_dev$dri(&(0x7f0000000000), 0x1, 0x2000)
ioctl$DRM_IOCTL_MODE_ADDFB(r9, 0xc01c64ae, &(0x7f0000000240)={0x0, 0x824, 0x455, 0xfe6c, 0x18, 0x18, 0xb4}) (async)
ioctl$DRM_IOCTL_MODE_GETRESOURCES(r8, 0xc04064a0, &(0x7f0000000140)={0x0, 0x0, 0x0, &(0x7f0000000100)=[<r10=>0x0], 0x0, 0x0, 0x0, 0x1})
ioctl$DRM_IOCTL_MODE_GETENCODER(r8, 0xc01464a6, &(0x7f0000000500)={r10})
ioctl$I2C_SMBUS(r0, 0x720, &(0x7f0000000000)={0x1, 0xd, 0x1, 0x0})

3.44941687s ago: executing program 1 (id=2774):
r0 = syz_open_dev$dri(&(0x7f0000000000), 0x1, 0x0)
ioctl$DRM_IOCTL_MODE_CREATEPROPBLOB(r0, 0xc01064bd, &(0x7f0000000140)={&(0x7f00000000c0)="c77bf4", 0x3})
r1 = syz_open_dev$dri(&(0x7f0000000000), 0x1ff, 0x400)
ioctl$DRM_IOCTL_MODE_CREATEPROPBLOB(r1, 0xc01064bd, &(0x7f00000006c0)={&(0x7f0000000740)="d4", 0x1, <r2=>0x0})
ioctl$DRM_IOCTL_MODE_DESTROYPROPBLOB(r0, 0xc00464be, &(0x7f0000000700)={r2})
syz_open_dev$I2C(&(0x7f0000000000), 0x80000001, 0x4109c3)
r3 = syz_open_dev$I2C(&(0x7f0000002680), 0x0, 0x800)
ioctl$I2C_SMBUS(r3, 0x401c5820, &(0x7f0000000000)={0x43, 0x6, 0x7, 0x0})

3.421226243s ago: executing program 3 (id=2775):
r0 = syz_open_dev$dri(&(0x7f0000000380), 0x6, 0x8042)
ioctl$DRM_IOCTL_MODE_ADDFB(r0, 0xc01c64ae, &(0x7f00000004c0)={0x0, 0x9, 0x7, 0x2, 0x1, 0x0, 0x7f})
ioctl$DRM_IOCTL_AGP_UNBIND(r0, 0x40106437, &(0x7f0000000000)={0x0, 0x1})

3.251321676s ago: executing program 2 (id=2776):
r0 = syz_open_dev$dri(&(0x7f0000000000), 0x1, 0x2000)
r1 = syz_open_dev$dri(&(0x7f0000000000), 0x1, 0x2000)
ioctl$DRM_IOCTL_MODE_GETRESOURCES(r1, 0xc04064a0, &(0x7f0000000340)={0x0, &(0x7f0000000280)=[<r2=>0x0], 0x0, 0x0, 0x0, 0x1})
ioctl$DRM_IOCTL_MODE_GETCRTC(r0, 0xc06864a1, &(0x7f0000000440)={0x0, 0x0, r2, <r3=>0x0})
ioctl$DRM_IOCTL_MODE_GETFB2(r0, 0xc06864ce, &(0x7f0000000040)={r3, 0x7, 0x4, 0xfffffff8, 0x0, [], [0x4040002, 0xbc01, 0x11, 0x8001], [0x7fff, 0x5, 0x3, 0x8], [0x9, 0x30, 0xfffffffffffffff9]})
r4 = syz_open_dev$dri(&(0x7f0000000000), 0x1, 0x2000)
r5 = syz_open_dev$dri(&(0x7f0000000000), 0x1, 0x2000)
ioctl$DRM_IOCTL_MODE_GETRESOURCES(r5, 0xc04064a0, &(0x7f0000000340)={0x0, &(0x7f0000000280)=[<r6=>0x0], 0x0, 0x0, 0x0, 0x1})
ioctl$DRM_IOCTL_MODE_GETCRTC(r4, 0xc06864a1, &(0x7f0000000440)={0x0, 0x0, r6, <r7=>0x0})
ioctl$DRM_IOCTL_MODE_GETFB2(r4, 0xc06864ce, &(0x7f0000000040)={r7, 0x7, 0x5, 0xfffffff8, 0x3, [<r8=>0x0], [0x2, 0xbc01, 0xf, 0x9], [0x7fff, 0x5, 0x4, 0x8], [0x9, 0x30, 0xfffffffffffffff9, 0x3]})
ioctl$DRM_IOCTL_GEM_CLOSE(r4, 0x40086409, &(0x7f0000000100)={r8})

3.134667133s ago: executing program 1 (id=2777):
r0 = syz_open_dev$dri(&(0x7f0000000000), 0x1, 0x2000)
ioctl$DRM_IOCTL_WAIT_VBLANK(r0, 0xc018643a, &(0x7f0000000240)={0x0, 0x7, 0x101})
r1 = syz_open_dev$dri(&(0x7f0000000000), 0x3, 0x82601)
ioctl$DRM_IOCTL_DROP_MASTER(r1, 0x641f)
ioctl$DRM_IOCTL_MODE_GET_LEASE(r1, 0xc01064c8, &(0x7f0000000400)={0x0, 0x0, 0x0})

3.122862386s ago: executing program 3 (id=2778):
r0 = syz_open_dev$dri(&(0x7f0000000a00), 0x1ff, 0x401)
r1 = syz_open_dev$dri(&(0x7f0000000100), 0x0, 0x82081)
ioctl$DRM_IOCTL_MODE_CREATE_DUMB(r1, 0xc02064b2, &(0x7f0000000080)={0x8, 0x2, 0x7, 0x0, <r2=>0x0})
ioctl$DRM_IOCTL_MODE_DESTROY_DUMB(r1, 0xc00464b4, &(0x7f00000000c0)={r2})
ioctl$DRM_IOCTL_MODE_DESTROY_DUMB(0xffffffffffffffff, 0xc00464b4, &(0x7f0000000000)={r2})
r3 = syz_open_dev$dri(&(0x7f0000000000), 0x2b2c, 0x80002)
ioctl$DRM_IOCTL_MODE_GETRESOURCES(r3, 0xc04064a0, &(0x7f0000000180)={0x0, 0x0, 0x0, &(0x7f0000000100)=[0x0], 0x0, 0x0, 0x0, 0x1})
ioctl$DRM_IOCTL_MODE_GET_LEASE(r0, 0xc01064c8, &(0x7f00000000c0)={0x5, 0x0, &(0x7f0000000080)=[<r4=>0x0, 0x0, 0x0, 0x0, 0x0]})
ioctl$DRM_IOCTL_SYNCOBJ_FD_TO_HANDLE_SYNC_FILE(r1, 0xc01864c2, &(0x7f00000001c0)={<r5=>0x0})
ioctl$DRM_IOCTL_SYNCOBJ_FD_TO_HANDLE_SYNC_FILE(r3, 0xc01864c2, &(0x7f0000000200)={<r6=>0x0})
ioctl$DRM_IOCTL_SYNCOBJ_WAIT(r1, 0xc02864c3, &(0x7f0000000280)={&(0x7f0000000240)=[r5, r6], 0x9, 0x2, 0x2})
syz_open_dev$dri(&(0x7f0000000140), 0x9, 0x101080)
ioctl$DRM_IOCTL_MODE_GETPROPERTY(r0, 0xc04064aa, &(0x7f0000000040)={0x0, 0x0, r4, 0x0, '\x00', 0x2a, 0xffffffffffffffba})

504.185199ms ago: executing program 0 (id=2779):
r0 = syz_open_dev$I2C(&(0x7f0000000700), 0x0, 0x840000)
r1 = syz_open_dev$dri(&(0x7f0000000000), 0x1ff, 0x40540)
ioctl$DRM_IOCTL_MODE_GETRESOURCES(r1, 0xc04064a0, &(0x7f0000000200)={0x0, 0x0, &(0x7f0000000180)=[<r2=>0x0], 0x0, 0x0, 0x0, 0x1})
ioctl$DRM_IOCTL_MODE_CREATE_LEASE(r1, 0xc01864c6, &(0x7f0000000140)={&(0x7f0000000100)=[r2], 0x1, 0x80000})
r3 = openat$drirender128(0xffffffffffffff9c, &(0x7f0000000340), 0x1ea00, 0x0)
ioctl$DRM_IOCTL_MODE_CREATE_LEASE(r3, 0xc01864c6, &(0x7f0000000300)={&(0x7f0000000240), 0x0, 0x80800})
ioctl$I2C_PEC(r0, 0x708, 0x5)
r4 = syz_open_dev$dri(&(0x7f0000000040), 0xb8f, 0x2803c0)
ioctl$DRM_IOCTL_GET_MAGIC(r4, 0x80046402, &(0x7f0000000400)=0x4)
ioctl$I2C_SMBUS(r0, 0x720, &(0x7f0000000080)={0x1, 0x7, 0x2, &(0x7f0000000040)={0x15, "6b1d713602668887056b03b7504036001a4078416388a97a55b067618f92ebe513"}})
r5 = syz_open_dev$I2C(&(0x7f0000000000), 0x6, 0x80)
ioctl$I2C_TENBIT(r5, 0x40086602, 0x200000fffffc)
ioctl$DRM_IOCTL_PRIME_HANDLE_TO_FD(0xffffffffffffffff, 0xc00c642d, &(0x7f0000000040)={0x0, 0x0, <r6=>0xffffffffffffffff})
ioctl$DRM_IOCTL_MODE_GETCONNECTOR(r6, 0xc05064a7, &(0x7f0000000280)={&(0x7f00000000c0)=[0x0, 0x0, 0x0, 0x0, 0x0, 0x0, 0x0], &(0x7f00000000c0), &(0x7f0000000180)=[0x0, 0x0, 0x0], &(0x7f00000001c0)=[0x0, 0x0], 0x0, 0x3, 0x7})

503.893924ms ago: executing program 1 (id=2780):
r0 = syz_open_dev$dri(&(0x7f0000000000), 0x1, 0x2000)
r1 = syz_open_dev$dri(&(0x7f0000000000), 0x1, 0x2000)
ioctl$DRM_IOCTL_MODE_GETRESOURCES(r1, 0xc04064a0, &(0x7f0000000340)={0x0, &(0x7f0000000280)=[<r2=>0x0], 0x0, 0x0, 0x0, 0x1})
ioctl$DRM_IOCTL_MODE_GETCRTC(r0, 0xc06864a1, &(0x7f0000000440)={0x0, 0x0, r2, <r3=>0x0})
ioctl$DRM_IOCTL_MODE_GETFB2(r0, 0xc06864ce, &(0x7f0000000040)={r3, 0x7, 0x4, 0xfffffff8, 0x0, [], [0x4040002, 0xbc01, 0x11, 0x8001], [0x7fff, 0x5, 0x3, 0x8], [0x9, 0x30, 0xfffffffffffffff9]})
r4 = syz_open_dev$dri(&(0x7f0000000000), 0x1, 0x2000)
r5 = syz_open_dev$dri(&(0x7f0000000000), 0x1, 0x2000)
ioctl$DRM_IOCTL_MODE_GETRESOURCES(r5, 0xc04064a0, &(0x7f0000000340)={0x0, &(0x7f0000000280)=[<r6=>0x0], 0x0, 0x0, 0x0, 0x1})
ioctl$DRM_IOCTL_MODE_GETCRTC(r4, 0xc06864a1, &(0x7f0000000440)={0x0, 0x0, r6, <r7=>0x0})
ioctl$DRM_IOCTL_MODE_GETFB2(r4, 0xc06864ce, &(0x7f0000000040)={r7, 0x7, 0x5, 0xfffffff8, 0x3, [<r8=>0x0], [0x2, 0xbc01, 0xf, 0x9], [0x7fff, 0x5, 0x4, 0x8], [0x9, 0x30, 0xfffffffffffffff9, 0x3]})
ioctl$DRM_IOCTL_GEM_CLOSE(r4, 0x40086409, &(0x7f0000000100)={r8}) (fail_nth: 3)

503.507353ms ago: executing program 2 (id=2781):
r0 = syz_open_dev$dri(&(0x7f0000000000), 0x1, 0x2000)
r1 = syz_open_dev$dri(&(0x7f0000000000), 0x1, 0x5a9401)
ioctl$DRM_IOCTL_MODE_GETRESOURCES(r1, 0xc04064a0, &(0x7f0000000340)={0x0, &(0x7f0000000280)=[<r2=>0x0], 0x0, 0x0, 0x0, 0x1})
r3 = syz_open_dev$dri(&(0x7f0000000340), 0xfaa, 0x800)
ioctl$DRM_IOCTL_GET_CAP(r3, 0xc010640c, &(0x7f00000000c0)={0x13})
ioctl$DRM_IOCTL_MODE_GETCRTC(r0, 0xc06864a1, &(0x7f0000000440)={0x0, 0x0, r2, <r4=>0x0})
ioctl$DRM_IOCTL_MODE_GETFB2(r0, 0xc06864ce, &(0x7f0000000040)={r4, 0x7, 0x4, 0xfffffff8, 0x0, [], [0x4040002, 0xbc01, 0x11, 0x8001], [0x7fff, 0x5, 0x3, 0x8], [0x9, 0x30, 0xfffffffffffffff9]})
ioctl$DRM_IOCTL_MODE_LIST_LESSEES(r1, 0xc01064c7, &(0x7f0000000140)={0x1, 0x0, &(0x7f00000000c0)=[<r5=>0x0]})
r6 = syz_open_dev$dri(&(0x7f0000000240), 0x5d4, 0x109040)
ioctl$DRM_IOCTL_MODE_DIRTYFB(r6, 0xc01864b1, &(0x7f0000000380)={r4, 0x2, 0x9, 0xa, &(0x7f00000002c0)=[{0x8, 0x1e0, 0xe, 0x5}, {0xf997, 0xa, 0xd4f, 0xa0}, {0xb62, 0xffff, 0x4, 0x5}, {0x6d, 0x2, 0x7, 0x5}, {0x5, 0x4, 0xfffb, 0x1}, {0xa, 0x40, 0x1}, {0x9, 0x4, 0x1, 0x4}, {0x6, 0x7, 0xd, 0x1ff}, {0x40, 0x9, 0x6, 0x5}, {0x7, 0x4, 0x7fff, 0xc7}]})
ioctl$DRM_IOCTL_MODE_REVOKE_LEASE(r0, 0xc00464c9, &(0x7f0000000180)={r5})
r7 = syz_open_dev$dri(&(0x7f0000000000), 0x1, 0x2000)
r8 = syz_open_dev$dri(&(0x7f0000000000), 0x1, 0x2000)
r9 = syz_open_dev$dri(&(0x7f0000000000), 0x2b2c, 0x42)
ioctl$DRM_IOCTL_MODE_CREATE_DUMB(r9, 0xc02064b2, &(0x7f0000000a00)={0x1, 0x1, 0x80000007})
r10 = syz_open_dev$dri(&(0x7f0000000000), 0x2b2c, 0x80002)
ioctl$DRM_IOCTL_MODE_CREATE_DUMB(r10, 0xc02064b2, &(0x7f00000002c0)={0x3, 0x4, 0x7})
r11 = syz_open_dev$I2C(&(0x7f0000000a00), 0x0, 0x101000)
ioctl$I2C_RETRIES(r11, 0x701, 0xfffffffffffffff8)
ioctl$DRM_IOCTL_MODE_GETRESOURCES(r8, 0xc04064a0, &(0x7f0000000340)={0x0, &(0x7f0000000280)=[<r12=>0x0], 0x0, 0x0, 0x0, 0x1})
r13 = syz_open_dev$dri(&(0x7f0000000000), 0x2b2c, 0x42)
ioctl$DRM_IOCTL_MODE_CREATE_DUMB(r13, 0xc02064b2, &(0x7f0000000a00)={0x1, 0x1, 0x80000007})
r14 = syz_open_dev$dri(&(0x7f0000000000), 0x2b2c, 0x80002)
ioctl$DRM_IOCTL_VERSION(r14, 0xc0406400, &(0x7f00000003c0)={0x1, 0x7, 0x101, 0xe7, &(0x7f00000004c0)=""/231, 0x9b, &(0x7f00000005c0)=""/155, 0x8e, &(0x7f0000000680)=""/142})
ioctl$DRM_IOCTL_MODE_CREATE_DUMB(r14, 0xc02064b2, &(0x7f00000002c0)={0x3, 0x4, 0x7})
ioctl$DRM_IOCTL_MODE_GETCRTC(r7, 0xc06864a1, &(0x7f0000000440)={0x0, 0x0, r12, <r15=>0x0})
ioctl$DRM_IOCTL_GET_SAREA_CTX(r3, 0xc010641d, &(0x7f0000000400)={0x0, &(0x7f0000000740)=""/138})
ioctl$DRM_IOCTL_MODE_GETFB2(r7, 0xc06864ce, &(0x7f00000001c0)={r15, 0x401, 0x5, 0xfffffff8, 0x1, [<r16=>0x0], [0x4, 0xbc01, 0xf, 0x9], [0x7fff, 0x5, 0x4, 0x8], [0x9, 0x30, 0xfffffffffffffff9, 0x3]})
ioctl$DRM_IOCTL_GEM_CLOSE(r7, 0x40086409, &(0x7f0000000100)={r16})

503.151969ms ago: executing program 3 (id=2782):
r0 = syz_open_dev$dri(&(0x7f0000000000), 0x1, 0x8000)
r1 = syz_open_dev$dri(&(0x7f0000000000), 0x1, 0x8000)
r2 = syz_open_dev$I2C(&(0x7f0000000a00), 0x0, 0x101000)
ioctl$I2C_RETRIES(r2, 0x701, 0xfffffffffffffff8)
ioctl$DRM_IOCTL_MODE_GETCONNECTOR(r0, 0xc05064a7, &(0x7f0000000240)={&(0x7f0000000080)=[0x0, 0x0, 0x0, 0x0, 0x0, 0x0, 0x0, 0x0, 0x0], &(0x7f00000000c0)=[{}, {}, {}], &(0x7f00000001c0)=[0x0, 0x0, 0x0], &(0x7f0000000200)=[0x0], 0x3, 0x3, 0x9})
r3 = syz_open_dev$dri(&(0x7f0000000000), 0x1, 0x2000)
ioctl$DRM_IOCTL_WAIT_VBLANK(r3, 0xc018643a, &(0x7f0000000240)={0x0, 0x7, 0x101})
r4 = syz_open_dev$dri(&(0x7f0000000000), 0x1, 0x2000)
r5 = syz_open_dev$dri(&(0x7f0000000000), 0x1, 0x2000)
ioctl$DRM_IOCTL_MODE_GETRESOURCES(r5, 0xc04064a0, &(0x7f0000000340)={0x0, &(0x7f0000000280)=[<r6=>0x0], 0x0, 0x0, 0x0, 0x1})
ioctl$DRM_IOCTL_MODE_GETCRTC(r4, 0xc06864a1, &(0x7f00000004c0)={0x0, 0x0, r6, <r7=>0x0})
ioctl$DRM_IOCTL_MODE_GETFB2(r4, 0xc06864ce, &(0x7f0000000040)={r7, 0x7, 0x5, 0xfffffff8, 0x3, [], [0x2, 0xbc01, 0xf, 0x8001], [0x7fff, 0x5, 0x4, 0x8], [0x9, 0x30, 0xfffffffffffffff9]})
ioctl$DRM_IOCTL_PRIME_FD_TO_HANDLE(0xffffffffffffffff, 0xc00c642e, &(0x7f0000000540)={0x0, 0x0, r1})
r8 = openat$drirender128(0xffffffffffffff9c, &(0x7f0000000b80), 0x800, 0x0)
r9 = syz_open_dev$dri(&(0x7f0000000000), 0x2b2c, 0x80002)
ioctl$DRM_IOCTL_MODE_CREATE_DUMB(0xffffffffffffffff, 0xc02064b2, &(0x7f0000000a00)={0xfffffffa, 0x945, 0x80007})
syz_open_dev$dri(&(0x7f0000000000), 0x7fffffffffffffff, 0x40540)
r10 = syz_open_dev$dri(&(0x7f0000000000), 0x50dd, 0x0)
ioctl$DRM_IOCTL_MODE_GETRESOURCES(r9, 0xc04064a0, &(0x7f0000000180)={&(0x7f0000000040)=[<r11=>0x0, 0x0], &(0x7f0000000080)=[0x0, 0x0, 0x0, 0x0, 0x0, 0x0], &(0x7f00000000c0)=[0x0], &(0x7f0000000100)=[0x0], 0x2, 0x6, 0x1, 0x1})
ioctl$DRM_IOCTL_MODE_GETFB2(r10, 0xc06864ce, &(0x7f0000000400)={0x0, 0x7, 0x8, 0x7, 0x0, [<r12=>0x0], [0x3, 0x6, 0x8, 0xcf4], [0x1, 0x6, 0x400f, 0x3], [0xf, 0xe, 0xcd, 0x6]})
ioctl$DRM_IOCTL_PRIME_FD_TO_HANDLE(r8, 0xc00c642e, &(0x7f00000002c0)={<r13=>0x0, 0x0, r8})
r14 = syz_open_dev$dri(&(0x7f0000000680), 0x1, 0x100)
ioctl$DRM_IOCTL_MODE_ADDFB2(r14, 0xc06864b8, 0xfffffffffffffffc)
ioctl$DRM_IOCTL_MODE_GETFB2(r10, 0xc06864ce, &(0x7f0000000300)={r11, 0x6, 0xf4f, 0x1, 0x3, [0x0, 0x0, 0x0, <r15=>0x0], [0x1b2, 0x6, 0x7, 0x4], [0x6, 0x80000009, 0x6, 0x7], [0x6, 0x2, 0x3f, 0x40000000ad]})
ioctl$DRM_IOCTL_MODE_ADDFB2(r10, 0xc06864b8, &(0x7f0000000380)={r11, 0x6e, 0x8, 0x3, 0x1, [0x0, r12, r13, r15], [0x8, 0x4, 0x84, 0x1], [0x101, 0x5, 0x800, 0xb], [0x0, 0x9, 0x7, 0x3]})
ioctl$DRM_IOCTL_WAIT_VBLANK(r10, 0xc018643a, &(0x7f0000000cc0)={0x10000000, 0x100ae1, 0x6})
r16 = syz_open_dev$dri(&(0x7f0000000000), 0x1ff, 0x40540)
ioctl$DRM_IOCTL_MODE_GETRESOURCES(r16, 0xc04064a0, &(0x7f0000000200)={0x0, &(0x7f0000000140)=[0x0], 0x0, 0x0, 0x0, 0x1})
r17 = syz_open_dev$dri(&(0x7f00000001c0), 0xa8c, 0x0)
ioctl$DRM_IOCTL_MODE_OBJ_GETPROPERTIES(r17, 0x5460, 0x0)

207.290644ms ago: executing program 0 (id=2783):
openat$drirender128(0xffffffffffffff9c, &(0x7f0000000000), 0x181443, 0x0)

206.955609ms ago: executing program 1 (id=2784):
r0 = syz_open_dev$I2C(&(0x7f0000002680), 0x0, 0x800)
ioctl$I2C_SMBUS(r0, 0x720, &(0x7f0000002800)={0x1, 0xb8, 0x1, &(0x7f00000027c0)={0x18, "c45a7c934d22dc666eb12123c906866f0486dc36fd4aad0e8eb6c31caf241e9afe"}})
r1 = syz_open_dev$dri(&(0x7f0000000500), 0x2, 0x101000)
ioctl$DRM_IOCTL_SET_CLIENT_CAP(r1, 0x4010640d, &(0x7f0000000740)={0x1, 0x100000000000000})

189.53862ms ago: executing program 2 (id=2785):
r0 = syz_open_dev$dri(&(0x7f0000000000), 0xc6cc, 0x200)
ioctl$DRM_IOCTL_RES_CTX(r0, 0xc0106426, &(0x7f0000000080)={0x1, &(0x7f0000000040)=[{<r1=>0x0}]})
ioctl$DRM_IOCTL_LOCK(r0, 0x4008642a, &(0x7f00000000c0)={r1, 0x4})
ioctl$DRM_IOCTL_MODE_GETPROPERTY(r0, 0xc04064aa, &(0x7f0000001cc0)={0x0, 0x0})
ioctl$DRM_IOCTL_MODE_GETENCODER(r0, 0xc01464a6, &(0x7f0000000100)={0x0, 0x0, <r2=>0x0})
ioctl$DRM_IOCTL_MODE_GETCRTC(r0, 0xc06864a1, &(0x7f0000000180)={&(0x7f0000000140)=[0x0, 0x0, 0x0, 0x0, 0x0, 0x0, 0x0, 0x0], 0x8, 0x0, <r3=>0x0})
ioctl$DRM_IOCTL_MODE_PAGE_FLIP(r0, 0xc01864b0, &(0x7f0000000200)={r2, r3, 0x3, 0x9a9, 0x2})

59.859851ms ago: executing program 0 (id=2786):
r0 = syz_open_dev$dri(0x0, 0x2, 0x109000)
ioctl$DRM_IOCTL_MODE_CREATE_DUMB(r0, 0xc02064b2, &(0x7f0000000300)={0x1, 0x3, 0x4})
ioctl$DRM_IOCTL_MODE_CREATE_DUMB(r0, 0xc02064b2, &(0x7f0000000000)={0x400, 0x18, 0x8000967})
ioctl$DRM_IOCTL_MODE_CREATE_LEASE(r0, 0xc01864c6, &(0x7f0000000140)={&(0x7f0000000100)=[0x0, 0x0, 0x0, 0x0, 0x0, 0x0], 0x6, 0x0, 0x0, <r1=>0xffffffffffffffff})
ioctl$DRM_IOCTL_AGP_ALLOC(r1, 0xc0206434, &(0x7f0000000180)={0x3, 0x0, 0x1})
ioctl$DRM_IOCTL_MODE_CREATE_DUMB(0xffffffffffffffff, 0xc02064b2, &(0x7f0000000300)={0x9, 0x1, 0x4})
r2 = syz_open_dev$I2C(&(0x7f0000000700), 0x0, 0x840000)
ioctl$I2C_SMBUS(r2, 0x720, &(0x7f0000000780)={0x0, 0xd, 0x5, &(0x7f0000000100)={0x89, "3f6678c673bf0580a1b1eeb82bd0a6332500"}})
r3 = syz_open_dev$dri(&(0x7f0000000700), 0x2, 0x101800)
ioctl$DRM_IOCTL_MODE_CREATE_DUMB(r3, 0xc02064b2, &(0x7f0000000000)={0x400, 0x38, 0x967, 0x0, <r4=>0x0})
r5 = syz_open_dev$dri(&(0x7f0000000000), 0x2000000000000000, 0x0)
ioctl$DRM_IOCTL_MODE_GETENCODER(0xffffffffffffffff, 0xc01464a6, 0x0)
ioctl$DRM_IOCTL_INFO_BUFS(0xffffffffffffffff, 0xc0106418, 0x0)
ioctl$DRM_IOCTL_SYNCOBJ_FD_TO_HANDLE_FD(0xffffffffffffffff, 0xc01864c2, 0x0)
r6 = syz_open_dev$dri(&(0x7f0000000840), 0x1, 0x4000)
ioctl$DRM_IOCTL_MODE_ATOMIC(r6, 0xc03864bc, &(0x7f00000017c0)={0x200, 0x0, 0x0, 0x0, 0x0, 0x0, 0x0, 0x1})
ioctl$DRM_IOCTL_MODE_CREATE_DUMB(r5, 0xc02064b2, &(0x7f0000000700)={0xf0d, 0x3cfe, 0x3})
r7 = syz_open_dev$dri(&(0x7f0000000040), 0x200000000000, 0x181001)
ioctl$DRM_IOCTL_MODE_GET_LEASE(r7, 0xc01064c8, &(0x7f0000001b80)={0x0, 0x0, 0x0})
r8 = syz_open_dev$I2C(&(0x7f0000000700), 0x0, 0x840000)
ioctl$I2C_PEC(r8, 0x708, 0x3)
ioctl$I2C_SLAVE_FORCE(r8, 0x706, 0x11)
ioctl$I2C_SMBUS(r8, 0x720, &(0x7f0000000000)={0x0, 0xe, 0x4, &(0x7f0000000100)={0x20, "3f667cc673bf0500e2b500f1ff0079c613b39400"}})
r9 = syz_open_dev$dri(&(0x7f0000000000), 0x2, 0x109000)
ioctl$DRM_IOCTL_MODE_CREATE_DUMB(r9, 0xc02064b2, &(0x7f0000000300)={0x1, 0x7, 0x4})
r10 = openat$drirender128(0xffffffffffffff9c, &(0x7f0000000080), 0x41, 0x0)
ioctl$DRM_IOCTL_GET_CAP(r10, 0xc010640c, &(0x7f00000000c0)={0x1})
ioctl$DRM_IOCTL_MODE_CREATE_DUMB(0xffffffffffffffff, 0xc02064b2, &(0x7f0000000000)={0x400, 0x38, 0x967, 0x0, <r11=>0x0})
ioctl$DRM_IOCTL_MODE_DESTROY_DUMB(0xffffffffffffffff, 0xc00464b4, &(0x7f0000000040)={r11})
ioctl$DRM_IOCTL_MODE_DESTROY_DUMB(r3, 0xc00464b4, &(0x7f0000000040)={r4})

59.484014ms ago: executing program 1 (id=2787):
r0 = syz_open_dev$dri(&(0x7f0000000000), 0x1, 0x2000)
r1 = syz_open_dev$dri(&(0x7f0000000000), 0x1, 0x2000)
ioctl$DRM_IOCTL_MODE_GETRESOURCES(r1, 0xc04064a0, &(0x7f0000000340)={0x0, &(0x7f0000000280)=[<r2=>0x0], 0x0, 0x0, 0x0, 0x1})
ioctl$DRM_IOCTL_MODE_GETCRTC(r0, 0xc06864a1, &(0x7f0000000440)={0x0, 0x0, r2, <r3=>0x0})
ioctl$DRM_IOCTL_MODE_GETFB2(r0, 0xc06864ce, &(0x7f0000000040)={r3, 0x7, 0x4, 0xfffffff8, 0x0, [], [0x4040002, 0xbc01, 0x11, 0x8001], [0x7fff, 0x5, 0x3, 0x8], [0x9, 0x30, 0xfffffffffffffff9]})
r4 = syz_open_dev$dri(&(0x7f0000000000), 0x1, 0x2000)
r5 = syz_open_dev$dri(&(0x7f0000000000), 0x1, 0x2000)
ioctl$DRM_IOCTL_MODE_GETRESOURCES(r5, 0xc04064a0, &(0x7f0000000340)={0x0, &(0x7f0000000280)=[<r6=>0x0], 0x0, 0x0, 0x0, 0x1})
ioctl$DRM_IOCTL_MODE_GETCRTC(r4, 0xc06864a1, &(0x7f0000000440)={0x0, 0x0, r6, <r7=>0x0})
ioctl$DRM_IOCTL_MODE_GETFB2(r4, 0xc06864ce, &(0x7f0000000040)={r7, 0x7, 0x5, 0xfffffff8, 0x3, [<r8=>0x0], [0x2, 0xbc01, 0xf, 0x9], [0x7fff, 0x5, 0x4, 0x8], [0x9, 0x30, 0xfffffffffffffff9, 0x3]})
ioctl$DRM_IOCTL_GEM_CLOSE(r4, 0x400864d2, &(0x7f0000000100)={r8})

0s ago: executing program 2 (id=2788):
syz_open_dev$dri(0x0, 0x1ff, 0x40540)
r0 = syz_open_dev$dri(&(0x7f0000000000), 0x1, 0x80000)
ioctl$DRM_IOCTL_WAIT_VBLANK(r0, 0xc018643a, &(0x7f0000000080)={0x8000000, 0x4})
r1 = syz_open_dev$dri(&(0x7f0000000000), 0xb, 0x1)
r2 = syz_open_dev$dri(&(0x7f0000000000), 0x1ff, 0xc8940)
ioctl$DRM_IOCTL_MODE_GETRESOURCES(r2, 0xc04064a0, &(0x7f0000000200)={0x0, &(0x7f0000000140)=[<r3=>0x0], 0x0, 0x0, 0x0, 0x1})
ioctl$DRM_IOCTL_MODE_GETCRTC(r2, 0xc06864a1, &(0x7f0000000080)={0x0, 0x0, r3, <r4=>0x0})
ioctl$DRM_IOCTL_MODE_GETFB(r2, 0xc01c64ad, &(0x7f0000000100)={r4})
ioctl$DRM_IOCTL_MODE_GETFB2(r1, 0xc06864ce, &(0x7f0000000080)={r4, 0x2, 0x9, 0x3, 0x2, [], [0x5, 0x401, 0x7, 0x1], [0x9, 0x9, 0x1c6, 0x8], [0x7d99, 0x8000000000000000, 0xc7, 0xff]})
r5 = syz_open_dev$dri(&(0x7f0000000000), 0x1ff, 0xc8940)
ioctl$DRM_IOCTL_MODE_GETRESOURCES(r5, 0xc04064a0, &(0x7f0000000200)={0x0, &(0x7f0000000140)=[<r6=>0x0], 0x0, 0x0, 0x0, 0x1})
ioctl$DRM_IOCTL_MODE_GETCRTC(r5, 0xc06864a1, &(0x7f0000000080)={0x0, 0x0, r6, <r7=>0x0})
ioctl$DRM_IOCTL_MODE_GETFB(r5, 0xc01c64ad, &(0x7f0000000100)={r7})

kernel console output (not intermixed with test programs):

6.3-0-ga6ed6b701f0a-prebuilt.qemu.org 04/01/2014
[  306.515566][T15564] Call Trace:
[  306.515573][T15564]  <TASK>
[  306.515581][T15564]  dump_stack_lvl+0x180/0x1b0
[  306.515616][T15564]  warn_alloc+0x211/0x360
[  306.515641][T15564]  ? __pfx_warn_alloc+0x10/0x10
[  306.515659][T15564]  ? rcu_is_watching+0x12/0xc0
[  306.515683][T15564]  ? __pfx_alloc_vmap_area+0x10/0x10
[  306.515709][T15564]  ? __get_vm_area_node+0x10c/0x340
[  306.515741][T15564]  ? drm_property_create_blob.part.0+0x34/0x320
[  306.515804][T15564]  ? __vmalloc_node_noprof+0xac/0xf0
[  306.515834][T15564]  __vmalloc_node_range_noprof+0xfaa/0x13b0
[  306.515866][T15564]  ? alloc_vmap_area+0x55c/0x2860
[  306.515889][T15564]  ? drm_property_create_blob.part.0+0x34/0x320
[  306.515925][T15564]  ? __pfx___vmalloc_node_range_noprof+0x10/0x10
[  306.515952][T15564]  ? __pfx_alloc_vmap_area+0x10/0x10
[  306.515975][T15564]  ? kasan_quarantine_put+0x10d/0x230
[  306.515997][T15564]  ? __get_vm_area_node+0x10c/0x340
[  306.516030][T15564]  ? drm_property_create_blob.part.0+0x34/0x320
[  306.516055][T15564]  __vmalloc_node_noprof+0xac/0xf0
[  306.516082][T15564]  ? drm_property_create_blob.part.0+0x34/0x320
[  306.516112][T15564]  __vmalloc_node_range_noprof+0x40d/0x13b0
[  306.516149][T15564]  ? drm_property_create_blob.part.0+0x34/0x320
[  306.516183][T15564]  ? __pfx___vmalloc_node_range_noprof+0x10/0x10
[  306.516223][T15564]  __kvmalloc_node_noprof+0x41f/0x9d0
[  306.516279][T15564]  ? drm_property_create_blob.part.0+0x34/0x320
[  306.516320][T15564]  ? drm_property_create_blob.part.0+0x34/0x320
[  306.516352][T15564]  ? drm_property_create_blob.part.0+0x34/0x320
[  306.516378][T15564]  drm_property_create_blob.part.0+0x34/0x320
[  306.516407][T15564]  drm_mode_createblob_ioctl+0x139/0x490
[  306.516438][T15564]  drm_ioctl_kernel+0x1ed/0x3e0
[  306.516455][T15564]  ? __pfx_drm_mode_createblob_ioctl+0x10/0x10
[  306.516482][T15564]  ? __pfx_drm_ioctl_kernel+0x10/0x10
[  306.516508][T15564]  drm_ioctl+0x574/0xb90
[  306.516596][T15564]  ? __pfx_drm_mode_createblob_ioctl+0x10/0x10
[  306.516623][T15564]  ? __pfx_drm_ioctl+0x10/0x10
[  306.516643][T15564]  ? hook_file_ioctl_common+0x146/0x3f0
[  306.516674][T15564]  ? __fget_files+0x1fb/0x3b0
[  306.516700][T15564]  ? __pfx_drm_ioctl+0x10/0x10
[  306.516718][T15564]  __x64_sys_ioctl+0x18f/0x210
[  306.516739][T15564]  do_syscall_64+0xcb/0xfa0
[  306.516769][T15564]  entry_SYSCALL_64_after_hwframe+0x77/0x7f
[  306.516789][T15564] RIP: 0033:0x7fcd803b059d
[  306.516806][T15564] Code: 02 b8 ff ff ff ff c3 66 0f 1f 44 00 00 f3 0f 1e fa 48 89 f8 48 89 f7 48 89 d6 48 89 ca 4d 89 c2 4d 89 c8 4c 8b 4c 24 08 0f 05 <48> 3d 01 f0 ff ff 73 01 c3 48 c7 c1 a8 ff ff ff f7 d8 64 89 01 48
[  306.516834][T15564] RSP: 002b:00007fcd811bcf98 EFLAGS: 00000246 ORIG_RAX: 0000000000000010
[  306.516852][T15564] RAX: ffffffffffffffda RBX: 00007fcd80625fa0 RCX: 00007fcd803b059d
[  306.516864][T15564] RDX: 0000200000000000 RSI: 00000000c01064bd RDI: 0000000000000007
[  306.516879][T15564] RBP: 00007fcd8044e078 R08: 0000000000000000 R09: 0000000000000000
[  306.516890][T15564] R10: 0000000000000000 R11: 0000000000000246 R12: 0000000000000000
[  306.516902][T15564] R13: 00007fcd80626038 R14: 00007fcd80625fa0 R15: 00007fcd8119d000
[  306.516929][T15564]  </TASK>
[  306.516937][T15564] Mem-Info:
[  306.934599][    C1] vkms_vblank_simulate: vblank timer overrun
[  306.937906][T15564] active_anon:6821 inactive_anon:0 isolated_anon:0
[  306.937906][T15564]  active_file:2954 inactive_file:52428 isolated_file:0
[  306.937906][T15564]  unevictable:1768 dirty:2090 writeback:0
[  306.937906][T15564]  slab_reclaimable:12747 slab_unreclaimable:63639
[  306.937906][T15564]  mapped:27492 shmem:2796 pagetables:1701
[  306.937906][T15564]  sec_pagetables:0 bounce:0
[  306.937906][T15564]  kernel_misc_reclaimable:0
[  306.937906][T15564]  free:392237 free_pcp:19320 free_cma:0
[  306.937966][T15564] Node 0 active_anon:14972kB inactive_anon:0kB active_file:6364kB inactive_file:131204kB unevictable:3536kB isolated(anon):0kB isolated(file):0kB mapped:65468kB dirty:8168kB writeback:0kB shmem:5560kB shmem_thp:0kB shmem_pmdmapped:0kB anon_thp:0kB kernel_stack:7120kB pagetables:3364kB sec_pagetables:0kB all_unreclaimable? no Balloon:0kB
[  306.938016][T15564] Node 1 active_anon:12312kB inactive_anon:0kB active_file:5452kB inactive_file:78508kB unevictable:3536kB isolated(anon):0kB isolated(file):0kB mapped:44500kB dirty:192kB writeback:0kB shmem:5624kB shmem_thp:0kB shmem_pmdmapped:0kB anon_thp:0kB kernel_stack:5460kB pagetables:3440kB sec_pagetables:0kB all_unreclaimable? no Balloon:0kB
[  306.938059][T15564] Node 0 DMA free:15232kB boost:0kB min:452kB low:564kB high:676kB reserved_highatomic:0KB free_highatomic:0KB active_anon:0kB inactive_anon:0kB active_file:0kB inactive_file:0kB unevictable:0kB writepending:0kB zspages:0kB present:15992kB managed:15360kB mlocked:0kB bounce:0kB free_pcp:128kB local_pcp:0kB free_cma:0kB
[  306.938112][T15564] lowmem_reserve[]: 0 1176 1176 1176 1176
[  306.938190][T15564] Node 0 DMA32 free:394932kB boost:0kB min:34836kB low:43544kB high:52252kB reserved_highatomic:0KB free_highatomic:0KB active_anon:14972kB inactive_anon:0kB active_file:6364kB inactive_file:131204kB unevictable:3536kB writepending:8168kB zspages:0kB present:2080772kB managed:1204832kB mlocked:0kB bounce:0kB free_pcp:20112kB local_pcp:9852kB free_cma:0kB
[  306.938247][T15564] lowmem_reserve[]: 0 0 0 0 0
[  306.938287][T15564] Node 1 DMA32 free:856224kB boost:0kB min:29136kB low:36420kB high:43704kB reserved_highatomic:0KB free_highatomic:0KB active_anon:0kB inactive_anon:0kB active_file:0kB inactive_file:0kB unevictable:0kB writepending:0kB zspages:0kB present:1048444kB managed:982908kB mlocked:0kB bounce:0kB free_pcp:32236kB local_pcp:5972kB free_cma:0kB
[  306.938340][T15564] lowmem_reserve[]: 0 0 846 846 846
[  306.938376][T15564] Node 1 Normal free:302560kB boost:0kB min:25680kB low:32100kB high:38520kB reserved_highatomic:0KB free_highatomic:0KB active_anon:12312kB inactive_anon:0kB active_file:5452kB inactive_file:78508kB unevictable:3536kB writepending:192kB zspages:0kB present:1048576kB managed:866440kB mlocked:0kB bounce:0kB free_pcp:24804kB local_pcp:64kB free_cma:0kB
[  306.938498][T15564] lowmem_reserve[]: 0 0 0 0 0
[  306.938536][T15564] Node 0 DMA: 0*4kB 0*8kB 0*16kB 0*32kB 0*64kB 1*128kB (U) 1*256kB (U) 1*512kB (U) 2*1024kB (U) 2*2048kB (UM) 2*4096kB (U) = 15232kB
[  306.938675][T15564] Node 0 DMA32: 1231*4kB (UME) 145*8kB (UME) 43*16kB (UME) 101*32kB (UME) 81*64kB (UME) 8*128kB (UE) 7*256kB (UME) 170*512kB (UM) 113*1024kB (UME) 37*2048kB (UM) 24*4096kB (U) = 394836kB
[  306.938853][T15564] Node 1 DMA32: 67*4kB (UM) 66*8kB (UME) 70*16kB (UM) 79*32kB (UM) 75*64kB (UM) 74*128kB (UM) 68*256kB (UME) 70*512kB (UME) 52*1024kB (UME) 11*2048kB (UME) 173*4096kB (UM) = 856348kB
[  306.939048][T15564] Node 1 Normal: 1698*4kB (UME) 1048*8kB (UME) 819*16kB (UME) 939*32kB (UME) 639*64kB (UME) 124*128kB (UM) 258*256kB (UM) 123*512kB (UME) 57*1024kB (UE) 0*2048kB 0*4096kB = 302488kB
[  306.939214][T15564] Node 0 hugepages_total=2 hugepages_free=2 hugepages_surp=0 hugepages_size=2048kB
[  306.939229][T15564] Node 1 hugepages_total=2 hugepages_free=2 hugepages_surp=0 hugepages_size=2048kB
[  306.939245][T15564] 58178 total pagecache pages
[  306.939253][T15564] 0 pages in swap cache
[  306.939261][T15564] Free swap  = 124996kB
[  306.939268][T15564] Total swap = 124996kB
[  306.939277][T15564] 1048446 pages RAM
[  306.939284][T15564] 0 pages HighMem/MovableOnly
[  306.939291][T15564] 281061 pages reserved
[  306.939299][T15564] 0 pages cma reserved
[  307.448134][    C1] vkms_vblank_simulate: vblank timer overrun
[  307.553912][    C1] vkms_vblank_simulate: vblank timer overrun
[  307.789603][    C1] vkms_vblank_simulate: vblank timer overrun
[  307.871071][    C1] vkms_vblank_simulate: vblank timer overrun
[  311.377480][    C1] vkms_vblank_simulate: vblank timer overrun
[  311.589610][    C1] vkms_vblank_simulate: vblank timer overrun
[  312.048595][T15777] FAULT_INJECTION: forcing a failure.
[  312.048595][T15777] name fail_usercopy, interval 1, probability 0, space 0, times 0
[  312.076526][T15777] CPU: 0 UID: 0 PID: 15777 Comm: syz.2.1782 Not tainted 6.18.0 #1 PREEMPT(full) 
[  312.076552][T15777] Hardware name: QEMU Standard PC (i440FX + PIIX, 1996), BIOS rel-1.16.3-0-ga6ed6b701f0a-prebuilt.qemu.org 04/01/2014
[  312.076563][T15777] Call Trace:
[  312.076570][T15777]  <TASK>
[  312.076579][T15777]  dump_stack_lvl+0x180/0x1b0
[  312.076612][T15777]  should_fail_ex+0x520/0x650
[  312.076637][T15777]  _copy_to_user+0x32/0xd0
[  312.076660][T15777]  simple_read_from_buffer+0xcb/0x180
[  312.076682][T15777]  proc_fail_nth_read+0x18a/0x240
[  312.076765][T15777]  ? __pfx_proc_fail_nth_read+0x10/0x10
[  312.076790][T15777]  ? rw_verify_area+0xcf/0x6e0
[  312.076808][T15777]  ? __pfx_proc_fail_nth_read+0x10/0x10
[  312.076829][T15777]  vfs_read+0x1e6/0xc70
[  312.076853][T15777]  ? __pfx___mutex_lock+0x10/0x10
[  312.076870][T15777]  ? __pfx_vfs_read+0x10/0x10
[  312.076903][T15777]  ? __fget_files+0x1f1/0x3b0
[  312.076929][T15777]  ? __fget_files+0x1fb/0x3b0
[  312.076957][T15777]  ksys_read+0x121/0x240
[  312.076977][T15777]  ? __pfx_ksys_read+0x10/0x10
[  312.077005][T15777]  do_syscall_64+0xcb/0xfa0
[  312.077034][T15777]  entry_SYSCALL_64_after_hwframe+0x77/0x7f
[  312.077052][T15777] RIP: 0033:0x7fcd803aef6c
[  312.077068][T15777] Code: ec 28 48 89 54 24 18 48 89 74 24 10 89 7c 24 08 e8 09 0e 03 00 48 8b 54 24 18 48 8b 74 24 10 41 89 c0 8b 7c 24 08 31 c0 0f 05 <48> 3d 00 f0 ff ff 77 34 44 89 c7 48 89 44 24 08 e8 4f 0e 03 00 48
[  312.077084][T15777] RSP: 002b:00007fcd811bcf90 EFLAGS: 00000246 ORIG_RAX: 0000000000000000
[  312.077110][T15777] RAX: ffffffffffffffda RBX: 00007fcd80625fa0 RCX: 00007fcd803aef6c
[  312.077120][T15777] RDX: 000000000000000f RSI: 00007fcd811bd020 RDI: 0000000000000004
[  312.077130][T15777] RBP: 00007fcd811bd010 R08: 0000000000000000 R09: 0000000000000000
[  312.077139][T15777] R10: 0000000000000000 R11: 0000000000000246 R12: 0000000000000001
[  312.077150][T15777] R13: 00007fcd80626038 R14: 00007fcd80625fa0 R15: 00007fcd8119d000
[  312.077175][T15777]  </TASK>
[  313.792553][    C1] vkms_vblank_simulate: vblank timer overrun
[  313.960336][    C1] vkms_vblank_simulate: vblank timer overrun
[  314.093958][    C1] vkms_vblank_simulate: vblank timer overrun
[  314.334349][    C1] vkms_vblank_simulate: vblank timer overrun
[  315.200794][    C1] vkms_vblank_simulate: vblank timer overrun
[  315.853100][    C1] vkms_vblank_simulate: vblank timer overrun
[  316.623477][    C1] vkms_vblank_simulate: vblank timer overrun
[  316.651601][    C1] vkms_vblank_simulate: vblank timer overrun
[  317.535654][    C1] vkms_vblank_simulate: vblank timer overrun
[  318.540746][    C1] vkms_vblank_simulate: vblank timer overrun
[  318.577612][    C1] vkms_vblank_simulate: vblank timer overrun
[  318.635680][    C1] vkms_vblank_simulate: vblank timer overrun
[  318.984620][    C1] vkms_vblank_simulate: vblank timer overrun
[  319.788050][    C1] vkms_vblank_simulate: vblank timer overrun
[  319.859537][    C1] vkms_vblank_simulate: vblank timer overrun
[  319.988756][    C1] vkms_vblank_simulate: vblank timer overrun
[  321.485917][T15965] i2c i2c-0: Invalid block write size 96
[  321.593709][    C1] vkms_vblank_simulate: vblank timer overrun
[  321.827869][T15913] warn_alloc: 6 callbacks suppressed
[  321.827887][T15913] syz.0.1844: vmalloc error: size 3551232, failed to allocated page array size 6936, mode:0xdc2(GFP_KERNEL|__GFP_HIGHMEM|__GFP_ZERO), nodemask=(null),cpuset=/,mems_allowed=0-1
[  321.875607][T15913] CPU: 3 UID: 0 PID: 15913 Comm: syz.0.1844 Not tainted 6.18.0 #1 PREEMPT(full) 
[  321.875635][T15913] Hardware name: QEMU Standard PC (i440FX + PIIX, 1996), BIOS rel-1.16.3-0-ga6ed6b701f0a-prebuilt.qemu.org 04/01/2014
[  321.875647][T15913] Call Trace:
[  321.875654][T15913]  <TASK>
[  321.875662][T15913]  dump_stack_lvl+0x180/0x1b0
[  321.875696][T15913]  warn_alloc+0x211/0x360
[  321.875721][T15913]  ? __pfx_warn_alloc+0x10/0x10
[  321.875739][T15913]  ? rcu_is_watching+0x12/0xc0
[  321.875762][T15913]  ? __pfx_alloc_vmap_area+0x10/0x10
[  321.875788][T15913]  ? __get_vm_area_node+0x10c/0x340
[  321.875821][T15913]  ? drm_property_create_blob.part.0+0x34/0x320
[  321.875907][T15913]  ? __vmalloc_node_noprof+0xac/0xf0
[  321.875940][T15913]  __vmalloc_node_range_noprof+0xfaa/0x13b0
[  321.875976][T15913]  ? alloc_vmap_area+0x55c/0x2860
[  321.876000][T15913]  ? drm_property_create_blob.part.0+0x34/0x320
[  321.876035][T15913]  ? __pfx___vmalloc_node_range_noprof+0x10/0x10
[  321.876062][T15913]  ? __pfx_alloc_vmap_area+0x10/0x10
[  321.876086][T15913]  ? stack_trace_save+0x8e/0xc0
[  321.876108][T15913]  ? __get_vm_area_node+0x10c/0x340
[  321.876141][T15913]  ? drm_property_create_blob.part.0+0x34/0x320
[  321.876167][T15913]  __vmalloc_node_noprof+0xac/0xf0
[  321.876195][T15913]  ? drm_property_create_blob.part.0+0x34/0x320
[  321.876224][T15913]  __vmalloc_node_range_noprof+0x40d/0x13b0
[  321.876252][T15913]  ? do_raw_spin_lock+0x12b/0x2b0
[  321.876277][T15913]  ? drm_property_create_blob.part.0+0x34/0x320
[  321.876312][T15913]  ? __pfx___vmalloc_node_range_noprof+0x10/0x10
[  321.876391][T15913]  __kvmalloc_node_noprof+0x41f/0x9d0
[  321.876414][T15913]  ? drm_property_create_blob.part.0+0x34/0x320
[  321.876439][T15913]  ? drm_property_create_blob.part.0+0x34/0x320
[  321.876467][T15913]  ? drm_property_create_blob.part.0+0x34/0x320
[  321.876490][T15913]  drm_property_create_blob.part.0+0x34/0x320
[  321.876518][T15913]  drm_mode_createblob_ioctl+0x139/0x490
[  321.876548][T15913]  drm_ioctl_kernel+0x1ed/0x3e0
[  321.876563][T15913]  ? __pfx_drm_mode_createblob_ioctl+0x10/0x10
[  321.876589][T15913]  ? __pfx_drm_ioctl_kernel+0x10/0x10
[  321.876612][T15913]  drm_ioctl+0x574/0xb90
[  321.876630][T15913]  ? __pfx_drm_mode_createblob_ioctl+0x10/0x10
[  321.876655][T15913]  ? __pfx_drm_ioctl+0x10/0x10
[  321.876728][T15913]  ? hook_file_ioctl_common+0x146/0x3f0
[  321.876756][T15913]  ? __fget_files+0x1fb/0x3b0
[  321.876779][T15913]  ? __pfx_drm_ioctl+0x10/0x10
[  321.876796][T15913]  __x64_sys_ioctl+0x18f/0x210
[  321.876816][T15913]  do_syscall_64+0xcb/0xfa0
[  321.876860][T15913]  entry_SYSCALL_64_after_hwframe+0x77/0x7f
[  321.876878][T15913] RIP: 0033:0x7efea31b059d
[  321.876898][T15913] Code: 02 b8 ff ff ff ff c3 66 0f 1f 44 00 00 f3 0f 1e fa 48 89 f8 48 89 f7 48 89 d6 48 89 ca 4d 89 c2 4d 89 c8 4c 8b 4c 24 08 0f 05 <48> 3d 01 f0 ff ff 73 01 c3 48 c7 c1 a8 ff ff ff f7 d8 64 89 01 48
[  321.876915][T15913] RSP: 002b:00007efea402cf98 EFLAGS: 00000246 ORIG_RAX: 0000000000000010
[  321.876932][T15913] RAX: ffffffffffffffda RBX: 00007efea3425fa0 RCX: 00007efea31b059d
[  321.876943][T15913] RDX: 0000200000000000 RSI: 00000000c01064bd RDI: 0000000000000003
[  321.876953][T15913] RBP: 00007efea324e078 R08: 0000000000000000 R09: 0000000000000000
[  321.876964][T15913] R10: 0000000000000000 R11: 0000000000000246 R12: 0000000000000000
[  321.876974][T15913] R13: 00007efea3426038 R14: 00007efea3425fa0 R15: 00007efea400d000
[  321.876998][T15913]  </TASK>
[  321.877136][T15913] Mem-Info:
[  322.240714][    C1] vkms_vblank_simulate: vblank timer overrun
[  322.250460][T15913] active_anon:6788 inactive_anon:0 isolated_anon:0
[  322.250460][T15913]  active_file:2954 inactive_file:52451 isolated_file:0
[  322.250460][T15913]  unevictable:1768 dirty:1977 writeback:0
[  322.250460][T15913]  slab_reclaimable:12810 slab_unreclaimable:63487
[  322.250460][T15913]  mapped:27321 shmem:2796 pagetables:1806
[  322.250460][T15913]  sec_pagetables:0 bounce:0
[  322.250460][T15913]  kernel_misc_reclaimable:0
[  322.250460][T15913]  free:357381 free_pcp:13497 free_cma:0
[  322.407863][T15913] Node 0 active_anon:14856kB inactive_anon:0kB active_file:6340kB inactive_file:131280kB unevictable:3536kB isolated(anon):0kB isolated(file):0kB mapped:64808kB dirty:7652kB writeback:0kB shmem:5560kB shmem_thp:0kB shmem_pmdmapped:0kB anon_thp:0kB kernel_stack:7056kB pagetables:3728kB sec_pagetables:0kB all_unreclaimable? no Balloon:0kB
[  322.438952][T15913] Node 1 active_anon:12296kB inactive_anon:0kB active_file:5476kB inactive_file:78524kB unevictable:3536kB isolated(anon):0kB isolated(file):0kB mapped:44476kB dirty:256kB writeback:0kB shmem:5624kB shmem_thp:0kB shmem_pmdmapped:0kB anon_thp:0kB kernel_stack:5456kB pagetables:3372kB sec_pagetables:0kB all_unreclaimable? no Balloon:0kB
[  322.518935][T15913] Node 0 DMA free:15116kB boost:0kB min:452kB low:564kB high:676kB reserved_highatomic:0KB free_highatomic:0KB active_anon:0kB inactive_anon:0kB active_file:0kB inactive_file:0kB unevictable:0kB writepending:0kB zspages:0kB present:15992kB managed:15360kB mlocked:0kB bounce:0kB free_pcp:244kB local_pcp:116kB free_cma:0kB
[  322.551758][T15913] lowmem_reserve[]: 0 1176 1176 1176 1176
[  322.559427][T15913] Node 0 DMA32 free:598408kB boost:0kB min:34836kB low:43544kB high:52252kB reserved_highatomic:0KB free_highatomic:0KB active_anon:14732kB inactive_anon:0kB active_file:6340kB inactive_file:131280kB unevictable:3536kB writepending:8688kB zspages:0kB present:2080772kB managed:1204832kB mlocked:0kB bounce:0kB free_pcp:11152kB local_pcp:4080kB free_cma:0kB
[  322.604445][T15913] lowmem_reserve[]: 0 0 0 0 0
[  322.614305][T15913] Node 1 DMA32 free:703380kB boost:0kB min:29136kB low:36420kB high:43704kB reserved_highatomic:0KB free_highatomic:0KB active_anon:0kB inactive_anon:0kB active_file:0kB inactive_file:0kB unevictable:0kB writepending:0kB zspages:0kB present:1048444kB managed:982908kB mlocked:0kB bounce:0kB free_pcp:44104kB local_pcp:6940kB free_cma:0kB
[  322.650962][T15913] lowmem_reserve[]: 0 0 846 846 846
[  322.658494][T15913] Node 1 Normal free:129388kB boost:0kB min:25680kB low:32100kB high:38520kB reserved_highatomic:0KB free_highatomic:0KB active_anon:12396kB inactive_anon:0kB active_file:5476kB inactive_file:78524kB unevictable:3536kB writepending:256kB zspages:0kB present:1048576kB managed:866440kB mlocked:0kB bounce:0kB free_pcp:23848kB local_pcp:296kB free_cma:0kB
[  322.746356][T15913] lowmem_reserve[]: 0 0 0 0 0
[  322.749777][T15913] Node 0 DMA: 3*4kB (U) 2*8kB (U) 1*16kB (U) 1*32kB (U) 1*64kB (U) 3*128kB (U) 3*256kB (U) 3*512kB (U) 4*1024kB (U) 2*2048kB (UM) 1*4096kB (U) = 15116kB
[  322.820688][T15913] Node 0 DMA32: 216*4kB (UM) 1127*8kB (UME) 1044*16kB (UME) 775*32kB (UME) 672*64kB (UME) 417*128kB (UME) 300*256kB (UME) 204*512kB (UM) 131*1024kB (UE) 30*2048kB (U) 18*4096kB (U) = 598328kB
[  322.856977][T15913] Node 1 DMA32: 67*4kB (UM) 63*8kB (UME) 71*16kB (UM) 81*32kB (UM) 77*64kB (UM) 75*128kB (UM) 73*256kB (UME) 70*512kB (UME) 53*1024kB (UME) 9*2048kB (UME) 138*4096kB (UM) = 711508kB
[  322.870331][T15913] Node 1 Normal: 227*4kB (UME) 124*8kB (UME) 19*16kB (UME) 36*32kB (UM) 22*64kB (UME) 19*128kB (UME) 38*256kB (UM) 98*512kB (UME) 64*1024kB (UME) 1*2048kB (U) 0*4096kB = 134684kB
[  322.903888][T15913] Node 0 hugepages_total=2 hugepages_free=2 hugepages_surp=0 hugepages_size=2048kB
[  322.923188][T15913] Node 1 hugepages_total=2 hugepages_free=2 hugepages_surp=0 hugepages_size=2048kB
[  322.944568][T15913] 58201 total pagecache pages
[  322.956141][T15913] 0 pages in swap cache
[  322.963012][T15913] Free swap  = 124996kB
[  322.969822][T15913] Total swap = 124996kB
[  322.972024][T15913] 1048446 pages RAM
[  322.978925][T15913] 0 pages HighMem/MovableOnly
[  322.986558][T15913] 281061 pages reserved
[  322.988720][T15913] 0 pages cma reserved
[  329.266090][T16098] i2c i2c-0: Invalid block write size 33
[  329.282992][T16097] i2c i2c-0: Invalid block write size 33
[  329.668561][    C1] vkms_vblank_simulate: vblank timer overrun
[  329.740453][    C1] vkms_vblank_simulate: vblank timer overrun
[  330.117367][    C1] vkms_vblank_simulate: vblank timer overrun
[  330.402370][    C1] vkms_vblank_simulate: vblank timer overrun
[  330.592580][    C1] vkms_vblank_simulate: vblank timer overrun
[  331.116535][    C1] vkms_vblank_simulate: vblank timer overrun
[  331.827039][    C1] vkms_vblank_simulate: vblank timer overrun
[  332.174844][    C1] vkms_vblank_simulate: vblank timer overrun
[  333.522525][    C1] vkms_vblank_simulate: vblank timer overrun
[  336.747605][T16225] warn_alloc: 7 callbacks suppressed
[  336.747679][T16225] syz.2.1958: vmalloc error: size 3551232, failed to allocated page array size 6936, mode:0xdc2(GFP_KERNEL|__GFP_HIGHMEM|__GFP_ZERO), nodemask=(null),cpuset=/,mems_allowed=0-1
[  336.763484][T16225] CPU: 2 UID: 0 PID: 16225 Comm: syz.2.1958 Not tainted 6.18.0 #1 PREEMPT(full) 
[  336.763547][T16225] Hardware name: QEMU Standard PC (i440FX + PIIX, 1996), BIOS rel-1.16.3-0-ga6ed6b701f0a-prebuilt.qemu.org 04/01/2014
[  336.763608][T16225] Call Trace:
[  336.763696][T16225]  <TASK>
[  336.763747][T16225]  dump_stack_lvl+0x180/0x1b0
[  336.764448][T16225]  warn_alloc+0x211/0x360
[  336.764675][T16225]  ? __pfx_warn_alloc+0x10/0x10
[  336.764694][T16225]  ? rcu_is_watching+0x12/0xc0
[  336.764822][T16225]  ? __pfx_alloc_vmap_area+0x10/0x10
[  336.764894][T16225]  ? __get_vm_area_node+0x10c/0x340
[  336.764942][T16225]  ? drm_property_create_blob.part.0+0x34/0x320
[  336.765104][T16225]  ? __vmalloc_node_noprof+0xac/0xf0
[  336.765139][T16225]  __vmalloc_node_range_noprof+0xfaa/0x13b0
[  336.765178][T16225]  ? alloc_vmap_area+0x55c/0x2860
[  336.765204][T16225]  ? drm_property_create_blob.part.0+0x34/0x320
[  336.765242][T16225]  ? __pfx___vmalloc_node_range_noprof+0x10/0x10
[  336.765272][T16225]  ? __pfx_alloc_vmap_area+0x10/0x10
[  336.765298][T16225]  ? stack_trace_save+0x8e/0xc0
[  336.765388][T16225]  ? __get_vm_area_node+0x10c/0x340
[  336.765434][T16225]  ? drm_property_create_blob.part.0+0x34/0x320
[  336.765462][T16225]  __vmalloc_node_noprof+0xac/0xf0
[  336.765493][T16225]  ? drm_property_create_blob.part.0+0x34/0x320
[  336.765525][T16225]  __vmalloc_node_range_noprof+0x40d/0x13b0
[  336.765558][T16225]  ? do_raw_spin_lock+0x12b/0x2b0
[  336.765623][T16225]  ? drm_property_create_blob.part.0+0x34/0x320
[  336.765661][T16225]  ? __pfx___vmalloc_node_range_noprof+0x10/0x10
[  336.765703][T16225]  __kvmalloc_node_noprof+0x41f/0x9d0
[  336.765743][T16225]  ? drm_property_create_blob.part.0+0x34/0x320
[  336.765774][T16225]  ? drm_property_create_blob.part.0+0x34/0x320
[  336.765809][T16225]  ? drm_property_create_blob.part.0+0x34/0x320
[  336.765837][T16225]  drm_property_create_blob.part.0+0x34/0x320
[  336.765871][T16225]  drm_mode_createblob_ioctl+0x139/0x490
[  336.765918][T16225]  drm_ioctl_kernel+0x1ed/0x3e0
[  336.765950][T16225]  ? __pfx_drm_mode_createblob_ioctl+0x10/0x10
[  336.765980][T16225]  ? __pfx_drm_ioctl_kernel+0x10/0x10
[  336.766007][T16225]  drm_ioctl+0x574/0xb90
[  336.766029][T16225]  ? __pfx_drm_mode_createblob_ioctl+0x10/0x10
[  336.766083][T16225]  ? __pfx_drm_ioctl+0x10/0x10
[  336.766104][T16225]  ? hook_file_ioctl_common+0x146/0x3f0
[  336.766278][T16225]  ? __fget_files+0x1fb/0x3b0
[  336.766379][T16225]  ? __pfx_drm_ioctl+0x10/0x10
[  336.766411][T16225]  __x64_sys_ioctl+0x18f/0x210
[  336.766446][T16225]  do_syscall_64+0xcb/0xfa0
[  336.766523][T16225]  entry_SYSCALL_64_after_hwframe+0x77/0x7f
[  336.766596][T16225] RIP: 0033:0x7fcd803b059d
[  336.766668][T16225] Code: 02 b8 ff ff ff ff c3 66 0f 1f 44 00 00 f3 0f 1e fa 48 89 f8 48 89 f7 48 89 d6 48 89 ca 4d 89 c2 4d 89 c8 4c 8b 4c 24 08 0f 05 <48> 3d 01 f0 ff ff 73 01 c3 48 c7 c1 a8 ff ff ff f7 d8 64 89 01 48
[  336.766688][T16225] RSP: 002b:00007fcd811bcf98 EFLAGS: 00000246 ORIG_RAX: 0000000000000010
[  336.766757][T16225] RAX: ffffffffffffffda RBX: 00007fcd80625fa0 RCX: 00007fcd803b059d
[  336.766770][T16225] RDX: 0000200000000000 RSI: 00000000c01064bd RDI: 0000000000000003
[  336.766782][T16225] RBP: 00007fcd8044e078 R08: 0000000000000000 R09: 0000000000000000
[  336.766794][T16225] R10: 0000000000000000 R11: 0000000000000246 R12: 0000000000000000
[  336.766806][T16225] R13: 00007fcd80626038 R14: 00007fcd80625fa0 R15: 00007fcd8119d000
[  336.766834][T16225]  </TASK>
[  337.028677][T16225] Mem-Info:
[  337.030832][T16225] active_anon:6932 inactive_anon:0 isolated_anon:0
[  337.030832][T16225]  active_file:2954 inactive_file:52462 isolated_file:0
[  337.030832][T16225]  unevictable:1768 dirty:2169 writeback:0
[  337.030832][T16225]  slab_reclaimable:12849 slab_unreclaimable:63355
[  337.030832][T16225]  mapped:27463 shmem:2796 pagetables:1727
[  337.030832][T16225]  sec_pagetables:0 bounce:0
[  337.030832][T16225]  kernel_misc_reclaimable:0
[  337.030832][T16225]  free:373762 free_pcp:12375 free_cma:0
[  337.057295][T16225] Node 0 active_anon:14876kB inactive_anon:0kB active_file:6348kB inactive_file:131304kB unevictable:3536kB isolated(anon):0kB isolated(file):0kB mapped:65336kB dirty:8560kB writeback:0kB shmem:5560kB shmem_thp:0kB shmem_pmdmapped:0kB anon_thp:0kB kernel_stack:7056kB pagetables:3308kB sec_pagetables:0kB all_unreclaimable? no Balloon:0kB
[  337.079148][T16225] Node 1 active_anon:12852kB inactive_anon:0kB active_file:5468kB inactive_file:78544kB unevictable:3536kB isolated(anon):0kB isolated(file):0kB mapped:44516kB dirty:124kB writeback:0kB shmem:5624kB shmem_thp:0kB shmem_pmdmapped:0kB anon_thp:0kB kernel_stack:5488kB pagetables:3600kB sec_pagetables:0kB all_unreclaimable? no Balloon:0kB
[  337.144385][T16225] Node 0 DMA free:15116kB boost:0kB min:452kB low:564kB high:676kB reserved_highatomic:0KB free_highatomic:0KB active_anon:0kB inactive_anon:0kB active_file:0kB inactive_file:0kB unevictable:0kB writepending:0kB zspages:0kB present:15992kB managed:15360kB mlocked:0kB bounce:0kB free_pcp:244kB local_pcp:36kB free_cma:0kB
[  337.180828][T16225] lowmem_reserve[]: 0 1176 1176 1176 1176
[  337.189457][T16225] Node 0 DMA32 free:293324kB boost:0kB min:34836kB low:43544kB high:52252kB reserved_highatomic:0KB free_highatomic:0KB active_anon:14876kB inactive_anon:0kB active_file:6348kB inactive_file:131304kB unevictable:3536kB writepending:8560kB zspages:0kB present:2080772kB managed:1204832kB mlocked:0kB bounce:0kB free_pcp:16640kB local_pcp:9428kB free_cma:0kB
[  337.223739][T16225] lowmem_reserve[]: 0 0 0 0 0
[  337.226880][T16225] Node 1 DMA32 free:962412kB boost:0kB min:29136kB low:36420kB high:43704kB reserved_highatomic:0KB free_highatomic:0KB active_anon:0kB inactive_anon:0kB active_file:0kB inactive_file:0kB unevictable:0kB writepending:0kB zspages:0kB present:1048444kB managed:982908kB mlocked:0kB bounce:0kB free_pcp:16324kB local_pcp:6912kB free_cma:0kB
[  337.229587][    C1] vkms_vblank_simulate: vblank timer overrun
[  337.257886][T16225] lowmem_reserve[]:
[  337.258684][    C1] vkms_vblank_simulate: vblank timer overrun
[  337.269803][T16225]  0 0 846 846 846
[  337.275719][T16225] Node 1 Normal free:225496kB boost:0kB min:25680kB low:32100kB high:38520kB reserved_highatomic:0KB free_highatomic:0KB active_anon:12852kB inactive_anon:0kB active_file:5468kB inactive_file:78544kB unevictable:3536kB writepending:124kB zspages:0kB present:1048576kB managed:866440kB mlocked:0kB bounce:0kB free_pcp:17068kB local_pcp:136kB free_cma:0kB
[  337.308740][T16225] lowmem_reserve[]: 0 0 0 0 0
[  337.311098][T16225] Node 0 DMA: 3*4kB (U) 2*8kB (U) 1*16kB (U) 1*32kB (U) 1*64kB (U) 3*128kB (U) 3*256kB (U) 3*512kB (U) 4*1024kB (U) 2*2048kB (UM) 1*4096kB (U) = 15116kB
[  337.332491][T16225] Node 0 DMA32: 8*4kB (ME) 14*8kB (UE) 10*16kB (UME) 2*32kB (UM) 7*64kB (ME) 6*128kB (UME) 2*256kB (UE) 3*512kB (M) 121*1024kB (UE) 39*2048kB (U) 19*4096kB (U) = 285232kB
[  337.359323][T16225] Node 1 DMA32: 74*4kB (UM) 47*8kB (UME) 80*16kB (UME) 86*32kB (UME) 83*64kB (UME) 79*128kB (UME) 71*256kB (UE) 71*512kB (UME) 51*1024kB (UME) 12*2048kB (UME) 198*4096kB (UM) = 962464kB
[  337.380965][T16225] Node 1 Normal: 293*4kB (UME) 168*8kB (UME) 12*16kB (UME) 225*32kB (UME) 166*64kB (UME) 192*128kB (UME) 259*256kB (UM) 122*512kB (UME) 62*1024kB (UME) 2*2048kB (U) 0*4096kB = 241460kB
[  337.409231][T16225] Node 0 hugepages_total=2 hugepages_free=2 hugepages_surp=0 hugepages_size=2048kB
[  337.422683][T16225] Node 1 hugepages_total=2 hugepages_free=2 hugepages_surp=0 hugepages_size=2048kB
[  337.438130][T16225] 58218 total pagecache pages
[  337.440275][T16225] 0 pages in swap cache
[  337.448213][T16225] Free swap  = 124996kB
[  337.453261][T16225] Total swap = 124996kB
[  337.460074][T16225] 1048446 pages RAM
[  337.466238][T16225] 0 pages HighMem/MovableOnly
[  337.468350][T16225] 281061 pages reserved
[  337.482633][T16225] 0 pages cma reserved
[  337.763532][    C1] vkms_vblank_simulate: vblank timer overrun
[  337.810541][    C1] vkms_vblank_simulate: vblank timer overrun
[  338.144591][    C1] vkms_vblank_simulate: vblank timer overrun
[  338.491669][    C1] vkms_vblank_simulate: vblank timer overrun
[  339.004372][    C1] vkms_vblank_simulate: vblank timer overrun
[  339.077675][    C1] vkms_vblank_simulate: vblank timer overrun
[  339.235038][    C1] vkms_vblank_simulate: vblank timer overrun
[  339.287286][    C1] vkms_vblank_simulate: vblank timer overrun
[  339.385070][    C1] vkms_vblank_simulate: vblank timer overrun
[  339.524640][    C1] vkms_vblank_simulate: vblank timer overrun
[  339.592791][    C1] vkms_vblank_simulate: vblank timer overrun
[  339.729637][    C1] vkms_vblank_simulate: vblank timer overrun
[  339.949376][    C1] vkms_vblank_simulate: vblank timer overrun
[  347.744228][T16395] warn_alloc: 13 callbacks suppressed
[  347.744250][T16395] syz.0.2024: vmalloc error: size 3551232, failed to allocated page array size 6936, mode:0xdc2(GFP_KERNEL|__GFP_HIGHMEM|__GFP_ZERO), nodemask=(null),cpuset=/,mems_allowed=0-1
[  347.783529][T16395] CPU: 0 UID: 0 PID: 16395 Comm: syz.0.2024 Not tainted 6.18.0 #1 PREEMPT(full) 
[  347.783558][T16395] Hardware name: QEMU Standard PC (i440FX + PIIX, 1996), BIOS rel-1.16.3-0-ga6ed6b701f0a-prebuilt.qemu.org 04/01/2014
[  347.783572][T16395] Call Trace:
[  347.783580][T16395]  <TASK>
[  347.783588][T16395]  dump_stack_lvl+0x180/0x1b0
[  347.783627][T16395]  warn_alloc+0x211/0x360
[  347.783654][T16395]  ? __pfx_warn_alloc+0x10/0x10
[  347.783673][T16395]  ? rcu_is_watching+0x12/0xc0
[  347.783699][T16395]  ? __pfx_alloc_vmap_area+0x10/0x10
[  347.783728][T16395]  ? __get_vm_area_node+0x10c/0x340
[  347.783762][T16395]  ? drm_property_create_blob.part.0+0x34/0x320
[  347.783794][T16395]  ? __vmalloc_node_noprof+0xac/0xf0
[  347.783830][T16395]  __vmalloc_node_range_noprof+0xfaa/0x13b0
[  347.783869][T16395]  ? alloc_vmap_area+0x55c/0x2860
[  347.783896][T16395]  ? drm_property_create_blob.part.0+0x34/0x320
[  347.783935][T16395]  ? __pfx___vmalloc_node_range_noprof+0x10/0x10
[  347.783979][T16395]  ? __pfx_alloc_vmap_area+0x10/0x10
[  347.784006][T16395]  ? stack_trace_save+0x8e/0xc0
[  347.784030][T16395]  ? __get_vm_area_node+0x10c/0x340
[  347.784065][T16395]  ? drm_property_create_blob.part.0+0x34/0x320
[  347.784093][T16395]  __vmalloc_node_noprof+0xac/0xf0
[  347.784123][T16395]  ? drm_property_create_blob.part.0+0x34/0x320
[  347.784154][T16395]  __vmalloc_node_range_noprof+0x40d/0x13b0
[  347.784188][T16395]  ? do_raw_spin_lock+0x12b/0x2b0
[  347.784213][T16395]  ? drm_property_create_blob.part.0+0x34/0x320
[  347.784319][T16395]  ? __pfx___vmalloc_node_range_noprof+0x10/0x10
[  347.784363][T16395]  __kvmalloc_node_noprof+0x41f/0x9d0
[  347.784389][T16395]  ? drm_property_create_blob.part.0+0x34/0x320
[  347.784419][T16395]  ? drm_property_create_blob.part.0+0x34/0x320
[  347.784466][T16395]  ? drm_property_create_blob.part.0+0x34/0x320
[  347.784493][T16395]  drm_property_create_blob.part.0+0x34/0x320
[  347.784527][T16395]  drm_mode_createblob_ioctl+0x139/0x490
[  347.784561][T16395]  drm_ioctl_kernel+0x1ed/0x3e0
[  347.784580][T16395]  ? __pfx_drm_mode_createblob_ioctl+0x10/0x10
[  347.784610][T16395]  ? __pfx_drm_ioctl_kernel+0x10/0x10
[  347.784693][T16395]  drm_ioctl+0x574/0xb90
[  347.784714][T16395]  ? __pfx_drm_mode_createblob_ioctl+0x10/0x10
[  347.784742][T16395]  ? __pfx_drm_ioctl+0x10/0x10
[  347.784761][T16395]  ? hook_file_ioctl_common+0x146/0x3f0
[  347.784792][T16395]  ? __fget_files+0x1fb/0x3b0
[  347.784818][T16395]  ? __pfx_drm_ioctl+0x10/0x10
[  347.784836][T16395]  __x64_sys_ioctl+0x18f/0x210
[  347.784857][T16395]  do_syscall_64+0xcb/0xfa0
[  347.784890][T16395]  entry_SYSCALL_64_after_hwframe+0x77/0x7f
[  347.784910][T16395] RIP: 0033:0x7efea31b059d
[  347.784926][T16395] Code: 02 b8 ff ff ff ff c3 66 0f 1f 44 00 00 f3 0f 1e fa 48 89 f8 48 89 f7 48 89 d6 48 89 ca 4d 89 c2 4d 89 c8 4c 8b 4c 24 08 0f 05 <48> 3d 01 f0 ff ff 73 01 c3 48 c7 c1 a8 ff ff ff f7 d8 64 89 01 48
[  347.784978][T16395] RSP: 002b:00007efea3feaf98 EFLAGS: 00000246 ORIG_RAX: 0000000000000010
[  347.784997][T16395] RAX: ffffffffffffffda RBX: 00007efea3426180 RCX: 00007efea31b059d
[  347.785010][T16395] RDX: 0000200000000000 RSI: 00000000c01064bd RDI: 0000000000000008
[  347.785022][T16395] RBP: 00007efea324e078 R08: 0000000000000000 R09: 0000000000000000
[  347.785034][T16395] R10: 0000000000000000 R11: 0000000000000246 R12: 0000000000000000
[  347.785046][T16395] R13: 00007efea3426218 R14: 00007efea3426180 R15: 00007efea3fcb000
[  347.785075][T16395]  </TASK>
[  347.785232][T16395] Mem-Info:
[  348.170975][T16395] active_anon:6918 inactive_anon:0 isolated_anon:0
[  348.170975][T16395]  active_file:2954 inactive_file:52475 isolated_file:0
[  348.170975][T16395]  unevictable:1768 dirty:1898 writeback:0
[  348.170975][T16395]  slab_reclaimable:12683 slab_unreclaimable:64303
[  348.170975][T16395]  mapped:27449 shmem:2796 pagetables:1787
[  348.170975][T16395]  sec_pagetables:0 bounce:0
[  348.170975][T16395]  kernel_misc_reclaimable:0
[  348.170975][T16395]  free:351590 free_pcp:9614 free_cma:0
[  348.234495][T16395] Node 0 active_anon:14820kB inactive_anon:0kB active_file:6348kB inactive_file:131340kB unevictable:3536kB isolated(anon):0kB isolated(file):0kB mapped:65336kB dirty:7476kB writeback:0kB shmem:5560kB shmem_thp:0kB shmem_pmdmapped:0kB anon_thp:0kB kernel_stack:7088kB pagetables:3628kB sec_pagetables:0kB all_unreclaimable? no Balloon:0kB
[  348.271122][T16395] Node 1 active_anon:12680kB inactive_anon:0kB active_file:5468kB inactive_file:78560kB unevictable:3536kB isolated(anon):0kB isolated(file):0kB mapped:44464kB dirty:208kB writeback:0kB shmem:5624kB shmem_thp:0kB shmem_pmdmapped:0kB anon_thp:0kB kernel_stack:5484kB pagetables:3508kB sec_pagetables:0kB all_unreclaimable? no Balloon:0kB
[  348.309363][T16395] Node 0 DMA free:15116kB boost:0kB min:452kB low:564kB high:676kB reserved_highatomic:0KB free_highatomic:0KB active_anon:0kB inactive_anon:0kB active_file:0kB inactive_file:0kB unevictable:0kB writepending:0kB zspages:0kB present:15992kB managed:15360kB mlocked:0kB bounce:0kB free_pcp:244kB local_pcp:116kB free_cma:0kB
[  348.346276][T16395] lowmem_reserve[]: 0 1176 1176 1176 1176
[  348.348851][T16395] Node 0 DMA32 free:497492kB boost:0kB min:34836kB low:43544kB high:52252kB reserved_highatomic:0KB free_highatomic:0KB active_anon:14820kB inactive_anon:0kB active_file:6348kB inactive_file:131340kB unevictable:3536kB writepending:7476kB zspages:0kB present:2080772kB managed:1204832kB mlocked:0kB bounce:0kB free_pcp:19404kB local_pcp:5980kB free_cma:0kB
[  348.376332][T16395] lowmem_reserve[]: 0 0 0 0 0
[  348.378587][T16395] Node 1 DMA32 free:849212kB boost:0kB min:29136kB low:36420kB high:43704kB reserved_highatomic:0KB free_highatomic:0KB active_anon:4kB inactive_anon:0kB active_file:0kB inactive_file:0kB unevictable:0kB writepending:0kB zspages:0kB present:1048444kB managed:982908kB mlocked:0kB bounce:0kB free_pcp:12688kB local_pcp:1224kB free_cma:0kB
[  348.419196][T16395] lowmem_reserve[]: 0 0 846 846 846
[  348.426505][T16395] Node 1 Normal free:31372kB boost:0kB min:25680kB low:32100kB high:38520kB reserved_highatomic:0KB free_highatomic:0KB active_anon:12676kB inactive_anon:0kB active_file:5468kB inactive_file:78560kB unevictable:3536kB writepending:208kB zspages:0kB present:1048576kB managed:866440kB mlocked:0kB bounce:0kB free_pcp:4828kB local_pcp:128kB free_cma:0kB
[  348.474074][T16395] lowmem_reserve[]: 0 0 0 0 0
[  348.485345][T16395] Node 0 DMA: 3*4kB (U) 2*8kB (U) 1*16kB (U) 1*32kB (U) 1*64kB (U) 3*128kB (U) 3*256kB (U) 3*512kB (U) 4*1024kB (U) 2*2048kB (UM) 1*4096kB (U) = 15116kB
[  348.525245][T16395] Node 0 DMA32: 15*4kB (M) 5*8kB (UM) 63*16kB (UM) 876*32kB (UME) 715*64kB (UME) 436*128kB (UME) 260*256kB (UME) 124*512kB (UM) 73*1024kB (UE) 38*2048kB (U) 20*4096kB (U) = 495252kB
[  348.539909][T16395] Node 1 DMA32: 2*4kB (UM) 1*8kB (M) 0*16kB 1*32kB (M) 1*64kB (M) 1*128kB (M) 47*256kB (U) 71*512kB (UM) 46*1024kB (UM) 2*2048kB (UM) 181*4096kB (UME) = 841200kB
[  348.550791][T16395] Node 1 Normal: 310*4kB (UME) 202*8kB (UME) 7*16kB (ME) 34*32kB (UME) 16*64kB (UME) 12*128kB (ME) 3*256kB (UM) 5*512kB (UME) 21*1024kB (UME) 0*2048kB 0*4096kB = 31448kB
[  348.566740][T16395] Node 0 hugepages_total=2 hugepages_free=2 hugepages_surp=0 hugepages_size=2048kB
[  348.579552][T16395] Node 1 hugepages_total=2 hugepages_free=2 hugepages_surp=0 hugepages_size=2048kB
[  348.589302][T16395] 58229 total pagecache pages
[  348.595713][T16395] 0 pages in swap cache
[  348.602314][T16395] Free swap  = 124996kB
[  348.606667][T16395] Total swap = 124996kB
[  348.612622][T16395] 1048446 pages RAM
[  348.630932][T16395] 0 pages HighMem/MovableOnly
[  348.637673][T16395] 281061 pages reserved
[  348.643353][T16395] 0 pages cma reserved
[  353.479567][    C3] vkms_vblank_simulate: vblank timer overrun
[  354.995490][T16632] i2c i2c-0: Invalid block write size 137
[  357.302553][ T1354] ieee802154 phy0 wpan0: encryption failed: -22
[  357.309272][ T1354] ieee802154 phy1 wpan1: encryption failed: -22
[  362.050649][    C3] vkms_vblank_simulate: vblank timer overrun
[  362.946784][    C3] vkms_vblank_simulate: vblank timer overrun
[  363.426315][T16807] warn_alloc: 10 callbacks suppressed
[  363.426335][T16807] syz.3.2184: vmalloc error: size 261324800, failed to allocated page array size 510400, mode:0xdc2(GFP_KERNEL|__GFP_HIGHMEM|__GFP_ZERO), nodemask=(null),cpuset=/,mems_allowed=0-1
[  363.465482][T16807] CPU: 2 UID: 0 PID: 16807 Comm: syz.3.2184 Not tainted 6.18.0 #1 PREEMPT(full) 
[  363.465875][T16807] Hardware name: QEMU Standard PC (i440FX + PIIX, 1996), BIOS rel-1.16.3-0-ga6ed6b701f0a-prebuilt.qemu.org 04/01/2014
[  363.465888][T16807] Call Trace:
[  363.465897][T16807]  <TASK>
[  363.465905][T16807]  dump_stack_lvl+0x180/0x1b0
[  363.465941][T16807]  warn_alloc+0x211/0x360
[  363.465966][T16807]  ? __pfx_warn_alloc+0x10/0x10
[  363.466030][T16807]  ? __pfx_alloc_vmap_area+0x10/0x10
[  363.466056][T16807]  ? __get_vm_area_node+0x10c/0x340
[  363.466088][T16807]  ? drm_property_create_blob.part.0+0x34/0x320
[  363.466118][T16807]  ? __vmalloc_node_noprof+0xac/0xf0
[  363.466152][T16807]  __vmalloc_node_range_noprof+0xfaa/0x13b0
[  363.466192][T16807]  ? drm_property_create_blob.part.0+0x34/0x320
[  363.466228][T16807]  ? __pfx___vmalloc_node_range_noprof+0x10/0x10
[  363.466323][T16807]  __kvmalloc_node_noprof+0x41f/0x9d0
[  363.466350][T16807]  ? drm_property_create_blob.part.0+0x34/0x320
[  363.466380][T16807]  ? drm_property_create_blob.part.0+0x34/0x320
[  363.466414][T16807]  ? drm_property_create_blob.part.0+0x34/0x320
[  363.466441][T16807]  drm_property_create_blob.part.0+0x34/0x320
[  363.466474][T16807]  drm_mode_createblob_ioctl+0x139/0x490
[  363.466519][T16807]  drm_ioctl_kernel+0x1ed/0x3e0
[  363.466534][T16807]  ? __pfx_drm_mode_createblob_ioctl+0x10/0x10
[  363.466558][T16807]  ? __pfx_drm_ioctl_kernel+0x10/0x10
[  363.466581][T16807]  drm_ioctl+0x574/0xb90
[  363.466640][T16807]  ? __pfx_drm_mode_createblob_ioctl+0x10/0x10
[  363.466669][T16807]  ? __pfx_drm_ioctl+0x10/0x10
[  363.466688][T16807]  ? hook_file_ioctl_common+0x146/0x3f0
[  363.466721][T16807]  ? __fget_files+0x1fb/0x3b0
[  363.466747][T16807]  ? __pfx_drm_ioctl+0x10/0x10
[  363.466766][T16807]  __x64_sys_ioctl+0x18f/0x210
[  363.466787][T16807]  do_syscall_64+0xcb/0xfa0
[  363.466818][T16807]  entry_SYSCALL_64_after_hwframe+0x77/0x7f
[  363.466839][T16807] RIP: 0033:0x7fe8cfbb059d
[  363.466856][T16807] Code: 02 b8 ff ff ff ff c3 66 0f 1f 44 00 00 f3 0f 1e fa 48 89 f8 48 89 f7 48 89 d6 48 89 ca 4d 89 c2 4d 89 c8 4c 8b 4c 24 08 0f 05 <48> 3d 01 f0 ff ff 73 01 c3 48 c7 c1 a8 ff ff ff f7 d8 64 89 01 48
[  363.466874][T16807] RSP: 002b:00007fe8d0a38f98 EFLAGS: 00000246 ORIG_RAX: 0000000000000010
[  363.466894][T16807] RAX: ffffffffffffffda RBX: 00007fe8cfe25fa0 RCX: 00007fe8cfbb059d
[  363.466907][T16807] RDX: 0000200000000100 RSI: 00000000c01064bd RDI: 000000000000000a
[  363.466919][T16807] RBP: 00007fe8cfc4e078 R08: 0000000000000000 R09: 0000000000000000
[  363.466930][T16807] R10: 0000000000000000 R11: 0000000000000246 R12: 0000000000000000
[  363.466941][T16807] R13: 00007fe8cfe26038 R14: 00007fe8cfe25fa0 R15: 00007fe8d0a19000
[  363.466969][T16807]  </TASK>
[  363.467155][T16807] Mem-Info:
[  363.566272][ T5201] Bluetooth: hci1: unexpected cc 0x0c03 length: 249 > 1
[  363.572100][T16807] active_anon:6899 inactive_anon:0 isolated_anon:0
[  363.572100][T16807]  active_file:2954 inactive_file:52493 isolated_file:0
[  363.572100][T16807]  unevictable:1768 dirty:2237 writeback:0
[  363.572100][T16807]  slab_reclaimable:13126 slab_unreclaimable:63081
[  363.572100][T16807]  mapped:27324 shmem:2793 pagetables:1686
[  363.572100][T16807]  sec_pagetables:0 bounce:0
[  363.572100][T16807]  kernel_misc_reclaimable:0
[  363.572100][T16807]  free:475605 free_pcp:14173 free_cma:0
[  363.572218][T16807] Node 0 active_anon:15912kB inactive_anon:0kB active_file:6344kB inactive_file:131404kB unevictable:3536kB isolated(anon):0kB isolated(file):0kB mapped:82448kB dirty:8700kB writeback:0kB shmem:5560kB shmem_thp:0kB shmem_pmdmapped:0kB anon_thp:0kB kernel_stack:7120kB pagetables:3528kB sec_pagetables:0kB all_unreclaimable? no Balloon:0kB
[  363.572265][T16807] Node 1 active_anon:11684kB inactive_anon:0kB active_file:5472kB inactive_file:78568kB unevictable:3536kB isolated(anon):0kB isolated(file):0kB mapped:26848kB dirty:248kB writeback:0kB shmem:5612kB shmem_thp:0kB shmem_pmdmapped:0kB anon_thp:0kB kernel_stack:5500kB pagetables:3216kB sec_pagetables:0kB all_unreclaimable? no Balloon:0kB
[  363.572311][T16807] Node 0 DMA free:14988kB boost:0kB min:452kB low:564kB high:676kB reserved_highatomic:0KB free_highatomic:0KB active_anon:0kB inactive_anon:0kB active_file:0kB inactive_file:0kB unevictable:0kB writepending:0kB zspages:0kB present:15992kB managed:15360kB mlocked:0kB bounce:0kB free_pcp:372kB local_pcp:36kB free_cma:0kB
[  363.572367][T16807] lowmem_reserve[]: 0 1176 1176 1176 1176
[  363.572407][T16807] Node 0 DMA32 free:536820kB boost:0kB min:34836kB low:43544kB high:52252kB reserved_highatomic:0KB free_highatomic:0KB active_anon:15912kB inactive_anon:0kB active_file:6344kB inactive_file:131404kB unevictable:3536kB writepending:8700kB zspages:0kB present:2080772kB managed:1204832kB mlocked:0kB bounce:0kB free_pcp:23472kB local_pcp:8008kB free_cma:0kB
[  363.572463][T16807] lowmem_reserve[]: 0 0 0 0 0
[  363.572536][T16807] Node 1 DMA32 free:957704kB boost:0kB min:29136kB low:36420kB high:43704kB reserved_highatomic:0KB free_highatomic:0KB active_anon:0kB inactive_anon:0kB active_file:0kB inactive_file:8kB unevictable:0kB writepending:0kB zspages:0kB present:1048444kB managed:982908kB mlocked:0kB bounce:0kB free_pcp:23860kB local_pcp:5728kB free_cma:0kB
[  363.589555][ T5201] Bluetooth: hci1: unexpected cc 0x1003 length: 249 > 9
[  363.594904][T16807] lowmem_reserve[]: 0 0 846 846 846
[  363.594982][T16807] Node 1 Normal free:392908kB boost:0kB min:25680kB low:32100kB high:38520kB reserved_highatomic:0KB free_highatomic:0KB active_anon:11684kB inactive_anon:0kB active_file:5472kB inactive_file:78560kB unevictable:3536kB writepending:248kB zspages:0kB present:1048576kB managed:866440kB mlocked:0kB bounce:0kB free_pcp:8988kB local_pcp:232kB free_cma:0kB
[  363.595081][T16807] lowmem_reserve[]: 0 0 0 0 0
[  363.595123][T16807] Node 0 DMA: 3*4kB (U) 2*8kB (U) 1*16kB (U) 1*32kB (U) 1*64kB (U) 4*128kB (U) 4*256kB (U) 4*512kB (U) 5*1024kB (U) 1*2048kB (U) 1*4096kB (U) = 14988kB
[  363.595295][T16807] Node 0 DMA32: 77*4kB (UME) 37*8kB (UME) 23*16kB (UM) 16*32kB (UME) 367*64kB (UME) 470*128kB (UME) 320*256kB (UME) 212*512kB (UM) 125*1024kB (UME) 31*2048kB (U) 17*4096kB (U) = 536716kB
[  363.595475][T16807] Node 1 DMA32: 70*4kB (UME) 74*8kB (UME) 74*16kB (UME) 104*32kB (UME) 84*64kB (UME) 84*128kB (UME) 69*256kB (UME) 78*512kB (UME) 50*1024kB (UME) 18*2048kB (UME) 193*4096kB 
[  363.610939][ T5201] Bluetooth: hci1: unexpected cc 0x1001 length: 249 > 9
[  363.611601][T16807] (UM) 
[  363.625433][ T5201] Bluetooth: hci1: unexpected cc 0x0c23 length: 249 > 4
[  363.634764][T16807] = 957704kB
[  363.641277][ T5201] Bluetooth: hci1: unexpected cc 0x0c38 length: 249 > 2
[  363.651335][T16807] Node 1 Normal: 1989*4kB (UM) 1441*8kB (UME) 903*16kB (UME) 1075*32kB (UME) 739*64kB (UME) 501*128kB (UM) 287*256kB (UME) 130*512kB (UM) 65*1024kB (UME) 3*2048kB (U) 0*4096kB = 392492kB
[  363.651530][T16807] Node 0 hugepages_total=2 hugepages_free=2 hugepages_surp=0 hugepages_size=2048kB
[  363.651545][T16807] Node 1 hugepages_total=2 hugepages_free=2 hugepages_surp=0 hugepages_size=2048kB
[  363.651558][T16807] 58240 total pagecache pages
[  363.651564][T16807] 0 pages in swap cache
[  363.651571][T16807] Free swap  = 124996kB
[  363.651578][T16807] Total swap = 124996kB
[  363.651586][T16807] 1048446 pages RAM
[  363.651597][T16807] 0 pages HighMem/MovableOnly
[  363.651604][T16807] 281061 pages reserved
[  363.651610][T16807] 0 pages cma reserved
[  363.727659][    C3] vkms_vblank_simulate: vblank timer overrun
[  364.410453][    C3] vkms_vblank_simulate: vblank timer overrun
[  364.481771][    C3] vkms_vblank_simulate: vblank timer overrun
[  364.541077][    C3] vkms_vblank_simulate: vblank timer overrun
[  364.620067][    C3] vkms_vblank_simulate: vblank timer overrun
[  364.736921][    C3] vkms_vblank_simulate: vblank timer overrun
[  364.817653][    C3] vkms_vblank_simulate: vblank timer overrun
[  365.208829][T10619] netdevsim netdevsim1 netdevsim3 (unregistering): unset [1, 0] type 2 family 0 port 6081 - 0
[  365.455664][T10619] netdevsim netdevsim1 netdevsim2 (unregistering): unset [1, 0] type 2 family 0 port 6081 - 0
[  365.787179][T10619] netdevsim netdevsim1 netdevsim1 (unregistering): unset [1, 0] type 2 family 0 port 6081 - 0
[  366.239840][T10619] netdevsim netdevsim1 netdevsim0 (unregistering): unset [1, 0] type 2 family 0 port 6081 - 0
[  366.421647][    C3] vkms_vblank_simulate: vblank timer overrun
[  366.488671][    C3] vkms_vblank_simulate: vblank timer overrun
[  366.770897][T16940] chnl_net:caif_netlink_parms(): no params data found
[  366.816766][   T68] Bluetooth: hci1: command tx timeout
[  367.014053][    C3] vkms_vblank_simulate: vblank timer overrun
[  367.203122][T16940] bridge0: port 1(bridge_slave_0) entered blocking state
[  367.210425][T16940] bridge0: port 1(bridge_slave_0) entered disabled state
[  367.215349][T16940] bridge_slave_0: entered allmulticast mode
[  367.284127][T16940] bridge_slave_0: entered promiscuous mode
[  367.303241][T16940] bridge0: port 2(bridge_slave_1) entered blocking state
[  367.325431][T16940] bridge0: port 2(bridge_slave_1) entered disabled state
[  367.343131][T16940] bridge_slave_1: entered allmulticast mode
[  367.358213][T16940] bridge_slave_1: entered promiscuous mode
[  367.585460][T10619] bridge_slave_1: left allmulticast mode
[  367.594750][T10619] bridge_slave_1: left promiscuous mode
[  367.606226][T10619] bridge0: port 2(bridge_slave_1) entered disabled state
[  367.651290][T10619] bridge_slave_0: left allmulticast mode
[  367.657250][T10619] bridge_slave_0: left promiscuous mode
[  367.668638][T10619] bridge0: port 1(bridge_slave_0) entered disabled state
[  367.910209][    C3] vkms_vblank_simulate: vblank timer overrun
[  368.088702][    C3] vkms_vblank_simulate: vblank timer overrun
[  368.202698][    C3] vkms_vblank_simulate: vblank timer overrun
[  368.648409][T10619] bond0 (unregistering): (slave bond_slave_0): Releasing backup interface
[  368.692650][T10619] bond0 (unregistering): (slave bond_slave_1): Releasing backup interface
[  368.715656][T10619] bond0 (unregistering): Released all slaves
[  368.830697][T16940] bond0: (slave bond_slave_0): Enslaving as an active interface with an up link
[  368.856657][T16940] bond0: (slave bond_slave_1): Enslaving as an active interface with an up link
[  368.907849][   T68] Bluetooth: hci1: command tx timeout
[  369.244624][    C3] vkms_vblank_simulate: vblank timer overrun
[  369.323674][    C3] vkms_vblank_simulate: vblank timer overrun
[  369.495027][T16940] team0: Port device team_slave_0 added
[  369.547850][T16940] team0: Port device team_slave_1 added
[  369.791275][T16940] batman_adv: batadv0: Adding interface: batadv_slave_0
[  369.800021][T16940] batman_adv: batadv0: The MTU of interface batadv_slave_0 is too small (1500) to handle the transport of batman-adv packets. Packets going over this interface will be fragmented on layer2 which could impact the performance. Setting the MTU to 1532 would solve the problem.
[  369.837798][    C3] vkms_vblank_simulate: vblank timer overrun
[  369.853087][T16940] batman_adv: batadv0: Not using interface batadv_slave_0 (retrying later): interface not active
[  369.880084][T16940] batman_adv: batadv0: Adding interface: batadv_slave_1
[  369.894603][T16940] batman_adv: batadv0: The MTU of interface batadv_slave_1 is too small (1500) to handle the transport of batman-adv packets. Packets going over this interface will be fragmented on layer2 which could impact the performance. Setting the MTU to 1532 would solve the problem.
[  369.940823][    C3] vkms_vblank_simulate: vblank timer overrun
[  369.950047][T16940] batman_adv: batadv0: Not using interface batadv_slave_1 (retrying later): interface not active
[  370.298063][T16940] hsr_slave_0: entered promiscuous mode
[  370.306396][T16940] hsr_slave_1: entered promiscuous mode
[  370.318245][T16940] debugfs: 'hsr0' already exists in 'hsr'
[  370.320646][T16940] Cannot create hsr debugfs directory
[  370.373362][T10619] hsr_slave_0: left promiscuous mode
[  370.393820][T10619] hsr_slave_1: left promiscuous mode
[  370.403394][T10619] batman_adv: batadv0: Interface deactivated: batadv_slave_0
[  370.416709][T10619] batman_adv: batadv0: Removing interface: batadv_slave_0
[  370.429035][T10619] batman_adv: batadv0: Interface deactivated: batadv_slave_1
[  370.440957][T10619] batman_adv: batadv0: Removing interface: batadv_slave_1
[  370.538298][T10619] veth1_macvtap: left promiscuous mode
[  370.545637][T10619] veth0_macvtap: left promiscuous mode
[  370.555088][T10619] veth1_vlan: left promiscuous mode
[  370.565578][T10619] veth0_vlan: left promiscuous mode
[  370.922546][    C3] vkms_vblank_simulate: vblank timer overrun
[  370.974133][   T68] Bluetooth: hci1: command tx timeout
[  371.453672][    C3] vkms_vblank_simulate: vblank timer overrun
[  371.759113][T10619] team0 (unregistering): Port device team_slave_1 removed
[  371.833315][T10619] team0 (unregistering): Port device team_slave_0 removed
[  372.451274][    C3] vkms_vblank_simulate: vblank timer overrun
[  373.054763][   T68] Bluetooth: hci1: command tx timeout
[  373.396962][    C3] vkms_vblank_simulate: vblank timer overrun
[  373.452326][    C3] vkms_vblank_simulate: vblank timer overrun
[  373.827722][T16940] netdevsim netdevsim1 netdevsim0: renamed from eth0
[  373.853416][T16940] netdevsim netdevsim1 netdevsim1: renamed from eth1
[  373.871424][T16940] netdevsim netdevsim1 netdevsim2: renamed from eth2
[  373.895515][T16940] netdevsim netdevsim1 netdevsim3: renamed from eth3
[  374.160638][T16940] 8021q: adding VLAN 0 to HW filter on device bond0
[  374.205283][T16940] 8021q: adding VLAN 0 to HW filter on device team0
[  374.229339][ T1128] bridge0: port 1(bridge_slave_0) entered blocking state
[  374.237839][ T1128] bridge0: port 1(bridge_slave_0) entered forwarding state
[  374.262591][ T1128] bridge0: port 2(bridge_slave_1) entered blocking state
[  374.266162][ T1128] bridge0: port 2(bridge_slave_1) entered forwarding state
[  374.845867][T16940] 8021q: adding VLAN 0 to HW filter on device batadv0
[  374.943714][    C3] vkms_vblank_simulate: vblank timer overrun
[  374.965559][T16940] veth0_vlan: entered promiscuous mode
[  374.989153][T16940] veth1_vlan: entered promiscuous mode
[  375.064212][T16940] veth0_macvtap: entered promiscuous mode
[  375.089590][T16940] veth1_macvtap: entered promiscuous mode
[  375.133380][T16940] batman_adv: batadv0: Interface activated: batadv_slave_0
[  375.162585][T16940] batman_adv: batadv0: Interface activated: batadv_slave_1
[  375.181879][T10619] netdevsim netdevsim1 netdevsim0: set [1, 0] type 2 family 0 port 6081 - 0
[  375.191610][T10619] netdevsim netdevsim1 netdevsim1: set [1, 0] type 2 family 0 port 6081 - 0
[  375.207710][T10619] netdevsim netdevsim1 netdevsim2: set [1, 0] type 2 family 0 port 6081 - 0
[  375.228558][T10619] netdevsim netdevsim1 netdevsim3: set [1, 0] type 2 family 0 port 6081 - 0
[  375.489059][   T78] wlan0: Created IBSS using preconfigured BSSID 50:50:50:50:50:50
[  375.505929][   T78] wlan0: Creating new IBSS network, BSSID 50:50:50:50:50:50
[  375.580185][ T1128] wlan1: Created IBSS using preconfigured BSSID 50:50:50:50:50:50
[  375.584968][ T1128] wlan1: Creating new IBSS network, BSSID 50:50:50:50:50:50
[  376.236955][T17400] i2c i2c-0: Invalid block write size 137
[  376.537747][ T9877] Bluetooth: hci0: unexpected cc 0x0c03 length: 249 > 1
[  376.554111][ T9877] Bluetooth: hci0: unexpected cc 0x1003 length: 249 > 9
[  376.561848][ T9877] Bluetooth: hci0: unexpected cc 0x1001 length: 249 > 9
[  376.578401][ T9877] Bluetooth: hci0: unexpected cc 0x0c23 length: 249 > 4
[  376.592453][ T9877] Bluetooth: hci0: unexpected cc 0x0c38 length: 249 > 2
[  376.733421][   T13] netdevsim netdevsim3 netdevsim3 (unregistering): unset [1, 0] type 2 family 0 port 6081 - 0
[  376.965656][   T13] netdevsim netdevsim3 netdevsim2 (unregistering): unset [1, 0] type 2 family 0 port 6081 - 0
[  377.149659][   T13] netdevsim netdevsim3 netdevsim1 (unregistering): unset [1, 0] type 2 family 0 port 6081 - 0
[  377.278200][   T13] netdevsim netdevsim3 netdevsim0 (unregistering): unset [1, 0] type 2 family 0 port 6081 - 0
[  377.484875][T17406] chnl_net:caif_netlink_parms(): no params data found
[  377.866773][T17406] bridge0: port 1(bridge_slave_0) entered blocking state
[  377.876418][T17406] bridge0: port 1(bridge_slave_0) entered disabled state
[  377.887431][T17406] bridge_slave_0: entered allmulticast mode
[  377.897706][T17406] bridge_slave_0: entered promiscuous mode
[  377.923818][   T13] bridge_slave_1: left allmulticast mode
[  377.926567][   T13] bridge_slave_1: left promiscuous mode
[  377.943876][   T13] bridge0: port 2(bridge_slave_1) entered disabled state
[  377.962748][   T13] bridge_slave_0: left allmulticast mode
[  377.971914][   T13] bridge_slave_0: left promiscuous mode
[  377.979309][   T13] bridge0: port 1(bridge_slave_0) entered disabled state
[  378.671799][ T9877] Bluetooth: hci0: command tx timeout
[  378.747420][   T13] bond0 (unregistering): (slave bond_slave_0): Releasing backup interface
[  378.780697][   T13] bond0 (unregistering): (slave bond_slave_1): Releasing backup interface
[  378.801402][   T13] bond0 (unregistering): Released all slaves
[  378.833088][T17406] bridge0: port 2(bridge_slave_1) entered blocking state
[  378.842398][T17406] bridge0: port 2(bridge_slave_1) entered disabled state
[  378.851251][T17406] bridge_slave_1: entered allmulticast mode
[  378.865311][T17406] bridge_slave_1: entered promiscuous mode
[  379.352302][T17406] bond0: (slave bond_slave_0): Enslaving as an active interface with an up link
[  379.379294][T17406] bond0: (slave bond_slave_1): Enslaving as an active interface with an up link
[  379.455008][    C3] vkms_vblank_simulate: vblank timer overrun
[  379.695327][T17605] i2c i2c-0: Invalid block write size 96
[  380.109340][T17406] team0: Port device team_slave_0 added
[  380.155612][T17406] team0: Port device team_slave_1 added
[  380.455849][   T13] hsr_slave_0: left promiscuous mode
[  380.483763][   T13] hsr_slave_1: left promiscuous mode
[  380.489025][   T13] batman_adv: batadv0: Interface deactivated: batadv_slave_0
[  380.501371][   T13] batman_adv: batadv0: Removing interface: batadv_slave_0
[  380.521064][   T13] batman_adv: batadv0: Interface deactivated: batadv_slave_1
[  380.533029][   T13] batman_adv: batadv0: Removing interface: batadv_slave_1
[  380.736510][   T13] veth1_macvtap: left promiscuous mode
[  380.745052][ T9877] Bluetooth: hci0: command tx timeout
[  380.759501][   T13] veth0_macvtap: left promiscuous mode
[  380.774319][   T13] veth1_vlan: left promiscuous mode
[  380.782423][   T13] veth0_vlan: left promiscuous mode
[  380.909241][    C3] vkms_vblank_simulate: vblank timer overrun
[  381.456662][    C3] vkms_vblank_simulate: vblank timer overrun
[  382.246711][T17686] i2c i2c-0: Invalid block write size 137
[  382.777299][T17658] syz.1.2304: vmalloc error: size 261324800, failed to allocated page array size 510400, mode:0xdc2(GFP_KERNEL|__GFP_HIGHMEM|__GFP_ZERO), nodemask=(null),cpuset=/,mems_allowed=0-1
[  382.788230][    C3] vkms_vblank_simulate: vblank timer overrun
[  382.795379][T17658] CPU: 2 UID: 0 PID: 17658 Comm: syz.1.2304 Not tainted 6.18.0 #1 PREEMPT(full) 
[  382.795408][T17658] Hardware name: QEMU Standard PC (i440FX + PIIX, 1996), BIOS rel-1.16.3-0-ga6ed6b701f0a-prebuilt.qemu.org 04/01/2014
[  382.795484][T17658] Call Trace:
[  382.795522][T17658]  <TASK>
[  382.795555][T17658]  dump_stack_lvl+0x180/0x1b0
[  382.796034][T17658]  warn_alloc+0x211/0x360
[  382.801060][T17658]  ? __pfx_warn_alloc+0x10/0x10
[  382.801084][T17658]  ? __pfx_alloc_vmap_area+0x10/0x10
[  382.801163][T17658]  ? __get_vm_area_node+0x10c/0x340
[  382.801196][T17658]  ? drm_property_create_blob.part.0+0x34/0x320
[  382.801410][T17658]  ? __vmalloc_node_noprof+0xac/0xf0
[  382.801456][T17658]  __vmalloc_node_range_noprof+0xfaa/0x13b0
[  382.801495][T17658]  ? drm_property_create_blob.part.0+0x34/0x320
[  382.801530][T17658]  ? __pfx___vmalloc_node_range_noprof+0x10/0x10
[  382.801571][T17658]  __kvmalloc_node_noprof+0x41f/0x9d0
[  382.801611][T17658]  ? drm_property_create_blob.part.0+0x34/0x320
[  382.801653][T17658]  ? drm_property_create_blob.part.0+0x34/0x320
[  382.801686][T17658]  ? drm_property_create_blob.part.0+0x34/0x320
[  382.801710][T17658]  drm_property_create_blob.part.0+0x34/0x320
[  382.801742][T17658]  drm_mode_createblob_ioctl+0x139/0x490
[  382.801776][T17658]  drm_ioctl_kernel+0x1ed/0x3e0
[  382.801808][T17658]  ? __pfx_drm_mode_createblob_ioctl+0x10/0x10
[  382.801836][T17658]  ? __pfx_drm_ioctl_kernel+0x10/0x10
[  382.801862][T17658]  drm_ioctl+0x574/0xb90
[  382.801883][T17658]  ? __pfx_drm_mode_createblob_ioctl+0x10/0x10
[  382.801912][T17658]  ? __pfx_drm_ioctl+0x10/0x10
[  382.801946][T17658]  ? hook_file_ioctl_common+0x146/0x3f0
[  382.802120][T17658]  ? __fget_files+0x1fb/0x3b0
[  382.802202][T17658]  ? __pfx_drm_ioctl+0x10/0x10
[  382.802222][T17658]  __x64_sys_ioctl+0x18f/0x210
[  382.802292][T17658]  do_syscall_64+0xcb/0xfa0
[  382.802373][T17658]  entry_SYSCALL_64_after_hwframe+0x77/0x7f
[  382.802485][T17658] RIP: 0033:0x7f4798bb059d
[  382.802547][T17658] Code: 02 b8 ff ff ff ff c3 66 0f 1f 44 00 00 f3 0f 1e fa 48 89 f8 48 89 f7 48 89 d6 48 89 ca 4d 89 c2 4d 89 c8 4c 8b 4c 24 08 0f 05 <48> 3d 01 f0 ff ff 73 01 c3 48 c7 c1 a8 ff ff ff f7 d8 64 89 01 48
[  382.802565][T17658] RSP: 002b:00007f4796df5f98 EFLAGS: 00000246 ORIG_RAX: 0000000000000010
[  382.802622][T17658] RAX: ffffffffffffffda RBX: 00007f4798e25fa0 RCX: 00007f4798bb059d
[  382.802635][T17658] RDX: 0000200000000100 RSI: 00000000c01064bd RDI: 0000000000000009
[  382.802647][T17658] RBP: 00007f4798c4e078 R08: 0000000000000000 R09: 0000000000000000
[  382.802659][T17658] R10: 0000000000000000 R11: 0000000000000246 R12: 0000000000000000
[  382.802671][T17658] R13: 00007f4798e26038 R14: 00007f4798e25fa0 R15: 00007f4796dd6000
[  382.802700][T17658]  </TASK>
[  382.802708][T17658] Mem-Info:
[  382.813742][ T9877] Bluetooth: hci0: command tx timeout
[  382.825510][T17658] active_anon:7587 inactive_anon:0 isolated_anon:0
[  382.825510][T17658]  active_file:2954 inactive_file:52525 isolated_file:0
[  382.825510][T17658]  unevictable:1768 dirty:1975 writeback:0
[  382.825510][T17658]  slab_reclaimable:12776 slab_unreclaimable:63990
[  382.825510][T17658]  mapped:27415 shmem:2801 pagetables:1821
[  382.825510][T17658]  sec_pagetables:0 bounce:0
[  382.825510][T17658]  kernel_misc_reclaimable:0
[  382.825510][T17658]  free:473448 free_pcp:16222 free_cma:0
[  382.958565][T17704] i2c i2c-0: Invalid block write size 137
[  382.965595][T17658] Node 0 active_anon:18792kB inactive_anon:0kB active_file:6336kB inactive_file:131484kB unevictable:3536kB isolated(anon):0kB isolated(file):0kB mapped:103216kB dirty:7628kB writeback:0kB shmem:5580kB shmem_thp:0kB shmem_pmdmapped:0kB anon_thp:0kB kernel_stack:7152kB pagetables:4196kB sec_pagetables:0kB all_unreclaimable? no Balloon:0kB
[  382.965661][T17658] Node 1 active_anon:11432kB inactive_anon:0kB active_file:5480kB inactive_file:78616kB unevictable:3536kB isolated(anon):0kB isolated(file):0kB mapped:6444kB dirty:272kB writeback:0kB shmem:5624kB shmem_thp:0kB shmem_pmdmapped:0kB anon_thp:0kB kernel_stack:5656kB pagetables:3312kB sec_pagetables:0kB all_unreclaimable? no Balloon:0kB
[  382.965704][T17658] Node 0 DMA free:15004kB boost:0kB min:452kB low:564kB high:676kB reserved_highatomic:0KB free_highatomic:0KB active_anon:0kB inactive_anon:0kB active_file:0kB inactive_file:0kB unevictable:0kB writepending:0kB zspages:0kB present:15992kB managed:15360kB mlocked:0kB bounce:0kB free_pcp:352kB local_pcp:36kB free_cma:0kB
[  382.965755][T17658] lowmem_reserve[]: 0 1176 1176 1176 1176
[  382.965815][T17658] Node 0 DMA32 free:491252kB boost:0kB min:34836kB low:43544kB high:52252kB reserved_highatomic:0KB free_highatomic:0KB active_anon:18792kB inactive_anon:0kB active_file:6336kB inactive_file:131484kB unevictable:3536kB writepending:7628kB zspages:0kB present:2080772kB managed:1204832kB mlocked:0kB bounce:0kB free_pcp:19672kB local_pcp:10836kB free_cma:0kB
[  382.965867][T17658] lowmem_reserve[]: 0 0 0 0 0
[  382.965905][T17658] Node 1 DMA32 free:961072kB boost:0kB min:29136kB low:36420kB high:43704kB reserved_highatomic:0KB free_highatomic:0KB active_anon:0kB inactive_anon:0kB active_file:0kB inactive_file:8kB unevictable:0kB writepending:0kB zspages:0kB present:1048444kB managed:982908kB mlocked:0kB bounce:0kB free_pcp:20940kB local_pcp:1824kB free_cma:0kB
[  382.965969][T17658] lowmem_reserve[]: 0 0 846 846 846
[  382.966004][T17658] Node 1 Normal free:425952kB boost:0kB min:25680kB low:32100kB high:38520kB reserved_highatomic:0KB free_highatomic:0KB active_anon:11432kB inactive_anon:0kB active_file:5480kB inactive_file:78608kB unevictable:3536kB writepending:272kB zspages:0kB present:1048576kB managed:866440kB mlocked:0kB bounce:0kB free_pcp:23772kB local_pcp:516kB free_cma:0kB
[  382.966066][T17658] lowmem_reserve[]: 0 0 0 0 0
[  382.966101][T17658] Node 0 DMA: 4*4kB (U) 2*8kB (U) 2*16kB (U) 1*32kB (U) 1*64kB (U) 4*128kB (U) 4*256kB (U) 4*512kB (U) 5*1024kB (U) 3*2048kB (U) 0*4096kB = 15008kB
[  382.966252][T17658] Node 0 DMA32: 64*4kB (UME) 38*8kB (UME) 6*16kB (ME) 13*32kB (UME) 48*64kB (UE) 450*128kB (U) 336*256kB (UE) 229*512kB (U) 143*1024kB (UME) 21*2048kB (UM) 9*4096kB (U) = 491312kB
[  382.966415][T17658] Node 1 DMA32: 70*4kB (UME) 73*8kB (UME) 73*16kB (UME) 94*32kB (UME) 88*64kB (UME) 83*128kB (UME) 65*256kB (UME) 75*512kB (UME) 52*1024kB (UME) 14*2048kB (UME) 196*4096kB (UM) = 961072kB
[  382.966609][T17658] Node 1 Normal: 2388*4kB (UME) 1642*8kB (UME) 619*16kB (UME) 1072*32kB (UME) 761*64kB (UME) 501*128kB (UME) 308*256kB (UM) 149*512kB (UM) 79*1024kB (UME) 5*2048kB (U) 0*4096kB = 426000kB
[  382.966789][T17658] Node 0 hugepages_total=2 hugepages_free=2 hugepages_surp=0 hugepages_size=2048kB
[  382.966806][T17658] Node 1 hugepages_total=2 hugepages_free=2 hugepages_surp=0 hugepages_size=2048kB
[  382.966821][T17658] 58280 total pagecache pages
[  382.966829][T17658] 0 pages in swap cache
[  382.966853][T17658] Free swap  = 124996kB
[  382.966859][T17658] Total swap = 124996kB
[  382.966866][T17658] 1048446 pages RAM
[  382.966873][T17658] 0 pages HighMem/MovableOnly
[  382.966879][T17658] 281061 pages reserved
[  382.966886][T17658] 0 pages cma reserved
[  383.091192][    C3] vkms_vblank_simulate: vblank timer overrun
[  383.139049][    C3] vkms_vblank_simulate: vblank timer overrun
[  383.225339][    C3] vkms_vblank_simulate: vblank timer overrun
[  383.401010][   T13] team0 (unregistering): Port device team_slave_1 removed
[  383.644467][   T13] team0 (unregistering): Port device team_slave_0 removed
[  384.650428][    C3] vkms_vblank_simulate: vblank timer overrun
[  384.904917][ T9877] Bluetooth: hci0: command tx timeout
[  384.951834][T17406] batman_adv: batadv0: Adding interface: batadv_slave_0
[  384.955280][T17406] batman_adv: batadv0: The MTU of interface batadv_slave_0 is too small (1500) to handle the transport of batman-adv packets. Packets going over this interface will be fragmented on layer2 which could impact the performance. Setting the MTU to 1532 would solve the problem.
[  384.989940][T17406] batman_adv: batadv0: Not using interface batadv_slave_0 (retrying later): interface not active
[  385.017136][T17406] batman_adv: batadv0: Adding interface: batadv_slave_1
[  385.028971][T17406] batman_adv: batadv0: The MTU of interface batadv_slave_1 is too small (1500) to handle the transport of batman-adv packets. Packets going over this interface will be fragmented on layer2 which could impact the performance. Setting the MTU to 1532 would solve the problem.
