failed to run ["ssh" "-p" "3248" "-F" "/dev/null" "-o" "UserKnownHostsFile=/dev/null" "-o" "IdentitiesOnly=yes" "-o" "BatchMode=yes" "-o" "StrictHostKeyChecking=no" "-o" "ConnectTimeout=10" "-i" "/home/wmy/Fuzzer/third_tool/Image-fuzz-6.18/bullseye.id_rsa" "root@localhost" "pwd"]: exit status 255[    0.000000] Linux version 6.18.0 (wmy@wmy) (gcc (Ubuntu 11.4.0-1ubuntu1~22.04.2) 11.4.0, GNU ld (GNU Binutils for Ubuntu) 2.38) #9 SMP PREEMPT_DYNAMIC Mon Dec 29 10:49:29 CST 2025
[    0.000000] Command line: root=/dev/sda console=ttyS0 
[    0.000000] x86/CPU: Model not found in latest microcode list
[    0.000000] BIOS-provided physical RAM map:
[    0.000000] BIOS-e820: [mem 0x0000000000000000-0x000000000009fbff] usable
[    0.000000] BIOS-e820: [mem 0x000000000009fc00-0x000000000009ffff] reserved
[    0.000000] BIOS-e820: [mem 0x00000000000f0000-0x00000000000fffff] reserved
[    0.000000] BIOS-e820: [mem 0x0000000000100000-0x00000000bffdffff] usable
[    0.000000] BIOS-e820: [mem 0x00000000bffe0000-0x00000000bfffffff] reserved
[    0.000000] BIOS-e820: [mem 0x00000000feffc000-0x00000000feffffff] reserved
[    0.000000] BIOS-e820: [mem 0x00000000fffc0000-0x00000000ffffffff] reserved
[    0.000000] BIOS-e820: [mem 0x0000000100000000-0x000000013fffffff] usable
[    0.000000] printk: legacy bootconsole [earlyser0] enabled
[    0.000000] ERROR: earlyprintk= earlyser already used
[    0.000000] ERROR: earlyprintk= earlyser already used
[    0.000000] Hash pointers mode set to never.
[    0.000000] Malformed early option 'vsyscall'
[    0.000000] Malformed early option 'numa'
[    0.000000] NX (Execute Disable) protection: active
[    0.000000] APIC: Static calls initialized
[    0.000000] SMBIOS 3.0.0 present.
[    0.000000] DMI: QEMU Standard PC (i440FX + PIIX, 1996), BIOS rel-1.16.3-0-ga6ed6b701f0a-prebuilt.qemu.org 04/01/2014
[    0.000000] DMI: Memory slots populated: 1/1
[    0.000000] Hypervisor detected: KVM
[    0.000000] last_pfn = 0xbffe0 max_arch_pfn = 0x400000000
[    0.000000] kvm-clock: Using msrs 4b564d01 and 4b564d00
[    0.000008] kvm-clock: using sched offset of 1843460036 cycles
[    0.006459] clocksource: kvm-clock: mask: 0xffffffffffffffff max_cycles: 0x1cd42e4dffb, max_idle_ns: 881590591483 ns
[    0.022821] tsc: Detected 2803.204 MHz processor
[    0.039216] last_pfn = 0x140000 max_arch_pfn = 0x400000000
[    0.043081] MTRR map: 4 entries (3 fixed + 1 variable; max 19), built from 8 variable MTRRs
[    0.047866] x86/PAT: Configuration [0-7]: WB  WC  UC- UC  WB  WP  UC- WT  
[    0.056451] last_pfn = 0xbffe0 max_arch_pfn = 0x400000000
[    0.079235] found SMP MP-table at [mem 0x000f5460-0x000f546f]
[    0.087660] ACPI: Early table checksum verification disabled
[    0.092539] ACPI: RSDP 0x00000000000F5250 000014 (v00 BOCHS )
[    0.096896] ACPI: RSDT 0x00000000BFFE1D7B 000034 (v01 BOCHS  BXPC     00000001 BXPC 00000001)
[    0.102190] ACPI: FACP 0x00000000BFFE1C17 000074 (v01 BOCHS  BXPC     00000001 BXPC 00000001)
[    0.113437] ACPI: DSDT 0x00000000BFFE0040 001BD7 (v01 BOCHS  BXPC     00000001 BXPC 00000001)
[    0.123478] ACPI: FACS 0x00000000BFFE0000 000040
[    0.125966] ACPI: APIC 0x00000000BFFE1C8B 000090 (v03 BOCHS  BXPC     00000001 BXPC 00000001)
[    0.131031] ACPI: HPET 0x00000000BFFE1D1B 000038 (v01 BOCHS  BXPC     00000001 BXPC 00000001)
[    0.137226] ACPI: WAET 0x00000000BFFE1D53 000028 (v01 BOCHS  BXPC     00000001 BXPC 00000001)
[    0.144578] ACPI: Reserving FACP table memory at [mem 0xbffe1c17-0xbffe1c8a]
[    0.150987] ACPI: Reserving DSDT table memory at [mem 0xbffe0040-0xbffe1c16]
[    0.175348] ACPI: Reserving FACS table memory at [mem 0xbffe0000-0xbffe003f]
[    0.180253] ACPI: Reserving APIC table memory at [mem 0xbffe1c8b-0xbffe1d1a]
[    0.184946] ACPI: Reserving HPET table memory at [mem 0xbffe1d1b-0xbffe1d52]
[    0.189090] ACPI: Reserving WAET table memory at [mem 0xbffe1d53-0xbffe1d7a]
[    0.196038] No NUMA configuration found
[    0.198321] Faking a node at [mem 0x0000000000000000-0x000000013fffffff]
[    0.202269] NODE_DATA(0) allocated [mem 0x13fff9300-0x13fffccbf]
[    0.416931] Zone ranges:
[    0.418551]   DMA      [mem 0x0000000000001000-0x0000000000ffffff]
[    0.422516]   DMA32    [mem 0x0000000001000000-0x00000000ffffffff]
[    0.426959]   Normal   [mem 0x0000000100000000-0x000000013fffffff]
[    0.431967] Movable zone start for each node
[    0.441711] Early memory node ranges
[    0.455628]   node   0: [mem 0x0000000000001000-0x000000000009efff]
[    0.459916]   node   0: [mem 0x0000000000100000-0x00000000bffdffff]
[    0.463859]   node   0: [mem 0x0000000100000000-0x000000013fffffff]
[    0.467929] Initmem setup node 0 [mem 0x0000000000001000-0x000000013fffffff]
[    0.472297] On node 0, zone DMA: 1 pages in unavailable ranges
[    0.476478] On node 0, zone DMA: 97 pages in unavailable ranges
[    0.542339] On node 0, zone Normal: 32 pages in unavailable ranges
[    3.659005] KernelAddressSanitizer initialized (generic)
[    3.672848] ACPI: PM-Timer IO Port: 0x608
[    3.682708] ACPI: LAPIC_NMI (acpi_id[0xff] dfl dfl lint[0x1])
[    3.689882] IOAPIC[0]: apic_id 0, version 17, address 0xfec00000, GSI 0-23
[    3.704755] ACPI: INT_SRC_OVR (bus 0 bus_irq 0 global_irq 2 dfl dfl)
[    3.723101] ACPI: INT_SRC_OVR (bus 0 bus_irq 5 global_irq 5 high level)
[    3.734221] ACPI: INT_SRC_OVR (bus 0 bus_irq 9 global_irq 9 high level)
[    3.744535] ACPI: INT_SRC_OVR (bus 0 bus_irq 10 global_irq 10 high level)
[    3.769809] ACPI: INT_SRC_OVR (bus 0 bus_irq 11 global_irq 11 high level)
[    3.785053] ACPI: Using ACPI (MADT) for SMP configuration information
[    3.796165] ACPI: HPET id: 0x8086a201 base: 0xfed00000
[    3.810133] CPU topo: Max. logical packages:   1
[    3.819824] CPU topo: Max. logical dies:       1
[    3.830206] CPU topo: Max. dies per package:   1
[    3.839740] CPU topo: Max. threads per core:   1
[    3.842663] CPU topo: Num. cores per package:     4
[    3.852308] CPU topo: Num. threads per package:   4
[    3.861649] CPU topo: Allowing 4 present CPUs plus 0 hotplug CPUs
[    3.878953] kvm-guest: APIC: eoi() replaced with kvm_guest_apic_eoi_write()
[    3.886674] PM: hibernation: Registered nosave memory: [mem 0x00000000-0x00000fff]
[    3.895436] PM: hibernation: Registered nosave memory: [mem 0x0009f000-0x000fffff]
[    3.903401] PM: hibernation: Registered nosave memory: [mem 0xbffe0000-0xffffffff]
[    3.914975] [mem 0xc0000000-0xfeffbfff] available for PCI devices
[    3.923009] Booting paravirtualized kernel on KVM
[    3.929421] clocksource: refined-jiffies: mask: 0xffffffff max_cycles: 0xffffffff, max_idle_ns: 1910969940391419 ns
[    4.037893] setup_percpu: NR_CPUS:64 nr_cpumask_bits:4 nr_cpu_ids:4 nr_node_ids:1
[    4.068267] percpu: Embedded 67 pages/cpu s237520 r8192 d28720 u524288
[    4.079977] Kernel command line: net.ifnames=0 earlyprintk=serial sysctl.kernel.hung_task_all_cpu_backtrace=1 ima_policy=tcb nf-conntrack-ftp.ports=20000 nf-conntrack-tftp.ports=20000 nf-conntrack-sip.ports=20000 nf-conntrack-irc.ports=20000 nf-conntrack-sane.ports=20000 binder.debug_mask=0 rcupdate.rcu_expedited=1 no_hash_pointers page_owner=on sysctl.vm.nr_hugepages=4 sysctl.vm.nr_overcommit_hugepages=4 root=/dev/sda console=ttyS0 vsyscall=native numa=fake=2 kvm-intel.nested=1 spec_store_bypass_disable=prctl nopcid vivid.n_devs=16 vivid.multiplanar=1,2,1,2,1,2,1,2,1,2,1,2,1,2,1,2 netrom.nr_ndevs=16 rose.rose_ndevs=16 dummy_hcd.num=8 watchdog_thresh=55 workqueue.watchdog_thresh=140 sysctl.net.core.netdev_unregister_timeout_secs=140 panic_on_warn=0 root=/dev/sda console=ttyS0 
[    4.199483] Unknown kernel command line parameters "ima_policy=tcb page_owner=on", will be passed to user space.
[    4.221622] printk: log buffer data + meta data: 262144 + 917504 = 1179648 bytes
[    4.257001] Dentry cache hash table entries: 524288 (order: 10, 4194304 bytes, linear)
[    4.273732] Inode-cache hash table entries: 262144 (order: 9, 2097152 bytes, linear)
[    4.289843] software IO TLB: area num 4.
[    4.782224] Fallback order for Node 0: 0 
[    4.782338] Built 1 zonelists, mobility grouping on.  Total pages: 1048446
[    4.827323] Policy zone: Normal
[    4.829501] mem auto-init: stack:off, heap alloc:off, heap free:off
[    4.871689] stackdepot: allocating hash table via alloc_large_system_hash
[    4.875960] stackdepot hash table entries: 1048576 (order: 12, 16777216 bytes, linear)
[    4.958079] stackdepot: allocating space for 8192 stack pools via memblock
[    5.208532] **********************************************************
[    5.222744] **   NOTICE NOTICE NOTICE NOTICE NOTICE NOTICE NOTICE   **
[    5.230308] **                                                      **
[    5.238759] ** This system shows unhashed kernel memory addresses   **
[    5.250810] ** via the console, logs, and other interfaces. This    **
[    5.257936] ** might reduce the security of your system.            **
[    5.265410] **                                                      **
[    5.272820] ** If you see this message and you are not debugging    **
[    5.279871] ** the kernel, report this immediately to your system   **
[    5.287566] ** administrator!                                       **
[    5.295759] **                                                      **
[    5.302924] ** Use hash_pointers=always to force this mode off      **
[    5.314205] **                                                      **
[    5.321486] **   NOTICE NOTICE NOTICE NOTICE NOTICE NOTICE NOTICE   **
[    5.332179] **********************************************************
[    5.353611] SLUB: HWalign=64, Order=0-3, MinObjects=0, CPUs=4, Nodes=1
[    5.361694] Kernel/User page tables isolation: enabled
[    5.607811] ftrace: allocating 76706 entries in 300 pages
[    5.617631] ftrace: allocated 300 pages with 4 groups
[    5.645642] Dynamic Preempt: voluntary
[    5.655008] Running RCU self tests
[    5.660250] Running RCU synchronous self tests
[    5.676633] rcu: Preemptible hierarchical RCU implementation.
[    5.697766] rcu: 	RCU event tracing is enabled.
[    5.700531] rcu: 	RCU lockdep checking is enabled.
[    5.706674] rcu: 	RCU restricting CPUs from NR_CPUS=64 to nr_cpu_ids=4.
[    5.712671] 	All grace periods are expedited (rcu_expedited).
[    5.716235] 	Trampoline variant of Tasks RCU enabled.
[    5.724653] 	Rude variant of Tasks RCU enabled.
[    5.755947] 	Tracing variant of Tasks RCU enabled.
[    5.758815] rcu: RCU calculated value of scheduler-enlistment delay is 100 jiffies.
[    5.763218] rcu: Adjusting geometry for rcu_fanout_leaf=16, nr_cpu_ids=4
[    5.767715] Running RCU synchronous self tests
[    5.770335] RCU Tasks: Setting shift to 2 and lim to 1 rcu_task_cb_adjust=1 rcu_task_cpu_ids=4.
[    5.775486] RCU Tasks Rude: Setting shift to 2 and lim to 1 rcu_task_cb_adjust=1 rcu_task_cpu_ids=4.
[    5.781114] RCU Tasks Trace: Setting shift to 2 and lim to 1 rcu_task_cb_adjust=1 rcu_task_cpu_ids=4.
[    6.303817] NR_IRQS: 4352, nr_irqs: 456, preallocated irqs: 16
[    6.330599] rcu: srcu_init: Setting srcu_struct sizes based on contention.
[    6.525191] Console: colour VGA+ 80x25
[    6.535117] printk: legacy console [ttyS0] enabled
[    6.535117] printk: legacy console [ttyS0] enabled
[    6.555266] printk: legacy bootconsole [earlyser0] disabled
[    6.555266] printk: legacy bootconsole [earlyser0] disabled
[    6.570562] Lock dependency validator: Copyright (c) 2006 Red Hat, Inc., Ingo Molnar
[    6.590704] ... MAX_LOCKDEP_SUBCLASSES:  8
[    6.593380] ... MAX_LOCK_DEPTH:          48
[    6.599132] ... MAX_LOCKDEP_KEYS:        8192
[    6.616182] ... CLASSHASH_SIZE:          4096
[    6.622999] ... MAX_LOCKDEP_ENTRIES:     32768
[    6.632748] ... MAX_LOCKDEP_CHAINS:      65536
[    6.635490] ... CHAINHASH_SIZE:          32768
[    6.645350]  memory used by lock dependency info: 6429 kB
[    6.655745]  memory used for stack traces: 4224 kB
[    6.665856]  per task-struct memory footprint: 1920 bytes
[    6.672858] ACPI: Core revision 20250807
[    6.692291] clocksource: hpet: mask: 0xffffffff max_cycles: 0xffffffff, max_idle_ns: 19112604467 ns
[    6.713055] APIC: Switch to symmetric I/O mode setup
[    6.775781] ..TIMER: vector=0x30 apic1=0 pin1=2 apic2=-1 pin2=-1
[    6.789440] clocksource: tsc-early: mask: 0xffffffffffffffff max_cycles: 0x2868139ef5d, max_idle_ns: 440795282642 ns
[    6.812170] Calibrating delay loop (skipped) preset value.. 5606.40 BogoMIPS (lpj=2803204)
[    6.818057] Last level iTLB entries: 4KB 0, 2MB 0, 4MB 0
[    6.818123] Last level dTLB entries: 4KB 0, 2MB 0, 4MB 0, 1GB 0
[    6.819177] mitigations: Enabled attack vectors: user_kernel, user_user, SMT mitigations: auto
[    6.820146] Speculative Store Bypass: Vulnerable
[    6.821135] Spectre V2 : Mitigation: Retpolines
[    6.823116] ITS: Mitigation: Aligned branch/return thunks
[    6.824116] MDS: Vulnerable: Clear CPU buffers attempted, no microcode
[    6.825133] Spectre V1 : Mitigation: usercopy/swapgs barriers and __user pointer sanitization
[    6.827123] Spectre V2 : Spectre v2 / SpectreRSB: Filling RSB on context switch and VMEXIT
[    6.828130] active return thunk: its_return_thunk
[    6.829176] x86/fpu: x87 FPU will use FXSAVE
[    6.988613] Freeing SMP alternatives memory: 60K
[    6.989202] pid_max: default: 32768 minimum: 301
[    6.992363] LSM: initializing lsm=capability,selinux
[    6.994168] SELinux:  Initializing.
[    6.997107] Mount-cache hash table entries: 8192 (order: 4, 65536 bytes, linear)
[    6.997251] Mountpoint-cache hash table entries: 8192 (order: 4, 65536 bytes, linear)
[    7.012952] Running RCU synchronous self tests
[    7.013123] Running RCU synchronous self tests
[    7.045905] APIC calibration not consistent with PM-Timer: 95ms instead of 100ms
[    7.046107] APIC delta adjusted to PM-Timer: 6250276 (5962640)
[    7.046575] smpboot: CPU0: Intel QEMU Virtual CPU version 2.5+ (family: 0xf, model: 0x6b, stepping: 0x1)
[    7.054328] Performance Events: unsupported Netburst CPU model 107 no PMU driver, software events only.
[    7.056416] signal: max sigframe size: 1440
[    7.059565] rcu: Hierarchical SRCU implementation.
[    7.061133] rcu: 	Max phase no-delay instances is 400.
[    7.064748] Timer migration: 1 hierarchy levels; 8 children per group; 1 crossnode level
[    7.116654] NMI watchdog: Perf NMI watchdog permanently disabled
[    7.121049] smp: Bringing up secondary CPUs ...
[    7.126879] smpboot: x86: Booting SMP configuration:
[    7.127173] .... node  #0, CPUs:      #1 #2 #3
[    7.173220] smp: Brought up 1 node, 4 CPUs
[    7.175121] smpboot: Total of 4 processors activated (22425.63 BogoMIPS)
[    7.199858] Memory: 3327776K/4193784K available (78319K kernel code, 14120K rwdata, 18148K rodata, 14700K init, 16336K bss, 855780K reserved, 0K cma-reserved)
[    7.216250] devtmpfs: initialized
[    7.319352] Running RCU synchronous self tests
[    7.329173] Running RCU synchronous self tests
[    7.359218] Running RCU Tasks wait API self tests
[    7.369136] Running RCU Tasks Rude wait API self tests
[    7.378122] Running RCU Tasks Trace wait API self tests
[    7.404171] clocksource: jiffies: mask: 0xffffffff max_cycles: 0xffffffff, max_idle_ns: 1911260446275000 ns
[    7.416339] posixtimers hash table entries: 2048 (order: 6, 147456 bytes, linear)
[    7.427252] futex hash table entries: 1024 (131072 bytes on 1 NUMA nodes, total 128 KiB, linear).
[    7.434149] Callback from call_rcu_tasks_trace() invoked.
[    7.436702] pinctrl core: initialized pinctrl subsystem
[    7.452114] PM: RTC time: 21:28:22, date: 2026-01-13
[    7.592765] NET: Registered PF_NETLINK/PF_ROUTE protocol family
[    7.593243] audit: initializing netlink subsys (disabled)
[    7.607153] audit: type=2000 audit(1768339701.753:1): state=initialized audit_enabled=0 res=1
[    7.612677] thermal_sys: Registered thermal governor 'step_wise'
[    7.612690] thermal_sys: Registered thermal governor 'user_space'
[    7.625276] cpuidle: using governor menu
[    7.646118] PCI: Using configuration type 1 for base access
[    7.651281] Callback from call_rcu_tasks() invoked.
[    7.660384] kprobes: kprobe jump-optimization is enabled. All kprobes are optimized if possible.
[    7.685120] HugeTLB: registered 2.00 MiB page size, pre-allocated 0 pages
[    7.691186] HugeTLB: 28 KiB vmemmap can be freed for a 2.00 MiB page
[    7.712508] ACPI: Added _OSI(Module Device)
[    7.714161] ACPI: Added _OSI(Processor Device)
[    7.715120] ACPI: Added _OSI(Processor Aggregator Device)
[    8.336557] ACPI: 1 ACPI AML tables successfully acquired and loaded
[    8.460609] ACPI: Interpreter enabled
[    8.462142] ACPI: PM: (supports S0 S3 S4 S5)
[    8.463150] ACPI: Using IOAPIC for interrupt routing
[    8.465462] PCI: Using host bridge windows from ACPI; if necessary, use "pci=nocrs" and report a bug
[    8.466117] PCI: Using E820 reservations for host bridge windows
[    8.485917] ACPI: Enabled 2 GPEs in block 00 to 0F
[    9.125107] ACPI: PCI Root Bridge [PCI0] (domain 0000 [bus 00-ff])
[    9.130336] acpi PNP0A03:00: _OSC: OS supports [ASPM ClockPM Segments MSI HPX-Type3]
[    9.137132] acpi PNP0A03:00: _OSC: not requesting OS control; OS requires [ExtendedConfig ASPM ClockPM MSI]
[    9.146999] acpi PNP0A03:00: fail to add MMCONFIG information, can't access extended configuration space under this bridge
[    9.161562] PCI host bridge to bus 0000:00
[    9.167654] pci_bus 0000:00: root bus resource [io  0x0000-0x0cf7 window]
[    9.172164] pci_bus 0000:00: root bus resource [io  0x0d00-0xffff window]
[    9.178154] pci_bus 0000:00: root bus resource [mem 0x000a0000-0x000bffff window]
[    9.184161] pci_bus 0000:00: root bus resource [mem 0xc0000000-0xfebfffff window]
[    9.189157] pci_bus 0000:00: root bus resource [mem 0x140000000-0x1bfffffff window]
[    9.195163] pci_bus 0000:00: root bus resource [bus 00-ff]
[    9.200763] pci 0000:00:00.0: [8086:1237] type 00 class 0x060000 conventional PCI endpoint
[    9.223107] pci 0000:00:01.0: [8086:7000] type 00 class 0x060100 conventional PCI endpoint
[    9.246485] pci 0000:00:01.1: [8086:7010] type 00 class 0x010180 conventional PCI endpoint
[    9.257172] pci 0000:00:01.1: BAR 4 [io  0xc0a0-0xc0af]
[    9.261395] pci 0000:00:01.1: BAR 0 [io  0x01f0-0x01f7]: legacy IDE quirk
[    9.267126] pci 0000:00:01.1: BAR 1 [io  0x03f6]: legacy IDE quirk
[    9.273128] pci 0000:00:01.1: BAR 2 [io  0x0170-0x0177]: legacy IDE quirk
[    9.278122] pci 0000:00:01.1: BAR 3 [io  0x0376]: legacy IDE quirk
[    9.297589] pci 0000:00:01.3: [8086:7113] type 00 class 0x068000 conventional PCI endpoint
[    9.308372] pci 0000:00:01.3: quirk: [io  0x0600-0x063f] claimed by PIIX4 ACPI
[    9.316175] pci 0000:00:01.3: quirk: [io  0x0700-0x070f] claimed by PIIX4 SMB
[    9.323117] pci 0000:00:01.3: quirk_piix4_acpi+0x0/0x210 took 14648 usecs
[    9.336283] pci 0000:00:02.0: [1234:1111] type 00 class 0x030000 conventional PCI endpoint
[    9.381433] pci 0000:00:02.0: BAR 0 [mem 0xfd000000-0xfdffffff pref]
[    9.389604] pci 0000:00:02.0: BAR 2 [mem 0xfebf0000-0xfebf0fff]
[    9.395523] pci 0000:00:02.0: ROM [mem 0xfebe0000-0xfebeffff pref]
[    9.443522] pci 0000:00:02.0: Video device with shadowed ROM at [mem 0x000c0000-0x000dffff]
[    9.457259] pci 0000:00:02.0: pci_fixup_video+0x0/0x340 took 13671 usecs
[    9.520311] pci 0000:00:03.0: [1af4:1005] type 00 class 0x00ff00 conventional PCI endpoint
[    9.535167] pci 0000:00:03.0: BAR 0 [io  0xc080-0xc09f]
[    9.538167] pci 0000:00:03.0: BAR 1 [mem 0xfebf1000-0xfebf1fff]
[    9.544718] pci 0000:00:03.0: BAR 4 [mem 0xfe000000-0xfe003fff 64bit pref]
[    9.832920] pci 0000:00:04.0: [1af4:1009] type 00 class 0x000200 conventional PCI endpoint
[    9.848208] pci 0000:00:04.0: BAR 0 [io  0xc000-0xc03f]
[    9.856184] pci 0000:00:04.0: BAR 1 [mem 0xfebf2000-0xfebf2fff]
[    9.862318] pci 0000:00:04.0: BAR 4 [mem 0xfe004000-0xfe007fff 64bit pref]
[   10.153330] pci 0000:00:05.0: [109e:0878] type 00 class 0x040100 conventional PCI endpoint
[   10.168178] pci 0000:00:05.0: BAR 0 [mem 0xfebf3000-0xfebf3fff]
[   10.409591] pci 0000:00:06.0: [8086:100e] type 00 class 0x020000 conventional PCI endpoint
[   10.423183] pci 0000:00:06.0: BAR 0 [mem 0xfebc0000-0xfebdffff]
[   10.429179] pci 0000:00:06.0: BAR 1 [io  0xc040-0xc07f]
[   10.434392] pci 0000:00:06.0: ROM [mem 0xfeb80000-0xfebbffff pref]
[   10.793122] ACPI: PCI: Interrupt link LNKA configured for IRQ 10
[   10.812027] ACPI: PCI: Interrupt link LNKB configured for IRQ 10
[   10.831454] ACPI: PCI: Interrupt link LNKC configured for IRQ 11
[   10.847140] ACPI: PCI: Interrupt link LNKD configured for IRQ 11
[   10.856053] ACPI: PCI: Interrupt link LNKS configured for IRQ 9
[   10.921401] iommu: Default domain type: Translated
[   10.924373] iommu: DMA domain TLB invalidation policy: lazy mode
[   10.953554] SCSI subsystem initialized
[   10.964144] ACPI: bus type USB registered
[   10.970493] usbcore: registered new interface driver usbfs
[   10.976185] usbcore: registered new interface driver hub
[   10.980753] usbcore: registered new device driver usb
[   10.990621] mc: Linux media interface: v0.10
[   10.994525] videodev: Linux video capture interface: v2.00
[   11.000226] pps_core: LinuxPPS API ver. 1 registered
[   11.003115] pps_core: Software ver. 5.3.6 - Copyright 2005-2007 Rodolfo Giometti <giometti@linux.it>
[   11.009443] PTP clock support registered
[   11.018221] EDAC MC: Ver: 3.0.0
[   11.034059] FPGA manager framework
[   11.042372] Advanced Linux Sound Architecture Driver Initialized.
[   11.059114] Bluetooth: Core ver 2.22
[   11.062712] NET: Registered PF_BLUETOOTH protocol family
[   11.066119] Bluetooth: HCI device and connection manager initialized
[   11.071568] Bluetooth: HCI socket layer initialized
[   11.076225] Bluetooth: L2CAP socket layer initialized
[   11.080486] Bluetooth: SCO socket layer initialized
[   11.084611] NET: Registered PF_ATMPVC protocol family
[   11.088233] NET: Registered PF_ATMSVC protocol family
[   11.092644] NetLabel: Initializing
[   11.095117] NetLabel:  domain hash size = 128
[   11.098118] NetLabel:  protocols = UNLABELED CIPSOv4 CALIPSO
[   11.105528] NetLabel:  unlabeled traffic allowed by default
[   11.118570] nfc: nfc_init: NFC Core ver 0.1
[   11.120661] NET: Registered PF_NFC protocol family
[   11.122181] mctp: management component transport protocol core
[   11.123145] NET: Registered PF_MCTP protocol family
[   11.126029] PCI: Using ACPI for IRQ routing
[   11.132014] pci 0000:00:02.0: vgaarb: setting as boot VGA device
[   11.132107] pci 0000:00:02.0: vgaarb: bridge control possible
[   11.132107] pci 0000:00:02.0: vgaarb: VGA device added: decodes=io+mem,owns=io+mem,locks=none
[   11.132132] vgaarb: loaded
[   11.141756] hpet: 3 channels of 0 reserved for per-cpu timers
[   11.142407] hpet0: at MMIO 0xfed00000, IRQs 2, 8, 0
[   11.143119] hpet0: 3 comparators, 64-bit 100.000000 MHz counter
[   11.148988] clocksource: Switched to clocksource kvm-clock
[   11.249924] VFS: Disk quotas dquot_6.6.0
[   11.253248] VFS: Dquot-cache hash table entries: 512 (order 0, 4096 bytes)
[   11.271435] pnp: PnP ACPI init
[   11.307572] pnp: PnP ACPI: found 6 devices
[   11.447556] clocksource: acpi_pm: mask: 0xffffff max_cycles: 0xffffff, max_idle_ns: 2085701024 ns
[   11.455551] NET: Registered PF_INET protocol family
[   11.462323] IP idents hash table entries: 65536 (order: 7, 524288 bytes, linear)
[   11.480187] tcp_listen_portaddr_hash hash table entries: 2048 (order: 6, 147456 bytes, linear)
[   11.486859] Table-perturb hash table entries: 65536 (order: 6, 262144 bytes, linear)
[   11.492748] TCP established hash table entries: 32768 (order: 6, 262144 bytes, linear)
[   11.504175] TCP bind hash table entries: 32768 (order: 11, 4718592 bytes, vmalloc hugepage)
[   11.521100] TCP: Hash tables configured (established 32768 bind 32768)
[   11.525795] UDP hash table entries: 2048 (order: 7, 524288 bytes, linear)
[   11.531179] UDP-Lite hash table entries: 2048 (order: 7, 524288 bytes, linear)
[   11.541418] NET: Registered PF_UNIX/PF_LOCAL protocol family
[   11.553505] RPC: Registered named UNIX socket transport module.
[   11.558225] RPC: Registered udp transport module.
[   11.561482] RPC: Registered tcp transport module.
[   11.565433] RPC: Registered tcp-with-tls transport module.
[   11.569495] RPC: Registered tcp NFSv4.1 backchannel transport module.
[   11.580575] pci_bus 0000:00: resource 4 [io  0x0000-0x0cf7 window]
[   11.585629] pci_bus 0000:00: resource 5 [io  0x0d00-0xffff window]
[   11.590482] pci_bus 0000:00: resource 6 [mem 0x000a0000-0x000bffff window]
[   11.595822] pci_bus 0000:00: resource 7 [mem 0xc0000000-0xfebfffff window]
[   11.601216] pci_bus 0000:00: resource 8 [mem 0x140000000-0x1bfffffff window]
[   11.609269] pci 0000:00:01.0: PIIX3: Enabling Passive Release
[   11.614103] pci 0000:00:00.0: Limiting direct PCI/PCI transfers
[   11.619818] PCI: CLS 0 bytes, default 64
[   11.624593] PCI-DMA: Using software bounce buffering for IO (SWIOTLB)
[   11.630295] software IO TLB: mapped [mem 0x00000000bbfe0000-0x00000000bffe0000] (64MB)
[   11.640392] clocksource: tsc: mask: 0xffffffffffffffff max_cycles: 0x2868139ef5d, max_idle_ns: 440795282642 ns
[   11.696203] Initialise system trusted keyrings
[   11.701665] workingset: timestamp_bits=40 max_order=20 bucket_order=0
[   11.720447] NFS: Registering the id_resolver key type
[   11.725359] Key type id_resolver registered
[   11.729376] Key type id_legacy registered
[   11.735736] 9p: Installing v9fs 9p2000 file system support
[   11.781706] Key type asymmetric registered
[   11.784911] Asymmetric key parser 'x509' registered
[   11.790731] Block layer SCSI generic (bsg) driver version 0.4 loaded (major 244)
[   11.799128] io scheduler mq-deadline registered
[   11.803056] io scheduler kyber registered
[   11.813251] IPMI message handler: version 39.2
[   11.822540] input: Power Button as /devices/LNXSYSTM:00/LNXPWRBN:00/input/input0
[   11.833292] ACPI: button: Power Button [PWRF]
[   11.855856] Serial: 8250/16550 driver, 4 ports, IRQ sharing enabled
[   11.866536] 00:04: ttyS0 at I/O 0x3f8 (irq = 4, base_baud = 115200) is a 16550A
[   11.897167] Non-volatile memory driver v1.3
[   11.899906] Linux agpgart interface v0.103
[   11.906247] parport_pc 00:03: reported by Plug and Play ACPI
[   11.913048] parport0: PC-style at 0x378, irq 7 [PCSPP(,...)]
[   12.051258] loop: module loaded
[   12.063610] megaraid cmm: 2.20.2.7 (Release Date: Sun Jul 16 00:01:03 EST 2006)
[   12.073878] hv_vmbus: registering driver hv_storvsc
[   12.130329] scsi host0: ata_piix
[   12.144769] scsi host1: ata_piix
[   12.151612] ata1: PATA max MWDMA2 cmd 0x1f0 ctl 0x3f6 bmdma 0xc0a0 irq 14 lpm-pol 0
[   12.157326] ata2: PATA max MWDMA2 cmd 0x170 ctl 0x376 bmdma 0xc0a8 irq 15 lpm-pol 0
[   12.172249] Rounding down aligned max_sectors from 4294967295 to 4294967288
[   12.179663] db_root: cannot open: /etc/target
[   12.186587] MACsec IEEE 802.1AE
[   12.206444] tun: Universal TUN/TAP device driver, 1.6
[   12.215565] arcnet: arcnet loaded
[   12.218905] CAN device driver interface
[   12.222249] sja1000 CAN netdevice driver
[   12.225771] e1000: Intel(R) PRO/1000 Network Driver
[   12.229756] e1000: Copyright (c) 1999-2006 Intel Corporation.
[   12.327523] ata2: found unknown device (class 0)
[   12.339356] ata1: found unknown device (class 0)
[   12.349248] ata1.00: ATA-7: QEMU HARDDISK, 2.5+, max UDMA/100
[   12.355650] ata1.00: 536870912 sectors, multi 16: LBA48 
[   12.360849] ata2.00: ATAPI: QEMU DVD-ROM, 2.5+, max UDMA/100
[   12.379469] scsi 0:0:0:0: Direct-Access     ATA      QEMU HARDDISK    2.5+ PQ: 0 ANSI: 5
[   12.401362] scsi 0:0:0:0: Attached scsi generic sg0 type 0
[   12.408534] sd 0:0:0:0: [sda] 536870912 512-byte logical blocks: (275 GB/256 GiB)
[   12.417897] sd 0:0:0:0: [sda] Write Protect is off
[   12.418035] scsi 1:0:0:0: CD-ROM            QEMU     QEMU DVD-ROM     2.5+ PQ: 0 ANSI: 5
[   12.422148] sd 0:0:0:0: [sda] Write cache: enabled, read cache: enabled, doesn't support DPO or FUA
[   12.451791] sd 0:0:0:0: [sda] Preferred minimum I/O size 512 bytes
[   12.489140] sr 1:0:0:0: [sr0] scsi3-mmc drive: 4x/4x cd/rw xa/form2 tray
[   12.496259] cdrom: Uniform CD-ROM driver Revision: 3.20
[   12.496542] sd 0:0:0:0: [sda] Attached SCSI disk
[   12.541792] sr 1:0:0:0: Attached scsi generic sg1 type 5
[   22.455503] ACPI: \_SB_.LNKB: Enabled at IRQ 10
[   23.141191] e1000 0000:00:06.0 eth0: (PCI:33MHz:32-bit) 52:54:00:12:34:56
[   23.146565] e1000 0000:00:06.0 eth0: Intel(R) PRO/1000 Network Connection
[   23.154811] QLogic FastLinQ 4xxxx Core Module qed
[   23.159400] hdlc: HDLC support module revision 1.22
[   23.167680] usbcore: registered new device driver r8152-cfgselector
[   23.173677] usbcore: registered new interface driver r8152
[   23.178531] usbcore: registered new interface driver cdc_ether
[   23.183826] usbcore: registered new interface driver cdc_subset
[   23.188988] usbcore: registered new interface driver r8153_ecm
[   23.201037] VFIO - User Level meta-driver version: 0.3
[   23.218583] i8042: PNP: PS/2 Controller [PNP0303:KBD,PNP0f13:MOU] at 0x60,0x64 irq 1,12
[   23.230983] serio: i8042 KBD port at 0x60,0x64 irq 1
[   23.234891] serio: i8042 AUX port at 0x60,0x64 irq 12
[   23.242640] hv_vmbus: registering driver hyperv_keyboard
[   23.254861] rtc_cmos 00:05: RTC can wake from S4
[   23.261492] input: AT Translated Set 2 keyboard as /devices/platform/i8042/serio0/input/input1
[   23.272394] rtc_cmos 00:05: registered as rtc0
[   23.278806] rtc_cmos 00:05: alarms up to one day, y3k, 242 bytes nvram, hpet irqs
[   23.286467] i2c_dev: i2c /dev entries driver
[   23.291516] gspca_main: v2.14.0 registered
[   23.298461] Driver for 1-wire Dallas network protocol.
[   23.308380] device-mapper: ioctl: 4.50.0-ioctl (2025-04-28) initialised: dm-devel@lists.linux.dev
[   23.314477] Modular ISDN core version 1.1.29
[   23.320374] NET: Registered PF_ISDN protocol family
[   23.324081] intel_pstate: CPU model not supported
[   23.328220] sdhci: Secure Digital Host Controller Interface driver
[   23.332434] sdhci: Copyright(c) Pierre Ossman
[   23.346303] hid: raw HID events driver (C) Jiri Kosina
[   23.359267] usbcore: registered new interface driver usbhid
[   23.362209] usbhid: USB HID core driver
[   23.364867] comedi: version 0.7.76 - http://www.comedi.org
[   23.373399] SPI driver st-gyro-spi has no spi_device_id for st,l3g4200d-gyro
[   23.377146] SPI driver st-gyro-spi has no spi_device_id for st,lsm330d-gyro
[   23.381642] SPI driver st-gyro-spi has no spi_device_id for st,lsm330dl-gyro
[   23.385500] SPI driver st-gyro-spi has no spi_device_id for st,lsm330dlc-gyro
[   23.389105] SPI driver st-gyro-spi has no spi_device_id for st,l3gd20-gyro
[   23.394191] SPI driver st-gyro-spi has no spi_device_id for st,l3gd20h-gyro
[   23.398482] SPI driver st-gyro-spi has no spi_device_id for st,l3g4is-gyro
[   23.403049] SPI driver st-gyro-spi has no spi_device_id for st,lsm330-gyro
[   23.407165] SPI driver st-gyro-spi has no spi_device_id for st,lsm9ds0-gyro
[   23.414308] SPI driver st-magn-spi has no spi_device_id for st,lis3mdl-magn
[   23.419888] SPI driver st-magn-spi has no spi_device_id for st,lsm303agr-magn
[   23.423825] SPI driver st-magn-spi has no spi_device_id for st,lsm9ds1-magn
[   23.428064] SPI driver st-magn-spi has no spi_device_id for st,lsm303c-magn
[   23.435411] gnss: GNSS driver registered with major 508
[   23.452034] nf_conntrack_irc: failed to register helpers
[   23.737315] input: ImExPS/2 Generic Explorer Mouse as /devices/platform/i8042/serio1/input/input3
[   24.509054] nf_conntrack_sip: failed to register helpers
[   24.517626] Initializing XFRM netlink socket
[   24.521838] NET: Registered PF_INET6 protocol family
[   24.542193] Segment Routing with IPv6
[   24.545265] In-situ OAM (IOAM) with IPv6
[   24.549109] sit: IPv6, IPv4 and MPLS over IPv4 tunneling driver
[   24.559035] NET: Registered PF_PACKET protocol family
[   24.565696] can: controller area network core
[   24.568847] NET: Registered PF_CAN protocol family
[   24.571601] can: raw protocol
[   24.574250] can: broadcast manager protocol
[   24.577632] can: netlink gateway - max_hops=1
[   24.584481] RPC: Registered rdma transport module.
[   24.588517] RPC: Registered rdma backchannel transport module.
[   24.595456] NET: Registered PF_PHONET protocol family
[   24.599669] 8021q: 802.1Q VLAN Support v1.8
[   24.604326] 9pnet: Installing 9P2000 support
[   24.608921] NET: Registered PF_IEEE802154 protocol family
[   24.613658] Key type dns_resolver registered
[   24.632577] IPI shorthand broadcast: enabled
[   24.911674] sched_clock: Marking stable (24444124306, 466888525)->(27306990663, -2395977832)
[   24.925894] registered taskstats version 1
[   24.929146] Loading compiled-in X.509 certificates
[   25.178695] Demotion targets for Node 0: null
[   25.183574] kmemleak: Kernel memory leak detector initialized (mem pool available: 14702)
[   25.183638] kmemleak: Automatic memory scanning thread started
[   25.199453] PM:   Magic number: 10:101:500
[   25.203682] netconsole: network logging started
[   25.212646] cfg80211: Loading compiled-in X.509 certificates for regulatory database
[   25.225838] kworker/u16:0 (106) used greatest stack depth: 28472 bytes left
[   25.232671] Loaded X.509 cert 'sforshee: 00b28ddf47aef9cea7'
[   25.238660] Loaded X.509 cert 'wens: 61c038651aabdcf94bd0ac7ff06c7248db18c600'
[   25.245620] clk: Disabling unused clocks
[   25.246625] faux_driver regulatory: Direct firmware load for regulatory.db failed with error -2
[   25.248846] ALSA device list:
[   25.254903] cfg80211: failed to load regulatory.db
[   25.257950]   No soundcards found.
[   25.269432] check access for rdinit=/init failed: -2, ignoring
[   25.272847] md: Waiting for all devices to be available before autodetect
[   25.276395] md: If you don't use raid, use raid=noautodetect
[   25.279200] md: Autodetecting RAID arrays.
[   25.281132] md: autorun ...
[   25.282252] md: ... autorun DONE.
[   25.631845] EXT4-fs (sda): mounted filesystem 7aa2f14d-7352-4fb8-97c6-28d78a5d37aa ro with ordered data mode. Quota mode: none.
[   25.637648] VFS: Mounted root (ext4 filesystem) readonly on device 8:0.
[   25.644589] devtmpfs: mounted
[   25.763307] Freeing unused kernel image (initmem) memory: 14700K
[   25.768083] Write protecting the kernel read-only data: 98304k
[   25.785274] Freeing unused kernel image (text/rodata gap) memory: 1552K
[   25.790052] Freeing unused kernel image (rodata/data gap) memory: 284K
[   25.970644] x86/mm: Checked W+X mappings: passed, no W+X pages found.
[   25.976703] x86/mm: Checking user space page tables
[   26.130764] x86/mm: Checked W+X mappings: passed, no W+X pages found.
[   26.163476] Run /sbin/init as init process
[  160.883357] hrtimer: interrupt took 18014680 ns
[  293.153426] watchdog: BUG: soft lockup - CPU#1 stuck for 267s! [init:1]
[  293.153593] Modules linked in:
[  293.153614] irq event stamp: 2968294
[  293.153629] hardirqs last  enabled at (2968293): [<ffffffff85c4da1b>] irqentry_exit+0x3b/0x90
[  293.154054] hardirqs last disabled at (2968294): [<ffffffff85c4c33f>] sysvec_apic_timer_interrupt+0xf/0x80
[  293.154072] softirqs last  enabled at (2967848): [<ffffffff813d2e09>] handle_softirqs+0x509/0x760
[  293.154157] softirqs last disabled at (2967843): [<ffffffff813d3140>] __irq_exit_rcu+0xd0/0x100
[  293.154464] CPU: 1 UID: 0 PID: 1 Comm: init Not tainted 6.18.0 #9 PREEMPT(voluntary) 
[  293.154480] Hardware name: QEMU Standard PC (i440FX + PIIX, 1996), BIOS rel-1.16.3-0-ga6ed6b701f0a-prebuilt.qemu.org 04/01/2014
[  293.154503] RIP: 0010:memcpy_orig+0x29/0x130
[  293.154620] Code: 90 48 89 f8 48 83 fa 20 72 7e 40 38 fe 7c 35 48 83 ea 20 48 83 ea 20 4c 8b 06 4c 8b 4e 08 4c 8b 56 10 4c 8b 5e 18 48 8d 76 20 <4c> 89 07 4c 89 4f 08 4c 89 57 10 4c 89 5f 18 48 8d 7f 20 73 d4 83
[  293.154663] RSP: 0000:ffff888100b2fce0 EFLAGS: 00010206
[  293.154692] RAX: ffff88810b25a000 RBX: 1ffff11020165fa7 RCX: ffffffff85c3985a
[  293.154700] RDX: 0000000000000fc0 RSI: ffff88810a34e020 RDI: ffff88810b25a000
[  293.154708] RBP: ffff88810b25a000 R08: 0000000000000000 R09: 0000000000000000
[  293.154716] R10: 0000000000000000 R11: 0000000000000000 R12: 0000000000000000
[  293.154723] R13: ffff88810a34e000 R14: 000000010a34e000 R15: ffffea0000000000
[  293.154731] FS:  00007f80dc0c0900(0000) GS:ffff8881912bf000(0000) knlGS:0000000000000000
[  293.154741] CS:  0010 DS: 0000 ES: 0000 CR0: 0000000080050033
[  293.154750] CR2: 00007f80dc78f130 CR3: 0000000109ab0000 CR4: 00000000000006f0
[  293.154880] Call Trace:
[  293.154982]  <TASK>
[  293.154988]  copy_mc_to_kernel+0xba/0xd0
[  293.155063]  __handle_mm_fault+0x15c7/0x2490
[  293.155146]  ? __pfx___handle_mm_fault+0x10/0x10
[  293.155162]  ? lock_vma_under_rcu+0x17c/0x560
[  293.155196]  ? rcu_read_unlock+0x2d/0xb0
[  293.155220]  handle_mm_fault+0x2cc/0x900
[  293.155235]  ? access_error+0x17d/0x370
[  293.155271]  do_user_addr_fault+0x505/0xeb0
[  293.155294]  exc_page_fault+0xb5/0x190
[  293.155313]  asm_exc_page_fault+0x26/0x30
[  293.155342] RIP: 0033:0x7f80dcd4cc24
[  293.155491] Code: 8b 8d 70 ff ff ff 48 8b 30 8b 50 08 48 01 ce 48 83 fa 26 74 0a 48 83 fa 08 0f 85 62 10 00 00 48 8b 50 10 48 83 c0 18 48 01 ca <48> 89 16 48 39 c3 77 d4 4d 8b 93 d0 01 00 00 4d 85 d2 0f 85 a3 fa
[  293.155503] RSP: 002b:00007ffffe395540 EFLAGS: 00010206
[  293.155513] RAX: 00007f80dc746918 RBX: 00007f80dc74a560 RCX: 00007f80dc743000
[  293.155521] RDX: 00007f80dc74cf50 RSI: 00007f80dc78f130 RDI: 00007f80dc74bbb0
[  293.155529] RBP: 00007ffffe395640 R08: 00007f80dc74bbb0 R09: 0000000000000001
[  293.155536] R10: 00000000000052b0 R11: 00007f80dc9d5940 R12: 0000000000000000
[  293.155544] R13: 0000000000000000 R14: 00007f80dcd6c180 R15: 0000000000000058
[  293.155566]  </TASK>
[  339.581741] kworker/3:0 (33) used greatest stack depth: 28272 bytes left
[  435.321430] BUG: workqueue lockup - pool cpus=1 node=0 flags=0x0 nice=0 stuck for 407s!
[  435.325444] BUG: workqueue lockup - pool cpus=1 node=0 flags=0x0 nice=-20 stuck for 403s!
[  435.328672] Showing busy workqueues and worker pools:
[  435.330679] workqueue events: flags=0x100
[  435.332162]   pwq 6: cpus=1 node=0 flags=0x0 nice=0 active=2 refcnt=3
[  435.332306]     pending: deferred_probe_timeout_work_func, regulator_init_complete_work_function
[  435.338240] workqueue events_power_efficient: flags=0x180
[  435.340364]   pwq 6: cpus=1 node=0 flags=0x0 nice=0 active=4 refcnt=5
[  435.340488]     pending: crda_timeout_work, neigh_managed_work, neigh_periodic_work, gc_worker
[  435.346508] workqueue mm_percpu_wq: flags=0x8
[  435.348260]   pwq 6: cpus=1 node=0 flags=0x0 nice=0 active=1 refcnt=2
[  435.348371]     pending: vmstat_update
[  435.352863] workqueue kblockd: flags=0x18
[  435.355210]   pwq 7: cpus=1 node=0 flags=0x0 nice=-20 active=1 refcnt=2
[  435.355348]     pending: blk_mq_timeout_work
[  435.360152] Showing backtraces of running workers in stalled CPU-bound worker pools:
[  447.153489] watchdog: BUG: soft lockup - CPU#1 stuck for 410s! [init:1]
[  447.153509] Modules linked in:
[  447.153518] irq event stamp: 3290500
[  447.153523] hardirqs last  enabled at (3290499): [<ffffffff85c4da1b>] irqentry_exit+0x3b/0x90
[  447.153551] hardirqs last disabled at (3290500): [<ffffffff85c4c33f>] sysvec_apic_timer_interrupt+0xf/0x80
[  447.153568] softirqs last  enabled at (3290420): [<ffffffff813d2e09>] handle_softirqs+0x509/0x760
[  447.153587] softirqs last disabled at (3290399): [<ffffffff813d3140>] __irq_exit_rcu+0xd0/0x100
[  447.153798] CPU: 1 UID: 0 PID: 1 Comm: init Tainted: G             L      6.18.0 #9 PREEMPT(voluntary) 
[  447.153819] Tainted: [L]=SOFTLOCKUP
[  447.153824] Hardware name: QEMU Standard PC (i440FX + PIIX, 1996), BIOS rel-1.16.3-0-ga6ed6b701f0a-prebuilt.qemu.org 04/01/2014
[  447.153872] RIP: 0010:memcpy_orig+0x29/0x130
[  447.153948] Code: 90 48 89 f8 48 83 fa 20 72 7e 40 38 fe 7c 35 48 83 ea 20 48 83 ea 20 4c 8b 06 4c 8b 4e 08 4c 8b 56 10 4c 8b 5e 18 48 8d 76 20 <4c> 89 07 4c 89 4f 08 4c 89 57 10 4c 89 5f 18 48 8d 7f 20 73 d4 83
[  447.153961] RSP: 0000:ffff888100b2fce0 EFLAGS: 00010206
[  447.154009] RAX: ffff88810b25a000 RBX: 1ffff11020165fa7 RCX: ffffffff85c3985a
[  447.154018] RDX: 0000000000000fc0 RSI: ffff88810a34e020 RDI: ffff88810b25a000
[  447.154027] RBP: ffff88810b25a000 R08: 0000000000000000 R09: 0000000000000000
[  447.154036] R10: 0000000000000000 R11: 0000000000000000 R12: 0000000000000000
[  447.154043] R13: ffff88810a34e000 R14: 000000010a34e000 R15: ffffea0000000000
[  447.154053] FS:  00007f80dc0c0900(0000) GS:ffff8881912bf000(0000) knlGS:0000000000000000
[  447.154064] CS:  0010 DS: 0000 ES: 0000 CR0: 0000000080050033
[  447.154073] CR2: 00007f80dc78f130 CR3: 0000000109ab0000 CR4: 00000000000006f0
[  447.154150] Call Trace:
[  447.154158]  <TASK>
[  447.154164]  copy_mc_to_kernel+0xba/0xd0
[  447.154250]  __handle_mm_fault+0x15c7/0x2490
[  447.154274]  ? __pfx___handle_mm_fault+0x10/0x10
[  447.154292]  ? lock_vma_under_rcu+0x17c/0x560
[  447.154321]  ? rcu_read_unlock+0x2d/0xb0
[  447.154348]  handle_mm_fault+0x2cc/0x900
[  447.154364]  ? access_error+0x17d/0x370
[  447.154397]  do_user_addr_fault+0x505/0xeb0
[  447.154420]  exc_page_fault+0xb5/0x190
[  447.154438]  asm_exc_page_fault+0x26/0x30
[  447.154452] RIP: 0033:0x7f80dcd4cc24
[  447.154557] Code: 8b 8d 70 ff ff ff 48 8b 30 8b 50 08 48 01 ce 48 83 fa 26 74 0a 48 83 fa 08 0f 85 62 10 00 00 48 8b 50 10 48 83 c0 18 48 01 ca <48> 89 16 48 39 c3 77 d4 4d 8b 93 d0 01 00 00 4d 85 d2 0f 85 a3 fa
[  447.154568] RSP: 002b:00007ffffe395540 EFLAGS: 00010206
[  447.154579] RAX: 00007f80dc746918 RBX: 00007f80dc74a560 RCX: 00007f80dc743000
[  447.154588] RDX: 00007f80dc74cf50 RSI: 00007f80dc78f130 RDI: 00007f80dc74bbb0
[  447.154596] RBP: 00007ffffe395640 R08: 00007f80dc74bbb0 R09: 0000000000000001
[  447.154605] R10: 00000000000052b0 R11: 00007f80dc9d5940 R12: 0000000000000000
[  447.154613] R13: 0000000000000000 R14: 00007f80dcd6c180 R15: 0000000000000058
[  447.154637]  </TASK>
[  601.153195] watchdog: BUG: soft lockup - CPU#1 stuck for 553s! [init:1]
[  601.153211] Modules linked in:
[  601.153218] irq event stamp: 3612376
[  601.153222] hardirqs last  enabled at (3612375): [<ffffffff85c4da1b>] irqentry_exit+0x3b/0x90
[  601.153245] hardirqs last disabled at (3612376): [<ffffffff85c4c33f>] sysvec_apic_timer_interrupt+0xf/0x80
[  601.153262] softirqs last  enabled at (3611852): [<ffffffff813d2e09>] handle_softirqs+0x509/0x760
[  601.153277] softirqs last disabled at (3611847): [<ffffffff813d3140>] __irq_exit_rcu+0xd0/0x100
[  601.153296] CPU: 1 UID: 0 PID: 1 Comm: init Tainted: G             L      6.18.0 #9 PREEMPT(voluntary) 
[  601.153312] Tainted: [L]=SOFTLOCKUP
[  601.153316] Hardware name: QEMU Standard PC (i440FX + PIIX, 1996), BIOS rel-1.16.3-0-ga6ed6b701f0a-prebuilt.qemu.org 04/01/2014
[  601.153324] RIP: 0010:memcpy_orig+0x29/0x130
[  601.153341] Code: 90 48 89 f8 48 83 fa 20 72 7e 40 38 fe 7c 35 48 83 ea 20 48 83 ea 20 4c 8b 06 4c 8b 4e 08 4c 8b 56 10 4c 8b 5e 18 48 8d 76 20 <4c> 89 07 4c 89 4f 08 4c 89 57 10 4c 89 5f 18 48 8d 7f 20 73 d4 83
[  601.153352] RSP: 0000:ffff888100b2fce0 EFLAGS: 00010206
[  601.153361] RAX: ffff88810b25a000 RBX: 1ffff11020165fa7 RCX: ffffffff85c3985a
[  601.153368] RDX: 0000000000000fc0 RSI: ffff88810a34e020 RDI: ffff88810b25a000
[  601.153375] RBP: ffff88810b25a000 R08: 0000000000000000 R09: 0000000000000000
[  601.153382] R10: 0000000000000000 R11: 0000000000000000 R12: 0000000000000000
[  601.153388] R13: ffff88810a34e000 R14: 000000010a34e000 R15: ffffea0000000000
[  601.153396] FS:  00007f80dc0c0900(0000) GS:ffff8881912bf000(0000) knlGS:0000000000000000
[  601.153405] CS:  0010 DS: 0000 ES: 0000 CR0: 0000000080050033
[  601.153412] CR2: 00007f80dc78f130 CR3: 0000000109ab0000 CR4: 00000000000006f0
[  601.153479] Call Trace:
[  601.153486]  <TASK>
[  601.153490]  copy_mc_to_kernel+0xba/0xd0
[  601.153511]  __handle_mm_fault+0x15c7/0x2490
[  601.153530]  ? __pfx___handle_mm_fault+0x10/0x10
[  601.153544]  ? lock_vma_under_rcu+0x17c/0x560
[  601.153566]  ? rcu_read_unlock+0x2d/0xb0
[  601.153587]  handle_mm_fault+0x2cc/0x900
[  601.153601]  ? access_error+0x17d/0x370
[  601.153617]  do_user_addr_fault+0x505/0xeb0
[  601.153637]  exc_page_fault+0xb5/0x190
[  601.153694]  asm_exc_page_fault+0x26/0x30
[  601.153706] RIP: 0033:0x7f80dcd4cc24
[  601.153721] Code: 8b 8d 70 ff ff ff 48 8b 30 8b 50 08 48 01 ce 48 83 fa 26 74 0a 48 83 fa 08 0f 85 62 10 00 00 48 8b 50 10 48 83 c0 18 48 01 ca <48> 89 16 48 39 c3 77 d4 4d 8b 93 d0 01 00 00 4d 85 d2 0f 85 a3 fa
[  601.153731] RSP: 002b:00007ffffe395540 EFLAGS: 00010206
[  601.153740] RAX: 00007f80dc746918 RBX: 00007f80dc74a560 RCX: 00007f80dc743000
[  601.153747] RDX: 00007f80dc74cf50 RSI: 00007f80dc78f130 RDI: 00007f80dc74bbb0
[  601.153754] RBP: 00007ffffe395640 R08: 00007f80dc74bbb0 R09: 0000000000000001
[  601.153760] R10: 00000000000052b0 R11: 00007f80dc9d5940 R12: 0000000000000000
[  601.153766] R13: 0000000000000000 R14: 00007f80dcd6c180 R15: 0000000000000058
[  601.153783]  </TASK>
