last executing test programs:

15.170720749s ago: executing program 1 (id=2409):
mmap$snddsp_control(&(0x7f0000ffb000/0x3000)=nil, 0xc00000, 0x200000b, 0x9e831, 0xffffffffffffffff, 0x83000000)
r0 = syz_open_dev$sndpcmp(&(0x7f0000000080), 0x95a7, 0x1a1000)
r1 = syz_open_dev$sndpcmp(&(0x7f0000000000), 0x0, 0x2000)
mmap$snddsp_control(&(0x7f0000902000/0x4000)=nil, 0x1000, 0x3000021, 0x2812, r0, 0x83000000)
r2 = syz_open_dev$sndpcmp(&(0x7f00000008c0), 0x95a7, 0x183000)
mmap$snddsp_status(&(0x7f0000ffa000/0x4000)=nil, 0x1000, 0x4, 0x11, r2, 0x82000000)
r3 = syz_open_dev$sndpcmp(&(0x7f0000000000), 0x0, 0x2000)
mmap$snddsp_control(&(0x7f0000ffc000/0x1000)=nil, 0x1021, 0x3000005, 0x12, r3, 0x83000000)
mmap$snddsp_status(&(0x7f0000e0d000/0x3000)=nil, 0x1000, 0x0, 0x11, r1, 0x82000000)
mmap$snddsp_control(&(0x7f0000ffb000/0x3000)=nil, 0xc00000, 0xf, 0x9e832, 0xffffffffffffffff, 0x83000000)
mmap$snddsp_control(&(0x7f0000955000/0x3000)=nil, 0xc00000, 0x200000d, 0x9e832, 0xffffffffffffffff, 0x83000000)

14.015970317s ago: executing program 1 (id=2413):
mmap$snddsp_control(&(0x7f0000ff3000/0xd000)=nil, 0xc00000, 0x8, 0x9e832, 0xffffffffffffffff, 0x83000000) (async)
r0 = syz_open_dev$dri(&(0x7f0000000300), 0xfffffffffffffffa, 0x40800)
ioctl$DRM_IOCTL_SYNCOBJ_HANDLE_TO_FD_FD(r0, 0xc01864c1, &(0x7f0000000340)) (async)
r1 = syz_open_dev$sndpcmp(&(0x7f0000000080), 0x95a7, 0x1a1000) (async)
r2 = syz_open_dev$sndctrl(&(0x7f0000000080), 0x200, 0x302)
ioctl$SNDRV_CTL_IOCTL_RAWMIDI_INFO(r2, 0xc10c5541, &(0x7f00000001c0)={0x1, 0xffff})
mmap$snddsp_control(&(0x7f00007cd000/0x4000)=nil, 0xc00000, 0x0, 0x96012, r1, 0x83000000)
r3 = syz_open_dev$sndpcmp(&(0x7f00000008c0), 0x95a7, 0x183000)
mmap$snddsp_status(&(0x7f0000ffa000/0x4000)=nil, 0x1000, 0x3000005, 0x11, r3, 0x82000000)
mmap$snddsp_control(&(0x7f0000b6e000/0x3000)=nil, 0xc00000, 0x200000f, 0x9e832, 0xffffffffffffffff, 0x83000000)

13.316881407s ago: executing program 1 (id=2417):
r0 = syz_open_dev$sndpcmp(&(0x7f0000000000), 0x0, 0x8000)
ioctl$SNDRV_PCM_IOCTL_SW_PARAMS(r0, 0xc0884113, &(0x7f0000000040)={0x0, 0x6, 0x800, 0x5, 0x6, 0xfffffffffffffff4, 0x12000000000, 0x8, 0xffffffff, 0x5, 0x10000, 0x5})
ioctl$SNDRV_PCM_IOCTL_HW_REFINE_OLD(r0, 0xc1004110, &(0x7f0000000340)={0xa, [0x3, 0x7, 0xa4], [{0xd, 0x201, 0x0, 0x1}, {0xec4, 0x0, 0x0, 0x1}, {0x9, 0x5, 0x1, 0x0, 0x1}, {0x7, 0xf4240, 0x1, 0x1, 0x1}, {0x5, 0x401, 0x0, 0x1, 0x1}, {0xfffffff7, 0x4000005, 0x1, 0x1}, {0x9, 0x8, 0x1}, {0x6, 0x8876, 0x1, 0x0, 0x1}, {0x3ff, 0x7, 0x1}, {0x1, 0x9, 0x1, 0x1, 0x1}, {0x0, 0xf, 0x1, 0x1, 0x1}, {0x0, 0x1c2e}], 0x85})
r1 = syz_open_dev$sndctrl(&(0x7f0000000940), 0x0, 0xa8401)
ioctl$SNDRV_CTL_IOCTL_PCM_PREFER_SUBDEVICE(r1, 0x40086602, 0xfffffffffffffffd)
mmap$snddsp_control(&(0x7f0000003000/0x3000)=nil, 0xc00000, 0x400000b, 0x9e831, 0xffffffffffffffff, 0x83000000)
syz_open_dev$dri(0x0, 0xfffffffffffffffa, 0xe500)
ioctl$SNDRV_SEQ_IOCTL_CREATE_QUEUE(0xffffffffffffffff, 0xc08c5332, 0x0)
r2 = openat$sndseq(0xffffffffffffff9c, &(0x7f0000000000), 0x402)
r3 = syz_open_dev$sndpcmp(&(0x7f0000000080), 0x95a7, 0x1a1000)
mmap$snddsp(&(0x7f0000ffc000/0x1000)=nil, 0x1000, 0x2000009, 0x10, r3, 0xe000)
r4 = syz_open_dev$sndpcmp(&(0x7f00000008c0), 0x95a7, 0x183000)
mmap$snddsp_status(&(0x7f0000ffa000/0x4000)=nil, 0x1000, 0x3000005, 0x11, r4, 0x82000000)
r5 = syz_open_dev$sndpcmp(&(0x7f00000008c0), 0x95a7, 0x183000)
mmap$snddsp_control(&(0x7f0000902000/0x4000)=nil, 0x1000, 0x3000021, 0x2812, r5, 0x83000000)
mmap$snddsp(&(0x7f0000ffd000/0x3000)=nil, 0x303f, 0x200000c, 0x82031, 0xffffffffffffffff, 0x9000)
mmap$snddsp_control(&(0x7f0000777000/0x1000)=nil, 0xc00000, 0xf, 0x9e831, 0xffffffffffffffff, 0x83000000)
mmap$snddsp_control(&(0x7f0000000000/0x4000)=nil, 0x1000, 0x1, 0x32, 0xffffffffffffffff, 0x83000000)
ioctl$SNDRV_SEQ_IOCTL_SET_QUEUE_TIMER(r2, 0x40605346, &(0x7f00000001c0)={0x4, 0x0, {0x2, 0x3, 0xffffff01, 0x0, 0x2}, 0x4})
r6 = syz_open_dev$dri(&(0x7f0000000000), 0xfffffffffffffffc, 0x0)
ioctl$DRM_IOCTL_MODE_CREATE_LEASE(r6, 0xc01864c6, &(0x7f0000000080)={0x0, 0x0, 0x80800})
ioctl$DRM_IOCTL_MODE_LIST_LESSEES(r6, 0xc01064c7, &(0x7f0000000800)={0x0, 0x0, 0x0})
syz_open_dev$dri(&(0x7f0000000000), 0x1, 0x2000)
ioctl$SNDRV_TIMER_IOCTL_NEXT_DEVICE(0xffffffffffffffff, 0xc0145401, &(0x7f0000000f40)={0x3, 0x1, 0xc, 0x2, 0x7fffffff})
r7 = openat$sndseq(0xffffffffffffff9c, &(0x7f0000000000), 0x402)
r8 = syz_open_dev$sndctrl(&(0x7f0000000940), 0x0, 0xa8401)
ioctl$SNDRV_CTL_IOCTL_PCM_PREFER_SUBDEVICE(r8, 0x40086602, &(0x7f0000000040)=0xfffeffff)
ioctl$SNDRV_SEQ_IOCTL_CREATE_QUEUE(r7, 0xc08c5332, &(0x7f0000000100)={0x7ff, 0x9, 0x0, 'queue1\x00', 0x73fa})
r9 = openat$sndseq(0xffffffffffffff9c, &(0x7f0000000300), 0x3400)
ioctl$SNDRV_SEQ_IOCTL_GET_NAMED_QUEUE(r9, 0xc08c5336, &(0x7f0000000200)={0x2, 0x3, 0x1, 'queue0\x00', 0x6})

10.896449138s ago: executing program 1 (id=2433):
r0 = openat$sndtimer(0xffffffffffffff9c, &(0x7f0000000000), 0x101240) (async)
r1 = syz_open_dev$sndctrl(&(0x7f0000000000), 0x0, 0x8001)
ioctl$SNDRV_CTL_IOCTL_TLV_READ(r1, 0xc008551a, &(0x7f0000000840)={0x7ff}) (async, rerun: 64)
r2 = syz_open_dev$amidi(&(0x7f0000000080), 0x2, 0x0) (async, rerun: 64)
r3 = syz_open_dev$dri(&(0x7f0000000000), 0x0, 0x0)
ioctl$DRM_IOCTL_MODE_SETGAMMA(r3, 0xc02064a5, &(0x7f0000000440)={0x0, 0x0, 0x0, 0x0, 0x0})
ioctl$SNDRV_RAWMIDI_IOCTL_STATUS64(r2, 0xc0385720, 0x0) (async)
ioctl$SNDRV_TIMER_IOCTL_SELECT(r0, 0x40345410, &(0x7f0000000100)={{0x1, 0x2, 0xfff}})
ioctl$SNDRV_TIMER_IOCTL_PARAMS(r0, 0x40505412, 0x0)

7.789694072s ago: executing program 3 (id=2459):
r0 = syz_open_dev$sndpcmp(&(0x7f00000008c0), 0x95a7, 0x183082)
mmap$snddsp_control(&(0x7f0000902000/0x4000)=nil, 0x1000, 0x3000021, 0x2812, r0, 0x83000000)
mmap$snddsp_control(&(0x7f0000ffb000/0x3000)=nil, 0xc00000, 0xf, 0x9e832, 0xffffffffffffffff, 0x83000000)
r1 = syz_open_dev$sndpcmp(&(0x7f00000008c0), 0x95a7, 0x183000)
mmap$snddsp_status(&(0x7f0000ffa000/0x4000)=nil, 0x1000, 0x4, 0x11, r1, 0x82000000)
r2 = syz_open_dev$sndpcmp(&(0x7f0000000080), 0x95a7, 0x1a1000)
mmap$snddsp_control(&(0x7f00007cd000/0x4000)=nil, 0xc00000, 0x0, 0x96012, r2, 0x83000000)
syz_open_dev$sndpcmp(&(0x7f00000008c0), 0x95a7, 0x183082) (async)
mmap$snddsp_control(&(0x7f0000902000/0x4000)=nil, 0x1000, 0x3000021, 0x2812, r0, 0x83000000) (async)
mmap$snddsp_control(&(0x7f0000ffb000/0x3000)=nil, 0xc00000, 0xf, 0x9e832, 0xffffffffffffffff, 0x83000000) (async)
syz_open_dev$sndpcmp(&(0x7f00000008c0), 0x95a7, 0x183000) (async)
mmap$snddsp_status(&(0x7f0000ffa000/0x4000)=nil, 0x1000, 0x4, 0x11, r1, 0x82000000) (async)
syz_open_dev$sndpcmp(&(0x7f0000000080), 0x95a7, 0x1a1000) (async)
mmap$snddsp_control(&(0x7f00007cd000/0x4000)=nil, 0xc00000, 0x0, 0x96012, r2, 0x83000000) (async)

6.886416564s ago: executing program 3 (id=2461):
mmap$snddsp_control(&(0x7f0000ffd000/0x3000)=nil, 0x1000, 0x9, 0x4000010, 0xffffffffffffffff, 0x83000000)
r0 = syz_open_dev$sndpcmp(&(0x7f0000000080), 0x95a7, 0x1a1000)
mmap$snddsp_control(&(0x7f00007cd000/0x4000)=nil, 0xc00000, 0x0, 0x96012, r0, 0x83000000)
r1 = syz_open_dev$sndpcmp(&(0x7f0000000080), 0x95a7, 0x1a1000)
r2 = syz_open_dev$sndpcmp(&(0x7f00000008c0), 0x95a7, 0x183000)
mmap$snddsp_control(&(0x7f0000777000/0x1000)=nil, 0xc00000, 0xf, 0x9e831, 0xffffffffffffffff, 0x83000000)
mmap$snddsp_status(&(0x7f0000ffa000/0x4000)=nil, 0x1000, 0x4, 0x11, r2, 0x82000000)
r3 = syz_open_dev$sndpcmp(&(0x7f0000000000), 0x0, 0x2000)
mmap$snddsp_control(&(0x7f0000ffc000/0x1000)=nil, 0x1021, 0x3000005, 0x12, r3, 0x83000000)
mmap$snddsp_control(&(0x7f0000902000/0x4000)=nil, 0x1000, 0x3000021, 0x2812, r1, 0x83000000)
r4 = syz_open_dev$dri(&(0x7f0000000000), 0x2, 0x1)
ioctl$DRM_IOCTL_MODE_CURSOR2(r4, 0xc02464bb, &(0x7f00000000c0)={0x4, 0x0, 0x5, 0x2, 0x6, 0x4, 0x8, 0x6, 0xffffffff})
syz_open_dev$sndpcmp(0x0, 0x95a7, 0x183000)
r5 = syz_open_dev$sndpcmp(&(0x7f0000000000), 0x0, 0x2000)
mmap$snddsp_status(&(0x7f0000e0d000/0x3000)=nil, 0x1000, 0x0, 0x11, r5, 0x82000000)
mmap$snddsp_control(&(0x7f0000ffb000/0x3000)=nil, 0xc00000, 0xf, 0x9e832, 0xffffffffffffffff, 0x83000000)
mmap$snddsp_status(&(0x7f0000000000/0x1000)=nil, 0x1000, 0x2000000, 0x42033, r0, 0x82000000)

6.564564369s ago: executing program 0 (id=2467):
r0 = syz_open_dev$dri(&(0x7f0000000000), 0x2, 0x1)
ioctl$DRM_IOCTL_MODE_GETRESOURCES(r0, 0xc04064a0, &(0x7f0000000580)={0x0, &(0x7f00000004c0)=[<r1=>0x0], 0x0, 0x0, 0x0, 0x1})
ioctl$DRM_IOCTL_MODE_GETCRTC(r0, 0xc06864a1, &(0x7f0000000200)={0x0, 0x0, r1, <r2=>0x0})
ioctl$DRM_IOCTL_MODE_DIRTYFB(0xffffffffffffffff, 0xc01864b1, &(0x7f0000000080)={r2, 0x0, 0x4, 0x2, &(0x7f0000000040)=[{0xb, 0x0, 0x2773, 0x8000}, {0x5, 0x7a1f, 0x2, 0xb39}]})
r3 = openat$sndseq(0xffffffffffffff9c, &(0x7f00000000c0), 0x0)
ioctl$DRM_IOCTL_MODE_GETFB2(0xffffffffffffffff, 0xc06864ce, &(0x7f0000000040)={0x0, 0x7, 0x5, 0xfffffff8, 0x3, [<r4=>0x0], [0x2, 0xbc01, 0xf, 0x8001], [0x7fff, 0x5, 0x4, 0x8], [0x9, 0x30, 0xfffffffffffffff9]})
ioctl$DRM_IOCTL_PRIME_HANDLE_TO_FD(0xffffffffffffffff, 0xc00c642d, &(0x7f0000000080)={r4, 0x80000})
ioctl$DRM_IOCTL_PRIME_HANDLE_TO_FD(0xffffffffffffffff, 0xc00c642d, &(0x7f0000000180)={r4, 0x80000})
ioctl$DRM_IOCTL_GEM_FLINK(0xffffffffffffffff, 0xc008640a, &(0x7f00000002c0)={r4})
ioctl$SNDRV_SEQ_IOCTL_QUERY_NEXT_CLIENT(r3, 0xc0bc5351, &(0x7f0000000040)={0xb4, 0x1, 'client0\x00', 0x1, "86070e8292f04059", "5a6d2552777e645bac97348dc30678175def6782e78b03844b609116c821dc25", 0x8001, 0x7})
mmap$snddsp(&(0x7f0000000000/0x1000)=nil, 0x1000, 0x200000c, 0x82031, 0xffffffffffffffff, 0x1000)
mmap$snddsp_control(&(0x7f0000000000/0x4000)=nil, 0x1000, 0x1, 0x32, 0xffffffffffffffff, 0x83000000)
r5 = syz_open_dev$sndpcmp(&(0x7f0000000dc0), 0x0, 0x101001)
r6 = syz_open_dev$dri(&(0x7f0000000040), 0x9, 0x81)
ioctl$DRM_IOCTL_PRIME_HANDLE_TO_FD(r6, 0xc00c642d, &(0x7f0000000100)={0x0, 0x0, <r7=>0xffffffffffffffff})
r8 = openat$drirender128(0xffffffffffffff9c, &(0x7f0000000140), 0x80002, 0x0)
ioctl$DRM_IOCTL_PRIME_FD_TO_HANDLE(r6, 0xc00c642e, &(0x7f0000000280)={0x0, 0x0, r8})
ioctl$DRM_IOCTL_RES_CTX(r6, 0xc0106426, &(0x7f0000000180)={0x5, &(0x7f0000000380)=[{}, {}, {<r9=>0x0}, {}, {}]})
ioctl$DRM_IOCTL_RM_CTX(r7, 0xc0086421, &(0x7f00000001c0)={r9, 0x2})
ioctl$DRM_IOCTL_NEW_CTX(0xffffffffffffffff, 0x40086425, &(0x7f0000000100)={r9})
openat$drirender128(0xffffffffffffff9c, &(0x7f0000000040), 0x82000, 0x0)
mmap$snddsp_control(&(0x7f0000000000/0x4000)=nil, 0x1000, 0x3000007, 0x32, 0xffffffffffffffff, 0x83000000)
mmap$snddsp_control(&(0x7f0000ffa000/0x4000)=nil, 0xc00000, 0x200000f, 0x9e831, 0xffffffffffffffff, 0x83000000)
r10 = syz_open_dev$dri(&(0x7f0000000000), 0x154eee43, 0x1)
ioctl$DRM_IOCTL_MODE_GETRESOURCES(r10, 0xc04064a0, &(0x7f0000000200)={0x0, 0x0, 0x0, &(0x7f00000001c0)=[<r11=>0x0], 0x0, 0x0, 0x0, 0x1})
ioctl$DRM_IOCTL_MODE_GETENCODER(r10, 0xc01464a6, &(0x7f0000000240)={r11})
r12 = syz_open_dev$sndpcmp(&(0x7f0000000000), 0x0, 0x2000)
mmap$snddsp_status(&(0x7f0000ffd000/0x1000)=nil, 0x1000, 0x5, 0x80010, r12, 0x82000000)
mmap$snddsp(&(0x7f0000ffb000/0x3000)=nil, 0x3000, 0x0, 0x20031, 0xffffffffffffffff, 0xb000)
ioctl$SNDRV_PCM_IOCTL_RESET(r5, 0x4141, 0x0)

5.941815331s ago: executing program 0 (id=2462):
r0 = openat$sndseq(0xffffffffffffff9c, &(0x7f0000000000), 0x80000)
ioctl$SNDRV_SEQ_IOCTL_SET_QUEUE_TEMPO(r0, 0x402c5342, 0x0)
write$sndseq(r0, &(0x7f0000000240)=[{0x7f, 0x81, 0x4, 0x3, @tick=0x7, {0x2c, 0x5}, {0x8, 0x10}, @time=@tick=0x403}, {0x6, 0x6, 0x7, 0x7d, @time={0xfffffff8, 0x80000000}, {0x1, 0x4}, {0x73, 0x9}, @queue={0x5, {0x8001, 0xfff}}}, {0x0, 0x3, 0x4, 0x89, @tick=0x4fa, {0xbc, 0x6}, {0x3, 0x2}, @quote={{0x80, 0x36}, 0x4, &(0x7f00000000c0)={0x5, 0x1, 0xde, 0x7, @tick=0xfffffffb, {0x8, 0x1}, {0xc1, 0xa}, @raw32={[0x80fd, 0xcda, 0xe11]}}}}, {0x0, 0x5, 0x2, 0x2e, @time={0x8, 0x3}, {0x5, 0x1b}, {0x4, 0x5}, @ext={0x6c, &(0x7f0000000100)="2e8cec0bd32f763842188ae24984300571b0eb0cb4bb0215685bf7cc0d2cfbf8d8cdff6a78aa31d7994715be1a091c3e4691391e05df8c8506e71b24b828908972868c658bcf7c0447f5e1325f49200ea2f921a99e0426099089f7d658d80b0c7326a72f627777436a3e65f9"}}, {0x6, 0x9, 0x81, 0xf, @time={0x9, 0x2}, {0xa, 0x9}, {0x3}, @raw32={[0xbed, 0x81, 0x4]}}, {0xcc, 0x1, 0x9, 0x4, @tick=0x3, {0x7, 0x24}, {0x4, 0xfe}, @quote={{0x12, 0xc}, 0x7, &(0x7f0000000200)={0x0, 0x5, 0x6, 0x1d, @time={0x8, 0x9}, {0xa, 0x5}, {0xfa, 0x4}, @ext={0x71, &(0x7f0000000180)="1ac73ff0a061e4a0f9710f81f20c69319d35928b73178a87368dde8daf053962539e0886a37cba1e2200bf9782dc21e022d55253331923d679a417ab93d9063cc2bddb44a91b3e7ada456125519d2d98a7db1031572b1f625e767f29eb891d21cc2b4217af6e75a8d1541fe1854b70e420"}}}}, {0x0, 0xcf, 0x3, 0x8, @tick=0x7, {0x8, 0x40}, {0x9}, @result={0x7, 0x61ba}}, {0x6, 0x5, 0x2, 0x2, @tick, {0x0, 0x80}, {0x2, 0x9}, @time=@tick=0xfffffffe}], 0xe0)
ioctl$SNDRV_SEQ_IOCTL_SET_QUEUE_TEMPO(r0, 0x402c5342, &(0x7f0000000a00)={0x0, 0x5, 0x10000, {0x3, 0x7}, 0x400, 0x2})

5.650933273s ago: executing program 0 (id=2463):
r0 = syz_open_dev$dri(&(0x7f0000000000), 0x2, 0x1)
r1 = syz_open_dev$dri(&(0x7f0000000000), 0x1, 0x2000)
r2 = syz_open_dev$dri(&(0x7f0000000000), 0x1, 0x800)
ioctl$DRM_IOCTL_MODE_GETRESOURCES(r2, 0xc04064a0, &(0x7f0000000340)={0x0, &(0x7f0000000280)=[<r3=>0x0], 0x0, 0x0, 0x0, 0x1})
ioctl$DRM_IOCTL_MODE_GETCRTC(r1, 0xc06864a1, &(0x7f00000001c0)={0x0, 0x0, r3, <r4=>0x0})
ioctl$DRM_IOCTL_MODE_DIRTYFB(r1, 0xc01864b1, &(0x7f0000000240)={r4, 0x0, 0x7ff, 0x0, 0x0})
r5 = syz_open_dev$dri(&(0x7f0000000000), 0x3fffc0, 0x20000)
ioctl$DRM_IOCTL_MODE_CREATE_DUMB(r5, 0xc02064b2, &(0x7f0000000080)={0x8, 0x4, 0x10000})
r6 = syz_open_dev$dri(&(0x7f0000000840), 0x495c, 0x400)
ioctl$DRM_IOCTL_MODE_GETFB(r6, 0xc01c64ad, &(0x7f0000000880))
ioctl$DRM_IOCTL_MODE_GET_LEASE(r5, 0xc01064c8, &(0x7f00000000c0)={0x1, 0x0, &(0x7f0000000040)=[<r7=>0x0]})
ioctl$DRM_IOCTL_MODE_GETPROPBLOB(r6, 0xc01064ac, &(0x7f0000000200)={r7, 0x0, 0x0})
ioctl$DRM_IOCTL_MODE_GETENCODER(r1, 0xc01464a6, &(0x7f00000000c0)={r7})
ioctl$DRM_IOCTL_MODE_GETFB2(r0, 0xc06864ce, &(0x7f0000000080)={r7, 0x0, 0xfffffff8, 0x2, 0x3, [], [0x5, 0x1, 0xec4, 0x60], [0x2, 0x1, 0x3, 0x101], [0x7fffffffffffffff, 0x8, 0x8, 0x9]})
ioctl$DRM_IOCTL_SET_CLIENT_CAP(r0, 0x4010640d, &(0x7f0000000040)={0x2, 0x1000000})

5.529391863s ago: executing program 0 (id=2464):
r0 = syz_open_dev$sndpcmp(&(0x7f0000000040), 0x2, 0x14000)
mmap$snddsp_control(&(0x7f0000ffb000/0x3000)=nil, 0x1000, 0x300000f, 0x20013, r0, 0x83000000)
ioctl$SNDRV_PCM_IOCTL_UNLINK(r0, 0x4161, 0x0)
r1 = syz_open_dev$dri(&(0x7f0000000000), 0x2, 0x1)
ioctl$DRM_IOCTL_MODE_GETRESOURCES(r1, 0xc04064a0, &(0x7f0000000140)={0x0, &(0x7f0000000080)=[<r2=>0x0], 0x0, 0x0, 0x0, 0x1})
ioctl$DRM_IOCTL_MODE_OBJ_SETPROPERTY(r1, 0xc01864ba, &(0x7f0000000200)={0x80, 0x0, r2, 0xcccccccc})
openat$drirender128(0xffffffffffffff9c, &(0x7f0000000080), 0x141583, 0x0)
ioctl$SNDRV_PCM_IOCTL_UNLINK(r0, 0x4161, 0x0)
syz_open_dev$sndpcmp(&(0x7f0000000040), 0x2, 0x14000) (async)
mmap$snddsp_control(&(0x7f0000ffb000/0x3000)=nil, 0x1000, 0x300000f, 0x20013, r0, 0x83000000) (async)
ioctl$SNDRV_PCM_IOCTL_UNLINK(r0, 0x4161, 0x0) (async)
syz_open_dev$dri(&(0x7f0000000000), 0x2, 0x1) (async)
ioctl$DRM_IOCTL_MODE_GETRESOURCES(r1, 0xc04064a0, &(0x7f0000000140)={0x0, &(0x7f0000000080)=[0x0], 0x0, 0x0, 0x0, 0x1}) (async)
ioctl$DRM_IOCTL_MODE_OBJ_SETPROPERTY(r1, 0xc01864ba, &(0x7f0000000200)={0x80, 0x0, r2, 0xcccccccc}) (async)
openat$drirender128(0xffffffffffffff9c, &(0x7f0000000080), 0x141583, 0x0) (async)
ioctl$SNDRV_PCM_IOCTL_UNLINK(r0, 0x4161, 0x0) (async)

5.246171791s ago: executing program 2 (id=2465):
r0 = openat$sndseq(0xffffffffffffff9c, &(0x7f00000001c0), 0x400)
mmap$snddsp_control(&(0x7f0000000000/0x4000)=nil, 0x1000, 0x1, 0x32, 0xffffffffffffffff, 0x83000000)
ioctl$SNDRV_SEQ_IOCTL_GET_SUBSCRIPTION(r0, 0xc0505350, 0x0)

5.243134531s ago: executing program 0 (id=2466):
r0 = syz_open_dev$sndpcmp(&(0x7f0000000000), 0x0, 0x8000)
ioctl$SNDRV_PCM_IOCTL_HW_REFINE_OLD(r0, 0xc1004110, &(0x7f0000000240)={0xa, [0x9, 0x9, 0x6], [{0x200, 0x201, 0x0, 0x1}, {0x7aa, 0x3, 0x0, 0x1}, {0x4, 0x4, 0x1, 0x0, 0x1}, {0x7, 0x4, 0x1, 0x1, 0x1}, {0x5, 0x80000000, 0x0, 0x1, 0x1}, {0x9a6, 0x5, 0x1, 0x1}, {0x8, 0x5, 0x1}, {0x0, 0x0, 0x1, 0x0, 0x1}, {0x99, 0x7, 0x1}, {0xfffffff7, 0x5a28, 0x1, 0x1, 0x1}, {0x3, 0xc, 0x1, 0x1, 0x1}, {0x3, 0xfffffffc}], 0x8004})
syz_open_dev$dri(&(0x7f0000000000), 0x50dd, 0x4001)
mmap$snddsp_control(&(0x7f0000ffb000/0x2000)=nil, 0x1000, 0x2000000, 0x2010, 0xffffffffffffffff, 0x83000000)

5.242807906s ago: executing program 2 (id=2468):
r0 = syz_open_dev$dri(&(0x7f00000009c0), 0x1, 0x181000)
ioctl$DRM_IOCTL_WAIT_VBLANK(r0, 0xc018643a, &(0x7f0000000000)={0x3e, 0x3, 0x9})
r1 = syz_open_dev$dri(&(0x7f0000000040), 0x7, 0x2000)
ioctl$DRM_IOCTL_MODE_CREATE_DUMB(r1, 0xc02064b2, &(0x7f0000000080)={0x7, 0x5, 0x80000005})

5.099197459s ago: executing program 3 (id=2469):
r0 = syz_open_dev$sndpcmp(&(0x7f0000000000), 0x0, 0x2000)
ioctl$SNDRV_PCM_IOCTL_USER_PVERSION(r0, 0x40044104, &(0x7f0000000000)=0xd)
r1 = openat$sndseq(0xffffffffffffff9c, &(0x7f0000000000), 0x90480)
ioctl$SNDRV_SEQ_IOCTL_CREATE_QUEUE(r1, 0xc08c5332, 0x0)

5.082660223s ago: executing program 0 (id=2470):
r0 = syz_open_dev$sndctrl(&(0x7f00000004c0), 0x0, 0x0)
ioctl$SNDRV_CTL_IOCTL_HWDEP_NEXT_DEVICE(r0, 0xc0045520, &(0x7f0000000100))
mmap$snddsp(&(0x7f0000ffd000/0x3000)=nil, 0x303f, 0x200000c, 0x82031, 0xffffffffffffffff, 0x9000)
mmap$snddsp(&(0x7f0000ffd000/0x3000)=nil, 0x3000, 0x2000009, 0x82031, 0xffffffffffffffff, 0x9000)
mmap$snddsp(&(0x7f0000ffd000/0x3000)=nil, 0x303f, 0x200000c, 0x82031, 0xffffffffffffffff, 0x9000)

4.976269313s ago: executing program 2 (id=2471):
r0 = openat$sndseq(0xffffffffffffff9c, &(0x7f0000000000), 0x80000)
ioctl$SNDRV_SEQ_IOCTL_SET_QUEUE_TEMPO(r0, 0x402c5342, 0x0)
write$sndseq(r0, &(0x7f0000000240)=[{0x7f, 0x81, 0x4, 0x3, @tick=0x7, {0x2c, 0x5}, {0x8, 0x10}, @time=@tick=0x403}, {0x6, 0x6, 0x7, 0x7d, @time={0xfffffff8, 0x80000000}, {0x1, 0x4}, {0x73, 0x9}, @queue={0x5, {0x8001, 0xfff}}}, {0x0, 0x3, 0x4, 0x89, @tick=0x4fa, {0xbc, 0x6}, {0x3, 0x2}, @quote={{0x80, 0x36}, 0x4, &(0x7f00000000c0)={0x5, 0x1, 0xde, 0x7, @tick=0xfffffffb, {0x8, 0x1}, {0xc1, 0xa}, @raw32={[0x80fd, 0xcda, 0xe11]}}}}, {0x0, 0x5, 0x2, 0x2e, @time={0x8, 0x3}, {0x5, 0x1b}, {0x4, 0x5}, @ext={0x6c, &(0x7f0000000100)="2e8cec0bd32f763842188ae24984300571b0eb0cb4bb0215685bf7cc0d2cfbf8d8cdff6a78aa31d7994715be1a091c3e4691391e05df8c8506e71b24b828908972868c658bcf7c0447f5e1325f49200ea2f921a99e0426099089f7d658d80b0c7326a72f627777436a3e65f9"}}, {0x6, 0x9, 0x81, 0xf, @time={0x9, 0x2}, {0xa, 0x9}, {0x3}, @raw32={[0xbed, 0x81, 0x4]}}, {0xcc, 0x1, 0x9, 0x4, @tick=0x3, {0x7, 0x24}, {0x4, 0xfe}, @quote={{0x12, 0xc}, 0x7, &(0x7f0000000200)={0x0, 0x5, 0x6, 0x1d, @time={0x8, 0x9}, {0xa, 0x5}, {0xfa, 0x4}, @ext={0x71, &(0x7f0000000180)="1ac73ff0a061e4a0f9710f81f20c69319d35928b73178a87368dde8daf053962539e0886a37cba1e2200bf9782dc21e022d55253331923d679a417ab93d9063cc2bddb44a91b3e7ada456125519d2d98a7db1031572b1f625e767f29eb891d21cc2b4217af6e75a8d1541fe1854b70e420"}}}}, {0x0, 0xcf, 0x3, 0x8, @tick=0x7, {0x8, 0x40}, {0x9}, @result={0x7, 0x61ba}}, {0x6, 0x5, 0x2, 0x2, @tick, {0x0, 0x80}, {0x2, 0x9}, @time=@tick=0xfffffffe}], 0xe0)
ioctl$SNDRV_SEQ_IOCTL_SET_QUEUE_TEMPO(r0, 0x402c5342, &(0x7f0000000a00)={0x0, 0x5, 0x10000, {0x3, 0x7}, 0x400, 0x2})

4.966854774s ago: executing program 2 (id=2472):
r0 = openat$sndtimer(0xffffffffffffff9c, 0x0, 0x800100) (async)
r1 = openat$sndtimer(0xffffffffffffff9c, 0x0, 0x800100) (async, rerun: 32)
openat$sndseq(0xffffffffffffff9c, &(0x7f00000000c0), 0x100) (async, rerun: 32)
r2 = syz_open_dev$dri(&(0x7f0000000100), 0x8000000000000001, 0x1a380) (async)
mmap$snddsp_control(&(0x7f0000ffd000/0x3000)=nil, 0xc00000, 0x200000f, 0x9e831, 0xffffffffffffffff, 0x83000000) (async)
mmap$snddsp_status(&(0x7f0000ffc000/0x3000)=nil, 0x1000, 0x5, 0x82012, 0xffffffffffffffff, 0x82000000) (async, rerun: 64)
mmap$snddsp(&(0x7f0000ffb000/0x3000)=nil, 0x3000, 0x0, 0x20031, 0xffffffffffffffff, 0xb000) (async, rerun: 64)
syz_open_dev$sndpcmp(&(0x7f0000000240), 0x0, 0x28ad40) (async)
mmap$snddsp_control(&(0x7f0000ffb000/0x3000)=nil, 0xc00000, 0x200000f, 0x9e832, 0xffffffffffffffff, 0x83000000)
r3 = syz_open_dev$sndpcmp(&(0x7f0000000080), 0x95a7, 0x1a1000)
mmap$snddsp_control(&(0x7f00007cd000/0x4000)=nil, 0xc00000, 0x0, 0x96012, r3, 0x83000000)
ioctl$DRM_IOCTL_SYNCOBJ_FD_TO_HANDLE_SYNC_FILE(r2, 0xc01864c2, 0x0) (async)
syz_open_dev$dri(&(0x7f00000001c0), 0xa8c, 0x0)
ioctl$SNDRV_TIMER_IOCTL_NEXT_DEVICE(r1, 0xc0145401, &(0x7f0000000140)={0xffffffffffffffff, 0x3, 0x15c0, 0x0, 0x2}) (async)
openat$sndtimer(0xffffffffffffff9c, &(0x7f0000000040), 0x4802) (async)
ioctl$SNDRV_TIMER_IOCTL_GSTATUS(0xffffffffffffffff, 0xc0505405, 0x0)
openat$sndseq(0xffffffffffffff9c, &(0x7f0000000200), 0x202900) (async)
syz_open_dev$dri(&(0x7f0000000180), 0x8000000000000001, 0x12180) (async)
mmap$snddsp_control(&(0x7f0000ffa000/0x4000)=nil, 0xc00000, 0x200000f, 0x9e831, 0xffffffffffffffff, 0x83000000)
mmap$snddsp_status(&(0x7f0000ffc000/0x3000)=nil, 0x1000, 0x5, 0x82012, 0xffffffffffffffff, 0x82000000) (async)
mmap$snddsp(&(0x7f0000ffb000/0x3000)=nil, 0x3000, 0x0, 0x20031, 0xffffffffffffffff, 0xb000) (async)
syz_open_dev$sndpcmp(&(0x7f0000000000), 0x0, 0x8280)
mmap$snddsp_control(&(0x7f0000fed000/0x11000)=nil, 0xc00000, 0x1000004, 0x9e832, 0xffffffffffffffff, 0x83000000)
r4 = syz_open_dev$sndpcmp(&(0x7f0000000080), 0x95a7, 0x1a1000)
mmap$snddsp_control(&(0x7f00007cd000/0x4000)=nil, 0xc00000, 0x0, 0x96012, r4, 0x83000000)
syz_open_dev$dri(&(0x7f00000001c0), 0xa8c, 0x0) (async)
ioctl$SNDRV_TIMER_IOCTL_NEXT_DEVICE(r0, 0xc0145401, &(0x7f0000000140)={0xffffffffffffffff, 0x3, 0x15c0, 0x0, 0x2}) (async)
r5 = syz_open_dev$dri(&(0x7f00000001c0), 0xa8c, 0xa2e01)
ioctl$DRM_IOCTL_MODE_ADDFB(r5, 0xc01c64ae, &(0x7f0000000140)={0x0, 0x6, 0xec9, 0x8000, 0x4, 0xf4, 0x44fc}) (async)
openat$sndtimer(0xffffffffffffff9c, &(0x7f0000000040), 0x4802)

4.966544938s ago: executing program 3 (id=2473):
r0 = syz_open_dev$dri(&(0x7f0000000000), 0x0, 0x103000)
ioctl$DRM_IOCTL_MODE_GETGAMMA(r0, 0xc02064a4, &(0x7f00000001c0)={0x0, 0x0, 0x0, 0x0, 0x0})
ioctl$DRM_IOCTL_MODE_GETRESOURCES(0xffffffffffffffff, 0xc04064a0, &(0x7f0000000140)={&(0x7f0000000040)=[<r1=>0x0, 0x0, 0x0, 0x0, 0x0, 0x0], &(0x7f0000000080)=[0x0, 0x0, 0x0], &(0x7f00000000c0)=[0x0, 0x0, 0x0, 0x0, 0x0, 0x0], &(0x7f0000000100)=[0x0, 0x0, 0x0, 0x0], 0x6, 0x3, 0x6, 0x4})
r2 = syz_open_dev$dri(&(0x7f0000000000), 0x1, 0x2000)
r3 = syz_open_dev$dri(&(0x7f0000000000), 0x1, 0x2000)
ioctl$DRM_IOCTL_MODE_GETRESOURCES(r3, 0xc04064a0, &(0x7f0000000340)={0x0, &(0x7f0000000280)=[<r4=>0x0], 0x0, 0x0, 0x0, 0x1})
ioctl$DRM_IOCTL_MODE_GETCRTC(r2, 0xc06864a1, &(0x7f0000000440)={0x0, 0x0, r4, <r5=>0x0})
ioctl$DRM_IOCTL_MODE_GETFB2(r2, 0xc06864ce, &(0x7f0000000040)={r5, 0x7, 0x5, 0xfffffff8, 0x3, [<r6=>0x0], [0x2, 0xbc01, 0xf, 0x8001], [0x7fff, 0x5, 0x4, 0x8], [0x9, 0x30, 0xfffffffffffffff9]})
ioctl$DRM_IOCTL_GEM_FLINK(r2, 0xc008640a, &(0x7f0000000140)={r6})
ioctl$DRM_IOCTL_MODE_GETFB2(r0, 0xc06864ce, &(0x7f0000000200)={0x0, 0x7, 0x8001, 0xbc, 0x0, [0x0, 0x0, 0x0, <r7=>0x0], [0x0, 0x1, 0xffffffff, 0x7], [0x0, 0x6d, 0x9, 0x2], [0x6, 0x8, 0x3, 0x7fffffffffffffff]})
ioctl$DRM_IOCTL_MODE_GETFB2(r0, 0xc06864ce, &(0x7f0000000280)={0x0, 0x9, 0x9, 0x7, 0x2, [<r8=>0x0], [0x2, 0x4, 0x5, 0xd0c5], [0x1, 0x7, 0x9, 0x6], [0x2, 0x0, 0x1, 0x7fffffff]})
r9 = syz_open_dev$dri(&(0x7f0000000000), 0x50dd, 0x0)
ioctl$DRM_IOCTL_WAIT_VBLANK(r9, 0xc018643a, &(0x7f0000000cc0)={0x10000000, 0x3, 0x4})
ioctl$DRM_IOCTL_MODE_ADDFB2(r0, 0xc06864b8, &(0x7f0000000300)={r1, 0x67d, 0x8, 0xe, 0x5, [r6, r7, 0x0, r8], [0xf65, 0xdc, 0xfff, 0x3], [0x6, 0x401, 0x3a, 0x8], [0x80, 0x2, 0x2, 0x8]})

394.921183ms ago: executing program 1 (id=2434):
r0 = syz_open_dev$sndpcmp(&(0x7f00000008c0), 0x95a7, 0x183000)
mmap$snddsp_control(&(0x7f0000ffc000/0x1000)=nil, 0x1000, 0x0, 0x13, r0, 0x83000000)
ioctl$SNDRV_PCM_IOCTL_USER_PVERSION(r0, 0x40044104, &(0x7f0000000000)=0x400)
r1 = syz_open_dev$sndpcmp(&(0x7f00000008c0), 0x95a7, 0x183000)
mmap$snddsp_control(&(0x7f0000ffc000/0x3000)=nil, 0x1000, 0x3000003, 0x12, r1, 0x83000000)

231.193859ms ago: executing program 1 (id=2474):
r0 = syz_open_dev$dmmidi(&(0x7f0000000000), 0x0, 0x0)
r1 = syz_open_dev$sndpcmp(&(0x7f00000008c0), 0x95a7, 0x183000)
mmap$snddsp_status(&(0x7f0000ffa000/0x4000)=nil, 0x200000ffa000, 0x4, 0x11, r1, 0x82000000)
ioctl$SNDRV_RAWMIDI_IOCTL_PVERSION(r0, 0x80045700, &(0x7f0000000040))
r2 = syz_open_dev$dri(&(0x7f0000000340), 0xfaa, 0x800)
ioctl$DRM_IOCTL_SYNCOBJ_TIMELINE_WAIT(r2, 0xc03064ca, &(0x7f00000003c0)={0x0, 0x0, 0x4})
mmap$snddsp_control(&(0x7f0000ffb000/0x3000)=nil, 0xc00000, 0x800008, 0xce932, 0xffffffffffffffff, 0x83000000)
r3 = syz_open_dev$sndpcmc(&(0x7f0000000080), 0x6, 0x80400)
r4 = syz_open_dev$sndpcmp(&(0x7f0000000080), 0x95a7, 0x1a1000)
r5 = syz_open_dev$sndpcmp(&(0x7f00000008c0), 0x95a7, 0x183000)
mmap$snddsp_control(&(0x7f0000902000/0x4000)=nil, 0x1000, 0x3000021, 0x2812, 0xffffffffffffffff, 0x83000000)
mmap$snddsp_control(&(0x7f0000777000/0x1000)=nil, 0xc00000, 0xf, 0x9e831, 0xffffffffffffffff, 0x83000000)
mmap$snddsp_control(&(0x7f0000902000/0x4000)=nil, 0x1000, 0x3000021, 0x2812, r5, 0x83000000)
mmap$snddsp(&(0x7f0000ffb000/0x3000)=nil, 0x3000, 0x0, 0x20031, 0xffffffffffffffff, 0xb000)
r6 = syz_open_dev$sndpcmp(&(0x7f00000008c0), 0x95a7, 0x183000)
mmap$snddsp_control(&(0x7f0000ffc000/0x1000)=nil, 0x1000, 0x21, 0x13, r6, 0x83000000)
r7 = syz_open_dev$sndpcmp(&(0x7f00000008c0), 0x95a7, 0x183000)
r8 = syz_open_dev$sndpcmp(&(0x7f0000000000), 0x0, 0x8000)
ioctl$SNDRV_PCM_IOCTL_HW_REFINE_OLD(r8, 0xc1004110, &(0x7f0000000340)={0x3, [0x3, 0x7, 0x6], [{0xd, 0x201, 0x0, 0x1}, {0x10000, 0x1000000, 0x0, 0x1}, {0x5, 0xffffffff, 0x1, 0x0, 0x1}, {0x7, 0x4, 0x1, 0x1, 0x1}, {0x5, 0x401, 0x0, 0x1, 0x1}, {0x0, 0x5, 0x1, 0x1}, {0x9, 0x1f, 0x1}, {0x8, 0x20, 0x1, 0x0, 0x1}, {0x3ff, 0x7, 0x1}, {0x0, 0x9, 0x1, 0x1, 0x1}, {0x1, 0xf, 0x1, 0x1, 0x1}, {0x0, 0x1c2e}], 0x6})
mmap$snddsp(&(0x7f0000ffc000/0x4000)=nil, 0x4000, 0x8, 0x1010, 0xffffffffffffffff, 0x6000)
mmap$snddsp_status(&(0x7f0000ffa000/0x4000)=nil, 0x1000, 0x4, 0x11, r7, 0x82000000)
r9 = syz_open_dev$sndpcmp(&(0x7f0000000000), 0x0, 0x2000)
mmap$snddsp_control(&(0x7f0000ffc000/0x1000)=nil, 0x1021, 0x3000005, 0x12, r9, 0x83000000)
r10 = syz_open_dev$amidi(&(0x7f00000002c0), 0xc, 0x2)
ioctl$SNDRV_RAWMIDI_IOCTL_INFO(r10, 0x810c5701, &(0x7f0000000480))
mmap$snddsp_control(&(0x7f0000ffd000/0x1000)=nil, 0xc00000, 0x0, 0x96012, r4, 0x83000000)
ioctl$SNDRV_PCM_IOCTL_HW_REFINE(r3, 0xc2604110, &(0x7f00000000c0)={0x401, [[0x9, 0x6400, 0x102, 0x7, 0x6, 0x5, 0x3, 0x8], [0x1, 0x2, 0x73a4, 0x2, 0x3, 0x2, 0x5, 0x74e], [0x1, 0x2, 0x1, 0x5, 0xfffffffb, 0x1, 0x2, 0x7]], '\x00', [{0x3, 0x9, 0x0, 0x0, 0x0, 0x1}, {0x4, 0x7fffffff}, {0x35b7, 0x4, 0x0, 0x0, 0x1}, {0x2, 0x2, 0x0, 0x0, 0x0, 0x1}, {0x8, 0x2, 0x0, 0x1, 0x1, 0x1}, {0x300, 0x5}, {0x0, 0x6, 0x0, 0x1, 0x1}, {0x10, 0x0, 0x1, 0x1, 0x1, 0x1}, {0x4, 0xd, 0x0, 0x1, 0x0, 0x1}, {0x4, 0xfff, 0x0, 0x1}, {0x0, 0xa, 0x0, 0x0, 0x0, 0x1}, {0x0, 0x6, 0x1, 0x0, 0x1}], '\x00', 0x8})

230.993254ms ago: executing program 2 (id=2475):
r0 = openat$sndseq(0xffffffffffffff9c, &(0x7f0000000040), 0x400000)
r1 = openat$sndtimer(0xffffffffffffff9c, &(0x7f00000000c0), 0x8000)
ioctl$SNDRV_TIMER_IOCTL_PARAMS(r1, 0x40505412, 0x0)
ioctl$SNDRV_SEQ_IOCTL_UNSUBSCRIBE_PORT(r0, 0x40505331, &(0x7f0000000100)={{0x2, 0x40}, {0xb7, 0x2}, 0x5, 0x3, 0x1})
r2 = openat$sndtimer(0xffffffffffffff9c, &(0x7f00000000c0), 0x2000)
ioctl$SNDRV_CTL_IOCTL_PCM_PREFER_SUBDEVICE(r2, 0x541b, 0x0) (async)
ioctl$DRM_IOCTL_PRIME_HANDLE_TO_FD(0xffffffffffffffff, 0xc00c642d, &(0x7f0000000080)={0x0, 0x0, <r3=>0xffffffffffffffff})
ioctl$DRM_IOCTL_ADD_BUFS(r3, 0xc0206416, &(0x7f0000000180)={0x5, 0x7f, 0x7fff, 0xd1ab, 0x0, 0x5}) (async)
ioctl$SNDRV_TIMER_IOCTL_SELECT(r2, 0x40345410, &(0x7f0000000000)={{0x3, 0x2, 0x0, 0x1, 0xde}})

230.79378ms ago: executing program 3 (id=2476):
r0 = openat$sndseq(0xffffffffffffff9c, &(0x7f00000001c0), 0x400)
mmap$snddsp_control(&(0x7f0000000000/0x4000)=nil, 0x1000, 0x1, 0x32, 0xffffffffffffffff, 0x83000000)
ioctl$SNDRV_SEQ_IOCTL_GET_SUBSCRIPTION(r0, 0xc0505350, &(0x7f0000000040)={{0x0, 0x1}, {0xf, 0x1}, 0x0, 0x0, 0x5})

204.59µs ago: executing program 2 (id=2477):
mmap$snddsp_control(&(0x7f0000ffd000/0x3000)=nil, 0x1000, 0x9, 0x4000010, 0xffffffffffffffff, 0x83000000)
r0 = syz_open_dev$sndpcmp(&(0x7f0000000080), 0x95a7, 0x1a1000)
mmap$snddsp_control(&(0x7f00007cd000/0x4000)=nil, 0xc00000, 0x0, 0x96012, r0, 0x83000000)
r1 = syz_open_dev$sndpcmp(&(0x7f0000000080), 0x95a7, 0x1a1000)
r2 = syz_open_dev$sndpcmp(&(0x7f00000008c0), 0x95a7, 0x183000)
mmap$snddsp_control(&(0x7f0000777000/0x1000)=nil, 0xc00000, 0xf, 0x9e831, 0xffffffffffffffff, 0x83000000)
mmap$snddsp_status(&(0x7f0000ffa000/0x4000)=nil, 0x1000, 0x4, 0x11, r2, 0x82000000)
r3 = syz_open_dev$sndpcmp(&(0x7f0000000000), 0x0, 0x2000)
mmap$snddsp_control(&(0x7f0000ffc000/0x1000)=nil, 0x1021, 0x3000005, 0x12, r3, 0x83000000)
mmap$snddsp_control(&(0x7f0000902000/0x4000)=nil, 0x1000, 0x3000021, 0x2812, r1, 0x83000000)
r4 = syz_open_dev$dri(&(0x7f0000000000), 0x2, 0x1)
ioctl$DRM_IOCTL_MODE_CURSOR2(r4, 0xc02464bb, &(0x7f00000000c0)={0x4, 0x0, 0x5, 0x2, 0x6, 0x4, 0x8, 0x6, 0xffffffff})
syz_open_dev$sndpcmp(0x0, 0x95a7, 0x183000)
r5 = syz_open_dev$sndpcmp(&(0x7f0000000000), 0x0, 0x2000)
mmap$snddsp_status(&(0x7f0000e0d000/0x3000)=nil, 0x1000, 0x0, 0x11, r5, 0x82000000)
mmap$snddsp_control(&(0x7f0000ffb000/0x3000)=nil, 0xc00000, 0xf, 0x9e832, 0xffffffffffffffff, 0x83000000)
mmap$snddsp_status(&(0x7f0000000000/0x1000)=nil, 0x1000, 0x2000000, 0x42033, r0, 0x82000000)

0s ago: executing program 3 (id=2478):
r0 = openat$sndseq(0xffffffffffffff9c, &(0x7f00000001c0), 0x400)
mmap$snddsp_control(&(0x7f0000000000/0x4000)=nil, 0x1000, 0x1, 0x32, 0xffffffffffffffff, 0x83000000)
ioctl$SNDRV_SEQ_IOCTL_GET_SUBSCRIPTION(r0, 0xc0505350, &(0x7f0000000040)={{0x0, 0x1}, {0xf, 0x1}, 0x0, 0x0, 0x5}) (fail_nth: 1)

0s ago: executing program 3 (id=2482):
r0 = openat$sndseq(0xffffffffffffff9c, &(0x7f0000000000), 0x2000)
ioctl$SNDRV_SEQ_IOCTL_UNSUBSCRIBE_PORT(r0, 0x40505331, &(0x7f0000000180)={{0xe}, {}, 0x47, 0x4, 0x2})
mmap$snddsp_status(&(0x7f0000000000/0x4000)=nil, 0x1000, 0x2, 0x42033, 0xffffffffffffffff, 0x82000000)
r1 = syz_open_dev$dri(&(0x7f00000009c0), 0x1, 0x181000)
ioctl$DRM_IOCTL_WAIT_VBLANK(r1, 0xc018643a, &(0x7f0000000000)={0x3e, 0x3, 0x9})

kernel console output (not intermixed with test programs):

4/0x320
[  296.558698][T13229]  ? __pfx___vmalloc_node_range_noprof+0x10/0x10
[  296.558737][T13229]  __kvmalloc_node_noprof+0x41f/0x9d0
[  296.558809][T13229]  ? drm_property_create_blob.part.0+0x34/0x320
[  296.558837][T13229]  ? drm_property_create_blob.part.0+0x34/0x320
[  296.558930][T13229]  ? drm_property_create_blob.part.0+0x34/0x320
[  296.558958][T13229]  drm_property_create_blob.part.0+0x34/0x320
[  296.558988][T13229]  drm_mode_createblob_ioctl+0x139/0x490
[  296.559020][T13229]  drm_ioctl_kernel+0x1ed/0x3e0
[  296.559037][T13229]  ? __pfx_drm_mode_createblob_ioctl+0x10/0x10
[  296.559064][T13229]  ? __pfx_drm_ioctl_kernel+0x10/0x10
[  296.559090][T13229]  drm_ioctl+0x574/0xb90
[  296.559110][T13229]  ? __pfx_drm_mode_createblob_ioctl+0x10/0x10
[  296.559138][T13229]  ? __pfx_drm_ioctl+0x10/0x10
[  296.559158][T13229]  ? hook_file_ioctl_common+0x146/0x3f0
[  296.559189][T13229]  ? __fget_files+0x1fb/0x3b0
[  296.559213][T13229]  ? __pfx_drm_ioctl+0x10/0x10
[  296.559231][T13229]  __x64_sys_ioctl+0x18f/0x210
[  296.559252][T13229]  do_syscall_64+0xcb/0xfa0
[  296.559283][T13229]  entry_SYSCALL_64_after_hwframe+0x77/0x7f
[  296.559302][T13229] RIP: 0033:0x7f669f9b059d
[  296.559325][T13229] Code: 02 b8 ff ff ff ff c3 66 0f 1f 44 00 00 f3 0f 1e fa 48 89 f8 48 89 f7 48 89 d6 48 89 ca 4d 89 c2 4d 89 c8 4c 8b 4c 24 08 0f 05 <48> 3d 01 f0 ff ff 73 01 c3 48 c7 c1 a8 ff ff ff f7 d8 64 89 01 48
[  296.559345][T13229] RSP: 002b:00007f66a07b5f98 EFLAGS: 00000246 ORIG_RAX: 0000000000000010
[  296.559364][T13229] RAX: ffffffffffffffda RBX: 00007f669fc25fa0 RCX: 00007f669f9b059d
[  296.559693][T13229] RDX: 0000200000000100 RSI: 00000000c01064bd RDI: 0000000000000007
[  296.559706][T13229] RBP: 00007f669fa4e078 R08: 0000000000000000 R09: 0000000000000000
[  296.559717][T13229] R10: 0000000000000000 R11: 0000000000000246 R12: 0000000000000000
[  296.559728][T13229] R13: 00007f669fc26038 R14: 00007f669fc25fa0 R15: 00007f66a0796000
[  296.559758][T13229]  </TASK>
[  296.559766][T13229] Mem-Info:
[  296.802596][T13229] active_anon:7369 inactive_anon:0 isolated_anon:0
[  296.802596][T13229]  active_file:2898 inactive_file:52500 isolated_file:0
[  296.802596][T13229]  unevictable:4398 dirty:2188 writeback:0
[  296.802596][T13229]  slab_reclaimable:12363 slab_unreclaimable:64469
[  296.802596][T13229]  mapped:30421 shmem:5476 pagetables:1228
[  296.802596][T13229]  sec_pagetables:0 bounce:0
[  296.802596][T13229]  kernel_misc_reclaimable:0
[  296.802596][T13229]  free:478413 free_pcp:8631 free_cma:0
[  296.829584][T13229] Node 0 active_anon:14840kB inactive_anon:0kB active_file:4676kB inactive_file:91872kB unevictable:7356kB isolated(anon):0kB isolated(file):0kB mapped:62320kB dirty:4396kB writeback:0kB shmem:9656kB shmem_thp:0kB shmem_pmdmapped:0kB anon_thp:0kB kernel_stack:5616kB pagetables:2748kB sec_pagetables:0kB all_unreclaimable? no Balloon:0kB
[  296.849017][T13229] Node 1 active_anon:14752kB inactive_anon:0kB active_file:6916kB inactive_file:118128kB unevictable:11740kB isolated(anon):0kB isolated(file):0kB mapped:60784kB dirty:4356kB writeback:0kB shmem:13680kB shmem_thp:0kB shmem_pmdmapped:0kB anon_thp:0kB kernel_stack:6976kB pagetables:2120kB sec_pagetables:0kB all_unreclaimable? no Balloon:0kB
[  296.866571][T13229] Node 0 DMA free:15360kB boost:0kB min:452kB low:564kB high:676kB reserved_highatomic:0KB free_highatomic:0KB active_anon:0kB inactive_anon:0kB active_file:0kB inactive_file:0kB unevictable:0kB writepending:0kB zspages:0kB present:15992kB managed:15360kB mlocked:0kB bounce:0kB free_pcp:0kB local_pcp:0kB free_cma:0kB
[  296.883543][T13229] lowmem_reserve[]: 0 1176 1176 1176 1176
[  296.886852][T13229] Node 0 DMA32 free:638344kB boost:0kB min:34836kB low:43544kB high:52252kB reserved_highatomic:0KB free_highatomic:0KB active_anon:18272kB inactive_anon:0kB active_file:4676kB inactive_file:91872kB unevictable:4000kB writepending:4396kB zspages:0kB present:2080772kB managed:1204832kB mlocked:464kB bounce:0kB free_pcp:13984kB local_pcp:260kB free_cma:0kB
[  296.905905][T13229] lowmem_reserve[]: 0 0 0 0 0
[  296.908937][T13229] Node 1 DMA32 free:980356kB boost:0kB min:29136kB low:36420kB high:43704kB reserved_highatomic:0KB free_highatomic:0KB active_anon:0kB inactive_anon:0kB active_file:0kB inactive_file:0kB unevictable:0kB writepending:0kB zspages:0kB present:1048444kB managed:982908kB mlocked:0kB bounce:0kB free_pcp:2536kB local_pcp:2292kB free_cma:0kB
[  296.928799][T13229] lowmem_reserve[]: 0 0 846 846 846
[  296.932771][T13229] Node 1 Normal free:277652kB boost:0kB min:25680kB low:32100kB high:38520kB reserved_highatomic:0KB free_highatomic:0KB active_anon:19472kB inactive_anon:0kB active_file:6916kB inactive_file:118128kB unevictable:7040kB writepending:4372kB zspages:0kB present:1048576kB managed:866440kB mlocked:3532kB bounce:0kB free_pcp:18700kB local_pcp:11624kB free_cma:0kB
[  296.953251][    C3] vkms_vblank_simulate: vblank timer overrun
[  296.970681][T13229] lowmem_reserve[]: 0 0 0 0 0
[  296.977507][T13229] Node 0 DMA: 0*4kB 0*8kB 0*16kB 0*32kB 0*64kB 0*128kB 0*256kB 0*512kB 1*1024kB (U) 1*2048kB (M) 3*4096kB (M) = 15360kB
[  296.993635][T13229] Node 0 DMA32: 414*4kB (UME) 938*8kB (UME) 434*16kB (UM) 294*32kB (UME) 206*64kB (UME) 95*128kB (UME) 58*256kB (UME) 39*512kB (UME) 28*1024kB (UM) 20*2048kB (UE) 118*4096kB (UM) = 638632kB
[  297.017931][    C3] vkms_vblank_simulate: vblank timer overrun
[  297.027606][T13229] Node 1 DMA32: 1*4kB (M) 2*8kB (UM) 1*16kB (M) 1*32kB (M) 1*64kB (M) 2*128kB (M) 2*256kB (M) 3*512kB (UM) 3*1024kB (UM) 4*2048kB (UM) 236*4096kB (UM) = 980356kB
[  297.050370][T13229] Node 1 Normal: 645*4kB (UM) 383*8kB (UM) 90*16kB (UM) 63*32kB (UME) 111*64kB (UME) 127*128kB (UM) 62*256kB (UM) 51*512kB (UME) 35*1024kB (UM) 12*2048kB (UM) 35*4096kB (U) = 278220kB
[  297.081289][T13229] Node 0 hugepages_total=2 hugepages_free=2 hugepages_surp=0 hugepages_size=2048kB
[  297.100505][T13229] Node 1 hugepages_total=2 hugepages_free=2 hugepages_surp=0 hugepages_size=2048kB
[  297.107261][T13229] 59501 total pagecache pages
[  297.120397][T13229] 0 pages in swap cache
[  297.122272][T13229] Free swap  = 124996kB
[  297.124135][T13229] Total swap = 124996kB
[  297.137137][T13229] 1048446 pages RAM
[  297.140755][T13229] 0 pages HighMem/MovableOnly
[  297.146198][T13229] 281061 pages reserved
[  297.153719][T13229] 0 pages cma reserved
[  297.859576][    C3] vkms_vblank_simulate: vblank timer overrun
[  298.354575][    C3] vkms_vblank_simulate: vblank timer overrun
[  298.979567][    C3] vkms_vblank_simulate: vblank timer overrun
[  299.319519][    C3] vkms_vblank_simulate: vblank timer overrun
[  300.815746][    C3] vkms_vblank_simulate: vblank timer overrun
[  301.869711][    C3] vkms_vblank_simulate: vblank timer overrun
[  302.669464][    C3] vkms_vblank_simulate: vblank timer overrun
[  304.109222][    C3] vkms_vblank_simulate: vblank timer overrun
[  304.316181][    C3] vkms_vblank_simulate: vblank timer overrun
[  304.717502][    C3] vkms_vblank_simulate: vblank timer overrun
[  304.833307][    C3] vkms_vblank_simulate: vblank timer overrun
[  304.922467][    C3] vkms_vblank_simulate: vblank timer overrun
[  305.813717][ T1358] ieee802154 phy0 wpan0: encryption failed: -22
[  305.826582][ T1358] ieee802154 phy1 wpan1: encryption failed: -22
[  306.645152][    C3] vkms_vblank_simulate: vblank timer overrun
[  308.115162][    C3] vkms_vblank_simulate: vblank timer overrun
[  308.305408][    C3] vkms_vblank_simulate: vblank timer overrun
[  308.635864][    C3] vkms_vblank_simulate: vblank timer overrun
[  309.783198][    C3] vkms_vblank_simulate: vblank timer overrun
[  310.283185][    C3] vkms_vblank_simulate: vblank timer overrun
[  310.608734][    C3] vkms_vblank_simulate: vblank timer overrun
[  310.665275][    C3] vkms_vblank_simulate: vblank timer overrun
[  310.925324][    C3] vkms_vblank_simulate: vblank timer overrun
[  311.652539][    C3] vkms_vblank_simulate: vblank timer overrun
[  312.090577][    C3] vkms_vblank_simulate: vblank timer overrun
[  312.693448][    C3] vkms_vblank_simulate: vblank timer overrun
[  312.841134][    C3] vkms_vblank_simulate: vblank timer overrun
[  313.161246][    C3] vkms_vblank_simulate: vblank timer overrun
[  313.440185][    C3] vkms_vblank_simulate: vblank timer overrun
[  313.660328][    C3] vkms_vblank_simulate: vblank timer overrun
[  314.891669][    C3] vkms_vblank_simulate: vblank timer overrun
[  314.960286][    C3] vkms_vblank_simulate: vblank timer overrun
[  315.275699][    C3] vkms_vblank_simulate: vblank timer overrun
[  316.671266][    C3] vkms_vblank_simulate: vblank timer overrun
[  318.117713][ T9876] Bluetooth: hci3: command 0x0406 tx timeout
[  318.122810][ T9861] Bluetooth: hci1: command 0x0406 tx timeout
[  318.125305][ T9876] Bluetooth: hci2: command 0x0406 tx timeout
[  318.131261][ T9861] Bluetooth: hci0: command 0x0406 tx timeout
[  323.387880][T14234] FAULT_INJECTION: forcing a failure.
[  323.387880][T14234] name failslab, interval 1, probability 0, space 0, times 0
[  323.426200][T14234] CPU: 0 UID: 0 PID: 14234 Comm: syz.0.951 Not tainted 6.18.0 #1 PREEMPT(full) 
[  323.426245][T14234] Hardware name: QEMU Standard PC (i440FX + PIIX, 1996), BIOS rel-1.16.3-0-ga6ed6b701f0a-prebuilt.qemu.org 04/01/2014
[  323.426314][T14234] Call Trace:
[  323.426351][T14234]  <TASK>
[  323.426550][T14234]  dump_stack_lvl+0x180/0x1b0
[  323.427520][T14234]  should_fail_ex+0x520/0x650
[  323.427760][T14234]  ? tomoyo_realpath_from_path+0xc3/0x600
[  323.427843][T14234]  should_failslab+0xc2/0x120
[  323.428034][T14234]  __kmalloc_noprof+0xdc/0x8c0
[  323.428100][T14234]  ? kfree+0x3b1/0x6c0
[  323.428124][T14234]  ? tomoyo_realpath_from_path+0xc3/0x600
[  323.428147][T14234]  tomoyo_realpath_from_path+0xc3/0x600
[  323.428173][T14234]  ? tomoyo_profile+0x46/0x60
[  323.428214][T14234]  tomoyo_path_number_perm+0x221/0x550
[  323.428234][T14234]  ? tomoyo_path_number_perm+0x213/0x550
[  323.428258][T14234]  ? __pfx_tomoyo_path_number_perm+0x10/0x10
[  323.428279][T14234]  ? proc_fail_nth_write+0x97/0x220
[  323.428484][T14234]  ? hook_file_ioctl_common+0x146/0x3f0
[  323.428558][T14234]  ? __fget_files+0x1f1/0x3b0
[  323.428615][T14234]  ? __fget_files+0x1fb/0x3b0
[  323.428638][T14234]  security_file_ioctl+0x9f/0x260
[  323.428705][T14234]  __x64_sys_ioctl+0xb7/0x210
[  323.428736][T14234]  do_syscall_64+0xcb/0xfa0
[  323.428812][T14234]  entry_SYSCALL_64_after_hwframe+0x77/0x7f
[  323.428911][T14234] RIP: 0033:0x7f13fddb059d
[  323.428997][T14234] Code: 02 b8 ff ff ff ff c3 66 0f 1f 44 00 00 f3 0f 1e fa 48 89 f8 48 89 f7 48 89 d6 48 89 ca 4d 89 c2 4d 89 c8 4c 8b 4c 24 08 0f 05 <48> 3d 01 f0 ff ff 73 01 c3 48 c7 c1 a8 ff ff ff f7 d8 64 89 01 48
[  323.429059][T14234] RSP: 002b:00007f13fbff5f98 EFLAGS: 00000246 ORIG_RAX: 0000000000000010
[  323.429120][T14234] RAX: ffffffffffffffda RBX: 00007f13fe025fa0 RCX: 00007f13fddb059d
[  323.429132][T14234] RDX: 0000200000000080 RSI: 00000000c01864b1 RDI: 0000000000000003
[  323.429142][T14234] RBP: 00007f13fbff6010 R08: 0000000000000000 R09: 0000000000000000
[  323.429152][T14234] R10: 0000000000000000 R11: 0000000000000246 R12: 0000000000000001
[  323.429162][T14234] R13: 00007f13fe026038 R14: 00007f13fe025fa0 R15: 00007f13fbfd6000
[  323.429190][T14234]  </TASK>
[  323.429409][T14234] ERROR: Out of memory at tomoyo_realpath_from_path.
[  324.501581][T14283] FAULT_INJECTION: forcing a failure.
[  324.501581][T14283] name failslab, interval 1, probability 0, space 0, times 0
[  324.521542][T14283] CPU: 0 UID: 0 PID: 14283 Comm: syz.0.967 Not tainted 6.18.0 #1 PREEMPT(full) 
[  324.521571][T14283] Hardware name: QEMU Standard PC (i440FX + PIIX, 1996), BIOS rel-1.16.3-0-ga6ed6b701f0a-prebuilt.qemu.org 04/01/2014
[  324.521583][T14283] Call Trace:
[  324.521590][T14283]  <TASK>
[  324.521599][T14283]  dump_stack_lvl+0x180/0x1b0
[  324.521639][T14283]  should_fail_ex+0x520/0x650
[  324.521667][T14283]  ? tomoyo_encode2.part.0+0xe9/0x3a0
[  324.521693][T14283]  should_failslab+0xc2/0x120
[  324.521739][T14283]  __kmalloc_noprof+0xdc/0x8c0
[  324.521764][T14283]  ? d_absolute_path+0x12a/0x1a0
[  324.521883][T14283]  ? tomoyo_encode2.part.0+0xe9/0x3a0
[  324.521954][T14283]  tomoyo_encode2.part.0+0xe9/0x3a0
[  324.521988][T14283]  tomoyo_encode+0x2b/0x60
[  324.522015][T14283]  tomoyo_realpath_from_path+0x188/0x600
[  324.522052][T14283]  tomoyo_path_number_perm+0x221/0x550
[  324.522075][T14283]  ? tomoyo_path_number_perm+0x213/0x550
[  324.522101][T14283]  ? __pfx_tomoyo_path_number_perm+0x10/0x10
[  324.522126][T14283]  ? proc_fail_nth_write+0x97/0x220
[  324.522183][T14283]  ? hook_file_ioctl_common+0x146/0x3f0
[  324.522207][T14283]  ? __fget_files+0x1f1/0x3b0
[  324.522286][T14283]  ? __fget_files+0x1fb/0x3b0
[  324.522311][T14283]  security_file_ioctl+0x9f/0x260
[  324.522339][T14283]  __x64_sys_ioctl+0xb7/0x210
[  324.522362][T14283]  do_syscall_64+0xcb/0xfa0
[  324.522397][T14283]  entry_SYSCALL_64_after_hwframe+0x77/0x7f
[  324.522419][T14283] RIP: 0033:0x7f13fddb059d
[  324.522438][T14283] Code: 02 b8 ff ff ff ff c3 66 0f 1f 44 00 00 f3 0f 1e fa 48 89 f8 48 89 f7 48 89 d6 48 89 ca 4d 89 c2 4d 89 c8 4c 8b 4c 24 08 0f 05 <48> 3d 01 f0 ff ff 73 01 c3 48 c7 c1 a8 ff ff ff f7 d8 64 89 01 48
[  324.522457][T14283] RSP: 002b:00007f13fbff5f98 EFLAGS: 00000246 ORIG_RAX: 0000000000000010
[  324.522478][T14283] RAX: ffffffffffffffda RBX: 00007f13fe025fa0 RCX: 00007f13fddb059d
[  324.522491][T14283] RDX: 0000200000000080 RSI: 00000000c01864b1 RDI: 0000000000000003
[  324.522504][T14283] RBP: 00007f13fbff6010 R08: 0000000000000000 R09: 0000000000000000
[  324.522515][T14283] R10: 0000000000000000 R11: 0000000000000246 R12: 0000000000000001
[  324.522526][T14283] R13: 00007f13fe026038 R14: 00007f13fe025fa0 R15: 00007f13fbfd6000
[  324.522557][T14283]  </TASK>
[  324.524176][T14283] ERROR: Out of memory at tomoyo_realpath_from_path.
[  325.281708][T14319] FAULT_INJECTION: forcing a failure.
[  325.281708][T14319] name fail_usercopy, interval 1, probability 0, space 0, times 0
[  325.296080][T14319] CPU: 1 UID: 0 PID: 14319 Comm: syz.3.980 Not tainted 6.18.0 #1 PREEMPT(full) 
[  325.296101][T14319] Hardware name: QEMU Standard PC (i440FX + PIIX, 1996), BIOS rel-1.16.3-0-ga6ed6b701f0a-prebuilt.qemu.org 04/01/2014
[  325.296110][T14319] Call Trace:
[  325.296116][T14319]  <TASK>
[  325.296122][T14319]  dump_stack_lvl+0x180/0x1b0
[  325.296152][T14319]  should_fail_ex+0x520/0x650
[  325.296172][T14319]  _copy_from_user+0x30/0xd0
[  325.296255][T14319]  drm_ioctl+0x4df/0xb90
[  325.296383][T14319]  ? __pfx_drm_mode_dirtyfb_ioctl+0x10/0x10
[  325.296420][T14319]  ? __pfx_drm_ioctl+0x10/0x10
[  325.296435][T14319]  ? hook_file_ioctl_common+0x146/0x3f0
[  325.296460][T14319]  ? __fget_files+0x1fb/0x3b0
[  325.296480][T14319]  ? __pfx_drm_ioctl+0x10/0x10
[  325.296495][T14319]  __x64_sys_ioctl+0x18f/0x210
[  325.296511][T14319]  do_syscall_64+0xcb/0xfa0
[  325.296537][T14319]  entry_SYSCALL_64_after_hwframe+0x77/0x7f
[  325.296552][T14319] RIP: 0033:0x7f2dd77b059d
[  325.296566][T14319] Code: 02 b8 ff ff ff ff c3 66 0f 1f 44 00 00 f3 0f 1e fa 48 89 f8 48 89 f7 48 89 d6 48 89 ca 4d 89 c2 4d 89 c8 4c 8b 4c 24 08 0f 05 <48> 3d 01 f0 ff ff 73 01 c3 48 c7 c1 a8 ff ff ff f7 d8 64 89 01 48
[  325.296596][T14319] RSP: 002b:00007f2dd8637f98 EFLAGS: 00000246 ORIG_RAX: 0000000000000010
[  325.296612][T14319] RAX: ffffffffffffffda RBX: 00007f2dd7a25fa0 RCX: 00007f2dd77b059d
[  325.296622][T14319] RDX: 0000200000000080 RSI: 00000000c01864b1 RDI: 0000000000000003
[  325.296632][T14319] RBP: 00007f2dd8638010 R08: 0000000000000000 R09: 0000000000000000
[  325.296657][T14319] R10: 0000000000000000 R11: 0000000000000246 R12: 0000000000000001
[  325.296667][T14319] R13: 00007f2dd7a26038 R14: 00007f2dd7a25fa0 R15: 00007f2dd8618000
[  325.296691][T14319]  </TASK>
[  326.231683][T14355] FAULT_INJECTION: forcing a failure.
[  326.231683][T14355] name fail_usercopy, interval 1, probability 0, space 0, times 0
[  326.247633][T14355] CPU: 3 UID: 0 PID: 14355 Comm: syz.2.994 Not tainted 6.18.0 #1 PREEMPT(full) 
[  326.247727][T14355] Hardware name: QEMU Standard PC (i440FX + PIIX, 1996), BIOS rel-1.16.3-0-ga6ed6b701f0a-prebuilt.qemu.org 04/01/2014
[  326.247740][T14355] Call Trace:
[  326.247748][T14355]  <TASK>
[  326.247756][T14355]  dump_stack_lvl+0x180/0x1b0
[  326.247791][T14355]  should_fail_ex+0x520/0x650
[  326.247816][T14355]  _copy_to_user+0x32/0xd0
[  326.247840][T14355]  drm_ioctl+0x59a/0xb90
[  326.247863][T14355]  ? __pfx_drm_mode_dirtyfb_ioctl+0x10/0x10
[  326.247886][T14355]  ? __pfx_drm_ioctl+0x10/0x10
[  326.247915][T14355]  ? __fget_files+0x1fb/0x3b0
[  326.247941][T14355]  ? __pfx_drm_ioctl+0x10/0x10
[  326.247959][T14355]  __x64_sys_ioctl+0x18f/0x210
[  326.247980][T14355]  do_syscall_64+0xcb/0xfa0
[  326.248012][T14355]  entry_SYSCALL_64_after_hwframe+0x77/0x7f
[  326.248032][T14355] RIP: 0033:0x7f669f9b059d
[  326.248048][T14355] Code: 02 b8 ff ff ff ff c3 66 0f 1f 44 00 00 f3 0f 1e fa 48 89 f8 48 89 f7 48 89 d6 48 89 ca 4d 89 c2 4d 89 c8 4c 8b 4c 24 08 0f 05 <48> 3d 01 f0 ff ff 73 01 c3 48 c7 c1 a8 ff ff ff f7 d8 64 89 01 48
[  326.248065][T14355] RSP: 002b:00007f66a07b5f98 EFLAGS: 00000246 ORIG_RAX: 0000000000000010
[  326.248083][T14355] RAX: ffffffffffffffda RBX: 00007f669fc25fa0 RCX: 00007f669f9b059d
[  326.248095][T14355] RDX: 0000200000000080 RSI: 00000000c01864b1 RDI: 0000000000000003
[  326.248105][T14355] RBP: 00007f66a07b6010 R08: 0000000000000000 R09: 0000000000000000
[  326.248116][T14355] R10: 0000000000000000 R11: 0000000000000246 R12: 0000000000000001
[  326.248126][T14355] R13: 00007f669fc26038 R14: 00007f669fc25fa0 R15: 00007f66a0796000
[  326.248152][T14355]  </TASK>
[  326.385372][    C3] vkms_vblank_simulate: vblank timer overrun
[  326.957399][T14378] FAULT_INJECTION: forcing a failure.
[  326.957399][T14378] name fail_usercopy, interval 1, probability 0, space 0, times 0
[  326.970905][T14378] CPU: 2 UID: 0 PID: 14378 Comm: syz.2.1004 Not tainted 6.18.0 #1 PREEMPT(full) 
[  326.970929][T14378] Hardware name: QEMU Standard PC (i440FX + PIIX, 1996), BIOS rel-1.16.3-0-ga6ed6b701f0a-prebuilt.qemu.org 04/01/2014
[  326.970939][T14378] Call Trace:
[  326.970946][T14378]  <TASK>
[  326.970954][T14378]  dump_stack_lvl+0x180/0x1b0
[  326.970987][T14378]  should_fail_ex+0x520/0x650
[  326.971011][T14378]  _copy_from_user+0x30/0xd0
[  326.971033][T14378]  drm_mode_dirtyfb_ioctl+0x3f1/0x4c0
[  326.971102][T14378]  drm_ioctl_kernel+0x1ed/0x3e0
[  326.971119][T14378]  ? __pfx_drm_mode_dirtyfb_ioctl+0x10/0x10
[  326.971141][T14378]  ? __pfx_drm_ioctl_kernel+0x10/0x10
[  326.971165][T14378]  drm_ioctl+0x574/0xb90
[  326.971184][T14378]  ? __pfx_drm_mode_dirtyfb_ioctl+0x10/0x10
[  326.971206][T14378]  ? __pfx_drm_ioctl+0x10/0x10
[  326.971266][T14378]  ? __fget_files+0x1fb/0x3b0
[  326.971311][T14378]  ? __pfx_drm_ioctl+0x10/0x10
[  326.971329][T14378]  __x64_sys_ioctl+0x18f/0x210
[  326.971393][T14378]  do_syscall_64+0xcb/0xfa0
[  326.971422][T14378]  entry_SYSCALL_64_after_hwframe+0x77/0x7f
[  326.971439][T14378] RIP: 0033:0x7f669f9b059d
[  326.971455][T14378] Code: 02 b8 ff ff ff ff c3 66 0f 1f 44 00 00 f3 0f 1e fa 48 89 f8 48 89 f7 48 89 d6 48 89 ca 4d 89 c2 4d 89 c8 4c 8b 4c 24 08 0f 05 <48> 3d 01 f0 ff ff 73 01 c3 48 c7 c1 a8 ff ff ff f7 d8 64 89 01 48
[  326.971470][T14378] RSP: 002b:00007f66a07b5f98 EFLAGS: 00000246 ORIG_RAX: 0000000000000010
[  326.971487][T14378] RAX: ffffffffffffffda RBX: 00007f669fc25fa0 RCX: 00007f669f9b059d
[  326.971498][T14378] RDX: 0000200000000080 RSI: 00000000c01864b1 RDI: 0000000000000003
[  326.971509][T14378] RBP: 00007f66a07b6010 R08: 0000000000000000 R09: 0000000000000000
[  326.971519][T14378] R10: 0000000000000000 R11: 0000000000000246 R12: 0000000000000001
[  326.971529][T14378] R13: 00007f669fc26038 R14: 00007f669fc25fa0 R15: 00007f66a0796000
[  326.971566][T14378]  </TASK>
[  327.960696][T14324] warn_alloc: 1 callbacks suppressed
[  327.960719][T14324] syz.1.982: vmalloc error: size 261324800, failed to allocated page array size 510400, mode:0xdc2(GFP_KERNEL|__GFP_HIGHMEM|__GFP_ZERO), nodemask=(null),cpuset=/,mems_allowed=0-1
[  327.985647][T14324] CPU: 1 UID: 0 PID: 14324 Comm: syz.1.982 Not tainted 6.18.0 #1 PREEMPT(full) 
[  327.985672][T14324] Hardware name: QEMU Standard PC (i440FX + PIIX, 1996), BIOS rel-1.16.3-0-ga6ed6b701f0a-prebuilt.qemu.org 04/01/2014
[  327.985684][T14324] Call Trace:
[  327.985691][T14324]  <TASK>
[  327.985700][T14324]  dump_stack_lvl+0x180/0x1b0
[  327.985735][T14324]  warn_alloc+0x211/0x360
[  327.985815][T14324]  ? __pfx_warn_alloc+0x10/0x10
[  327.985833][T14324]  ? __pfx_alloc_vmap_area+0x10/0x10
[  327.986010][T14324]  ? __get_vm_area_node+0x10c/0x340
[  327.986047][T14324]  ? drm_property_create_blob.part.0+0x34/0x320
[  327.986090][T14324]  ? __vmalloc_node_noprof+0xac/0xf0
[  327.986123][T14324]  __vmalloc_node_range_noprof+0xfaa/0x13b0
[  327.986161][T14324]  ? drm_property_create_blob.part.0+0x34/0x320
[  327.986196][T14324]  ? __pfx___vmalloc_node_range_noprof+0x10/0x10
[  327.986236][T14324]  __kvmalloc_node_noprof+0x41f/0x9d0
[  327.986261][T14324]  ? drm_property_create_blob.part.0+0x34/0x320
[  327.986290][T14324]  ? drm_property_create_blob.part.0+0x34/0x320
[  327.986322][T14324]  ? drm_property_create_blob.part.0+0x34/0x320
[  327.986347][T14324]  drm_property_create_blob.part.0+0x34/0x320
[  327.986378][T14324]  drm_mode_createblob_ioctl+0x139/0x490
[  327.986409][T14324]  drm_ioctl_kernel+0x1ed/0x3e0
[  327.986440][T14324]  ? __pfx_drm_mode_createblob_ioctl+0x10/0x10
[  327.986466][T14324]  ? __pfx_drm_ioctl_kernel+0x10/0x10
[  327.986491][T14324]  drm_ioctl+0x574/0xb90
[  327.986512][T14324]  ? __pfx_drm_mode_createblob_ioctl+0x10/0x10
[  327.986540][T14324]  ? __pfx_drm_ioctl+0x10/0x10
[  327.986560][T14324]  ? hook_file_ioctl_common+0x146/0x3f0
[  327.986591][T14324]  ? __fget_files+0x1fb/0x3b0
[  327.986616][T14324]  ? __pfx_drm_ioctl+0x10/0x10
[  327.986635][T14324]  __x64_sys_ioctl+0x18f/0x210
[  327.986656][T14324]  do_syscall_64+0xcb/0xfa0
[  327.986687][T14324]  entry_SYSCALL_64_after_hwframe+0x77/0x7f
[  327.986706][T14324] RIP: 0033:0x7f4404fb059d
[  327.986763][T14324] Code: 02 b8 ff ff ff ff c3 66 0f 1f 44 00 00 f3 0f 1e fa 48 89 f8 48 89 f7 48 89 d6 48 89 ca 4d 89 c2 4d 89 c8 4c 8b 4c 24 08 0f 05 <48> 3d 01 f0 ff ff 73 01 c3 48 c7 c1 a8 ff ff ff f7 d8 64 89 01 48
[  327.986780][T14324] RSP: 002b:00007f4405ea6f98 EFLAGS: 00000246 ORIG_RAX: 0000000000000010
[  327.986799][T14324] RAX: ffffffffffffffda RBX: 00007f4405225fa0 RCX: 00007f4404fb059d
[  327.986811][T14324] RDX: 0000200000000100 RSI: 00000000c01064bd RDI: 0000000000000008
[  327.986823][T14324] RBP: 00007f440504e078 R08: 0000000000000000 R09: 0000000000000000
[  327.986833][T14324] R10: 0000000000000000 R11: 0000000000000246 R12: 0000000000000000
[  327.986844][T14324] R13: 00007f4405226038 R14: 00007f4405225fa0 R15: 00007f4405e87000
[  327.986872][T14324]  </TASK>
[  327.986880][T14324] Mem-Info:
[  328.048452][T14414] FAULT_INJECTION: forcing a failure.
[  328.048452][T14414] name failslab, interval 1, probability 0, space 0, times 0
[  328.052047][T14324] active_anon:6825 inactive_anon:0 isolated_anon:0
[  328.052047][T14324]  active_file:2898 inactive_file:52536 isolated_file:0
[  328.052047][T14324]  unevictable:3551 dirty:2011 writeback:0
[  328.052047][T14324]  slab_reclaimable:12655 slab_unreclaimable:63204
[  328.052047][T14324]  mapped:29541 shmem:4637 pagetables:998
[  328.052047][T14324]  sec_pagetables:0 bounce:0
[  328.052047][T14324]  kernel_misc_reclaimable:0
[  328.052047][T14324]  free:472379 free_pcp:16971 free_cma:0
[  328.061160][T14414] CPU: 2 UID: 0 PID: 14414 Comm: syz.2.1016 Not tainted 6.18.0 #1 PREEMPT(full) 
[  328.061190][T14414] Hardware name: QEMU Standard PC (i440FX + PIIX, 1996), BIOS rel-1.16.3-0-ga6ed6b701f0a-prebuilt.qemu.org 04/01/2014
[  328.061203][T14414] Call Trace:
[  328.061210][T14414]  <TASK>
[  328.061219][T14414]  dump_stack_lvl+0x180/0x1b0
[  328.061256][T14414]  should_fail_ex+0x520/0x650
[  328.061282][T14414]  should_failslab+0xc2/0x120
[  328.061317][T14414]  __kmalloc_cache_noprof+0x73/0x7a0
[  328.061337][T14414]  ? drm_atomic_state_alloc+0xb9/0x120
[  328.061499][T14414]  ? drm_atomic_state_alloc+0xb9/0x120
[  328.061516][T14414]  drm_atomic_state_alloc+0xb9/0x120
[  328.061536][T14414]  drm_atomic_helper_dirtyfb+0xc3/0x780
[  328.061579][T14414]  ? __pfx_drm_atomic_helper_dirtyfb+0x10/0x10
[  328.061619][T14414]  ? __might_fault+0xe0/0x190
[  328.061662][T14414]  drm_mode_dirtyfb_ioctl+0x30f/0x4c0
[  328.061687][T14414]  ? __pfx_drm_atomic_helper_dirtyfb+0x10/0x10
[  328.061715][T14414]  drm_ioctl_kernel+0x1ed/0x3e0
[  328.061732][T14414]  ? __pfx_drm_mode_dirtyfb_ioctl+0x10/0x10
[  328.061754][T14414]  ? __pfx_drm_ioctl_kernel+0x10/0x10
[  328.061780][T14414]  drm_ioctl+0x574/0xb90
[  328.061801][T14414]  ? __pfx_drm_mode_dirtyfb_ioctl+0x10/0x10
[  328.061825][T14414]  ? __pfx_drm_ioctl+0x10/0x10
[  328.061853][T14414]  ? __fget_files+0x1fb/0x3b0
[  328.061879][T14414]  ? __pfx_drm_ioctl+0x10/0x10
[  328.061897][T14414]  __x64_sys_ioctl+0x18f/0x210
[  328.061957][T14414]  do_syscall_64+0xcb/0xfa0
[  328.061986][T14414]  entry_SYSCALL_64_after_hwframe+0x77/0x7f
[  328.062005][T14414] RIP: 0033:0x7f669f9b059d
[  328.062023][T14414] Code: 02 b8 ff ff ff ff c3 66 0f 1f 44 00 00 f3 0f 1e fa 48 89 f8 48 89 f7 48 89 d6 48 89 ca 4d 89 c2 4d 89 c8 4c 8b 4c 24 08 0f 05 <48> 3d 01 f0 ff ff 73 01 c3 48 c7 c1 a8 ff ff ff f7 d8 64 89 01 48
[  328.062040][T14414] RSP: 002b:00007f66a07b5f98 EFLAGS: 00000246 ORIG_RAX: 0000000000000010
[  328.062058][T14414] RAX: ffffffffffffffda RBX: 00007f669fc25fa0 RCX: 00007f669f9b059d
[  328.062069][T14414] RDX: 0000200000000080 RSI: 00000000c01864b1 RDI: 0000000000000003
[  328.062080][T14414] RBP: 00007f66a07b6010 R08: 0000000000000000 R09: 0000000000000000
[  328.062090][T14414] R10: 0000000000000000 R11: 0000000000000246 R12: 0000000000000001
[  328.062100][T14414] R13: 00007f669fc26038 R14: 00007f669fc25fa0 R15: 00007f66a0796000
[  328.062128][T14414]  </TASK>
[  328.470109][T14324] Node 0 active_anon:16924kB inactive_anon:0kB active_file:4656kB inactive_file:91912kB unevictable:3600kB isolated(anon):0kB isolated(file):0kB mapped:58288kB dirty:3484kB writeback:0kB shmem:9392kB shmem_thp:0kB shmem_pmdmapped:0kB anon_thp:0kB kernel_stack:5552kB pagetables:2416kB sec_pagetables:0kB all_unreclaimable? no Balloon:0kB
[  328.534313][    C3] vkms_vblank_simulate: vblank timer overrun
[  328.547104][T14324] Node 1 active_anon:14496kB inactive_anon:0kB active_file:6936kB inactive_file:118232kB unevictable:3536kB isolated(anon):0kB isolated(file):0kB mapped:52628kB dirty:4560kB writeback:0kB shmem:5436kB shmem_thp:0kB shmem_pmdmapped:0kB anon_thp:0kB kernel_stack:6980kB pagetables:1924kB sec_pagetables:0kB all_unreclaimable? no Balloon:0kB
[  328.584717][    C3] vkms_vblank_simulate: vblank timer overrun
[  328.596642][T14324] Node 0 DMA free:15360kB boost:0kB min:452kB low:564kB high:676kB reserved_highatomic:0KB free_highatomic:0KB active_anon:0kB inactive_anon:0kB active_file:0kB inactive_file:0kB unevictable:0kB writepending:0kB zspages:0kB present:15992kB managed:15360kB mlocked:0kB bounce:0kB free_pcp:0kB local_pcp:0kB free_cma:0kB
[  328.660992][    C3] vkms_vblank_simulate: vblank timer overrun
[  328.681559][T14324] lowmem_reserve[]: 0 1176 1176 1176 1176
[  328.688000][T14324] Node 0 DMA32 free:632400kB boost:0kB min:34836kB low:43544kB high:52252kB reserved_highatomic:0KB free_highatomic:0KB active_anon:13328kB inactive_anon:0kB active_file:4656kB inactive_file:91912kB unevictable:3600kB writepending:3484kB zspages:0kB present:2080772kB managed:1204832kB mlocked:32kB bounce:0kB free_pcp:36000kB local_pcp:15120kB free_cma:0kB
[  328.726780][T14324] lowmem_reserve[]: 0 0 0 0 0
[  328.734678][T14324] Node 1 DMA32 free:980356kB boost:0kB min:29136kB low:36420kB high:43704kB reserved_highatomic:0KB free_highatomic:0KB active_anon:0kB inactive_anon:0kB active_file:0kB inactive_file:0kB unevictable:0kB writepending:0kB zspages:0kB present:1048444kB managed:982908kB mlocked:0kB bounce:0kB free_pcp:2536kB local_pcp:0kB free_cma:0kB
[  328.760353][T14324] lowmem_reserve[]: 0 0 846 846 846
[  328.768381][T14324] Node 1 Normal free:279888kB boost:0kB min:25680kB low:32100kB high:38520kB reserved_highatomic:0KB free_highatomic:0KB active_anon:14144kB inactive_anon:0kB active_file:6936kB inactive_file:118236kB unevictable:3624kB writepending:4572kB zspages:0kB present:1048576kB managed:866440kB mlocked:88kB bounce:0kB free_pcp:17900kB local_pcp:248kB free_cma:0kB
[  328.805754][T14324] lowmem_reserve[]: 0 0 0 0 0
[  328.808031][T14324] Node 0 DMA: 0*4kB 0*8kB 0*16kB 0*32kB 0*64kB 0*128kB 0*256kB 0*512kB 1*1024kB (U) 1*2048kB (M) 3*4096kB (M) = 15360kB
[  328.822338][T14324] Node 0 DMA32: 324*4kB (UME) 786*8kB (UME) 468*16kB (UME) 388*32kB (UME) 177*64kB (UME) 85*128kB (UE) 53*256kB (UM) 42*512kB (UM) 31*1024kB (UM) 24*2048kB (UME) 114*4096kB (UM) = 632608kB
[  328.848856][T14324] Node 1 DMA32: 1*4kB (M) 2*8kB (UM) 1*16kB (M) 1*32kB (M) 1*64kB (M) 2*128kB (M) 2*256kB (M) 3*512kB (UM) 3*1024kB (UM) 4*2048kB (UM) 236*4096kB (UM) = 980356kB
[  328.865341][T14324] Node 1 Normal: 178*4kB (UME) 320*8kB (UME) 170*16kB (UME) 85*32kB (UME) 27*64kB (UME) 49*128kB (ME) 71*256kB (UME) 53*512kB (UME) 36*1024kB (UME) 14*2048kB (UME) 37*4096kB (U) = 279112kB
[  328.879164][T14324] Node 0 hugepages_total=2 hugepages_free=2 hugepages_surp=0 hugepages_size=2048kB
[  328.886566][T14324] Node 1 hugepages_total=2 hugepages_free=2 hugepages_surp=0 hugepages_size=2048kB
[  328.897727][T14324] 58224 total pagecache pages
[  328.905514][T14324] 0 pages in swap cache
[  328.908498][T14324] Free swap  = 124996kB
[  328.915090][T14324] Total swap = 124996kB
[  328.924115][T14324] 1048446 pages RAM
[  328.933485][T14324] 0 pages HighMem/MovableOnly
[  328.936511][T14324] 281061 pages reserved
[  328.942765][T14324] 0 pages cma reserved
[  331.606984][    C3] vkms_vblank_simulate: vblank timer overrun
[  332.693098][    C3] vkms_vblank_simulate: vblank timer overrun
[  332.756259][    C3] vkms_vblank_simulate: vblank timer overrun
[  335.856588][    C3] vkms_vblank_simulate: vblank timer overrun
[  335.949911][    C3] vkms_vblank_simulate: vblank timer overrun
[  336.327366][    C3] vkms_vblank_simulate: vblank timer overrun
[  340.762276][    C3] vkms_vblank_simulate: vblank timer overrun
[  341.472087][    C3] vkms_vblank_simulate: vblank timer overrun
[  341.606863][    C3] vkms_vblank_simulate: vblank timer overrun
[  341.973105][    C3] vkms_vblank_simulate: vblank timer overrun
[  344.173590][    C3] vkms_vblank_simulate: vblank timer overrun
[  346.292050][    C3] vkms_vblank_simulate: vblank timer overrun
[  346.478068][    C3] vkms_vblank_simulate: vblank timer overrun
[  347.092138][    C3] vkms_vblank_simulate: vblank timer overrun
[  347.242354][    C3] vkms_vblank_simulate: vblank timer overrun
[  347.422092][    C3] vkms_vblank_simulate: vblank timer overrun
[  349.859211][    C3] vkms_vblank_simulate: vblank timer overrun
[  350.455090][    C3] vkms_vblank_simulate: vblank timer overrun
[  350.592579][    C3] vkms_vblank_simulate: vblank timer overrun
[  351.136898][    C3] vkms_vblank_simulate: vblank timer overrun
[  351.217863][T15136] FAULT_INJECTION: forcing a failure.
[  351.217863][T15136] name failslab, interval 1, probability 0, space 0, times 0
[  351.238188][T15136] CPU: 2 UID: 0 PID: 15136 Comm: syz.2.1272 Not tainted 6.18.0 #1 PREEMPT(full) 
[  351.238225][T15136] Hardware name: QEMU Standard PC (i440FX + PIIX, 1996), BIOS rel-1.16.3-0-ga6ed6b701f0a-prebuilt.qemu.org 04/01/2014
[  351.238296][T15136] Call Trace:
[  351.238334][T15136]  <TASK>
[  351.238363][T15136]  dump_stack_lvl+0x180/0x1b0
[  351.238901][T15136]  should_fail_ex+0x520/0x650
[  351.239101][T15136]  ? tomoyo_realpath_from_path+0xc3/0x600
[  351.239197][T15136]  should_failslab+0xc2/0x120
[  351.239338][T15136]  __kmalloc_noprof+0xdc/0x8c0
[  351.239408][T15136]  ? kfree+0x3b1/0x6c0
[  351.239433][T15136]  ? tomoyo_realpath_from_path+0xc3/0x600
[  351.239456][T15136]  tomoyo_realpath_from_path+0xc3/0x600
[  351.239484][T15136]  ? tomoyo_profile+0x46/0x60
[  351.239526][T15136]  tomoyo_path_number_perm+0x221/0x550
[  351.239546][T15136]  ? tomoyo_path_number_perm+0x213/0x550
[  351.239569][T15136]  ? __pfx_tomoyo_path_number_perm+0x10/0x10
[  351.239591][T15136]  ? proc_fail_nth_write+0x97/0x220
[  351.239684][T15136]  ? hook_file_ioctl_common+0x146/0x3f0
[  351.239749][T15136]  ? __fget_files+0x1f1/0x3b0
[  351.239810][T15136]  ? __fget_files+0x1fb/0x3b0
[  351.239835][T15136]  security_file_ioctl+0x9f/0x260
[  351.243414][T15136]  __x64_sys_ioctl+0xb7/0x210
[  351.243447][T15136]  do_syscall_64+0xcb/0xfa0
[  351.243527][T15136]  entry_SYSCALL_64_after_hwframe+0x77/0x7f
[  351.243627][T15136] RIP: 0033:0x7f669f9b059d
[  351.243669][T15136] Code: 02 b8 ff ff ff ff c3 66 0f 1f 44 00 00 f3 0f 1e fa 48 89 f8 48 89 f7 48 89 d6 48 89 ca 4d 89 c2 4d 89 c8 4c 8b 4c 24 08 0f 05 <48> 3d 01 f0 ff ff 73 01 c3 48 c7 c1 a8 ff ff ff f7 d8 64 89 01 48
[  351.243727][T15136] RSP: 002b:00007f66a07b5f98 EFLAGS: 00000246 ORIG_RAX: 0000000000000010
[  351.243801][T15136] RAX: ffffffffffffffda RBX: 00007f669fc25fa0 RCX: 00007f669f9b059d
[  351.243861][T15136] RDX: 0000200000000080 RSI: 00000000c01864b1 RDI: 0000000000000003
[  351.243872][T15136] RBP: 00007f66a07b6010 R08: 0000000000000000 R09: 0000000000000000
[  351.243882][T15136] R10: 0000000000000000 R11: 0000000000000246 R12: 0000000000000001
[  351.243893][T15136] R13: 00007f669fc26038 R14: 00007f669fc25fa0 R15: 00007f66a0796000
[  351.243921][T15136]  </TASK>
[  351.533158][T15136] ERROR: Out of memory at tomoyo_realpath_from_path.
[  352.307510][    C3] vkms_vblank_simulate: vblank timer overrun
[  353.921588][    C1] vkms_vblank_simulate: vblank timer overrun
[  354.021131][T15218] ALSA: seq fatal error: cannot create timer (-22)
[  354.773224][    C1] vkms_vblank_simulate: vblank timer overrun
[  355.210792][    C1] vkms_vblank_simulate: vblank timer overrun
[  355.452107][    C1] vkms_vblank_simulate: vblank timer overrun
[  355.491049][T15264] FAULT_INJECTION: forcing a failure.
[  355.491049][T15264] name failslab, interval 1, probability 0, space 0, times 0
[  355.515084][T15264] CPU: 3 UID: 0 PID: 15264 Comm: syz.3.1322 Not tainted 6.18.0 #1 PREEMPT(full) 
[  355.515109][T15264] Hardware name: QEMU Standard PC (i440FX + PIIX, 1996), BIOS rel-1.16.3-0-ga6ed6b701f0a-prebuilt.qemu.org 04/01/2014
[  355.515120][T15264] Call Trace:
[  355.515127][T15264]  <TASK>
[  355.515167][T15264]  dump_stack_lvl+0x180/0x1b0
[  355.515200][T15264]  should_fail_ex+0x520/0x650
[  355.515226][T15264]  should_failslab+0xc2/0x120
[  355.515253][T15264]  __kmalloc_cache_noprof+0x73/0x7a0
[  355.515277][T15264]  ? drm_atomic_state_alloc+0xb9/0x120
[  355.515422][T15264]  ? drm_atomic_state_alloc+0xb9/0x120
[  355.515454][T15264]  drm_atomic_state_alloc+0xb9/0x120
[  355.515475][T15264]  drm_atomic_helper_dirtyfb+0xc3/0x780
[  355.515632][T15264]  ? __mutex_unlock_slowpath+0x157/0x760
[  355.515678][T15264]  ? __pfx_drm_atomic_helper_dirtyfb+0x10/0x10
[  355.515720][T15264]  ? __pfx___drm_mode_object_find+0x10/0x10
[  355.515759][T15264]  ? find_held_lock+0x2b/0x80
[  355.515890][T15264]  ? drm_is_current_master+0x30/0x40
[  355.515915][T15264]  drm_mode_dirtyfb_ioctl+0x30f/0x4c0
[  355.515961][T15264]  ? __pfx_drm_atomic_helper_dirtyfb+0x10/0x10
[  355.515984][T15264]  drm_ioctl_kernel+0x1ed/0x3e0
[  355.515998][T15264]  ? __pfx_drm_mode_dirtyfb_ioctl+0x10/0x10
[  355.516019][T15264]  ? __pfx_drm_ioctl_kernel+0x10/0x10
[  355.516041][T15264]  drm_ioctl+0x574/0xb90
[  355.516059][T15264]  ? __pfx_drm_mode_dirtyfb_ioctl+0x10/0x10
[  355.516080][T15264]  ? __pfx_drm_ioctl+0x10/0x10
[  355.516105][T15264]  ? __fget_files+0x1fb/0x3b0
[  355.516128][T15264]  ? __pfx_drm_ioctl+0x10/0x10
[  355.516145][T15264]  __x64_sys_ioctl+0x18f/0x210
[  355.516165][T15264]  do_syscall_64+0xcb/0xfa0
[  355.516194][T15264]  entry_SYSCALL_64_after_hwframe+0x77/0x7f
[  355.516212][T15264] RIP: 0033:0x7f2dd77b059d
[  355.516229][T15264] Code: 02 b8 ff ff ff ff c3 66 0f 1f 44 00 00 f3 0f 1e fa 48 89 f8 48 89 f7 48 89 d6 48 89 ca 4d 89 c2 4d 89 c8 4c 8b 4c 24 08 0f 05 <48> 3d 01 f0 ff ff 73 01 c3 48 c7 c1 a8 ff ff ff f7 d8 64 89 01 48
[  355.516245][T15264] RSP: 002b:00007f2dd8637f98 EFLAGS: 00000246 ORIG_RAX: 0000000000000010
[  355.516263][T15264] RAX: ffffffffffffffda RBX: 00007f2dd7a25fa0 RCX: 00007f2dd77b059d
[  355.516275][T15264] RDX: 0000200000000080 RSI: 00000000c01864b1 RDI: 0000000000000003
[  355.516285][T15264] RBP: 00007f2dd8638010 R08: 0000000000000000 R09: 0000000000000000
[  355.516295][T15264] R10: 0000000000000000 R11: 0000000000000246 R12: 0000000000000001
[  355.516305][T15264] R13: 00007f2dd7a26038 R14: 00007f2dd7a25fa0 R15: 00007f2dd8618000
[  355.516330][T15264]  </TASK>
[  355.726234][    C1] vkms_vblank_simulate: vblank timer overrun
[  355.856309][    C1] vkms_vblank_simulate: vblank timer overrun
[  356.095050][    C1] vkms_vblank_simulate: vblank timer overrun
[  357.053418][T15312] FAULT_INJECTION: forcing a failure.
[  357.053418][T15312] name failslab, interval 1, probability 0, space 0, times 0
[  357.068500][T15312] CPU: 0 UID: 0 PID: 15312 Comm: syz.3.1334 Not tainted 6.18.0 #1 PREEMPT(full) 
[  357.068528][T15312] Hardware name: QEMU Standard PC (i440FX + PIIX, 1996), BIOS rel-1.16.3-0-ga6ed6b701f0a-prebuilt.qemu.org 04/01/2014
[  357.068540][T15312] Call Trace:
[  357.068547][T15312]  <TASK>
[  357.068555][T15312]  dump_stack_lvl+0x180/0x1b0
[  357.068590][T15312]  should_fail_ex+0x520/0x650
[  357.068615][T15312]  ? drm_atomic_state_init+0x17c/0x320
[  357.068684][T15312]  should_failslab+0xc2/0x120
[  357.068713][T15312]  __kmalloc_noprof+0xdc/0x8c0
[  357.068731][T15312]  ? rcu_is_watching+0x12/0xc0
[  357.071221][T15312]  ? trace_kmalloc+0x28/0xd0
[  357.071261][T15312]  ? __kmalloc_cache_noprof+0x1e1/0x7a0
[  357.071286][T15312]  ? drm_atomic_state_init+0x17c/0x320
[  357.071316][T15312]  drm_atomic_state_init+0x17c/0x320
[  357.071336][T15312]  ? __kasan_kmalloc+0xaa/0xb0
[  357.071375][T15312]  drm_atomic_state_alloc+0xd1/0x120
[  357.071396][T15312]  drm_atomic_helper_dirtyfb+0xc3/0x780
[  357.071435][T15312]  ? __mutex_unlock_slowpath+0x157/0x760
[  357.071460][T15312]  ? __pfx_drm_atomic_helper_dirtyfb+0x10/0x10
[  357.071503][T15312]  ? __pfx___drm_mode_object_find+0x10/0x10
[  357.071529][T15312]  ? find_held_lock+0x2b/0x80
[  357.071550][T15312]  ? drm_is_current_master+0x30/0x40
[  357.071576][T15312]  drm_mode_dirtyfb_ioctl+0x30f/0x4c0
[  357.071603][T15312]  ? __pfx_drm_atomic_helper_dirtyfb+0x10/0x10
[  357.071631][T15312]  drm_ioctl_kernel+0x1ed/0x3e0
[  357.071648][T15312]  ? __pfx_drm_mode_dirtyfb_ioctl+0x10/0x10
[  357.071672][T15312]  ? __pfx_drm_ioctl_kernel+0x10/0x10
[  357.071698][T15312]  drm_ioctl+0x574/0xb90
[  357.071719][T15312]  ? __pfx_drm_mode_dirtyfb_ioctl+0x10/0x10
[  357.071743][T15312]  ? __pfx_drm_ioctl+0x10/0x10
[  357.071772][T15312]  ? __fget_files+0x1fb/0x3b0
[  357.071798][T15312]  ? __pfx_drm_ioctl+0x10/0x10
[  357.071816][T15312]  __x64_sys_ioctl+0x18f/0x210
[  357.071837][T15312]  do_syscall_64+0xcb/0xfa0
[  357.071868][T15312]  entry_SYSCALL_64_after_hwframe+0x77/0x7f
[  357.071888][T15312] RIP: 0033:0x7f2dd77b059d
[  357.071904][T15312] Code: 02 b8 ff ff ff ff c3 66 0f 1f 44 00 00 f3 0f 1e fa 48 89 f8 48 89 f7 48 89 d6 48 89 ca 4d 89 c2 4d 89 c8 4c 8b 4c 24 08 0f 05 <48> 3d 01 f0 ff ff 73 01 c3 48 c7 c1 a8 ff ff ff f7 d8 64 89 01 48
[  357.071959][T15312] RSP: 002b:00007f2dd8637f98 EFLAGS: 00000246 ORIG_RAX: 0000000000000010
[  357.071978][T15312] RAX: ffffffffffffffda RBX: 00007f2dd7a25fa0 RCX: 00007f2dd77b059d
[  357.071990][T15312] RDX: 0000200000000080 RSI: 00000000c01864b1 RDI: 0000000000000003
[  357.072001][T15312] RBP: 00007f2dd8638010 R08: 0000000000000000 R09: 0000000000000000
[  357.072011][T15312] R10: 0000000000000000 R11: 0000000000000246 R12: 0000000000000001
[  357.072022][T15312] R13: 00007f2dd7a26038 R14: 00007f2dd7a25fa0 R15: 00007f2dd8618000
[  357.072049][T15312]  </TASK>
[  357.294088][    C1] vkms_vblank_simulate: vblank timer overrun
[  357.393647][    C1] vkms_vblank_simulate: vblank timer overrun
[  357.565849][    C1] vkms_vblank_simulate: vblank timer overrun
[  358.842156][    C1] vkms_vblank_simulate: vblank timer overrun
[  359.223734][    C1] vkms_vblank_simulate: vblank timer overrun
[  359.387399][    C1] vkms_vblank_simulate: vblank timer overrun
[  360.602066][    C1] vkms_vblank_simulate: vblank timer overrun
[  362.154096][    C1] vkms_vblank_simulate: vblank timer overrun
[  362.273731][    C1] vkms_vblank_simulate: vblank timer overrun
[  362.342467][    C1] vkms_vblank_simulate: vblank timer overrun
[  362.762081][    C1] vkms_vblank_simulate: vblank timer overrun
[  362.900854][T15495] FAULT_INJECTION: forcing a failure.
[  362.900854][T15495] name failslab, interval 1, probability 0, space 0, times 0
[  362.918821][T15495] CPU: 1 UID: 0 PID: 15495 Comm: syz.3.1401 Not tainted 6.18.0 #1 PREEMPT(full) 
[  362.918847][T15495] Hardware name: QEMU Standard PC (i440FX + PIIX, 1996), BIOS rel-1.16.3-0-ga6ed6b701f0a-prebuilt.qemu.org 04/01/2014
[  362.918858][T15495] Call Trace:
[  362.918865][T15495]  <TASK>
[  362.918872][T15495]  dump_stack_lvl+0x180/0x1b0
[  362.918907][T15495]  should_fail_ex+0x520/0x650
[  362.918968][T15495]  ? tomoyo_realpath_from_path+0xc3/0x600
[  362.918992][T15495]  should_failslab+0xc2/0x120
[  362.919024][T15495]  __kmalloc_noprof+0xdc/0x8c0
[  362.919043][T15495]  ? kfree+0x3b1/0x6c0
[  362.919067][T15495]  ? tomoyo_realpath_from_path+0xc3/0x600
[  362.919090][T15495]  tomoyo_realpath_from_path+0xc3/0x600
[  362.919117][T15495]  ? tomoyo_profile+0x46/0x60
[  362.919145][T15495]  tomoyo_path_number_perm+0x221/0x550
[  362.919165][T15495]  ? tomoyo_path_number_perm+0x213/0x550
[  362.919187][T15495]  ? __pfx_tomoyo_path_number_perm+0x10/0x10
[  362.919209][T15495]  ? proc_fail_nth_write+0x97/0x220
[  362.919261][T15495]  ? hook_file_ioctl_common+0x146/0x3f0
[  362.919282][T15495]  ? __fget_files+0x1f1/0x3b0
[  362.919308][T15495]  ? __fget_files+0x1fb/0x3b0
[  362.919332][T15495]  security_file_ioctl+0x9f/0x260
[  362.919355][T15495]  __x64_sys_ioctl+0xb7/0x210
[  362.919375][T15495]  do_syscall_64+0xcb/0xfa0
[  362.919403][T15495]  entry_SYSCALL_64_after_hwframe+0x77/0x7f
[  362.919434][T15495] RIP: 0033:0x7f2dd77b059d
[  362.919449][T15495] Code: 02 b8 ff ff ff ff c3 66 0f 1f 44 00 00 f3 0f 1e fa 48 89 f8 48 89 f7 48 89 d6 48 89 ca 4d 89 c2 4d 89 c8 4c 8b 4c 24 08 0f 05 <48> 3d 01 f0 ff ff 73 01 c3 48 c7 c1 a8 ff ff ff f7 d8 64 89 01 48
[  362.919465][T15495] RSP: 002b:00007f2dd8637f98 EFLAGS: 00000246 ORIG_RAX: 0000000000000010
[  362.919484][T15495] RAX: ffffffffffffffda RBX: 00007f2dd7a25fa0 RCX: 00007f2dd77b059d
[  362.919495][T15495] RDX: 00002000000002c0 RSI: 00000000c0bc5351 RDI: 0000000000000003
[  362.919505][T15495] RBP: 00007f2dd8638010 R08: 0000000000000000 R09: 0000000000000000
[  362.919516][T15495] R10: 0000000000000000 R11: 0000000000000246 R12: 0000000000000001
[  362.919526][T15495] R13: 00007f2dd7a26038 R14: 00007f2dd7a25fa0 R15: 00007f2dd8618000
[  362.919553][T15495]  </TASK>
[  362.919561][T15495] ERROR: Out of memory at tomoyo_realpath_from_path.
[  364.096628][T15540] FAULT_INJECTION: forcing a failure.
[  364.096628][T15540] name failslab, interval 1, probability 0, space 0, times 0
[  364.119466][T15540] CPU: 1 UID: 0 PID: 15540 Comm: syz.2.1421 Not tainted 6.18.0 #1 PREEMPT(full) 
[  364.119495][T15540] Hardware name: QEMU Standard PC (i440FX + PIIX, 1996), BIOS rel-1.16.3-0-ga6ed6b701f0a-prebuilt.qemu.org 04/01/2014
[  364.119507][T15540] Call Trace:
[  364.119514][T15540]  <TASK>
[  364.119522][T15540]  dump_stack_lvl+0x180/0x1b0
[  364.119557][T15540]  should_fail_ex+0x520/0x650
[  364.119582][T15540]  ? tomoyo_realpath_from_path+0xc3/0x600
[  364.119606][T15540]  should_failslab+0xc2/0x120
[  364.119635][T15540]  __kmalloc_noprof+0xdc/0x8c0
[  364.119683][T15540]  ? kfree+0x3b1/0x6c0
[  364.119708][T15540]  ? tomoyo_realpath_from_path+0xc3/0x600
[  364.119731][T15540]  tomoyo_realpath_from_path+0xc3/0x600
[  364.119759][T15540]  ? tomoyo_profile+0x46/0x60
[  364.119790][T15540]  tomoyo_path_number_perm+0x221/0x550
[  364.119810][T15540]  ? tomoyo_path_number_perm+0x213/0x550
[  364.119834][T15540]  ? __pfx_tomoyo_path_number_perm+0x10/0x10
[  364.119855][T15540]  ? proc_fail_nth_write+0x97/0x220
[  364.119952][T15540]  ? hook_file_ioctl_common+0x146/0x3f0
[  364.119976][T15540]  ? __fget_files+0x1f1/0x3b0
[  364.120003][T15540]  ? __fget_files+0x1fb/0x3b0
[  364.120029][T15540]  security_file_ioctl+0x9f/0x260
[  364.120053][T15540]  __x64_sys_ioctl+0xb7/0x210
[  364.120074][T15540]  do_syscall_64+0xcb/0xfa0
[  364.120161][T15540]  entry_SYSCALL_64_after_hwframe+0x77/0x7f
[  364.120182][T15540] RIP: 0033:0x7f669f9b059d
[  364.120199][T15540] Code: 02 b8 ff ff ff ff c3 66 0f 1f 44 00 00 f3 0f 1e fa 48 89 f8 48 89 f7 48 89 d6 48 89 ca 4d 89 c2 4d 89 c8 4c 8b 4c 24 08 0f 05 <48> 3d 01 f0 ff ff 73 01 c3 48 c7 c1 a8 ff ff ff f7 d8 64 89 01 48
[  364.120215][T15540] RSP: 002b:00007f66a07b5f98 EFLAGS: 00000246 ORIG_RAX: 0000000000000010
[  364.120233][T15540] RAX: ffffffffffffffda RBX: 00007f669fc25fa0 RCX: 00007f669f9b059d
[  364.120245][T15540] RDX: 0000200000000080 RSI: 00000000c01864b1 RDI: 0000000000000003
[  364.120256][T15540] RBP: 00007f66a07b6010 R08: 0000000000000000 R09: 0000000000000000
[  364.120266][T15540] R10: 0000000000000000 R11: 0000000000000246 R12: 0000000000000001
[  364.120277][T15540] R13: 00007f669fc26038 R14: 00007f669fc25fa0 R15: 00007f66a0796000
[  364.120301][T15540]  </TASK>
[  364.368239][    C2] vkms_vblank_simulate: vblank timer overrun
[  364.411091][T15540] ERROR: Out of memory at tomoyo_realpath_from_path.
[  365.105159][T15588] FAULT_INJECTION: forcing a failure.
[  365.105159][T15588] name failslab, interval 1, probability 0, space 0, times 0
[  365.113504][T15588] CPU: 2 UID: 0 PID: 15588 Comm: syz.2.1437 Not tainted 6.18.0 #1 PREEMPT(full) 
[  365.113532][T15588] Hardware name: QEMU Standard PC (i440FX + PIIX, 1996), BIOS rel-1.16.3-0-ga6ed6b701f0a-prebuilt.qemu.org 04/01/2014
[  365.113546][T15588] Call Trace:
[  365.113553][T15588]  <TASK>
[  365.113562][T15588]  dump_stack_lvl+0x180/0x1b0
[  365.113600][T15588]  should_fail_ex+0x520/0x650
[  365.113627][T15588]  ? tomoyo_encode2.part.0+0xe9/0x3a0
[  365.113653][T15588]  should_failslab+0xc2/0x120
[  365.113683][T15588]  __kmalloc_noprof+0xdc/0x8c0
[  365.113708][T15588]  ? d_absolute_path+0x12a/0x1a0
[  365.113873][T15588]  ? tomoyo_encode2.part.0+0xe9/0x3a0
[  365.113898][T15588]  tomoyo_encode2.part.0+0xe9/0x3a0
[  365.113941][T15588]  tomoyo_encode+0x2b/0x60
[  365.113965][T15588]  tomoyo_realpath_from_path+0x188/0x600
[  365.114000][T15588]  tomoyo_path_number_perm+0x221/0x550
[  365.114019][T15588]  ? tomoyo_path_number_perm+0x213/0x550
[  365.114044][T15588]  ? __pfx_tomoyo_path_number_perm+0x10/0x10
[  365.114064][T15588]  ? proc_fail_nth_write+0x97/0x220
[  365.114111][T15588]  ? hook_file_ioctl_common+0x146/0x3f0
[  365.114132][T15588]  ? __fget_files+0x1f1/0x3b0
[  365.114179][T15588]  ? __fget_files+0x1fb/0x3b0
[  365.114203][T15588]  security_file_ioctl+0x9f/0x260
[  365.114272][T15588]  __x64_sys_ioctl+0xb7/0x210
[  365.114292][T15588]  do_syscall_64+0xcb/0xfa0
[  365.114320][T15588]  entry_SYSCALL_64_after_hwframe+0x77/0x7f
[  365.114338][T15588] RIP: 0033:0x7f669f9b059d
[  365.114354][T15588] Code: 02 b8 ff ff ff ff c3 66 0f 1f 44 00 00 f3 0f 1e fa 48 89 f8 48 89 f7 48 89 d6 48 89 ca 4d 89 c2 4d 89 c8 4c 8b 4c 24 08 0f 05 <48> 3d 01 f0 ff ff 73 01 c3 48 c7 c1 a8 ff ff ff f7 d8 64 89 01 48
[  365.114371][T15588] RSP: 002b:00007f66a07b5f98 EFLAGS: 00000246 ORIG_RAX: 0000000000000010
[  365.114391][T15588] RAX: ffffffffffffffda RBX: 00007f669fc25fa0 RCX: 00007f669f9b059d
[  365.114403][T15588] RDX: 0000200000000080 RSI: 00000000c01864b1 RDI: 0000000000000003
[  365.114429][T15588] RBP: 00007f66a07b6010 R08: 0000000000000000 R09: 0000000000000000
[  365.114440][T15588] R10: 0000000000000000 R11: 0000000000000246 R12: 0000000000000001
[  365.114455][T15588] R13: 00007f669fc26038 R14: 00007f669fc25fa0 R15: 00007f66a0796000
[  365.114485][T15588]  </TASK>
[  365.114508][T15588] ERROR: Out of memory at tomoyo_realpath_from_path.
[  366.374368][T15631] FAULT_INJECTION: forcing a failure.
[  366.374368][T15631] name fail_usercopy, interval 1, probability 0, space 0, times 0
[  366.387596][T15631] CPU: 3 UID: 0 PID: 15631 Comm: syz.2.1454 Not tainted 6.18.0 #1 PREEMPT(full) 
[  366.387623][T15631] Hardware name: QEMU Standard PC (i440FX + PIIX, 1996), BIOS rel-1.16.3-0-ga6ed6b701f0a-prebuilt.qemu.org 04/01/2014
[  366.387637][T15631] Call Trace:
[  366.387644][T15631]  <TASK>
[  366.387652][T15631]  dump_stack_lvl+0x180/0x1b0
[  366.387687][T15631]  should_fail_ex+0x520/0x650
[  366.387720][T15631]  _copy_from_user+0x30/0xd0
[  366.387854][T15631]  drm_ioctl+0x4df/0xb90
[  366.387876][T15631]  ? __pfx_drm_mode_dirtyfb_ioctl+0x10/0x10
[  366.387901][T15631]  ? __pfx_drm_ioctl+0x10/0x10
[  366.387921][T15631]  ? hook_file_ioctl_common+0x146/0x3f0
[  366.387975][T15631]  ? __fget_files+0x1fb/0x3b0
[  366.388002][T15631]  ? __pfx_drm_ioctl+0x10/0x10
[  366.388022][T15631]  __x64_sys_ioctl+0x18f/0x210
[  366.388042][T15631]  do_syscall_64+0xcb/0xfa0
[  366.388073][T15631]  entry_SYSCALL_64_after_hwframe+0x77/0x7f
[  366.388092][T15631] RIP: 0033:0x7f669f9b059d
[  366.388109][T15631] Code: 02 b8 ff ff ff ff c3 66 0f 1f 44 00 00 f3 0f 1e fa 48 89 f8 48 89 f7 48 89 d6 48 89 ca 4d 89 c2 4d 89 c8 4c 8b 4c 24 08 0f 05 <48> 3d 01 f0 ff ff 73 01 c3 48 c7 c1 a8 ff ff ff f7 d8 64 89 01 48
[  366.388127][T15631] RSP: 002b:00007f66a07b5f98 EFLAGS: 00000246 ORIG_RAX: 0000000000000010
[  366.388146][T15631] RAX: ffffffffffffffda RBX: 00007f669fc25fa0 RCX: 00007f669f9b059d
[  366.388162][T15631] RDX: 0000200000000080 RSI: 00000000c01864b1 RDI: 0000000000000003
[  366.388173][T15631] RBP: 00007f66a07b6010 R08: 0000000000000000 R09: 0000000000000000
[  366.388184][T15631] R10: 0000000000000000 R11: 0000000000000246 R12: 0000000000000001
[  366.388195][T15631] R13: 00007f669fc26038 R14: 00007f669fc25fa0 R15: 00007f66a0796000
[  366.388223][T15631]  </TASK>
[  366.871813][T15564] warn_alloc: 1 callbacks suppressed
[  366.877615][T15564] syz.3.1429: vmalloc error: size 261324800, failed to allocated page array size 510400, mode:0xdc2(GFP_KERNEL|__GFP_HIGHMEM|__GFP_ZERO), nodemask=(null),cpuset=/,mems_allowed=0-1
[  366.907610][T15564] CPU: 1 UID: 0 PID: 15564 Comm: syz.3.1429 Not tainted 6.18.0 #1 PREEMPT(full) 
[  366.907636][T15564] Hardware name: QEMU Standard PC (i440FX + PIIX, 1996), BIOS rel-1.16.3-0-ga6ed6b701f0a-prebuilt.qemu.org 04/01/2014
[  366.907649][T15564] Call Trace:
[  366.907699][T15564]  <TASK>
[  366.907706][T15564]  dump_stack_lvl+0x180/0x1b0
[  366.907739][T15564]  warn_alloc+0x211/0x360
[  366.907798][T15564]  ? __pfx_warn_alloc+0x10/0x10
[  366.907817][T15564]  ? __pfx_alloc_vmap_area+0x10/0x10
[  366.907891][T15564]  ? __get_vm_area_node+0x10c/0x340
[  366.907925][T15564]  ? drm_property_create_blob.part.0+0x34/0x320
[  366.907967][T15564]  ? __vmalloc_node_noprof+0xac/0xf0
[  366.908000][T15564]  __vmalloc_node_range_noprof+0xfaa/0x13b0
[  366.908052][T15564]  ? drm_property_create_blob.part.0+0x34/0x320
[  366.908113][T15564]  ? __pfx___vmalloc_node_range_noprof+0x10/0x10
[  366.908154][T15564]  __kvmalloc_node_noprof+0x41f/0x9d0
[  366.908179][T15564]  ? drm_property_create_blob.part.0+0x34/0x320
[  366.908208][T15564]  ? drm_property_create_blob.part.0+0x34/0x320
[  366.908242][T15564]  ? drm_property_create_blob.part.0+0x34/0x320
[  366.908268][T15564]  drm_property_create_blob.part.0+0x34/0x320
[  366.908299][T15564]  drm_mode_createblob_ioctl+0x139/0x490
[  366.908331][T15564]  drm_ioctl_kernel+0x1ed/0x3e0
[  366.908348][T15564]  ? __pfx_drm_mode_createblob_ioctl+0x10/0x10
[  366.908376][T15564]  ? __pfx_drm_ioctl_kernel+0x10/0x10
[  366.908419][T15564]  drm_ioctl+0x574/0xb90
[  366.908441][T15564]  ? __pfx_drm_mode_createblob_ioctl+0x10/0x10
[  366.908470][T15564]  ? __pfx_drm_ioctl+0x10/0x10
[  366.908490][T15564]  ? hook_file_ioctl_common+0x146/0x3f0
[  366.908525][T15564]  ? __fget_files+0x1fb/0x3b0
[  366.908564][T15564]  ? __pfx_drm_ioctl+0x10/0x10
[  366.908582][T15564]  __x64_sys_ioctl+0x18f/0x210
[  366.908604][T15564]  do_syscall_64+0xcb/0xfa0
[  366.908635][T15564]  entry_SYSCALL_64_after_hwframe+0x77/0x7f
[  366.908655][T15564] RIP: 0033:0x7f2dd77b059d
[  366.908671][T15564] Code: 02 b8 ff ff ff ff c3 66 0f 1f 44 00 00 f3 0f 1e fa 48 89 f8 48 89 f7 48 89 d6 48 89 ca 4d 89 c2 4d 89 c8 4c 8b 4c 24 08 0f 05 <48> 3d 01 f0 ff ff 73 01 c3 48 c7 c1 a8 ff ff ff f7 d8 64 89 01 48
[  366.908689][T15564] RSP: 002b:00007f2dd8637f98 EFLAGS: 00000246 ORIG_RAX: 0000000000000010
[  366.908709][T15564] RAX: ffffffffffffffda RBX: 00007f2dd7a25fa0 RCX: 00007f2dd77b059d
[  366.908719][T15564] RDX: 0000200000000100 RSI: 00000000c01064bd RDI: 000000000000000c
[  366.908729][T15564] RBP: 00007f2dd784e078 R08: 0000000000000000 R09: 0000000000000000
[  366.908739][T15564] R10: 0000000000000000 R11: 0000000000000246 R12: 0000000000000000
[  366.908748][T15564] R13: 00007f2dd7a26038 R14: 00007f2dd7a25fa0 R15: 00007f2dd8618000
[  366.908770][T15564]  </TASK>
[  366.908776][T15564] Mem-Info:
[  367.247758][ T1358] ieee802154 phy0 wpan0: encryption failed: -22
[  367.255512][ T1358] ieee802154 phy1 wpan1: encryption failed: -22
[  367.290320][T15564] active_anon:7605 inactive_anon:0 isolated_anon:0
[  367.290320][T15564]  active_file:3167 inactive_file:52454 isolated_file:0
[  367.290320][T15564]  unevictable:3118 dirty:2104 writeback:0
[  367.290320][T15564]  slab_reclaimable:12864 slab_unreclaimable:63479
[  367.290320][T15564]  mapped:27767 shmem:2796 pagetables:1079
[  367.290320][T15564]  sec_pagetables:0 bounce:0
[  367.290320][T15564]  kernel_misc_reclaimable:0
[  367.290320][T15564]  free:471828 free_pcp:16304 free_cma:0
[  367.359135][T15564] Node 0 active_anon:13440kB inactive_anon:0kB active_file:4912kB inactive_file:91464kB unevictable:3536kB isolated(anon):0kB isolated(file):0kB mapped:57712kB dirty:3868kB writeback:0kB shmem:5748kB shmem_thp:0kB shmem_pmdmapped:0kB anon_thp:0kB kernel_stack:5520kB pagetables:2476kB sec_pagetables:0kB all_unreclaimable? no Balloon:0kB
[  367.385589][T15564] Node 1 active_anon:14080kB inactive_anon:0kB active_file:7756kB inactive_file:118352kB unevictable:3636kB isolated(anon):0kB isolated(file):0kB mapped:53356kB dirty:4548kB writeback:0kB shmem:5436kB shmem_thp:0kB shmem_pmdmapped:0kB anon_thp:0kB kernel_stack:6952kB pagetables:1840kB sec_pagetables:0kB all_unreclaimable? no Balloon:0kB
[  367.437480][T15564] Node 0 DMA free:15360kB boost:0kB min:452kB low:564kB high:676kB reserved_highatomic:0KB free_highatomic:0KB active_anon:0kB inactive_anon:0kB active_file:0kB inactive_file:0kB unevictable:0kB writepending:0kB zspages:0kB present:15992kB managed:15360kB mlocked:0kB bounce:0kB free_pcp:0kB local_pcp:0kB free_cma:0kB
[  367.498414][T15564] lowmem_reserve[]: 0 1176 1176 1176 1176
[  367.501371][T15564] Node 0 DMA32 free:609816kB boost:0kB min:34836kB low:43544kB high:52252kB reserved_highatomic:0KB free_highatomic:0KB active_anon:13440kB inactive_anon:0kB active_file:4912kB inactive_file:91464kB unevictable:3536kB writepending:3868kB zspages:0kB present:2080772kB managed:1204832kB mlocked:0kB bounce:0kB free_pcp:43168kB local_pcp:27160kB free_cma:0kB
[  367.520866][T15564] lowmem_reserve[]: 0 0 0 0 0
[  367.523226][T15564] Node 1 DMA32 free:980356kB boost:0kB min:29136kB low:36420kB high:43704kB reserved_highatomic:0KB free_highatomic:0KB active_anon:0kB inactive_anon:0kB active_file:0kB inactive_file:0kB unevictable:0kB writepending:0kB zspages:0kB present:1048444kB managed:982908kB mlocked:0kB bounce:0kB free_pcp:2536kB local_pcp:0kB free_cma:0kB
[  367.547457][T15564] lowmem_reserve[]: 0 0 846 846 846
[  367.551956][T15564] Node 1 Normal free:282124kB boost:0kB min:25680kB low:32100kB high:38520kB reserved_highatomic:0KB free_highatomic:0KB active_anon:14080kB inactive_anon:0kB active_file:7756kB inactive_file:118352kB unevictable:5336kB writepending:4548kB zspages:0kB present:1048576kB managed:866440kB mlocked:1800kB bounce:0kB free_pcp:26964kB local_pcp:52kB free_cma:0kB
[  367.573904][T15564] lowmem_reserve[]: 0 0 0 0 0
[  367.577255][T15564] Node 0 DMA: 0*4kB 0*8kB 0*16kB 0*32kB 0*64kB 0*128kB 0*256kB 0*512kB 1*1024kB (U) 1*2048kB (M) 3*4096kB (M) = 15360kB
[  367.586479][T15564] Node 0 DMA32: 112*4kB (UME) 50*8kB (UME) 68*16kB (UME) 451*32kB (UME) 213*64kB (UM) 92*128kB (UM) 54*256kB (UM) 41*512kB (UME) 31*1024kB (UM) 23*2048kB (UME) 111*4096kB (UM) = 610096kB
[  367.601836][T15564] Node 1 DMA32: 1*4kB (M) 2*8kB (UM) 1*16kB (M) 1*32kB (M) 1*64kB (M) 2*128kB (M) 2*256kB (M) 3*512kB (UM) 3*1024kB (UM) 4*2048kB (UM) 236*4096kB (UM) = 980356kB
[  367.622944][T15564] Node 1 Normal: 0*4kB 4*8kB (UE) 223*16kB (UME) 216*32kB (U) 178*64kB (UM) 152*128kB (UME) 81*256kB (UME) 55*512kB (UME) 37*1024kB (UM) 11*2048kB (UME) 32*4096kB (U) = 281744kB
[  367.648162][T15564] Node 0 hugepages_total=2 hugepages_free=2 hugepages_surp=0 hugepages_size=2048kB
[  367.670535][T15564] Node 1 hugepages_total=2 hugepages_free=2 hugepages_surp=0 hugepages_size=2048kB
[  367.684429][T15564] 59570 total pagecache pages
[  367.693141][T15564] 0 pages in swap cache
[  367.699835][T15564] Free swap  = 124996kB
[  367.707977][T15564] Total swap = 124996kB
[  367.710943][T15564] 1048446 pages RAM
[  367.720376][T15564] 0 pages HighMem/MovableOnly
[  367.750874][T15564] 281061 pages reserved
[  367.760788][T15564] 0 pages cma reserved
[  367.853796][T15669] FAULT_INJECTION: forcing a failure.
[  367.853796][T15669] name fail_usercopy, interval 1, probability 0, space 0, times 0
[  367.871174][T15669] CPU: 0 UID: 0 PID: 15669 Comm: syz.0.1468 Not tainted 6.18.0 #1 PREEMPT(full) 
[  367.871201][T15669] Hardware name: QEMU Standard PC (i440FX + PIIX, 1996), BIOS rel-1.16.3-0-ga6ed6b701f0a-prebuilt.qemu.org 04/01/2014
[  367.871213][T15669] Call Trace:
[  367.871219][T15669]  <TASK>
[  367.871227][T15669]  dump_stack_lvl+0x180/0x1b0
[  367.871266][T15669]  should_fail_ex+0x520/0x650
[  367.871292][T15669]  _copy_to_user+0x32/0xd0
[  367.871316][T15669]  drm_ioctl+0x59a/0xb90
[  367.871344][T15669]  ? __pfx_drm_mode_dirtyfb_ioctl+0x10/0x10
[  367.871367][T15669]  ? __pfx_drm_ioctl+0x10/0x10
[  367.871401][T15669]  ? __fget_files+0x1fb/0x3b0
[  367.871427][T15669]  ? __pfx_drm_ioctl+0x10/0x10
[  367.871442][T15669]  __x64_sys_ioctl+0x18f/0x210
[  367.871458][T15669]  do_syscall_64+0xcb/0xfa0
[  367.871483][T15669]  entry_SYSCALL_64_after_hwframe+0x77/0x7f
[  367.871499][T15669] RIP: 0033:0x7f13fddb059d
[  367.871519][T15669] Code: 02 b8 ff ff ff ff c3 66 0f 1f 44 00 00 f3 0f 1e fa 48 89 f8 48 89 f7 48 89 d6 48 89 ca 4d 89 c2 4d 89 c8 4c 8b 4c 24 08 0f 05 <48> 3d 01 f0 ff ff 73 01 c3 48 c7 c1 a8 ff ff ff f7 d8 64 89 01 48
[  367.871534][T15669] RSP: 002b:00007f13fbff5f98 EFLAGS: 00000246 ORIG_RAX: 0000000000000010
[  367.871550][T15669] RAX: ffffffffffffffda RBX: 00007f13fe025fa0 RCX: 00007f13fddb059d
[  367.871560][T15669] RDX: 0000200000000080 RSI: 00000000c01864b1 RDI: 0000000000000003
[  367.871570][T15669] RBP: 00007f13fbff6010 R08: 0000000000000000 R09: 0000000000000000
[  367.871579][T15669] R10: 0000000000000000 R11: 0000000000000246 R12: 0000000000000001
[  367.871587][T15669] R13: 00007f13fe026038 R14: 00007f13fe025fa0 R15: 00007f13fbfd6000
[  367.871621][T15669]  </TASK>
[  368.994703][T15702] FAULT_INJECTION: forcing a failure.
[  368.994703][T15702] name fail_usercopy, interval 1, probability 0, space 0, times 0
[  369.010006][T15702] CPU: 2 UID: 0 PID: 15702 Comm: syz.3.1479 Not tainted 6.18.0 #1 PREEMPT(full) 
[  369.010035][T15702] Hardware name: QEMU Standard PC (i440FX + PIIX, 1996), BIOS rel-1.16.3-0-ga6ed6b701f0a-prebuilt.qemu.org 04/01/2014
[  369.014935][T15702] Call Trace:
[  369.014944][T15702]  <TASK>
[  369.014952][T15702]  dump_stack_lvl+0x180/0x1b0
[  369.014989][T15702]  should_fail_ex+0x520/0x650
[  369.015015][T15702]  _copy_to_user+0x32/0xd0
[  369.015039][T15702]  simple_read_from_buffer+0xcb/0x180
[  369.015118][T15702]  proc_fail_nth_read+0x18a/0x240
[  369.015141][T15702]  ? __pfx_proc_fail_nth_read+0x10/0x10
[  369.015165][T15702]  ? rw_verify_area+0xcf/0x6e0
[  369.015199][T15702]  ? __pfx_proc_fail_nth_read+0x10/0x10
[  369.015222][T15702]  vfs_read+0x1e6/0xc70
[  369.015258][T15702]  ? __pfx___mutex_lock+0x10/0x10
[  369.015275][T15702]  ? __pfx_vfs_read+0x10/0x10
[  369.015299][T15702]  ? __fget_files+0x1f1/0x3b0
[  369.015325][T15702]  ? __fget_files+0x1fb/0x3b0
[  369.015354][T15702]  ksys_read+0x121/0x240
[  369.015375][T15702]  ? __pfx_ksys_read+0x10/0x10
[  369.015405][T15702]  do_syscall_64+0xcb/0xfa0
[  369.015435][T15702]  entry_SYSCALL_64_after_hwframe+0x77/0x7f
[  369.015454][T15702] RIP: 0033:0x7f2dd77aef6c
[  369.015470][T15702] Code: ec 28 48 89 54 24 18 48 89 74 24 10 89 7c 24 08 e8 09 0e 03 00 48 8b 54 24 18 48 8b 74 24 10 41 89 c0 8b 7c 24 08 31 c0 0f 05 <48> 3d 00 f0 ff ff 77 34 44 89 c7 48 89 44 24 08 e8 4f 0e 03 00 48
[  369.015487][T15702] RSP: 002b:00007f2dd8637f90 EFLAGS: 00000246 ORIG_RAX: 0000000000000000
[  369.015505][T15702] RAX: ffffffffffffffda RBX: 00007f2dd7a25fa0 RCX: 00007f2dd77aef6c
[  369.015542][T15702] RDX: 000000000000000f RSI: 00007f2dd8638020 RDI: 0000000000000005
[  369.015553][T15702] RBP: 00007f2dd8638010 R08: 0000000000000000 R09: 0000000000000000
[  369.015565][T15702] R10: 0000000000000000 R11: 0000000000000246 R12: 0000000000000001
[  369.015575][T15702] R13: 00007f2dd7a26038 R14: 00007f2dd7a25fa0 R15: 00007f2dd8618000
[  369.015616][T15702]  </TASK>
[  369.248573][    C2] vkms_vblank_simulate: vblank timer overrun
[  369.560261][    C2] vkms_vblank_simulate: vblank timer overrun
[  369.962523][    C2] vkms_vblank_simulate: vblank timer overrun
[  370.282229][    C2] vkms_vblank_simulate: vblank timer overrun
[  370.415253][    C2] vkms_vblank_simulate: vblank timer overrun
[  370.501273][    C2] vkms_vblank_simulate: vblank timer overrun
[  371.401172][    C2] vkms_vblank_simulate: vblank timer overrun
[  371.595292][    C2] vkms_vblank_simulate: vblank timer overrun
[  372.027181][    C2] vkms_vblank_simulate: vblank timer overrun
[  372.262222][    C2] vkms_vblank_simulate: vblank timer overrun
[  372.412978][    C2] vkms_vblank_simulate: vblank timer overrun
[  372.920293][    C2] vkms_vblank_simulate: vblank timer overrun
[  372.977397][    C2] vkms_vblank_simulate: vblank timer overrun
[  373.378053][    C2] vkms_vblank_simulate: vblank timer overrun
[  373.414235][    C2] vkms_vblank_simulate: vblank timer overrun
[  373.473236][    C2] vkms_vblank_simulate: vblank timer overrun
[  373.559241][    C2] vkms_vblank_simulate: vblank timer overrun
[  373.900272][    C2] vkms_vblank_simulate: vblank timer overrun
[  375.947202][    C2] vkms_vblank_simulate: vblank timer overrun
[  376.224192][    C2] vkms_vblank_simulate: vblank timer overrun
[  376.710993][    C2] vkms_vblank_simulate: vblank timer overrun
[  377.675947][    C2] vkms_vblank_simulate: vblank timer overrun
[  377.778265][    C2] vkms_vblank_simulate: vblank timer overrun
[  378.335605][    C2] vkms_vblank_simulate: vblank timer overrun
[  379.060199][    C2] vkms_vblank_simulate: vblank timer overrun
[  379.146336][    C2] vkms_vblank_simulate: vblank timer overrun
[  380.743712][    C2] vkms_vblank_simulate: vblank timer overrun
[  386.107917][    C2] vkms_vblank_simulate: vblank timer overrun
[  388.594263][    C2] vkms_vblank_simulate: vblank timer overrun
[  389.015262][    C2] vkms_vblank_simulate: vblank timer overrun
[  389.166839][    C2] vkms_vblank_simulate: vblank timer overrun
[  389.927911][    C2] vkms_vblank_simulate: vblank timer overrun
[  390.118799][    C2] vkms_vblank_simulate: vblank timer overrun
[  390.569250][    C2] vkms_vblank_simulate: vblank timer overrun
[  390.992099][    C2] vkms_vblank_simulate: vblank timer overrun
[  391.468528][T16276] syz.3.1673: vmalloc error: size 261324800, failed to allocated page array size 510400, mode:0xdc2(GFP_KERNEL|__GFP_HIGHMEM|__GFP_ZERO), nodemask=(null),cpuset=/,mems_allowed=0-1
[  391.493552][T16276] CPU: 3 UID: 0 PID: 16276 Comm: syz.3.1673 Not tainted 6.18.0 #1 PREEMPT(full) 
[  391.493579][T16276] Hardware name: QEMU Standard PC (i440FX + PIIX, 1996), BIOS rel-1.16.3-0-ga6ed6b701f0a-prebuilt.qemu.org 04/01/2014
[  391.493593][T16276] Call Trace:
[  391.493600][T16276]  <TASK>
[  391.493608][T16276]  dump_stack_lvl+0x180/0x1b0
[  391.493644][T16276]  warn_alloc+0x211/0x360
[  391.493670][T16276]  ? __pfx_warn_alloc+0x10/0x10
[  391.493692][T16276]  ? __pfx_alloc_vmap_area+0x10/0x10
[  391.493718][T16276]  ? __get_vm_area_node+0x10c/0x340
[  391.493753][T16276]  ? drm_property_create_blob.part.0+0x34/0x320
[  391.493781][T16276]  ? __vmalloc_node_noprof+0xac/0xf0
[  391.493815][T16276]  __vmalloc_node_range_noprof+0xfaa/0x13b0
[  391.493855][T16276]  ? drm_property_create_blob.part.0+0x34/0x320
[  391.493930][T16276]  ? __pfx___vmalloc_node_range_noprof+0x10/0x10
[  391.493974][T16276]  __kvmalloc_node_noprof+0x41f/0x9d0
[  391.494000][T16276]  ? drm_property_create_blob.part.0+0x34/0x320
[  391.494030][T16276]  ? drm_property_create_blob.part.0+0x34/0x320
[  391.494062][T16276]  ? drm_property_create_blob.part.0+0x34/0x320
[  391.494089][T16276]  drm_property_create_blob.part.0+0x34/0x320
[  391.494121][T16276]  drm_mode_createblob_ioctl+0x139/0x490
[  391.494154][T16276]  drm_ioctl_kernel+0x1ed/0x3e0
[  391.494172][T16276]  ? __pfx_drm_mode_createblob_ioctl+0x10/0x10
[  391.494201][T16276]  ? __pfx_drm_ioctl_kernel+0x10/0x10
[  391.494228][T16276]  drm_ioctl+0x574/0xb90
[  391.494248][T16276]  ? __pfx_drm_mode_createblob_ioctl+0x10/0x10
[  391.494277][T16276]  ? __pfx_drm_ioctl+0x10/0x10
[  391.494298][T16276]  ? hook_file_ioctl_common+0x146/0x3f0
[  391.494330][T16276]  ? __fget_files+0x1fb/0x3b0
[  391.494356][T16276]  ? __pfx_drm_ioctl+0x10/0x10
[  391.495866][T16276]  __x64_sys_ioctl+0x18f/0x210
[  391.495889][T16276]  do_syscall_64+0xcb/0xfa0
[  391.495934][T16276]  entry_SYSCALL_64_after_hwframe+0x77/0x7f
[  391.495974][T16276] RIP: 0033:0x7f2dd77b059d
[  391.495990][T16276] Code: 02 b8 ff ff ff ff c3 66 0f 1f 44 00 00 f3 0f 1e fa 48 89 f8 48 89 f7 48 89 d6 48 89 ca 4d 89 c2 4d 89 c8 4c 8b 4c 24 08 0f 05 <48> 3d 01 f0 ff ff 73 01 c3 48 c7 c1 a8 ff ff ff f7 d8 64 89 01 48
[  391.496006][T16276] RSP: 002b:00007f2dd8637f98 EFLAGS: 00000246 ORIG_RAX: 0000000000000010
[  391.496024][T16276] RAX: ffffffffffffffda RBX: 00007f2dd7a25fa0 RCX: 00007f2dd77b059d
[  391.496036][T16276] RDX: 0000200000000100 RSI: 00000000c01064bd RDI: 0000000000000007
[  391.496046][T16276] RBP: 00007f2dd784e078 R08: 0000000000000000 R09: 0000000000000000
[  391.496058][T16276] R10: 0000000000000000 R11: 0000000000000246 R12: 0000000000000000
[  391.496068][T16276] R13: 00007f2dd7a26038 R14: 00007f2dd7a25fa0 R15: 00007f2dd8618000
[  391.496092][T16276]  </TASK>
[  391.496101][T16276] Mem-Info:
[  391.684959][T16276] active_anon:6872 inactive_anon:0 isolated_anon:0
[  391.684959][T16276]  active_file:3167 inactive_file:52478 isolated_file:0
[  391.684959][T16276]  unevictable:6158 dirty:1836 writeback:0
[  391.684959][T16276]  slab_reclaimable:12629 slab_unreclaimable:63724
[  391.684959][T16276]  mapped:32194 shmem:7168 pagetables:1086
[  391.684959][T16276]  sec_pagetables:0 bounce:0
[  391.684959][T16276]  kernel_misc_reclaimable:0
[  391.684959][T16276]  free:472012 free_pcp:13771 free_cma:0
[  391.707078][T16276] Node 0 active_anon:13528kB inactive_anon:0kB active_file:4892kB inactive_file:91488kB unevictable:10628kB isolated(anon):0kB isolated(file):0kB mapped:64944kB dirty:2572kB writeback:0kB shmem:12828kB shmem_thp:0kB shmem_pmdmapped:0kB anon_thp:0kB kernel_stack:5648kB pagetables:2636kB sec_pagetables:0kB all_unreclaimable? no Balloon:0kB
[  391.732787][T16276] Node 1 active_anon:13960kB inactive_anon:0kB active_file:7776kB inactive_file:118424kB unevictable:15300kB isolated(anon):0kB isolated(file):0kB mapped:65028kB dirty:4772kB writeback:0kB shmem:17140kB shmem_thp:0kB shmem_pmdmapped:0kB anon_thp:0kB kernel_stack:6904kB pagetables:1708kB sec_pagetables:0kB all_unreclaimable? no Balloon:0kB
[  391.749076][T16276] Node 0 DMA free:15360kB boost:0kB min:452kB low:564kB high:676kB reserved_highatomic:0KB free_highatomic:0KB active_anon:0kB inactive_anon:0kB active_file:0kB inactive_file:0kB unevictable:0kB writepending:0kB zspages:0kB present:15992kB managed:15360kB mlocked:0kB bounce:0kB free_pcp:0kB local_pcp:0kB free_cma:0kB
[  391.776702][T16276] lowmem_reserve[]: 0 1176 1176 1176 1176
[  391.780681][T16276] Node 0 DMA32 free:609728kB boost:0kB min:34836kB low:43544kB high:52252kB reserved_highatomic:0KB free_highatomic:0KB active_anon:13528kB inactive_anon:0kB active_file:4892kB inactive_file:91488kB unevictable:11992kB writepending:2572kB zspages:0kB present:2080772kB managed:1204832kB mlocked:8456kB bounce:0kB free_pcp:27896kB local_pcp:5060kB free_cma:0kB
[  391.807156][T16276] lowmem_reserve[]: 0 0 0 0 0
