last executing test programs:

10.532358428s ago: executing program 0 (id=40491):
r0 = syz_open_dev$I2C(&(0x7f0000000700), 0x0, 0x840000)
ioctl$I2C_TENBIT(r0, 0x704, 0x0)
r1 = syz_open_dev$dri(&(0x7f0000000000), 0x1, 0x0)
ioctl$DRM_IOCTL_MODE_GETRESOURCES(r1, 0xc04064a0, &(0x7f0000000180)={0x0, &(0x7f0000000080)=[<r2=>0x0], 0x0, 0x0, 0x0, 0x1})
ioctl$DRM_IOCTL_MODE_CURSOR2(r1, 0xc02464bb, &(0x7f00000001c0)={0x2, r2, 0xb, 0x200, 0x7, 0x0, 0xf, 0x7b, 0x8000})
ioctl$I2C_RDWR(r0, 0x707, &(0x7f0000000540)={&(0x7f0000000500)=[{0xcb, 0x4300, 0xee, &(0x7f00000002c0)="193e58793e88e3a33cc5be0d8c4f5cb120795650fa2dbcbd267e60eeb021581b623858a004f2c46fa3f75d9cd02132fc47e47d4980ff21f1424012df310e50b14a14e8ece3ccc2df69a3a94d2e1f6957b18d7206e9ff662e5ec39a03516b81797b79d9456efd1b94c99f0b95257f4604169f85f0f47534e213a28d3cf690605805928960cfffe119769cd8738d925a1e2d4daeec4df106599a0823176542600688efeb5af54eac5db2031001c0c8c1fe2a6e54a113b06aa25e81d88dacae63b0469813109bd9a5a9c9653df51dd6e1ce47b3c90611e6ee934a4997439cc9144b3c4bcd7105b480ed8ef132d665a9"}, {0x2, 0x0, 0x10, &(0x7f00000003c0)="7aadebd7489bb4a672e94e3b213d3391"}, {0x6, 0x1000, 0xd5, &(0x7f0000000400)="5f58e7680d630e61ddb86aea76f9ea396393fa2da78cedb9ca73e549ec98d07e6c13abfa2bbf4732c64dfa2e3ce3d05e66de83c1fa085d146de847a8e6c35a8191f5b6eda499aa66989bc53a0b817bb926973aa47134ad8cd4b85b491f95a5c84f6a969774b685e0f8c9cdd8e158890a30f4a8d8e8acc3ea262d629fd097f4cd10574b235191bb3dbc8a85708540c6cad1947ce44c063293d8d1fe1546924b450f7c4d9813cc7f490d0055fc095d58dcfa30711ec54edf4f011f41b32eeaee6ad5d48762be28454ddc76b9e3b485ea5fa25c188181"}, {0xfbff, 0x1200, 0xe00, &(0x7f00000007c0)="ec7f5a990a9db8f1ea981ce1d80d8ec2a13778ff91033f67fa7b3a2eadf0b2c4773098347afee2c5a8dd32b15fd2a8b732e06c8f1a3b1497db668958a9265324ef6882921bbbc9f370c706bad2dbfa69c30b4baecd9dff52819b9d508c846ea4d0e6d0eea6d767fbeaa5935559ebb96b702cdb7fb39dddcad5b27e9927fe417d3276e98266dd7bf2ff06e01aba1018f338ba1981a5f3ecd099a6b6e90ccc427ae523ec79aefdb0c398a53d23b8e43320441736520df75e254ba091f466c7b5522871c55581633898bc73be41e3689e97994e6c5a8877b04faeaf4fe238b750075e7bfc2ff2b5af6c15923fe2cf53ecd89d50a10263a0706d6671c2e33cd15fa15eb3c992d0156244e22b3c08371b2c9b56982dbe4a5136cc018572c28aa172ccb8bf0e59cdd9b6086d0c6229c1f8394a0713f9ad7fb64aaf36ad91b39fedc4db8d988a3a30768228c5ea64fa1d0736ced1da40ca2ed0613bdcbf0328f8066cc722446ecb0839df709da4cc55058f661379303fb857b43a755cc75efe40cfe4a3a5d4c0d6ad5a29ca839f2664e2149711fb9f8a957c919dc224c654db48f7f4e8529e999c42a0fb4ae4078ffe91f3909dfb7718a36753965b293140025ec366afd96bae70f77f2c0cb22058ec3e855d5a1a78dc5cedf519be79b43d8c1ac4c127a2c942153270247339d5dcb282094f44d46ed3485244466baad11dc5535594b2a26ee41de7afa6a3013f42c0f88263abe76d2f162be3e1e28df02c92044178847850c99fdc109f151c03a4b375b98c61368d9395bc8b01fb5649821b0d767d24a9a970122f01c2c6236d8cb10f3049b7dc5e6a742e1fb79bb4637f21a5e0d0224d2c744b68e7c24cd4f9a0db3686c90eff9b4400ce48a0daebd8d37945b853de431264b9b63979e3538f78bdd1e98717841163da11c1f105310cf8cf8a3638867a7d31a65046850d8a2b8026b64360b8f39e4c663942f27de582581c83ff976083cc65bf7ace4f8001bd869aee172fd7dbb5ea610dd44901be31b980eb7f028fd004fb423a68e719c459cef79c32b8f9e1bb4be8081f41be1af0bee97fc4833568c1e882460307de11e7f5d5a98675d9cad8c1f21545d5f2439233a888add58c1dacc2b07a637c9e564c310ffaa2d811d3e5ab51178d5f4ec46be6dd6bc6c0ebdc33bc864a6cf8168e952c526ffa4e1a754babd3b2a06f2837e651c8826fd1a76ba5f03b8991639ac6f06bb73cd17c26bb7beabf9c9eb4c3d146bb2a7da95281ce0df512d984500ee64e0295727f025af23dc0e46f01e9b090e54217ab95c415b00e4b935194e9b7ef960716d7c1050961ba486077b28162cc8d53782d230b83fc626955a019b28f21b2d75eabe9131190c284bd73b444ac475fbbc769d3bbd4ab9c8b97bc379ecda1e4969c958390fe2e5a9977d4d72b0cdf183517ee901b0b977a578d88036a25c5aaee50dc0f627fac80644fd5dc5f310f52ea539910354f447949b871415188129c7f722ee607ef04f908afa69421f55393d84cd4bcc97adb16fadec23b019923a01e68e6bb0b9459af7c0fca91d7a2e8ab5b7fa803adf189596992835943706879a74a4ae61bb9149bbc1b1e6b73f18af38370f9b456f577841bc6cf3cb3d0c676f931e4090a890e61a3b19edb80a75769690f0cefa4ac03624ff0e631c70c1e1c965247f54da1731a827ab3082f9e1a6eb7acf7a7e45335d606b04839fe555c6c6989fff6320a1e4162379d40f39e68f52c1d16fec85723f57b3bf6ed97983bc01d8cb0f1eb3fe50f769d59ae3cd0d99ab420d2cd090b7b6000eabd59e4b537603feb5a4f490fa9e4e191cf7b8050a81dc7714f736fe54b123fde1e245d60ef96ecd86bc9e711042edb578cbb4310b9cc1d6bf13175d8f4ff3c42188eade54f228a757f8db5ab3626fe03fe03f91c89e28a9d2d6af073554131c212d270e88add8105051ddc77ca4a4c7ed8594b87039c222ff71f723965d74c377f9b09c93dbc027e13d2c629da22d632542f8a773cac5365f8a4f4e6bccbe7ed1d96f10f3d83bcd80a5a0a19f7af360290555afff26fe419c1199db84764550c0c17a3f68f8625f47d74ce9fce1f95a24efcfcd09c1797e6325278001813533cbcee4edaec6a8b9e9d1858ba94e4daeb3ce09d287d7dd8c92275069b4d31a3c73243662b67e0b08be2d8d66bc5c3c0789d3fbcb0438ad96c0f65d24571123a81aa820ba2027f7b735b638400a8cfd0b39362d0a5c0aa5d56ac269e93ad8fc6988e2b88e5f54f68b2ee822fa4338e771119439a8dfe843979059a984d258db487066829bfc6773266ac8fe99df4ba91079f7204803b74311b153b6c21f11402bec029e15e23830e5116ff0f77336e87f2cba1915c5d1508d73add4ca23fd400996d55c8ae185a153a2003394e9538dab27ff538dabb980364dcb74c93736041ba5cd4c6c37899b92fffddd2b153038074777f082de912f61fa8d3694524e9e665df02ccc34796497bf03cdb8662bbc5f1173d96a644557a978e41c55c1de4d4c01c04ecbb4514cf20be6f167ab5d0ab57d061e180991e8da833c62b0c41cc7408b19c95181dac14d8634170f087d44ad7c29e2073982e9c927123baa8f6240ac6a02afb0c65dd370e47976684a2242c1f46cafb627fa9703b7ff88dab043478356bfef9d1ed3d7094c84ea94132071f830287b8d1dc8ee882da1c7534b03398af2cfcd2f316274d9ce4fc4d7150cd6b8e79043a9b2a41eeff828bd804776fb19f817987e07ee78a8764f08883c93dd7fe9d67715191a2f742a410778f90c7fbed84efdec2b83c9d0982b92e17debfdf1914a85bc95f9bc9b14f72163889a03bff0f814945eaec900af16efc4368fa1c3a95697a08709afb4120e523975249a9e287094cd32a012e84f2985bbc0b53e765167703df2b2a2d91395b285ddf0bddb76e73587006bf130a1c0166fa2cd76fc205ad6d3130b593472adb418804da1007c610790cde23cc39abcade4f8cd00f47a73d53798a3ea659834e32b3b546ec5e62acf66343303452135663536fc5ac167427ae3d5cc6aa7ffa9b941a546c88ca060d2aba51580144e55f1c1d0380e72b12fda2929d747df9c28290fb001665faba01e930ea92f3dd82b2300b92ee81cbe31c068565b8619022fc3dae117dc5de66c62638c9c309a3d18dad6b4921cf9a5f886f1937e957b344efda202be07e9f43f6067f4c6deddfb15fea49a6119307a1a0dea65bf3c3cae73e113c18689489905d18926285d51b455933b9d02cfc28d8c0e4076c2d660a3b3e2cce1d4d0e4439dc3a7c79e55a2d6f0c0d7b615f7f553777a14282fddebbde85478ae4133c4ec4d171b4c7793083840562a343c9cb28445cb7be6258ba5a7b7027fb3460912c4b94f9988d595e65c999c9e884609ebcc0442d8f81d0d867193f63a51fe3ce5db20a3fcce9719f0ec16a8c1cee9f444a692680c2e9eeeb7367a00713410e4787560d090870d483c5902806331f2d36acc4b66469d95ace73d50f5e353f0b24ecc9ddedf4c3d64c2adfcb3e70b53001c7661f9803c6b245e3c046c15e9ee1d0fb97327b864084863cb092602aed966ff7a37e9131c13b6d706b896361b958b1148028815d8ee57b28ba6fc1da7aef6731f101afa9355ac7792bbce8c380cc1a8017b6839c440936e8c46a550a8efc6723ed95a699174397a9a08544971c9c5f8fd681bd8c2f1208d02adbc8b085004ed1b83edae14fc2bb5068a89db4edecac5331912fe1bf90ddacf3d62d324f1cc6a7a44e7325c2bbeb98c1f1f7a8f462180c3019b4344f95dbf5697f398f7c8ea6d30b1f3b70817db9c9ea02f390f6ffa70a5be2335fe5b628963e45ef94e35155eec5a9869346172e0613c3dcbc790b8c9959ba19a79a0eade1c93963cdfaeb219813781a4aba6d5647c574e693dc3dfb07d490d9ea5cc8f62b43dd64c5de850ce2f839c419fbbe7d49be408d6141529029f98dae7bc4b418ef229c94f64f3a23943087ade715ef769d24f81ed2573fcecef8173a786d3ffe9907d92732e55066790987cfbb869bbc7ad79e8b81eb0c9bab19f415f307052348098acfeba8afa4002fb528187ff3ddef0e3b17e019198ade2fd1d13d6724de01aa9c616ee1e914841415999b0e259b19eb1fa54a7f5e610084decaed0b1de95aa4ce6d580874b74f84d25b37322e50b97ab1091ea2b9dd6ba57cd403eab2003ecf4ca6365ac227ec6612a195b7a010a306654124f5757da082bf4214eda57cf7a0ddac611c17c84cdd864a9b777376c6212cde82b1c949d3a3534404bc5a7b17b25190d5322088642d5552c3d8473b5ecb4af0a6d4250d63f0024134ee7e830e71c573ac8f77fe55df5df688d69227eeff80d1d4017326ec721e7b70bd621955686268d303580634ed911a002ab223bee0c937c614b54bfdac850d0f3f0cd76d0c38c978175a043f29ab25d62f74758fd26deb894359c32428b112b6fefa1b975fcf1692d0804b7be0de7a07972f9e09bd9360e23afb6a2c3a98b2dda5450e5f83412a3447e6814e952b78e231a2c689e0e96589f567038ed1415e8b493afe7b9543618e1ff08b95aa7f5e23c6a50369e66d0193230616597d96f46126954c047a33979040bb1d22eef6e405d0d83d3de89785a0c33524f86692ba9a305368e0455bbc5a11579d54f3dec3c68175246619a5e187d4da2ae44761b4387900dd79a4bbdfd4f72914d20c7695874c1c8597d14e81edb81b115710f80590978374f127624eccc0220c3a648c6936de13a9dfca4ff64411fe5fdbc5c77b77c921de669b458f164c21984437709e09cdbd5596ad9a990bcba883fdccd826e98b4764972b67633bc367eef4acd69827a674983f907da16dd19f4f43931a57e84695c9a6e3e5c54532a17573b30953387862c0e5fe0fc21540e3919a42ab1e80e755ebd013afd40e3899683343f95add7e272a0cb7ad247aa8a9cfba667bbdc648a4a6ad0647dce27d388b2a6f16310287c2ae37241f7d17eea2bba200b9e4ef22b933e20c56f08d147b85a9cbc2c9edc9800de2914f795e"}], 0x4})

10.402937965s ago: executing program 0 (id=40493):
openat$drirender128(0xffffffffffffff9c, 0x0, 0xfedc0, 0x0)
r0 = syz_open_dev$dri(&(0x7f0000000000), 0x3fffc0, 0x2a500)
r1 = syz_open_dev$dri(&(0x7f0000000180), 0x0, 0x1)
ioctl$DRM_IOCTL_MODE_PAGE_FLIP(r1, 0xc01864b0, &(0x7f0000000140)={0x0, 0x0, 0x2, 0x5e0e, 0x8})
ioctl$DRM_IOCTL_MODE_CREATE_DUMB(r0, 0xc02064b2, &(0x7f0000000380)={0xfffffffd, 0x1, 0x7, 0x0, <r2=>0x0})
ioctl$DRM_IOCTL_MODE_DESTROY_DUMB(r0, 0xc00464d2, &(0x7f0000000040)={r2})
r3 = syz_open_dev$dri(&(0x7f0000000000), 0x0, 0x48040)
ioctl$DRM_IOCTL_GET_MAGIC(r3, 0x80046402, &(0x7f00000000c0)=0x1)

10.022234829s ago: executing program 0 (id=40495):
r0 = syz_open_dev$I2C(&(0x7f0000000700), 0x0, 0x840000)
r1 = syz_open_dev$I2C(&(0x7f0000000000), 0xb1c6, 0x8200)
r2 = syz_open_dev$I2C(&(0x7f00000001c0), 0x8, 0xc0000)
ioctl$I2C_TENBIT(r2, 0x704, 0x0)
ioctl$I2C_PEC(r1, 0x708, 0x1ff)
ioctl$I2C_SMBUS(r0, 0x720, &(0x7f00000000c0)={0x0, 0x2, 0x8, &(0x7f0000000040)={0x4, "9bd1671bfa6de8fd7593caec1470cb3704b080f2654e5c1e279f28a19c223c98cf"}})
ioctl$I2C_SMBUS(r1, 0x720, &(0x7f0000000180)={0x1, 0x7, 0x7, &(0x7f0000000140)={0x1a, "a52f07e492fd64f68e193778dd2508b8a62e3f58d1934db6859527f04df1a444f9"}})
ioctl$I2C_RDWR(r0, 0x707, &(0x7f0000000100)={&(0x7f0000003300)})
r3 = syz_open_dev$I2C(&(0x7f0000000000), 0x0, 0x14d000)
ioctl$I2C_RDWR(r3, 0x707, &(0x7f00000007c0)={&(0x7f0000000700)=[{0x3, 0xa000, 0x0, 0x0}, {0x913, 0x902fdc6686b29416, 0x0, 0x0}], 0x2})
ioctl$I2C_FUNCS(r3, 0x705, &(0x7f0000000080)=0x7)

9.88867656s ago: executing program 0 (id=40496):
r0 = syz_open_dev$I2C(&(0x7f0000000000), 0x875a, 0x1)
ioctl$I2C_SMBUS(r0, 0x720, &(0x7f0000000080)={0x1, 0x7, 0x5, &(0x7f0000000040)={0x1a, "769fa91583aefd8dcd84d4a86aba26ed67230ccdf2af3deb803cbb4e5d952c5ef7"}}) (async)
r1 = syz_open_dev$dri(&(0x7f0000000b00), 0x1, 0x400)
ioctl$DRM_IOCTL_MODE_LIST_LESSEES(r1, 0xc01064c7, &(0x7f0000000c00)={0x0, 0x0, 0x0}) (async, rerun: 32)
r2 = syz_open_dev$dri(&(0x7f0000000000), 0x20000000004, 0x400) (rerun: 32)
ioctl$DRM_IOCTL_MODE_CREATE_DUMB(r2, 0xc02064b2, &(0x7f0000000a00)={0x5, 0x1c000001, 0x7})
r3 = syz_open_dev$dri(&(0x7f0000000040), 0x2, 0x3)
ioctl$DRM_IOCTL_RM_MAP(r3, 0x4028641b, &(0x7f0000000080)={0x0, 0x0, 0x0, 0x0, &(0x7f0000ffb000/0x2000)=nil})
r4 = syz_open_dev$dri(&(0x7f0000000f40), 0x0, 0xa0a03)
r5 = syz_open_dev$dri(&(0x7f0000000000), 0xa, 0x1)
ioctl$DRM_IOCTL_GET_UNIQUE(r5, 0xc0106401, &(0x7f0000000740)={0x0, 0x0})
ioctl$DRM_IOCTL_GEM_OPEN(r4, 0xc010640b, &(0x7f0000000840))

9.278852259s ago: executing program 0 (id=40500):
r0 = syz_open_dev$dri(&(0x7f0000000300), 0xfffffffffffffffa, 0x40800)
ioctl$DRM_IOCTL_GET_STATS(r0, 0x80f86406, &(0x7f0000002380)=""/4090)
r1 = syz_open_dev$dri(&(0x7f0000000000), 0x4, 0x371d80)
ioctl$DRM_IOCTL_SYNCOBJ_FD_TO_HANDLE_FD(r1, 0xc01864c2, &(0x7f0000000200))
r2 = openat$drirender128(0xffffffffffffff9c, 0x0, 0x800, 0x0)
syz_open_dev$dri(0x0, 0x2b2c, 0x80002) (async)
r3 = syz_open_dev$dri(0x0, 0x2b2c, 0x80002)
r4 = syz_open_dev$dri(&(0x7f0000000000), 0x50dd, 0x0)
ioctl$DRM_IOCTL_MODE_GETFB2(r4, 0xc06864ce, 0x0) (async)
ioctl$DRM_IOCTL_MODE_GETFB2(r4, 0xc06864ce, 0x0)
syz_open_dev$dri(&(0x7f0000000000), 0x50dd, 0x0) (async)
r5 = syz_open_dev$dri(&(0x7f0000000000), 0x50dd, 0x0)
ioctl$DRM_IOCTL_MODE_GETFB2(r5, 0xc06864ce, 0x0) (async)
ioctl$DRM_IOCTL_MODE_GETFB2(r5, 0xc06864ce, 0x0)
ioctl$DRM_IOCTL_WAIT_VBLANK(r5, 0xc018643a, &(0x7f0000000cc0)={0x10000000, 0x100ae1, 0x6})
ioctl$DRM_IOCTL_PRIME_FD_TO_HANDLE(0xffffffffffffffff, 0xc00c642e, &(0x7f00000002c0)={<r6=>0x0, 0x0, r2})
syz_open_dev$I2C(&(0x7f0000000380), 0x0, 0x101) (async)
r7 = syz_open_dev$I2C(&(0x7f0000000380), 0x0, 0x101)
ioctl$I2C_FUNCS(r7, 0x705, &(0x7f0000000440)=0xfffffffffffffff9) (async)
ioctl$I2C_FUNCS(r7, 0x705, &(0x7f0000000440)=0xfffffffffffffff9)
ioctl$DRM_IOCTL_MODE_GETRESOURCES(r3, 0xc04064a0, &(0x7f0000000300)={&(0x7f0000000040)=[<r8=>0x0, 0x0], &(0x7f00000001c0)=[0x0], &(0x7f0000000240)=[0x0, 0x0], &(0x7f0000000280)=[0x0, 0x0, 0x0, 0x0, 0x0], 0x2, 0x1, 0x1, 0x5})
ioctl$DRM_IOCTL_MODE_ADDFB2(r4, 0xc06864b8, &(0x7f0000000380)={r8, 0x2, 0xb71, 0x3, 0x2, [0x0, 0x0, r6], [0x8, 0x4, 0x87, 0x11], [0x102, 0x5, 0x800, 0xb], [0x5, 0xd, 0x6, 0xfff]})
ioctl$DRM_IOCTL_WAIT_VBLANK(r4, 0xc018643a, &(0x7f0000000cc0)={0x10000000, 0x100ae1, 0x6}) (async)
ioctl$DRM_IOCTL_WAIT_VBLANK(r4, 0xc018643a, &(0x7f0000000cc0)={0x10000000, 0x100ae1, 0x6})
openat$drirender128(0xffffffffffffff9c, 0x0, 0x523980, 0x0)
r9 = syz_open_dev$I2C(&(0x7f0000000700), 0x0, 0x840000)
ioctl$I2C_SMBUS(r9, 0x720, &(0x7f0000000000)={0x0, 0xd, 0x6, &(0x7f0000000100)={0x89, "3f6678c673bf0580a1b1eeb82bd00029001f050000000000000000e20000000a00"}})
ioctl$DRM_IOCTL_SYNCOBJ_FD_TO_HANDLE_FD(r4, 0xc01864c2, &(0x7f00000000c0))
ioctl$DRM_IOCTL_SYNCOBJ_FD_TO_HANDLE_FD(r0, 0xc01864c2, &(0x7f0000000000))

8.913020556s ago: executing program 0 (id=40503):
r0 = syz_open_dev$dri(&(0x7f0000000000), 0xfffffffffffffffc, 0x0)
ioctl$DRM_IOCTL_AUTH_MAGIC(0xffffffffffffffff, 0x40046411, 0x0) (async)
ioctl$DRM_IOCTL_MODE_CREATEPROPBLOB(r0, 0xc01064bd, &(0x7f0000000180)={&(0x7f0000000080)="7c2772857a834be7ae4d44d445cf9005999d5e56438892322b2223a8aaaf9e9f14a4b2fd8f003c5fc63d45c1284d4415120f0f47da6951fb126bf521dc909d6e7ec264529cc196ac9ee1382d36f63eda11484bd7668d5ccf64cf963a2818cfc4fa70eac3ef17b361938f4e7f0057adae5fcf13357a6af880bf70e132cc8655cfc24841ec657da1d381584e00fe0891949c717f9fc004f503131ab7f85d821ba515686ef591c936b831c077a03a13cd7894151eef06", 0xb5}) (async)
r1 = syz_open_dev$dri(&(0x7f0000000180), 0x0, 0x1)
ioctl$DRM_IOCTL_PRIME_HANDLE_TO_FD(r1, 0xc00c642d, &(0x7f0000000140)={0x0, 0x2000000}) (async, rerun: 64)
ioctl$DRM_IOCTL_MODE_GETRESOURCES(r1, 0xc04064a0, &(0x7f0000000400)={&(0x7f00000001c0)=[0x0, 0x0, 0x0, 0x0, 0x0, 0x0, 0x0, 0x0, <r2=>0x0], &(0x7f00000002c0)=[0x0, 0x0, <r3=>0x0, 0x0, 0x0, 0x0, 0x0], &(0x7f0000000300)=[0x0], &(0x7f0000000340)=[0x0, 0x0, 0x0], 0x9, 0x7, 0x1, 0x3}) (rerun: 64)
ioctl$DRM_IOCTL_MODE_GETPLANE(r1, 0xc02064b6, &(0x7f0000000040)={0x0, 0x0, <r4=>r2, 0x0, 0x0, 0x0, &(0x7f00000001c0)})
ioctl$DRM_IOCTL_PRIME_FD_TO_HANDLE(r1, 0xc00c642e, &(0x7f0000000080)={<r5=>0x0}) (async, rerun: 64)
r6 = syz_open_dev$dri(&(0x7f0000000000), 0x200, 0x100) (rerun: 64)
ioctl$DRM_IOCTL_MODE_CREATE_DUMB(r6, 0xc02064b2, &(0x7f0000000180)={0x8, 0x7, 0x5})
ioctl$DRM_IOCTL_MODE_GETCRTC(r1, 0xc06864a1, &(0x7f0000000500)={&(0x7f0000000440)=[0x0, 0x0, 0x0, 0x0, 0x0, 0x0, 0x0], 0x7, r3, <r7=>0x0}) (async)
r8 = syz_open_dev$dri(&(0x7f0000000000), 0x2, 0x40)
ioctl$DRM_IOCTL_MODE_GETPLANE(r8, 0xc02064b6, &(0x7f0000000080)={0x0, 0x0, 0x0, 0x0, 0x0, 0x0, 0x0}) (async)
r9 = syz_open_dev$dri(&(0x7f0000000000), 0xa, 0x1)
ioctl$DRM_IOCTL_MODE_SETPROPERTY(r9, 0xc01064ab, &(0x7f0000000380)={0x4})
r10 = syz_open_dev$dri(&(0x7f0000000000), 0x2, 0x1)
r11 = syz_open_dev$dri(&(0x7f0000000000), 0x2, 0x1)
ioctl$DRM_IOCTL_MODE_GETRESOURCES(r11, 0xc04064a0, &(0x7f0000000580)={0x0, &(0x7f00000004c0)=[<r12=>0x0], 0x0, 0x0, 0x0, 0x1})
ioctl$DRM_IOCTL_MODE_GETCRTC(0xffffffffffffffff, 0xc06864a1, &(0x7f0000001800)={0x0, 0x0, r12, <r13=>0x0})
ioctl$DRM_IOCTL_MODE_SETCRTC(r10, 0xc06864a2, &(0x7f0000000a40)={0x0, 0x0, r12, r13, 0x0, 0x401, 0x8001, 0x7fff, {0x2, 0xee66, 0x5, 0x6, 0xc5b, 0x2, 0x8, 0x3, 0x8001, 0x1ff, 0x3, 0x3ff, 0x9, 0x2, "f3ca996247976557c2828fa84352005a759f76bfadb2fb30c239bcad2f2b8859"}}) (async)
r14 = syz_open_dev$I2C(&(0x7f0000000000), 0x0, 0x109000)
ioctl$I2C_RDWR(r14, 0x707, &(0x7f00000007c0)={&(0x7f0000000700)=[{0x3, 0xa000, 0x0, 0x0}, {0x6, 0x5811, 0x0, 0x0}], 0x2})
ioctl$DRM_IOCTL_MODE_CREATE_LEASE(r11, 0xc01864c6, &(0x7f00000000c0)={&(0x7f0000000040)=[0x0, r7, r13, 0x0, 0x0, 0x0, 0x0], 0x7, 0x80800}) (async)
ioctl$DRM_IOCTL_GEM_OPEN(r6, 0xc010640b, &(0x7f0000000100)={0x0, <r15=>0x0})
ioctl$DRM_IOCTL_MODE_ADDFB2(r11, 0xc06864b8, &(0x7f0000000380)={r13, 0xac68, 0x7fff, 0x4, 0x0, [r15, r15, r15, r15], [0x0, 0x7, 0xff, 0x90], [0x3, 0xb74, 0xffffff6f, 0x3], [0x0, 0x100000000, 0x2, 0x8]})
openat$drirender128(0xffffffffffffff9c, 0x0, 0xfedc0, 0x0) (async)
ioctl$DRM_IOCTL_MODE_ADDFB2(0xffffffffffffffff, 0xc06864b8, &(0x7f00000000c0)={r4, 0x53, 0xa55, 0x0, 0x3, [0x0, r5, 0x0, r15], [0xffffffff, 0x0, 0x7fffffff, 0xfffff380], [0x2dc, 0xfffffff8, 0x2e31, 0xe7e], [0x9, 0x0, 0xf, 0x8]})

1.934913165s ago: executing program 3 (id=40589):
r0 = syz_open_dev$dri(&(0x7f0000000000), 0x1, 0x2000) (async)
r1 = syz_open_dev$dri(&(0x7f0000000000), 0xd67, 0x80001)
ioctl$DRM_IOCTL_MODE_CREATEPROPBLOB(r1, 0xc01064bd, &(0x7f0000001000)={&(0x7f0000000f00)="59ed", 0x2}) (async)
ioctl$DRM_IOCTL_MODE_CREATEPROPBLOB(r1, 0xc01064bd, &(0x7f0000001400)={&(0x7f0000001380)="d0", 0x1}) (async)
ioctl$DRM_IOCTL_MODE_CREATEPROPBLOB(r1, 0xc01064bd, &(0x7f0000000140)={&(0x7f0000000040)="fc0c237697", 0x5, <r2=>0x0})
ioctl$DRM_IOCTL_MODE_DESTROYPROPBLOB(r1, 0xc00464be, &(0x7f0000000180)={r2}) (async)
r3 = syz_open_dev$dri(&(0x7f0000000000), 0x1, 0x0)
ioctl$DRM_IOCTL_MODE_GETRESOURCES(r3, 0xc04064a0, &(0x7f0000000340)={0x0, &(0x7f0000000280)=[<r4=>0x0], 0x0, 0x0, 0x0, 0x1})
ioctl$DRM_IOCTL_MODE_GETCRTC(r0, 0xc06864a1, &(0x7f0000000440)={0x0, 0x4c, r4, <r5=>0x0})
ioctl$DRM_IOCTL_MODE_GETFB2(r0, 0xc06864ce, &(0x7f0000000040)={r5, 0x7, 0x5, 0xfffffff8, 0x3, [<r6=>0x0], [0x2, 0xbc01, 0x4000000f, 0x8001], [0x7fff, 0x5, 0xfffffffe, 0x8], [0x9, 0x30, 0xfffffffffffffff9, 0x4d192917]})
ioctl$DRM_IOCTL_PRIME_HANDLE_TO_FD(r0, 0xc00c642d, &(0x7f0000000080)={r6, 0x80000, <r7=>0xffffffffffffffff})
ioctl$DRM_IOCTL_IRQ_BUSID(r7, 0x40086200, 0x0) (async)
r8 = syz_open_dev$dri(&(0x7f0000000000), 0x2, 0x1)
ioctl$DRM_IOCTL_MODE_ADDFB(r8, 0xc01c64ae, &(0x7f0000000040)={0x0, 0x2000, 0x1, 0x1000, 0x18, 0x18, 0x5})

1.736974568s ago: executing program 3 (id=40594):
r0 = syz_open_dev$dri(&(0x7f0000000000), 0x2, 0x1)
ioctl$DRM_IOCTL_MODE_ADDFB(r0, 0xc01c64ae, &(0x7f0000000040)={0x0, 0x7, 0x0, 0x1000, 0x18, 0x18, 0x5})
r1 = syz_open_dev$dri(&(0x7f0000000000), 0xa, 0x1)
ioctl$DRM_IOCTL_MODE_GETRESOURCES(r1, 0xc04064a0, &(0x7f00000001c0)={&(0x7f0000000080)=[0x0, 0x0], &(0x7f00000000c0)=[0x0, 0x0, 0x0, 0x0, 0x0, 0x0, 0x0, 0x0, 0x0], &(0x7f0000000100)=[0x0, 0x0], &(0x7f0000000140)=[0x0, 0x0], 0x2, 0x9, 0x2, 0x2})
r2 = syz_open_dev$I2C(&(0x7f0000000380), 0x0, 0x101)
ioctl$I2C_SLAVE(r2, 0x703, 0x51)
ioctl$DRM_IOCTL_MODE_GETRESOURCES(0xffffffffffffffff, 0xc04064a0, &(0x7f0000000600)={0x0, 0x0, &(0x7f0000000580)=[<r3=>0x0], 0x0, 0x0, 0x0, 0x1})
ioctl$DRM_IOCTL_MODE_OBJ_GETPROPERTIES(0xffffffffffffffff, 0xc02064b9, &(0x7f0000000500)={0x0, 0x0, 0x0, r3, 0xc0c0c0c0})
ioctl$DRM_IOCTL_SYNCOBJ_SIGNAL(0xffffffffffffffff, 0xc01064c5, 0x0)
ioctl$DRM_IOCTL_SYNCOBJ_FD_TO_HANDLE_FD(0xffffffffffffffff, 0xc01864c2, &(0x7f00000001c0))
ioctl$DRM_IOCTL_SYNCOBJ_FD_TO_HANDLE_FD(0xffffffffffffffff, 0xc01864c2, &(0x7f0000000200))
r4 = syz_open_dev$dri(&(0x7f0000000000), 0x2b2c, 0x80002)
ioctl$DRM_IOCTL_MODE_CREATE_DUMB(r4, 0xc02064b2, 0x0)
r5 = syz_open_dev$dri(&(0x7f0000000000), 0x50dd, 0x0)
ioctl$DRM_IOCTL_MODE_GETFB2(r5, 0xc06864ce, &(0x7f0000000400)={0x0, 0x7, 0x8, 0x7, 0x0, [<r6=>0x0], [0x3, 0x6, 0x8, 0xcf4], [0x1, 0x6, 0x400f, 0x3], [0xf, 0xe, 0xcd, 0x6]})
ioctl$DRM_IOCTL_PRIME_FD_TO_HANDLE(0xffffffffffffffff, 0xc00c642e, &(0x7f00000002c0)={<r7=>0x0})
ioctl$DRM_IOCTL_MODE_GETFB2(r5, 0xc06864ce, &(0x7f0000000240)={0x0, 0x6, 0xf4f, 0x1, 0x3, [0x0, 0x0, 0x0, <r8=>0x0], [0x1b2, 0x6, 0x7, 0x4], [0x6, 0x80000009, 0x6, 0x2007], [0x4, 0x2, 0x3f, 0x40000000ad]})
ioctl$DRM_IOCTL_MODE_ADDFB2(r5, 0xc06864b8, &(0x7f0000000380)={0x0, 0x6e, 0x8, 0x3, 0x1, [0x0, r6, r7, r8], [0x8, 0x4, 0x84, 0x1], [0x101, 0x5, 0x800, 0xb], [0x0, 0x9, 0x7, 0x3]})
ioctl$DRM_IOCTL_WAIT_VBLANK(r5, 0xc018643a, &(0x7f0000000cc0)={0x10000000, 0x100ae1, 0x6})
ioctl$DRM_IOCTL_MODE_SETPROPERTY(r1, 0xc01064ab, &(0x7f0000000380)={0x3, 0x0, r3})
r9 = syz_open_dev$I2C(&(0x7f0000000040), 0x2, 0xe9a781)
ioctl$I2C_SMBUS(r9, 0x401c5820, &(0x7f0000000180)={0x61, 0xff, 0x6, 0x0})

981.704086ms ago: executing program 1 (id=40602):
r0 = syz_open_dev$dri(&(0x7f0000000000), 0x1, 0x2000)
ioctl$DRM_IOCTL_MODE_GETRESOURCES(r0, 0xc04064a0, &(0x7f0000000500)={0x0, 0x0, &(0x7f0000000400)=[<r1=>0x0], 0x0, 0x0, 0x0, 0x1})
r2 = syz_open_dev$dri(&(0x7f0000000000), 0x2, 0x1)
ioctl$DRM_IOCTL_MODE_ADDFB(r2, 0xc01c64ae, &(0x7f0000000040)={0x0, 0x2000, 0x1, 0x1000, 0x18, 0x18, 0x5})
r3 = syz_open_dev$dri(&(0x7f0000000300), 0xfffffffffffffffa, 0xe500)
ioctl$DRM_IOCTL_GET_CAP(r2, 0xc010640c, 0x0)
ioctl$DRM_IOCTL_MODE_CREATE_DUMB(0xffffffffffffffff, 0xc02064b2, &(0x7f0000000080)={0x9, 0x8, 0x2})
ioctl$DRM_IOCTL_SYNCOBJ_SIGNAL(0xffffffffffffffff, 0xc01064c5, &(0x7f0000000500)={&(0x7f00000004c0)=[0x0, 0x0, 0x0], 0x3})
ioctl$DRM_IOCTL_SYNCOBJ_FD_TO_HANDLE_FD(0xffffffffffffffff, 0xc01864c2, 0x0)
ioctl$DRM_IOCTL_SYNCOBJ_WAIT(r3, 0xc02864c3, &(0x7f0000000340)={&(0x7f0000000280), 0xffffffff, 0x0, 0x4})
ioctl$DRM_IOCTL_MODE_GETCONNECTOR(r0, 0xc05064a7, &(0x7f0000000540)={0x0, 0x0, &(0x7f0000001280)=[0x0], &(0x7f0000000300), 0x0, 0x1, 0x0, 0x0, r1})
syz_open_dev$dri(&(0x7f0000000000), 0xa, 0x1)
ioctl$DRM_IOCTL_MODE_SETPROPERTY(r0, 0xc01064ab, &(0x7f0000000380)={0x4})

882.771275ms ago: executing program 1 (id=40606):
r0 = syz_open_dev$dri(&(0x7f0000000000), 0xa, 0x1)
ioctl$DRM_IOCTL_MODE_SETPROPERTY(r0, 0xc01064ab, &(0x7f0000000380)={0x4})
r1 = syz_open_dev$dri(&(0x7f0000000000), 0x1, 0x2000)
r2 = syz_open_dev$dri(&(0x7f0000000000), 0x3, 0xa000)
ioctl$DRM_IOCTL_MODE_GETRESOURCES(r1, 0xc04064a0, &(0x7f0000000180)={0x0, &(0x7f0000000080)=[<r3=>0x0], 0x0, 0x0, 0x0, 0x1})
ioctl$DRM_IOCTL_MODE_GETCRTC(r2, 0xc06864a1, &(0x7f0000000840)={0x0, 0x0, r3, <r4=>0x0})
ioctl$DRM_IOCTL_MODE_DIRTYFB(r2, 0xc01864b1, &(0x7f00000000c0)={r4, 0x2, 0xf96, 0x2, &(0x7f0000000100)=[{0x0, 0xfff1, 0x9, 0xfffd}, {0x6, 0x3, 0x7, 0xe49f}]})
ioctl$DRM_IOCTL_MODE_SETCRTC(r1, 0xc06864a2, &(0x7f0000000a40)={0x0, 0x0, 0x0, 0x0, 0x7769, 0x9, 0x2de2, 0x0, {0xfd8, 0x101, 0x6, 0x3, 0xe, 0x6885, 0x200, 0xb, 0x8, 0x1001, 0x2, 0x1, 0x8, 0x8, "8322464664230edd11aef90d57193ae7be4a4dfab14ec127acf1f99aa79d72c9"}})

728.757763ms ago: executing program 3 (id=40607):
r0 = syz_open_dev$dri(&(0x7f0000000180), 0x0, 0x1)
r1 = syz_open_dev$dri(&(0x7f0000000000), 0x3fffc0, 0x48000)
ioctl$DRM_IOCTL_MODE_CREATE_DUMB(r1, 0xc02064b2, &(0x7f0000000080)={0x8, 0x4, 0x10000, 0x0, <r2=>0x0})
ioctl$DRM_IOCTL_MODE_CREATE_DUMB(r1, 0xc02064b2, &(0x7f00000001c0)={0x1, 0x1, 0x7})
ioctl$DRM_IOCTL_MODE_DESTROY_DUMB(r1, 0xc00464b4, &(0x7f0000000780)={r2})
r3 = syz_open_dev$dri(&(0x7f0000000000), 0x0, 0x100)
ioctl$DRM_IOCTL_MODE_CREATE_DUMB(r3, 0xc02064b2, &(0x7f0000000080)={0x8, 0x2, 0x7})
ioctl$DRM_IOCTL_MODE_CREATE_DUMB(r0, 0xc02064b2, &(0x7f0000000000)={0x9, 0x8000, 0x7, 0x0, <r4=>0x0})
r5 = syz_open_dev$dri(&(0x7f0000000000), 0x3fffc0, 0x48000)
ioctl$DRM_IOCTL_MODE_CREATE_DUMB(r5, 0xc02064b2, &(0x7f0000000080)={0x5, 0x4, 0x10000})
r6 = syz_open_dev$dri(&(0x7f0000000840), 0x495c, 0x400)
ioctl$DRM_IOCTL_MODE_GETFB(r6, 0xc01c64ad, &(0x7f0000000880))
ioctl$DRM_IOCTL_MODE_DESTROY_DUMB(r0, 0xc00464b4, &(0x7f0000000780)={r4})
syz_open_dev$dri(&(0x7f0000000180), 0x0, 0x1) (async)
syz_open_dev$dri(&(0x7f0000000000), 0x3fffc0, 0x48000) (async)
ioctl$DRM_IOCTL_MODE_CREATE_DUMB(r1, 0xc02064b2, &(0x7f0000000080)={0x8, 0x4, 0x10000}) (async)
ioctl$DRM_IOCTL_MODE_CREATE_DUMB(r1, 0xc02064b2, &(0x7f00000001c0)={0x1, 0x1, 0x7}) (async)
ioctl$DRM_IOCTL_MODE_DESTROY_DUMB(r1, 0xc00464b4, &(0x7f0000000780)={r2}) (async)
syz_open_dev$dri(&(0x7f0000000000), 0x0, 0x100) (async)
ioctl$DRM_IOCTL_MODE_CREATE_DUMB(r3, 0xc02064b2, &(0x7f0000000080)={0x8, 0x2, 0x7}) (async)
ioctl$DRM_IOCTL_MODE_CREATE_DUMB(r0, 0xc02064b2, &(0x7f0000000000)={0x9, 0x8000, 0x7}) (async)
syz_open_dev$dri(&(0x7f0000000000), 0x3fffc0, 0x48000) (async)
ioctl$DRM_IOCTL_MODE_CREATE_DUMB(r5, 0xc02064b2, &(0x7f0000000080)={0x5, 0x4, 0x10000}) (async)
syz_open_dev$dri(&(0x7f0000000840), 0x495c, 0x400) (async)
ioctl$DRM_IOCTL_MODE_GETFB(r6, 0xc01c64ad, &(0x7f0000000880)) (async)
ioctl$DRM_IOCTL_MODE_DESTROY_DUMB(r0, 0xc00464b4, &(0x7f0000000780)={r4}) (async)

727.825906ms ago: executing program 2 (id=40608):
r0 = syz_open_dev$dri(&(0x7f0000000000), 0xfffffffffffffffc, 0x0)
ioctl$DRM_IOCTL_GET_CAP(r0, 0xc010640c, &(0x7f0000000040)={0x3})
r1 = syz_open_dev$dri(&(0x7f0000000000), 0x2, 0x1)
ioctl$DRM_IOCTL_GET_CAP(r1, 0xc010640c, &(0x7f00000002c0)={0x2})
ioctl$DRM_IOCTL_MODE_CREATEPROPBLOB(r1, 0xc01064bd, &(0x7f0000000100)={&(0x7f0000000180)="00004e1167332e057d5d7ed563160ea440778f0a14c1bfcb10ca696a556017fc7e29ed7733d2918df686f9b1cbb68ad92d5109d448f8f73a69dae687870a4d4078c8937862bb528d7fdb497788b5a19ae5bc1a539feac64f3f2c508c306b2b80ec183cff9d5227f599e9177400000000", 0x70})
r2 = syz_open_dev$dri(&(0x7f0000000000), 0x2, 0x1)
ioctl$DRM_IOCTL_MODE_CREATEPROPBLOB(r2, 0xc01064bd, &(0x7f0000000140)={&(0x7f00000000c0)="0009fcffffffffffffff0000", 0xc, <r3=>0x0})
ioctl$DRM_IOCTL_MODE_GETPLANERESOURCES(r2, 0xc01064b5, &(0x7f0000000240)={&(0x7f0000000200)=[0x0, 0x0, <r4=>0x0, 0x0], 0x4})
ioctl$DRM_IOCTL_MODE_GETRESOURCES(r2, 0xc04064a0, &(0x7f00000003c0)={&(0x7f0000000280)=[0x0, 0x0], &(0x7f0000000300)=[0x0, 0x0, 0x0, 0x0, <r5=>0x0, 0x0], &(0x7f0000000340)=[0x0, 0x0, 0x0, 0x0], &(0x7f0000000380)=[0x0], 0x2, 0x6, 0x4, 0x1})
ioctl$DRM_IOCTL_MODE_GETRESOURCES(r0, 0xc04064a0, &(0x7f0000000500)={&(0x7f0000000400)=[0x0, 0x0, 0x0, 0x0, <r6=>0x0, 0x0], &(0x7f0000000440)=[0x0, 0x0, 0x0, 0x0, 0x0, 0x0, 0x0, 0x0, 0x0], &(0x7f0000000480)=[0x0, 0x0, 0x0, 0x0, 0x0, 0x0], &(0x7f00000004c0)=[0x0, 0x0, 0x0, 0x0, 0x0, 0x0, 0x0, 0x0], 0x6, 0x9, 0x6, 0x8})
ioctl$DRM_IOCTL_MODE_GETPLANE(r1, 0xc02064b6, &(0x7f0000000580)={r4, r5, r6, 0x0, 0x0, 0x7, &(0x7f0000000540)=[0x0, 0x0, 0x0, 0x0, 0x0, 0x0, 0x0]})
ioctl$DRM_IOCTL_MODE_DESTROYPROPBLOB(r0, 0xc00464be, &(0x7f0000000080)={r3})
syz_open_dev$dri(&(0x7f0000000000), 0xfffffffffffffffc, 0x10d000)

727.676163ms ago: executing program 1 (id=40609):
r0 = syz_open_dev$dri(&(0x7f0000000000), 0x0, 0x0) (async, rerun: 32)
r1 = syz_open_dev$dri(&(0x7f00000001c0), 0xa8c, 0x0) (rerun: 32)
ioctl$DRM_IOCTL_SET_CLIENT_CAP(r1, 0x4010640d, &(0x7f0000000300)={0x14}) (async)
ioctl$DRM_IOCTL_MODE_GETPROPERTY(r0, 0xc04064aa, &(0x7f00000004c0)={0x0, 0x0})

605.043023ms ago: executing program 2 (id=40610):
r0 = syz_open_dev$dri(&(0x7f0000000300), 0xfffffffffffffffa, 0x40800)
ioctl$DRM_IOCTL_MODE_GETPLANE(r0, 0xc02064b6, &(0x7f0000000980)={0x0, <r1=>0x0, 0x0, 0x0, 0x0, 0x1, &(0x7f0000000940)=[0x0]})
ioctl$DRM_IOCTL_MODE_OBJ_SETPROPERTY(r0, 0xc01864ba, &(0x7f00000009c0)={0x5, 0x0, r1, 0xdededede})
r2 = syz_open_dev$dri(&(0x7f0000000000), 0xbff, 0x109000)
r3 = syz_open_dev$dri(&(0x7f0000000000), 0xfffffffffffffffc, 0x0)
ioctl$DRM_IOCTL_MODE_GETRESOURCES(r3, 0xc04064a0, &(0x7f0000000600)={0x0, 0x0, &(0x7f0000000580)=[<r4=>0x0], 0x0, 0x0, 0x0, 0x1})
ioctl$DRM_IOCTL_MODE_GETCONNECTOR(r3, 0xc05064a7, &(0x7f0000000340)={0x0, 0x0, 0x0, 0x0, 0x15, 0x0, 0x0, 0x0, r4})
ioctl$DRM_IOCTL_MODE_GETRESOURCES(0xffffffffffffffff, 0xc04064a0, &(0x7f0000000180)={&(0x7f0000000080)=[0x0, 0x0], &(0x7f00000000c0)=[<r5=>0x0, <r6=>0x0, 0x0, <r7=>0x0, 0x0], &(0x7f0000000100)=[0x0, 0x0, 0x0, 0x0, <r8=>0x0, 0x0, 0x0], &(0x7f0000000140)=[0x0, 0x0, 0x0, 0x0, 0x0, 0x0, 0x0, 0x0, 0x0], 0x2, 0x5, 0x7, 0x9})
ioctl$DRM_IOCTL_MODE_GETRESOURCES(r2, 0xc04064a0, &(0x7f00000002c0)={&(0x7f00000001c0)=[0x0, 0x0, 0x0, 0x0, 0x0, 0x0, 0x0, 0x0], &(0x7f0000000200)=[0x0], &(0x7f0000000240)=[0x0, 0x0, <r9=>0x0, 0x0, 0x0, <r10=>0x0], &(0x7f0000000280)=[0x0, 0x0, 0x0], 0x8, 0x1, 0x6, 0x3})
ioctl$DRM_IOCTL_MODE_GETRESOURCES(r2, 0xc04064a0, &(0x7f0000000440)={&(0x7f0000000340)=[0x0, 0x0, 0x0, <r11=>0x0, 0x0, 0x0], &(0x7f0000000380)=[0x0], &(0x7f00000003c0)=[0x0, 0x0, 0x0, 0x0, 0x0, 0x0, 0x0, <r12=>0x0, 0x0, 0x0], &(0x7f0000000400)=[0x0, <r13=>0x0, 0x0, 0x0, 0x0, 0x0, <r14=>0x0], 0x6, 0x1, 0xa, 0x7})
ioctl$DRM_IOCTL_MODE_GETRESOURCES(r2, 0xc04064a0, &(0x7f0000000740)={&(0x7f00000004c0)=[0x0, 0x0, 0x0], &(0x7f0000000680)=[0x0, 0x0, 0x0, <r15=>0x0, <r16=>0x0], &(0x7f00000006c0)=[0x0, 0x0, 0x0, 0x0], &(0x7f0000000700)=[0x0], 0x3, 0x5, 0x4, 0x1})
ioctl$DRM_IOCTL_MODE_GETPLANE(r3, 0xc02064b6, &(0x7f0000000500)={0x0, <r17=>r16, 0x0, 0x0, 0x0, 0x0, &(0x7f00000004c0)})
ioctl$DRM_IOCTL_MODE_GETCRTC(r0, 0xc06864a1, &(0x7f0000000580)={&(0x7f0000000540)=[0x0, 0x0, 0x0, 0x0, 0x0, 0x0, 0x0, 0x0, 0x0, 0x0], 0xa, 0x0, <r18=>0x0})
ioctl$DRM_IOCTL_MODE_SETCRTC(r0, 0xc06864a2, &(0x7f0000000600)={&(0x7f0000000480)=[r4, r8, r10, r12], 0x4, r17, r18, 0x81d, 0x9, 0x0, 0xc9, {0x9, 0xfffd, 0xffc3, 0x800, 0x4, 0x7, 0x7, 0x5, 0xc, 0x9, 0x7, 0x0, 0x8, 0x8, "d3b05e2716613ee079b1b7418638c7aa677201ae87aa27b0727166d0e98cd7e8"}})
r19 = syz_open_dev$dri(&(0x7f0000000000), 0x3fffc0, 0x20000)
ioctl$DRM_IOCTL_SYNCOBJ_FD_TO_HANDLE_SYNC_FILE(r19, 0xc01864c2, &(0x7f0000000780)={<r20=>0x0})
ioctl$DRM_IOCTL_MODE_CURSOR(r0, 0xc01c64a3, &(0x7f0000000a00)={0x2, r5, 0x6, 0x1a, 0x0, 0xd, 0x4b4a})
ioctl$DRM_IOCTL_SYNCOBJ_FD_TO_HANDLE_SYNC_FILE(r19, 0xc01864c2, &(0x7f00000007c0)={<r21=>0x0})
ioctl$DRM_IOCTL_SYNCOBJ_FD_TO_HANDLE_FD(r0, 0xc01864c2, &(0x7f0000000800)={<r22=>0x0})
ioctl$DRM_IOCTL_SYNCOBJ_FD_TO_HANDLE_FD(r19, 0xc01864c2, &(0x7f0000000840)={<r23=>0x0})
ioctl$DRM_IOCTL_SYNCOBJ_FD_TO_HANDLE_FD(0xffffffffffffffff, 0xc01864c2, &(0x7f0000000480)={<r24=>0x0})
ioctl$DRM_IOCTL_SYNCOBJ_SIGNAL(0xffffffffffffffff, 0xc01064c5, &(0x7f0000000500)={&(0x7f00000004c0)=[0x0, 0x0, 0x0, r24], 0x4})
ioctl$DRM_IOCTL_MODE_GETPLANERESOURCES(r0, 0xc01064b5, &(0x7f0000000a80)={&(0x7f0000000a40)=[0x0], 0x1})
ioctl$DRM_IOCTL_MODE_CREATE_LEASE(r0, 0xc01864c6, &(0x7f0000000b00)={&(0x7f0000000b40)=[r11, 0x0, r14, r18, r14, r6, r15, r9, r13, r7], 0x4000038b, 0x80800})
ioctl$DRM_IOCTL_SYNCOBJ_SIGNAL(r3, 0xc01064c5, &(0x7f00000008c0)={&(0x7f0000000880)=[r20, r21, r22, r23, r24], 0x5})
ioctl$DRM_IOCTL_SYNCOBJ_TIMELINE_SIGNAL(r19, 0xc01864cd, &(0x7f0000000200)={0x0, 0x0, 0x0, 0x1})
r25 = syz_open_dev$dri(&(0x7f0000000000), 0x2, 0x20001)
ioctl$DRM_IOCTL_GET_CAP(r25, 0xc010640c, &(0x7f0000000240)={0x8})
ioctl$DRM_IOCTL_SYNCOBJ_HANDLE_TO_FD_FD(r0, 0xc01864c1, &(0x7f0000000900)={r21})
ioctl$DRM_IOCTL_WAIT_VBLANK(r2, 0xc018643a, &(0x7f0000000040)={0x4000000, 0x3, 0x7ff})

604.522887ms ago: executing program 3 (id=40611):
r0 = syz_open_dev$dri(&(0x7f0000000000), 0x3, 0xa000)
r1 = syz_open_dev$dri(&(0x7f0000000000), 0x50dd, 0x0)
ioctl$DRM_IOCTL_WAIT_VBLANK(r1, 0xc018643a, &(0x7f0000000cc0)={0x3e, 0x100ae1, 0x1})
ioctl$DRM_IOCTL_MODE_GETRESOURCES(r0, 0xc04064a0, &(0x7f0000000180)={0x0, &(0x7f0000000080)=[<r2=>0x0], 0x0, 0x0, 0x0, 0x1})
ioctl$DRM_IOCTL_MODE_GETCRTC(r0, 0xc06864a1, &(0x7f0000000840)={0x0, 0x0, r2, <r3=>0x0})
ioctl$DRM_IOCTL_MODE_SETCRTC(r0, 0xc06864a2, &(0x7f00000008c0)={0x0, 0x0, r2, r3, 0xd02, 0x5, 0x8, 0x7fffffff, {0xfffff000, 0x0, 0x8004, 0x6, 0xbb06, 0xa000, 0x4, 0x5, 0x3, 0xa95, 0xf800, 0x401, 0x3, 0x9, "c57b8a9923f1b5d3c3394fb4ba6e16a5e088f570fc499bb42c25f07d1cf8c629"}})

434.971801ms ago: executing program 2 (id=40612):
r0 = syz_open_dev$I2C(&(0x7f0000000000), 0x875a, 0x20801)
r1 = syz_open_dev$dri(&(0x7f0000000000), 0x2, 0x40)
ioctl$DRM_IOCTL_MODE_CREATE_LEASE(r1, 0xc01864c6, &(0x7f0000000240)={0x0, 0x0, 0x800})
ioctl$I2C_TENBIT(r0, 0x80111500, 0x200000ffefff)
r2 = syz_open_dev$dri(&(0x7f0000000000), 0x20000000000d, 0x218401)
ioctl$DRM_IOCTL_DROP_MASTER(r2, 0x641f)
ioctl$DRM_IOCTL_SET_MASTER(r2, 0x641e)
ioctl$DRM_IOCTL_MODE_GETRESOURCES(r2, 0xc04064a0, &(0x7f0000000140)={&(0x7f0000000040)=[0x0, 0x0, 0x0, 0x0, 0x0], &(0x7f0000000080)=[0x0, 0x0, 0x0, 0x0], &(0x7f00000000c0)=[0x0, 0x0, 0x0, 0x0, 0x0, 0x0, 0x0, 0x0, 0x0], &(0x7f0000000100)=[0x0, 0x0, 0x0, 0x0, 0x0, 0x0], 0x5, 0x4, 0x9, 0x6})

413.655941ms ago: executing program 2 (id=40613):
r0 = syz_open_dev$I2C(&(0x7f0000000000), 0x875a, 0x20801)
r1 = syz_open_dev$I2C(&(0x7f0000000000), 0xb1c6, 0x8200)
ioctl$I2C_PEC(r1, 0x708, 0x1ff)
ioctl$I2C_SMBUS(r1, 0x720, &(0x7f0000000180)={0x1, 0x7, 0x3, &(0x7f0000000140)={0x1e, "a52f07e492fd64f68e193778dd2508b8a62e3f58d1934db6859527f04df1a444f9"}})
ioctl$I2C_TENBIT(r0, 0x80111500, 0x200000ffefff)
r2 = syz_open_dev$dri(&(0x7f0000000000), 0x2, 0x40)
ioctl$DRM_IOCTL_MODE_OBJ_GETPROPERTIES(r2, 0xc02064b9, &(0x7f00000000c0)={0x0, 0x0, 0x0, 0x0, 0xfbfbfbfb})

405.363841ms ago: executing program 3 (id=40614):
r0 = syz_open_dev$dri(&(0x7f0000000f40), 0x0, 0xa0a03)
r1 = syz_open_dev$I2C(&(0x7f0000000700), 0x0, 0x840000)
ioctl$I2C_PEC(r1, 0x708, 0x400)
ioctl$DRM_IOCTL_SYNCOBJ_CREATE(r0, 0xc00864bf, &(0x7f0000000200))
ioctl$DRM_IOCTL_GEM_FLINK(r0, 0xc008640a, &(0x7f0000000000)={0x0, <r2=>0x0})
ioctl$DRM_IOCTL_GEM_OPEN(r0, 0xc010640b, &(0x7f0000000040)={r2, <r3=>0x0})
ioctl$DRM_IOCTL_GEM_OPEN(r0, 0xc010640b, &(0x7f0000000080)={r2, <r4=>0x0})
ioctl$I2C_TIMEOUT(r1, 0x702, 0x0)
ioctl$DRM_IOCTL_MODE_ADDFB2(r0, 0xc06864b8, &(0x7f00000000c0)={0x0, 0x6, 0x1000, 0x9, 0x1, [r3, r4, r3, r3], [0xfff, 0x4, 0x7ddb, 0x3], [0x5, 0x9a, 0x0, 0x7], [0x8, 0x8000000000000000, 0x4, 0xa3c3]})

298.311295ms ago: executing program 2 (id=40615):
ioctl$DRM_IOCTL_PRIME_HANDLE_TO_FD(0xffffffffffffffff, 0xc00c642d, &(0x7f0000000000)={0x0, 0x0, <r0=>0xffffffffffffffff})
ioctl$DRM_IOCTL_RES_CTX(0xffffffffffffffff, 0xc0106426, &(0x7f0000000080)={0x1, &(0x7f0000000040)=[{<r1=>0x0}]})
ioctl$DRM_IOCTL_UNLOCK(r0, 0x4008642b, &(0x7f00000000c0)={r1, 0x24})
ioctl$DRM_IOCTL_SET_SAREA_CTX(r0, 0x4010641c, &(0x7f00000001c0)={r1, &(0x7f0000000100)=""/155})
ioctl$DRM_IOCTL_GET_CTX(r0, 0xc0086423, &(0x7f0000000200)={r1, 0x1})
ioctl$DRM_IOCTL_SET_SAREA_CTX(r0, 0x4010641c, &(0x7f0000000280)={r1, &(0x7f0000000240)=""/24})
r2 = openat$drirender128(0xffffffffffffff9c, &(0x7f00000002c0), 0x800, 0x0)
ioctl$DRM_IOCTL_MODE_ADDFB(r2, 0xc01c64ae, &(0x7f0000000300)={0x0, 0xffff, 0xfa2a, 0x3, 0x8, 0xfffffff7, 0x7})
ioctl$DRM_IOCTL_MODE_OBJ_GETPROPERTIES(r2, 0xc02064b9, &(0x7f00000003c0)={&(0x7f0000000340)=[0x0, <r3=>0x0, 0x0, 0x0, 0x0, 0x0, 0x0, 0x0, 0x0], &(0x7f0000000380)=[0x0, 0x0], 0x9, 0x0, 0xfbfbfbfb})
ioctl$DRM_IOCTL_MODE_GETRESOURCES(r0, 0xc04064a0, &(0x7f0000000500)={&(0x7f0000000400)=[<r4=>0x0, 0x0], &(0x7f0000000440)=[0x0], &(0x7f0000000480)=[0x0, <r5=>0x0, 0x0], &(0x7f00000004c0)=[0x0, 0x0], 0x2, 0x1, 0x3, 0x2})
ioctl$DRM_IOCTL_MODE_SETPROPERTY(r2, 0xc01064ab, &(0x7f0000000540)={0x4, r3, r5})
r6 = syz_open_dev$dri(&(0x7f0000000580), 0x0, 0x410040)
ioctl$DRM_IOCTL_INFO_BUFS(r6, 0xc0106418, &(0x7f00000005c0)={0x6, 0x1, 0x7, 0x1, 0x15, 0x8001})
r7 = syz_open_dev$dri(&(0x7f0000000600), 0x0, 0x80)
ioctl$DRM_IOCTL_MODE_GETFB(r7, 0xc01c64ad, &(0x7f0000000640)={r4})
r8 = openat$drirender128(0xffffffffffffff9c, &(0x7f0000000680), 0x50000, 0x0)
ioctl$DRM_IOCTL_SYNCOBJ_FD_TO_HANDLE_FD(r7, 0xc01864c2, &(0x7f00000006c0)={<r9=>0x0})
ioctl$DRM_IOCTL_SYNCOBJ_HANDLE_TO_FD_FD(r8, 0xc01864c1, &(0x7f0000000700)={r9})
r10 = syz_open_dev$dri(&(0x7f0000000740), 0x5, 0x12600)
r11 = openat$drirender128(0xffffffffffffff9c, &(0x7f0000000780), 0xa200, 0x0)
ioctl$DRM_IOCTL_PRIME_FD_TO_HANDLE(r10, 0xc00c642e, &(0x7f00000007c0)={0x0, 0x0, r11})
ioctl$DRM_IOCTL_PRIME_FD_TO_HANDLE(r10, 0xc00c642e, &(0x7f0000000800)={<r12=>0x0, 0x0, r0})
ioctl$DRM_IOCTL_SG_FREE(r8, 0x40106439, &(0x7f0000000840)={0x4})
ioctl$DRM_IOCTL_MODE_SETPLANE(r11, 0xc03064b7, 0xffffffffffffffff)
ioctl$DRM_IOCTL_SYNCOBJ_RESET(r2, 0xc01064c4, &(0x7f00000008c0)={&(0x7f0000000880)=[r9], 0x1})
ioctl$DRM_IOCTL_MODE_ADDFB2(r11, 0xc06864b8, &(0x7f0000000900)={r4, 0x9, 0x9, 0x25f, 0x2, [r12], [0x40, 0x0, 0x0, 0x61], [0x2, 0x3, 0x9, 0x2], [0x6, 0x0, 0xeb, 0x1800000000000]})
openat$drirender128(0xffffffffffffff9c, &(0x7f0000000980), 0x200182, 0x0)
ioctl$DRM_IOCTL_WAIT_VBLANK(r11, 0xc018643a, &(0x7f00000009c0)={0x20000000, 0x7, 0x3})
r13 = syz_open_dev$dri(&(0x7f0000000a00), 0x3, 0x400000)
ioctl$DRM_IOCTL_MODE_CURSOR(r13, 0xc01c64a3, &(0x7f0000000a80)={0x2, 0x0, 0x6, 0x54, 0x1, 0xfffffff7})

298.008048ms ago: executing program 1 (id=40616):
r0 = syz_open_dev$dri(&(0x7f0000000000), 0x2000000000000000, 0x0)
ioctl$DRM_IOCTL_MODE_CREATE_DUMB(r0, 0xc02064b2, &(0x7f0000000700)={0xf0d, 0x3cfe, 0x3})
r1 = syz_open_dev$I2C(&(0x7f0000000000), 0x0, 0x80)
ioctl$I2C_TENBIT(r1, 0x40086602, 0x200000ffffff)

213.067408ms ago: executing program 1 (id=40617):
r0 = syz_open_dev$dri(&(0x7f0000000000), 0x2, 0x40)
syz_open_dev$I2C(&(0x7f0000000700), 0x0, 0x840000) (async)
ioctl$DRM_IOCTL_SET_MASTER(r0, 0x641e)
r1 = syz_open_dev$I2C(&(0x7f0000000a00), 0x0, 0x101000)
ioctl$I2C_PEC(r1, 0x708, 0xc9) (async)
ioctl$I2C_SMBUS(r1, 0x720, &(0x7f0000000040)={0x0, 0x3, 0x2, &(0x7f0000000440)={0x85, "86ac5909e67738d864df62139d7b3d17f45e4b161d00"}}) (async)
ioctl$DRM_IOCTL_MODE_GETCRTC(0xffffffffffffffff, 0xc06864a1, 0x0) (async)
syz_open_dev$dri(0x0, 0x2, 0x1) (async)
ioctl$DRM_IOCTL_MODE_PAGE_FLIP(r0, 0xc01864b0, &(0x7f00000002c0)={0x0, 0x0, 0xc, 0x709, 0xffffffff9799b671})

212.486593ms ago: executing program 2 (id=40618):
r0 = syz_open_dev$dri(&(0x7f0000000000), 0xfffffffffffffffc, 0x0)
ioctl$DRM_IOCTL_MODE_GETRESOURCES(r0, 0xc04064a0, &(0x7f0000000600)={0x0, 0x0, &(0x7f0000000580)=[<r1=>0x0], 0x0, 0x0, 0x0, 0x1})
ioctl$DRM_IOCTL_MODE_GETCONNECTOR(r0, 0xc05064a7, &(0x7f0000000340)={0x0, 0x0, 0x0, 0x0, 0x0, 0x0, 0x0, 0x0, r1})
r2 = syz_open_dev$dri(&(0x7f0000000000), 0x1, 0x2000)
ioctl$DRM_IOCTL_MODE_GETRESOURCES(r2, 0xc04064a0, &(0x7f00000008c0)={0x0, &(0x7f0000000800)=[<r3=>0x0], 0x0, 0x0, 0x0, 0x1})
r4 = syz_open_dev$I2C(&(0x7f0000000700), 0x0, 0x840000)
ioctl$DRM_IOCTL_MODE_SETPROPERTY(r2, 0xc01064ab, &(0x7f0000000140)={0x0, 0x0, r1})
ioctl$I2C_TENBIT(r4, 0x704, 0x0)
ioctl$I2C_RDWR(r4, 0x707, &(0x7f0000000540)={&(0x7f0000000500)=[{0xcb, 0x4300, 0xee, &(0x7f0000000040)="193e58793e88e3a33cc5be0d8c4f5cb120795650fa2dbcbd267e60eeb021581b623858a004f2c46fa3f75d9cd02132fc47e47d4980ff21f1424012df310e50b14a14e8ece3ccc2df69a3a94d2e1f6957b18d7206e9ff662e5ec39a03516b81797b79d9456efd1b94c99f0b95257f4604169f85f0f47534e213a28d3cf690605805928960cfffe119769cd8738d925a1e2d4daeec4df106599a0823176542600688efeb5af54eac5db2031001c0c8c1fe2a6e54a113b06aa25e81d88dacae63b0469813109bd9a5a9c9653df51dd6e1ce47b3c90611e6ee934a4997439cc9144b3c4bcd7105b480ed8ef132d665a9"}, {0x2, 0x0, 0x10, &(0x7f00000003c0)="7aadebd7489bb4a672e94e3b213d3391"}, {0x6, 0x1000, 0xd5, &(0x7f0000000400)="5f58e7680d630e61ddb86aea76f9ea396393fa2da78cedb9ca73e549ec98d07e6c13abfa2bbf4732c64dfa2e3ce3d05e66de83c1fa085d146de847a8e6c35a8191f5b6eda499aa66989bc53a0b817bb926973aa47134ad8cd4b85b491f95a5c84f6a969774b685e0f8c9cdd8e158890a30f4a8d8e8acc3ea262d629fd097f4cd10574b235191bb3dbc8a85708540c6cad1947ce44c063293d8d1fe1546924b450f7c4d9813cc7f490d0055fc095d58dcfa30711ec54edf4f011f41b32eeaee6ad5d48762be28454ddc76b9e3b485ea5fa25c188181"}, {0xfbff, 0x1200, 0xe00, &(0x7f00000007c0)="ec7f5a990a9db8f1ea981ce1d80d8ec2a13778ff91033f67fa7b3a2eadf0b2c4773098347afee2c5a8dd32b15fd2a8b732e06c8f1a3b1497db668958a9265324ef6882921bbbc9f370c706bad2dbfa69c30b4baecd9dff52819b9d508c846ea4d0e6d0eea6d767fbeaa5935559ebb96b702cdb7fb39dddcad5b27e9927fe417d3276e98266dd7bf2ff06e01aba1018f338ba1981a5f3ecd099a6b6e90ccc427ae523ec79aefdb0c398a53d23b8e43320441736520df75e254ba091f466c7b5522871c55581633898bc73be41e3689e97994e6c5a8877b04faeaf4fe238b750075e7bfc2ff2b5af6c15923fe2cf53ecd89d50a10263a0706d6671c2e33cd15fa15eb3c992d0156244e22b3c08371b2c9b56982dbe4a5136cc018572c28aa172ccb8bf0e59cdd9b6086d0c6229c1f8394a0713f9ad7fb64aaf36ad91b39fedc4db8d988a3a30768228c5ea64fa1d0736ced1da40ca2ed0613bdcbf0328f8066cc722446ecb0839df709da4cc55058f661379303fb857b43a755cc75efe40cfe4a3a5d4c0d6ad5a29ca839f2664e2149711fb9f8a957c919dc224c654db48f7f4e8529e999c42a0fb4ae4078ffe91f3909dfb7718a36753965b293140025ec366afd96bae70f77f2c0cb22058ec3e855d5a1a78dc5cedf519be79b43d8c1ac4c127a2c942153270247339d5dcb282094f44d46ed3485244466baad11dc5535594b2a26ee41de7afa6a3013f42c0f88263abe76d2f162be3e1e28df02c92044178847850c99fdc109f151c03a4b375b98c61368d9395bc8b01fb5649821b0d767d24a9a970122f01c2c6236d8cb10f3049b7dc5e6a742e1fb79bb4637f21a5e0d0224d2c744b68e7c24cd4f9a0db3686c90eff9b4400ce48a0daebd8d37945b853de431264b9b63979e3538f78bdd1e98717841163da11c1f105310cf8cf8a3638867a7d31a65046850d8a2b8026b64360b8f39e4c663942f27de582581c83ff976083cc65bf7ace4f8001bd869aee172fd7dbb5ea610dd44901be31b980eb7f028fd004fb423a68e719c459cef79c32b8f9e1bb4be8081f41be1af0bee97fc4833568c1e882460307de11e7f5d5a98675d9cad8c1f21545d5f2439233a888add58c1dacc2b07a637c9e564c310ffaa2d811d3e5ab51178d5f4ec46be6dd6bc6c0ebdc33bc864a6cf8168e952c526ffa4e1a754babd3b2a06f2837e651c8826fd1a76ba5f03b8991639ac6f06bb73cd17c26bb7beabf9c9eb4c3d146bb2a7da95281ce0df512d984500ee64e0295727f025af23dc0e46f01e9b090e54217ab95c415b00e4b935194e9b7ef960716d7c1050961ba486077b28162cc8d53782d230b83fc626955a019b28f21b2d75eabe9131190c284bd73b444ac475fbbc769d3bbd4ab9c8b97bc379ecda1e4969c958390fe2e5a9977d4d72b0cdf183517ee901b0b977a578d88036a25c5aaee50dc0f627fac80644fd5dc5f310f52ea539910354f447949b871415188129c7f722ee607ef04f908afa69421f55393d84cd4bcc97adb16fadec23b019923a01e68e6bb0b9459af7c0fca91d7a2e8ab5b7fa803adf189596992835943706879a74a4ae61bb9149bbc1b1e6b73f18af38370f9b456f577841bc6cf3cb3d0c676f931e4090a890e61a3b19edb80a75769690f0cefa4ac03624ff0e631c70c1e1c965247f54da1731a827ab3082f9e1a6eb7acf7a7e45335d606b04839fe555c6c6989fff6320a1e4162379d40f39e68f52c1d16fec85723f57b3bf6ed97983bc01d8cb0f1eb3fe50f769d59ae3cd0d99ab420d2cd090b7b6000eabd59e4b537603feb5a4f490fa9e4e191cf7b8050a81dc7714f736fe54b123fde1e245d60ef96ecd86bc9e711042edb578cbb4310b9cc1d6bf13175d8f4ff3c42188eade54f228a757f8db5ab3626fe03fe03f91c89e28a9d2d6af073554131c212d270e88add8105051ddc77ca4a4c7ed8594b87039c222ff71f723965d74c377f9b09c93dbc027e13d2c629da22d632542f8a773cac5365f8a4f4e6bccbe7ed1d96f10f3d83bcd80a5a0a19f7af360290555afff26fe419c1199db84764550c0c17a3f68f8625f47d74ce9fce1f95a24efcfcd09c1797e6325278001813533cbcee4edaec6a8b9e9d1858ba94e4daeb3ce09d287d7dd8c92275069b4d31a3c73243662b67e0b08be2d8d66bc5c3c0789d3fbcb0438ad96c0f65d24571123a81aa820ba2027f7b735b638400a8cfd0b39362d0a5c0aa5d56ac269e93ad8fc6988e2b88e5f54f68b2ee822fa4338e771119439a8dfe843979059a984d258db487066829bfc6773266ac8fe99df4ba91079f7204803b74311b153b6c21f11402bec029e15e23830e5116ff0f77336e87f2cba1915c5d1508d73add4ca23fd400996d55c8ae185a153a2003394e9538dab27ff538dabb980364dcb74c93736041ba5cd4c6c37899b92fffddd2b153038074777f082de912f61fa8d3694524e9e665df02ccc34796497bf03cdb8662bbc5f1173d96a644557a978e41c55c1de4d4c01c04ecbb4514cf20be6f167ab5d0ab57d061e180991e8da833c62b0c41cc7408b19c95181dac14d8634170f087d44ad7c29e2073982e9c927123baa8f6240ac6a02afb0c65dd370e47976684a2242c1f46cafb627fa9703b7ff88dab043478356bfef9d1ed3d7094c84ea94132071f830287b8d1dc8ee882da1c7534b03398af2cfcd2f316274d9ce4fc4d7150cd6b8e79043a9b2a41eeff828bd804776fb19f817987e07ee78a8764f08883c93dd7fe9d67715191a2f742a410778f90c7fbed84efdec2b83c9d0982b92e17debfdf1914a85bc95f9bc9b14f72163889a03bff0f814945eaec900af16efc4368fa1c3a95697a08709afb4120e523975249a9e287094cd32a012e84f2985bbc0b53e765167703df2b2a2d91395b285ddf0bddb76e73587006bf130a1c0166fa2cd76fc205ad6d3130b593472adb418804da1007c610790cde23cc39abcade4f8cd00f47a73d53798a3ea659834e32b3b546ec5e62acf66343303452135663536fc5ac167427ae3d5cc6aa7ffa9b941a546c88ca060d2aba51580144e55f1c1d0380e72b12fda2929d747df9c28290fb001665faba01e930ea92f3dd82b2300b92ee81cbe31c068565b8619022fc3dae117dc5de66c62638c9c309a3d18dad6b4921cf9a5f886f1937e957b344efda202be07e9f43f6067f4c6deddfb15fea49a6119307a1a0dea65bf3c3cae73e113c18689489905d18926285d51b455933b9d02cfc28d8c0e4076c2d660a3b3e2cce1d4d0e4439dc3a7c79e55a2d6f0c0d7b615f7f553777a14282fddebbde85478ae4133c4ec4d171b4c7793083840562a343c9cb28445cb7be6258ba5a7b7027fb3460912c4b94f9988d595e65c999c9e884609ebcc0442d8f81d0d867193f63a51fe3ce5db20a3fcce9719f0ec16a8c1cee9f444a692680c2e9eeeb7367a00713410e4787560d090870d483c5902806331f2d36acc4b66469d95ace73d50f5e353f0b24ecc9ddedf4c3d64c2adfcb3e70b53001c7661f9803c6b245e3c046c15e9ee1d0fb97327b864084863cb092602aed966ff7a37e9131c13b6d706b896361b958b1148028815d8ee57b28ba6fc1da7aef6731f101afa9355ac7792bbce8c380cc1a8017b6839c440936e8c46a550a8efc6723ed95a699174397a9a08544971c9c5f8fd681bd8c2f1208d02adbc8b085004ed1b83edae14fc2bb5068a89db4edecac5331912fe1bf90ddacf3d62d324f1cc6a7a44e7325c2bbeb98c1f1f7a8f462180c3019b4344f95dbf5697f398f7c8ea6d30b1f3b70817db9c9ea02f390f6ffa70a5be2335fe5b628963e45ef94e35155eec5a9869346172e0613c3dcbc790b8c9959ba19a79a0eade1c93963cdfaeb219813781a4aba6d5647c574e693dc3dfb07d490d9ea5cc8f62b43dd64c5de850ce2f839c419fbbe7d49be408d6141529029f98dae7bc4b418ef229c94f64f3a23943087ade715ef769d24f81ed2573fcecef8173a786d3ffe9907d92732e55066790987cfbb869bbc7ad79e8b81eb0c9bab19f415f307052348098acfeba8afa4002fb528187ff3ddef0e3b17e019198ade2fd1d13d6724de01aa9c616ee1e914841415999b0e259b19eb1fa54a7f5e610084decaed0b1de95aa4ce6d580874b74f84d25b37322e50b97ab1091ea2b9dd6ba57cd403eab2003ecf4ca6365ac227ec6612a195b7a010a306654124f5757da082bf4214eda57cf7a0ddac611c17c84cdd864a9b777376c6212cde82b1c949d3a3534404bc5a7b17b25190d5322088642d5552c3d8473b5ecb4af0a6d4250d63f0024134ee7e830e71c573ac8f77fe55df5df688d69227eeff80d1d4017326ec721e7b70bd621955686268d303580634ed911a002ab223bee0c937c614b54bfdac850d0f3f0cd76d0c38c978175a043f29ab25d62f74758fd26deb894359c32428b112b6fefa1b975fcf1692d0804b7be0de7a07972f9e09bd9360e23afb6a2c3a98b2dda5450e5f83412a3447e6814e952b78e231a2c689e0e96589f567038ed1415e8b493afe7b9543618e1ff08b95aa7f5e23c6a50369e66d0193230616597d96f46126954c047a33979040bb1d22eef6e405d0d83d3de89785a0c33524f86692ba9a305368e0455bbc5a11579d54f3dec3c68175246619a5e187d4da2ae44761b4387900dd79a4bbdfd4f72914d20c7695874c1c8597d14e81edb81b115710f80590978374f127624eccc0220c3a648c6936de13a9dfca4ff64411fe5fdbc5c77b77c921de669b458f164c21984437709e09cdbd5596ad9a990bcba883fdccd826e98b4764972b67633bc367eef4acd69827a674983f907da16dd19f4f43931a57e84695c9a6e3e5c54532a17573b30953387862c0e5fe0fc21540e3919a42ab1e80e755ebd013afd40e3899683343f95add7e272a0cb7ad247aa8a9cfba667bbdc648a4a6ad0647dce27d388b2a6f16310287c2ae37241f7d17eea2bba200b9e4ef22b933e20c56f08d147b85a9cbc2c9edc9800de2914f795e"}], 0x4})
ioctl$DRM_IOCTL_MODE_SETCRTC(r2, 0xc06864a2, &(0x7f0000000a40)={0x0, 0x0, r3, 0x0, 0x7769, 0x9, 0x2de2, 0x0, {0xfdc, 0x101, 0x6, 0x3, 0xe, 0x6885, 0x200, 0xb, 0x4, 0x1000, 0x2, 0x2, 0x8, 0x8, "8322464664230edd11aef90d57193ae7d9764dfa244ec127acf1f99aa79d72c9"}})
syz_open_dev$dri(&(0x7f0000000000), 0xfffffffffffffffc, 0x0) (async)
ioctl$DRM_IOCTL_MODE_GETRESOURCES(r0, 0xc04064a0, &(0x7f0000000600)={0x0, 0x0, &(0x7f0000000580)=[0x0], 0x0, 0x0, 0x0, 0x1}) (async)
ioctl$DRM_IOCTL_MODE_GETCONNECTOR(r0, 0xc05064a7, &(0x7f0000000340)={0x0, 0x0, 0x0, 0x0, 0x0, 0x0, 0x0, 0x0, r1}) (async)
syz_open_dev$dri(&(0x7f0000000000), 0x1, 0x2000) (async)
ioctl$DRM_IOCTL_MODE_GETRESOURCES(r2, 0xc04064a0, &(0x7f00000008c0)={0x0, &(0x7f0000000800)=[0x0], 0x0, 0x0, 0x0, 0x1}) (async)
syz_open_dev$I2C(&(0x7f0000000700), 0x0, 0x840000) (async)
ioctl$DRM_IOCTL_MODE_SETPROPERTY(r2, 0xc01064ab, &(0x7f0000000140)={0x0, 0x0, r1}) (async)
ioctl$I2C_TENBIT(r4, 0x704, 0x0) (async)
ioctl$I2C_RDWR(r4, 0x707, &(0x7f0000000540)={&(0x7f0000000500)=[{0xcb, 0x4300, 0xee, &(0x7f0000000040)="193e58793e88e3a33cc5be0d8c4f5cb120795650fa2dbcbd267e60eeb021581b623858a004f2c46fa3f75d9cd02132fc47e47d4980ff21f1424012df310e50b14a14e8ece3ccc2df69a3a94d2e1f6957b18d7206e9ff662e5ec39a03516b81797b79d9456efd1b94c99f0b95257f4604169f85f0f47534e213a28d3cf690605805928960cfffe119769cd8738d925a1e2d4daeec4df106599a0823176542600688efeb5af54eac5db2031001c0c8c1fe2a6e54a113b06aa25e81d88dacae63b0469813109bd9a5a9c9653df51dd6e1ce47b3c90611e6ee934a4997439cc9144b3c4bcd7105b480ed8ef132d665a9"}, {0x2, 0x0, 0x10, &(0x7f00000003c0)="7aadebd7489bb4a672e94e3b213d3391"}, {0x6, 0x1000, 0xd5, &(0x7f0000000400)="5f58e7680d630e61ddb86aea76f9ea396393fa2da78cedb9ca73e549ec98d07e6c13abfa2bbf4732c64dfa2e3ce3d05e66de83c1fa085d146de847a8e6c35a8191f5b6eda499aa66989bc53a0b817bb926973aa47134ad8cd4b85b491f95a5c84f6a969774b685e0f8c9cdd8e158890a30f4a8d8e8acc3ea262d629fd097f4cd10574b235191bb3dbc8a85708540c6cad1947ce44c063293d8d1fe1546924b450f7c4d9813cc7f490d0055fc095d58dcfa30711ec54edf4f011f41b32eeaee6ad5d48762be28454ddc76b9e3b485ea5fa25c188181"}, {0xfbff, 0x1200, 0xe00, &(0x7f00000007c0)="ec7f5a990a9db8f1ea981ce1d80d8ec2a13778ff91033f67fa7b3a2eadf0b2c4773098347afee2c5a8dd32b15fd2a8b732e06c8f1a3b1497db668958a9265324ef6882921bbbc9f370c706bad2dbfa69c30b4baecd9dff52819b9d508c846ea4d0e6d0eea6d767fbeaa5935559ebb96b702cdb7fb39dddcad5b27e9927fe417d3276e98266dd7bf2ff06e01aba1018f338ba1981a5f3ecd099a6b6e90ccc427ae523ec79aefdb0c398a53d23b8e43320441736520df75e254ba091f466c7b5522871c55581633898bc73be41e3689e97994e6c5a8877b04faeaf4fe238b750075e7bfc2ff2b5af6c15923fe2cf53ecd89d50a10263a0706d6671c2e33cd15fa15eb3c992d0156244e22b3c08371b2c9b56982dbe4a5136cc018572c28aa172ccb8bf0e59cdd9b6086d0c6229c1f8394a0713f9ad7fb64aaf36ad91b39fedc4db8d988a3a30768228c5ea64fa1d0736ced1da40ca2ed0613bdcbf0328f8066cc722446ecb0839df709da4cc55058f661379303fb857b43a755cc75efe40cfe4a3a5d4c0d6ad5a29ca839f2664e2149711fb9f8a957c919dc224c654db48f7f4e8529e999c42a0fb4ae4078ffe91f3909dfb7718a36753965b293140025ec366afd96bae70f77f2c0cb22058ec3e855d5a1a78dc5cedf519be79b43d8c1ac4c127a2c942153270247339d5dcb282094f44d46ed3485244466baad11dc5535594b2a26ee41de7afa6a3013f42c0f88263abe76d2f162be3e1e28df02c92044178847850c99fdc109f151c03a4b375b98c61368d9395bc8b01fb5649821b0d767d24a9a970122f01c2c6236d8cb10f3049b7dc5e6a742e1fb79bb4637f21a5e0d0224d2c744b68e7c24cd4f9a0db3686c90eff9b4400ce48a0daebd8d37945b853de431264b9b63979e3538f78bdd1e98717841163da11c1f105310cf8cf8a3638867a7d31a65046850d8a2b8026b64360b8f39e4c663942f27de582581c83ff976083cc65bf7ace4f8001bd869aee172fd7dbb5ea610dd44901be31b980eb7f028fd004fb423a68e719c459cef79c32b8f9e1bb4be8081f41be1af0bee97fc4833568c1e882460307de11e7f5d5a98675d9cad8c1f21545d5f2439233a888add58c1dacc2b07a637c9e564c310ffaa2d811d3e5ab51178d5f4ec46be6dd6bc6c0ebdc33bc864a6cf8168e952c526ffa4e1a754babd3b2a06f2837e651c8826fd1a76ba5f03b8991639ac6f06bb73cd17c26bb7beabf9c9eb4c3d146bb2a7da95281ce0df512d984500ee64e0295727f025af23dc0e46f01e9b090e54217ab95c415b00e4b935194e9b7ef960716d7c1050961ba486077b28162cc8d53782d230b83fc626955a019b28f21b2d75eabe9131190c284bd73b444ac475fbbc769d3bbd4ab9c8b97bc379ecda1e4969c958390fe2e5a9977d4d72b0cdf183517ee901b0b977a578d88036a25c5aaee50dc0f627fac80644fd5dc5f310f52ea539910354f447949b871415188129c7f722ee607ef04f908afa69421f55393d84cd4bcc97adb16fadec23b019923a01e68e6bb0b9459af7c0fca91d7a2e8ab5b7fa803adf189596992835943706879a74a4ae61bb9149bbc1b1e6b73f18af38370f9b456f577841bc6cf3cb3d0c676f931e4090a890e61a3b19edb80a75769690f0cefa4ac03624ff0e631c70c1e1c965247f54da1731a827ab3082f9e1a6eb7acf7a7e45335d606b04839fe555c6c6989fff6320a1e4162379d40f39e68f52c1d16fec85723f57b3bf6ed97983bc01d8cb0f1eb3fe50f769d59ae3cd0d99ab420d2cd090b7b6000eabd59e4b537603feb5a4f490fa9e4e191cf7b8050a81dc7714f736fe54b123fde1e245d60ef96ecd86bc9e711042edb578cbb4310b9cc1d6bf13175d8f4ff3c42188eade54f228a757f8db5ab3626fe03fe03f91c89e28a9d2d6af073554131c212d270e88add8105051ddc77ca4a4c7ed8594b87039c222ff71f723965d74c377f9b09c93dbc027e13d2c629da22d632542f8a773cac5365f8a4f4e6bccbe7ed1d96f10f3d83bcd80a5a0a19f7af360290555afff26fe419c1199db84764550c0c17a3f68f8625f47d74ce9fce1f95a24efcfcd09c1797e6325278001813533cbcee4edaec6a8b9e9d1858ba94e4daeb3ce09d287d7dd8c92275069b4d31a3c73243662b67e0b08be2d8d66bc5c3c0789d3fbcb0438ad96c0f65d24571123a81aa820ba2027f7b735b638400a8cfd0b39362d0a5c0aa5d56ac269e93ad8fc6988e2b88e5f54f68b2ee822fa4338e771119439a8dfe843979059a984d258db487066829bfc6773266ac8fe99df4ba91079f7204803b74311b153b6c21f11402bec029e15e23830e5116ff0f77336e87f2cba1915c5d1508d73add4ca23fd400996d55c8ae185a153a2003394e9538dab27ff538dabb980364dcb74c93736041ba5cd4c6c37899b92fffddd2b153038074777f082de912f61fa8d3694524e9e665df02ccc34796497bf03cdb8662bbc5f1173d96a644557a978e41c55c1de4d4c01c04ecbb4514cf20be6f167ab5d0ab57d061e180991e8da833c62b0c41cc7408b19c95181dac14d8634170f087d44ad7c29e2073982e9c927123baa8f6240ac6a02afb0c65dd370e47976684a2242c1f46cafb627fa9703b7ff88dab043478356bfef9d1ed3d7094c84ea94132071f830287b8d1dc8ee882da1c7534b03398af2cfcd2f316274d9ce4fc4d7150cd6b8e79043a9b2a41eeff828bd804776fb19f817987e07ee78a8764f08883c93dd7fe9d67715191a2f742a410778f90c7fbed84efdec2b83c9d0982b92e17debfdf1914a85bc95f9bc9b14f72163889a03bff0f814945eaec900af16efc4368fa1c3a95697a08709afb4120e523975249a9e287094cd32a012e84f2985bbc0b53e765167703df2b2a2d91395b285ddf0bddb76e73587006bf130a1c0166fa2cd76fc205ad6d3130b593472adb418804da1007c610790cde23cc39abcade4f8cd00f47a73d53798a3ea659834e32b3b546ec5e62acf66343303452135663536fc5ac167427ae3d5cc6aa7ffa9b941a546c88ca060d2aba51580144e55f1c1d0380e72b12fda2929d747df9c28290fb001665faba01e930ea92f3dd82b2300b92ee81cbe31c068565b8619022fc3dae117dc5de66c62638c9c309a3d18dad6b4921cf9a5f886f1937e957b344efda202be07e9f43f6067f4c6deddfb15fea49a6119307a1a0dea65bf3c3cae73e113c18689489905d18926285d51b455933b9d02cfc28d8c0e4076c2d660a3b3e2cce1d4d0e4439dc3a7c79e55a2d6f0c0d7b615f7f553777a14282fddebbde85478ae4133c4ec4d171b4c7793083840562a343c9cb28445cb7be6258ba5a7b7027fb3460912c4b94f9988d595e65c999c9e884609ebcc0442d8f81d0d867193f63a51fe3ce5db20a3fcce9719f0ec16a8c1cee9f444a692680c2e9eeeb7367a00713410e4787560d090870d483c5902806331f2d36acc4b66469d95ace73d50f5e353f0b24ecc9ddedf4c3d64c2adfcb3e70b53001c7661f9803c6b245e3c046c15e9ee1d0fb97327b864084863cb092602aed966ff7a37e9131c13b6d706b896361b958b1148028815d8ee57b28ba6fc1da7aef6731f101afa9355ac7792bbce8c380cc1a8017b6839c440936e8c46a550a8efc6723ed95a699174397a9a08544971c9c5f8fd681bd8c2f1208d02adbc8b085004ed1b83edae14fc2bb5068a89db4edecac5331912fe1bf90ddacf3d62d324f1cc6a7a44e7325c2bbeb98c1f1f7a8f462180c3019b4344f95dbf5697f398f7c8ea6d30b1f3b70817db9c9ea02f390f6ffa70a5be2335fe5b628963e45ef94e35155eec5a9869346172e0613c3dcbc790b8c9959ba19a79a0eade1c93963cdfaeb219813781a4aba6d5647c574e693dc3dfb07d490d9ea5cc8f62b43dd64c5de850ce2f839c419fbbe7d49be408d6141529029f98dae7bc4b418ef229c94f64f3a23943087ade715ef769d24f81ed2573fcecef8173a786d3ffe9907d92732e55066790987cfbb869bbc7ad79e8b81eb0c9bab19f415f307052348098acfeba8afa4002fb528187ff3ddef0e3b17e019198ade2fd1d13d6724de01aa9c616ee1e914841415999b0e259b19eb1fa54a7f5e610084decaed0b1de95aa4ce6d580874b74f84d25b37322e50b97ab1091ea2b9dd6ba57cd403eab2003ecf4ca6365ac227ec6612a195b7a010a306654124f5757da082bf4214eda57cf7a0ddac611c17c84cdd864a9b777376c6212cde82b1c949d3a3534404bc5a7b17b25190d5322088642d5552c3d8473b5ecb4af0a6d4250d63f0024134ee7e830e71c573ac8f77fe55df5df688d69227eeff80d1d4017326ec721e7b70bd621955686268d303580634ed911a002ab223bee0c937c614b54bfdac850d0f3f0cd76d0c38c978175a043f29ab25d62f74758fd26deb894359c32428b112b6fefa1b975fcf1692d0804b7be0de7a07972f9e09bd9360e23afb6a2c3a98b2dda5450e5f83412a3447e6814e952b78e231a2c689e0e96589f567038ed1415e8b493afe7b9543618e1ff08b95aa7f5e23c6a50369e66d0193230616597d96f46126954c047a33979040bb1d22eef6e405d0d83d3de89785a0c33524f86692ba9a305368e0455bbc5a11579d54f3dec3c68175246619a5e187d4da2ae44761b4387900dd79a4bbdfd4f72914d20c7695874c1c8597d14e81edb81b115710f80590978374f127624eccc0220c3a648c6936de13a9dfca4ff64411fe5fdbc5c77b77c921de669b458f164c21984437709e09cdbd5596ad9a990bcba883fdccd826e98b4764972b67633bc367eef4acd69827a674983f907da16dd19f4f43931a57e84695c9a6e3e5c54532a17573b30953387862c0e5fe0fc21540e3919a42ab1e80e755ebd013afd40e3899683343f95add7e272a0cb7ad247aa8a9cfba667bbdc648a4a6ad0647dce27d388b2a6f16310287c2ae37241f7d17eea2bba200b9e4ef22b933e20c56f08d147b85a9cbc2c9edc9800de2914f795e"}], 0x4}) (async)
ioctl$DRM_IOCTL_MODE_SETCRTC(r2, 0xc06864a2, &(0x7f0000000a40)={0x0, 0x0, r3, 0x0, 0x7769, 0x9, 0x2de2, 0x0, {0xfdc, 0x101, 0x6, 0x3, 0xe, 0x6885, 0x200, 0xb, 0x4, 0x1000, 0x2, 0x2, 0x8, 0x8, "8322464664230edd11aef90d57193ae7d9764dfa244ec127acf1f99aa79d72c9"}}) (async)

317.649µs ago: executing program 1 (id=40619):
r0 = openat$drirender128(0xffffffffffffff9c, &(0x7f0000000000), 0x200000, 0x0)
ioctl$DRM_IOCTL_MODE_CREATE_DUMB(r0, 0xc02064b2, &(0x7f0000000040)={0x0, 0x9, 0x4})
syz_open_dev$I2C(0x0, 0x0, 0x22000)

0s ago: executing program 3 (id=40620):
ioctl$DRM_IOCTL_PRIME_HANDLE_TO_FD(0xffffffffffffffff, 0xc00c642d, &(0x7f0000000040)={0x0, 0x0, <r0=>0xffffffffffffffff})
ioctl$DRM_IOCTL_GET_UNIQUE(r0, 0xc0106401, &(0x7f0000000180)={0xe7, &(0x7f0000000080)=""/231})
r1 = syz_open_dev$dri(&(0x7f0000000340), 0xfaa, 0x800)
ioctl$DRM_IOCTL_MODE_ADDFB(r1, 0xc01c64ae, &(0x7f0000000000)={0x0, 0x5, 0x3, 0x8, 0x403, 0xa, 0x9})

0s ago: executing program 1 (id=40621):
r0 = syz_open_dev$dri(&(0x7f0000000300), 0xfffffffffffffffa, 0x40800)
ioctl$DRM_IOCTL_MODE_GETPLANE(r0, 0xc02064b6, &(0x7f0000000980)={0x0, <r1=>0x0, 0x0, 0x0, 0x0, 0x1, &(0x7f0000000940)=[0x0]})
ioctl$DRM_IOCTL_MODE_OBJ_SETPROPERTY(r0, 0xc01864ba, &(0x7f00000009c0)={0x5, 0x0, r1, 0xdededede})
r2 = syz_open_dev$dri(&(0x7f0000000000), 0xbff, 0x109000)
r3 = syz_open_dev$dri(&(0x7f0000000000), 0xfffffffffffffffc, 0x0)
ioctl$DRM_IOCTL_MODE_GETRESOURCES(r3, 0xc04064a0, &(0x7f0000000600)={0x0, 0x0, &(0x7f0000000580)=[<r4=>0x0], 0x0, 0x0, 0x0, 0x1})
ioctl$DRM_IOCTL_MODE_GETCONNECTOR(r3, 0xc05064a7, &(0x7f0000000340)={0x0, 0x0, 0x0, 0x0, 0x15, 0x0, 0x0, 0x0, r4})
ioctl$DRM_IOCTL_MODE_GETRESOURCES(0xffffffffffffffff, 0xc04064a0, &(0x7f0000000180)={&(0x7f0000000080)=[0x0, 0x0], &(0x7f00000000c0)=[<r5=>0x0, <r6=>0x0, 0x0, <r7=>0x0, 0x0], &(0x7f0000000100)=[0x0, 0x0, 0x0, 0x0, <r8=>0x0, 0x0, 0x0], &(0x7f0000000140)=[0x0, 0x0, 0x0, 0x0, 0x0, 0x0, 0x0, 0x0, 0x0], 0x2, 0x5, 0x7, 0x9})
ioctl$DRM_IOCTL_MODE_GETRESOURCES(r2, 0xc04064a0, &(0x7f00000002c0)={&(0x7f00000001c0)=[0x0, 0x0, 0x0, 0x0, 0x0, 0x0, 0x0, 0x0], &(0x7f0000000200)=[0x0], &(0x7f0000000240)=[0x0, 0x0, <r9=>0x0, 0x0, 0x0, <r10=>0x0], &(0x7f0000000280)=[0x0, 0x0, 0x0], 0x8, 0x1, 0x6, 0x3})
ioctl$DRM_IOCTL_MODE_GETRESOURCES(r2, 0xc04064a0, &(0x7f0000000440)={&(0x7f0000000340)=[0x0, 0x0, 0x0, <r11=>0x0, 0x0, 0x0], &(0x7f0000000380)=[0x0], &(0x7f00000003c0)=[0x0, 0x0, 0x0, 0x0, 0x0, 0x0, 0x0, <r12=>0x0, 0x0, 0x0], &(0x7f0000000400)=[0x0, <r13=>0x0, 0x0, 0x0, 0x0, 0x0, <r14=>0x0], 0x6, 0x1, 0xa, 0x7})
ioctl$DRM_IOCTL_MODE_GETRESOURCES(r2, 0xc04064a0, &(0x7f0000000740)={&(0x7f00000004c0)=[0x0, 0x0, 0x0], &(0x7f0000000680)=[0x0, 0x0, 0x0, <r15=>0x0, <r16=>0x0], &(0x7f00000006c0)=[0x0, 0x0, 0x0, 0x0], &(0x7f0000000700)=[0x0], 0x3, 0x5, 0x4, 0x1})
ioctl$DRM_IOCTL_MODE_GETPLANE(r3, 0xc02064b6, &(0x7f0000000500)={0x0, <r17=>r16, 0x0, 0x0, 0x0, 0x0, &(0x7f00000004c0)})
ioctl$DRM_IOCTL_MODE_GETCRTC(r0, 0xc06864a1, &(0x7f0000000580)={&(0x7f0000000540)=[0x0, 0x0, 0x0, 0x0, 0x0, 0x0, 0x0, 0x0, 0x0, 0x0], 0xa, 0x0, <r18=>0x0})
ioctl$DRM_IOCTL_MODE_SETCRTC(r0, 0xc06864a2, &(0x7f0000000600)={&(0x7f0000000480)=[r4, r8, r10, r12], 0x4, r17, r18, 0x81d, 0x9, 0x0, 0xc9, {0x9, 0xfffd, 0xffc3, 0x800, 0x4, 0x7, 0x7, 0x5, 0xc, 0x9, 0x7, 0x0, 0x8, 0x8, "d3b05e2716613ee079b1b7418638c7aa677201ae87aa27b0727166d0e98cd7e8"}})
r19 = syz_open_dev$dri(&(0x7f0000000000), 0x3fffc0, 0x20000)
ioctl$DRM_IOCTL_SYNCOBJ_FD_TO_HANDLE_SYNC_FILE(r19, 0xc01864c2, &(0x7f0000000780)={<r20=>0x0})
ioctl$DRM_IOCTL_MODE_CURSOR(r0, 0xc01c64a3, &(0x7f0000000a00)={0x2, r5, 0x6, 0x1a, 0x0, 0xd, 0x4b4a})
ioctl$DRM_IOCTL_SYNCOBJ_FD_TO_HANDLE_SYNC_FILE(r19, 0xc01864c2, &(0x7f00000007c0)={<r21=>0x0})
ioctl$DRM_IOCTL_SYNCOBJ_FD_TO_HANDLE_FD(r0, 0xc01864c2, &(0x7f0000000800)={<r22=>0x0})
ioctl$DRM_IOCTL_SYNCOBJ_FD_TO_HANDLE_FD(r19, 0xc01864c2, &(0x7f0000000840)={<r23=>0x0})
ioctl$DRM_IOCTL_SYNCOBJ_FD_TO_HANDLE_FD(0xffffffffffffffff, 0xc01864c2, &(0x7f0000000480)={<r24=>0x0})
ioctl$DRM_IOCTL_SYNCOBJ_SIGNAL(0xffffffffffffffff, 0xc01064c5, &(0x7f0000000500)={&(0x7f00000004c0)=[0x0, 0x0, 0x0, r24], 0x4})
ioctl$DRM_IOCTL_MODE_GETPLANERESOURCES(r0, 0xc01064b5, &(0x7f0000000a80)={&(0x7f0000000a40)=[0x0], 0x1})
ioctl$DRM_IOCTL_MODE_CREATE_LEASE(r0, 0xc01864c6, &(0x7f0000000b00)={&(0x7f0000000b40)=[r11, 0x0, r14, r18, r14, r6, r15, r9, r13, r7], 0x4000038b, 0x80800})
ioctl$DRM_IOCTL_SYNCOBJ_SIGNAL(r3, 0xc01064c5, &(0x7f00000008c0)={&(0x7f0000000880)=[r20, r21, r22, r23, r24], 0x5})
ioctl$DRM_IOCTL_SYNCOBJ_TIMELINE_SIGNAL(r19, 0xc01864cd, &(0x7f0000000200)={0x0, 0x0, 0x0, 0x1})
r25 = syz_open_dev$dri(&(0x7f0000000000), 0x2, 0x20001)
ioctl$DRM_IOCTL_GET_CAP(r25, 0xc010640c, &(0x7f0000000240)={0x8})
ioctl$DRM_IOCTL_SYNCOBJ_HANDLE_TO_FD_FD(r0, 0xc01864c1, &(0x7f0000000900)={r21})
ioctl$DRM_IOCTL_WAIT_VBLANK(r2, 0xc018643a, &(0x7f0000000040)={0x4000000, 0x3, 0x7ff})

kernel console output (not intermixed with test programs):

42] Node 0 DMA32 free:550844kB boost:0kB min:34836kB low:43544kB high:52252kB reserved_highatomic:0KB free_highatomic:0KB active_anon:14296kB inactive_anon:0kB active_file:17860kB inactive_file:101268kB unevictable:5072kB writepending:7692kB zspages:0kB present:2080772kB managed:1204832kB mlocked:0kB bounce:0kB free_pcp:19888kB local_pcp:96kB free_cma:0kB
[ 2659.382234][T129742] lowmem_reserve[]: 0 0 0 0 0
[ 2659.408422][T129742] Node 1 DMA32 free:946608kB boost:0kB min:29136kB low:36420kB high:43704kB reserved_highatomic:0KB free_highatomic:0KB active_anon:284kB inactive_anon:0kB active_file:6300kB inactive_file:204kB unevictable:0kB writepending:5248kB zspages:0kB present:1048444kB managed:982908kB mlocked:0kB bounce:0kB free_pcp:23608kB local_pcp:8292kB free_cma:0kB
[ 2659.425531][T129742] lowmem_reserve[]: 0 0 846 846 846
[ 2659.428960][T129742] Node 1 Normal free:318960kB boost:0kB min:25680kB low:32100kB high:38520kB reserved_highatomic:0KB free_highatomic:0KB active_anon:14312kB inactive_anon:0kB active_file:13264kB inactive_file:160688kB unevictable:5072kB writepending:3760kB zspages:0kB present:1048576kB managed:866440kB mlocked:0kB bounce:0kB free_pcp:6900kB local_pcp:1384kB free_cma:0kB
[ 2659.458011][T129742] lowmem_reserve[]: 0 0 0 0 0
[ 2659.461255][T129742] Node 0 DMA: 4*4kB (U) 4*8kB (U) 4*16kB (U) 2*32kB (U) 3*64kB (U) 2*128kB (U) 4*256kB (U) 4*512kB (U) 5*1024kB (U) 3*2048kB (U) 0*4096kB = 14960kB
[ 2659.537858][T129742] Node 0 DMA32: 773*4kB (UME) 1811*8kB (UME) 1069*16kB (UME) 589*32kB (UME) 17*64kB (UM) 501*128kB (UME) 349*256kB (UM) 255*512kB (UE) 207*1024kB (U) 0*2048kB 0*4096kB = 550620kB
[ 2659.564335][T129742] Node 1 DMA32: 8*4kB (UM) 24*8kB (UME) 17*16kB (UM) 26*32kB (UME) 7*64kB (UME) 6*128kB (UME) 4*256kB (UME) 10*512kB (UME) 4*1024kB (M) 6*2048kB (UE) 225*4096kB (UM) = 946672kB
[ 2659.584927][T129742] Node 1 Normal: 1204*4kB (UME) 99*8kB (UME) 51*16kB (UE) 697*32kB (UE) 596*64kB (U) 243*128kB (U) 122*256kB (U) 136*512kB (U) 118*1024kB (U) 0*2048kB 0*4096kB = 319672kB
[ 2659.608732][T129742] Node 0 hugepages_total=2 hugepages_free=2 hugepages_surp=0 hugepages_size=2048kB
[ 2659.620346][T129742] Node 1 hugepages_total=2 hugepages_free=2 hugepages_surp=0 hugepages_size=2048kB
[ 2659.625031][T129742] 78473 total pagecache pages
[ 2659.635341][T129742] 0 pages in swap cache
[ 2659.644803][T129742] Free swap  = 124996kB
[ 2659.647193][T129742] Total swap = 124996kB
[ 2659.651916][T129742] 1048446 pages RAM
[ 2659.665277][T129742] 0 pages HighMem/MovableOnly
[ 2659.668339][T129742] 281061 pages reserved
[ 2659.671258][T129742] 0 pages cma reserved
[ 2659.765218][    C2] vkms_vblank_simulate: vblank timer overrun
[ 2662.780157][    C2] vkms_vblank_simulate: vblank timer overrun
[ 2663.455858][    C2] vkms_vblank_simulate: vblank timer overrun
[ 2666.319218][T130115] i2c i2c-0: Invalid block write size 34
[ 2666.696758][    C2] vkms_vblank_simulate: vblank timer overrun
[ 2668.049232][T130190] i2c i2c-0: Invalid block write size 34
[ 2669.667969][T130279] warn_alloc: 6 callbacks suppressed
[ 2669.667989][T130279] syz.3.38219: vmalloc error: size 35651584, failed to allocated page array size 69632, mode:0xdc2(GFP_KERNEL|__GFP_HIGHMEM|__GFP_ZERO), nodemask=(null),cpuset=/,mems_allowed=0-1
[ 2669.711005][T130279] CPU: 3 UID: 0 PID: 130279 Comm: syz.3.38219 Not tainted 6.18.0 #1 PREEMPT(full) 
[ 2669.711034][T130279] Hardware name: QEMU Standard PC (i440FX + PIIX, 1996), BIOS rel-1.16.3-0-ga6ed6b701f0a-prebuilt.qemu.org 04/01/2014
[ 2669.711046][T130279] Call Trace:
[ 2669.711053][T130279]  <TASK>
[ 2669.711062][T130279]  dump_stack_lvl+0x180/0x1b0
[ 2669.711097][T130279]  warn_alloc+0x211/0x360
[ 2669.711121][T130279]  ? __pfx_warn_alloc+0x10/0x10
[ 2669.711159][T130279]  ? __pfx_alloc_vmap_area+0x10/0x10
[ 2669.711183][T130279]  ? __get_vm_area_node+0x10c/0x340
[ 2669.711215][T130279]  ? drm_property_create_blob.part.0+0x34/0x320
[ 2669.711242][T130279]  ? __vmalloc_node_noprof+0xac/0xf0
[ 2669.711273][T130279]  __vmalloc_node_range_noprof+0xfaa/0x13b0
[ 2669.711306][T130279]  ? drm_property_create_blob.part.0+0x34/0x320
[ 2669.711337][T130279]  ? __pfx___vmalloc_node_range_noprof+0x10/0x10
[ 2669.711717][T130279]  __kvmalloc_node_noprof+0x41f/0x9d0
[ 2669.711742][T130279]  ? drm_property_create_blob.part.0+0x34/0x320
[ 2669.711768][T130279]  ? drm_property_create_blob.part.0+0x34/0x320
[ 2669.711796][T130279]  ? drm_property_create_blob.part.0+0x34/0x320
[ 2669.711819][T130279]  drm_property_create_blob.part.0+0x34/0x320
[ 2669.711848][T130279]  drm_mode_createblob_ioctl+0x139/0x490
[ 2669.711877][T130279]  drm_ioctl_kernel+0x1ed/0x3e0
[ 2669.711894][T130279]  ? __pfx_drm_mode_createblob_ioctl+0x10/0x10
[ 2669.711920][T130279]  ? __pfx_drm_ioctl_kernel+0x10/0x10
[ 2669.711945][T130279]  drm_ioctl+0x574/0xb90
[ 2669.711963][T130279]  ? __pfx_drm_mode_createblob_ioctl+0x10/0x10
[ 2669.711990][T130279]  ? __pfx_drm_ioctl+0x10/0x10
[ 2669.712009][T130279]  ? hook_file_ioctl_common+0x146/0x3f0
[ 2669.712039][T130279]  ? __fget_files+0x1fb/0x3b0
[ 2669.712063][T130279]  ? __pfx_drm_ioctl+0x10/0x10
[ 2669.712082][T130279]  __x64_sys_ioctl+0x18f/0x210
[ 2669.712102][T130279]  do_syscall_64+0xcb/0xfa0
[ 2669.712132][T130279]  entry_SYSCALL_64_after_hwframe+0x77/0x7f
[ 2669.712151][T130279] RIP: 0033:0x7feb71fb059d
[ 2669.712220][T130279] Code: 02 b8 ff ff ff ff c3 66 0f 1f 44 00 00 f3 0f 1e fa 48 89 f8 48 89 f7 48 89 d6 48 89 ca 4d 89 c2 4d 89 c8 4c 8b 4c 24 08 0f 05 <48> 3d 01 f0 ff ff 73 01 c3 48 c7 c1 a8 ff ff ff f7 d8 64 89 01 48
[ 2669.712237][T130279] RSP: 002b:00007feb72eaaf98 EFLAGS: 00000246 ORIG_RAX: 0000000000000010
[ 2669.712255][T130279] RAX: ffffffffffffffda RBX: 00007feb72226090 RCX: 00007feb71fb059d
[ 2669.712267][T130279] RDX: 0000200000000180 RSI: 00000000c01064bd RDI: 000000000000000a
[ 2669.712278][T130279] RBP: 00007feb7204e078 R08: 0000000000000000 R09: 0000000000000000
[ 2669.712288][T130279] R10: 0000000000000000 R11: 0000000000000246 R12: 0000000000000000
[ 2669.712298][T130279] R13: 00007feb72226128 R14: 00007feb72226090 R15: 00007feb72e8b000
[ 2669.712326][T130279]  </TASK>
[ 2669.712334][T130279] Mem-Info:
[ 2670.029621][T130279] active_anon:7238 inactive_anon:0 isolated_anon:0
[ 2670.029621][T130279]  active_file:9357 inactive_file:65553 isolated_file:0
[ 2670.029621][T130279]  unevictable:2536 dirty:2830 writeback:0
[ 2670.029621][T130279]  slab_reclaimable:14181 slab_unreclaimable:65701
[ 2670.029621][T130279]  mapped:31940 shmem:3571 pagetables:1445
[ 2670.029621][T130279]  sec_pagetables:0 bounce:0
[ 2670.029621][T130279]  kernel_misc_reclaimable:0
[ 2670.029621][T130279]  free:458285 free_pcp:13854 free_cma:0
[ 2670.068428][T130279] Node 0 active_anon:14256kB inactive_anon:0kB active_file:17860kB inactive_file:101268kB unevictable:5072kB isolated(anon):0kB isolated(file):0kB mapped:78196kB dirty:3932kB writeback:0kB shmem:7400kB shmem_thp:0kB shmem_pmdmapped:0kB anon_thp:0kB kernel_stack:7664kB pagetables:3540kB sec_pagetables:0kB all_unreclaimable? no Balloon:0kB
[ 2670.085411][T130279] Node 1 active_anon:14696kB inactive_anon:0kB active_file:19568kB inactive_file:160944kB unevictable:5072kB isolated(anon):0kB isolated(file):0kB mapped:49364kB dirty:7388kB writeback:0kB shmem:6884kB shmem_thp:0kB shmem_pmdmapped:0kB anon_thp:0kB kernel_stack:4420kB pagetables:2236kB sec_pagetables:0kB all_unreclaimable? no Balloon:0kB
[ 2670.101963][T130279] Node 0 DMA free:15096kB boost:0kB min:452kB low:564kB high:676kB reserved_highatomic:0KB free_highatomic:0KB active_anon:0kB inactive_anon:0kB active_file:0kB inactive_file:0kB unevictable:0kB writepending:0kB zspages:0kB present:15992kB managed:15360kB mlocked:0kB bounce:0kB free_pcp:260kB local_pcp:72kB free_cma:0kB
[ 2670.117406][T130279] lowmem_reserve[]: 0 1176 1176 1176 1176
[ 2670.120684][T130279] Node 0 DMA32 free:552388kB boost:0kB min:34836kB low:43544kB high:52252kB reserved_highatomic:0KB free_highatomic:0KB active_anon:14256kB inactive_anon:0kB active_file:17860kB inactive_file:101268kB unevictable:5072kB writepending:4212kB zspages:0kB present:2080772kB managed:1204832kB mlocked:0kB bounce:0kB free_pcp:18656kB local_pcp:196kB free_cma:0kB
[ 2670.158153][T130279] lowmem_reserve[]: 0 0 0 0 0
[ 2670.160680][T130279] Node 1 DMA32 free:943028kB boost:0kB min:29136kB low:36420kB high:43704kB reserved_highatomic:0KB free_highatomic:0KB active_anon:284kB inactive_anon:0kB active_file:6300kB inactive_file:204kB unevictable:0kB writepending:4480kB zspages:0kB present:1048444kB managed:982908kB mlocked:0kB bounce:0kB free_pcp:32512kB local_pcp:9104kB free_cma:0kB
[ 2670.208854][T130279] lowmem_reserve[]: 0 0 846 846 846
[ 2670.211672][T130279] Node 1 Normal free:322352kB boost:0kB min:25680kB low:32100kB high:38520kB reserved_highatomic:0KB free_highatomic:0KB active_anon:14340kB inactive_anon:0kB active_file:13260kB inactive_file:160740kB unevictable:5072kB writepending:2860kB zspages:0kB present:1048576kB managed:866440kB mlocked:0kB bounce:0kB free_pcp:4436kB local_pcp:1636kB free_cma:0kB
[ 2670.249256][T130279] lowmem_reserve[]: 0 0 0 0 0
[ 2670.252776][T130279] Node 0 DMA: 3*4kB (U) 2*8kB (U) 2*16kB (U) 2*32kB (U) 2*64kB (U) 4*128kB (U) 4*256kB (U) 4*512kB (U) 5*1024kB (U) 3*2048kB (U) 0*4096kB = 15100kB
[ 2670.262168][T130279] Node 0 DMA32: 1199*4kB (UME) 1687*8kB (UM) 1050*16kB (UME) 615*32kB (UME) 21*64kB (UME) 501*128kB (UME) 349*256kB (UM) 255*512kB (UE) 207*1024kB (U) 0*2048kB 0*4096kB = 552116kB
[ 2670.276643][T130279] Node 1 DMA32: 10*4kB (UM) 26*8kB (UME) 27*16kB (UM) 28*32kB (UME) 9*64kB (UM) 9*128kB (UME) 7*256kB (UME) 8*512kB (UME) 10*1024kB (UM) 7*2048kB (UE) 222*4096kB (UM) = 943080kB
[ 2670.292458][T130279] Node 1 Normal: 169*4kB (UM) 230*8kB (UME) 98*16kB (UME) 844*32kB (UE) 596*64kB (U) 243*128kB (U) 122*256kB (U) 136*512kB (U) 118*1024kB (U) 0*2048kB 0*4096kB = 322036kB
[ 2670.307601][T130279] Node 0 hugepages_total=2 hugepages_free=2 hugepages_surp=0 hugepages_size=2048kB
[ 2670.319523][T130279] Node 1 hugepages_total=2 hugepages_free=2 hugepages_surp=0 hugepages_size=2048kB
[ 2670.329067][T130279] 78486 total pagecache pages
[ 2670.336032][T130279] 0 pages in swap cache
[ 2670.341862][T130279] Free swap  = 124996kB
[ 2670.345548][T130279] Total swap = 124996kB
[ 2670.351211][T130279] 1048446 pages RAM
[ 2670.353064][T130279] 0 pages HighMem/MovableOnly
[ 2670.363287][T130279] 281061 pages reserved
[ 2670.367167][T130279] 0 pages cma reserved
[ 2670.428207][    C2] vkms_vblank_simulate: vblank timer overrun
[ 2670.537155][    C2] vkms_vblank_simulate: vblank timer overrun
[ 2671.778894][    C2] vkms_vblank_simulate: vblank timer overrun
[ 2672.220734][T130397] i2c i2c-0: Invalid block write size 34
[ 2672.227975][T130400] i2c i2c-0: Invalid block write size 34
[ 2674.088338][    C2] vkms_vblank_simulate: vblank timer overrun
[ 2674.672337][    C2] vkms_vblank_simulate: vblank timer overrun
[ 2675.230111][    C2] vkms_vblank_simulate: vblank timer overrun
[ 2675.450189][    C2] vkms_vblank_simulate: vblank timer overrun
[ 2675.928596][    C2] vkms_vblank_simulate: vblank timer overrun
[ 2677.033333][    C2] vkms_vblank_simulate: vblank timer overrun
[ 2677.796240][    C2] vkms_vblank_simulate: vblank timer overrun
[ 2678.437411][    C2] vkms_vblank_simulate: vblank timer overrun
[ 2678.688785][    C2] vkms_vblank_simulate: vblank timer overrun
[ 2678.802202][ T1363] ieee802154 phy0 wpan0: encryption failed: -22
[ 2678.806893][ T1363] ieee802154 phy1 wpan1: encryption failed: -22
[ 2680.551832][    C2] vkms_vblank_simulate: vblank timer overrun
[ 2681.757031][    C2] vkms_vblank_simulate: vblank timer overrun
[ 2682.717979][T130888] warn_alloc: 10 callbacks suppressed
[ 2682.717999][T130888] syz.3.38448: vmalloc error: size 33558528, failed to allocated page array size 65544, mode:0xdc2(GFP_KERNEL|__GFP_HIGHMEM|__GFP_ZERO), nodemask=(null),cpuset=/,mems_allowed=0-1
[ 2682.731354][T130888] CPU: 2 UID: 0 PID: 130888 Comm: syz.3.38448 Not tainted 6.18.0 #1 PREEMPT(full) 
[ 2682.731379][T130888] Hardware name: QEMU Standard PC (i440FX + PIIX, 1996), BIOS rel-1.16.3-0-ga6ed6b701f0a-prebuilt.qemu.org 04/01/2014
[ 2682.731391][T130888] Call Trace:
[ 2682.731398][T130888]  <TASK>
[ 2682.731405][T130888]  dump_stack_lvl+0x180/0x1b0
[ 2682.731436][T130888]  warn_alloc+0x211/0x360
[ 2682.731458][T130888]  ? __pfx_warn_alloc+0x10/0x10
[ 2682.731484][T130888]  ? __pfx_alloc_vmap_area+0x10/0x10
[ 2682.731507][T130888]  ? __get_vm_area_node+0x10c/0x340
[ 2682.731536][T130888]  ? drm_property_create_blob.part.0+0x34/0x320
[ 2682.731561][T130888]  ? __vmalloc_node_noprof+0xac/0xf0
[ 2682.731666][T130888]  __vmalloc_node_range_noprof+0xfaa/0x13b0
[ 2682.731698][T130888]  ? drm_property_create_blob.part.0+0x34/0x320
[ 2682.731725][T130888]  ? __pfx___vmalloc_node_range_noprof+0x10/0x10
[ 2682.731756][T130888]  __kvmalloc_node_noprof+0x41f/0x9d0
[ 2682.731777][T130888]  ? drm_property_create_blob.part.0+0x34/0x320
[ 2682.731800][T130888]  ? drm_property_create_blob.part.0+0x34/0x320
[ 2682.731827][T130888]  ? drm_property_create_blob.part.0+0x34/0x320
[ 2682.731848][T130888]  drm_property_create_blob.part.0+0x34/0x320
[ 2682.731872][T130888]  drm_mode_createblob_ioctl+0x139/0x490
[ 2682.731921][T130888]  drm_ioctl_kernel+0x1ed/0x3e0
[ 2682.731936][T130888]  ? __pfx_drm_mode_createblob_ioctl+0x10/0x10
[ 2682.731961][T130888]  ? __pfx_drm_ioctl_kernel+0x10/0x10
[ 2682.731982][T130888]  drm_ioctl+0x574/0xb90
[ 2682.731998][T130888]  ? __pfx_drm_mode_createblob_ioctl+0x10/0x10
[ 2682.732022][T130888]  ? __pfx_drm_ioctl+0x10/0x10
[ 2682.732038][T130888]  ? hook_file_ioctl_common+0x146/0x3f0
[ 2682.732063][T130888]  ? __fget_files+0x1fb/0x3b0
[ 2682.732085][T130888]  ? __pfx_drm_ioctl+0x10/0x10
[ 2682.732103][T130888]  __x64_sys_ioctl+0x18f/0x210
[ 2682.732122][T130888]  do_syscall_64+0xcb/0xfa0
[ 2682.732148][T130888]  entry_SYSCALL_64_after_hwframe+0x77/0x7f
[ 2682.732179][T130888] RIP: 0033:0x7feb71fb059d
[ 2682.732195][T130888] Code: 02 b8 ff ff ff ff c3 66 0f 1f 44 00 00 f3 0f 1e fa 48 89 f8 48 89 f7 48 89 d6 48 89 ca 4d 89 c2 4d 89 c8 4c 8b 4c 24 08 0f 05 <48> 3d 01 f0 ff ff 73 01 c3 48 c7 c1 a8 ff ff ff f7 d8 64 89 01 48
[ 2682.732210][T130888] RSP: 002b:00007feb72ecbf98 EFLAGS: 00000246 ORIG_RAX: 0000000000000010
[ 2682.732224][T130888] RAX: ffffffffffffffda RBX: 00007feb72225fa0 RCX: 00007feb71fb059d
[ 2682.732235][T130888] RDX: 0000200000000180 RSI: 00000000c01064bd RDI: 0000000000000006
[ 2682.732245][T130888] RBP: 00007feb7204e078 R08: 0000000000000000 R09: 0000000000000000
[ 2682.732255][T130888] R10: 0000000000000000 R11: 0000000000000246 R12: 0000000000000000
[ 2682.732265][T130888] R13: 00007feb72226038 R14: 00007feb72225fa0 R15: 00007feb72eac000
[ 2682.732287][T130888]  </TASK>
[ 2682.732295][T130888] Mem-Info:
[ 2682.927904][T130888] active_anon:7210 inactive_anon:0 isolated_anon:0
[ 2682.927904][T130888]  active_file:9357 inactive_file:65569 isolated_file:0
[ 2682.927904][T130888]  unevictable:2536 dirty:3170 writeback:0
[ 2682.927904][T130888]  slab_reclaimable:14136 slab_unreclaimable:65923
[ 2682.927904][T130888]  mapped:31975 shmem:3571 pagetables:1276
[ 2682.927904][T130888]  sec_pagetables:0 bounce:0
[ 2682.927904][T130888]  kernel_misc_reclaimable:0
[ 2682.927904][T130888]  free:448935 free_pcp:14029 free_cma:0
[ 2682.965310][    C2] vkms_vblank_simulate: vblank timer overrun
[ 2682.969727][T130888] Node 0 active_anon:14348kB inactive_anon:0kB active_file:17864kB inactive_file:101292kB unevictable:5072kB isolated(anon):0kB isolated(file):0kB mapped:78136kB dirty:4800kB writeback:0kB shmem:7396kB shmem_thp:0kB shmem_pmdmapped:0kB anon_thp:0kB kernel_stack:7728kB pagetables:3016kB sec_pagetables:0kB all_unreclaimable? no Balloon:0kB
[ 2682.997594][T130888] Node 1 active_anon:14492kB inactive_anon:0kB active_file:19564kB inactive_file:160984kB unevictable:5072kB isolated(anon):0kB isolated(file):0kB mapped:49764kB dirty:7880kB writeback:0kB shmem:6888kB shmem_thp:0kB shmem_pmdmapped:0kB anon_thp:0kB kernel_stack:4524kB pagetables:2088kB sec_pagetables:0kB all_unreclaimable? no Balloon:0kB
[ 2683.021226][T130888] Node 0 DMA free:15128kB boost:0kB min:452kB low:564kB high:676kB reserved_highatomic:0KB free_highatomic:0KB active_anon:0kB inactive_anon:0kB active_file:0kB inactive_file:0kB unevictable:0kB writepending:0kB zspages:0kB present:15992kB managed:15360kB mlocked:0kB bounce:0kB free_pcp:208kB local_pcp:12kB free_cma:0kB
[ 2683.042419][T130888] lowmem_reserve[]: 0 1176 1176 1176 1176
[ 2683.045102][T130888] Node 0 DMA32 free:554336kB boost:0kB min:34836kB low:43544kB high:52252kB reserved_highatomic:0KB free_highatomic:0KB active_anon:14348kB inactive_anon:0kB active_file:17864kB inactive_file:101292kB unevictable:5072kB writepending:5340kB zspages:0kB present:2080772kB managed:1204832kB mlocked:0kB bounce:0kB free_pcp:13756kB local_pcp:4384kB free_cma:0kB
[ 2683.073720][T130888] lowmem_reserve[]: 0 0 0 0 0
[ 2683.079965][T130888] Node 1 DMA32 free:936144kB boost:0kB min:29136kB low:36420kB high:43704kB reserved_highatomic:0KB free_highatomic:0KB active_anon:284kB inactive_anon:0kB active_file:6300kB inactive_file:204kB unevictable:0kB writepending:4560kB zspages:0kB present:1048444kB managed:982908kB mlocked:0kB bounce:0kB free_pcp:29056kB local_pcp:9740kB free_cma:0kB
[ 2683.111380][    C2] vkms_vblank_simulate: vblank timer overrun
[ 2683.116728][T130888] lowmem_reserve[]: 0 0 846 846 846
[ 2683.119633][T130888] Node 1 Normal free:321388kB boost:0kB min:25680kB low:32100kB high:38520kB reserved_highatomic:0KB free_highatomic:0KB active_anon:14208kB inactive_anon:0kB active_file:13264kB inactive_file:160780kB unevictable:5072kB writepending:3320kB zspages:0kB present:1048576kB managed:866440kB mlocked:0kB bounce:0kB free_pcp:7500kB local_pcp:1052kB free_cma:0kB
[ 2683.138300][T130888] lowmem_reserve[]: 0 0 0 0 0
[ 2683.142221][T130888] Node 0 DMA: 4*4kB (U) 2*8kB (U) 3*16kB (U) 1*32kB (U) 3*64kB (U) 4*128kB (U) 4*256kB (U) 4*512kB (U) 5*1024kB (U) 3*2048kB (U) 0*4096kB = 15152kB
[ 2683.150363][T130888] Node 0 DMA32: 1165*4kB (UME) 1890*8kB (UME) 1049*16kB (UME) 632*32kB (UME) 23*64kB (UME) 500*128kB (UM) 350*256kB (UME) 255*512kB (UE) 207*1024kB (U) 0*2048kB 0*4096kB = 554388kB
[ 2683.184231][T130888] Node 1 DMA32: 9*4kB (UM) 25*8kB (UME) 28*16kB (UM) 25*32kB (UME) 8*64kB (UM) 10*128kB (UME) 6*256kB (UME) 9*512kB (UME) 5*1024kB (UM) 6*2048kB (UE) 224*4096kB (UM) = 944332kB
[ 2683.198300][T130888] Node 1 Normal: 867*4kB (UME) 304*8kB (UME) 72*16kB (UE) 727*32kB (UE) 598*64kB (U) 243*128kB (U) 122*256kB (U) 136*512kB (U) 118*1024kB (U) 0*2048kB 0*4096kB = 321388kB
[ 2683.216421][T130888] Node 0 hugepages_total=2 hugepages_free=2 hugepages_surp=0 hugepages_size=2048kB
[ 2683.228491][T130888] Node 1 hugepages_total=2 hugepages_free=2 hugepages_surp=0 hugepages_size=2048kB
[ 2683.240334][T130888] 78500 total pagecache pages
[ 2683.242418][T130888] 0 pages in swap cache
[ 2683.249782][T130888] Free swap  = 124996kB
[ 2683.255353][T130888] Total swap = 124996kB
[ 2683.258311][T130888] 1048446 pages RAM
[ 2683.263916][T130888] 0 pages HighMem/MovableOnly
[ 2683.269828][T130888] 281061 pages reserved
[ 2683.271856][T130888] 0 pages cma reserved
[ 2683.402864][    C2] vkms_vblank_simulate: vblank timer overrun
[ 2685.974429][T86889] Bluetooth: hci0: command 0x0406 tx timeout
[ 2688.714764][T131156] i2c i2c-0: Invalid block write size 137
[ 2690.127445][    C3] vkms_vblank_simulate: vblank timer overrun
[ 2694.376578][T131443] i2c i2c-0: Invalid block write size 137
[ 2694.662698][T131474] i2c i2c-0: Invalid block write size 137
[ 2695.116219][T131498] i2c i2c-0: Invalid block write size 34
[ 2696.021453][T131547] i2c i2c-0: Invalid block write size 34
[ 2697.122913][T131601] i2c i2c-0: Invalid block write size 34
[ 2700.782931][    C2] vkms_vblank_simulate: vblank timer overrun
[ 2701.854041][    C2] vkms_vblank_simulate: vblank timer overrun
[ 2702.850893][    C2] vkms_vblank_simulate: vblank timer overrun
[ 2703.515885][    C2] vkms_vblank_simulate: vblank timer overrun
[ 2704.307056][    C2] vkms_vblank_simulate: vblank timer overrun
[ 2704.455488][    C2] vkms_vblank_simulate: vblank timer overrun
[ 2704.924566][    C2] vkms_vblank_simulate: vblank timer overrun
[ 2705.302031][T131985] i2c i2c-0: Invalid block write size 34
[ 2705.494712][T131997] i2c i2c-0: Invalid block write size 34
[ 2706.403497][T132044] i2c i2c-0: Invalid block write size 137
[ 2706.710540][    C2] vkms_vblank_simulate: vblank timer overrun
[ 2708.922176][T132221] i2c i2c-0: Invalid block write size 137
[ 2709.100553][    C0] vkms_vblank_simulate: vblank timer overrun
[ 2709.184791][T132231] syz.1.38956: vmalloc error: size 35651584, failed to allocated page array size 69632, mode:0xdc2(GFP_KERNEL|__GFP_HIGHMEM|__GFP_ZERO), nodemask=(null),cpuset=/,mems_allowed=0-1
[ 2709.225414][T132231] CPU: 1 UID: 0 PID: 132231 Comm: syz.1.38956 Not tainted 6.18.0 #1 PREEMPT(full) 
[ 2709.225442][T132231] Hardware name: QEMU Standard PC (i440FX + PIIX, 1996), BIOS rel-1.16.3-0-ga6ed6b701f0a-prebuilt.qemu.org 04/01/2014
[ 2709.225453][T132231] Call Trace:
[ 2709.225461][T132231]  <TASK>
[ 2709.225469][T132231]  dump_stack_lvl+0x180/0x1b0
[ 2709.225503][T132231]  warn_alloc+0x211/0x360
[ 2709.225527][T132231]  ? __pfx_warn_alloc+0x10/0x10
[ 2709.225547][T132231]  ? __pfx_alloc_vmap_area+0x10/0x10
[ 2709.225573][T132231]  ? __get_vm_area_node+0x10c/0x340
[ 2709.225606][T132231]  ? drm_property_create_blob.part.0+0x34/0x320
[ 2709.225634][T132231]  ? __vmalloc_node_noprof+0xac/0xf0
[ 2709.225665][T132231]  __vmalloc_node_range_noprof+0xfaa/0x13b0
[ 2709.225698][T132231]  ? drm_property_create_blob.part.0+0x34/0x320
[ 2709.225728][T132231]  ? __pfx___vmalloc_node_range_noprof+0x10/0x10
[ 2709.225782][T132231]  __kvmalloc_node_noprof+0x41f/0x9d0
[ 2709.225807][T132231]  ? drm_property_create_blob.part.0+0x34/0x320
[ 2709.225835][T132231]  ? drm_property_create_blob.part.0+0x34/0x320
[ 2709.225867][T132231]  ? drm_property_create_blob.part.0+0x34/0x320
[ 2709.225894][T132231]  drm_property_create_blob.part.0+0x34/0x320
[ 2709.225960][T132231]  drm_mode_createblob_ioctl+0x139/0x490
[ 2709.225991][T132231]  drm_ioctl_kernel+0x1ed/0x3e0
[ 2709.226026][T132231]  ? __pfx_drm_mode_createblob_ioctl+0x10/0x10
[ 2709.226053][T132231]  ? __pfx_drm_ioctl_kernel+0x10/0x10
[ 2709.226079][T132231]  drm_ioctl+0x574/0xb90
[ 2709.226099][T132231]  ? __pfx_drm_mode_createblob_ioctl+0x10/0x10
[ 2709.226127][T132231]  ? __pfx_drm_ioctl+0x10/0x10
[ 2709.226147][T132231]  ? hook_file_ioctl_common+0x146/0x3f0
[ 2709.226178][T132231]  ? __fget_files+0x1fb/0x3b0
[ 2709.226203][T132231]  ? __pfx_drm_ioctl+0x10/0x10
[ 2709.226222][T132231]  __x64_sys_ioctl+0x18f/0x210
[ 2709.226276][T132231]  do_syscall_64+0xcb/0xfa0
[ 2709.226307][T132231]  entry_SYSCALL_64_after_hwframe+0x77/0x7f
[ 2709.226327][T132231] RIP: 0033:0x7f5a71bb059d
[ 2709.226344][T132231] Code: 02 b8 ff ff ff ff c3 66 0f 1f 44 00 00 f3 0f 1e fa 48 89 f8 48 89 f7 48 89 d6 48 89 ca 4d 89 c2 4d 89 c8 4c 8b 4c 24 08 0f 05 <48> 3d 01 f0 ff ff 73 01 c3 48 c7 c1 a8 ff ff ff f7 d8 64 89 01 48
[ 2709.226361][T132231] RSP: 002b:00007f5a72b48f98 EFLAGS: 00000246 ORIG_RAX: 0000000000000010
[ 2709.226380][T132231] RAX: ffffffffffffffda RBX: 00007f5a71e25fa0 RCX: 00007f5a71bb059d
[ 2709.226391][T132231] RDX: 0000200000000180 RSI: 00000000c01064bd RDI: 0000000000000004
[ 2709.226402][T132231] RBP: 00007f5a71c4e078 R08: 0000000000000000 R09: 0000000000000000
[ 2709.226413][T132231] R10: 0000000000000000 R11: 0000000000000246 R12: 0000000000000000
[ 2709.226424][T132231] R13: 00007f5a71e26038 R14: 00007f5a71e25fa0 R15: 00007f5a72b29000
[ 2709.226449][T132231]  </TASK>
[ 2709.226456][T132231] Mem-Info:
[ 2709.446234][T132231] active_anon:7175 inactive_anon:0 isolated_anon:0
[ 2709.446234][T132231]  active_file:9356 inactive_file:65588 isolated_file:0
[ 2709.446234][T132231]  unevictable:2536 dirty:2817 writeback:0
[ 2709.446234][T132231]  slab_reclaimable:14054 slab_unreclaimable:65736
[ 2709.446234][T132231]  mapped:31983 shmem:3570 pagetables:1260
[ 2709.446234][T132231]  sec_pagetables:0 bounce:0
[ 2709.446234][T132231]  kernel_misc_reclaimable:0
[ 2709.446234][T132231]  free:454373 free_pcp:9561 free_cma:0
[ 2709.487502][T132231] Node 0 active_anon:14096kB inactive_anon:0kB active_file:17800kB inactive_file:101344kB unevictable:5072kB isolated(anon):0kB isolated(file):0kB mapped:78124kB dirty:4732kB writeback:0kB shmem:7396kB shmem_thp:0kB shmem_pmdmapped:0kB anon_thp:0kB kernel_stack:7856kB pagetables:3160kB sec_pagetables:0kB all_unreclaimable? no Balloon:0kB
[ 2709.521471][T132231] Node 1 active_anon:14604kB inactive_anon:0kB active_file:19624kB inactive_file:161008kB unevictable:5072kB isolated(anon):0kB isolated(file):0kB mapped:49808kB dirty:6536kB writeback:0kB shmem:6884kB shmem_thp:0kB shmem_pmdmapped:0kB anon_thp:0kB kernel_stack:4428kB pagetables:1880kB sec_pagetables:0kB all_unreclaimable? no Balloon:0kB
[ 2709.550075][T132231] Node 0 DMA free:10752kB boost:0kB min:452kB low:564kB high:676kB reserved_highatomic:0KB free_highatomic:0KB active_anon:0kB inactive_anon:0kB active_file:0kB inactive_file:0kB unevictable:0kB writepending:0kB zspages:0kB present:15992kB managed:15360kB mlocked:0kB bounce:0kB free_pcp:268kB local_pcp:24kB free_cma:0kB
[ 2709.567468][T132231] lowmem_reserve[]: 0 1176 1176 1176 1176
[ 2709.571633][T132231] Node 0 DMA32 free:552456kB boost:0kB min:34836kB low:43544kB high:52252kB reserved_highatomic:0KB free_highatomic:0KB active_anon:14096kB inactive_anon:0kB active_file:17800kB inactive_file:101344kB unevictable:5072kB writepending:4732kB zspages:0kB present:2080772kB managed:1204832kB mlocked:0kB bounce:0kB free_pcp:12420kB local_pcp:1840kB free_cma:0kB
[ 2709.590008][T132231] lowmem_reserve[]: 0 0 0 0 0
[ 2709.592874][T132231] Node 1 DMA32 free:912952kB boost:0kB min:29136kB low:36420kB high:43704kB reserved_highatomic:0KB free_highatomic:0KB active_anon:284kB inactive_anon:0kB active_file:6316kB inactive_file:204kB unevictable:0kB writepending:3776kB zspages:0kB present:1048444kB managed:982908kB mlocked:0kB bounce:0kB free_pcp:21328kB local_pcp:3996kB free_cma:0kB
[ 2709.612118][T132231] lowmem_reserve[]: 0 0 846 846 846
[ 2709.615166][T132231] Node 1 Normal free:318480kB boost:0kB min:25680kB low:32100kB high:38520kB reserved_highatomic:0KB free_highatomic:0KB active_anon:14320kB inactive_anon:0kB active_file:13308kB inactive_file:160804kB unevictable:5072kB writepending:2864kB zspages:0kB present:1048576kB managed:866440kB mlocked:0kB bounce:0kB free_pcp:9904kB local_pcp:1784kB free_cma:0kB
[ 2709.633672][T132231] lowmem_reserve[]: 0 0 0 0 0
[ 2709.636818][T132231] Node 0 DMA: 3*4kB (U) 1*8kB (U) 1*16kB (U) 2*32kB (U) 3*64kB (U) 4*128kB (U) 4*256kB (U) 4*512kB (U) 5*1024kB (U) 1*2048kB (U) 0*4096kB = 11044kB
[ 2709.644647][T132231] Node 0 DMA32: 228*4kB (UME) 2107*8kB (UME) 1068*16kB (UME) 609*32kB (UME) 29*64kB (UME) 501*128kB (UME) 350*256kB (UME) 255*512kB (UE) 207*1024kB (U) 0*2048kB 0*4096kB = 552456kB
[ 2709.655964][T132231] Node 1 DMA32: 8*4kB (UM) 24*8kB (UME) 24*16kB (UM) 31*32kB (UME) 9*64kB (UME) 8*128kB (UME) 5*256kB (UME) 8*512kB (UME) 7*1024kB (UM) 4*2048kB (UE) 219*4096kB (UM) = 920960kB
[ 2709.667426][T132231] Node 1 Normal: 214*4kB (UME) 281*8kB (UME) 141*16kB (UE) 681*32kB (UE) 598*64kB (U) 245*128kB (U) 122*256kB (U) 136*512kB (U) 118*1024kB (U) 0*2048kB 0*4096kB = 318480kB
[ 2709.678233][T132231] Node 0 hugepages_total=2 hugepages_free=2 hugepages_surp=0 hugepages_size=2048kB
[ 2709.684462][T132231] Node 1 hugepages_total=2 hugepages_free=2 hugepages_surp=0 hugepages_size=2048kB
[ 2709.689424][T132231] 78515 total pagecache pages
[ 2709.692468][T132231] 0 pages in swap cache
[ 2709.695356][T132231] Free swap  = 124996kB
[ 2709.699640][T132231] Total swap = 124996kB
[ 2709.702125][T132231] 1048446 pages RAM
[ 2709.704688][T132231] 0 pages HighMem/MovableOnly
[ 2709.707145][T132231] 281061 pages reserved
[ 2709.710224][T132231] 0 pages cma reserved
[ 2711.182589][    C0] vkms_vblank_simulate: vblank timer overrun
[ 2712.826459][    C0] vkms_vblank_simulate: vblank timer overrun
[ 2713.961946][    C0] vkms_vblank_simulate: vblank timer overrun
[ 2714.189252][T132445] i2c i2c-0: Invalid block write size 34
[ 2714.564691][T132465] i2c i2c-0: Invalid block write size 137
[ 2715.515610][T132519] i2c i2c-0: Invalid block write size 137
[ 2716.875955][T86889] Bluetooth: hci0: unexpected cc 0x0c03 length: 249 > 1
[ 2716.897078][T86889] Bluetooth: hci0: unexpected cc 0x1003 length: 249 > 9
[ 2716.918166][T86889] Bluetooth: hci0: unexpected cc 0x1001 length: 249 > 9
[ 2716.982381][T86889] Bluetooth: hci0: unexpected cc 0x0c23 length: 249 > 4
[ 2716.991939][T86889] Bluetooth: hci0: unexpected cc 0x0c38 length: 249 > 2
[ 2717.127232][T108859] netdevsim netdevsim3 netdevsim3 (unregistering): unset [1, 0] type 2 family 0 port 6081 - 0
[ 2717.289704][T108859] netdevsim netdevsim3 netdevsim2 (unregistering): unset [1, 0] type 2 family 0 port 6081 - 0
[ 2717.466079][T108859] netdevsim netdevsim3 netdevsim1 (unregistering): unset [1, 0] type 2 family 0 port 6081 - 0
[ 2717.757464][T108859] netdevsim netdevsim3 netdevsim0 (unregistering): unset [1, 0] type 2 family 0 port 6081 - 0
[ 2718.160862][T132573] chnl_net:caif_netlink_parms(): no params data found
[ 2718.252512][T108859] bridge_slave_1: left allmulticast mode
[ 2718.255247][T108859] bridge_slave_1: left promiscuous mode
[ 2718.261750][T108859] bridge0: port 2(bridge_slave_1) entered disabled state
[ 2718.378932][T108859] bridge_slave_0: left allmulticast mode
[ 2718.381386][T108859] bridge_slave_0: left promiscuous mode
[ 2718.393027][T108859] bridge0: port 1(bridge_slave_0) entered disabled state
[ 2718.596977][    C3] vkms_vblank_simulate: vblank timer overrun
[ 2718.664974][    C3] vkms_vblank_simulate: vblank timer overrun
[ 2718.915975][    C3] vkms_vblank_simulate: vblank timer overrun
[ 2719.039485][T86889] Bluetooth: hci0: command tx timeout
[ 2719.156037][    C3] vkms_vblank_simulate: vblank timer overrun
[ 2719.788423][T108859] bond0 (unregistering): (slave bond_slave_0): Releasing backup interface
[ 2719.807710][T108859] bond0 (unregistering): (slave bond_slave_1): Releasing backup interface
[ 2719.831890][T108859] bond0 (unregistering): Released all slaves
[ 2720.100482][T132573] bridge0: port 1(bridge_slave_0) entered blocking state
[ 2720.109379][T132573] bridge0: port 1(bridge_slave_0) entered disabled state
[ 2720.118575][T132573] bridge_slave_0: entered allmulticast mode
[ 2720.127998][T132573] bridge_slave_0: entered promiscuous mode
[ 2720.133025][    C3] vkms_vblank_simulate: vblank timer overrun
[ 2720.139391][T132573] bridge0: port 2(bridge_slave_1) entered blocking state
[ 2720.148083][T132573] bridge0: port 2(bridge_slave_1) entered disabled state
[ 2720.156355][T132573] bridge_slave_1: entered allmulticast mode
[ 2720.188403][T132573] bridge_slave_1: entered promiscuous mode
[ 2720.230952][    C3] vkms_vblank_simulate: vblank timer overrun
[ 2720.487573][T132573] bond0: (slave bond_slave_0): Enslaving as an active interface with an up link
[ 2720.512778][T132573] bond0: (slave bond_slave_1): Enslaving as an active interface with an up link
[ 2720.703047][    C3] vkms_vblank_simulate: vblank timer overrun
[ 2720.753013][T132573] team0: Port device team_slave_0 added
[ 2720.758469][T132573] team0: Port device team_slave_1 added
[ 2720.789139][    C3] vkms_vblank_simulate: vblank timer overrun
[ 2721.114550][T126530] Bluetooth: hci0: command tx timeout
[ 2721.293139][T108859] hsr_slave_0: left promiscuous mode
[ 2721.310741][T108859] hsr_slave_1: left promiscuous mode
[ 2721.319447][T108859] batman_adv: batadv0: Interface deactivated: batadv_slave_0
[ 2721.332954][T108859] batman_adv: batadv0: Removing interface: batadv_slave_0
[ 2721.347281][T108859] batman_adv: batadv0: Interface deactivated: batadv_slave_1
[ 2721.358977][T108859] batman_adv: batadv0: Removing interface: batadv_slave_1
[ 2721.408264][T108859] veth1_macvtap: left promiscuous mode
[ 2721.421590][T108859] veth0_macvtap: left promiscuous mode
[ 2721.429633][T108859] veth1_vlan: left promiscuous mode
[ 2721.436915][T108859] veth0_vlan: left promiscuous mode
[ 2721.814078][T126530] Bluetooth: hci3: command 0x0406 tx timeout
[ 2721.963337][    C3] vkms_vblank_simulate: vblank timer overrun
[ 2722.831719][T132981] i2c i2c-0: Invalid block write size 137
[ 2723.174631][T86889] Bluetooth: hci0: command tx timeout
[ 2723.202775][T108859] team0 (unregistering): Port device team_slave_1 removed
[ 2723.311149][T108859] team0 (unregistering): Port device team_slave_0 removed
[ 2723.435479][    C3] vkms_vblank_simulate: vblank timer overrun
[ 2724.045229][    C3] vkms_vblank_simulate: vblank timer overrun
[ 2724.652185][T132573] batman_adv: batadv0: Adding interface: batadv_slave_0
[ 2724.661254][T132573] batman_adv: batadv0: The MTU of interface batadv_slave_0 is too small (1500) to handle the transport of batman-adv packets. Packets going over this interface will be fragmented on layer2 which could impact the performance. Setting the MTU to 1532 would solve the problem.
[ 2724.692912][T132573] batman_adv: batadv0: Not using interface batadv_slave_0 (retrying later): interface not active
[ 2724.711220][T132573] batman_adv: batadv0: Adding interface: batadv_slave_1
[ 2724.731674][T132573] batman_adv: batadv0: The MTU of interface batadv_slave_1 is too small (1500) to handle the transport of batman-adv packets. Packets going over this interface will be fragmented on layer2 which could impact the performance. Setting the MTU to 1532 would solve the problem.
[ 2724.792391][T132573] batman_adv: batadv0: Not using interface batadv_slave_1 (retrying later): interface not active
[ 2724.944270][T132573] hsr_slave_0: entered promiscuous mode
[ 2724.958737][T132573] hsr_slave_1: entered promiscuous mode
[ 2725.244576][T86889] Bluetooth: hci0: command tx timeout
[ 2725.780536][T133192] i2c i2c-0: Invalid block write size 137
[ 2726.055032][T132573] netdevsim netdevsim3 netdevsim0: renamed from eth0
[ 2726.092437][T132573] netdevsim netdevsim3 netdevsim1: renamed from eth1
[ 2726.178149][T132573] netdevsim netdevsim3 netdevsim2: renamed from eth2
[ 2726.229544][T132573] netdevsim netdevsim3 netdevsim3: renamed from eth3
[ 2726.514215][T132573] 8021q: adding VLAN 0 to HW filter on device bond0
[ 2726.566922][T132573] 8021q: adding VLAN 0 to HW filter on device team0
[ 2726.584005][T96407] bridge0: port 1(bridge_slave_0) entered blocking state
[ 2726.595452][T96407] bridge0: port 1(bridge_slave_0) entered forwarding state
[ 2726.632745][T96407] bridge0: port 2(bridge_slave_1) entered blocking state
[ 2726.635643][T96407] bridge0: port 2(bridge_slave_1) entered forwarding state
[ 2726.748197][T133254] warn_alloc: 3 callbacks suppressed
[ 2726.748216][T133254] syz.0.39224: vmalloc error: size 35651584, failed to allocated page array size 69632, mode:0xdc2(GFP_KERNEL|__GFP_HIGHMEM|__GFP_ZERO), nodemask=(null),cpuset=/,mems_allowed=0-1
[ 2726.761802][T133254] CPU: 0 UID: 0 PID: 133254 Comm: syz.0.39224 Not tainted 6.18.0 #1 PREEMPT(full) 
[ 2726.761826][T133254] Hardware name: QEMU Standard PC (i440FX + PIIX, 1996), BIOS rel-1.16.3-0-ga6ed6b701f0a-prebuilt.qemu.org 04/01/2014
[ 2726.761837][T133254] Call Trace:
[ 2726.761844][T133254]  <TASK>
[ 2726.761850][T133254]  dump_stack_lvl+0x180/0x1b0
[ 2726.761881][T133254]  warn_alloc+0x211/0x360
[ 2726.761914][T133254]  ? __pfx_warn_alloc+0x10/0x10
[ 2726.761986][T133254]  ? __pfx_alloc_vmap_area+0x10/0x10
[ 2726.762008][T133254]  ? __get_vm_area_node+0x10c/0x340
[ 2726.762036][T133254]  ? drm_property_create_blob.part.0+0x34/0x320
[ 2726.762060][T133254]  ? __vmalloc_node_noprof+0xac/0xf0
[ 2726.762087][T133254]  __vmalloc_node_range_noprof+0xfaa/0x13b0
[ 2726.762118][T133254]  ? drm_property_create_blob.part.0+0x34/0x320
[ 2726.762147][T133254]  ? __pfx___vmalloc_node_range_noprof+0x10/0x10
[ 2726.762181][T133254]  __kvmalloc_node_noprof+0x41f/0x9d0
[ 2726.762249][T133254]  ? drm_property_create_blob.part.0+0x34/0x320
[ 2726.762274][T133254]  ? drm_property_create_blob.part.0+0x34/0x320
[ 2726.762314][T133254]  ? drm_property_create_blob.part.0+0x34/0x320
[ 2726.762336][T133254]  drm_property_create_blob.part.0+0x34/0x320
[ 2726.762363][T133254]  drm_mode_createblob_ioctl+0x139/0x490
[ 2726.762389][T133254]  drm_ioctl_kernel+0x1ed/0x3e0
[ 2726.762404][T133254]  ? __pfx_drm_mode_createblob_ioctl+0x10/0x10
[ 2726.762427][T133254]  ? __pfx_drm_ioctl_kernel+0x10/0x10
[ 2726.762448][T133254]  drm_ioctl+0x574/0xb90
[ 2726.762464][T133254]  ? __pfx_drm_mode_createblob_ioctl+0x10/0x10
[ 2726.762488][T133254]  ? __pfx_drm_ioctl+0x10/0x10
[ 2726.762504][T133254]  ? hook_file_ioctl_common+0x146/0x3f0
[ 2726.762530][T133254]  ? __fget_files+0x1fb/0x3b0
[ 2726.762551][T133254]  ? __pfx_drm_ioctl+0x10/0x10
[ 2726.762566][T133254]  __x64_sys_ioctl+0x18f/0x210
[ 2726.762585][T133254]  do_syscall_64+0xcb/0xfa0
[ 2726.762610][T133254]  entry_SYSCALL_64_after_hwframe+0x77/0x7f
[ 2726.762627][T133254] RIP: 0033:0x7fca283b059d
[ 2726.762641][T133254] Code: 02 b8 ff ff ff ff c3 66 0f 1f 44 00 00 f3 0f 1e fa 48 89 f8 48 89 f7 48 89 d6 48 89 ca 4d 89 c2 4d 89 c8 4c 8b 4c 24 08 0f 05 <48> 3d 01 f0 ff ff 73 01 c3 48 c7 c1 a8 ff ff ff f7 d8 64 89 01 48
[ 2726.762656][T133254] RSP: 002b:00007fca292d6f98 EFLAGS: 00000246 ORIG_RAX: 0000000000000010
[ 2726.762673][T133254] RAX: ffffffffffffffda RBX: 00007fca28626090 RCX: 00007fca283b059d
[ 2726.762683][T133254] RDX: 0000200000000180 RSI: 00000000c01064bd RDI: 0000000000000005
[ 2726.762693][T133254] RBP: 00007fca2844e078 R08: 0000000000000000 R09: 0000000000000000
[ 2726.762703][T133254] R10: 0000000000000000 R11: 0000000000000246 R12: 0000000000000000
[ 2726.762712][T133254] R13: 00007fca28626128 R14: 00007fca28626090 R15: 00007fca292b7000
[ 2726.762734][T133254]  </TASK>
[ 2726.762741][T133254] Mem-Info:
[ 2726.971629][T133254] active_anon:7677 inactive_anon:0 isolated_anon:0
[ 2726.971629][T133254]  active_file:9357 inactive_file:65614 isolated_file:0
[ 2726.971629][T133254]  unevictable:2536 dirty:3881 writeback:0
[ 2726.971629][T133254]  slab_reclaimable:13967 slab_unreclaimable:64357
[ 2726.971629][T133254]  mapped:32052 shmem:3568 pagetables:1427
[ 2726.971629][T133254]  sec_pagetables:0 bounce:0
[ 2726.971629][T133254]  kernel_misc_reclaimable:0
[ 2726.971629][T133254]  free:452890 free_pcp:10777 free_cma:0
[ 2727.017712][T133254] Node 0 active_anon:14232kB inactive_anon:0kB active_file:17816kB inactive_file:101428kB unevictable:5072kB isolated(anon):0kB isolated(file):0kB mapped:78260kB dirty:6996kB writeback:0kB shmem:7384kB shmem_thp:0kB shmem_pmdmapped:0kB anon_thp:0kB kernel_stack:7920kB pagetables:3280kB sec_pagetables:0kB all_unreclaimable? no Balloon:0kB
[ 2727.050594][T133254] Node 1 active_anon:16576kB inactive_anon:0kB active_file:19612kB inactive_file:161028kB unevictable:5072kB isolated(anon):0kB isolated(file):0kB mapped:49756kB dirty:8528kB writeback:0kB shmem:6888kB shmem_thp:0kB shmem_pmdmapped:0kB anon_thp:0kB kernel_stack:4444kB pagetables:2528kB sec_pagetables:0kB all_unreclaimable? no Balloon:0kB
