last executing test programs:

5.885585983s ago: executing program 1 (id=7848):
ioctl$DRM_IOCTL_GET_MAP(0xffffffffffffffff, 0xc0286404, 0x0)
r0 = syz_open_dev$dri(&(0x7f0000000000), 0x2, 0x1)
ioctl$DRM_IOCTL_MODE_GETRESOURCES(r0, 0xc04064a0, &(0x7f0000000480)={0x0, 0x0, &(0x7f0000000400)=[<r1=>0x0], 0x0, 0x0, 0x0, 0x1})
ioctl$DRM_IOCTL_MODE_GETCONNECTOR(r0, 0xc05064a7, &(0x7f0000000040)={&(0x7f0000001540)=[0x0], 0x0, 0x0, 0x0, 0x0, 0x0, 0x1, 0x0, r1})

5.771759668s ago: executing program 1 (id=7851):
r0 = syz_open_dev$dri(&(0x7f0000000000), 0xfffffffffffffffc, 0x0) (async)
r1 = syz_open_dev$dri(&(0x7f0000000000), 0x2, 0x1)
ioctl$DRM_IOCTL_MODE_GETRESOURCES(r1, 0xc04064a0, &(0x7f0000000580)={0x0, &(0x7f00000004c0)=[<r2=>0x0], 0x0, 0x0, 0x0, 0x1})
ioctl$DRM_IOCTL_MODE_GETCRTC(r1, 0xc06864a1, &(0x7f0000001800)={0x0, 0x0, r2, <r3=>0x0})
ioctl$DRM_IOCTL_MODE_DIRTYFB(r1, 0xc01864b1, &(0x7f00000000c0)={r3, 0x0, 0x6, 0x2, &(0x7f0000000080)=[{0x40, 0x6, 0x3, 0x7}, {0x200, 0x7ff, 0x5, 0x7}]}) (async, rerun: 32)
ioctl$DRM_IOCTL_SET_VERSION(r0, 0xc0106407, &(0x7f0000000100)={0x1, 0x0, 0x3, 0x8}) (rerun: 32)

5.33860983s ago: executing program 1 (id=7854):
openat$drirender128(0xffffffffffffff9c, &(0x7f0000000780), 0x80000, 0x0) (async)
r0 = openat$drirender128(0xffffffffffffff9c, &(0x7f0000000780), 0x80000, 0x0)
ioctl$DRM_IOCTL_SYNCOBJ_QUERY(r0, 0xc01864cb, &(0x7f0000000840)={0x0, 0x0}) (async)
ioctl$DRM_IOCTL_SYNCOBJ_QUERY(r0, 0xc01864cb, &(0x7f0000000840)={0x0, 0x0})
r1 = syz_open_dev$dri(&(0x7f0000000000), 0x2, 0x1)
ioctl$DRM_IOCTL_MODE_CREATE_DUMB(r1, 0x5452, &(0x7f0000000180)={0xc5a5, 0x0, 0x1})
r2 = syz_open_dev$dri(&(0x7f0000000000), 0x8, 0x105001)
r3 = openat$drirender128(0xffffffffffffff9c, &(0x7f0000000300), 0xa00, 0x0)
ioctl$DRM_IOCTL_SYNCOBJ_HANDLE_TO_FD_FD(r3, 0xc01864c1, &(0x7f0000000040)={0x0, 0x0, <r4=>0xffffffffffffffff})
ioctl$DRM_IOCTL_SYNCOBJ_FD_TO_HANDLE_FD(r2, 0xc01864c2, &(0x7f0000000080)={0x0, 0x0, r4}) (async)
ioctl$DRM_IOCTL_SYNCOBJ_FD_TO_HANDLE_FD(r2, 0xc01864c2, &(0x7f0000000080)={0x0, 0x0, r4})
ioctl$DRM_IOCTL_MODE_GETCRTC(r3, 0xc06864a1, &(0x7f0000000fc0)={0x0})
ioctl$DRM_IOCTL_WAIT_VBLANK(r2, 0xc018643a, &(0x7f0000000cc0)={0x10000000, 0x100ae1, 0x6})

4.952427284s ago: executing program 1 (id=7856):
r0 = syz_open_dev$dri(&(0x7f0000000880), 0xa, 0xa8042)
ioctl$DRM_IOCTL_MARK_BUFS(r0, 0x40206417, &(0x7f0000000000)={0x4, 0x7fffffff, 0x2, 0x80, 0x18, 0x2})
ioctl$DRM_IOCTL_MODE_GETRESOURCES(0xffffffffffffffff, 0xc04064a0, &(0x7f0000000200)={0x0, &(0x7f0000000140)=[<r1=>0x0], &(0x7f0000000180)=[<r2=>0x0], 0x0, 0x0, 0x1, 0x1})
ioctl$DRM_IOCTL_MODE_CREATE_LEASE(0xffffffffffffffff, 0xc01864c6, &(0x7f0000000280)={&(0x7f0000000240)=[r2, r1, r2], 0x3, 0x800, 0x0, <r3=>0xffffffffffffffff})
ioctl$DRM_IOCTL_MODE_GETCRTC(r0, 0xc06864a1, &(0x7f0000000080)={&(0x7f0000000040)=[0x0, 0x0, 0x0, 0x0, 0x0], 0x5, 0x0, <r4=>0x0})
openat$drirender128(0xffffffffffffff9c, &(0x7f0000000bc0), 0x0, 0x0)
openat$drirender128(0xffffffffffffff9c, &(0x7f0000000cc0), 0x105000, 0x0)
r5 = syz_open_dev$dri(&(0x7f0000000380), 0x1, 0x18000)
ioctl$DRM_IOCTL_MODE_OBJ_GETPROPERTIES(r3, 0xc02064b9, &(0x7f0000000500)={&(0x7f0000000440)=[0x0, 0x0, 0x0, 0x0, 0x0, 0x0], &(0x7f00000004c0)=[0x0, 0x0, 0x0, 0x0], 0x6, r1, 0x181818180})
r6 = syz_open_dev$dri(&(0x7f0000000000), 0x1, 0x2000)
r7 = syz_open_dev$dri(&(0x7f0000000000), 0x1, 0x2000)
ioctl$DRM_IOCTL_MODE_GETRESOURCES(r7, 0xc04064a0, &(0x7f0000000340)={0x0, &(0x7f0000000280)=[<r8=>0x0], 0x0, 0x0, 0x0, 0x1})
ioctl$DRM_IOCTL_MODE_GETCRTC(r6, 0xc06864a1, &(0x7f0000000440)={0x0, 0x0, r8, <r9=>0x0})
ioctl$DRM_IOCTL_MODE_GETFB2(r6, 0xc06864ce, &(0x7f0000000040)={r9, 0x7, 0x5, 0xfffffff8, 0x3, [<r10=>0x0], [0x2, 0xbc01, 0xf, 0x8001], [0x7fff, 0x5, 0x4, 0x8], [0x9, 0x30, 0xfffffffffffffff9]})
ioctl$DRM_IOCTL_PRIME_HANDLE_TO_FD(r6, 0xc00c642d, &(0x7f0000000080)={r10, 0x80000})
ioctl$DRM_IOCTL_GEM_CLOSE(r6, 0x40086409, &(0x7f0000000100)={r10})
r11 = syz_open_dev$I2C(&(0x7f0000000700), 0x0, 0x840000)
ioctl$I2C_SLAVE(r11, 0x703, 0x40)
ioctl$I2C_PEC(r11, 0x708, 0xffffffffffffffff)
ioctl$I2C_SMBUS(r11, 0x720, &(0x7f0000000780)={0x0, 0xd, 0x4, &(0x7f0000000100)={0xc, "3f8678c6730000000000000000d0a63325005dd10bffffdf00"}})
ioctl$DRM_IOCTL_MODE_CREATE_DUMB(r5, 0xc02064b2, &(0x7f0000000080)={0x8, 0x4, 0x10000})
r12 = syz_open_dev$dri(&(0x7f0000000000), 0x1, 0x8000)
ioctl$DRM_IOCTL_MODE_DIRTYFB(r0, 0xc01864b1, &(0x7f0000000340)={r4, 0x0, 0x2, 0x1, &(0x7f0000000300)=[{0x3, 0x7f, 0x581, 0x9}]})
r13 = syz_open_dev$dri(&(0x7f0000000480), 0x2, 0x101000)
ioctl$DRM_IOCTL_MODE_PAGE_FLIP(r13, 0xc01864b0, &(0x7f00000000c0)={0x0, 0x0, 0xa, 0x5, 0x6fa})
ioctl$DRM_IOCTL_MODE_CREATE_DUMB(r12, 0xc02064b2, &(0x7f0000000080)={0x8, 0x4, 0x10000, 0x0, <r14=>0x0})
ioctl$DRM_IOCTL_MODE_CREATE_DUMB(r7, 0xc02064b2, &(0x7f00000002c0)={0x3, 0xffffffff, 0x9})
ioctl$DRM_IOCTL_MODE_DESTROY_DUMB(r12, 0xc00464b4, &(0x7f0000000780)={r14})
ioctl$DRM_IOCTL_MODE_CREATE_DUMB(r5, 0xc02064b2, &(0x7f00000001c0)={0x1, 0x1, 0x7})
ioctl$DRM_IOCTL_MODE_GETPLANE(r0, 0xc02064b6, &(0x7f0000000140)={0x0, 0x0, 0x0, 0x0, 0x0, 0x5, &(0x7f0000000100)=[0x0, 0x0, 0x0, 0x0, 0x0]})

4.730732411s ago: executing program 1 (id=7861):
r0 = syz_open_dev$dri(&(0x7f0000000000), 0xb, 0x1)
r1 = syz_open_dev$dri(&(0x7f0000000000), 0x1ff, 0xc8940)
ioctl$DRM_IOCTL_MODE_GETRESOURCES(r1, 0xc04064a0, &(0x7f0000000480)={0x0, &(0x7f0000000140)=[<r2=>0x0], 0x0, 0x0, 0x0, 0x1})
ioctl$DRM_IOCTL_MODE_GETCRTC(r1, 0xc06864a1, &(0x7f0000000080)={0x0, 0x0, r2, <r3=>0x0})
ioctl$DRM_IOCTL_MODE_DIRTYFB(r0, 0xc01864b1, &(0x7f00000001c0)={r3, 0x2, 0xd58c, 0x0, 0x0})
ioctl$DRM_IOCTL_SYNCOBJ_FD_TO_HANDLE_SYNC_FILE(r1, 0xc01864c2, &(0x7f0000000040)={<r4=>0x0})
ioctl$DRM_IOCTL_SYNCOBJ_FD_TO_HANDLE_FD(r0, 0xc01864c2, &(0x7f0000000180)={<r5=>0x0})
ioctl$DRM_IOCTL_GET_CAP(r0, 0xc010640c, &(0x7f0000000340)={0x8})
ioctl$DRM_IOCTL_SYNCOBJ_CREATE(r1, 0xc00864bf, &(0x7f0000000200)={<r6=>0x0})
ioctl$DRM_IOCTL_SYNCOBJ_FD_TO_HANDLE_SYNC_FILE(r1, 0xc01864c2, &(0x7f0000000240)={<r7=>0x0})
ioctl$DRM_IOCTL_SYNCOBJ_FD_TO_HANDLE_FD(r0, 0xc01864c2, &(0x7f0000000280)={<r8=>0x0})
ioctl$DRM_IOCTL_SYNCOBJ_RESET(r1, 0xc01064c4, &(0x7f0000000300)={&(0x7f00000002c0)=[r4, r5, 0x0, r6, r7, r8, 0x0], 0x7})
r9 = syz_open_dev$dri(&(0x7f0000000100), 0xe4d, 0x181040)
ioctl$DRM_IOCTL_MODE_CREATE_DUMB(r9, 0xc02064b2, &(0x7f0000000780)={0x0, 0x4})

4.528736275s ago: executing program 1 (id=7864):
r0 = syz_open_dev$dri(&(0x7f0000000000), 0x50dd, 0x0)
r1 = syz_open_dev$dri(&(0x7f0000000000), 0x2, 0x1)
ioctl$DRM_IOCTL_MODE_CREATE_LEASE(r1, 0xc01864c6, &(0x7f0000000d40)={0x0})
ioctl$DRM_IOCTL_WAIT_VBLANK(r0, 0xc018643a, &(0x7f0000000cc0)={0x10000000, 0xae1, 0x6})
r2 = syz_open_dev$I2C(&(0x7f0000000040), 0x0, 0x80)
ioctl$I2C_FUNCS(r2, 0x705, 0xfffffffffffffffe)
syz_open_dev$dri(&(0x7f0000000000), 0x0, 0x103000)
ioctl$DRM_IOCTL_MODE_CREATEPROPBLOB(0xffffffffffffffff, 0xc01064bd, &(0x7f0000000800)={0x0, 0x5b})
r3 = syz_open_dev$dri(&(0x7f0000000680), 0x1, 0x100)
r4 = syz_open_dev$dri(&(0x7f0000000000), 0x1, 0x2041)
ioctl$DRM_IOCTL_MODE_CREATE_DUMB(r4, 0x5452, &(0x7f0000000180)={0xc5a5, 0x0, 0x1})
ioctl$DRM_IOCTL_DROP_MASTER(0xffffffffffffffff, 0x641f)
ioctl$DRM_IOCTL_MODE_CREATEPROPBLOB(r3, 0xc01064bd, &(0x7f0000000000)={0x0, 0x46351d016c435ab5})
ioctl$DRM_IOCTL_MODE_SETGAMMA(0xffffffffffffffff, 0xc02064a5, &(0x7f0000000140)={0x0, 0x0, 0x0, 0x0, 0x0})
ioctl$DRM_IOCTL_MARK_BUFS(r0, 0x40206417, 0x0)
r5 = syz_open_dev$dri(&(0x7f0000000000), 0xfffffffffffffffb, 0x200)
ioctl$DRM_IOCTL_MODE_LIST_LESSEES(r5, 0xc01064c7, 0x0)
r6 = syz_open_dev$dri(&(0x7f0000000000), 0x1, 0x2000)
ioctl$DRM_IOCTL_MODE_GETRESOURCES(r6, 0xc04064a0, &(0x7f0000000340)={0x0, &(0x7f0000000280)=[<r7=>0x0], 0x0, 0x0, 0x0, 0x1})
ioctl$DRM_IOCTL_MODE_GETCRTC(r6, 0xc06864a1, &(0x7f0000000540)={0x0, 0x0, r7})
ioctl$DRM_IOCTL_MODE_SETGAMMA(r3, 0xc02064a5, &(0x7f00000001c0)={r7, 0x1, &(0x7f0000000080)=[0x3], &(0x7f00000000c0)=[0xa, 0xff8f, 0x6, 0x79, 0x4], &(0x7f0000000100)=[0x5, 0x9]})
ioctl$DRM_IOCTL_SYNCOBJ_FD_TO_HANDLE_FD(0xffffffffffffffff, 0xc01864c2, &(0x7f0000000240)={<r8=>0x0})
ioctl$DRM_IOCTL_SYNCOBJ_TIMELINE_SIGNAL(0xffffffffffffffff, 0xc01864cd, &(0x7f0000000380)={&(0x7f0000000300)=[0x0, 0x0, 0x0, 0x0, 0x0, 0x0, 0x0, 0x0, 0x0, r8], &(0x7f0000000340), 0xa})

1.413922715s ago: executing program 3 (id=7903):
r0 = syz_open_dev$dri(&(0x7f0000000000), 0x50dd, 0x0)
ioctl$DRM_IOCTL_MODE_CREATE_DUMB(r0, 0xc02064b2, &(0x7f00000000c0)={0x6, 0x3, 0x0, 0x0, <r1=>0x0})
ioctl$DRM_IOCTL_MODE_DESTROY_DUMB(r0, 0xc00464b4, &(0x7f0000000100)={r1})
ioctl$DRM_IOCTL_WAIT_VBLANK(r0, 0xc018643a, &(0x7f0000000cc0)={0x10000000, 0xae1, 0x6})
syz_open_dev$dri(&(0x7f0000000000), 0x0, 0x103000)
ioctl$DRM_IOCTL_MODE_CREATEPROPBLOB(0xffffffffffffffff, 0xc01064bd, &(0x7f0000000800)={0x0, 0x5b})
r2 = syz_open_dev$dri(&(0x7f00000001c0), 0x1, 0x202142)
ioctl$DRM_IOCTL_DROP_MASTER(0xffffffffffffffff, 0x641f)
ioctl$DRM_IOCTL_MODE_CREATEPROPBLOB(r2, 0xc01064bd, &(0x7f0000000000)={0x0, 0x46351d016c435ab5})
ioctl$DRM_IOCTL_MODE_SETGAMMA(0xffffffffffffffff, 0xc02064a5, &(0x7f0000000140)={0x0, 0x0, 0x0, 0x0, 0x0})
ioctl$DRM_IOCTL_MARK_BUFS(r0, 0x40206417, 0x0)
r3 = syz_open_dev$dri(&(0x7f0000000000), 0xfffffffffffffffb, 0x200)
ioctl$DRM_IOCTL_MODE_LIST_LESSEES(r3, 0xc01064c7, 0x0)
ioctl$DRM_IOCTL_SYNCOBJ_FD_TO_HANDLE_FD(0xffffffffffffffff, 0xc01864c2, &(0x7f0000000240)={<r4=>0x0})
ioctl$DRM_IOCTL_SYNCOBJ_TIMELINE_SIGNAL(0xffffffffffffffff, 0xc01864cd, &(0x7f0000000380)={&(0x7f0000000300)=[0x0, 0x0, r4, 0x0, 0x0, 0x0, 0x0, 0x0, 0x0, r4], &(0x7f0000000340), 0xa})
ioctl$DRM_IOCTL_GET_UNIQUE(r3, 0xc0106401, &(0x7f0000000080)={0x12, &(0x7f0000000040)=""/18})

1.412121652s ago: executing program 0 (id=7904):
r0 = syz_open_dev$dri(&(0x7f0000000000), 0xc6cc, 0x200)
ioctl$DRM_IOCTL_MODE_OBJ_GETPROPERTIES(r0, 0xc02064b9, &(0x7f0000000200)={&(0x7f0000000180)=[<r1=>0x0], &(0x7f00000001c0)=[0x0, 0x0], 0x1, 0x0, 0xc0c0c0c0})
ioctl$DRM_IOCTL_MODE_GETPROPERTY(r0, 0xc04064aa, &(0x7f00000002c0)={0x0, 0x0, r1})
r2 = syz_open_dev$dri(&(0x7f0000000000), 0x1, 0x2000)
ioctl$DRM_IOCTL_MODE_GETRESOURCES(r2, 0xc04064a0, &(0x7f0000000140)={&(0x7f0000000040)=[<r3=>0x0, 0x0], &(0x7f0000000080)=[0x0, 0x0, 0x0, 0x0, 0x0], &(0x7f00000000c0)=[0x0, 0x0, 0x0, 0x0], &(0x7f0000000100)=[0x0], 0x2, 0x5, 0x4, 0x1})
ioctl$DRM_IOCTL_MODE_ADDFB(r0, 0xc01c64ae, &(0x7f0000000240)={r3, 0x824, 0x455, 0xfe70, 0x1b, 0x18, 0xb4})
r4 = openat$drirender128(0xffffffffffffff9c, &(0x7f0000000100), 0x80000, 0x0)
ioctl$DRM_IOCTL_SYNCOBJ_FD_TO_HANDLE_FD(r4, 0xc01864c2, &(0x7f0000000540))
openat$drirender128(0xffffffffffffff9c, &(0x7f0000000bc0), 0x0, 0x0)
ioctl$DRM_IOCTL_MODE_ADDFB(r2, 0xc01c64ae, &(0x7f0000000280)={r3, 0x4, 0x10, 0xffffffff, 0x8, 0x5, 0x1000})
openat$drirender128(0xffffffffffffff9c, &(0x7f0000000cc0), 0x105000, 0x0)

1.106698905s ago: executing program 2 (id=7905):
r0 = syz_open_dev$dri(&(0x7f0000000000), 0x1, 0x2000)
ioctl$DRM_IOCTL_MODE_GETRESOURCES(r0, 0xc04064a0, &(0x7f0000000140)={0x0, 0x0, 0x0, &(0x7f0000000100)=[<r1=>0x0], 0x0, 0x0, 0x0, 0x1})
ioctl$DRM_IOCTL_MODE_GETENCODER(r0, 0xc01464a6, &(0x7f00000002c0)={r1})
r2 = syz_open_dev$I2C(&(0x7f0000000080), 0x9, 0x80)
ioctl$I2C_SMBUS(r2, 0x720, &(0x7f0000002780)={0x0, 0xe1, 0x3, &(0x7f0000002740)={0x8, "b283ea543cb78bab2fa5c5e874287edd62682e37523b0a5745de9a81a582891fdf"}})

1.106189029s ago: executing program 3 (id=7906):
r0 = syz_open_dev$dri(&(0x7f00000001c0), 0xa8c, 0x0)
ioctl$DRM_IOCTL_MODE_OBJ_GETPROPERTIES(r0, 0x5460, 0x0)
r1 = syz_open_dev$dri(&(0x7f00000005c0), 0x1, 0x0)
r2 = syz_open_dev$dri(&(0x7f0000000000), 0x1, 0x0)
ioctl$DRM_IOCTL_MODE_GETRESOURCES(r2, 0xc04064a0, &(0x7f0000000340)={0x0, &(0x7f0000000280)=[<r3=>0x0], 0x0, 0x0, 0x0, 0x1})
r4 = syz_open_dev$dri(&(0x7f0000000000), 0x1, 0x2000)
r5 = syz_open_dev$dri(&(0x7f0000000000), 0x1, 0x2000)
ioctl$DRM_IOCTL_MODE_GETRESOURCES(r5, 0xc04064a0, &(0x7f0000000340)={0x0, &(0x7f0000000280)=[<r6=>0x0], 0x0, 0x0, 0x0, 0x1})
ioctl$DRM_IOCTL_MODE_GETCRTC(r4, 0xc06864a1, &(0x7f0000000440)={0x0, 0x0, r6, <r7=>0x0})
r8 = syz_open_dev$dri(&(0x7f0000000000), 0x200, 0x40540)
ioctl$DRM_IOCTL_MODE_GETRESOURCES(r8, 0xc04064a0, &(0x7f0000000200)={0x0, &(0x7f0000000080), &(0x7f00000000c0), 0x0})
r9 = syz_open_dev$dri(&(0x7f0000000580), 0x200, 0x40000)
r10 = syz_open_dev$dri(&(0x7f0000000480), 0x2, 0x101000)
ioctl$DRM_IOCTL_MODE_GETRESOURCES(r10, 0xc04064a0, &(0x7f0000000140)={0x0, &(0x7f0000000040)=[<r11=>0x0], 0x0, 0x0, 0x0, 0x1})
ioctl$DRM_IOCTL_MODE_PAGE_FLIP(r9, 0xc01864b0, &(0x7f0000000180)={r11, 0x0, 0x0, 0x0, 0x3b})
ioctl$DRM_IOCTL_MODE_CREATE_LEASE(r8, 0xc01864c6, &(0x7f00000008c0)={&(0x7f0000000880)=[0x0, 0x0], 0x2, 0x80800})
ioctl$DRM_IOCTL_MODE_SETCRTC(r1, 0xc06864a2, &(0x7f0000000280)={0x0, 0x0, r3, r7, 0x7fff, 0x9, 0xf, 0x3, {0x6, 0x6, 0x8, 0xffff, 0xfff7, 0x6, 0x3, 0x40, 0x1, 0xfdda, 0xf20, 0x0, 0xcb, 0x1, "a96b8f0d73a00906ec5c7abea422831d1b05814d16407676b13ea3973d9e3ab2"}})

1.10560893s ago: executing program 0 (id=7907):
r0 = syz_open_dev$dri(&(0x7f0000000700), 0x2, 0x101800)
ioctl$DRM_IOCTL_MODE_CREATE_DUMB(r0, 0xc02064b2, &(0x7f0000000000)={0x400, 0x38, 0x967, 0x0, <r1=>0x0}) (async)
r2 = syz_open_dev$dri(&(0x7f0000000000), 0x1, 0x2000) (async)
r3 = syz_open_dev$dri(&(0x7f0000000000), 0x1, 0x2000)
ioctl$DRM_IOCTL_MODE_GETRESOURCES(r3, 0xc04064a0, &(0x7f0000000340)={0x0, &(0x7f0000000280)=[<r4=>0x0], 0x0, 0x0, 0x0, 0x1})
ioctl$DRM_IOCTL_MODE_GETCRTC(r2, 0xc06864a1, &(0x7f0000000440)={0x0, 0x0, r4, <r5=>0x0}) (async)
r6 = syz_open_dev$dri(&(0x7f0000000140), 0x32c, 0x801)
r7 = syz_open_dev$dri(&(0x7f0000000940), 0x0, 0x800) (async)
r8 = syz_open_dev$dri(&(0x7f0000000000), 0x2, 0x100)
ioctl$DRM_IOCTL_GEM_FLINK(r8, 0xc008640a, &(0x7f0000000080)) (async)
ioctl$DRM_IOCTL_SET_VERSION(r8, 0xc0106407, &(0x7f0000000180)={0x4, 0x5, 0x3, 0x7fff})
r9 = syz_open_dev$dri(&(0x7f0000000680), 0x1, 0x40000)
ioctl$DRM_IOCTL_WAIT_VBLANK(r9, 0xc018643a, &(0x7f00000003c0)={0x0, 0x4, 0xf}) (async)
r10 = syz_open_dev$dri(&(0x7f0000000180), 0x2, 0x101800)
r11 = syz_open_dev$dri(&(0x7f0000000000), 0x2, 0x1)
ioctl$DRM_IOCTL_MODE_GETRESOURCES(r11, 0xc04064a0, &(0x7f0000000480)={0x0, 0x0, &(0x7f0000000400)=[<r12=>0x0], 0x0, 0x0, 0x0, 0x1})
ioctl$DRM_IOCTL_MODE_GETCONNECTOR(r11, 0xc05064a7, &(0x7f0000001740)={&(0x7f0000001540)=[<r13=>0x0], 0x0, 0x0, 0x0, 0x0, 0x0, 0x1, 0x0, r12})
ioctl$DRM_IOCTL_MODE_GETENCODER(r10, 0xc01464a6, &(0x7f00000001c0)={r13}) (async)
ioctl$DRM_IOCTL_MODE_ADDFB(r7, 0xc01c64ae, &(0x7f0000000980)={0x0, 0x571f, 0x2, 0x9, 0x200, 0x80, 0x9aa8})
ioctl$DRM_IOCTL_MODE_GET_LEASE(r6, 0xc01064c8, &(0x7f0000000080)={0x9, 0x0, &(0x7f0000000000)=[0x0, 0x0, 0x0, 0x0, 0x0, 0x0, 0x0, 0x0, 0x0]}) (async)
r14 = syz_open_dev$dri(&(0x7f0000000000), 0x3ff, 0x0) (async)
r15 = syz_open_dev$I2C(&(0x7f0000000000), 0x0, 0x20180)
ioctl$I2C_SMBUS(r15, 0x720, &(0x7f0000000080)={0x0, 0xa, 0x8, 0xfffffffffffffffd})
ioctl$DRM_IOCTL_MODE_GETRESOURCES(r14, 0xc04064a0, &(0x7f0000000600)={0x0, 0x0, &(0x7f0000000580)=[<r16=>0x0], 0x0, 0x0, 0x0, 0x1})
ioctl$DRM_IOCTL_MODE_GETCONNECTOR(r14, 0xc05064a7, &(0x7f00000004c0)={0x0, 0x0, 0x0, 0x0, 0x0, 0x0, 0x0, 0x0, r16}) (async)
r17 = syz_open_dev$dri(&(0x7f0000000000), 0x1, 0x8000)
ioctl$DRM_IOCTL_MODE_GETFB2(r17, 0xc06864ce, &(0x7f0000000b00)={0x0, 0x0, 0x6, 0xa0, 0x4, [], [0x1a, 0x1], [0x8, 0x5, 0x3a, 0xfee], [0xdfff, 0x3, 0x10, 0x5]}) (async)
ioctl$DRM_IOCTL_MODE_DESTROY_DUMB(r14, 0xc00464b4, &(0x7f0000000100)={r1}) (async)
ioctl$DRM_IOCTL_MODE_GETFB2(r2, 0xc06864ce, &(0x7f0000000040)={r5, 0x7, 0x5, 0xfffffff8, 0x3, [<r18=>0x0], [0x2, 0xbc01, 0xf, 0x8001], [0x7fff, 0x5, 0x4, 0x8], [0x9, 0x30, 0xfffffffffffffff9]})
ioctl$DRM_IOCTL_GEM_FLINK(0xffffffffffffffff, 0xc008640a, &(0x7f00000000c0)={r18})

1.03548648s ago: executing program 2 (id=7908):
r0 = openat$drirender128(0xffffffffffffff9c, &(0x7f0000000c40), 0x0, 0x0)
ioctl$DRM_IOCTL_SYNCOBJ_RESET(r0, 0xc01064c4, &(0x7f0000000cc0)={0x0}) (async)
ioctl$DRM_IOCTL_SYNCOBJ_FD_TO_HANDLE_SYNC_FILE(r0, 0xc01864c2, &(0x7f00000000c0)={<r1=>0x0}) (async)
ioctl$DRM_IOCTL_SYNCOBJ_CREATE(r0, 0xc00864bf, &(0x7f0000000100)={<r2=>0x0, 0x1})
syz_open_dev$I2C(&(0x7f00000000c0), 0x0, 0x101400) (async)
ioctl$DRM_IOCTL_SYNCOBJ_WAIT(r0, 0xc02864c3, &(0x7f0000000180)={&(0x7f0000000140)=[0x0, r1, 0x0, r2], 0x2, 0x4, 0x4}) (async)
r3 = syz_open_dev$dri(&(0x7f0000000440), 0x0, 0x103000)
r4 = syz_open_dev$dri(&(0x7f0000000280), 0x0, 0x40001)
ioctl$DRM_IOCTL_GEM_OPEN(r4, 0xc010640b, &(0x7f0000000b80)) (async)
ioctl$DRM_IOCTL_AGP_ALLOC(r0, 0xc0206434, &(0x7f0000000000)={0x5, <r5=>0x0, 0x10000})
syz_open_dev$dri(&(0x7f0000000000), 0xa3, 0x2841) (async)
ioctl$DRM_IOCTL_MODE_CREATE_LEASE(r4, 0xc01864c6, &(0x7f0000000880)={0x0, 0x0, 0x80000}) (async)
ioctl$DRM_IOCTL_AGP_BIND(r0, 0x40106436, &(0x7f0000000040)={r5, 0x5c}) (async)
ioctl$DRM_IOCTL_MODE_GETPROPBLOB(r3, 0xc01064ac, &(0x7f0000001480)={0x0, 0x0, 0x0})
ioctl$DRM_IOCTL_SET_VERSION(r3, 0xc0106407, &(0x7f0000000080)={0x5, 0x667, 0xb, 0x1})

888.156297ms ago: executing program 0 (id=7909):
ioctl$DRM_IOCTL_MODE_GETRESOURCES(0xffffffffffffffff, 0xc04064a0, &(0x7f0000000100)={&(0x7f0000000000)=[0x0], &(0x7f0000000040)=[0x0, <r0=>0x0, 0x0, 0x0], &(0x7f0000000080)=[<r1=>0x0, 0x0, 0x0, 0x0, 0x0, 0x0, 0x0, 0x0, 0x0, 0x0], &(0x7f00000000c0)=[0x0, <r2=>0x0, 0x0], 0x1, 0x4, 0xa, 0x3})
ioctl$DRM_IOCTL_MODE_GETRESOURCES(0xffffffffffffffff, 0xc04064a0, &(0x7f0000000240)={&(0x7f0000000140)=[<r3=>0x0, 0x0, 0x0, 0x0, 0x0], &(0x7f0000000180)=[0x0, <r4=>0x0, <r5=>0x0, 0x0], &(0x7f00000001c0)=[<r6=>0x0, 0x0], &(0x7f0000000200)=[0x0], 0x5, 0x4, 0x2, 0x1})
ioctl$DRM_IOCTL_MODE_GETRESOURCES(0xffffffffffffffff, 0xc04064a0, &(0x7f0000000380)={&(0x7f0000000280)=[0x0, <r7=>0x0, 0x0, 0x0, 0x0, 0x0, <r8=>0x0, 0x0, 0x0, 0x0], &(0x7f00000002c0)=[<r9=>0x0], &(0x7f0000000300)=[0x0, 0x0, 0x0, 0x0, 0x0, 0x0, 0x0, <r10=>0x0], &(0x7f0000000340)=[0x0, 0x0, 0x0], 0xa, 0x1, 0x8, 0x3})
ioctl$DRM_IOCTL_MODE_GETPLANE(0xffffffffffffffff, 0xc02064b6, &(0x7f0000000440)={0x0, <r11=>0x0, 0x0, 0x0, 0x0, 0x3, &(0x7f0000000400)=[0x0, 0x0, 0x0]})
ioctl$DRM_IOCTL_MODE_GETCRTC(0xffffffffffffffff, 0xc06864a1, &(0x7f00000004c0)={&(0x7f0000000480)=[0x0, 0x0, 0x0, 0x0, 0x0, 0x0, 0x0, 0x0, 0x0], 0x9, 0x0, <r12=>0x0})
ioctl$DRM_IOCTL_MODE_SETCRTC(0xffffffffffffffff, 0xc06864a2, &(0x7f0000000540)={&(0x7f00000003c0)=[0x0, r1, 0x0, r6, r10], 0x5, r11, r12, 0x4c, 0x6, 0x1000, 0x8, {0xa69, 0x5, 0x40, 0x6, 0x88b3, 0x4, 0x1ff, 0xfffa, 0x909, 0x5, 0x8, 0xfffffffc, 0x222a042b, 0x1c2a, "5b3cd9a2bf64c848ac7eec79b22b22bacd3cf7687c1ca32a18d949090e14f8e9"}})
ioctl$DRM_IOCTL_PRIME_HANDLE_TO_FD(0xffffffffffffffff, 0xc00c642d, &(0x7f00000005c0)={0x0, 0x0, <r13=>0xffffffffffffffff})
ioctl$DRM_IOCTL_MODE_PAGE_FLIP(r13, 0xc01864b0, &(0x7f0000000600)={r11, r8})
ioctl$DRM_IOCTL_MODE_CURSOR2(r13, 0xc02464bb, &(0x7f0000000640)={0x1, r4, 0xdc, 0x3576d61a, 0x4, 0x6, 0x9c, 0x4f, 0x3})
ioctl$DRM_IOCTL_MODE_OBJ_GETPROPERTIES(r13, 0xc02064b9, &(0x7f0000000780)={&(0x7f0000000700)=[0x0, 0x0, 0x0, 0x0, 0x0, 0x0, <r14=>0x0, 0x0], &(0x7f0000000740)=[0x0], 0x8, r2, 0x1e1e1e1e})
ioctl$DRM_IOCTL_MODE_OBJ_GETPROPERTIES(r13, 0xc02064b9, &(0x7f0000000840)={&(0x7f00000007c0)=[<r15=>0x0, 0x0, 0x0], &(0x7f0000000800)=[0x0, 0x0], 0x3, r5, 0xb0b0b0b0})
ioctl$DRM_IOCTL_MODE_OBJ_GETPROPERTIES(r13, 0xc02064b9, &(0x7f0000000900)={&(0x7f0000000880)=[0x0, 0x0, 0x0, <r16=>0x0], &(0x7f00000008c0)=[0x0], 0x4, r3})
ioctl$DRM_IOCTL_MODE_ATOMIC(r13, 0xc03864bc, &(0x7f00000009c0)={0x100, 0x1, &(0x7f0000000680)=[r9], &(0x7f00000006c0)=[0x2, 0x80000001, 0x3, 0x4, 0x62, 0x10001], &(0x7f0000000940)=[r0, 0x0, r6, r14, r15, 0x0, 0x0, r16, 0x0], &(0x7f0000000980)=[0x789637ad], 0x0, 0x2})
ioctl$DRM_IOCTL_SYNCOBJ_CREATE(r13, 0xc00864bf, &(0x7f0000000a00)={<r17=>0x0})
ioctl$DRM_IOCTL_SYNCOBJ_FD_TO_HANDLE_SYNC_FILE(r13, 0xc01864c2, &(0x7f0000000a40)={<r18=>0x0})
ioctl$DRM_IOCTL_SYNCOBJ_CREATE(r13, 0xc00864bf, &(0x7f0000000a80)={<r19=>0x0, 0x1})
ioctl$DRM_IOCTL_SYNCOBJ_CREATE(r13, 0xc00864bf, &(0x7f0000000ac0)={<r20=>0x0, 0x1})
ioctl$DRM_IOCTL_SYNCOBJ_FD_TO_HANDLE_FD(r13, 0xc01864c2, &(0x7f0000000b00)={<r21=>0x0})
ioctl$DRM_IOCTL_SYNCOBJ_FD_TO_HANDLE_SYNC_FILE(r13, 0xc01864c2, &(0x7f0000000b40)={<r22=>0x0})
ioctl$DRM_IOCTL_SYNCOBJ_CREATE(r13, 0xc00864bf, &(0x7f0000000b80)={<r23=>0x0})
ioctl$DRM_IOCTL_SYNCOBJ_FD_TO_HANDLE_FD(r13, 0xc01864c2, &(0x7f0000000bc0)={<r24=>0x0})
ioctl$DRM_IOCTL_SYNCOBJ_QUERY(r13, 0xc01864cb, &(0x7f0000000c80)={&(0x7f0000000c00)=[r17, r18, r19, r20, r21, r22, r23, 0x0, r24], &(0x7f0000000c40)=[0x80000001, 0x3, 0x0, 0x2e39, 0x6, 0x5], 0x9, 0x1})
r25 = openat$drirender128(0xffffffffffffff9c, &(0x7f0000000cc0), 0x581482, 0x0)
ioctl$DRM_IOCTL_MODE_RMFB(r25, 0xc00464af, &(0x7f0000000d00)=r3)
r26 = openat$drirender128(0xffffffffffffff9c, &(0x7f0000000d40), 0x20400, 0x0)
ioctl$DRM_IOCTL_ADD_CTX(r25, 0xc0086420, &(0x7f0000000d80)={<r27=>0x0})
ioctl$DRM_IOCTL_UNLOCK(r26, 0x4008642b, &(0x7f0000000dc0)={r27, 0x38})
r28 = syz_open_dev$dri(&(0x7f0000000e00), 0x2, 0x40)
ioctl$DRM_IOCTL_MODE_GETFB2(r28, 0xc06864ce, &(0x7f0000000e40)={r7, 0x8, 0x0, 0xffffffff, 0x2, [], [0x9, 0x6, 0x0, 0x8], [0x5, 0xdf37, 0x3, 0x9], [0x7, 0x5822, 0x7, 0x3]})
ioctl$DRM_IOCTL_SET_MASTER(r28, 0x641e)

881.292724ms ago: executing program 3 (id=7910):
r0 = syz_open_dev$dri(&(0x7f0000000a00), 0x1ff, 0x401)
ioctl$DRM_IOCTL_MODE_GETRESOURCES(r0, 0xc04064a0, &(0x7f00000001c0)={&(0x7f0000000040)=[<r1=>0x0, 0x0, 0x0], &(0x7f0000000100)=[0x0, 0x0], &(0x7f0000000140)=[0x0, 0x0, 0x0, 0x0, 0x0, 0x0], &(0x7f0000000180)=[0x0, 0x0], 0x3, 0x2, 0x6, 0x2})
ioctl$DRM_IOCTL_MODE_GETFB(r0, 0xc01c64ad, &(0x7f0000000200)={r1})
ioctl$DRM_IOCTL_MODE_GET_LEASE(r0, 0xc01064c8, &(0x7f00000000c0)={0x5, 0x0, &(0x7f0000000080)=[0x0, 0x0, 0x0, 0x0, <r2=>0x0]})
ioctl$DRM_IOCTL_MODE_GETPROPERTY(r0, 0xc04064aa, &(0x7f0000000480)={0x0, 0x0, r2, 0x0, '\x00', 0x0, 0xfffffffffffffe0b})
ioctl$DRM_IOCTL_RM_CTX(r0, 0xc0086421, &(0x7f0000000000)={0x0, 0x1})

712.342075ms ago: executing program 2 (id=7911):
r0 = syz_open_dev$dri(&(0x7f0000000000), 0x1, 0x2401)
ioctl$DRM_IOCTL_MODE_CREATE_LEASE(r0, 0xc01864c6, &(0x7f0000000080)={0x0, 0x0, 0x80800})
ioctl$DRM_IOCTL_MODE_LIST_LESSEES(r0, 0xc01064c7, &(0x7f0000000180)={0x0, 0x0, &(0x7f0000000140)})
syz_open_dev$dri(&(0x7f0000000040), 0x697, 0x2)
r1 = syz_open_dev$dri(&(0x7f0000000000), 0x200, 0x40540)
ioctl$DRM_IOCTL_MODE_GETRESOURCES(r1, 0xc04064a0, &(0x7f0000000200)={0x0, &(0x7f0000000140)=[<r2=>0x0], &(0x7f0000000180)=[<r3=>0x0], 0x0, 0x0, 0x1, 0x1})
ioctl$DRM_IOCTL_MODE_CREATE_LEASE(r1, 0xc01864c6, &(0x7f00000008c0)={&(0x7f0000000880)=[r2, r3], 0x2, 0x80800})
r4 = openat$drirender128(0xffffffffffffff9c, &(0x7f00000000c0), 0x82000, 0x0)
ioctl$DRM_IOCTL_MODE_GETCRTC(r4, 0xc06864a1, 0x0)
ioctl$DRM_IOCTL_MODE_SETPROPERTY(0xffffffffffffffff, 0xc01064ab, 0x0)
r5 = syz_open_dev$dri(&(0x7f0000000080), 0x1, 0x600)
ioctl$DRM_IOCTL_MODE_GETRESOURCES(r5, 0xc04064a0, &(0x7f0000000700)={&(0x7f0000000640)=[0x0, 0x0, 0x0, 0x0, 0x0, 0x0, 0x0, 0x0], 0xfffffffffffffffe, &(0x7f0000000680), &(0x7f00000006c0)=[0x0, 0x0], 0x8, 0x40, 0x0, 0x2})
syz_open_dev$dri(&(0x7f0000000000), 0x1, 0x8000)
r6 = syz_open_dev$dri(&(0x7f0000000000), 0x1, 0x8000)
ioctl$DRM_IOCTL_MODE_CREATE_DUMB(r6, 0xc02064b2, &(0x7f0000000080)={0x8, 0x4, 0x10000, 0x0, <r7=>0x0})
ioctl$DRM_IOCTL_MODE_CREATE_DUMB(r6, 0xc02064b2, &(0x7f00000001c0)={0x1, 0x1, 0x7})
ioctl$DRM_IOCTL_MODE_DESTROY_DUMB(r6, 0xc00464b4, &(0x7f0000000780)={r7})

711.888381ms ago: executing program 3 (id=7912):
r0 = syz_open_dev$I2C(&(0x7f0000000000), 0x7fff, 0x101040)
ioctl$I2C_SMBUS(r0, 0x720, &(0x7f0000000080)={0x1, 0x7, 0x5, &(0x7f0000000040)={0x1a, "769fa91583aefd8dcd84d4a86aba26ed67230ccdf2af3deb803cbb4e5d952c5ef7"}})
r1 = syz_open_dev$dri(&(0x7f0000000000), 0x1ff, 0x400)
r2 = syz_open_dev$I2C(&(0x7f0000000700), 0x0, 0x840000)
ioctl$I2C_SLAVE(r2, 0x703, 0x40) (async)
ioctl$I2C_PEC(r2, 0x708, 0xffffffffffffffff)
ioctl$I2C_SMBUS(r2, 0x720, &(0x7f0000000780)={0x0, 0xd, 0x4, &(0x7f0000000100)={0xc, "3f8678c6730000000000000000d0a63325005dd10bffffdf00"}}) (async)
ioctl$DRM_IOCTL_MODE_CREATE_LEASE(0xffffffffffffffff, 0xc01864c6, &(0x7f0000000080)={&(0x7f0000000040)=[0x0, 0x0, 0x0, 0x0, 0x0], 0x5, 0x800, <r3=>0x0})
ioctl$DRM_IOCTL_MODE_REVOKE_LEASE(r1, 0xc00464c9, &(0x7f00000000c0)={r3})

620.898074ms ago: executing program 0 (id=7913):
r0 = syz_open_dev$dri(&(0x7f0000000000), 0x2, 0x1)
ioctl$DRM_IOCTL_SET_VERSION(r0, 0xc0106407, &(0x7f0000000240)={0x1, 0x40, 0x3ee88000, 0x2}) (async)
r1 = syz_open_dev$dri(&(0x7f0000000000), 0x7fffffff, 0x123c00) (async)
r2 = syz_open_dev$dri(&(0x7f0000000000), 0xfffffffffffffffc, 0x0)
ioctl$DRM_IOCTL_MODE_GETRESOURCES(r2, 0xc04064a0, &(0x7f0000000600)={0x0, 0x0, &(0x7f0000000580)=[<r3=>0x0], 0x0, 0x0, 0x0, 0x1}) (async)
r4 = syz_open_dev$dri(&(0x7f0000000000), 0x1, 0x2000) (async)
r5 = syz_open_dev$dri(&(0x7f0000000000), 0x1, 0x2000)
ioctl$DRM_IOCTL_MODE_GETRESOURCES(r5, 0xc04064a0, &(0x7f0000000340)={0x0, &(0x7f0000000280)=[<r6=>0x0], 0x0, 0x0, 0x0, 0x1})
ioctl$DRM_IOCTL_MODE_GETCRTC(r4, 0xc06864a1, &(0x7f0000000440)={0x0, 0x0, r6, <r7=>0x0})
ioctl$DRM_IOCTL_MODE_GETFB2(r4, 0xc06864ce, &(0x7f0000000040)={r7, 0x7, 0x5, 0xfffffff8, 0x3, [<r8=>0x0], [0x2, 0xbc01, 0xf, 0x8001], [0x7fff, 0x5, 0x4, 0x8], [0x9, 0x30, 0xfffffffffffffff9]})
ioctl$DRM_IOCTL_PRIME_HANDLE_TO_FD(r4, 0xc00c642d, &(0x7f0000000080)={r8, 0x80000, <r9=>0xffffffffffffffff})
ioctl$DRM_IOCTL_MODE_CREATE_DUMB(r9, 0xc02064b2, 0x0) (async)
ioctl$DRM_IOCTL_MODE_GETCONNECTOR(r2, 0xc05064a7, &(0x7f0000000280)={0x0, 0x0, 0x0, 0x0, 0x0, 0x0, 0x0, 0x0, r3})
ioctl$DRM_IOCTL_GET_CAP(r1, 0xc010640c, &(0x7f0000000280)={0x14})

498.753071ms ago: executing program 2 (id=7914):
r0 = syz_open_dev$dri(&(0x7f0000000540), 0xca, 0x101000) (async)
r1 = syz_open_dev$dri(&(0x7f0000000540), 0xca, 0x101000) (async)
r2 = syz_open_dev$dri(&(0x7f0000000000), 0xb, 0x1)
ioctl$DRM_IOCTL_GET_MAGIC(r2, 0x80046402, &(0x7f00000003c0)=0x7) (async)
ioctl$DRM_IOCTL_MODE_CREATE_LEASE(r1, 0xc01864c6, &(0x7f00000005c0)={0x0, 0x3f00, 0x80000}) (async)
r3 = syz_open_dev$dri(&(0x7f00000001c0), 0x0, 0x540)
ioctl$DRM_IOCTL_MODE_GET_LEASE(r3, 0xc01064c8, &(0x7f00000020c0)={0x0, 0x0, 0x0}) (async)
r4 = syz_open_dev$dri(&(0x7f0000000000), 0xb, 0x1) (async)
r5 = syz_open_dev$dri(&(0x7f0000000000), 0x1ff, 0xc8940)
ioctl$DRM_IOCTL_MODE_GETRESOURCES(r5, 0xc04064a0, &(0x7f0000000480)={0x0, &(0x7f0000000140)=[<r6=>0x0], 0x0, 0x0, 0x0, 0x1})
ioctl$DRM_IOCTL_MODE_GETCRTC(r5, 0xc06864a1, &(0x7f0000000080)={0x0, 0x0, r6, <r7=>0x0})
r8 = syz_open_dev$dri(&(0x7f0000000000), 0x1, 0x2000) (async)
r9 = syz_open_dev$dri(&(0x7f0000000000), 0x1, 0x2000)
ioctl$DRM_IOCTL_MODE_GETRESOURCES(r9, 0xc04064a0, &(0x7f0000000340)={0x0, &(0x7f0000000280)=[<r10=>0x0], 0x0, 0x0, 0x0, 0x1})
ioctl$DRM_IOCTL_MODE_GETCRTC(r8, 0xc06864a1, &(0x7f0000000440)={0x0, 0x0, r10}) (async)
ioctl$DRM_IOCTL_ADD_CTX(r5, 0xc0086420, &(0x7f0000000040)) (async)
ioctl$DRM_IOCTL_MODE_DIRTYFB(r4, 0xc01864b1, &(0x7f00000001c0)={r7, 0x3, 0xd58c, 0x8, &(0x7f0000000300)=[{0x0, 0x5, 0x4f, 0xfd41}, {0x1, 0x1, 0x2, 0xc}, {0x6, 0x5, 0xffff, 0x8}, {0x3, 0x8, 0x1ff, 0x7fff}, {0x302, 0x7, 0x7, 0x2}, {0x6, 0x200, 0x5, 0x9}, {0x82ac, 0x64a9, 0x8, 0x385}, {0xfff, 0x8, 0x401, 0x9}]})
ioctl$DRM_IOCTL_MODE_ADDFB2(r0, 0xc06864b8, &(0x7f0000000240)={0x0, 0xb3e5, 0x5, 0x7, 0x2, [], [0x80000000, 0x3, 0x23, 0x80], [0x1, 0xffffffff, 0x2, 0x800], [0x10000, 0xfffffffffffffffa, 0x7, 0xffffffffffffc59b]})

344.420671ms ago: executing program 0 (id=7915):
r0 = openat$drirender128(0xffffffffffffff9c, &(0x7f0000000040), 0x80000, 0x0)
ioctl$DRM_IOCTL_MODE_GETCRTC(r0, 0xc06864a1, &(0x7f0000000100)={&(0x7f00000000c0)=[0x0, 0x0, 0x0], 0x3})
r1 = syz_open_dev$dri(&(0x7f0000000000), 0x1, 0x2401)
ioctl$DRM_IOCTL_MODE_CREATE_LEASE(r1, 0xc01864c6, &(0x7f0000000080)={0x0, 0x0, 0x80800})
ioctl$DRM_IOCTL_MODE_GETCRTC(0xffffffffffffffff, 0xc06864a1, &(0x7f0000000240)={&(0x7f00000001c0)=[0x0], 0x1})
ioctl$DRM_IOCTL_MODE_SETPROPERTY(0xffffffffffffffff, 0xc01064ab, 0x0)

343.834526ms ago: executing program 3 (id=7916):
r0 = syz_open_dev$dri(&(0x7f0000000040), 0x200000000000, 0x181001)
ioctl$DRM_IOCTL_SET_CLIENT_CAP(r0, 0x4010640d, &(0x7f0000000000)={0x5})
ioctl$DRM_IOCTL_PRIME_FD_TO_HANDLE(r0, 0xc00c642e, &(0x7f0000000080)={<r1=>0x0, 0x0, r0})
r2 = syz_open_dev$dri(&(0x7f0000000000), 0x2, 0x1)
ioctl$DRM_IOCTL_MODE_GETRESOURCES(r2, 0xc04064a0, &(0x7f0000000580)={0x0, &(0x7f00000004c0)=[<r3=>0x0], 0x0, 0x0, 0x0, 0x1})
ioctl$DRM_IOCTL_MODE_GETCRTC(r2, 0xc06864a1, &(0x7f0000001800)={0x0, 0x0, r3, <r4=>0x0})
ioctl$DRM_IOCTL_MODE_DIRTYFB(r2, 0xc01864b1, &(0x7f00000000c0)={r4, 0x0, 0x6, 0x0, 0x0})
ioctl$DRM_IOCTL_GEM_CLOSE(r0, 0x40086409, &(0x7f00000000c0)={r1})

250.53289ms ago: executing program 2 (id=7917):
r0 = openat$drirender128(0xffffffffffffff9c, &(0x7f0000000c40), 0x0, 0x0)
ioctl$DRM_IOCTL_SYNCOBJ_RESET(r0, 0xc01064c4, &(0x7f0000000cc0)={0x0})
ioctl$DRM_IOCTL_RES_CTX(r0, 0xc0106426, &(0x7f0000000040)={0x2, &(0x7f00000000c0)=[{<r1=>0x0}, {}]})
ioctl$DRM_IOCTL_LOCK(r0, 0x4008642a, &(0x7f0000000080)={r1})

170.562671ms ago: executing program 0 (id=7918):
r0 = syz_open_dev$dri(&(0x7f0000000000), 0x1, 0x2101)
ioctl$DRM_IOCTL_DROP_MASTER(r0, 0x641f) (async)
r1 = syz_open_dev$dri(&(0x7f0000000180), 0x0, 0x1)
ioctl$DRM_IOCTL_MODE_CREATE_DUMB(r1, 0xc02064b2, &(0x7f0000000000)={0x9, 0x8000, 0x7, 0x0, <r2=>0x0})
r3 = syz_open_dev$I2C(&(0x7f0000000700), 0x0, 0x840000)
ioctl$I2C_SLAVE(r3, 0x703, 0x40) (async)
ioctl$I2C_PEC(r3, 0x708, 0xffffffffffffffff) (async)
ioctl$I2C_SMBUS(r3, 0x720, &(0x7f0000000780)={0x0, 0xd, 0x4, &(0x7f0000000100)={0xc, "3f8678c6730000000000000000d0a63325005dd10bffffdf00"}})
ioctl$DRM_IOCTL_MODE_DESTROY_DUMB(r1, 0xc00464b4, &(0x7f0000000780)={r2}) (async, rerun: 32)
ioctl$DRM_IOCTL_MODE_GETRESOURCES(r0, 0xc04064a0, &(0x7f0000001b00)={&(0x7f0000001a00)=[0x0, 0x0], &(0x7f0000001a40)=[0x0], &(0x7f0000001a80)=[0x0, 0x0, 0x0, 0x0], &(0x7f0000001ac0)=[0x0, 0x0, 0x0, 0x0, 0x0, 0x0, 0x0], 0x2, 0x1, 0x4, 0x7}) (async, rerun: 32)
r4 = syz_open_dev$dri(&(0x7f0000000000), 0x1, 0x0)
ioctl$DRM_IOCTL_MODE_GET_LEASE(r4, 0xc01064c8, &(0x7f0000000900)={0x0, 0x3f00, 0x0}) (async)
ioctl$DRM_IOCTL_MODE_GET_LEASE(r0, 0xc01064c8, &(0x7f0000000400)={0x0, 0x0, 0x0}) (async, rerun: 64)
r5 = syz_open_dev$I2C(&(0x7f0000000700), 0x0, 0x840000) (rerun: 64)
ioctl$DRM_IOCTL_MODE_LIST_LESSEES(r0, 0xc01064c7, &(0x7f0000001b80)={0x5, 0x0, &(0x7f0000001b40)=[0x0, 0x0, 0x0, 0x0, 0x0]}) (async)
r6 = syz_open_dev$dri(&(0x7f00000001c0), 0xa8c, 0x0)
ioctl$DRM_IOCTL_SET_CLIENT_CAP(r6, 0x4010640d, &(0x7f0000000100)={0x9})
ioctl$I2C_RDWR(r5, 0x707, &(0x7f00000000c0)={&(0x7f0000001740)=[{0x9, 0x800, 0x51, &(0x7f0000000140)="5127a763fba10fbeca645a10b62af150ac71baf23b4f4b3fb49d62ed5e36c4a4718529ee493b9141639c8e1b7b7e66cfae853cf3d867733729db7ca540f69b221102b14d05be0edbf5bc515dcc9bd2a1f6"}, {0xb63, 0x1210, 0x9a, &(0x7f00000001c0)="d26c090f52e5bd1d5a5f20f6002e0d673ead3415190244cb7bfe57d8c63d10471d5dba1bcb95bd9a75a82f52bca36e9ab0c8278afc9632f10a9c6c7394fe225919a8cb7b494418070376d2450b82f68ed68c32d22ad30ed2f61714b29d2520a9d5a7e628db1ece94de55fcb43e8e35bb48c363648db1891b858c23a6cb265711d4bf7c0e69c5628ebfcf321a7eded890716e13627bbab3939f2e"}, {0x2, 0x0, 0xa3, &(0x7f0000000280)="9c27c7d33e4173fe217f5304413371b227ccdc89ccdbb84e50483258d8c4a7ee7204221e4b2c0fa0462d2939905baaf6f74e17eabf746c0c03ac119774e0c1b4b21012fecc640eb9686d0b0eb57c05a93d0af071fda428990fddcd724db359e0366d2d16463eeb17d236f65732ca19f3ebab43ea2efaa87e0dc2475d16b0a4092aaec518a49f8e3037e33fff066c2586983f73531c06bbe9b875019821eb14255b8b42"}, {0xa8e, 0x2000, 0xf5, &(0x7f0000000340)="f3adab217a425239a07106895559f7b40d7d9498997074218e76e89c9a07e07edadda35eb1910748d3a8635812c1cfc3e97457903d1bdbcf9133cd93fc4b95913902e3a4d7b4903fd47a4c7da12ebcf7e1b3ec47dc1031b25e759726c54d949d2540cb01da1ee44e78d90d2f24f4cd1566806fe53048adff54811de295c86c1b69d3a2de05ffcc986b7886a64f9d310958870d8b56f4fd80e815644ff30b72b4097dcad919d6166067fb401e6f5f1ad45f290c27ea15463f6c31d287cc68d9610ec738bace58356f6a121398b3379b5675367e86f22c494a204ae729a650dc36f6f21bf5c2bd83533412154aa7f008f996781ef9c3"}, {0x0, 0x0, 0x8b, &(0x7f0000000480)="91258082ab88adc0eb6206d71fd7ae5dd6025bec5955905b547e6bed05e12d1f35c5559af252b53c0ade28ec91ccecc484ec758d6c853c8e9d7ac5b300c48555cee5428dff5cb9651fe89837446542571788c8d870d7aadf634ea671639254cbe1178b88942e04eb5080f354ec227a8c22d3e1898e643fab96d8935f9952cac0f46c78552e613fb17362e2"}, {0x9, 0xa00, 0xff, &(0x7f0000000540)="17b530176a3002233a7633f9902547bc54a5c2f22cf2070dbefd4accfee23cf1c81bd7beb06307b702d0ced9884a618b7cfe976cae078b47589465c450838654d28705bf3a48680cab5e48a7df5a5d1e164c3860b8494205a797fb6bfb8e43a510ba724100e6c609c5d252a34a64e6cebac93d54b7c1887cb34cc47c986c2f4c34d1c756bc1f1d60729cfe5fba0a1a96108c9311650374c55b0618d94e7b7e3144f34cb6a4398585977980aa9719df1897082c4fe43b7d24c12b6e625d4d9da84fefa10d374bc534ea53b229e47fd5542fc6bc8a09d95eac232204a22579c76890eef402f967ff76403b1f6b877f3e3cec715a228ea969c408934a3d0e42a6"}, {0x3, 0x1a01, 0x1000, &(0x7f0000000740)="19f3568f5233d30f991c2f1b76bc4920ed0fa4d317e4769d33187cd8dccb7f6d11c7048717da2d265e93315dbcfc0dfa212437c992cf769801534527c770c16d0a57aa14c1c60cdec16d11cc638983c47f198d16600fd230b0e799e2b795b856863216b6c589c03782a5f9eb027e42e5e80862ac31569ce765c948aada5402c0b7dc6f485bf58fbb1dc49c2d828e937cece355af3bb2a47e5a8d77644f8d6a69d4edb7e009bbffd04ad92e4dbf5474c7279dfee43aa6b18d40e30e7e62ebc25a10f4dcbfce2ef99f76d740ad03a1b3fa5ddab986e6dc8de3c577ad080245f23cb1f7aff073ebf7c3644caf5df7dbde73dc8090c1ca49264676c7a4e6f6f572fb100eafce26d66c83991a71b52be2eecc04947f786234bc6173d9c8c5f40a1ce373b8d099408f3aa5ff72caef3abf0c6d82c20e4f7b121f3e18c60eb7a9bb14c22a388f67cbb609ecccfae36b6f84c46730fc849c1ccf850a298d6bf40854519f9b3dc9f01e1711a2ff896fe3444212b7eef3e01e410de1549c47f67d715650caeaa842aa153e01fb2f0da8a208f86b4ef81795b98b609d26b689bf2a70289e4dee2ee43b75447876d1fdd7dc4a1d4734a628a57969866e4c95c6719b7c0c89458e7e5a1e029b194d8ca09e1998f9fb4fee2259e0339489ffb75025bc2b35e6a647137ef20c6b730764700fc7e81addfa6900dbea6e98ad2231c7a9fdfaa02bcd14e9b7dc86fe337af9a0ab23bb4b2539b89a17882dd2fa8e873c40eb7c9473dcc0078de678d974f880df61480430f68d3d964679020497cdef3c810d966a354aa62c048f9d51b13c039a6e5db84039cea61747da4cbb221f7331a5d3054e66de5a868cd7cfefde1f2659a9e2b052753faf4011e0d595b544bb7b624cafc4b0247ef27af8f86f3340e7cda4b2797e5172ef2171d57a8bd7034e75347013c96675a6a22b5680973f5e94c75523b3f4ed1e677b45444b4774285e6ae08e720374cd66bdde6b0229bdf1f18fb17319bff2714ef12b8c749e827f17d44a786e9bb9b22c5e6bb4d5c24fa7c4537da84bbeb1d38a9cc3b9a4b0eacd94dbd45e545284b1e820e1e5a66d68f7fc601469516e67536b12cef283388c745d081f0e0e7ea5362d9459e6b726717066c8e9448c308fd0b6798d73c206bc3a702ee7648ef76ca885ed87b965f9c7fc1a9e9a78e974de11ca37eeced9c4982803a78064522b3c49dc55e66db1b83ebc3ae5e7d1b5f31a6b72d9ffee0b8c5152f9ef1e9dedcd36e9f77fd9516f0f3ab4b7866b9d0bbc3132e68d41f50a17ad4c06f6854d6e8d417cab7e893d8b8377a3fd31e0a4f4d83196722a3f482605a169ec00bc5e770593885c306c635c5cea73b2ce4e25d184bb62c046db2078e47d5938e70c23ca6a89dd1a919b40ca7699b18cbf775371d9e9b1c9c117f61573e90631847deed0ea0ca0026fd838fe1c27bccb6cb81f7c9c872bda8d9a4a6b15b9fdbe6dfb9176dab4f6d2c530d08d9c861814fb21b8070ace935886748c7b412629c08c85147973d7d6e3356c99de360d21aa7ff5cf7f6bf1d5a861d8f551121cf9c3c49b94181542f2fb821475cc0c3e91c9afcb3caf7764f4e3f4de1440ac47c6f87bd0646629d0db72ffbf78c87f85d2315b3823cde45a737f3df8db5507dd29f1389301074106d85fea1cdf47bc53b0e774533e8ea75be793f259d5f8ada3ebd5a304e6f25bb68b1dfe020e380425c8c296e26db1ed4443c96d1141f812a1a6ef141afde981a83a543b3fd48fac246527dd9a86a21bdd79ff8b6615cba279e827c0308b1cd84f8f54f517978e55d27ece86a731e2bd08731b47b4238072458626abfb2a23f06aede9b8f99c732806ab8d6fe11551684c02e8fd51a56f0f1b9ded5f748f53c0bcfaf1c43b4a4fcae8ea7d3d34d0d32b476172a7ef104ac903a2fc7fde4a22031cdaf68a467e63ba091859d82ded038069ad05c97597ad59809c99e8bddabb55ad91883ddb953ab21cad8fe2bf5d95f5f987550072827e85baf50018bfc61a3a8ce06107f65dd51d04f7c88bb07c76e552d1104eb8f5a3dfe5575868d9a66acaf0383c7a600b8e3769ded0bd75bada0dc628651dec0d9b89571eb8e133d03ae7d63cc2a3bf815133c7582d5ab126b91bb48ec7963149eb3df92b5bad2a0814e39788f788c9f29943457719086425634e6ec1ba933e3e9d30bebf7e8ae51f37764665a487ab107f6be6f75474d1cdafde522a34c5d97281f1823e939993ab80db456694843d1c1c09c1a75d65b2e5693d7286bb09bb51be39d0196efb2b05badfcb49d14adfed2d7285cf0eb59e5ae6a92ff66890d5b1931db8c785556aa4c8b7773b73369a023433719597bba1c4e489e80618fdc956d761dbdc3914f738d06ccbddbdc19a51b88ba66475f6e83e310c10354139fc486ff117c8bb6320c991b8d84e5324c38502e171ae0623a4881dcebed42c1b8ea1b7d5fd6259a022dbe4aae839282595b48d205b887af00401b4955b5679bb7f15882e5db890c05cb967c0f41379e47579063fede09fafebb9b070cb2b7b505ec1a03d2e1b1b1eee578019d98bbfbca27643c2f9805561f7970c7cb910d3b5c9a4222112d60c6f72bb4e5719a7667399691ea657a91b2d2036c75d5444f2fa9a08be96f1e8688df0cfbdb8ccc67bd3a04aa690b79ea0152c0ec2c353e691856d606072f8ab7a0adfc14b509718af612d49da99c84537676bbb0c14ba5f38c5dc0a124fd15ff40c4af485a183dacb54481921c04b581a6ee4ca6417ce3d84add2e51bbc2ea3e453410b424de706bf87b75f03790971a0e9512349fa65de18c8bc71de837d0a97c4fd5fddcb60471107b1c953d3838c4418fdb7d0dd323d3a9ba7133a47165ca139b61f3c4075bd5d701954328d252544413dd29fb991056232d91958eb96464879555683a1a807a5dc5cedf9091bfed890d9c86447423fa8acca3dff9ae1b1618931317fe3b87cb392361ad7e97a3f31be952cd703e6e03d98bd84a617d1b3564636341a5fe54ccdbbed334b040d0bf0cdb3531d2c798759b9113d7a644f3629863564850928f76e3c95edcc476a4d204cd78ea09d7bccdd89d3af3b5cd85bdfcb12eb96527b4ee375e1f813d4f72ec4a6f2b332f7273ee386a50653f2daba5346739faa2f619f88649b0058a08b3c5882ae27b571444f9794394b7cbb418fc70a8d19dac136d815b2cbf0a5501815c53988e2e8c6d27845db5e882a2eb0bca13c51ce239cbbefffd5ed609fe0ac8b528977e72c4c75b7f65ab889454a55e089640acf8a7808e52a25b7dcfac99a9c69ec0173244275d523337d13c3f76c749ffa6bbd734d816a643e61585d5b225ba2668ae5c7db39323732a7bf4835a20a008d77fceccb165fc5b311c3c394f871624200e6a4e58a609c2c7d8d707a1f292adf24336df7b83844fb30540073e5a497201d41e13e19fbad37e0b80fdf1d76bd920726e6ba45e23f76f2f1559206f389ff01da48eb976e487d7ea08e04bd60bcb475b06cffbda31184d14b960a907ad080543662fe16f224f6c5fb73514c06473744f9784c8af4b0c5dd14e4450178f632c6992e94206e9df1bdde4076af0d22102e0e836ba09dcd8df57f487687ca2a8506b5e6f2da3f9cd1ba081dcd8390de9495ba351353353faebabc024fbcf6c9da8854caf05620aee697965f78d43260674cdf3e858a87ddd4fcd0e64684b18c9cb23c9ba68abb060b529b9f73b8c3955986c7253c9897a25086da4d6d5ae74c3d5f17b67ed179929ecc6aaf59da40eab79884874ded303cf81a77978b78f8b903a8897baf3661e50e3930eee225472ec8529d2499bacd8ee451b8a2891e4f3452bede29cd9a827bfdfb980927465d3abf341b392e37652a36b1c9a59c10ad2d6f0893dce586175d22c24bb0e640ba0105e5d93f8bf5852ebae49243dd9e6d521ec6e597f419677d83741970bca0e043091d5ceca9e204e37fead0b337a574b314c46006aaaa8424729448712230db109d24b1e5479162a437d112a9a80adb138dbb4a2b7a62eac978f9377743de830156f4631500c86bd37ad63ce7788e9a6be94935a510fecf633b5d26ff960225edde6bd5d856958a90f36cf17b4cff0b4d0d40b3139bf38ff15bd9cc25a24ee44c570cea8fbe64fb9e4a7bc73449f6432dec2abdc6fd221063ba0cdd6e030017f325c11bd6fc1a9a9f4666978b103ec8aeb9ae19785ecbf2ff35a49aed45941fdcac4fabaa402d5f368cc1be2c0299a89f3aa5d800c48fd491a7c32244c5c63a8d52a3758a951ecb138d77c2bf968bd8da1e46c6185986a3bd0f73f37161545b005945ac9fdcd759de6f75caab77b029e045e4664883182b82622079d57098612829c4305fc44ebb08f5be2a53029d005b65d387affc3ab65969334563f6af521357863497b66e13afa78dde7c79bcd5b5c7f022f7366e665d905916b29786b0aa99f8cda046aecb5d58bba69d86612dabf49452c7b296325b4bfb89bffeddde9fe2c776c766d0333dac17dc1ce19918bfd4abd7dae6df12e135e0db3f087b57ab7acc6943518500e5608af223f2b48db4a5625dc161b820a6f1e1060a43d4d3213480d35610f66e438610f107482ce05c3cc3062a7bb9bffe03f770180642846038bf2d25eef4cccdac1e5aaebcbd7f3e35dc1e24c0f603d94cbd65a5e5ddb9a02dbb6b60d32615880ec7167d90b089aebf386e7a3a5f5256d9087ff2f1d4ebe914601d947fe84262342cc515e51ec6d131bca115e5dbabdeca416e1194bc9e05403e1312a58269713dfb762202630270d93d1d29b11deb9624c0fe9b1d5affded224ddccda3a52e647600c4e570b3ac46ef9fe784bcbd33df1a12cc9cd6171cbd0a5799959153a692d5ea532cad9f06b5b2df3f029519aac37e38f20fa649a6fb337c1d7a352b28db772c854cea3e641f5af727a4120e83c42878a892617a26b207b3ab457eb481312e35c530a4f21e162e8936f4aa0e8c91c533594562c7837692653c58e7658097aca2bb90f4a70718bf6862a48fe5886d9898c5eaed4b1a5ff51b21a3f5a964940e34976e4ad8b724f4734ca2cc5264a2ca8b55b11af8c35fe6ae2aea79995df179834818b9a74268eed61e223537aea2556708adb1fab1875a6463734b1ef38558d00059c6c97bd4c07576d99483f78e4316cd8775e635cb686dcf9010afc5a0cee6c754c473a44c3386c61e406bdb406c0367ce6b93463899f59c2c606d4c8fb1bf52f67cebdd69e575476d40f6ea49d73c29be21cec48f18fc5a95f3c014239155f08dcd0196260d62ff74609af42e6cd245fda7e4d8039c250b8280c7d41f7e92410ea53c296ff7243ed4a8947940f9ca35a30e8ee04a8d8affa3f7dde94e0f96f162d6eec4de3410039a4a1578eea550a343566f6ea3df539d7af49e3b910cbad7f133b8956075d1214d25f01882a47ee8d4ab8cec0f3229d44c19a08ad5b1eb0fd88f20cc8f904955d68669898d688b03bc410faace5bb134fd7ef20260880042c485b5de0f493cb072e388b3bf6bb33e6e2560dc579b8672a93aed14d40fbaefd88000d2294240016585361d5638be05e4937304fa5e0cdec4a2668f1e0cbd61b9aac8b65202bb53e9e72e59e0a6a2d89eb05d4fe15b269f9f83d81ac9f1495c4fee48dc6850eb976c74bd3250337b17d62dcafeb873da20a3299eff6a3f21b7c6a1443bc7a383b9b84fc4a6ee324b2f2725c1e923b790c9c0385f375f2b4ce6d34205349319cc9d94bd92915776f196a7ac8dda084a418a38c562e"}, {0x0, 0x2200, 0x96, &(0x7f0000000640)="b5a6a9d242116a001b73136b879af8dc6c9930a88692e7e4a963250090b2072a002a76ef4cc923d3c07012630241c086348186a36be65b4e2f75f9b095dfb201f9005d31a7ae0a61c481cb1f403117936ec95c0cad8394efbaf9fdf6f557c0ac15350b8d76d3a7b0ee32786e970c6cf8bd5ebf3c07c3f03fc5108e485156b23b45c5000c6762e9f08daa3a2c0b6fcaf583c320056c1f"}, {0x3, 0x210, 0x7, &(0x7f0000000040)="ba80c3a6df136f"}], 0x9}) (async)
r7 = syz_open_dev$dri(&(0x7f0000000000), 0x2, 0x123c00)
ioctl$DRM_IOCTL_GET_CAP(r7, 0xc010640c, &(0x7f0000000280)={0x14}) (async, rerun: 64)
ioctl$I2C_RDWR(r5, 0x707, &(0x7f0000000440)={&(0x7f0000000080)=[{0x3, 0x1800, 0x0, 0x0}, {0x13, 0x0, 0x0, 0x0}], 0x2}) (async, rerun: 64)
ioctl$DRM_IOCTL_WAIT_VBLANK(r6, 0xc018643a, &(0x7f0000001bc0)={0x3e, 0x2, 0x9}) (async)
r8 = syz_open_dev$dri(&(0x7f0000000000), 0x1ff, 0x400) (async)
r9 = syz_open_dev$I2C(&(0x7f0000000380), 0x0, 0x101)
ioctl$I2C_FUNCS(r9, 0x705, &(0x7f0000000440)=0xfffffffffffffff9)
ioctl$I2C_RDWR(r5, 0x707, &(0x7f00000019c0)={&(0x7f0000001980)=[{0x3, 0xc002, 0xac, &(0x7f0000001800)="722991e8b450b08a216844d8f74529164c1b622bd778f63a932b3d76b39c5fad3b9814db25128457259ce1aeea68988875d97d0f65ab3f26594ba61b15305cf447af82af0ee1cae0ca7041095881d165c33e441f70a7e075174d0db7f0866dc52a4e5a686d3677267c1ebf7bdd4295a532e986c55d15f2ee8a5008bb44bb816a624cac130dcd7ccf622ebc7fa9f2442ef867541ca7f3dfb2b9de2f0f22d33b0e498709001ed3d17cf36a437a"}, {0x9, 0x10, 0x99, &(0x7f00000018c0)="26b993d76e91217bc9a1f55ff1522003483cd96d96b3b11385f7618d09750d3184d4674d79600ee199096bf3cdf534f5ecc653f1e0e9ad79e12ec28cf408adc10398f81112997487f7ceb1b7613f1f942e4770538ae81e2e1ec9a57e794f9517e8ee53926d0d74e9711f99dc55dbd2ea7fb27b18becef89d313b07f7a17c989ae21719ea85ec94d2e4bca1c2571e9b45eb861f28b233e2e7bd"}], 0x2}) (async, rerun: 64)
r10 = syz_open_dev$dri(&(0x7f0000000000), 0x2, 0x1) (rerun: 64)
ioctl$DRM_IOCTL_MODE_CREATE_DUMB(r10, 0x5452, &(0x7f0000000180)={0xc5a5, 0x0, 0x1}) (async)
ioctl$DRM_IOCTL_MODE_REVOKE_LEASE(r8, 0xc00464c9, &(0x7f0000000100))

119.450427ms ago: executing program 3 (id=7919):
r0 = syz_open_dev$dri(&(0x7f0000000000), 0x2, 0x1)
r1 = syz_open_dev$I2C(&(0x7f0000000700), 0x0, 0x840000)
ioctl$I2C_RDWR(r1, 0x707, &(0x7f0000000440)={&(0x7f0000000080)=[{0x3, 0x1800, 0x0, 0x0}, {0x13, 0x0, 0x0, 0x0}], 0x2})
r2 = syz_open_dev$dri(&(0x7f0000000000), 0xb, 0x1)
r3 = syz_open_dev$dri(&(0x7f0000000000), 0x1ff, 0xc8940)
ioctl$DRM_IOCTL_MODE_GETRESOURCES(r3, 0xc04064a0, &(0x7f0000000480)={0x0, &(0x7f0000000140)=[<r4=>0x0], 0x0, 0x0, 0x0, 0x1})
ioctl$DRM_IOCTL_MODE_GETCRTC(r3, 0xc06864a1, &(0x7f0000000080)={0x0, 0x0, r4, <r5=>0x0})
ioctl$DRM_IOCTL_MODE_DIRTYFB(r2, 0xc01864b1, &(0x7f00000001c0)={r5, 0x3, 0xd58c, 0x8, &(0x7f0000000300)=[{0x0, 0x5, 0x4f, 0xfd41}, {0x1, 0x1, 0x2, 0xc}, {0x6, 0x5, 0xffff, 0x8}, {0x3, 0x8, 0x1ff, 0x7fff}, {0x302, 0x7, 0x7, 0x2}, {0x6, 0x200, 0x5, 0x9}, {0x82ac, 0x64a9, 0x8, 0x385}, {0xfff, 0x8, 0x401, 0x9}]})
ioctl$DRM_IOCTL_MODE_GETRESOURCES(r0, 0xc04064a0, &(0x7f0000000580)={0x0, &(0x7f00000004c0)=[0x0], 0x0, 0x0, 0x0, 0x1})
r6 = syz_open_dev$dri(&(0x7f0000000680), 0x1, 0x40000)
ioctl$DRM_IOCTL_WAIT_VBLANK(r6, 0xc018643a, &(0x7f0000000300)={0x1, 0x4, 0xf})
ioctl$DRM_IOCTL_MODE_DIRTYFB(r0, 0xc01864b1, &(0x7f00000000c0)={0x0, 0x0, 0x6, 0x2, &(0x7f0000000080)=[{0x40, 0x6, 0x3, 0x7}, {0x200, 0x7ff, 0x5, 0x7}]})
syz_open_dev$dri(&(0x7f0000000000), 0x2, 0x1) (async)
syz_open_dev$I2C(&(0x7f0000000700), 0x0, 0x840000) (async)
ioctl$I2C_RDWR(r1, 0x707, &(0x7f0000000440)={&(0x7f0000000080)=[{0x3, 0x1800, 0x0, 0x0}, {0x13, 0x0, 0x0, 0x0}], 0x2}) (async)
syz_open_dev$dri(&(0x7f0000000000), 0xb, 0x1) (async)
syz_open_dev$dri(&(0x7f0000000000), 0x1ff, 0xc8940) (async)
ioctl$DRM_IOCTL_MODE_GETRESOURCES(r3, 0xc04064a0, &(0x7f0000000480)={0x0, &(0x7f0000000140)=[0x0], 0x0, 0x0, 0x0, 0x1}) (async)
ioctl$DRM_IOCTL_MODE_GETCRTC(r3, 0xc06864a1, &(0x7f0000000080)={0x0, 0x0, r4}) (async)
ioctl$DRM_IOCTL_MODE_DIRTYFB(r2, 0xc01864b1, &(0x7f00000001c0)={r5, 0x3, 0xd58c, 0x8, &(0x7f0000000300)=[{0x0, 0x5, 0x4f, 0xfd41}, {0x1, 0x1, 0x2, 0xc}, {0x6, 0x5, 0xffff, 0x8}, {0x3, 0x8, 0x1ff, 0x7fff}, {0x302, 0x7, 0x7, 0x2}, {0x6, 0x200, 0x5, 0x9}, {0x82ac, 0x64a9, 0x8, 0x385}, {0xfff, 0x8, 0x401, 0x9}]}) (async)
ioctl$DRM_IOCTL_MODE_GETRESOURCES(r0, 0xc04064a0, &(0x7f0000000580)={0x0, &(0x7f00000004c0)=[0x0], 0x0, 0x0, 0x0, 0x1}) (async)
syz_open_dev$dri(&(0x7f0000000680), 0x1, 0x40000) (async)
ioctl$DRM_IOCTL_WAIT_VBLANK(r6, 0xc018643a, &(0x7f0000000300)={0x1, 0x4, 0xf}) (async)
ioctl$DRM_IOCTL_MODE_DIRTYFB(r0, 0xc01864b1, &(0x7f00000000c0)={0x0, 0x0, 0x6, 0x2, &(0x7f0000000080)=[{0x40, 0x6, 0x3, 0x7}, {0x200, 0x7ff, 0x5, 0x7}]}) (async)

0s ago: executing program 2 (id=7920):
r0 = syz_open_dev$dri(&(0x7f0000000000), 0x200, 0x40540)
ioctl$DRM_IOCTL_MODE_GETRESOURCES(r0, 0xc04064a0, &(0x7f0000000200)={0x0, &(0x7f0000000140)=[<r1=>0x0], &(0x7f0000000180)=[<r2=>0x0], 0x0, 0x0, 0x1, 0x1})
r3 = syz_open_dev$dri(&(0x7f0000000000), 0xfffffffffffffffc, 0x0)
r4 = syz_open_dev$dri(&(0x7f0000000300), 0xe4d, 0x103000)
ioctl$DRM_IOCTL_MODE_CREATE_DUMB(r4, 0xc02064b2, &(0x7f0000000780)={0x0, 0x4})
r5 = syz_open_dev$dri(&(0x7f0000000400), 0x32c, 0xa060)
ioctl$DRM_IOCTL_MODE_GETGAMMA(r5, 0xc02064a4, &(0x7f0000000c40)={0x0, 0x0, 0x0, 0x0, 0x0})
ioctl$DRM_IOCTL_MODE_GETRESOURCES(r3, 0xc04064a0, &(0x7f0000000600)={0x0, 0x0, &(0x7f0000000580)=[<r6=>0x0], 0x0, 0x0, 0x0, 0x1})
r7 = syz_open_dev$dri(&(0x7f0000000000), 0x1, 0x2000)
r8 = syz_open_dev$dri(&(0x7f0000000000), 0x1, 0x2000)
ioctl$DRM_IOCTL_MODE_GETRESOURCES(r8, 0xc04064a0, &(0x7f0000000340)={0x0, &(0x7f0000000280)=[<r9=>0x0], 0x0, 0x0, 0x0, 0x1})
ioctl$DRM_IOCTL_MODE_GETCRTC(r7, 0xc06864a1, &(0x7f0000000440)={0x0, 0x0, r9, <r10=>0x0})
ioctl$DRM_IOCTL_MODE_GETFB2(r7, 0xc06864ce, &(0x7f0000000040)={r10, 0x7, 0x5, 0xfffffff8, 0x3, [<r11=>0x0], [0x2, 0xbc01, 0xf, 0x8001], [0x407fff, 0x1, 0x4, 0x8], [0x9, 0xf04, 0xfffffffffffffff9]})
ioctl$DRM_IOCTL_PRIME_HANDLE_TO_FD(r7, 0xc00c642d, &(0x7f0000000080)={r11, 0x80000, <r12=>0xffffffffffffffff})
ioctl$DRM_IOCTL_MODE_CREATE_DUMB(r12, 0x40046201, 0x0)
r13 = syz_open_dev$dri(&(0x7f0000000000), 0x1, 0x2000)
r14 = syz_open_dev$dri(&(0x7f0000000000), 0x1, 0x2000)
ioctl$DRM_IOCTL_MODE_GETRESOURCES(r14, 0xc04064a0, &(0x7f0000000340)={0x0, &(0x7f0000000280)=[<r15=>0x0], 0x0, 0x0, 0x0, 0x1})
ioctl$DRM_IOCTL_MODE_GETCRTC(r13, 0xc06864a1, &(0x7f0000000440)={0x0, 0x0, r15, <r16=>0x0})
ioctl$DRM_IOCTL_MODE_GETFB2(r13, 0xc06864ce, &(0x7f0000000040)={r16, 0x7, 0x5, 0xfffffff8, 0x3, [<r17=>0x0], [0x2, 0xbc01, 0xf, 0x8001], [0x7fff, 0x5, 0x4, 0x8], [0x9, 0x30, 0xfffffffffffffff9]})
ioctl$DRM_IOCTL_PRIME_HANDLE_TO_FD(r13, 0xc00c642d, &(0x7f0000000080)={r17, 0x80000, <r18=>0xffffffffffffffff})
ioctl$DRM_IOCTL_MODE_CREATE_DUMB(r18, 0xc02064b2, 0x0)
ioctl$DRM_IOCTL_MODE_GETCONNECTOR(r3, 0xc05064a7, &(0x7f0000000280)={0x0, 0x0, 0x0, 0x0, 0x0, 0x0, 0x0, 0x0, r6})
ioctl$DRM_IOCTL_MODE_CREATE_LEASE(r0, 0xc01864c6, &(0x7f00000008c0)={&(0x7f0000000880)=[r1, r2], 0x2, 0x80800})

kernel console output (not intermixed with test programs):

4kB (U) 0*8kB 2*16kB (U) 1*32kB (U) 1*64kB (U) 2*128kB (U) 2*256kB (U) 2*512kB (U) 3*1024kB (U) 3*2048kB (UM) 1*4096kB (U) = 15240kB
[  833.768556][T32053] Node 0 DMA32: 58*4kB (UME) 25*8kB (UME) 47*16kB (UME) 90*32kB (UME) 34*64kB (UME) 7*128kB (ME) 376*256kB (UME) 196*512kB (UME) 105*1024kB (UME) 20*2048kB (U) 5*4096kB (U) = 372704kB
[  833.784805][T32053] Node 1 DMA32: 77*4kB (UM) 42*8kB (UM) 64*16kB (UM) 87*32kB (UME) 76*64kB (UME) 68*128kB (UME) 65*256kB (UE) 61*512kB (UME) 41*1024kB (UME) 12*2048kB (UME) 205*4096kB (UM) = 972132kB
[  833.806964][T32053] Node 1 Normal: 220*4kB (UME) 184*8kB (UME) 1311*16kB (UME) 1463*32kB (UE) 512*64kB (UE) 468*128kB (UE) 255*256kB (UME) 125*512kB (UME) 28*1024kB (UME) 1*2048kB (U) 1*4096kB (U) = 326912kB
[  833.828291][T32053] Node 0 hugepages_total=2 hugepages_free=2 hugepages_surp=0 hugepages_size=2048kB
[  833.840196][T32053] Node 1 hugepages_total=2 hugepages_free=2 hugepages_surp=0 hugepages_size=2048kB
[  833.851511][T32053] 60456 total pagecache pages
[  833.853612][T32053] 0 pages in swap cache
[  833.858446][T32053] Free swap  = 124996kB
[  833.866006][T32053] Total swap = 124996kB
[  833.870829][T32053] 1048446 pages RAM
[  833.878326][T32053] 0 pages HighMem/MovableOnly
[  833.885990][T32053] 281061 pages reserved
[  833.887849][T32053] 0 pages cma reserved
[  834.993742][T32148] i2c i2c-0: Invalid block write size 34
[  835.777396][T32186] i2c i2c-0: Invalid block write size 133
[  836.928029][T32234] i2c i2c-0: Invalid block write size 133
[  837.901227][    C0] vkms_vblank_simulate: vblank timer overrun
[  839.366306][    C0] vkms_vblank_simulate: vblank timer overrun
[  840.023235][    C0] vkms_vblank_simulate: vblank timer overrun
[  841.531267][    C0] vkms_vblank_simulate: vblank timer overrun
[  841.803002][    C0] vkms_vblank_simulate: vblank timer overrun
[  842.182988][    C0] vkms_vblank_simulate: vblank timer overrun
[  842.365219][ T9909] Bluetooth: hci1: unexpected cc 0x0c03 length: 249 > 1
[  842.376971][ T9909] Bluetooth: hci1: unexpected cc 0x1003 length: 249 > 9
[  842.390678][ T9909] Bluetooth: hci1: unexpected cc 0x1001 length: 249 > 9
[  842.400220][ T9909] Bluetooth: hci1: unexpected cc 0x0c23 length: 249 > 4
[  842.408987][    C0] vkms_vblank_simulate: vblank timer overrun
[  842.409929][ T9909] Bluetooth: hci1: unexpected cc 0x0c38 length: 249 > 2
[  843.744313][ T9742] netdevsim netdevsim2 netdevsim3 (unregistering): unset [1, 0] type 2 family 0 port 6081 - 0
[  843.923866][T32390] i2c i2c-0: Invalid block write size 137
[  844.009252][ T9742] netdevsim netdevsim2 netdevsim2 (unregistering): unset [1, 0] type 2 family 0 port 6081 - 0
[  844.290365][T32229] warn_alloc: 10 callbacks suppressed
[  844.290386][T32229] syz.0.6850: vmalloc error: size 3551232, failed to allocated page array size 6936, mode:0xdc2(GFP_KERNEL|__GFP_HIGHMEM|__GFP_ZERO), nodemask=(null),cpuset=/,mems_allowed=0-1
[  844.331409][T32229] CPU: 1 UID: 0 PID: 32229 Comm: syz.0.6850 Not tainted 6.18.0 #1 PREEMPT(full) 
[  844.331438][T32229] Hardware name: QEMU Standard PC (i440FX + PIIX, 1996), BIOS rel-1.16.3-0-ga6ed6b701f0a-prebuilt.qemu.org 04/01/2014
[  844.331451][T32229] Call Trace:
[  844.331459][T32229]  <TASK>
[  844.331467][T32229]  dump_stack_lvl+0x180/0x1b0
[  844.331536][T32229]  warn_alloc+0x211/0x360
[  844.331563][T32229]  ? __pfx_warn_alloc+0x10/0x10
[  844.331596][T32229]  ? rcu_is_watching+0x12/0xc0
[  844.331758][T32229]  ? __pfx_alloc_vmap_area+0x10/0x10
[  844.331787][T32229]  ? __get_vm_area_node+0x10c/0x340
[  844.331872][T32229]  ? drm_property_create_blob.part.0+0x34/0x320
[  844.331913][T32229]  ? __vmalloc_node_noprof+0xac/0xf0
[  844.331948][T32229]  __vmalloc_node_range_noprof+0xfaa/0x13b0
[  844.331983][T32229]  ? alloc_vmap_area+0x55c/0x2860
[  844.332008][T32229]  ? drm_property_create_blob.part.0+0x34/0x320
[  844.332043][T32229]  ? __pfx___vmalloc_node_range_noprof+0x10/0x10
[  844.332112][T32229]  ? __pfx_alloc_vmap_area+0x10/0x10
[  844.332167][T32229]  ? kasan_quarantine_put+0x10d/0x230
[  844.332234][T32229]  ? __get_vm_area_node+0x10c/0x340
[  844.332268][T32229]  ? drm_property_create_blob.part.0+0x34/0x320
[  844.332296][T32229]  __vmalloc_node_noprof+0xac/0xf0
[  844.332325][T32229]  ? drm_property_create_blob.part.0+0x34/0x320
[  844.332370][T32229]  __vmalloc_node_range_noprof+0x40d/0x13b0
[  844.332411][T32229]  ? drm_property_create_blob.part.0+0x34/0x320
[  844.332449][T32229]  ? __pfx___vmalloc_node_range_noprof+0x10/0x10
[  844.332490][T32229]  __kvmalloc_node_noprof+0x41f/0x9d0
[  844.332518][T32229]  ? drm_property_create_blob.part.0+0x34/0x320
[  844.332549][T32229]  ? drm_property_create_blob.part.0+0x34/0x320
[  844.332583][T32229]  ? drm_property_create_blob.part.0+0x34/0x320
[  844.332611][T32229]  drm_property_create_blob.part.0+0x34/0x320
[  844.332644][T32229]  drm_mode_createblob_ioctl+0x139/0x490
[  844.332725][T32229]  drm_ioctl_kernel+0x1ed/0x3e0
[  844.332745][T32229]  ? __pfx_drm_mode_createblob_ioctl+0x10/0x10
[  844.332776][T32229]  ? __pfx_drm_ioctl_kernel+0x10/0x10
[  844.332804][T32229]  drm_ioctl+0x574/0xb90
[  844.332838][T32229]  ? __pfx_drm_mode_createblob_ioctl+0x10/0x10
[  844.332866][T32229]  ? __pfx_drm_ioctl+0x10/0x10
[  844.332885][T32229]  ? hook_file_ioctl_common+0x146/0x3f0
[  844.332914][T32229]  ? __fget_files+0x1fb/0x3b0
[  844.332940][T32229]  ? __pfx_drm_ioctl+0x10/0x10
[  844.332961][T32229]  __x64_sys_ioctl+0x18f/0x210
[  844.332983][T32229]  do_syscall_64+0xcb/0xfa0
[  844.333015][T32229]  entry_SYSCALL_64_after_hwframe+0x77/0x7f
[  844.333036][T32229] RIP: 0033:0x7f9a6ebb059d
[  844.333055][T32229] Code: 02 b8 ff ff ff ff c3 66 0f 1f 44 00 00 f3 0f 1e fa 48 89 f8 48 89 f7 48 89 d6 48 89 ca 4d 89 c2 4d 89 c8 4c 8b 4c 24 08 0f 05 <48> 3d 01 f0 ff ff 73 01 c3 48 c7 c1 a8 ff ff ff f7 d8 64 89 01 48
[  844.333075][T32229] RSP: 002b:00007f9a6f9c0f98 EFLAGS: 00000246 ORIG_RAX: 0000000000000010
[  844.333095][T32229] RAX: ffffffffffffffda RBX: 00007f9a6ee25fa0 RCX: 00007f9a6ebb059d
[  844.333108][T32229] RDX: 0000200000000000 RSI: 00000000c01064bd RDI: 0000000000000004
[  844.333120][T32229] RBP: 00007f9a6ec4e078 R08: 0000000000000000 R09: 0000000000000000
[  844.333132][T32229] R10: 0000000000000000 R11: 0000000000000246 R12: 0000000000000000
[  844.333143][T32229] R13: 00007f9a6ee26038 R14: 00007f9a6ee25fa0 R15: 00007f9a6f9a1000
[  844.333170][T32229]  </TASK>
[  844.338243][T32229] Mem-Info:
[  844.374216][ T9742] netdevsim netdevsim2 netdevsim1 (unregistering): unset [1, 0] type 2 family 0 port 6081 - 0
[  844.388477][T32229] active_anon:7673 inactive_anon:0 isolated_anon:0
[  844.388477][T32229]  active_file:3773 inactive_file:53126 isolated_file:0
[  844.388477][T32229]  unevictable:2536 dirty:2131 writeback:1149
[  844.388477][T32229]  slab_reclaimable:13138 slab_unreclaimable:65392
[  844.388477][T32229]  mapped:28049 shmem:3569 pagetables:1799
[  844.388477][T32229]  sec_pagetables:0 bounce:0
[  844.388477][T32229]  kernel_misc_reclaimable:0
[  844.388477][T32229]  free:344566 free_pcp:10385 free_cma:0
[  844.509244][T24541] Bluetooth: hci1: command tx timeout
[  844.522744][T32229] Node 0 active_anon:19216kB inactive_anon:0kB active_file:7324kB inactive_file:107460kB unevictable:5072kB isolated(anon):0kB isolated(file):0kB mapped:55536kB dirty:2480kB writeback:2404kB shmem:7608kB shmem_thp:0kB shmem_pmdmapped:0kB anon_thp:0kB kernel_stack:6128kB pagetables:3648kB sec_pagetables:0kB all_unreclaimable? no Balloon:0kB
[  844.582412][T32329] chnl_net:caif_netlink_parms(): no params data found
[  844.586626][T32229] Node 1 active_anon:11104kB inactive_anon:0kB active_file:7768kB inactive_file:105044kB unevictable:5072kB isolated(anon):0kB isolated(file):0kB mapped:56660kB dirty:6220kB writeback:2192kB shmem:6668kB shmem_thp:0kB shmem_pmdmapped:0kB anon_thp:0kB kernel_stack:6292kB pagetables:3672kB sec_pagetables:0kB all_unreclaimable? no Balloon:0kB
[  844.970248][T32229] Node 0 DMA free:15240kB boost:0kB min:452kB low:564kB high:676kB reserved_highatomic:0KB free_highatomic:0KB active_anon:0kB inactive_anon:0kB active_file:0kB inactive_file:0kB unevictable:0kB writepending:0kB zspages:0kB present:15992kB managed:15360kB mlocked:0kB bounce:0kB free_pcp:120kB local_pcp:76kB free_cma:0kB
[  845.002688][    C0] vkms_vblank_simulate: vblank timer overrun
[  845.039615][T32229] lowmem_reserve[]: 0 1176 1176 1176 1176
[  845.082105][T32229] Node 0 DMA32 free:445616kB boost:0kB min:34836kB low:43544kB high:52252kB reserved_highatomic:0KB free_highatomic:0KB active_anon:19148kB inactive_anon:0kB active_file:7324kB inactive_file:107480kB unevictable:5072kB writepending:2508kB zspages:0kB present:2080772kB managed:1204832kB mlocked:0kB bounce:0kB free_pcp:16636kB local_pcp:7576kB free_cma:0kB
[  845.124739][    C0] vkms_vblank_simulate: vblank timer overrun
[  845.143670][T32229] lowmem_reserve[]: 0 0 0 0 0
[  845.160588][T32229] Node 1 DMA32 free:897796kB boost:0kB min:29136kB low:36420kB high:43704kB reserved_highatomic:0KB free_highatomic:0KB active_anon:12kB inactive_anon:0kB active_file:0kB inactive_file:48kB unevictable:0kB writepending:0kB zspages:0kB present:1048444kB managed:982908kB mlocked:0kB bounce:0kB free_pcp:5548kB local_pcp:96kB free_cma:0kB
[  845.191433][    C0] vkms_vblank_simulate: vblank timer overrun
[  845.210194][T32229] lowmem_reserve[]: 0 0 846 846 846
[  845.226208][T32229] Node 1 Normal free:64480kB boost:0kB min:25680kB low:32100kB high:38520kB reserved_highatomic:0KB free_highatomic:0KB active_anon:11092kB inactive_anon:0kB active_file:7764kB inactive_file:104996kB unevictable:5072kB writepending:4764kB zspages:0kB present:1048576kB managed:866440kB mlocked:0kB bounce:0kB free_pcp:7340kB local_pcp:2208kB free_cma:0kB
[  845.294358][T32229] lowmem_reserve[]: 0 0 0 0 0
[  845.296988][T32229] Node 0 DMA: 2*4kB (U) 0*8kB 2*16kB (U) 1*32kB (U) 1*64kB (U) 2*128kB (U) 2*256kB (U) 2*512kB (U) 3*1024kB (U) 3*2048kB (UM) 1*4096kB (U) = 15240kB
[  845.322506][ T9742] netdevsim netdevsim2 netdevsim0 (unregistering): unset [1, 0] type 2 family 0 port 6081 - 0
[  845.333595][T32229] Node 0 DMA32: 88*4kB (UME) 77*8kB (UME) 68*16kB (ME) 81*32kB (UME) 792*64kB (UME) 676*128kB (UME) 107*256kB (UME) 133*512kB (UME) 102*1024kB (UME) 23*2048kB (U) 8*4096kB (U) = 421672kB
[  845.373105][T32229] Node 1 DMA32: 1*4kB (U) 0*8kB 4*16kB (M) 4*32kB (ME) 3*64kB (UME) 3*128kB (UME) 2*256kB (UE) 3*512kB (ME) 16*1024kB (UME) 9*2048kB (UME) 210*4096kB (UM) = 897796kB
[  845.410019][T32229] Node 1 Normal: 102*4kB (UME) 203*8kB (UME) 84*16kB (UME) 52*32kB (UME) 26*64kB (UME) 120*128kB (UE) 108*256kB (UME) 4*512kB (UME) 22*1024kB (UME) 1*2048kB (U) 1*4096kB (U) = 80432kB
[  845.431927][    C0] vkms_vblank_simulate: vblank timer overrun
[  845.442078][T32229] Node 0 hugepages_total=2 hugepages_free=2 hugepages_surp=0 hugepages_size=2048kB
[  845.458460][T32229] Node 1 hugepages_total=2 hugepages_free=2 hugepages_surp=0 hugepages_size=2048kB
[  845.478534][T32229] 60473 total pagecache pages
[  845.481414][T32229] 0 pages in swap cache
[  845.490500][T32229] Free swap  = 124996kB
[  845.506787][T32229] Total swap = 124996kB
[  845.524096][T32229] 1048446 pages RAM
[  845.542429][T32229] 0 pages HighMem/MovableOnly
[  845.572692][T32229] 281061 pages reserved
[  845.575231][T32229] 0 pages cma reserved
[  845.815921][T32329] bridge0: port 1(bridge_slave_0) entered blocking state
[  845.826236][T32329] bridge0: port 1(bridge_slave_0) entered disabled state
[  845.835609][T32329] bridge_slave_0: entered allmulticast mode
[  845.841415][T32329] bridge_slave_0: entered promiscuous mode
[  845.866078][T32329] bridge0: port 2(bridge_slave_1) entered blocking state
[  845.888142][T32329] bridge0: port 2(bridge_slave_1) entered disabled state
[  845.891715][T32329] bridge_slave_1: entered allmulticast mode
[  845.908613][T32329] bridge_slave_1: entered promiscuous mode
[  846.254219][T32329] bond0: (slave bond_slave_0): Enslaving as an active interface with an up link
[  846.419590][T32329] bond0: (slave bond_slave_1): Enslaving as an active interface with an up link
[  846.582143][T24541] Bluetooth: hci1: command tx timeout
[  846.940049][T32329] team0: Port device team_slave_0 added
[  846.957401][T32329] team0: Port device team_slave_1 added
[  847.238101][ T9742] bridge_slave_1: left allmulticast mode
[  847.252317][ T9742] bridge_slave_1: left promiscuous mode
[  847.266013][ T9742] bridge0: port 2(bridge_slave_1) entered disabled state
[  847.312635][ T9742] bridge_slave_0: left allmulticast mode
[  847.323019][ T9742] bridge_slave_0: left promiscuous mode
[  847.336391][ T9742] bridge0: port 1(bridge_slave_0) entered disabled state
[  848.660559][T24541] Bluetooth: hci1: command tx timeout
[  848.740630][ T9742] bond0 (unregistering): (slave bond_slave_0): Releasing backup interface
[  848.810012][ T9742] bond0 (unregistering): (slave bond_slave_1): Releasing backup interface
[  848.873110][ T9742] bond0 (unregistering): Released all slaves
[  848.946389][T32329] batman_adv: batadv0: Adding interface: batadv_slave_0
[  848.950514][T32329] batman_adv: batadv0: The MTU of interface batadv_slave_0 is too small (1500) to handle the transport of batman-adv packets. Packets going over this interface will be fragmented on layer2 which could impact the performance. Setting the MTU to 1532 would solve the problem.
[  848.969432][T32329] batman_adv: batadv0: Not using interface batadv_slave_0 (retrying later): interface not active
[  849.044239][T32329] batman_adv: batadv0: Adding interface: batadv_slave_1
[  849.059896][T32329] batman_adv: batadv0: The MTU of interface batadv_slave_1 is too small (1500) to handle the transport of batman-adv packets. Packets going over this interface will be fragmented on layer2 which could impact the performance. Setting the MTU to 1532 would solve the problem.
[  849.087488][    C0] vkms_vblank_simulate: vblank timer overrun
[  849.118647][T32329] batman_adv: batadv0: Not using interface batadv_slave_1 (retrying later): interface not active
[  849.547459][    C0] vkms_vblank_simulate: vblank timer overrun
[  849.571755][T32660] i2c i2c-0: Invalid block write size 137
[  849.746003][T32329] hsr_slave_0: entered promiscuous mode
[  849.793474][T32329] hsr_slave_1: entered promiscuous mode
[  849.802037][T32329] debugfs: 'hsr0' already exists in 'hsr'
[  849.852417][T32329] Cannot create hsr debugfs directory
[  850.064044][    C0] vkms_vblank_simulate: vblank timer overrun
[  850.308645][    C0] vkms_vblank_simulate: vblank timer overrun
[  850.719632][ T9742] hsr_slave_0: left promiscuous mode
[  850.756956][T24541] Bluetooth: hci1: command tx timeout
[  850.786921][ T9742] hsr_slave_1: left promiscuous mode
[  850.791311][ T9742] batman_adv: batadv0: Interface deactivated: batadv_slave_0
[  850.794482][ T9742] batman_adv: batadv0: Removing interface: batadv_slave_0
[  850.878359][ T9742] batman_adv: batadv0: Interface deactivated: batadv_slave_1
[  850.891079][ T9742] batman_adv: batadv0: Removing interface: batadv_slave_1
[  850.983109][ T9742] veth1_macvtap: left promiscuous mode
[  851.005229][ T9742] veth0_macvtap: left promiscuous mode
[  851.010433][ T9742] veth1_vlan: left promiscuous mode
[  851.014229][ T9742] veth0_vlan: left promiscuous mode
[  851.441176][    C0] vkms_vblank_simulate: vblank timer overrun
[  851.547936][    C0] vkms_vblank_simulate: vblank timer overrun
[  851.789938][    C0] vkms_vblank_simulate: vblank timer overrun
[  851.865915][    C0] vkms_vblank_simulate: vblank timer overrun
[  851.938706][T32739] i2c i2c-0: Invalid block write size 133
[  852.899469][    C0] vkms_vblank_simulate: vblank timer overrun
[  852.941517][ T9742] team0 (unregistering): Port device team_slave_1 removed
[  853.090558][ T9742] team0 (unregistering): Port device team_slave_0 removed
[  853.576088][ T1361] ieee802154 phy0 wpan0: encryption failed: -22
[  853.588561][ T1361] ieee802154 phy1 wpan1: encryption failed: -22
[  855.496603][T32773] warn_alloc: 5 callbacks suppressed
[  855.496697][T32773] syz.3.6968: vmalloc error: size 3751936, failed to allocated page array size 7328, mode:0xdc2(GFP_KERNEL|__GFP_HIGHMEM|__GFP_ZERO), nodemask=(null),cpuset=/,mems_allowed=0-1
[  855.547295][T32773] CPU: 3 UID: 0 PID: 32773 Comm: syz.3.6968 Not tainted 6.18.0 #1 PREEMPT(full) 
[  855.547335][T32773] Hardware name: QEMU Standard PC (i440FX + PIIX, 1996), BIOS rel-1.16.3-0-ga6ed6b701f0a-prebuilt.qemu.org 04/01/2014
[  855.547348][T32773] Call Trace:
[  855.547356][T32773]  <TASK>
[  855.547397][T32773]  dump_stack_lvl+0x180/0x1b0
[  855.547433][T32773]  warn_alloc+0x211/0x360
[  855.547457][T32773]  ? __pfx_warn_alloc+0x10/0x10
[  855.547474][T32773]  ? rcu_is_watching+0x12/0xc0
[  855.547499][T32773]  ? __pfx_alloc_vmap_area+0x10/0x10
[  855.547524][T32773]  ? __get_vm_area_node+0x10c/0x340
[  855.547556][T32773]  ? drm_property_create_blob.part.0+0x34/0x320
[  855.547587][T32773]  ? __vmalloc_node_noprof+0xac/0xf0
[  855.547620][T32773]  __vmalloc_node_range_noprof+0xfaa/0x13b0
[  855.547655][T32773]  ? alloc_vmap_area+0x55c/0x2860
[  855.547679][T32773]  ? drm_property_create_blob.part.0+0x34/0x320
[  855.547713][T32773]  ? __pfx___vmalloc_node_range_noprof+0x10/0x10
[  855.547740][T32773]  ? __pfx_alloc_vmap_area+0x10/0x10
[  855.547764][T32773]  ? stack_trace_save+0x8e/0xc0
[  855.547870][T32773]  ? __get_vm_area_node+0x10c/0x340
[  855.547904][T32773]  ? drm_property_create_blob.part.0+0x34/0x320
[  855.547929][T32773]  __vmalloc_node_noprof+0xac/0xf0
[  855.547957][T32773]  ? drm_property_create_blob.part.0+0x34/0x320
[  855.547987][T32773]  __vmalloc_node_range_noprof+0x40d/0x13b0
[  855.548016][T32773]  ? do_raw_spin_lock+0x12b/0x2b0
[  855.548120][T32773]  ? drm_property_create_blob.part.0+0x34/0x320
[  855.548148][T32773]  ? __pfx___vmalloc_node_range_noprof+0x10/0x10
[  855.548181][T32773]  __kvmalloc_node_noprof+0x41f/0x9d0
[  855.548225][T32773]  ? drm_property_create_blob.part.0+0x34/0x320
[  855.548251][T32773]  ? drm_property_create_blob.part.0+0x34/0x320
[  855.548279][T32773]  ? drm_property_create_blob.part.0+0x34/0x320
[  855.548302][T32773]  drm_property_create_blob.part.0+0x34/0x320
[  855.548342][T32773]  drm_mode_createblob_ioctl+0x139/0x490
[  855.548371][T32773]  drm_ioctl_kernel+0x1ed/0x3e0
[  855.548387][T32773]  ? __pfx_drm_mode_createblob_ioctl+0x10/0x10
[  855.548413][T32773]  ? __pfx_drm_ioctl_kernel+0x10/0x10
[  855.548438][T32773]  drm_ioctl+0x574/0xb90
[  855.548457][T32773]  ? __pfx_drm_mode_createblob_ioctl+0x10/0x10
[  855.548484][T32773]  ? __pfx_drm_ioctl+0x10/0x10
[  855.548503][T32773]  ? hook_file_ioctl_common+0x146/0x3f0
[  855.548538][T32773]  ? __fget_files+0x1fb/0x3b0
[  855.548563][T32773]  ? __pfx_drm_ioctl+0x10/0x10
[  855.548581][T32773]  __x64_sys_ioctl+0x18f/0x210
[  855.548602][T32773]  do_syscall_64+0xcb/0xfa0
[  855.548633][T32773]  entry_SYSCALL_64_after_hwframe+0x77/0x7f
[  855.548652][T32773] RIP: 0033:0x7fd1e6bb059d
[  855.548675][T32773] Code: 02 b8 ff ff ff ff c3 66 0f 1f 44 00 00 f3 0f 1e fa 48 89 f8 48 89 f7 48 89 d6 48 89 ca 4d 89 c2 4d 89 c8 4c 8b 4c 24 08 0f 05 <48> 3d 01 f0 ff ff 73 01 c3 48 c7 c1 a8 ff ff ff f7 d8 64 89 01 48
[  855.548693][T32773] RSP: 002b:00007fd1e7a4bf98 EFLAGS: 00000246 ORIG_RAX: 0000000000000010
[  855.548711][T32773] RAX: ffffffffffffffda RBX: 00007fd1e6e25fa0 RCX: 00007fd1e6bb059d
[  855.548723][T32773] RDX: 0000200000000000 RSI: 00000000c01064bd RDI: 0000000000000004
[  855.548734][T32773] RBP: 00007fd1e6c4e078 R08: 0000000000000000 R09: 0000000000000000
[  855.548745][T32773] R10: 0000000000000000 R11: 0000000000000246 R12: 0000000000000000
[  855.548756][T32773] R13: 00007fd1e6e26038 R14: 00007fd1e6e25fa0 R15: 00007fd1e7a2c000
[  855.548783][T32773]  </TASK>
[  855.909554][T32773] Mem-Info:
[  855.915211][T32773] active_anon:7694 inactive_anon:0 isolated_anon:0
[  855.915211][T32773]  active_file:3773 inactive_file:53143 isolated_file:0
[  855.915211][T32773]  unevictable:2536 dirty:2109 writeback:0
[  855.915211][T32773]  slab_reclaimable:13127 slab_unreclaimable:64426
[  855.915211][T32773]  mapped:27878 shmem:3569 pagetables:1843
[  855.915211][T32773]  sec_pagetables:0 bounce:0
[  855.915211][T32773]  kernel_misc_reclaimable:0
[  855.915211][T32773]  free:377046 free_pcp:13225 free_cma:0
[  856.037854][T32773] Node 0 active_anon:19564kB inactive_anon:0kB active_file:7716kB inactive_file:107524kB unevictable:5072kB isolated(anon):0kB isolated(file):0kB mapped:54868kB dirty:2548kB writeback:0kB shmem:7612kB shmem_thp:0kB shmem_pmdmapped:0kB anon_thp:0kB kernel_stack:6224kB pagetables:3420kB sec_pagetables:0kB all_unreclaimable? no Balloon:0kB
[  856.063027][T32773] Node 1 active_anon:11084kB inactive_anon:0kB active_file:7760kB inactive_file:105048kB unevictable:5072kB isolated(anon):0kB isolated(file):0kB mapped:56632kB dirty:5988kB writeback:0kB shmem:6664kB shmem_thp:0kB shmem_pmdmapped:0kB anon_thp:0kB kernel_stack:5940kB pagetables:3852kB sec_pagetables:0kB all_unreclaimable? no Balloon:0kB
[  856.095722][T32773] Node 0 DMA free:15240kB boost:0kB min:452kB low:564kB high:676kB reserved_highatomic:0KB free_highatomic:0KB active_anon:0kB inactive_anon:0kB active_file:0kB inactive_file:0kB unevictable:0kB writepending:0kB zspages:0kB present:15992kB managed:15360kB mlocked:0kB bounce:0kB free_pcp:120kB local_pcp:0kB free_cma:0kB
[  856.116605][T32773] lowmem_reserve[]: 0 1176 1176 1176 1176
[  856.120715][T32773] Node 0 DMA32 free:525196kB boost:0kB min:34836kB low:43544kB high:52252kB reserved_highatomic:0KB free_highatomic:0KB active_anon:19564kB inactive_anon:0kB active_file:7716kB inactive_file:107524kB unevictable:5072kB writepending:2548kB zspages:0kB present:2080772kB managed:1204832kB mlocked:0kB bounce:0kB free_pcp:17792kB local_pcp:32kB free_cma:0kB
[  856.139487][T32773] lowmem_reserve[]: 0 0 0 0 0
[  856.142542][T32773] Node 1 DMA32 free:950148kB boost:0kB min:29136kB low:36420kB high:43704kB reserved_highatomic:0KB free_highatomic:0KB active_anon:16kB inactive_anon:0kB active_file:0kB inactive_file:48kB unevictable:0kB writepending:0kB zspages:0kB present:1048444kB managed:982908kB mlocked:0kB bounce:0kB free_pcp:11348kB local_pcp:5192kB free_cma:0kB
[  856.162162][T32773] lowmem_reserve[]: 0 0 846 846 846
[  856.165664][T32773] Node 1 Normal free:31244kB boost:0kB min:25680kB low:32100kB high:38520kB reserved_highatomic:0KB free_highatomic:0KB active_anon:11068kB inactive_anon:0kB active_file:7760kB inactive_file:105000kB unevictable:5072kB writepending:5988kB zspages:0kB present:1048576kB managed:866440kB mlocked:0kB bounce:0kB free_pcp:13676kB local_pcp:7996kB free_cma:0kB
[  856.199182][T32773] lowmem_reserve[]: 0 0 0 0 0
[  856.202402][T32773] Node 0 DMA: 2*4kB (U) 0*8kB 2*16kB (U) 1*32kB (U) 1*64kB (U) 2*128kB (U) 2*256kB (U) 2*512kB (U) 3*1024kB (U) 3*2048kB (UM) 1*4096kB (U) = 15240kB
[  856.227290][T32773] Node 0 DMA32: 330*4kB (ME) 45*8kB (ME) 21*16kB (UME) 503*32kB (UE) 907*64kB (UE) 371*128kB (UME) 372*256kB (UE) 190*512kB (UME) 99*1024kB (UE) 25*2048kB (U) 10*4096kB (U) = 509696kB
[  856.245513][T32773] Node 1 DMA32: 2*4kB (UM) 1*8kB (M) 1*16kB (M) 2*32kB (UE) 2*64kB (UE) 2*128kB (ME) 59*256kB (UE) 45*512kB (UME) 32*1024kB (UME) 9*2048kB (UME) 210*4096kB (UM) = 949984kB
[  856.289061][T32773] Node 1 Normal: 150*4kB (UME) 72*8kB (ME) 49*16kB (UME) 45*32kB (UME) 20*64kB (UME) 7*128kB (E) 6*256kB (UME) 2*512kB (ME) 17*1024kB (UME) 1*2048kB (U) 1*4096kB (U) = 31688kB
[  856.298141][T32773] Node 0 hugepages_total=2 hugepages_free=2 hugepages_surp=0 hugepages_size=2048kB
[  856.331359][T32773] Node 1 hugepages_total=2 hugepages_free=2 hugepages_surp=0 hugepages_size=2048kB
[  856.336899][T32773] 60583 total pagecache pages
[  856.339013][T32773] 0 pages in swap cache
[  856.350216][T32773] Free swap  = 124996kB
[  856.352575][T32773] Total swap = 124996kB
[  856.357696][T32773] 1048446 pages RAM
[  856.361581][T32773] 0 pages HighMem/MovableOnly
[  856.367463][T32773] 281061 pages reserved
[  856.376117][T32773] 0 pages cma reserved
[  856.948484][T32329] netdevsim netdevsim2 netdevsim0: renamed from eth0
[  856.982647][T32329] netdevsim netdevsim2 netdevsim1: renamed from eth1
[  857.005294][T32329] netdevsim netdevsim2 netdevsim2: renamed from eth2
[  857.040087][T32329] netdevsim netdevsim2 netdevsim3: renamed from eth3
[  857.270555][T32329] 8021q: adding VLAN 0 to HW filter on device bond0
[  857.323698][T32329] 8021q: adding VLAN 0 to HW filter on device team0
[  857.338380][   T43] bridge0: port 1(bridge_slave_0) entered blocking state
[  857.341768][   T43] bridge0: port 1(bridge_slave_0) entered forwarding state
[  857.394206][   T43] bridge0: port 2(bridge_slave_1) entered blocking state
[  857.402546][   T43] bridge0: port 2(bridge_slave_1) entered forwarding state
[  857.938120][    C0] vkms_vblank_simulate: vblank timer overrun
[  858.213149][T32329] 8021q: adding VLAN 0 to HW filter on device batadv0
[  858.438249][T32329] veth0_vlan: entered promiscuous mode
[  858.462324][T32329] veth1_vlan: entered promiscuous mode
[  858.627153][T32329] veth0_macvtap: entered promiscuous mode
[  858.656386][T32329] veth1_macvtap: entered promiscuous mode
[  858.698773][T32329] batman_adv: batadv0: Interface activated: batadv_slave_0
[  858.738898][T32329] batman_adv: batadv0: Interface activated: batadv_slave_1
[  858.782139][ T9742] netdevsim netdevsim2 netdevsim0: set [1, 0] type 2 family 0 port 6081 - 0
[  858.799717][ T9742] netdevsim netdevsim2 netdevsim1: set [1, 0] type 2 family 0 port 6081 - 0
[  858.887986][    C0] vkms_vblank_simulate: vblank timer overrun
[  858.927470][ T9742] netdevsim netdevsim2 netdevsim2: set [1, 0] type 2 family 0 port 6081 - 0
[  858.948879][ T9742] netdevsim netdevsim2 netdevsim3: set [1, 0] type 2 family 0 port 6081 - 0
[  858.974713][    C0] vkms_vblank_simulate: vblank timer overrun
[  859.434142][   T36] wlan0: Created IBSS using preconfigured BSSID 50:50:50:50:50:50
[  859.449445][   T36] wlan0: Creating new IBSS network, BSSID 50:50:50:50:50:50
[  859.571340][   T36] wlan1: Created IBSS using preconfigured BSSID 50:50:50:50:50:50
[  859.616998][    C0] vkms_vblank_simulate: vblank timer overrun
[  859.626549][   T36] wlan1: Creating new IBSS network, BSSID 50:50:50:50:50:50
[  860.771765][T32996] FAULT_INJECTION: forcing a failure.
[  860.771765][T32996] name failslab, interval 1, probability 0, space 0, times 0
[  860.790974][T32996] CPU: 0 UID: 0 PID: 32996 Comm: syz.1.7001 Not tainted 6.18.0 #1 PREEMPT(full) 
[  860.791000][T32996] Hardware name: QEMU Standard PC (i440FX + PIIX, 1996), BIOS rel-1.16.3-0-ga6ed6b701f0a-prebuilt.qemu.org 04/01/2014
[  860.791012][T32996] Call Trace:
[  860.791019][T32996]  <TASK>
[  860.791026][T32996]  dump_stack_lvl+0x180/0x1b0
[  860.791059][T32996]  should_fail_ex+0x520/0x650
[  860.791365][T32996]  ? tomoyo_realpath_from_path+0xc3/0x600
[  860.791421][T32996]  should_failslab+0xc2/0x120
[  860.791489][T32996]  __kmalloc_noprof+0xdc/0x8c0
[  860.791549][T32996]  ? kfree+0x3b1/0x6c0
[  860.791623][T32996]  ? tomoyo_realpath_from_path+0xc3/0x600
[  860.791690][T32996]  tomoyo_realpath_from_path+0xc3/0x600
[  860.791718][T32996]  ? tomoyo_profile+0x46/0x60
[  860.791761][T32996]  tomoyo_path_number_perm+0x221/0x550
[  860.791780][T32996]  ? tomoyo_path_number_perm+0x213/0x550
[  860.791801][T32996]  ? __pfx_tomoyo_path_number_perm+0x10/0x10
[  860.791909][T32996]  ? proc_fail_nth_write+0x97/0x220
[  860.792079][T32996]  ? hook_file_ioctl_common+0x146/0x3f0
[  860.792100][T32996]  ? __fget_files+0x1f1/0x3b0
[  860.792125][T32996]  ? __fget_files+0x1fb/0x3b0
[  860.792150][T32996]  security_file_ioctl+0x9f/0x260
[  860.792286][T32996]  __x64_sys_ioctl+0xb7/0x210
[  860.792347][T32996]  do_syscall_64+0xcb/0xfa0
[  860.792421][T32996]  entry_SYSCALL_64_after_hwframe+0x77/0x7f
[  860.792441][T32996] RIP: 0033:0x7f6b2d1b059d
[  860.792459][T32996] Code: 02 b8 ff ff ff ff c3 66 0f 1f 44 00 00 f3 0f 1e fa 48 89 f8 48 89 f7 48 89 d6 48 89 ca 4d 89 c2 4d 89 c8 4c 8b 4c 24 08 0f 05 <48> 3d 01 f0 ff ff 73 01 c3 48 c7 c1 a8 ff ff ff f7 d8 64 89 01 48
[  860.792477][T32996] RSP: 002b:00007f6b2e101f98 EFLAGS: 00000246 ORIG_RAX: 0000000000000010
[  860.792496][T32996] RAX: ffffffffffffffda RBX: 00007f6b2d425fa0 RCX: 00007f6b2d1b059d
[  860.792508][T32996] RDX: 00002000000001c0 RSI: 00000000c02064b2 RDI: 0000000000000003
[  860.792520][T32996] RBP: 00007f6b2e102010 R08: 0000000000000000 R09: 0000000000000000
[  860.792531][T32996] R10: 0000000000000000 R11: 0000000000000246 R12: 0000000000000001
[  860.792542][T32996] R13: 00007f6b2d426038 R14: 00007f6b2d425fa0 R15: 00007f6b2e0e2000
[  860.792570][T32996]  </TASK>
[  860.794033][T32996] ERROR: Out of memory at tomoyo_realpath_from_path.
[  861.020050][    C0] vkms_vblank_simulate: vblank timer overrun
[  861.691008][T33022] FAULT_INJECTION: forcing a failure.
[  861.691008][T33022] name failslab, interval 1, probability 0, space 0, times 0
[  861.705057][T33022] CPU: 3 UID: 0 PID: 33022 Comm: syz.3.7011 Not tainted 6.18.0 #1 PREEMPT(full) 
[  861.705083][T33022] Hardware name: QEMU Standard PC (i440FX + PIIX, 1996), BIOS rel-1.16.3-0-ga6ed6b701f0a-prebuilt.qemu.org 04/01/2014
[  861.705095][T33022] Call Trace:
[  861.705101][T33022]  <TASK>
[  861.705108][T33022]  dump_stack_lvl+0x180/0x1b0
[  861.705139][T33022]  should_fail_ex+0x520/0x650
[  861.705161][T33022]  ? tomoyo_encode2.part.0+0xe9/0x3a0
[  861.705182][T33022]  should_failslab+0xc2/0x120
[  861.705205][T33022]  __kmalloc_noprof+0xdc/0x8c0
[  861.705554][T33022]  ? d_absolute_path+0x12a/0x1a0
[  861.705655][T33022]  ? tomoyo_encode2.part.0+0xe9/0x3a0
[  861.705674][T33022]  tomoyo_encode2.part.0+0xe9/0x3a0
[  861.705699][T33022]  tomoyo_encode+0x2b/0x60
[  861.705719][T33022]  tomoyo_realpath_from_path+0x188/0x600
[  861.705745][T33022]  tomoyo_path_number_perm+0x221/0x550
[  861.705763][T33022]  ? tomoyo_path_number_perm+0x213/0x550
[  861.705795][T33022]  ? __pfx_tomoyo_path_number_perm+0x10/0x10
[  861.705826][T33022]  ? proc_fail_nth_write+0x97/0x220
[  861.705867][T33022]  ? hook_file_ioctl_common+0x146/0x3f0
[  861.705886][T33022]  ? __fget_files+0x1f1/0x3b0
[  861.705908][T33022]  ? __fget_files+0x1fb/0x3b0
[  861.705928][T33022]  security_file_ioctl+0x9f/0x260
[  861.705949][T33022]  __x64_sys_ioctl+0xb7/0x210
[  861.705975][T33022]  do_syscall_64+0xcb/0xfa0
[  861.706001][T33022]  entry_SYSCALL_64_after_hwframe+0x77/0x7f
[  861.706016][T33022] RIP: 0033:0x7fd1e6bb059d
[  861.706030][T33022] Code: 02 b8 ff ff ff ff c3 66 0f 1f 44 00 00 f3 0f 1e fa 48 89 f8 48 89 f7 48 89 d6 48 89 ca 4d 89 c2 4d 89 c8 4c 8b 4c 24 08 0f 05 <48> 3d 01 f0 ff ff 73 01 c3 48 c7 c1 a8 ff ff ff f7 d8 64 89 01 48
[  861.706044][T33022] RSP: 002b:00007fd1e7a4bf98 EFLAGS: 00000246 ORIG_RAX: 0000000000000010
[  861.706059][T33022] RAX: ffffffffffffffda RBX: 00007fd1e6e25fa0 RCX: 00007fd1e6bb059d
[  861.706069][T33022] RDX: 00002000000001c0 RSI: 00000000c02064b2 RDI: 0000000000000003
[  861.706079][T33022] RBP: 00007fd1e7a4c010 R08: 0000000000000000 R09: 0000000000000000
[  861.706088][T33022] R10: 0000000000000000 R11: 0000000000000246 R12: 0000000000000001
[  861.706096][T33022] R13: 00007fd1e6e26038 R14: 00007fd1e6e25fa0 R15: 00007fd1e7a2c000
[  861.706118][T33022]  </TASK>
[  861.706136][T33022] ERROR: Out of memory at tomoyo_realpath_from_path.
[  861.832522][T33019] EDID block 0 (tag 0x00) checksum is invalid, remainder is 6
[  862.317979][    C0] vkms_vblank_simulate: vblank timer overrun
[  862.477323][T33048] FAULT_INJECTION: forcing a failure.
[  862.477323][T33048] name fail_usercopy, interval 1, probability 0, space 0, times 0
[  862.497686][T33048] CPU: 2 UID: 0 PID: 33048 Comm: syz.2.7022 Not tainted 6.18.0 #1 PREEMPT(full) 
[  862.497711][T33048] Hardware name: QEMU Standard PC (i440FX + PIIX, 1996), BIOS rel-1.16.3-0-ga6ed6b701f0a-prebuilt.qemu.org 04/01/2014
[  862.497770][T33048] Call Trace:
[  862.497778][T33048]  <TASK>
[  862.497786][T33048]  dump_stack_lvl+0x180/0x1b0
[  862.497836][T33048]  should_fail_ex+0x520/0x650
[  862.497861][T33048]  _copy_from_user+0x30/0xd0
[  862.497966][T33048]  drm_ioctl+0x4df/0xb90
[  862.497988][T33048]  ? __pfx_drm_mode_create_dumb_ioctl+0x10/0x10
[  862.498120][T33048]  ? __pfx_drm_ioctl+0x10/0x10
[  862.498140][T33048]  ? hook_file_ioctl_common+0x146/0x3f0
[  862.498170][T33048]  ? __fget_files+0x1fb/0x3b0
[  862.498193][T33048]  ? __pfx_drm_ioctl+0x10/0x10
[  862.498209][T33048]  __x64_sys_ioctl+0x18f/0x210
[  862.498228][T33048]  do_syscall_64+0xcb/0xfa0
[  862.498256][T33048]  entry_SYSCALL_64_after_hwframe+0x77/0x7f
[  862.498275][T33048] RIP: 0033:0x7f54317b059d
[  862.498290][T33048] Code: 02 b8 ff ff ff ff c3 66 0f 1f 44 00 00 f3 0f 1e fa 48 89 f8 48 89 f7 48 89 d6 48 89 ca 4d 89 c2 4d 89 c8 4c 8b 4c 24 08 0f 05 <48> 3d 01 f0 ff ff 73 01 c3 48 c7 c1 a8 ff ff ff f7 d8 64 89 01 48
[  862.498319][T33048] RSP: 002b:00007f5432698f98 EFLAGS: 00000246 ORIG_RAX: 0000000000000010
[  862.498338][T33048] RAX: ffffffffffffffda RBX: 00007f5431a25fa0 RCX: 00007f54317b059d
[  862.498350][T33048] RDX: 00002000000001c0 RSI: 00000000c02064b2 RDI: 0000000000000003
[  862.498361][T33048] RBP: 00007f5432699010 R08: 0000000000000000 R09: 0000000000000000
[  862.498371][T33048] R10: 0000000000000000 R11: 0000000000000246 R12: 0000000000000001
[  862.498382][T33048] R13: 00007f5431a26038 R14: 00007f5431a25fa0 R15: 00007f5432679000
[  862.498407][T33048]  </TASK>
[  862.974421][T33060] FAULT_INJECTION: forcing a failure.
[  862.974421][T33060] name failslab, interval 1, probability 0, space 0, times 0
[  862.980201][T33060] CPU: 3 UID: 0 PID: 33060 Comm: syz.0.7029 Not tainted 6.18.0 #1 PREEMPT(full) 
[  862.980226][T33060] Hardware name: QEMU Standard PC (i440FX + PIIX, 1996), BIOS rel-1.16.3-0-ga6ed6b701f0a-prebuilt.qemu.org 04/01/2014
[  862.980238][T33060] Call Trace:
[  862.980246][T33060]  <TASK>
[  862.980254][T33060]  dump_stack_lvl+0x180/0x1b0
[  862.980288][T33060]  should_fail_ex+0x520/0x650
[  862.980328][T33060]  ? tomoyo_encode2.part.0+0xe9/0x3a0
[  862.980352][T33060]  should_failslab+0xc2/0x120
[  862.980379][T33060]  __kmalloc_noprof+0xdc/0x8c0
[  862.980401][T33060]  ? d_absolute_path+0x12a/0x1a0
[  862.980432][T33060]  ? tomoyo_encode2.part.0+0xe9/0x3a0
[  862.980455][T33060]  tomoyo_encode2.part.0+0xe9/0x3a0
[  862.980485][T33060]  tomoyo_encode+0x2b/0x60
[  862.980509][T33060]  tomoyo_realpath_from_path+0x188/0x600
[  862.980540][T33060]  tomoyo_path_number_perm+0x221/0x550
[  862.980560][T33060]  ? tomoyo_path_number_perm+0x213/0x550
[  862.980582][T33060]  ? __pfx_tomoyo_path_number_perm+0x10/0x10
[  862.980603][T33060]  ? proc_fail_nth_write+0x97/0x220
[  862.980657][T33060]  ? hook_file_ioctl_common+0x146/0x3f0
[  862.980678][T33060]  ? __fget_files+0x1f1/0x3b0
[  862.980703][T33060]  ? __fget_files+0x1fb/0x3b0
[  862.980727][T33060]  security_file_ioctl+0x9f/0x260
[  862.980751][T33060]  __x64_sys_ioctl+0xb7/0x210
[  862.980771][T33060]  do_syscall_64+0xcb/0xfa0
[  862.980839][T33060]  entry_SYSCALL_64_after_hwframe+0x77/0x7f
[  862.980860][T33060] RIP: 0033:0x7f9a6ebb059d
[  862.980883][T33060] Code: 02 b8 ff ff ff ff c3 66 0f 1f 44 00 00 f3 0f 1e fa 48 89 f8 48 89 f7 48 89 d6 48 89 ca 4d 89 c2 4d 89 c8 4c 8b 4c 24 08 0f 05 <48> 3d 01 f0 ff ff 73 01 c3 48 c7 c1 a8 ff ff ff f7 d8 64 89 01 48
[  862.980899][T33060] RSP: 002b:00007f9a6f9c0f98 EFLAGS: 00000246 ORIG_RAX: 0000000000000010
[  862.980916][T33060] RAX: ffffffffffffffda RBX: 00007f9a6ee25fa0 RCX: 00007f9a6ebb059d
[  862.980927][T33060] RDX: 00002000000001c0 RSI: 00000000c01c64ae RDI: 0000000000000003
[  862.980937][T33060] RBP: 00007f9a6f9c1010 R08: 0000000000000000 R09: 0000000000000000
[  862.980947][T33060] R10: 0000000000000000 R11: 0000000000000246 R12: 0000000000000001
[  862.980957][T33060] R13: 00007f9a6ee26038 R14: 00007f9a6ee25fa0 R15: 00007f9a6f9a1000
[  862.980986][T33060]  </TASK>
[  862.981008][T33060] ERROR: Out of memory at tomoyo_realpath_from_path.
[  863.262948][    C0] vkms_vblank_simulate: vblank timer overrun
[  863.507642][T33080] FAULT_INJECTION: forcing a failure.
[  863.507642][T33080] name failslab, interval 1, probability 0, space 0, times 0
[  863.519489][T33080] CPU: 2 UID: 0 PID: 33080 Comm: syz.0.7035 Not tainted 6.18.0 #1 PREEMPT(full) 
[  863.519508][T33080] Hardware name: QEMU Standard PC (i440FX + PIIX, 1996), BIOS rel-1.16.3-0-ga6ed6b701f0a-prebuilt.qemu.org 04/01/2014
[  863.519516][T33080] Call Trace:
[  863.519522][T33080]  <TASK>
[  863.519527][T33080]  dump_stack_lvl+0x180/0x1b0
[  863.519551][T33080]  should_fail_ex+0x520/0x650
[  863.519631][T33080]  should_failslab+0xc2/0x120
[  863.519685][T33080]  __kmalloc_cache_noprof+0x73/0x7a0
[  863.519713][T33080]  ? __drm_gem_shmem_create+0x345/0x420
[  863.519741][T33080]  ? __drm_gem_shmem_create+0x345/0x420
[  863.519753][T33080]  __drm_gem_shmem_create+0x345/0x420
[  863.519768][T33080]  drm_gem_shmem_dumb_create+0x148/0x330
[  863.519784][T33080]  drm_mode_create_dumb+0x281/0x310
[  863.519799][T33080]  drm_ioctl_kernel+0x1ed/0x3e0
[  863.519822][T33080]  ? __pfx_drm_mode_create_dumb_ioctl+0x10/0x10
[  863.519834][T33080]  ? __pfx_drm_ioctl_kernel+0x10/0x10
[  863.519849][T33080]  drm_ioctl+0x574/0xb90
[  863.519860][T33080]  ? __pfx_drm_mode_create_dumb_ioctl+0x10/0x10
[  863.519873][T33080]  ? __pfx_drm_ioctl+0x10/0x10
[  863.519889][T33080]  ? __fget_files+0x1fb/0x3b0
[  863.519904][T33080]  ? __pfx_drm_ioctl+0x10/0x10
[  863.519914][T33080]  __x64_sys_ioctl+0x18f/0x210
[  863.519926][T33080]  do_syscall_64+0xcb/0xfa0
[  863.519944][T33080]  entry_SYSCALL_64_after_hwframe+0x77/0x7f
[  863.519956][T33080] RIP: 0033:0x7f9a6ebb059d
[  863.519966][T33080] Code: 02 b8 ff ff ff ff c3 66 0f 1f 44 00 00 f3 0f 1e fa 48 89 f8 48 89 f7 48 89 d6 48 89 ca 4d 89 c2 4d 89 c8 4c 8b 4c 24 08 0f 05 <48> 3d 01 f0 ff ff 73 01 c3 48 c7 c1 a8 ff ff ff f7 d8 64 89 01 48
[  863.519977][T33080] RSP: 002b:00007f9a6f9c0f98 EFLAGS: 00000246 ORIG_RAX: 0000000000000010
[  863.519988][T33080] RAX: ffffffffffffffda RBX: 00007f9a6ee25fa0 RCX: 00007f9a6ebb059d
[  863.519995][T33080] RDX: 00002000000001c0 RSI: 00000000c02064b2 RDI: 0000000000000003
[  863.520002][T33080] RBP: 00007f9a6f9c1010 R08: 0000000000000000 R09: 0000000000000000
[  863.520008][T33080] R10: 0000000000000000 R11: 0000000000000246 R12: 0000000000000001
[  863.520015][T33080] R13: 00007f9a6ee26038 R14: 00007f9a6ee25fa0 R15: 00007f9a6f9a1000
[  863.520029][T33080]  </TASK>
[  864.196552][T33100] FAULT_INJECTION: forcing a failure.
[  864.196552][T33100] name fail_usercopy, interval 1, probability 0, space 0, times 0
[  864.211652][T33100] CPU: 3 UID: 0 PID: 33100 Comm: syz.0.7045 Not tainted 6.18.0 #1 PREEMPT(full) 
[  864.211677][T33100] Hardware name: QEMU Standard PC (i440FX + PIIX, 1996), BIOS rel-1.16.3-0-ga6ed6b701f0a-prebuilt.qemu.org 04/01/2014
[  864.211690][T33100] Call Trace:
[  864.211696][T33100]  <TASK>
[  864.211703][T33100]  dump_stack_lvl+0x180/0x1b0
[  864.211736][T33100]  should_fail_ex+0x520/0x650
[  864.211759][T33100]  _copy_to_user+0x32/0xd0
[  864.211781][T33100]  drm_ioctl+0x59a/0xb90
[  864.212736][T33100]  ? __pfx_drm_mode_addfb_ioctl+0x10/0x10
[  864.212787][T33100]  ? __pfx_drm_ioctl+0x10/0x10
[  864.212829][T33100]  ? __fget_files+0x1fb/0x3b0
[  864.212851][T33100]  ? __pfx_drm_ioctl+0x10/0x10
[  864.212867][T33100]  __x64_sys_ioctl+0x18f/0x210
[  864.212885][T33100]  do_syscall_64+0xcb/0xfa0
[  864.213477][T33100]  entry_SYSCALL_64_after_hwframe+0x77/0x7f
[  864.213496][T33100] RIP: 0033:0x7f9a6ebb059d
[  864.213512][T33100] Code: 02 b8 ff ff ff ff c3 66 0f 1f 44 00 00 f3 0f 1e fa 48 89 f8 48 89 f7 48 89 d6 48 89 ca 4d 89 c2 4d 89 c8 4c 8b 4c 24 08 0f 05 <48> 3d 01 f0 ff ff 73 01 c3 48 c7 c1 a8 ff ff ff f7 d8 64 89 01 48
[  864.213527][T33100] RSP: 002b:00007f9a6f9c0f98 EFLAGS: 00000246 ORIG_RAX: 0000000000000010
[  864.213544][T33100] RAX: ffffffffffffffda RBX: 00007f9a6ee25fa0 RCX: 00007f9a6ebb059d
[  864.213556][T33100] RDX: 00002000000001c0 RSI: 00000000c01c64ae RDI: 0000000000000003
[  864.213567][T33100] RBP: 00007f9a6f9c1010 R08: 0000000000000000 R09: 0000000000000000
[  864.213640][T33100] R10: 0000000000000000 R11: 0000000000000246 R12: 0000000000000001
[  864.213650][T33100] R13: 00007f9a6ee26038 R14: 00007f9a6ee25fa0 R15: 00007f9a6f9a1000
[  864.213860][T33100]  </TASK>
[  864.448241][T33105] FAULT_INJECTION: forcing a failure.
[  864.448241][T33105] name failslab, interval 1, probability 0, space 0, times 0
[  864.456499][T33105] CPU: 2 UID: 0 PID: 33105 Comm: syz.1.7049 Not tainted 6.18.0 #1 PREEMPT(full) 
[  864.456523][T33105] Hardware name: QEMU Standard PC (i440FX + PIIX, 1996), BIOS rel-1.16.3-0-ga6ed6b701f0a-prebuilt.qemu.org 04/01/2014
[  864.456535][T33105] Call Trace:
[  864.456542][T33105]  <TASK>
[  864.456550][T33105]  dump_stack_lvl+0x180/0x1b0
[  864.456584][T33105]  should_fail_ex+0x520/0x650
[  864.456608][T33105]  should_failslab+0xc2/0x120
[  864.456635][T33105]  kmem_cache_alloc_lru_noprof+0x7a/0x700
[  864.456656][T33105]  ? shmem_alloc_inode+0x27/0x50
[  864.456782][T33105]  ? shmem_alloc_inode+0x27/0x50
[  864.456862][T33105]  shmem_alloc_inode+0x27/0x50
[  864.456884][T33105]  ? __pfx_shmem_alloc_inode+0x10/0x10
[  864.456906][T33105]  alloc_inode+0x68/0x250
[  864.456943][T33105]  new_inode+0x22/0x1d0
[  864.456969][T33105]  shmem_get_inode+0x19c/0x1000
[  864.456998][T33105]  __shmem_file_setup+0x107/0x370
[  864.457018][T33105]  drm_gem_object_init_with_mnt+0xc3/0xe0
[  864.457071][T33105]  __drm_gem_shmem_create+0x110/0x420
[  864.457094][T33105]  drm_gem_shmem_dumb_create+0x148/0x330
[  864.457118][T33105]  drm_mode_create_dumb+0x281/0x310
[  864.457141][T33105]  drm_ioctl_kernel+0x1ed/0x3e0
[  864.457156][T33105]  ? __pfx_drm_mode_create_dumb_ioctl+0x10/0x10
[  864.457175][T33105]  ? __pfx_drm_ioctl_kernel+0x10/0x10
[  864.457198][T33105]  drm_ioctl+0x574/0xb90
[  864.457215][T33105]  ? __pfx_drm_mode_create_dumb_ioctl+0x10/0x10
[  864.457235][T33105]  ? __pfx_drm_ioctl+0x10/0x10
[  864.457259][T33105]  ? __fget_files+0x1fb/0x3b0
[  864.457280][T33105]  ? __pfx_drm_ioctl+0x10/0x10
[  864.457309][T33105]  __x64_sys_ioctl+0x18f/0x210
[  864.457328][T33105]  do_syscall_64+0xcb/0xfa0
[  864.457355][T33105]  entry_SYSCALL_64_after_hwframe+0x77/0x7f
[  864.457373][T33105] RIP: 0033:0x7f6b2d1b059d
[  864.457387][T33105] Code: 02 b8 ff ff ff ff c3 66 0f 1f 44 00 00 f3 0f 1e fa 48 89 f8 48 89 f7 48 89 d6 48 89 ca 4d 89 c2 4d 89 c8 4c 8b 4c 24 08 0f 05 <48> 3d 01 f0 ff ff 73 01 c3 48 c7 c1 a8 ff ff ff f7 d8 64 89 01 48
[  864.457403][T33105] RSP: 002b:00007f6b2e101f98 EFLAGS: 00000246 ORIG_RAX: 0000000000000010
[  864.457420][T33105] RAX: ffffffffffffffda RBX: 00007f6b2d425fa0 RCX: 00007f6b2d1b059d
[  864.457431][T33105] RDX: 00002000000001c0 RSI: 00000000c02064b2 RDI: 0000000000000003
[  864.457441][T33105] RBP: 00007f6b2e102010 R08: 0000000000000000 R09: 0000000000000000
[  864.457451][T33105] R10: 0000000000000000 R11: 0000000000000246 R12: 0000000000000001
[  864.457460][T33105] R13: 00007f6b2d426038 R14: 00007f6b2d425fa0 R15: 00007f6b2e0e2000
[  864.457484][T33105]  </TASK>
[  865.080026][T33130] FAULT_INJECTION: forcing a failure.
[  865.080026][T33130] name fail_usercopy, interval 1, probability 0, space 0, times 0
[  865.121395][T33130] CPU: 3 UID: 0 PID: 33130 Comm: syz.3.7058 Not tainted 6.18.0 #1 PREEMPT(full) 
[  865.121421][T33130] Hardware name: QEMU Standard PC (i440FX + PIIX, 1996), BIOS rel-1.16.3-0-ga6ed6b701f0a-prebuilt.qemu.org 04/01/2014
[  865.121468][T33130] Call Trace:
[  865.121476][T33130]  <TASK>
[  865.121485][T33130]  dump_stack_lvl+0x180/0x1b0
[  865.121520][T33130]  should_fail_ex+0x520/0x650
[  865.121544][T33130]  _copy_to_user+0x32/0xd0
[  865.121567][T33130]  simple_read_from_buffer+0xcb/0x180
[  865.121635][T33130]  proc_fail_nth_read+0x18a/0x240
[  865.121658][T33130]  ? __pfx_proc_fail_nth_read+0x10/0x10
[  865.121681][T33130]  ? rw_verify_area+0xcf/0x6e0
[  865.121714][T33130]  ? __pfx_proc_fail_nth_read+0x10/0x10
[  865.121750][T33130]  vfs_read+0x1e6/0xc70
[  865.121784][T33130]  ? __pfx___mutex_lock+0x10/0x10
[  865.121829][T33130]  ? __pfx_vfs_read+0x10/0x10
[  865.121848][T33130]  ? __fget_files+0x1f1/0x3b0
[  865.121876][T33130]  ? __fget_files+0x1fb/0x3b0
[  865.121902][T33130]  ksys_read+0x121/0x240
[  865.121922][T33130]  ? __pfx_ksys_read+0x10/0x10
[  865.121953][T33130]  do_syscall_64+0xcb/0xfa0
[  865.121981][T33130]  entry_SYSCALL_64_after_hwframe+0x77/0x7f
[  865.122002][T33130] RIP: 0033:0x7fd1e6baef6c
[  865.122018][T33130] Code: ec 28 48 89 54 24 18 48 89 74 24 10 89 7c 24 08 e8 09 0e 03 00 48 8b 54 24 18 48 8b 74 24 10 41 89 c0 8b 7c 24 08 31 c0 0f 05 <48> 3d 00 f0 ff ff 77 34 44 89 c7 48 89 44 24 08 e8 4f 0e 03 00 48
[  865.122035][T33130] RSP: 002b:00007fd1e7a4bf90 EFLAGS: 00000246 ORIG_RAX: 0000000000000000
[  865.122054][T33130] RAX: ffffffffffffffda RBX: 00007fd1e6e25fa0 RCX: 00007fd1e6baef6c
[  865.122066][T33130] RDX: 000000000000000f RSI: 00007fd1e7a4c020 RDI: 0000000000000004
[  865.122076][T33130] RBP: 00007fd1e7a4c010 R08: 0000000000000000 R09: 0000000000000000
[  865.122086][T33130] R10: 0000000000000000 R11: 0000000000000246 R12: 0000000000000001
[  865.122096][T33130] R13: 00007fd1e6e26038 R14: 00007fd1e6e25fa0 R15: 00007fd1e7a2c000
[  865.122121][T33130]  </TASK>
[  865.632008][T33150] i2c i2c-0: Invalid block write size 137
[  865.872608][T33158] i2c i2c-0: Invalid block write size 133
[  866.570365][T33186] FAULT_INJECTION: forcing a failure.
[  866.570365][T33186] name failslab, interval 1, probability 0, space 0, times 0
[  866.599837][T33186] CPU: 3 UID: 0 PID: 33186 Comm: syz.3.7079 Not tainted 6.18.0 #1 PREEMPT(full) 
[  866.599864][T33186] Hardware name: QEMU Standard PC (i440FX + PIIX, 1996), BIOS rel-1.16.3-0-ga6ed6b701f0a-prebuilt.qemu.org 04/01/2014
[  866.599877][T33186] Call Trace:
[  866.599883][T33186]  <TASK>
[  866.599892][T33186]  dump_stack_lvl+0x180/0x1b0
[  866.599926][T33186]  should_fail_ex+0x520/0x650
[  866.599950][T33186]  should_failslab+0xc2/0x120
[  866.599978][T33186]  kmem_cache_alloc_lru_noprof+0x7a/0x700
[  866.599999][T33186]  ? __dquot_initialize+0x296/0xd80
[  866.600060][T33186]  ? dquot_alloc_inode+0x4f5/0xb60
[  866.600085][T33186]  ? __d_alloc+0x31/0xa00
[  866.600112][T33186]  ? __d_alloc+0x31/0xa00
[  866.600148][T33186]  __d_alloc+0x31/0xa00
[  866.600170][T33186]  ? mpol_shared_policy_init+0x24f/0x390
[  866.600204][T33186]  d_alloc_pseudo+0x1d/0xc0
[  866.600246][T33186]  alloc_file_pseudo+0xbe/0x220
[  866.600275][T33186]  ? __pfx_alloc_file_pseudo+0x10/0x10
[  866.600342][T33186]  ? shmem_get_inode+0x765/0x1000
[  866.600375][T33186]  __shmem_file_setup+0x1a7/0x370
[  866.602893][T33186]  drm_gem_object_init_with_mnt+0xc3/0xe0
[  866.602925][T33186]  __drm_gem_shmem_create+0x110/0x420
[  866.602951][T33186]  drm_gem_shmem_dumb_create+0x148/0x330
[  866.602981][T33186]  drm_mode_create_dumb+0x281/0x310
[  866.603005][T33186]  drm_ioctl_kernel+0x1ed/0x3e0
[  866.603023][T33186]  ? __pfx_drm_mode_create_dumb_ioctl+0x10/0x10
[  866.603045][T33186]  ? __pfx_drm_ioctl_kernel+0x10/0x10
[  866.603069][T33186]  drm_ioctl+0x574/0xb90
[  866.603090][T33186]  ? __pfx_drm_mode_create_dumb_ioctl+0x10/0x10
[  866.603111][T33186]  ? __pfx_drm_ioctl+0x10/0x10
[  866.603139][T33186]  ? __fget_files+0x1fb/0x3b0
[  866.603162][T33186]  ? __pfx_drm_ioctl+0x10/0x10
[  866.603179][T33186]  __x64_sys_ioctl+0x18f/0x210
[  866.603201][T33186]  do_syscall_64+0xcb/0xfa0
[  866.603233][T33186]  entry_SYSCALL_64_after_hwframe+0x77/0x7f
[  866.603253][T33186] RIP: 0033:0x7fd1e6bb059d
[  866.603270][T33186] Code: 02 b8 ff ff ff ff c3 66 0f 1f 44 00 00 f3 0f 1e fa 48 89 f8 48 89 f7 48 89 d6 48 89 ca 4d 89 c2 4d 89 c8 4c 8b 4c 24 08 0f 05 <48> 3d 01 f0 ff ff 73 01 c3 48 c7 c1 a8 ff ff ff f7 d8 64 89 01 48
[  866.603287][T33186] RSP: 002b:00007fd1e7a4bf98 EFLAGS: 00000246 ORIG_RAX: 0000000000000010
[  866.603317][T33186] RAX: ffffffffffffffda RBX: 00007fd1e6e25fa0 RCX: 00007fd1e6bb059d
[  866.603329][T33186] RDX: 00002000000001c0 RSI: 00000000c02064b2 RDI: 0000000000000003
[  866.603340][T33186] RBP: 00007fd1e7a4c010 R08: 0000000000000000 R09: 0000000000000000
[  866.603350][T33186] R10: 0000000000000000 R11: 0000000000000246 R12: 0000000000000001
[  866.603360][T33186] R13: 00007fd1e6e26038 R14: 00007fd1e6e25fa0 R15: 00007fd1e7a2c000
[  866.603384][T33186]  </TASK>
[  867.226473][T33118] warn_alloc: 5 callbacks suppressed
[  867.226562][T33118] syz.1.7053: vmalloc error: size 261324800, failed to allocated page array size 510400, mode:0xdc2(GFP_KERNEL|__GFP_HIGHMEM|__GFP_ZERO), nodemask=(null),cpuset=/,mems_allowed=0-1
[  867.260860][T33118] CPU: 2 UID: 0 PID: 33118 Comm: syz.1.7053 Not tainted 6.18.0 #1 PREEMPT(full) 
[  867.260889][T33118] Hardware name: QEMU Standard PC (i440FX + PIIX, 1996), BIOS rel-1.16.3-0-ga6ed6b701f0a-prebuilt.qemu.org 04/01/2014
[  867.260902][T33118] Call Trace:
[  867.260909][T33118]  <TASK>
[  867.260917][T33118]  dump_stack_lvl+0x180/0x1b0
[  867.260953][T33118]  warn_alloc+0x211/0x360
[  867.260978][T33118]  ? __pfx_warn_alloc+0x10/0x10
[  867.260999][T33118]  ? __pfx_alloc_vmap_area+0x10/0x10
[  867.261026][T33118]  ? __get_vm_area_node+0x10c/0x340
[  867.261059][T33118]  ? drm_property_create_blob.part.0+0x34/0x320
[  867.261088][T33118]  ? __vmalloc_node_noprof+0xac/0xf0
[  867.261122][T33118]  __vmalloc_node_range_noprof+0xfaa/0x13b0
[  867.261160][T33118]  ? drm_property_create_blob.part.0+0x34/0x320
[  867.261196][T33118]  ? __pfx___vmalloc_node_range_noprof+0x10/0x10
[  867.261237][T33118]  __kvmalloc_node_noprof+0x41f/0x9d0
[  867.261263][T33118]  ? drm_property_create_blob.part.0+0x34/0x320
[  867.261292][T33118]  ? drm_property_create_blob.part.0+0x34/0x320
[  867.261360][T33118]  ? drm_property_create_blob.part.0+0x34/0x320
[  867.261386][T33118]  drm_property_create_blob.part.0+0x34/0x320
[  867.261417][T33118]  drm_mode_createblob_ioctl+0x139/0x490
[  867.261449][T33118]  drm_ioctl_kernel+0x1ed/0x3e0
[  867.261465][T33118]  ? __pfx_drm_mode_createblob_ioctl+0x10/0x10
[  867.261490][T33118]  ? __pfx_drm_ioctl_kernel+0x10/0x10
[  867.261512][T33118]  drm_ioctl+0x574/0xb90
[  867.261530][T33118]  ? __pfx_drm_mode_createblob_ioctl+0x10/0x10
[  867.261556][T33118]  ? __pfx_drm_ioctl+0x10/0x10
[  867.261573][T33118]  ? hook_file_ioctl_common+0x146/0x3f0
[  867.261600][T33118]  ? __fget_files+0x1fb/0x3b0
[  867.261623][T33118]  ? __pfx_drm_ioctl+0x10/0x10
[  867.261641][T33118]  __x64_sys_ioctl+0x18f/0x210
[  867.261661][T33118]  do_syscall_64+0xcb/0xfa0
[  867.261692][T33118]  entry_SYSCALL_64_after_hwframe+0x77/0x7f
[  867.261713][T33118] RIP: 0033:0x7f6b2d1b059d
[  867.261731][T33118] Code: 02 b8 ff ff ff ff c3 66 0f 1f 44 00 00 f3 0f 1e fa 48 89 f8 48 89 f7 48 89 d6 48 89 ca 4d 89 c2 4d 89 c8 4c 8b 4c 24 08 0f 05 <48> 3d 01 f0 ff ff 73 01 c3 48 c7 c1 a8 ff ff ff f7 d8 64 89 01 48
[  867.261748][T33118] RSP: 002b:00007f6b2e101f98 EFLAGS: 00000246 ORIG_RAX: 0000000000000010
[  867.261767][T33118] RAX: ffffffffffffffda RBX: 00007f6b2d425fa0 RCX: 00007f6b2d1b059d
[  867.261780][T33118] RDX: 0000200000000100 RSI: 00000000c01064bd RDI: 000000000000000a
[  867.261855][T33118] RBP: 00007f6b2d24e078 R08: 0000000000000000 R09: 0000000000000000
[  867.261867][T33118] R10: 0000000000000000 R11: 0000000000000246 R12: 0000000000000000
[  867.261878][T33118] R13: 00007f6b2d426038 R14: 00007f6b2d425fa0 R15: 00007f6b2e0e2000
[  867.261903][T33118]  </TASK>
[  867.261911][T33118] Mem-Info:
[  867.571203][T33118] active_anon:7226 inactive_anon:0 isolated_anon:0
[  867.571203][T33118]  active_file:3869 inactive_file:53183 isolated_file:0
[  867.571203][T33118]  unevictable:2536 dirty:2442 writeback:0
[  867.571203][T33118]  slab_reclaimable:13175 slab_unreclaimable:65016
